# -3.141593 -3.141593 0.400000
# best = 0 = LSL
LSL 6.68 0 (3.141593 0.400000 3.141592)
LSR 12.18 0 (5.888394 0.400001 5.888394)
RSL 12.18 0 (5.888395 0.399999 5.888395)
RSR 6.68 0 (3.141592 0.400000 3.141593)
RLR 18.45 0 (6.183018 6.082850 6.183018)
LRL 18.45 0 (6.183018 6.082850 6.183018)

# -3.141593 -3.141593 0.800000
# best = 0 = LSL
LSL 7.08 0 (3.141593 0.800000 3.141592)
LSR 11.84 0 (5.522172 0.800001 5.522172)
RSL 11.84 0 (5.522173 0.799999 5.522173)
RSR 7.08 0 (3.141592 0.800000 3.141593)
RLR 18.04 0 (6.081827 5.880469 6.081828)
LRL 18.04 0 (6.081828 5.880469 6.081827)

# -3.141593 -3.141593 1.200000
# best = 0 = LSL
LSL 7.48 0 (3.141593 1.200000 3.141592)
LSR 11.60 0 (5.202346 1.200001 5.202346)
RSL 11.60 0 (5.202346 1.199999 5.202346)
RSR 7.48 0 (3.141592 1.200000 3.141593)
RLR 17.63 0 (5.978492 5.673800 5.978493)
LRL 17.63 0 (5.978493 5.673800 5.978492)

# -3.141593 -3.141593 1.600000
# best = 0 = LSL
LSL 7.88 0 (3.141593 1.600000 3.141592)
LSR 11.47 0 (4.933703 1.600001 4.933703)
RSL 11.47 0 (4.933703 1.599999 4.933703)
RSR 7.88 0 (3.141592 1.600000 3.141593)
RLR 17.20 0 (5.871668 5.460152 5.871669)
LRL 17.20 0 (5.871669 5.460152 5.871668)

# -3.141593 -3.141593 2.000000
# best = 0 = LSL
LSL 8.28 0 (3.141593 2.000000 3.141592)
LSR 11.42 0 (4.712389 2.000001 4.712389)
RSL 11.42 0 (4.712389 1.999999 4.712389)
RSR 8.28 0 (3.141592 2.000000 3.141593)
RLR 16.76 0 (5.759586 5.235988 5.759587)
LRL 16.76 0 (5.759587 5.235988 5.759586)

# -3.141593 -3.141593 2.400000
# best = 0 = LSL
LSL 8.68 0 (3.141593 2.400000 3.141592)
LSR 11.46 0 (4.531069 2.400001 4.531069)
RSL 11.46 0 (4.531069 2.399999 4.531069)
RSR 8.68 0 (3.141592 2.400000 3.141593)
RLR 16.28 0 (5.639684 4.996183 5.639685)
LRL 16.28 0 (5.639685 4.996183 5.639684)

# -3.141593 -3.141593 2.800000
# best = 0 = LSL
LSL 9.08 0 (3.141593 2.800000 3.141592)
LSR 11.56 0 (4.382092 2.800001 4.382092)
RSL 11.56 0 (4.382092 2.799999 4.382092)
RSR 9.08 0 (3.141592 2.800000 3.141593)
RLR 15.75 0 (5.507787 4.732390 5.507788)
LRL 15.75 0 (5.507788 4.732390 5.507787)

# -3.141593 -3.141593 3.200000
# best = 0 = LSL
LSL 9.48 0 (3.141593 3.200000 3.141592)
LSR 11.72 0 (4.258791 3.200001 4.258791)
RSL 11.72 0 (4.258791 3.199999 4.258791)
RSR 9.48 0 (3.141592 3.200000 3.141593)
RLR 15.14 0 (5.355890 4.428595 5.355890)
LRL 15.14 0 (5.355890 4.428595 5.355890)

# -3.141593 -3.141593 3.600000
# best = 0 = LSL
LSL 9.88 0 (3.141593 3.600000 3.141592)
LSR 11.91 0 (4.155790 3.600001 4.155790)
RSL 11.91 0 (4.155789 3.599999 4.155789)
RSR 9.88 0 (3.141592 3.600000 3.141593)
RLR 14.37 0 (5.163415 4.043646 5.163416)
LRL 14.37 0 (5.163416 4.043646 5.163415)

# -3.141593 -3.141593 4.000000
# best = 0 = LSL
LSL 10.28 0 (3.141593 4.000000 3.141592)
LSR 12.14 0 (4.068888 4.000001 4.068888)
RSL 12.14 0 (4.068888 3.999999 4.068888)
RSR 10.28 0 (3.141592 4.000000 3.141593)
RLR 12.57 0 (4.712389 3.141593 4.712389)
LRL 12.57 0 (4.712389 3.141593 4.712389)

# -3.141593 -3.141593 4.400000
# best = 0 = LSL
LSL 10.68 0 (3.141593 4.400000 3.141592)
LSR 12.39 0 (3.994848 4.400001 3.994848)
RSL 12.39 0 (3.994847 4.399999 3.994847)
RSR 10.68 0 (3.141592 4.400000 3.141593)
RLR inf 1 (inf inf inf)
LRL inf 1 (inf inf inf)

# -3.141593 -3.141593 4.800000
# best = 0 = LSL
LSL 11.08 0 (3.141593 4.800000 3.141592)
LSR 12.66 0 (3.931175 4.800001 3.931175)
RSL 12.66 0 (3.931175 4.799999 3.931175)
RSR 11.08 0 (3.141592 4.800000 3.141593)
RLR inf 1 (inf inf inf)
LRL inf 1 (inf inf inf)

# -3.141593 -3.141593 5.200000
# best = 0 = LSL
LSL 11.48 0 (3.141593 5.200000 3.141592)
LSR 12.95 0 (3.875941 5.200001 3.875941)
RSL 12.95 0 (3.875940 5.199999 3.875940)
RSR 11.48 0 (3.141592 5.200000 3.141593)
RLR inf 1 (inf inf inf)
LRL inf 1 (inf inf inf)

# -3.141593 -3.141593 5.600000
# best = 0 = LSL
LSL 11.88 0 (3.141593 5.600000 3.141592)
LSR 13.26 0 (3.827641 5.600001 3.827641)
RSL 13.26 0 (3.827640 5.599999 3.827640)
RSR 11.88 0 (3.141592 5.600000 3.141593)
RLR inf 1 (inf inf inf)
LRL inf 1 (inf inf inf)

# -3.141593 -3.141593 6.000000
# best = 0 = LSL
LSL 12.28 0 (3.141593 6.000000 3.141592)
LSR 13.57 0 (3.785094 6.000001 3.785094)
RSL 13.57 0 (3.785093 5.999999 3.785093)
RSR 12.28 0 (3.141592 6.000000 3.141593)
RLR inf 1 (inf inf inf)
LRL inf 1 (inf inf inf)

# -3.141593 -3.141593 6.400000
# best = 0 = LSL
LSL 12.68 0 (3.141593 6.400000 3.141592)
LSR 13.89 0 (3.747363 6.400001 3.747363)
RSL 13.89 0 (3.747362 6.399999 3.747362)
RSR 12.68 0 (3.141592 6.400000 3.141593)
RLR inf 1 (inf inf inf)
LRL inf 1 (inf inf inf)

# -3.141593 -3.141593 6.800000
# best = 0 = LSL
LSL 13.08 0 (3.141593 6.800000 3.141592)
LSR 14.23 0 (3.713696 6.800001 3.713696)
RSL 14.23 0 (3.713695 6.799999 3.713695)
RSR 13.08 0 (3.141592 6.800000 3.141593)
RLR inf 1 (inf inf inf)
LRL inf 1 (inf inf inf)

# -3.141593 -3.141593 7.200000
# best = 0 = LSL
LSL 13.48 0 (3.141593 7.200000 3.141592)
LSR 14.57 0 (3.683487 7.200001 3.683487)
RSL 14.57 0 (3.683486 7.199999 3.683486)
RSR 13.48 0 (3.141592 7.200000 3.141593)
RLR inf 1 (inf inf inf)
LRL inf 1 (inf inf inf)

# -3.141593 -3.141593 7.600000
# best = 0 = LSL
LSL 13.88 0 (3.141593 7.600000 3.141592)
LSR 14.91 0 (3.656240 7.600001 3.656240)
RSL 14.91 0 (3.656240 7.599999 3.656240)
RSR 13.88 0 (3.141592 7.600000 3.141593)
RLR inf 1 (inf inf inf)
LRL inf 1 (inf inf inf)

# -3.141593 -3.141593 8.000000
# best = 0 = LSL
LSL 14.28 0 (3.141593 8.000000 3.141592)
LSR 15.26 0 (3.631550 8.000001 3.631550)
RSL 15.26 0 (3.631550 7.999999 3.631550)
RSR 14.28 0 (3.141592 8.000000 3.141593)
RLR inf 1 (inf inf inf)
LRL inf 1 (inf inf inf)

# -2.748894 -3.141593 0.400000
# best = 0 = LSL
LSL 5.97 0 (1.401781 0.078065 4.488705)
LSR inf 1 (inf inf inf)
RSL 12.20 0 (6.016373 0.560273 5.623674)
RSR 7.46 0 (3.437341 0.786376 3.238544)
RLR 12.17 0 (0.097865 5.887419 6.182253)
LRL 12.10 0 (4.523856 6.244150 1.327595)

# -2.748894 -3.141593 0.800000
# best = 0 = LSL
LSL 6.31 0 (2.568473 0.424202 3.322013)
LSR inf 1 (inf inf inf)
RSL 11.94 0 (5.641708 1.048833 5.249009)
RSR 7.86 0 (3.470018 1.185130 3.205867)
RLR 11.76 0 (0.027627 5.681589 6.046661)
LRL 11.75 0 (5.603816 6.070685 0.074170)

# -2.748894 -3.141593 1.200000
# best = 0 = LSL
LSL 6.71 0 (2.656027 0.820854 3.234459)
LSR 11.39 0 (5.193769 0.607718 5.586468)
RSL 11.79 0 (5.348694 1.485327 4.955995)
RSR 8.26 0 (3.486233 1.584513 3.189652)
RLR 17.61 0 (6.220529 5.468593 5.923948)
LRL 17.63 0 (5.590938 5.869822 6.169370)

# -2.748894 -3.141593 1.600000
# best = 0 = LSL
LSL 7.11 0 (2.686444 1.219694 3.204042)
LSR 11.14 0 (4.828216 1.087738 5.220915)
RSL 11.74 0 (5.114131 1.905871 4.721432)
RSR 8.66 0 (3.495918 1.984144 3.179967)
RLR 17.17 0 (6.118483 5.245130 5.802532)
LRL 17.22 0 (5.518179 5.663469 6.035777)

# -2.748894 -3.141593 2.000000
# best = 0 = LSL
LSL 7.51 0 (2.701863 1.619107 3.188623)
LSR 11.00 0 (4.540883 1.522179 4.933582)
RSL 11.78 0 (4.925193 2.319157 4.532494)
RSR 9.06 0 (3.502355 2.383899 3.173529)
RLR 16.69 0 (6.005469 5.006227 5.676643)
LRL 16.79 0 (5.426721 5.449716 5.913481)

# -2.748894 -3.141593 2.400000
# best = 0 = LSL
LSL 7.91 0 (2.711178 2.018752 3.179308)
LSR 10.96 0 (4.310731 1.941876 4.703430)
RSL 11.88 0 (4.771743 2.728486 4.379044)
RSR 9.46 0 (3.506943 2.783724 3.168941)
RLR 16.16 0 (5.878820 4.743754 5.540818)
LRL 16.34 0 (5.323751 5.225144 5.791880)

# -2.748894 -3.141593 2.800000
# best = 0 = LSL
LSL 8.31 0 (2.717415 2.418515 3.173071)
LSR 11.00 0 (4.125234 2.354726 4.517933)
RSL 12.03 0 (4.645806 3.135408 4.253107)
RSR 9.86 0 (3.510379 3.183594 3.165505)
RLR 15.56 0 (5.731481 4.442205 5.386608)
LRL 15.86 0 (5.209708 4.984586 5.665365)

# -2.748894 -3.141593 3.200000
# best = 0 = LSL
LSL 8.71 0 (2.721882 2.818345 3.168604)
LSR 11.11 0 (3.974452 2.763800 4.367151)
RSL 12.23 0 (4.541269 3.540753 4.148570)
RSR 10.26 0 (3.513048 3.583492 3.162837)
RLR 14.80 0 (5.544248 4.062401 5.194037)
LRL 15.33 0 (5.081635 4.719506 5.528357)

# -2.748894 -3.141593 3.600000
# best = 0 = LSL
LSL 9.11 0 (2.725239 3.218217 3.165247)
LSR 11.26 0 (3.850586 3.170559 4.243285)
RSL 12.46 0 (4.453504 3.945006 4.060805)
RSR 10.66 0 (3.515181 3.983411 3.160703)
RLR 13.32 0 (5.177083 3.323805 4.822606)
LRL 14.72 0 (4.931907 4.413336 5.371916)

# -2.748894 -3.141593 4.000000
# best = 0 = LSL
LSL 9.51 0 (2.727854 3.618117 3.162633)
LSR 11.46 0 (3.747666 3.575793 4.140365)
RSL 12.71 0 (4.379020 4.348473 3.986321)
RSR 11.06 0 (3.516925 4.383344 3.158960)
RLR inf 1 (inf inf inf)
LRL 13.94 0 (4.739172 4.022636 5.173950)

# -2.748894 -3.141593 4.400000
# best = 0 = LSL
LSL 9.91 0 (2.729948 4.018038 3.160538)
LSR 11.70 0 (3.661176 3.979969 4.053875)
RSL 12.99 0 (4.315165 4.751354 3.922466)
RSR 11.46 0 (3.518377 4.783289 3.157507)
RLR inf 1 (inf inf inf)
LRL inf 1 (inf inf inf)

# -2.748894 -3.141593 4.800000
# best = 0 = LSL
LSL 10.31 0 (2.731663 4.417972 3.158823)
LSR 11.95 0 (3.587706 4.383378 3.980405)
RSL 13.28 0 (4.259913 5.153786 3.867214)
RSR 11.86 0 (3.519605 5.183242 3.156279)
RLR inf 1 (inf inf inf)
LRL inf 1 (inf inf inf)

# -2.748894 -3.141593 5.200000
# best = 0 = LSL
LSL 10.71 0 (2.733094 4.817918 3.157392)
LSR 12.23 0 (3.524668 4.786216 3.917367)
RSL 13.59 0 (4.211699 5.555867 3.819000)
RSR 12.26 0 (3.520657 5.583202 3.155227)
RLR inf 1 (inf inf inf)
LRL inf 1 (inf inf inf)

# -2.748894 -3.141593 5.600000
# best = 0 = LSL
LSL 11.11 0 (2.734305 5.217872 3.156181)
LSR 12.52 0 (3.470082 5.188614 3.862781)
RSL 13.90 0 (4.169303 5.957668 3.776604)
RSR 12.66 0 (3.521569 5.983168 3.154316)
RLR inf 1 (inf inf inf)
LRL inf 1 (inf inf inf)

# -2.748894 -3.141593 6.000000
# best = 0 = LSL
LSL 11.51 0 (2.735344 5.617832 3.155142)
LSR 12.83 0 (3.422416 5.590668 3.815115)
RSL 14.23 0 (4.131761 6.359241 3.739062)
RSR 13.06 0 (3.522366 6.383137 3.153519)
RLR inf 1 (inf inf inf)
LRL inf 1 (inf inf inf)

# -2.748894 -3.141593 6.400000
# best = 0 = LSL
LSL 11.91 0 (2.736244 6.017798 3.154242)
LSR 13.15 0 (3.380475 5.992447 3.773174)
RSL 14.56 0 (4.098305 6.760628 3.705606)
RSR 13.46 0 (3.523069 6.783111 3.152815)
RLR inf 1 (inf inf inf)
LRL inf 1 (inf inf inf)

# -2.748894 -3.141593 6.800000
# best = 0 = LSL
LSL 12.31 0 (2.737033 6.417768 3.153453)
LSR 13.47 0 (3.343315 6.394003 3.736014)
RSL 14.91 0 (4.068318 7.161860 3.675619)
RSR 13.86 0 (3.523694 7.183087 3.152190)
RLR inf 1 (inf inf inf)
LRL inf 1 (inf inf inf)

# -2.748894 -3.141593 7.200000
# best = 0 = LSL
LSL 12.71 0 (2.737729 6.817742 3.152758)
LSR 13.81 0 (3.310182 6.795376 3.702881)
RSL 15.25 0 (4.041297 7.562962 3.648598)
RSR 14.26 0 (3.524253 7.583065 3.151631)
RLR inf 1 (inf inf inf)
LRL inf 1 (inf inf inf)

# -2.748894 -3.141593 7.600000
# best = 0 = LSL
LSL 13.11 0 (2.738347 7.217718 3.152139)
LSR 14.15 0 (3.280470 7.196595 3.673169)
RSL 15.60 0 (4.016831 7.963952 3.624132)
RSR 14.66 0 (3.524756 7.983046 3.151128)
RLR inf 1 (inf inf inf)
LRL inf 1 (inf inf inf)

# -2.748894 -3.141593 8.000000
# best = 0 = LSL
LSL 13.51 0 (2.738901 7.617697 3.151585)
LSR 14.50 0 (3.253685 7.597686 3.646384)
RSL 15.96 0 (3.994581 8.364848 3.601882)
RSR 15.06 0 (3.525211 8.383029 3.150673)
RLR inf 1 (inf inf inf)
LRL inf 1 (inf inf inf)

# -2.356194 -3.141593 0.400000
# best = 2 = RSL
LSL 12.21 0 (6.259499 0.424384 5.521472)
LSR inf 1 (inf inf inf)
RSL 5.92 0 (0.025180 0.374029 5.522966)
RSR 8.21 0 (3.668359 1.145196 3.400225)
RLR 12.19 0 (0.236405 5.702462 6.251456)
LRL 11.36 0 (3.011611 6.070593 2.273584)

# -2.356194 -3.141593 0.800000
# best = 0 = LSL
LSL 5.81 0 (1.092517 0.307271 4.405269)
LSR inf 1 (inf inf inf)
RSL 12.00 0 (5.846778 1.088845 5.061379)
RSR 8.60 0 (3.735042 1.535304 3.333542)
RLR 11.78 0 (0.199514 5.495313 6.081198)
LRL 11.47 0 (4.157216 6.129398 1.186783)

# -2.356194 -3.141593 1.200000
# best = 0 = LSL
LSL 6.07 0 (1.820025 0.573350 3.677761)
LSR inf 1 (inf inf inf)
RSL 11.92 0 (5.553997 1.597269 4.768598)
RSR 9.00 0 (3.774602 1.929468 3.293982)
RLR 11.34 0 (0.129655 5.276476 5.932220)
LRL 11.21 0 (4.817785 5.995520 0.392336)

# -2.356194 -3.141593 1.600000
# best = 0 = LSL
LSL 6.44 0 (2.039226 0.939704 3.458560)
LSR inf 1 (inf inf inf)
RSL 11.94 0 (5.335031 2.058386 4.549632)
RSR 9.39 0 (3.800714 2.325625 3.267870)
RLR 10.87 0 (0.038665 5.042273 5.789007)
LRL 10.83 0 (4.943676 5.808900 0.079825)

# -2.356194 -3.141593 2.000000
# best = 0 = LSL
LSL 6.82 0 (2.133413 1.325654 3.364373)
LSR 10.52 0 (4.484103 0.765366 5.269502)
RSL 12.04 0 (5.164637 2.498527 4.379238)
RSR 9.79 0 (3.819216 2.722906 3.249368)
RLR 16.64 0 (6.212055 4.785677 5.642207)
LRL 16.71 0 (4.937204 5.607583 6.168165)

# -2.356194 -3.141593 2.400000
# best = 0 = LSL
LSL 7.22 0 (2.184876 1.718043 3.312910)
LSR 10.38 0 (4.128265 1.334204 4.913664)
RSL 12.20 0 (5.028787 2.927170 4.243388)
RSR 10.19 0 (3.833003 3.120882 3.235581)
RLR 16.05 0 (6.079578 4.493149 5.482155)
LRL 16.29 0 (4.882518 5.395283 6.010552)

# -2.356194 -3.141593 2.800000
# best = 0 = LSL
LSL 7.61 0 (2.217150 2.113288 3.280636)
LSR 10.35 0 (3.874255 1.815052 4.659654)
RSL 12.40 0 (4.918376 3.348733 4.132977)
RSR 10.59 0 (3.843670 3.519317 3.224914)
RLR 15.33 0 (5.909760 4.132180 5.291004)
LRL 15.84 0 (4.802120 5.169939 5.865606)

# -2.356194 -3.141593 3.200000
# best = 0 = LSL
LSL 8.01 0 (2.239239 2.510040 3.258548)
LSR 10.41 0 (3.680055 2.264670 4.465454)
RSL 12.63 0 (4.827154 3.765594 4.041755)
RSR 10.99 0 (3.852167 3.918070 3.216417)
RLR 14.16 0 (5.625708 3.547082 4.989958)
LRL 15.35 0 (4.702480 4.926483 5.721789)

# -2.356194 -3.141593 3.600000
# best = 0 = LSL
LSL 8.41 0 (2.255292 2.907682 3.242494)
LSR 10.54 0 (3.527082 2.698711 4.312481)
RSL 12.90 0 (4.750697 4.179160 3.965298)
RSR 11.39 0 (3.859093 4.317055 3.209491)
RLR inf 1 (inf inf inf)
LRL 14.81 0 (4.583058 4.655532 5.570260)

# -2.356194 -3.141593 4.000000
# best = 0 = LSL
LSL 8.80 0 (2.267480 3.305893 3.230306)
LSR 10.72 0 (3.403975 3.123677 4.189374)
RSL 13.18 0 (4.685803 4.590323 3.900404)
RSR 11.78 0 (3.864848 4.716211 3.203737)
RLR inf 1 (inf inf inf)
LRL 14.17 0 (4.436259 4.337557 5.399085)

# -2.356194 -3.141593 4.400000
# best = 0 = LSL
LSL 9.20 0 (2.277047 3.704489 3.220739)
LSR 10.93 0 (3.303126 3.542834 4.088525)
RSL 13.47 0 (4.630105 4.999675 3.844706)
RSR 12.18 0 (3.869704 5.115499 3.198880)
RLR inf 1 (inf inf inf)
LRL 13.33 0 (4.234639 3.915185 5.178332)

# -2.356194 -3.141593 4.800000
# best = 0 = LSL
LSL 9.60 0 (2.284754 4.103359 3.213032)
LSR 11.18 0 (3.219226 3.958028 4.004625)
RSL 13.79 0 (4.581827 5.407628 3.796428)
RSR 12.58 0 (3.873857 5.514891 3.194728)
RLR inf 1 (inf inf inf)
LRL inf 1 (inf inf inf)

# -2.356194 -3.141593 5.200000
# best = 0 = LSL
LSL 10.00 0 (2.291096 4.502429 3.206691)
LSR 11.45 0 (3.148480 4.370389 3.933879)
RSL 14.11 0 (4.539611 5.814475 3.754212)
RSR 12.98 0 (3.877449 5.914364 3.191136)
RLR inf 1 (inf inf inf)
LRL inf 1 (inf inf inf)

# -2.356194 -3.141593 5.600000
# best = 0 = LSL
LSL 10.40 0 (2.296404 4.901651 3.201382)
LSR 11.74 0 (3.088111 4.780650 3.873510)
RSL 14.44 0 (4.502404 6.220435 3.717005)
RSR 13.38 0 (3.880586 6.313905 3.187998)
RLR inf 1 (inf inf inf)
LRL inf 1 (inf inf inf)

# -2.356194 -3.141593 6.000000
# best = 0 = LSL
LSL 10.80 0 (2.300913 5.300990 3.196873)
LSR 12.05 0 (3.036052 5.189309 3.821451)
RSL 14.78 0 (4.469380 6.625669 3.683981)
RSR 13.78 0 (3.883350 6.713500 3.185234)
RLR inf 1 (inf inf inf)
LRL inf 1 (inf inf inf)

# -2.356194 -3.141593 6.400000
# best = 0 = LSL
LSL 11.20 0 (2.304790 5.700422 3.192996)
LSR 12.36 0 (2.990738 5.596717 3.776137)
RSL 15.12 0 (4.439883 7.030304 3.654484)
RSR 14.18 0 (3.885803 7.113140 3.182781)
RLR inf 1 (inf inf inf)
LRL inf 1 (inf inf inf)

# -2.356194 -3.141593 6.800000
# best = 0 = LSL
LSL 11.60 0 (2.308160 6.099928 3.189627)
LSR 12.69 0 (2.950964 6.003129 3.736363)
RSL 15.48 0 (4.413384 7.434438 3.627985)
RSR 14.58 0 (3.887996 7.512819 3.180589)
RLR inf 1 (inf inf inf)
LRL inf 1 (inf inf inf)

# -2.356194 -3.141593 7.200000
# best = 0 = LSL
LSL 12.00 0 (2.311115 6.499495 3.186672)
LSR 13.03 0 (2.915791 6.408734 3.701190)
RSL 15.83 0 (4.389454 7.838147 3.604055)
RSR 14.98 0 (3.889966 7.912530 3.178618)
RLR inf 1 (inf inf inf)
LRL inf 1 (inf inf inf)

# -2.356194 -3.141593 7.600000
# best = 0 = LSL
LSL 12.40 0 (2.313727 6.899113 3.184059)
LSR 13.37 0 (2.884479 6.813677 3.669878)
RSL 16.19 0 (4.367741 8.241495 3.582342)
RSR 15.38 0 (3.891748 8.312269 3.176837)
RLR inf 1 (inf inf inf)
LRL inf 1 (inf inf inf)

# -2.356194 -3.141593 8.000000
# best = 0 = LSL
LSL 12.80 0 (2.316054 7.298772 3.181732)
LSR 13.72 0 (2.856433 7.218068 3.641832)
RSL 16.56 0 (4.347954 8.644531 3.562555)
RSR 15.78 0 (3.893366 8.712032 3.175219)
RLR inf 1 (inf inf inf)
LRL inf 1 (inf inf inf)

# -1.963495 -3.141593 0.400000
# best = 4 = RLR
LSL 12.20 0 (5.972180 0.809648 5.416093)
LSR inf 1 (inf inf inf)
RSL inf 1 (inf inf inf)
RSR 8.92 0 (3.883369 1.460732 3.577914)
RLR 5.97 0 (0.367947 5.535526 0.062492)
LRL 10.57 0 (2.626767 5.875545 2.070680)

# -1.963495 -3.141593 0.800000
# best = 0 = LSL
LSL 5.73 0 (0.194654 0.629624 4.910433)
LSR inf 1 (inf inf inf)
RSL 12.02 0 (6.127138 0.939985 4.949040)
RSR 9.29 0 (3.975820 1.831077 3.485463)
RLR 11.84 0 (0.358743 5.332216 6.151571)
LRL 10.76 0 (3.178184 5.967059 1.610777)

# -1.963495 -3.141593 1.200000
# best = 0 = LSL
LSL 5.78 0 (0.813297 0.676256 4.291790)
LSR inf 1 (inf inf inf)
RSL 11.99 0 (5.806241 1.556495 4.628143)
RSR 9.67 0 (4.036829 2.211775 3.424455)
RLR 11.40 0 (0.309343 5.111399 5.980154)
LRL 10.71 0 (3.785010 5.943425 0.980318)

# -1.963495 -3.141593 1.600000
# best = 0 = LSL
LSL 6.02 0 (1.223528 0.915543 3.881559)
LSR inf 1 (inf inf inf)
RSL 12.07 0 (5.589257 2.069246 4.411159)
RSR 10.06 0 (4.079809 2.598278 3.381474)
RLR 10.92 0 (0.231199 4.869149 5.816048)
LRL 10.46 0 (4.134188 5.821320 0.509034)

# -1.963495 -3.141593 2.000000
# best = 0 = LSL
LSL 6.35 0 (1.442675 1.240610 3.662412)
LSR inf 1 (inf inf inf)
RSL 12.22 0 (5.428081 2.541827 4.249983)
RSR 10.45 0 (4.111617 2.988336 3.349667)
RLR 10.37 0 (0.126359 4.595856 5.647595)
LRL 10.13 0 (4.268914 5.652478 0.205466)

# -1.963495 -3.141593 2.400000
# best = 0 = LSL
LSL 6.71 0 (1.567396 1.600003 3.537691)
LSR 9.75 0 (4.137521 0.301238 5.315619)
RSL 12.42 0 (5.302932 2.993324 4.124834)
RSR 10.84 0 (4.136061 3.380719 3.325223)
RLR 16.00 0 (6.270752 4.269383 5.459914)
LRL 16.03 0 (4.297471 5.460150 6.267766)

# -1.963495 -3.141593 2.800000
# best = 0 = LSL
LSL 7.08 0 (1.645614 1.975071 3.459473)
LSR 9.64 0 (3.630278 1.196512 4.808376)
RSL 12.66 0 (5.202846 3.432068 4.024748)
RSR 11.24 0 (4.155412 3.774700 3.305872)
RLR 15.09 0 (6.063437 3.816051 5.213897)
LRL 15.61 0 (4.270790 5.250351 6.084649)

# -1.963495 -3.141593 3.200000
# best = 0 = LSL
LSL 7.46 0 (1.698651 2.358347 3.406436)
LSR 9.65 0 (3.358939 1.758561 4.537037)
RSL 12.93 0 (5.120993 3.862408 3.942895)
RSR 11.63 0 (4.171100 4.169828 3.290183)
RLR inf 1 (inf inf inf)
LRL 15.15 0 (4.209697 5.022091 5.917481)

# -1.963495 -3.141593 3.600000
# best = 0 = LSL
LSL 7.85 0 (1.736785 2.746397 3.368303)
LSR 9.76 0 (3.166500 2.252429 4.344598)
RSL 13.21 0 (5.052838 4.286875 3.874740)
RSR 12.03 0 (4.184071 4.565805 3.277213)
RLR inf 1 (inf inf inf)
LRL 14.64 0 (4.121576 4.769583 5.753094)

# -1.963495 -3.141593 4.000000
# best = 0 = LSL
LSL 8.24 0 (1.765445 3.137450 3.339642)
LSR 9.94 0 (3.020725 2.715572 4.198823)
RSL 13.52 0 (4.995232 4.707059 3.817134)
RSR 12.42 0 (4.194969 4.962426 3.266314)
RLR inf 1 (inf inf inf)
LRL 14.06 0 (4.005370 4.479850 5.579567)

# -1.963495 -3.141593 4.400000
# best = 0 = LSL
LSL 8.64 0 (1.787739 3.530508 3.317348)
LSR 10.15 0 (2.906125 3.161523 4.084223)
RSL 13.84 0 (4.945923 5.124012 3.767825)
RSR 12.82 0 (4.204253 5.359550 3.257030)
RLR inf 1 (inf inf inf)
LRL 13.35 0 (3.847910 4.120341 5.377519)

# -1.963495 -3.141593 4.800000
# best = 0 = LSL
LSL 9.03 0 (1.805560 3.924970 3.299527)
LSR 10.40 0 (2.813632 3.596682 3.991730)
RSL 14.17 0 (4.903252 5.538466 3.725154)
RSR 13.22 0 (4.212256 5.757072 3.249027)
RLR inf 1 (inf inf inf)
LRL 12.16 0 (3.570349 3.529578 5.064316)

# -1.963495 -3.141593 5.200000
# best = 0 = LSL
LSL 9.43 0 (1.820122 4.320449 3.284966)
LSR 10.68 0 (2.737438 4.024552 3.915536)
RSL 14.50 0 (4.865974 5.950942 3.687876)
RSR 13.62 0 (4.219225 6.154916 3.242058)
RLR inf 1 (inf inf inf)
LRL inf 1 (inf inf inf)

# -1.963495 -3.141593 5.600000
# best = 0 = LSL
LSL 9.82 0 (1.832239 4.716691 3.272848)
LSR 10.97 0 (2.673612 4.447237 3.851710)
RSL 14.85 0 (4.833134 6.361825 3.655036)
RSR 14.01 0 (4.225347 6.553022 3.235936)
RLR inf 1 (inf inf inf)
LRL inf 1 (inf inf inf)

# -1.963495 -3.141593 6.000000
# best = 0 = LSL
LSL 10.22 0 (1.842477 5.113519 3.262610)
LSR 11.28 0 (2.619392 4.866088 3.797490)
RSL 15.20 0 (4.803989 6.771404 3.625891)
RSR 14.41 0 (4.230768 6.951345 3.230516)
RLR inf 1 (inf inf inf)
LRL inf 1 (inf inf inf)

# -1.963495 -3.141593 6.400000
# best = 0 = LSL
LSL 10.62 0 (1.851240 5.510805 3.253847)
LSR 11.61 0 (2.572780 5.282018 3.750878)
RSL 15.56 0 (4.777954 7.179904 3.599856)
RSR 14.81 0 (4.235601 7.349850 3.225682)
RLR inf 1 (inf inf inf)
LRL inf 1 (inf inf inf)

# -1.963495 -3.141593 6.800000
# best = 0 = LSL
LSL 11.01 0 (1.858824 5.908457 3.246264)
LSR 11.94 0 (2.532290 5.695666 3.710388)
RSL 15.92 0 (4.754557 7.587498 3.576459)
RSR 15.21 0 (4.239937 7.748510 3.221347)
RLR inf 1 (inf inf inf)
LRL inf 1 (inf inf inf)

# -1.963495 -3.141593 7.200000
# best = 0 = LSL
LSL 11.41 0 (1.865451 6.306406 3.239637)
LSR 12.28 0 (2.496801 6.107496 3.674899)
RSL 16.28 0 (4.733420 7.994325 3.555322)
RSR 15.61 0 (4.243848 8.147301 3.217435)
RLR inf 1 (inf inf inf)
LRL inf 1 (inf inf inf)

# -1.963495 -3.141593 7.600000
# best = 0 = LSL
LSL 11.81 0 (1.871291 6.704600 3.233797)
LSR 12.63 0 (2.465445 6.517852 3.643543)
RSL 16.65 0 (4.714232 8.400496 3.536134)
RSR 16.01 0 (4.247394 8.546204 3.213889)
RLR inf 1 (inf inf inf)
LRL inf 1 (inf inf inf)

# -1.963495 -3.141593 8.000000
# best = 0 = LSL
LSL 12.21 0 (1.876476 7.102996 3.228611)
LSR 12.98 0 (2.437546 6.926998 3.615644)
RSL 17.02 0 (4.696737 8.806102 3.518639)
RSR 16.41 0 (4.250624 8.945206 3.210659)
RLR inf 1 (inf inf inf)
LRL inf 1 (inf inf inf)

# -1.570796 -3.141593 0.400000
# best = 4 = RLR
LSL 12.16 0 (5.742765 1.166191 5.252808)
LSR inf 1 (inf inf inf)
RSL inf 1 (inf inf inf)
RSR 9.57 0 (4.092140 1.720466 3.761843)
RLR 6.08 0 (0.505925 5.393942 0.175628)
LRL 9.81 0 (2.305328 5.691496 1.815371)

# -1.570796 -3.141593 0.800000
# best = 2 = RSL
LSL 12.02 0 (6.085789 1.019804 4.909784)
LSR inf 1 (inf inf inf)
RSL 5.74 0 (0.266881 0.489896 4.979269)
RSR 9.91 0 (4.205291 2.059126 3.648692)
RLR 11.97 0 (0.522945 5.201679 6.249531)
LRL 9.96 0 (2.686399 5.767591 1.510395)

# -1.570796 -3.141593 1.200000
# best = 0 = LSL
LSL 5.73 0 (0.197395 1.019804 4.514993)
LSR inf 1 (inf inf inf)
RSL 12.01 0 (6.113846 1.356465 4.543049)
RSR 10.27 0 (4.285762 2.416610 3.568221)
RLR 11.54 0 (0.495467 4.985782 6.061111)
LRL 9.96 0 (3.081190 5.767591 1.115604)

# -1.570796 -3.141593 1.600000
# best = 0 = LSL
LSL 5.88 0 (0.540419 1.166190 4.171970)
LSR inf 1 (inf inf inf)
RSL 12.13 0 (5.880428 1.939071 4.309631)
RSR 10.64 0 (4.345215 2.785678 3.508767)
RLR 11.06 0 (0.433227 4.742393 5.879963)
LRL 9.81 0 (3.386167 5.691497 0.734533)

# -1.570796 -3.141593 2.000000
# best = 0 = LSL
LSL 6.13 0 (0.785398 1.414214 3.926991)
LSR inf 1 (inf inf inf)
RSL 12.32 0 (5.718859 2.449489 4.148062)
RSR 11.02 0 (4.390639 3.162278 3.463344)
RLR 10.49 0 (0.337308 4.459708 5.693198)
LRL 9.55 0 (3.565623 5.560451 0.424031)

# -1.570796 -3.141593 2.400000
# best = 0 = LSL
LSL 6.43 0 (0.950546 1.720465 3.761842)
LSR inf 1 (inf inf inf)
RSL 12.55 0 (5.598065 2.925747 4.027268)
RSR 11.40 0 (4.426338 3.544009 3.427645)
RLR 9.78 0 (0.196094 4.105883 5.480586)
LRL 9.22 0 (3.647517 5.393942 0.175628)

# -1.570796 -3.141593 2.800000
# best = 0 = LSL
LSL 6.77 0 (1.063697 2.059126 3.648691)
LSR 8.88 0 (3.408471 0.489899 4.979268)
RSL 12.82 0 (5.503720 3.382306 3.932923)
RSR 11.78 0 (4.455066 3.929377 3.398917)
RLR 14.89 0 (6.214053 3.517975 5.157904)
LRL 15.12 0 (3.664537 5.201680 6.249531)

# -1.570796 -3.141593 3.200000
# best = 0 = LSL
LSL 7.13 0 (1.144168 2.416609 3.568220)
LSR 8.87 0 (2.972252 1.356466 4.543049)
RSL 13.11 0 (5.427781 3.826225 3.856984)
RSR 12.17 0 (4.478646 4.317407 3.375336)
RLR inf 1 (inf inf inf)
LRL 14.68 0 (3.637059 4.985782 6.061111)

# -1.570796 -3.141593 3.600000
# best = 0 = LSL
LSL 7.50 0 (1.203622 2.785677 3.508766)
LSR 8.99 0 (2.738834 1.939072 4.309631)
RSL 13.42 0 (5.365256 4.261455 3.794459)
RSR 12.56 0 (4.498329 4.707441 3.355654)
RLR inf 1 (inf inf inf)
LRL 14.20 0 (3.574819 4.742394 5.879963)

# -1.570796 -3.141593 4.000000
# best = 0 = LSL
LSL 7.87 0 (1.249045 3.162277 3.463343)
LSR 9.17 0 (2.577266 2.449490 4.148063)
RSL 13.75 0 (5.312842 4.690415 3.742045)
RSR 12.95 0 (4.514994 5.099020 3.338989)
RLR inf 1 (inf inf inf)
LRL 13.63 0 (3.478900 4.459709 5.693197)

# -1.570796 -3.141593 4.400000
# best = 0 = LSL
LSL 8.26 0 (1.284744 3.544009 3.427644)
LSR 9.41 0 (2.456472 2.925748 4.027269)
RSL 14.08 0 (5.268251 5.114684 3.697454)
RSR 13.35 0 (4.529278 5.491812 3.324704)
RLR inf 1 (inf inf inf)
LRL 12.92 0 (3.337686 4.105883 5.480586)

# -1.570796 -3.141593 4.800000
# best = 0 = LSL
LSL 8.64 0 (1.313472 3.929376 3.398916)
LSR 9.68 0 (2.362127 3.382307 3.932924)
RSL 14.42 0 (5.229843 5.535341 3.659046)
RSR 13.74 0 (4.541654 5.885576 3.312328)
RLR inf 1 (inf inf inf)
LRL 11.75 0 (3.072461 3.517977 5.157905)

# -1.570796 -3.141593 5.200000
# best = 0 = LSL
LSL 9.03 0 (1.337053 4.317406 3.375336)
LSR 9.97 0 (2.286188 3.826226 3.856985)
RSL 14.78 0 (5.196412 5.953150 3.625615)
RSR 14.13 0 (4.552476 6.280128 3.301506)
RLR inf 1 (inf inf inf)
LRL inf 1 (inf inf inf)

# -1.570796 -3.141593 5.600000
# best = 0 = LSL
LSL 9.42 0 (1.356735 4.707441 3.355653)
LSR 10.28 0 (2.223663 4.261455 3.794460)
RSL 15.13 0 (5.167045 6.368673 3.596248)
RSR 14.53 0 (4.562018 6.675328 3.291964)
RLR inf 1 (inf inf inf)
LRL inf 1 (inf inf inf)

# -1.570796 -3.141593 6.000000
# best = 0 = LSL
LSL 9.81 0 (1.373400 5.099019 3.338988)
LSR 10.60 0 (2.171249 4.690416 3.742046)
RSL 15.49 0 (5.141043 6.782330 3.570246)
RSR 14.93 0 (4.570492 7.071068 3.283490)
RLR inf 1 (inf inf inf)
LRL inf 1 (inf inf inf)

# -1.570796 -3.141593 6.400000
# best = 0 = LSL
LSL 10.20 0 (1.387685 5.491812 3.324703)
LSR 10.94 0 (2.126657 5.114685 3.697454)
RSL 15.86 0 (5.117857 7.194442 3.547060)
RSR 15.32 0 (4.578068 7.467262 3.275914)
RLR inf 1 (inf inf inf)
LRL inf 1 (inf inf inf)

# -1.570796 -3.141593 6.800000
# best = 0 = LSL
LSL 10.60 0 (1.400061 5.885575 3.312328)
LSR 11.28 0 (2.088250 5.535341 3.659047)
RSL 16.23 0 (5.097052 7.605261 3.526255)
RSR 15.72 0 (4.584880 7.863842 3.269103)
RLR inf 1 (inf inf inf)
LRL inf 1 (inf inf inf)

# -1.570796 -3.141593 7.200000
# best = 0 = LSL
LSL 10.99 0 (1.410883 6.280127 3.301505)
LSR 11.63 0 (2.054819 5.953151 3.625616)
RSL 16.60 0 (5.078280 8.014986 3.507483)
RSR 16.11 0 (4.591037 8.260751 3.262945)
RLR inf 1 (inf inf inf)
LRL inf 1 (inf inf inf)

# -1.570796 -3.141593 7.600000
# best = 0 = LSL
LSL 11.39 0 (1.420425 6.675327 3.291964)
LSR 11.99 0 (2.025452 6.368674 3.596249)
RSL 16.98 0 (5.061256 8.423775 3.490459)
RSR 16.51 0 (4.596630 8.657945 3.257352)
RLR inf 1 (inf inf inf)
LRL inf 1 (inf inf inf)

# -1.570796 -3.141593 8.000000
# best = 0 = LSL
LSL 11.78 0 (1.428899 7.071068 3.283489)
LSR 12.35 0 (1.999450 6.782330 3.570247)
RSL 17.35 0 (5.045746 8.831760 3.474949)
RSR 16.91 0 (4.601732 9.055386 3.252250)
RLR inf 1 (inf inf inf)
LRL inf 1 (inf inf inf)

# -1.178097 -3.141593 0.400000
# best = 4 = RLR
LSL 12.08 0 (5.528313 1.478602 5.074562)
LSR inf 1 (inf inf inf)
RSL inf 1 (inf inf inf)
RSR 10.16 0 (4.297967 1.914281 3.948714)
RLR 6.25 0 (0.657349 5.285134 0.308096)
LRL 9.09 0 (2.008087 5.525920 1.554337)

# -1.178097 -3.141593 0.800000
# best = 4 = RLR
LSL 11.99 0 (5.801131 1.388222 4.801744)
LSR inf 1 (inf inf inf)
RSL inf 1 (inf inf inf)
RSR 10.46 0 (4.429082 2.209881 3.817599)
RLR 5.91 0 (0.702165 5.112535 0.090681)
LRL 9.19 0 (2.305109 5.574326 1.305722)

# -1.178097 -3.141593 1.200000
# best = 2 = RSL
LSL 12.01 0 (6.087592 1.409985 4.515283)
LSR inf 1 (inf inf inf)
RSL 5.73 0 (0.234389 0.944427 4.554078)
RSR 10.78 0 (4.527998 2.534301 3.718683)
RLR 11.79 0 (0.700240 4.910854 6.174111)
LRL 9.16 0 (2.585762 5.562711 1.013453)

# -1.178097 -3.141593 1.600000
# best = 0 = LSL
LSL 5.86 0 (0.062103 1.539140 4.257587)
LSR inf 1 (inf inf inf)
RSL 12.14 0 (6.223404 1.658627 4.259908)
RSR 11.12 0 (4.603905 2.877809 3.642777)
RLR 11.32 0 (0.659299 4.677159 5.981356)
LRL 9.02 0 (2.808720 5.493235 0.721019)

# -1.178097 -3.141593 2.000000
# best = 0 = LSL
LSL 6.07 0 (0.268659 1.752098 4.051030)
LSR inf 1 (inf inf inf)
RSL 12.35 0 (6.046386 2.220394 4.082890)
RSR 11.48 0 (4.663360 3.234329 3.583321)
RLR 10.76 0 (0.580029 4.399708 5.783175)
LRL 8.79 0 (2.956852 5.376385 0.456038)

# -1.178097 -3.141593 2.400000
# best = 0 = LSL
LSL 6.34 0 (0.425371 2.022559 3.894318)
LSR inf 1 (inf inf inf)
RSL 12.61 0 (5.921748 2.725665 3.958252)
RSR 11.85 0 (4.710878 3.599999 3.535803)
RLR 10.05 0 (0.449517 4.043648 5.557627)
LRL 8.48 0 (3.036840 5.222939 0.222602)

# -1.178097 -3.141593 2.800000
# best = 0 = LSL
LSL 6.65 0 (0.542974 2.330588 3.776716)
LSR inf 1 (inf inf inf)
RSL 12.89 0 (5.827783 3.201305 3.864287)
RSR 12.22 0 (4.749564 3.972291 3.497118)
RLR 8.72 0 (0.154948 3.377140 5.185687)
LRL 8.11 0 (3.062585 5.039222 0.013141)

# -1.178097 -3.141593 3.200000
# best = 0 = LSL
LSL 6.98 0 (0.632200 2.663182 3.687489)
LSR 8.12 0 (2.455237 1.249722 4.418733)
RSL 13.20 0 (5.753918 3.658888 3.790422)
RSR 12.60 0 (4.781580 4.349506 3.465101)
RLR inf 1 (inf inf inf)
LRL 13.97 0 (3.045233 4.826066 6.100522)

# -1.178097 -3.141593 3.600000
# best = 0 = LSL
LSL 7.33 0 (0.701199 3.012214 3.618491)
LSR 8.29 0 (2.220538 1.882207 4.184034)
RSL 13.53 0 (5.694124 4.104456 3.730628)
RSR 12.98 0 (4.808464 4.730465 3.438217)
RLR inf 1 (inf inf inf)
LRL 13.48 0 (2.990101 4.577804 5.907392)

# -1.178097 -3.141593 4.000000
# best = 0 = LSL
LSL 7.69 0 (0.755668 3.372585 3.564022)
LSR 8.52 0 (2.067344 2.417354 4.030840)
RSL 13.87 0 (5.644633 4.541549 3.681137)
RSR 13.36 0 (4.831327 5.114333 3.415354)
RLR inf 1 (inf inf inf)
LRL 12.87 0 (2.894152 4.276969 5.702506)

# -1.178097 -3.141593 4.400000
# best = 0 = LSL
LSL 8.06 0 (0.799518 3.741019 3.520172)
LSR 8.79 0 (1.956093 2.909381 3.919589)
RSL 14.21 0 (5.602944 4.972401 3.639448)
RSR 13.75 0 (4.850989 5.500501 3.395693)
RLR inf 1 (inf inf inf)
LRL 12.05 0 (2.732132 3.865229 5.452786)

# -1.178097 -3.141593 4.800000
# best = 0 = LSL
LSL 8.44 0 (0.835449 4.115352 3.484240)
LSR 9.08 0 (1.870703 3.377187 3.834199)
RSL 14.57 0 (5.567318 5.398506 3.603822)
RSR 14.14 0 (4.868065 5.888515 3.378616)
RLR inf 1 (inf inf inf)
LRL inf 1 (inf inf inf)

# -1.178097 -3.141593 5.200000
# best = 0 = LSL
LSL 8.81 0 (0.865358 4.494109 3.454331)
LSR 9.40 0 (1.802751 3.829659 3.766247)
RSL 14.93 0 (5.536506 5.820908 3.573010)
RSR 14.52 0 (4.883026 6.278035 3.363655)
RLR inf 1 (inf inf inf)
LRL inf 1 (inf inf inf)

# -1.178097 -3.141593 5.600000
# best = 0 = LSL
LSL 9.20 0 (0.890599 4.876260 3.429091)
LSR 9.73 0 (1.747239 4.271673 3.710735)
RSL 15.30 0 (5.509583 6.240359 3.546087)
RSR 14.92 0 (4.896237 6.668795 3.350444)
RLR inf 1 (inf inf inf)
LRL inf 1 (inf inf inf)

# -1.178097 -3.141593 6.000000
# best = 0 = LSL
LSL 9.58 0 (0.912159 5.261066 3.407530)
LSR 10.07 0 (1.700963 4.706175 3.664459)
RSL 15.67 0 (5.485850 6.657416 3.522354)
RSR 15.31 0 (4.907983 7.060590 3.338698)
RLR inf 1 (inf inf inf)
LRL inf 1 (inf inf inf)

# -1.178097 -3.141593 6.400000
# best = 0 = LSL
LSL 9.97 0 (0.930773 5.647983 3.388916)
LSR 10.42 0 (1.661755 5.135073 3.625251)
RSL 16.04 0 (5.464767 7.072502 3.501271)
RSR 15.70 0 (4.918493 7.453256 3.328188)
RLR inf 1 (inf inf inf)
LRL inf 1 (inf inf inf)

# -1.178097 -3.141593 6.800000
# best = 0 = LSL
LSL 10.36 0 (0.946996 6.036605 3.372694)
LSR 10.78 0 (1.628088 5.559665 3.591584)
RSL 16.41 0 (5.445912 7.485946 3.482416)
RSR 16.09 0 (4.927950 7.846664 3.318731)
RLR inf 1 (inf inf inf)
LRL inf 1 (inf inf inf)

# -1.178097 -3.141593 7.200000
# best = 0 = LSL
LSL 10.75 0 (0.961252 6.426624 3.358437)
LSR 11.14 0 (1.598851 5.980867 3.562347)
RSL 16.79 0 (5.428945 7.898006 3.465449)
RSR 16.49 0 (4.936504 8.240706 3.310177)
RLR inf 1 (inf inf inf)
LRL inf 1 (inf inf inf)

# -1.178097 -3.141593 7.600000
# best = 0 = LSL
LSL 11.14 0 (0.973875 6.817800 3.345814)
LSR 11.51 0 (1.573215 6.399349 3.536711)
RSL 17.17 0 (5.413597 8.308886 3.450101)
RSR 16.88 0 (4.944276 8.635296 3.302405)
RLR inf 1 (inf inf inf)
LRL inf 1 (inf inf inf)

# -1.178097 -3.141593 8.000000
# best = 0 = LSL
LSL 11.53 0 (0.985127 7.209944 3.334562)
LSR 11.88 0 (1.550547 6.815612 3.514043)
RSL 17.55 0 (5.399644 8.718756 3.436148)
RSR 17.28 0 (4.951369 9.030362 3.295313)
RLR inf 1 (inf inf inf)
LRL inf 1 (inf inf inf)

# -0.785398 -3.141593 0.400000
# best = 4 = RLR
LSL 11.94 0 (5.319792 1.734511 4.890384)
LSR inf 1 (inf inf inf)
RSL inf 1 (inf inf inf)
RSR 10.67 0 (4.502331 2.034674 4.137049)
RLR 6.50 0 (0.827101 5.215910 0.461819)
LRL 8.42 0 (1.729684 5.386156 1.300276)

# -0.785398 -3.141593 0.800000
# best = 4 = RLR
LSL 11.92 0 (5.552149 1.709632 4.658027)
LSR inf 1 (inf inf inf)
RSL inf 1 (inf inf inf)
RSR 10.92 0 (4.650246 2.277188 3.989135)
RLR 6.22 0 (0.903003 5.071884 0.241891)
LRL 8.44 0 (1.968932 5.399938 1.074810)

# -0.785398 -3.141593 1.200000
# best = 4 = RLR
LSL 11.99 0 (5.778873 1.776839 4.431303)
LSR inf 1 (inf inf inf)
RSL inf 1 (inf inf inf)
RSR 11.20 0 (4.767670 2.559545 3.871710)
RLR 5.86 0 (0.931727 4.894485 0.035768)
LRL 8.37 0 (2.176988 5.362601 0.829418)

# -0.785398 -3.141593 1.600000
# best = 2 = RSL
LSL 12.14 0 (5.979700 1.926518 4.230476)
LSR inf 1 (inf inf inf)
RSL 5.87 0 (0.376118 1.186813 4.303108)
RSR 11.51 0 (4.860760 2.870010 3.778621)
RLR 11.72 0 (0.918957 4.682765 6.120003)
LRL 8.20 0 (2.335594 5.278159 0.586370)

# -0.785398 -3.141593 2.000000
# best = 2 = RSL
LSL 12.35 0 (6.145981 2.141445 4.064194)
LSR inf 1 (inf inf inf)
RSL 6.07 0 (0.147321 1.847758 4.074311)
RSR 11.84 0 (4.935170 3.200413 3.704211)
RLR 11.21 0 (0.866110 4.428251 5.918336)
LRL 7.95 0 (2.439453 5.153315 0.357666)

# -0.785398 -3.141593 2.400000
# best = 2 = RSL
LSL 12.61 0 (6.279005 2.404184 3.931171)
LSR inf 1 (inf inf inf)
RSL 6.33 0 (0.004188 2.395808 3.931178)
RSR 12.18 0 (4.995389 3.545184 3.643991)
RLR 10.57 0 (0.764512 4.104616 5.696299)
LRL 7.63 0 (2.492603 4.993567 0.144769)

# -0.785398 -3.141593 2.800000
# best = 0 = LSL
LSL 6.63 0 (0.101176 2.700817 3.825814)
LSR 7.37 0 (2.166319 0.682635 4.522514)
RSL 12.91 0 (6.185537 2.895787 3.829342)
RSR 12.54 0 (5.044791 3.900515 3.594590)
RLR 9.53 0 (0.555897 3.588584 5.388882)
LRL 13.53 0 (2.501527 4.800702 6.226165)

# -0.785398 -3.141593 3.200000
# best = 0 = LSL
LSL 6.95 0 (0.184954 3.021379 3.742037)
LSR 7.52 0 (1.824333 1.516676 4.180528)
RSL 13.23 0 (6.108326 3.369164 3.752131)
RSR 12.90 0 (5.085861 4.263766 3.553519)
RLR inf 1 (inf inf inf)
LRL 13.07 0 (2.470366 4.570825 6.027449)

# -0.785398 -3.141593 3.600000
# best = 0 = LSL
LSL 7.29 0 (0.252287 3.359024 3.674703)
LSR 7.76 0 (1.644799 2.110597 4.000994)
RSL 13.56 0 (6.047377 3.825827 3.691182)
RSR 13.27 0 (5.120434 4.633075 3.518946)
RLR inf 1 (inf inf inf)
LRL 12.51 0 (2.397046 4.289518 5.819462)

# -0.785398 -3.141593 4.000000
# best = 0 = LSL
LSL 7.64 0 (0.307122 3.709091 3.619868)
LSR 8.04 0 (1.523852 2.632287 3.880047)
RSL 13.91 0 (5.997865 4.271140 3.641670)
RSR 13.65 0 (5.149874 5.007102 3.489507)
RLR inf 1 (inf inf inf)
LRL 11.75 0 (2.261653 3.909062 5.574400)

# -0.785398 -3.141593 4.400000
# best = 0 = LSL
LSL 8.00 0 (0.352389 4.068375 3.574601)
LSR 8.34 0 (1.434846 3.118213 3.791041)
RSL 14.27 0 (5.956759 4.708325 3.600564)
RSR 14.02 0 (5.175202 5.384864 3.464178)
RLR inf 1 (inf inf inf)
LRL inf 1 (inf inf inf)

# -0.785398 -3.141593 4.800000
# best = 0 = LSL
LSL 8.36 0 (0.390246 4.434635 3.536745)
LSR 8.67 0 (1.365953 3.582955 3.722148)
RSL 14.63 0 (5.922037 5.139456 3.565842)
RSR 14.41 0 (5.197198 5.765626 3.442183)
RLR inf 1 (inf inf inf)
LRL inf 1 (inf inf inf)

# -0.785398 -3.141593 5.200000
# best = 0 = LSL
LSL 8.73 0 (0.422288 4.806277 3.504702)
LSR 9.01 0 (1.310782 4.033842 3.666977)
RSL 14.99 0 (5.892291 5.565940 3.536096)
RSR 14.79 0 (5.216460 6.148831 3.422920)
RLR inf 1 (inf inf inf)
LRL inf 1 (inf inf inf)

# -0.785398 -3.141593 5.600000
# best = 0 = LSL
LSL 9.11 0 (0.449708 5.182144 3.477283)
LSR 9.36 0 (1.265478 4.475064 3.621673)
RSL 15.37 0 (5.866506 5.988771 3.510311)
RSR 15.17 0 (5.233457 6.534050 3.405924)
RLR inf 1 (inf inf inf)
LRL inf 1 (inf inf inf)

# -0.785398 -3.141593 6.000000
# best = 0 = LSL
LSL 9.49 0 (0.473403 5.561378 3.453587)
LSR 9.72 0 (1.227545 4.909227 3.583740)
RSL 15.74 0 (5.843928 6.408671 3.487733)
RSR 15.56 0 (5.248557 6.920946 3.390823)
RLR inf 1 (inf inf inf)
LRL inf 1 (inf inf inf)

# -0.785398 -3.141593 6.400000
# best = 0 = LSL
LSL 9.87 0 (0.494064 5.943336 3.432926)
LSR 10.08 0 (1.195281 5.338054 3.551476)
RSL 16.12 0 (5.823988 6.826181 3.467793)
RSR 15.95 0 (5.262056 7.309253 3.377324)
RLR inf 1 (inf inf inf)
LRL inf 1 (inf inf inf)

# -0.785398 -3.141593 6.800000
# best = 0 = LSL
LSL 10.25 0 (0.512222 6.327524 3.414768)
LSR 10.45 0 (1.167483 5.762737 3.523678)
RSL 16.50 0 (5.806244 7.241715 3.450049)
RSR 16.34 0 (5.274191 7.698758 3.365189)
RLR inf 1 (inf inf inf)
LRL inf 1 (inf inf inf)

# -0.785398 -3.141593 7.200000
# best = 0 = LSL
LSL 10.64 0 (0.528297 6.713559 3.398693)
LSR 10.83 0 (1.143269 6.184129 3.499464)
RSL 16.88 0 (5.790348 7.655594 3.434153)
RSR 16.73 0 (5.285156 8.089286 3.354225)
RLR inf 1 (inf inf inf)
LRL inf 1 (inf inf inf)

# -0.785398 -3.141593 7.600000
# best = 0 = LSL
LSL 11.03 0 (0.542621 7.101140 3.384369)
LSR 11.20 0 (1.121979 6.602861 3.478174)
RSL 17.26 0 (5.776023 8.068073 3.419828)
RSR 17.12 0 (5.295109 8.480698 3.344271)
RLR inf 1 (inf inf inf)
LRL inf 1 (inf inf inf)

# -0.785398 -3.141593 8.000000
# best = 0 = LSL
LSL 11.42 0 (0.555460 7.490027 3.371530)
LSR 11.58 0 (1.103107 7.019408 3.459302)
RSL 17.65 0 (5.763046 8.479357 3.406851)
RSR 17.51 0 (5.304184 8.872876 3.335196)
RLR inf 1 (inf inf inf)
LRL inf 1 (inf inf inf)

# -0.392699 -3.141593 0.400000
# best = 4 = RLR
LSL 11.74 0 (5.114088 1.923957 4.703388)
LSR inf 1 (inf inf inf)
RSL inf 1 (inf inf inf)
RSR 11.11 0 (4.706067 2.076995 4.326013)
RLR 6.85 0 (1.018503 5.191242 0.638448)
LRL 7.81 0 (1.470713 5.279620 1.060013)

# -0.392699 -3.141593 0.800000
# best = 4 = RLR
LSL 11.79 0 (5.318693 1.968620 4.498784)
LSR inf 1 (inf inf inf)
RSL inf 1 (inf inf inf)
RSR 11.29 0 (4.870877 2.258330 4.161203)
RLR 6.63 0 (1.129357 5.083331 0.419683)
LRL 7.76 0 (1.662536 5.254058 0.842628)

# -0.392699 -3.141593 1.200000
# best = 4 = RLR
LSL 11.91 0 (5.506812 2.090291 4.310664)
LSR inf 1 (inf inf inf)
RSL inf 1 (inf inf inf)
RSR 11.52 0 (5.008091 2.491225 4.023988)
RLR 6.34 0 (1.194174 4.938537 0.210071)
LRL 7.62 0 (1.815354 5.183454 0.619206)

# -0.392699 -3.141593 1.600000
# best = 4 = RLR
LSL 12.09 0 (5.669234 2.276658 4.148243)
LSR inf 1 (inf inf inf)
RSL inf 1 (inf inf inf)
RSR 11.79 0 (5.120140 2.762670 3.911940)
RLR 5.98 0 (1.216135 4.758362 0.007935)
LRL 7.40 0 (1.922152 5.072207 0.401161)

# -0.392699 -3.141593 2.000000
# best = 2 = RSL
LSL 12.33 0 (5.804131 2.513369 4.013346)
LSR inf 1 (inf inf inf)
RSL 6.10 0 (0.634610 1.297294 4.168902)
RSR 12.09 0 (5.211224 3.062433 3.820855)
RLR 11.83 0 (1.197645 4.539213 6.090462)
LRL 7.10 0 (1.983118 4.924344 0.192333)

# -0.392699 -3.141593 2.400000
# best = 2 = RSL
LSL 12.61 0 (5.914189 2.787629 3.903287)
LSR 6.75 0 (1.864802 0.274522 4.613696)
RSL 6.34 0 (0.436238 1.936264 3.970529)
RSR 12.42 0 (5.285572 3.382993 3.746507)
RLR 11.28 0 (1.136013 4.267254 5.880134)
LRL 13.02 0 (2.001521 4.741033 6.273804)

# -0.392699 -3.141593 2.800000
# best = 2 = RSL
LSL 12.91 0 (6.003664 3.089455 3.813812)
LSR 6.90 0 (1.397846 1.359859 4.146740)
RSL 6.63 0 (0.310478 2.476947 3.844769)
RSR 12.75 0 (5.346777 3.718977 3.685303)
RLR 10.54 0 (1.011467 3.895750 5.633178)
LRL 12.57 0 (1.979517 4.518077 6.072851)

# -0.392699 -3.141593 3.200000
# best = 2 = RSL
LSL 13.23 0 (6.076743 3.411537 3.740733)
LSR 7.15 0 (1.208693 1.985716 3.957587)
RSL 6.95 0 (0.220657 2.973451 3.754948)
RSR 13.10 0 (5.397683 4.066563 3.634396)
RLR inf 1 (inf inf inf)
LRL 12.01 0 (1.913666 4.240216 5.860841)

# -0.392699 -3.141593 3.600000
# best = 2 = RSL
LSL 13.57 0 (6.136954 3.748658 3.680523)
LSR 7.44 0 (1.086962 2.521294 3.835856)
RSL 7.28 0 (0.152416 3.444932 3.686708)
RSR 13.46 0 (5.440481 4.423017 3.591598)
RLR inf 1 (inf inf inf)
LRL 11.24 0 (1.780949 3.854361 5.607703)

# -0.392699 -3.141593 4.000000
# best = 2 = RSL
LSL 13.91 0 (6.187080 4.097107 3.630396)
LSR 7.76 0 (0.999428 3.015091 3.748322)
RSL 7.63 0 (0.098470 3.900475 3.632761)
RSR 13.82 0 (5.476840 4.786359 3.555239)
RLR inf 1 (inf inf inf)
LRL inf 1 (inf inf inf)

# -0.392699 -3.141593 4.400000
# best = 2 = RSL
LSL 14.27 0 (6.229261 4.454228 3.588215)
LSR 8.10 0 (0.932654 3.484915 3.681548)
RSL 7.99 0 (0.054593 4.345095 3.588884)
RSR 14.19 0 (5.508034 5.155131 3.524046)
RLR inf 1 (inf inf inf)
LRL inf 1 (inf inf inf)

# -0.392699 -3.141593 4.800000
# best = 2 = RSL
LSL 14.64 0 (6.265127 4.818090 3.552349)
LSR 8.45 0 (0.879717 3.939351 3.628611)
RSL 8.35 0 (0.018126 4.781840 3.552417)
RSR 14.56 0 (5.535040 5.528248 3.497039)
RLR inf 1 (inf inf inf)
LRL inf 1 (inf inf inf)

# -0.392699 -3.141593 5.200000
# best = 0 = LSL
LSL 8.72 0 (0.012738 5.187278 3.521553)
LSR 8.81 0 (0.836571 4.383188 3.585465)
RSL 15.00 0 (6.270478 5.212691 3.521584)
RSR 14.94 0 (5.558616 5.904885 3.473463)
RLR inf 1 (inf inf inf)
LRL inf 1 (inf inf inf)

# -0.392699 -3.141593 5.600000
# best = 0 = LSL
LSL 9.10 0 (0.039420 5.560729 3.494871)
LSR 9.17 0 (0.800652 4.819356 3.549546)
RSL 15.38 0 (6.244041 5.638997 3.495147)
RSR 15.32 0 (5.579356 6.284411 3.452724)
RLR inf 1 (inf inf inf)
LRL inf 1 (inf inf inf)

# -0.392699 -3.141593 6.000000
# best = 0 = LSL
LSL 9.47 0 (0.062729 5.937639 3.471562)
LSR 9.54 0 (0.770243 5.249766 3.519137)
RSL 15.76 0 (6.221105 6.061719 3.472211)
RSR 15.70 0 (5.597726 6.666331 3.434354)
RLR inf 1 (inf inf inf)
LRL inf 1 (inf inf inf)

# -0.392699 -3.141593 6.400000
# best = 0 = LSL
LSL 9.85 0 (0.083247 6.317389 3.451045)
LSR 9.91 0 (0.744140 5.675729 3.493034)
RSL 16.13 0 (6.201007 6.481557 3.452113)
RSR 16.08 0 (5.614100 7.050256 3.417979)
RLR inf 1 (inf inf inf)
LRL inf 1 (inf inf inf)

# -0.392699 -3.141593 6.800000
# best = 0 = LSL
LSL 10.23 0 (0.101430 6.699497 3.432861)
LSR 10.29 0 (0.721473 6.098176 3.470367)
RSL 16.52 0 (6.183245 6.899038 3.434351)
RSR 16.47 0 (5.628780 7.435876 3.403300)
RLR inf 1 (inf inf inf)
LRL inf 1 (inf inf inf)

# -0.392699 -3.141593 7.200000
# best = 0 = LSL
LSL 10.62 0 (0.117647 7.083581 3.416644)
LSR 10.67 0 (0.701596 6.517791 3.450490)
RSL 16.90 0 (6.167428 7.314566 3.418534)
RSR 16.86 0 (5.642009 7.822941 3.390070)
RLR inf 1 (inf inf inf)
LRL inf 1 (inf inf inf)

# -0.392699 -3.141593 7.600000
# best = 0 = LSL
LSL 11.00 0 (0.132192 7.469335 3.402099)
LSR 11.05 0 (0.684016 6.935089 3.432910)
RSL 17.29 0 (6.153250 7.728455 3.404356)
RSR 17.24 0 (5.653990 8.211245 3.378090)
RLR inf 1 (inf inf inf)
LRL inf 1 (inf inf inf)

# -0.392699 -3.141593 8.000000
# best = 0 = LSL
LSL 11.39 0 (0.145306 7.856515 3.388985)
LSR 11.44 0 (0.668352 7.350463 3.417246)
RSL 17.67 0 (6.140467 8.140956 3.391573)
RSR 17.63 0 (5.664887 8.600622 3.367193)
RLR inf 1 (inf inf inf)
LRL inf 1 (inf inf inf)

# 0.000000 -3.141593 0.400000
# best = 5 = LRL
LSL 11.46 0 (4.909784 2.039608 4.514993)
LSR inf 1 (inf inf inf)
RSL inf 1 (inf inf inf)
RSR 11.46 0 (4.909785 2.039608 4.514994)
RLR 7.28 0 (1.233121 5.213044 0.838330)
LRL 7.28 0 (1.233121 5.213044 0.838330)

# 0.000000 -3.141593 0.800000
# best = 5 = LRL
LSL 11.58 0 (5.092895 2.154066 4.331882)
LSR inf 1 (inf inf inf)
RSL inf 1 (inf inf inf)
RSR 11.58 0 (5.092896 2.154066 4.331883)
RLR 7.15 0 (1.382627 5.145834 0.621615)
LRL 7.15 0 (1.382627 5.145834 0.621614)

# 0.000000 -3.141593 1.200000
# best = 5 = LRL
LSL 11.76 0 (5.252808 2.332381 4.171969)
LSR inf 1 (inf inf inf)
RSL inf 1 (inf inf inf)
RSR 11.76 0 (5.252809 2.332381 4.171970)
RLR 6.93 0 (1.488682 5.038118 0.407844)
LRL 6.93 0 (1.488682 5.038119 0.407843)

# 0.000000 -3.141593 1.600000
# best = 5 = LRL
LSL 11.99 0 (5.387130 2.561249 4.037648)
LSR inf 1 (inf inf inf)
RSL inf 1 (inf inf inf)
RSR 11.99 0 (5.387130 2.561250 4.037648)
RLR 6.65 0 (1.550632 4.893375 0.201151)
LRL 6.65 0 (1.550632 4.893376 0.201150)

# 0.000000 -3.141593 2.000000
# best = 4 = RLR
LSL 12.25 0 (5.497787 2.828427 3.926991)
LSR 6.28 0 (1.570208 0.001177 4.711801)
RSL inf 1 (inf inf inf)
RSR 12.25 0 (5.497787 2.828427 3.926991)
RLR 6.28 0 (1.570796 4.712389 0.000000)
LRL 12.57 0 (1.570796 4.712389 6.283185)

# 0.000000 -3.141593 2.400000
# best = 2 = RSL
LSL 12.55 0 (5.588447 3.124100 3.836331)
LSR 6.44 0 (0.985111 1.326651 4.126704)
RSL 6.44 0 (0.985111 1.326649 4.126703)
RSR 12.55 0 (5.588447 3.124100 3.836331)
RLR 12.12 0 (1.550549 4.490574 6.081618)
LRL 12.12 0 (1.550549 4.490575 6.081618)

# 0.000000 -3.141593 2.800000
# best = 2 = RSL
LSL 12.87 0 (5.662936 3.440930 3.761842)
LSR 6.69 0 (0.795603 1.959592 3.937196)
RSL 6.69 0 (0.795603 1.959591 3.937195)
RSR 12.87 0 (5.662936 3.440930 3.761842)
RLR 11.57 0 (1.485618 4.211734 5.867709)
LRL 11.57 0 (1.485618 4.211735 5.867709)

# 0.000000 -3.141593 3.200000
# best = 2 = RSL
LSL 13.20 0 (5.724586 3.773592 3.700192)
LSR 6.99 0 (0.675131 2.498000 3.816724)
RSL 6.99 0 (0.675132 2.497999 3.816724)
RSR 13.20 0 (5.724586 3.773593 3.700192)
RLR 10.78 0 (1.350262 3.817723 5.609054)
LRL 10.78 0 (1.350262 3.817724 5.609053)

# 0.000000 -3.141593 3.600000
# best = 2 = RSL
LSL 13.54 0 (5.776087 4.118252 3.648691)
LSR 7.31 0 (0.589031 2.993326 3.730624)
RSL 7.31 0 (0.589031 2.993325 3.730623)
RSR 13.54 0 (5.776087 4.118252 3.648691)
RLR inf 1 (inf inf inf)
LRL inf 1 (inf inf inf)

# 0.000000 -3.141593 4.000000
# best = 2 = RSL
LSL 13.90 0 (5.819538 4.472136 3.605240)
LSR 7.65 0 (0.523599 3.464102 3.665192)
RSL 7.65 0 (0.523599 3.464101 3.665191)
RSR 13.90 0 (5.819538 4.472136 3.605241)
RLR inf 1 (inf inf inf)
LRL inf 1 (inf inf inf)

# 0.000000 -3.141593 4.400000
# best = 2 = RSL
LSL 14.26 0 (5.856558 4.833218 3.568220)
LSR 8.00 0 (0.471862 3.919184 3.613455)
RSL 8.00 0 (0.471862 3.919183 3.613454)
RSR 14.26 0 (5.856558 4.833219 3.568220)
RLR inf 1 (inf inf inf)
LRL inf 1 (inf inf inf)

# 0.000000 -3.141593 4.800000
# best = 2 = RSL
LSL 14.62 0 (5.888394 5.200000 3.536383)
LSR 8.36 0 (0.429775 4.363485 3.571368)
RSL 8.36 0 (0.429775 4.363484 3.571368)
RSR 14.62 0 (5.888394 5.200000 3.536384)
RLR inf 1 (inf inf inf)
LRL inf 1 (inf inf inf)

# 0.000000 -3.141593 5.200000
# best = 2 = RSL
LSL 15.00 0 (5.916011 5.571355 3.508766)
LSR 8.73 0 (0.394791 4.800000 3.536384)
RSL 8.73 0 (0.394791 4.800000 3.536383)
RSR 15.00 0 (5.916011 5.571356 3.508767)
RLR inf 1 (inf inf inf)
LRL inf 1 (inf inf inf)

# 0.000000 -3.141593 5.600000
# best = 2 = RSL
LSL 15.37 0 (5.940161 5.946427 3.484616)
LSR 9.10 0 (0.365207 5.230679 3.506800)
RSL 9.10 0 (0.365207 5.230678 3.506800)
RSR 15.37 0 (5.940161 5.946428 3.484617)
RLR inf 1 (inf inf inf)
LRL inf 1 (inf inf inf)

# 0.000000 -3.141593 6.000000
# best = 2 = RSL
LSL 15.75 0 (5.961435 6.324555 3.463343)
LSR 9.48 0 (0.339837 5.656855 3.481430)
RSL 9.48 0 (0.339837 5.656854 3.481429)
RSR 15.75 0 (5.961435 6.324556 3.463344)
RLR inf 1 (inf inf inf)
LRL inf 1 (inf inf inf)

# 0.000000 -3.141593 6.400000
# best = 2 = RSL
LSL 16.13 0 (5.980300 6.705222 3.444477)
LSR 9.86 0 (0.317824 6.079474 3.459417)
RSL 9.86 0 (0.317824 6.079473 3.459416)
RSR 16.13 0 (5.980300 6.705222 3.444478)
RLR inf 1 (inf inf inf)
LRL inf 1 (inf inf inf)

# 0.000000 -3.141593 6.800000
# best = 2 = RSL
LSL 16.51 0 (5.997134 7.088018 3.427644)
LSR 10.24 0 (0.298532 6.499231 3.440125)
RSL 10.24 0 (0.298532 6.499230 3.440125)
RSR 16.51 0 (5.997134 7.088018 3.427644)
RLR inf 1 (inf inf inf)
LRL inf 1 (inf inf inf)

# 0.000000 -3.141593 7.200000
# best = 2 = RSL
LSL 16.90 0 (6.012238 7.472616 3.412539)
LSR 10.62 0 (0.281480 6.916647 3.423073)
RSL 10.62 0 (0.281480 6.916646 3.423072)
RSR 16.90 0 (6.012238 7.472617 3.412540)
RLR inf 1 (inf inf inf)
LRL inf 1 (inf inf inf)

# 0.000000 -3.141593 7.600000
# best = 2 = RSL
LSL 17.28 0 (6.025862 7.858753 3.398916)
LSR 11.01 0 (0.266294 7.332121 3.407887)
RSL 11.01 0 (0.266294 7.332121 3.407886)
RSR 17.28 0 (6.025862 7.858753 3.398917)
RLR inf 1 (inf inf inf)
LRL inf 1 (inf inf inf)

# 0.000000 -3.141593 8.000000
# best = 2 = RSL
LSL 17.67 0 (6.038207 8.246211 3.386571)
LSR 11.39 0 (0.252680 7.745967 3.394273)
RSL 11.39 0 (0.252680 7.745966 3.394273)
RSR 17.67 0 (6.038207 8.246212 3.386572)
RLR inf 1 (inf inf inf)
LRL inf 1 (inf inf inf)

# 0.392699 -3.141593 0.400000
# best = 5 = LRL
LSL 11.11 0 (4.706066 2.076994 4.326012)
LSR inf 1 (inf inf inf)
RSL inf 1 (inf inf inf)
RSR 11.74 0 (5.114089 1.923957 4.703388)
RLR 7.81 0 (1.470713 5.279620 1.060013)
LRL 6.85 0 (1.018502 5.191242 0.638448)

# 0.392699 -3.141593 0.800000
# best = 5 = LRL
LSL 11.29 0 (4.870876 2.258329 4.161202)
LSR inf 1 (inf inf inf)
RSL inf 1 (inf inf inf)
RSR 11.79 0 (5.318693 1.968620 4.498784)
RLR 7.76 0 (1.662537 5.254058 0.842628)
LRL 6.63 0 (1.129356 5.083331 0.419683)

# 0.392699 -3.141593 1.200000
# best = 5 = LRL
LSL 11.52 0 (5.008091 2.491224 4.023987)
LSR inf 1 (inf inf inf)
RSL inf 1 (inf inf inf)
RSR 11.91 0 (5.506813 2.090292 4.310665)
RLR 7.62 0 (1.815354 5.183453 0.619206)
LRL 6.34 0 (1.194174 4.938537 0.210071)

# 0.392699 -3.141593 1.600000
# best = 5 = LRL
LSL 11.79 0 (5.120139 2.762670 3.911939)
LSR inf 1 (inf inf inf)
RSL inf 1 (inf inf inf)
RSR 12.09 0 (5.669234 2.276658 4.148243)
RLR 7.40 0 (1.922152 5.072206 0.401161)
LRL 5.98 0 (1.216135 4.758362 0.007935)

# 0.392699 -3.141593 2.000000
# best = 1 = LSR
LSL 12.09 0 (5.211224 3.062432 3.820855)
LSR 6.10 0 (0.634610 1.297296 4.168902)
RSL inf 1 (inf inf inf)
RSR 12.33 0 (5.804131 2.513370 4.013346)
RLR 7.10 0 (1.983118 4.924344 0.192333)
LRL 11.83 0 (1.197645 4.539213 6.090462)

# 0.392699 -3.141593 2.400000
# best = 1 = LSR
LSL 12.42 0 (5.285572 3.382992 3.746507)
LSR 6.34 0 (0.436238 1.936265 3.970530)
RSL 6.75 0 (1.864805 0.274517 4.613698)
RSR 12.61 0 (5.914190 2.787630 3.903288)
RLR 13.02 0 (2.001521 4.741033 6.273804)
LRL 11.28 0 (1.136014 4.267254 5.880134)

# 0.392699 -3.141593 2.800000
# best = 1 = LSR
LSL 12.75 0 (5.346777 3.718976 3.685302)
LSR 6.63 0 (0.310478 2.476948 3.844770)
RSL 6.90 0 (1.397847 1.359857 4.146740)
RSR 12.91 0 (6.003664 3.089455 3.813813)
RLR 12.57 0 (1.979517 4.518077 6.072851)
LRL 10.54 0 (1.011467 3.895751 5.633178)

# 0.392699 -3.141593 3.200000
# best = 1 = LSR
LSL 13.10 0 (5.397683 4.066562 3.634395)
LSR 6.95 0 (0.220657 2.973452 3.754949)
RSL 7.15 0 (1.208693 1.985715 3.957587)
RSR 13.23 0 (6.076743 3.411537 3.740734)
RLR 12.01 0 (1.913666 4.240215 5.860842)
LRL inf 1 (inf inf inf)

# 0.392699 -3.141593 3.600000
# best = 1 = LSR
LSL 13.46 0 (5.440481 4.423017 3.591597)
LSR 7.28 0 (0.152416 3.444933 3.686708)
RSL 7.44 0 (1.086962 2.521293 3.835855)
RSR 13.57 0 (6.136954 3.748659 3.680523)
RLR 11.24 0 (1.780949 3.854360 5.607703)
LRL inf 1 (inf inf inf)

# 0.392699 -3.141593 4.000000
# best = 1 = LSR
LSL 13.82 0 (5.476840 4.786358 3.555238)
LSR 7.63 0 (0.098470 3.900476 3.632762)
RSL 7.76 0 (0.999428 3.015091 3.748322)
RSR 13.91 0 (6.187080 4.097108 3.630397)
RLR inf 1 (inf inf inf)
LRL inf 1 (inf inf inf)

# 0.392699 -3.141593 4.400000
# best = 1 = LSR
LSL 14.19 0 (5.508034 5.155130 3.524045)
LSR 7.99 0 (0.054593 4.345096 3.588885)
RSL 8.10 0 (0.932654 3.484914 3.681547)
RSR 14.27 0 (6.229261 4.454228 3.588216)
RLR inf 1 (inf inf inf)
LRL inf 1 (inf inf inf)

# 0.392699 -3.141593 4.800000
# best = 1 = LSR
LSL 14.56 0 (5.535040 5.528247 3.497039)
LSR 8.35 0 (0.018126 4.781841 3.552418)
RSL 8.45 0 (0.879717 3.939350 3.628610)
RSR 14.64 0 (6.265128 4.818091 3.552350)
RLR inf 1 (inf inf inf)
LRL inf 1 (inf inf inf)

# 0.392699 -3.141593 5.200000
# best = 3 = RSR
LSL 14.94 0 (5.558616 5.904885 3.473462)
LSR 15.00 0 (6.270478 5.212691 3.521585)
RSL 8.81 0 (0.836571 4.383187 3.585464)
RSR 8.72 0 (0.012738 5.187278 3.521554)
RLR inf 1 (inf inf inf)
LRL inf 1 (inf inf inf)

# 0.392699 -3.141593 5.600000
# best = 3 = RSR
LSL 15.32 0 (5.579356 6.284410 3.452723)
LSR 15.38 0 (6.244041 5.638998 3.495147)
RSL 9.17 0 (0.800652 4.819355 3.549546)
RSR 9.10 0 (0.039420 5.560729 3.494872)
RLR inf 1 (inf inf inf)
LRL inf 1 (inf inf inf)

# 0.392699 -3.141593 6.000000
# best = 3 = RSR
LSL 15.70 0 (5.597726 6.666330 3.434353)
LSR 15.76 0 (6.221105 6.061720 3.472211)
RSL 9.54 0 (0.770243 5.249765 3.519136)
RSR 9.47 0 (0.062729 5.937639 3.471563)
RLR inf 1 (inf inf inf)
LRL inf 1 (inf inf inf)

# 0.392699 -3.141593 6.400000
# best = 3 = RSR
LSL 16.08 0 (5.614100 7.050255 3.417979)
LSR 16.13 0 (6.201007 6.481558 3.452114)
RSL 9.91 0 (0.744140 5.675728 3.493033)
RSR 9.85 0 (0.083247 6.317390 3.451045)
RLR inf 1 (inf inf inf)
LRL inf 1 (inf inf inf)

# 0.392699 -3.141593 6.800000
# best = 3 = RSR
LSL 16.47 0 (5.628780 7.435876 3.403299)
LSR 16.52 0 (6.183245 6.899039 3.434351)
RSL 10.29 0 (0.721473 6.098175 3.470367)
RSR 10.23 0 (0.101430 6.699498 3.432862)
RLR inf 1 (inf inf inf)
LRL inf 1 (inf inf inf)

# 0.392699 -3.141593 7.200000
# best = 3 = RSR
LSL 16.86 0 (5.642009 7.822940 3.390069)
LSR 16.90 0 (6.167428 7.314567 3.418535)
RSL 10.67 0 (0.701596 6.517791 3.450489)
RSR 10.62 0 (0.117647 7.083581 3.416645)
RLR inf 1 (inf inf inf)
LRL inf 1 (inf inf inf)

# 0.392699 -3.141593 7.600000
# best = 3 = RSR
LSL 17.24 0 (5.653990 8.211245 3.378089)
LSR 17.29 0 (6.153250 7.728456 3.404357)
RSL 11.05 0 (0.684016 6.935088 3.432909)
RSR 11.00 0 (0.132192 7.469336 3.402100)
RLR inf 1 (inf inf inf)
LRL inf 1 (inf inf inf)

# 0.392699 -3.141593 8.000000
# best = 3 = RSR
LSL 17.63 0 (5.664887 8.600621 3.367192)
LSR 17.67 0 (6.140467 8.140957 3.391574)
RSL 11.44 0 (0.668352 7.350463 3.417245)
RSR 11.39 0 (0.145306 7.856515 3.388986)
RLR inf 1 (inf inf inf)
LRL inf 1 (inf inf inf)

# 0.785398 -3.141593 0.400000
# best = 5 = LRL
LSL 10.67 0 (4.502331 2.034674 4.137049)
LSR inf 1 (inf inf inf)
RSL inf 1 (inf inf inf)
RSR 11.94 0 (5.319792 1.734511 4.890384)
RLR 8.42 0 (1.729685 5.386156 1.300277)
LRL 6.50 0 (0.827100 5.215910 0.461819)

# 0.785398 -3.141593 0.800000
# best = 5 = LRL
LSL 10.92 0 (4.650245 2.277188 3.989134)
LSR inf 1 (inf inf inf)
RSL inf 1 (inf inf inf)
RSR 11.92 0 (5.552149 1.709632 4.658027)
RLR 8.44 0 (1.968933 5.399938 1.074811)
LRL 6.22 0 (0.903002 5.071885 0.241891)

# 0.785398 -3.141593 1.200000
# best = 5 = LRL
LSL 11.20 0 (4.767670 2.559545 3.871710)
LSR inf 1 (inf inf inf)
RSL inf 1 (inf inf inf)
RSR 11.99 0 (5.778873 1.776839 4.431303)
RLR 8.37 0 (2.176988 5.362601 0.829419)
LRL 5.86 0 (0.931727 4.894485 0.035767)

# 0.785398 -3.141593 1.600000
# best = 1 = LSR
LSL 11.51 0 (4.860759 2.870009 3.778620)
LSR 5.87 0 (0.376117 1.186815 4.303108)
RSL inf 1 (inf inf inf)
RSR 12.14 0 (5.979700 1.926518 4.230476)
RLR 8.20 0 (2.335594 5.278159 0.586370)
LRL 11.72 0 (0.918957 4.682765 6.120003)

# 0.785398 -3.141593 2.000000
# best = 1 = LSR
LSL 11.84 0 (4.935170 3.200412 3.704210)
LSR 6.07 0 (0.147320 1.847759 4.074311)
RSL inf 1 (inf inf inf)
RSR 12.35 0 (6.145982 2.141445 4.064195)
RLR 7.95 0 (2.439453 5.153314 0.357667)
LRL 11.21 0 (0.866110 4.428251 5.918336)

# 0.785398 -3.141593 2.400000
# best = 1 = LSR
LSL 12.18 0 (4.995389 3.545183 3.643990)
LSR 6.33 0 (0.004188 2.395809 3.931179)
RSL inf 1 (inf inf inf)
RSR 12.61 0 (6.279005 2.404184 3.931171)
RLR 7.63 0 (2.492603 4.993567 0.144769)
LRL 10.57 0 (0.764512 4.104616 5.696298)

# 0.785398 -3.141593 2.800000
# best = 3 = RSR
LSL 12.54 0 (5.044790 3.900514 3.594589)
LSR 12.91 0 (6.185537 2.895788 3.829343)
RSL 7.37 0 (2.166320 0.682633 4.522514)
RSR 6.63 0 (0.101176 2.700818 3.825815)
RLR 13.53 0 (2.501527 4.800701 6.226166)
LRL 9.53 0 (0.555898 3.588585 5.388882)

# 0.785398 -3.141593 3.200000
# best = 3 = RSR
LSL 12.90 0 (5.085861 4.263765 3.553519)
LSR 13.23 0 (6.108326 3.369165 3.752132)
RSL 7.52 0 (1.824334 1.516675 4.180528)
RSR 6.95 0 (0.184954 3.021379 3.742037)
RLR 13.07 0 (2.470366 4.570825 6.027450)
LRL inf 1 (inf inf inf)

# 0.785398 -3.141593 3.600000
# best = 3 = RSR
LSL 13.27 0 (5.120434 4.633074 3.518945)
LSR 13.56 0 (6.047377 3.825828 3.691182)
RSL 7.76 0 (1.644799 2.110596 4.000994)
RSR 7.29 0 (0.252287 3.359025 3.674704)
RLR 12.51 0 (2.397046 4.289517 5.819463)
LRL inf 1 (inf inf inf)

# 0.785398 -3.141593 4.000000
# best = 3 = RSR
LSL 13.65 0 (5.149874 5.007101 3.489506)
LSR 13.91 0 (5.997865 4.271141 3.641670)
RSL 8.04 0 (1.523853 2.632286 3.880047)
RSR 7.64 0 (0.307122 3.709092 3.619869)
RLR 11.75 0 (2.261653 3.909062 5.574400)
LRL inf 1 (inf inf inf)

# 0.785398 -3.141593 4.400000
# best = 3 = RSR
LSL 14.02 0 (5.175202 5.384863 3.464178)
LSR 14.27 0 (5.956759 4.708325 3.600564)
RSL 8.34 0 (1.434846 3.118212 3.791040)
RSR 8.00 0 (0.352389 4.068375 3.574602)
RLR inf 1 (inf inf inf)
LRL inf 1 (inf inf inf)

# 0.785398 -3.141593 4.800000
# best = 3 = RSR
LSL 14.41 0 (5.197198 5.765625 3.442182)
LSR 14.63 0 (5.922037 5.139457 3.565842)
RSL 8.67 0 (1.365954 3.582954 3.722148)
RSR 8.36 0 (0.390246 4.434636 3.536745)
RLR inf 1 (inf inf inf)
LRL inf 1 (inf inf inf)

# 0.785398 -3.141593 5.200000
# best = 3 = RSR
LSL 14.79 0 (5.216460 6.148831 3.422920)
LSR 14.99 0 (5.892291 5.565941 3.536096)
RSL 9.01 0 (1.310782 4.033841 3.666977)
RSR 8.73 0 (0.422288 4.806278 3.504703)
RLR inf 1 (inf inf inf)
LRL inf 1 (inf inf inf)

# 0.785398 -3.141593 5.600000
# best = 3 = RSR
LSL 15.17 0 (5.233457 6.534050 3.405923)
LSR 15.37 0 (5.866505 5.988772 3.510311)
RSL 9.36 0 (1.265478 4.475063 3.621672)
RSR 9.11 0 (0.449708 5.182145 3.477283)
RLR inf 1 (inf inf inf)
LRL inf 1 (inf inf inf)

# 0.785398 -3.141593 6.000000
# best = 3 = RSR
LSL 15.56 0 (5.248557 6.920946 3.390823)
LSR 15.74 0 (5.843928 6.408672 3.487734)
RSL 9.72 0 (1.227545 4.909226 3.583739)
RSR 9.49 0 (0.473403 5.561379 3.453588)
RLR inf 1 (inf inf inf)
LRL inf 1 (inf inf inf)

# 0.785398 -3.141593 6.400000
# best = 3 = RSR
LSL 15.95 0 (5.262056 7.309253 3.377324)
LSR 16.12 0 (5.823988 6.826182 3.467794)
RSL 10.08 0 (1.195281 5.338054 3.551476)
RSR 9.87 0 (0.494064 5.943337 3.432927)
RLR inf 1 (inf inf inf)
LRL inf 1 (inf inf inf)

# 0.785398 -3.141593 6.800000
# best = 3 = RSR
LSL 16.34 0 (5.274191 7.698757 3.365189)
LSR 16.50 0 (5.806244 7.241715 3.450049)
RSL 10.45 0 (1.167483 5.762736 3.523677)
RSR 10.25 0 (0.512222 6.327525 3.414769)
RLR inf 1 (inf inf inf)
LRL inf 1 (inf inf inf)

# 0.785398 -3.141593 7.200000
# best = 3 = RSR
LSL 16.73 0 (5.285156 8.089286 3.354224)
LSR 16.88 0 (5.790348 7.655595 3.434153)
RSL 10.83 0 (1.143269 6.184129 3.499463)
RSR 10.64 0 (0.528297 6.713560 3.398694)
RLR inf 1 (inf inf inf)
LRL inf 1 (inf inf inf)

# 0.785398 -3.141593 7.600000
# best = 3 = RSR
LSL 17.12 0 (5.295109 8.480697 3.344270)
LSR 17.26 0 (5.776023 8.068074 3.419829)
RSL 11.20 0 (1.121979 6.602860 3.478173)
RSR 11.03 0 (0.542621 7.101141 3.384370)
RLR inf 1 (inf inf inf)
LRL inf 1 (inf inf inf)

# 0.785398 -3.141593 8.000000
# best = 3 = RSR
LSL 17.51 0 (5.304184 8.872875 3.335196)
LSR 17.65 0 (5.763046 8.479357 3.406852)
RSL 11.58 0 (1.103107 7.019407 3.459301)
RSR 11.42 0 (0.555460 7.490028 3.371531)
RLR inf 1 (inf inf inf)
LRL inf 1 (inf inf inf)

# 1.178097 -3.141593 0.400000
# best = 5 = LRL
LSL 10.16 0 (4.297967 1.914281 3.948714)
LSR inf 1 (inf inf inf)
RSL inf 1 (inf inf inf)
RSR 12.08 0 (5.528313 1.478602 5.074562)
RLR 9.09 0 (2.008088 5.525920 1.554337)
LRL 6.25 0 (0.657349 5.285134 0.308096)

# 1.178097 -3.141593 0.800000
# best = 5 = LRL
LSL 10.46 0 (4.429082 2.209881 3.817598)
LSR inf 1 (inf inf inf)
RSL inf 1 (inf inf inf)
RSR 11.99 0 (5.801131 1.388222 4.801744)
RLR 9.19 0 (2.305109 5.574326 1.305722)
LRL 5.91 0 (0.702165 5.112536 0.090681)

# 1.178097 -3.141593 1.200000
# best = 1 = LSR
LSL 10.78 0 (4.527998 2.534300 3.718683)
LSR 5.73 0 (0.234388 0.944428 4.554078)
RSL inf 1 (inf inf inf)
RSR 12.01 0 (6.087592 1.409985 4.515283)
RLR 9.16 0 (2.585763 5.562711 1.013453)
LRL 11.79 0 (0.700240 4.910855 6.174110)

# 1.178097 -3.141593 1.600000
# best = 3 = RSR
LSL 11.12 0 (4.603904 2.877808 3.642776)
LSR 12.14 0 (6.223404 1.658629 4.259908)
RSL inf 1 (inf inf inf)
RSR 5.86 0 (0.062103 1.539141 4.257587)
RLR 9.02 0 (2.808721 5.493235 0.721019)
LRL 11.32 0 (0.659299 4.677159 5.981356)

# 1.178097 -3.141593 2.000000
# best = 3 = RSR
LSL 11.48 0 (4.663360 3.234329 3.583321)
LSR 12.35 0 (6.046386 2.220395 4.082891)
RSL inf 1 (inf inf inf)
RSR 6.07 0 (0.268659 1.752099 4.051031)
RLR 8.79 0 (2.956852 5.376385 0.456038)
LRL 10.76 0 (0.580029 4.399708 5.783175)

# 1.178097 -3.141593 2.400000
# best = 3 = RSR
LSL 11.85 0 (4.710878 3.599998 3.535802)
LSR 12.61 0 (5.921748 2.725666 3.958252)
RSL inf 1 (inf inf inf)
RSR 6.34 0 (0.425371 2.022560 3.894319)
RLR 8.48 0 (3.036840 5.222938 0.222603)
LRL 10.05 0 (0.449517 4.043648 5.557627)

# 1.178097 -3.141593 2.800000
# best = 3 = RSR
LSL 12.22 0 (4.749564 3.972290 3.497117)
LSR 12.89 0 (5.827783 3.201306 3.864287)
RSL inf 1 (inf inf inf)
RSR 6.65 0 (0.542974 2.330589 3.776716)
RLR 8.11 0 (3.062585 5.039221 0.013141)
LRL 8.72 0 (0.154950 3.377142 5.185688)

# 1.178097 -3.141593 3.200000
# best = 3 = RSR
LSL 12.60 0 (4.781580 4.349505 3.465100)
LSR 13.20 0 (5.753918 3.658888 3.790423)
RSL 8.12 0 (2.455238 1.249721 4.418733)
RSR 6.98 0 (0.632200 2.663182 3.687490)
RLR 13.97 0 (3.045233 4.826066 6.100523)
LRL inf 1 (inf inf inf)

# 1.178097 -3.141593 3.600000
# best = 3 = RSR
LSL 12.98 0 (4.808464 4.730465 3.438216)
LSR 13.53 0 (5.694124 4.104457 3.730629)
RSL 8.29 0 (2.220538 1.882206 4.184033)
RSR 7.33 0 (0.701199 3.012215 3.618491)
RLR 13.48 0 (2.990101 4.577803 5.907393)
LRL inf 1 (inf inf inf)

# 1.178097 -3.141593 4.000000
# best = 3 = RSR
LSL 13.36 0 (4.831327 5.114333 3.415354)
LSR 13.87 0 (5.644633 4.541549 3.681138)
RSL 8.52 0 (2.067344 2.417353 4.030839)
RSR 7.69 0 (0.755668 3.372586 3.564022)
RLR 12.87 0 (2.894152 4.276968 5.702506)
LRL inf 1 (inf inf inf)

# 1.178097 -3.141593 4.400000
# best = 3 = RSR
LSL 13.75 0 (4.850989 5.500500 3.395692)
LSR 14.21 0 (5.602944 4.972401 3.639449)
RSL 8.79 0 (1.956093 2.909380 3.919589)
RSR 8.06 0 (0.799518 3.741020 3.520172)
RLR 12.05 0 (2.732132 3.865228 5.452786)
LRL inf 1 (inf inf inf)

# 1.178097 -3.141593 4.800000
# best = 3 = RSR
LSL 14.14 0 (4.868065 5.888515 3.378616)
LSR 14.57 0 (5.567318 5.398507 3.603823)
RSL 9.08 0 (1.870703 3.377186 3.834198)
RSR 8.44 0 (0.835450 4.115353 3.484240)
RLR inf 1 (inf inf inf)
LRL inf 1 (inf inf inf)

# 1.178097 -3.141593 5.200000
# best = 3 = RSR
LSL 14.52 0 (4.883026 6.278034 3.363654)
LSR 14.93 0 (5.536506 5.820909 3.573010)
RSL 9.40 0 (1.802751 3.829658 3.766246)
RSR 8.81 0 (0.865358 4.494110 3.454332)
RLR inf 1 (inf inf inf)
LRL inf 1 (inf inf inf)

# 1.178097 -3.141593 5.600000
# best = 3 = RSR
LSL 14.92 0 (4.896237 6.668794 3.350444)
LSR 15.30 0 (5.509583 6.240360 3.546088)
RSL 9.73 0 (1.747239 4.271672 3.710734)
RSR 9.20 0 (0.890599 4.876261 3.429091)
RLR inf 1 (inf inf inf)
LRL inf 1 (inf inf inf)

# 1.178097 -3.141593 6.000000
# best = 3 = RSR
LSL 15.31 0 (4.907983 7.060589 3.338697)
LSR 15.67 0 (5.485850 6.657416 3.522355)
RSL 10.07 0 (1.700963 4.706174 3.664458)
RSR 9.58 0 (0.912159 5.261066 3.407531)
RLR inf 1 (inf inf inf)
LRL inf 1 (inf inf inf)

# 1.178097 -3.141593 6.400000
# best = 3 = RSR
LSL 15.70 0 (4.918493 7.453256 3.328187)
LSR 16.04 0 (5.464767 7.072503 3.501272)
RSL 10.42 0 (1.661755 5.135073 3.625250)
RSR 9.97 0 (0.930773 5.647983 3.388917)
RLR inf 1 (inf inf inf)
LRL inf 1 (inf inf inf)

# 1.178097 -3.141593 6.800000
# best = 3 = RSR
LSL 16.09 0 (4.927950 7.846663 3.318730)
LSR 16.41 0 (5.445912 7.485947 3.482416)
RSL 10.78 0 (1.628088 5.559664 3.591583)
RSR 10.36 0 (0.946996 6.036606 3.372694)
RLR inf 1 (inf inf inf)
LRL inf 1 (inf inf inf)

# 1.178097 -3.141593 7.200000
# best = 3 = RSR
LSL 16.49 0 (4.936504 8.240705 3.310177)
LSR 16.79 0 (5.428945 7.898006 3.465450)
RSL 11.14 0 (1.598851 5.980867 3.562346)
RSR 10.75 0 (0.961252 6.426625 3.358438)
RLR inf 1 (inf inf inf)
LRL inf 1 (inf inf inf)

# 1.178097 -3.141593 7.600000
# best = 3 = RSR
LSL 16.88 0 (4.944276 8.635296 3.302405)
LSR 17.17 0 (5.413597 8.308887 3.450101)
RSL 11.51 0 (1.573215 6.399348 3.536710)
RSR 11.14 0 (0.973875 6.817801 3.345815)
RLR inf 1 (inf inf inf)
LRL inf 1 (inf inf inf)

# 1.178097 -3.141593 8.000000
# best = 3 = RSR
LSL 17.28 0 (4.951369 9.030362 3.295312)
LSR 17.55 0 (5.399644 8.718756 3.436148)
RSL 11.88 0 (1.550547 6.815611 3.514043)
RSR 11.53 0 (0.985127 7.209945 3.334563)
RLR inf 1 (inf inf inf)
LRL inf 1 (inf inf inf)

# 1.570796 -3.141593 0.400000
# best = 5 = LRL
LSL 9.57 0 (4.092140 1.720465 3.761842)
LSR inf 1 (inf inf inf)
RSL inf 1 (inf inf inf)
RSR 12.16 0 (5.742766 1.166190 5.252808)
RLR 9.81 0 (2.305329 5.691497 1.815371)
LRL 6.08 0 (0.505925 5.393942 0.175628)

# 1.570796 -3.141593 0.800000
# best = 1 = LSR
LSL 9.91 0 (4.205291 2.059126 3.648691)
LSR 5.74 0 (0.266879 0.489899 4.979268)
RSL inf 1 (inf inf inf)
RSR 12.02 0 (6.085790 1.019804 4.909784)
RLR 9.96 0 (2.686400 5.767591 1.510395)
LRL 11.97 0 (0.522945 5.201680 6.249531)

# 1.570796 -3.141593 1.200000
# best = 3 = RSR
LSL 10.27 0 (4.285762 2.416609 3.568220)
LSR 12.01 0 (6.113845 1.356466 4.543049)
RSL inf 1 (inf inf inf)
RSR 5.73 0 (0.197396 1.019804 4.514993)
RLR 9.96 0 (3.081191 5.767591 1.115604)
LRL 11.54 0 (0.495467 4.985782 6.061111)

# 1.570796 -3.141593 1.600000
# best = 3 = RSR
LSL 10.64 0 (4.345215 2.785677 3.508766)
LSR 12.13 0 (5.880427 1.939072 4.309631)
RSL inf 1 (inf inf inf)
RSR 5.88 0 (0.540419 1.166191 4.171970)
RLR 9.81 0 (3.386167 5.691496 0.734533)
LRL 11.06 0 (0.433227 4.742394 5.879963)

# 1.570796 -3.141593 2.000000
# best = 3 = RSR
LSL 11.02 0 (4.390639 3.162277 3.463343)
LSR 12.32 0 (5.718859 2.449490 4.148063)
RSL inf 1 (inf inf inf)
RSR 6.13 0 (0.785398 1.414214 3.926991)
RLR 9.55 0 (3.565623 5.560451 0.424031)
LRL 10.49 0 (0.337308 4.459709 5.693197)

# 1.570796 -3.141593 2.400000
# best = 3 = RSR
LSL 11.40 0 (4.426338 3.544009 3.427644)
LSR 12.55 0 (5.598065 2.925748 4.027269)
RSL inf 1 (inf inf inf)
RSR 6.43 0 (0.950546 1.720466 3.761843)
RLR 9.22 0 (3.647517 5.393942 0.175628)
LRL 9.78 0 (0.196094 4.105883 5.480586)

# 1.570796 -3.141593 2.800000
# best = 3 = RSR
LSL 11.78 0 (4.455065 3.929376 3.398916)
LSR 12.82 0 (5.503720 3.382307 3.932924)
RSL 8.88 0 (3.408473 0.489896 4.979269)
RSR 6.77 0 (1.063697 2.059126 3.648692)
RLR 15.12 0 (3.664537 5.201679 6.249531)
LRL 14.89 0 (6.214054 3.517977 5.157905)

# 1.570796 -3.141593 3.200000
# best = 3 = RSR
LSL 12.17 0 (4.478646 4.317406 3.375336)
LSR 13.11 0 (5.427781 3.826226 3.856985)
RSL 8.87 0 (2.972253 1.356465 4.543049)
RSR 7.13 0 (1.144168 2.416610 3.568221)
RLR 14.68 0 (3.637059 4.985782 6.061111)
LRL inf 1 (inf inf inf)

# 1.570796 -3.141593 3.600000
# best = 3 = RSR
LSL 12.56 0 (4.498329 4.707441 3.355653)
LSR 13.42 0 (5.365256 4.261455 3.794460)
RSL 8.99 0 (2.738834 1.939071 4.309631)
RSR 7.50 0 (1.203622 2.785678 3.508767)
RLR 14.20 0 (3.574819 4.742393 5.879963)
LRL inf 1 (inf inf inf)

# 1.570796 -3.141593 4.000000
# best = 3 = RSR
LSL 12.95 0 (4.514994 5.099019 3.338988)
LSR 13.75 0 (5.312842 4.690416 3.742046)
RSL 9.17 0 (2.577266 2.449489 4.148062)
RSR 7.87 0 (1.249045 3.162278 3.463344)
RLR 13.63 0 (3.478900 4.459708 5.693198)
LRL inf 1 (inf inf inf)

# 1.570796 -3.141593 4.400000
# best = 3 = RSR
LSL 13.35 0 (4.529278 5.491812 3.324703)
LSR 14.08 0 (5.268251 5.114685 3.697454)
RSL 9.41 0 (2.456472 2.925747 4.027268)
RSR 8.26 0 (1.284744 3.544009 3.427645)
RLR 12.92 0 (3.337686 4.105883 5.480586)
LRL inf 1 (inf inf inf)

# 1.570796 -3.141593 4.800000
# best = 3 = RSR
LSL 13.74 0 (4.541654 5.885575 3.312328)
LSR 14.42 0 (5.229843 5.535341 3.659047)
RSL 9.68 0 (2.362127 3.382306 3.932923)
RSR 8.64 0 (1.313472 3.929377 3.398917)
RLR 11.75 0 (3.072460 3.517975 5.157904)
LRL inf 1 (inf inf inf)

# 1.570796 -3.141593 5.200000
# best = 3 = RSR
LSL 14.13 0 (4.552476 6.280127 3.301505)
LSR 14.78 0 (5.196412 5.953151 3.625616)
RSL 9.97 0 (2.286188 3.826225 3.856984)
RSR 9.03 0 (1.337053 4.317407 3.375336)
RLR inf 1 (inf inf inf)
LRL inf 1 (inf inf inf)

# 1.570796 -3.141593 5.600000
# best = 3 = RSR
LSL 14.53 0 (4.562018 6.675327 3.291964)
LSR 15.13 0 (5.167045 6.368674 3.596249)
RSL 10.28 0 (2.223663 4.261455 3.794459)
RSR 9.42 0 (1.356735 4.707441 3.355654)
RLR inf 1 (inf inf inf)
LRL inf 1 (inf inf inf)

# 1.570796 -3.141593 6.000000
# best = 3 = RSR
LSL 14.93 0 (4.570492 7.071068 3.283489)
LSR 15.49 0 (5.141043 6.782330 3.570247)
RSL 10.60 0 (2.171249 4.690415 3.742045)
RSR 9.81 0 (1.373400 5.099020 3.338989)
RLR inf 1 (inf inf inf)
LRL inf 1 (inf inf inf)

# 1.570796 -3.141593 6.400000
# best = 3 = RSR
LSL 15.32 0 (4.578068 7.467262 3.275914)
LSR 15.86 0 (5.117857 7.194443 3.547060)
RSL 10.94 0 (2.126657 5.114684 3.697454)
RSR 10.20 0 (1.387685 5.491812 3.324704)
RLR inf 1 (inf inf inf)
LRL inf 1 (inf inf inf)

# 1.570796 -3.141593 6.800000
# best = 3 = RSR
LSL 15.72 0 (4.584880 7.863841 3.269102)
LSR 16.23 0 (5.097052 7.605262 3.526256)
RSL 11.28 0 (2.088250 5.535341 3.659046)
RSR 10.60 0 (1.400061 5.885576 3.312328)
RLR inf 1 (inf inf inf)
LRL inf 1 (inf inf inf)

# 1.570796 -3.141593 7.200000
# best = 3 = RSR
LSL 16.11 0 (4.591037 8.260750 3.262944)
LSR 16.60 0 (5.078280 8.014986 3.507484)
RSL 11.63 0 (2.054819 5.953150 3.625615)
RSR 10.99 0 (1.410883 6.280128 3.301506)
RLR inf 1 (inf inf inf)
LRL inf 1 (inf inf inf)

# 1.570796 -3.141593 7.600000
# best = 3 = RSR
LSL 16.51 0 (4.596630 8.657944 3.257352)
LSR 16.98 0 (5.061256 8.423776 3.490459)
RSL 11.99 0 (2.025452 6.368673 3.596248)
RSR 11.39 0 (1.420425 6.675328 3.291964)
RLR inf 1 (inf inf inf)
LRL inf 1 (inf inf inf)

# 1.570796 -3.141593 8.000000
# best = 3 = RSR
LSL 16.91 0 (4.601732 9.055385 3.252250)
LSR 17.35 0 (5.045746 8.831761 3.474949)
RSL 12.35 0 (1.999450 6.782330 3.570246)
RSR 11.78 0 (1.428899 7.071068 3.283490)
RLR inf 1 (inf inf inf)
LRL inf 1 (inf inf inf)

# 1.963495 -3.141593 0.400000
# best = 5 = LRL
LSL 8.92 0 (3.883369 1.460732 3.577913)
LSR inf 1 (inf inf inf)
RSL inf 1 (inf inf inf)
RSR 12.20 0 (5.972180 0.809648 5.416093)
RLR 10.57 0 (2.626768 5.875545 2.070680)
LRL 5.97 0 (0.367947 5.535527 0.062491)

# 1.963495 -3.141593 0.800000
# best = 3 = RSR
LSL 9.29 0 (3.975820 1.831076 3.485463)
LSR 12.02 0 (6.127137 0.939987 4.949040)
RSL inf 1 (inf inf inf)
RSR 5.73 0 (0.194655 0.629624 4.910433)
RLR 10.76 0 (3.178185 5.967059 1.610777)
LRL 11.84 0 (0.358743 5.332217 6.151571)

# 1.963495 -3.141593 1.200000
# best = 3 = RSR
LSL 9.67 0 (4.036828 2.211774 3.424454)
LSR 11.99 0 (5.806241 1.556496 4.628144)
RSL inf 1 (inf inf inf)
RSR 5.78 0 (0.813298 0.676256 4.291790)
RLR 10.71 0 (3.785011 5.943425 0.980317)
LRL 11.40 0 (0.309343 5.111400 5.980154)

# 1.963495 -3.141593 1.600000
# best = 3 = RSR
LSL 10.06 0 (4.079809 2.598278 3.381473)
LSR 12.07 0 (5.589257 2.069247 4.411159)
RSL inf 1 (inf inf inf)
RSR 6.02 0 (1.223529 0.915543 3.881559)
RLR 10.46 0 (4.134188 5.821319 0.509034)
LRL 10.92 0 (0.231199 4.869149 5.816048)

# 1.963495 -3.141593 2.000000
# best = 3 = RSR
LSL 10.45 0 (4.111617 2.988336 3.349666)
LSR 12.22 0 (5.428080 2.541827 4.249983)
RSL inf 1 (inf inf inf)
RSR 6.35 0 (1.442676 1.240611 3.662412)
RLR 10.13 0 (4.268915 5.652478 0.205466)
LRL 10.37 0 (0.126360 4.595857 5.647594)

# 1.963495 -3.141593 2.400000
# best = 3 = RSR
LSL 10.84 0 (4.136061 3.380718 3.325222)
LSR 12.42 0 (5.302931 2.993324 4.124834)
RSL 9.75 0 (4.137523 0.301235 5.315621)
RSR 6.71 0 (1.567396 1.600004 3.537692)
RLR 16.03 0 (4.297471 5.460149 6.267767)
LRL 16.00 0 (6.270752 4.269383 5.459914)

# 1.963495 -3.141593 2.800000
# best = 3 = RSR
LSL 11.24 0 (4.155412 3.774700 3.305871)
LSR 12.66 0 (5.202846 3.432069 4.024748)
RSL 9.64 0 (3.630279 1.196511 4.808376)
RSR 7.08 0 (1.645614 1.975072 3.459474)
RLR 15.61 0 (4.270789 5.250350 6.084649)
LRL 15.09 0 (6.063438 3.816052 5.213897)

# 1.963495 -3.141593 3.200000
# best = 3 = RSR
LSL 11.63 0 (4.171100 4.169827 3.290182)
LSR 12.93 0 (5.120993 3.862408 3.942896)
RSL 9.65 0 (3.358939 1.758560 4.537036)
RSR 7.46 0 (1.698652 2.358348 3.406436)
RLR 15.15 0 (4.209697 5.022090 5.917482)
LRL inf 1 (inf inf inf)

# 1.963495 -3.141593 3.600000
# best = 3 = RSR
LSL 12.03 0 (4.184071 4.565804 3.277212)
LSR 13.21 0 (5.052838 4.286876 3.874740)
RSL 9.76 0 (3.166500 2.252428 4.344597)
RSR 7.85 0 (1.736785 2.746398 3.368303)
RLR 14.64 0 (4.121576 4.769582 5.753095)
LRL inf 1 (inf inf inf)

# 1.963495 -3.141593 4.000000
# best = 3 = RSR
LSL 12.42 0 (4.194969 4.962426 3.266314)
LSR 13.52 0 (4.995232 4.707059 3.817135)
RSL 9.94 0 (3.020725 2.715571 4.198822)
RSR 8.24 0 (1.765445 3.137451 3.339643)
RLR 14.06 0 (4.005370 4.479849 5.579567)
LRL inf 1 (inf inf inf)

# 1.963495 -3.141593 4.400000
# best = 3 = RSR
LSL 12.82 0 (4.204253 5.359550 3.257029)
LSR 13.84 0 (4.945923 5.124013 3.767826)
RSL 10.15 0 (2.906125 3.161522 4.084222)
RSR 8.64 0 (1.787739 3.530509 3.317349)
RLR 13.35 0 (3.847910 4.120341 5.377519)
LRL inf 1 (inf inf inf)

# 1.963495 -3.141593 4.800000
# best = 3 = RSR
LSL 13.22 0 (4.212256 5.757072 3.249026)
LSR 14.17 0 (4.903252 5.538467 3.725155)
RSL 10.40 0 (2.813632 3.596682 3.991730)
RSR 9.03 0 (1.805560 3.924970 3.299528)
RLR 12.16 0 (3.570348 3.529576 5.064316)
LRL inf 1 (inf inf inf)

# 1.963495 -3.141593 5.200000
# best = 3 = RSR
LSL 13.62 0 (4.219225 6.154915 3.242058)
LSR 14.50 0 (4.865974 5.950943 3.687877)
RSL 10.68 0 (2.737438 4.024551 3.915536)
RSR 9.43 0 (1.820122 4.320450 3.284966)
RLR inf 1 (inf inf inf)
LRL inf 1 (inf inf inf)

# 1.963495 -3.141593 5.600000
# best = 3 = RSR
LSL 14.01 0 (4.225347 6.553021 3.235936)
LSR 14.85 0 (4.833134 6.361825 3.655037)
RSL 10.97 0 (2.673612 4.447236 3.851710)
RSR 9.82 0 (1.832239 4.716692 3.272849)
RLR inf 1 (inf inf inf)
LRL inf 1 (inf inf inf)

# 1.963495 -3.141593 6.000000
# best = 3 = RSR
LSL 14.41 0 (4.230768 6.951344 3.230515)
LSR 15.20 0 (4.803989 6.771405 3.625892)
RSL 11.28 0 (2.619393 4.866087 3.797490)
RSR 10.22 0 (1.842477 5.113519 3.262611)
RLR inf 1 (inf inf inf)
LRL inf 1 (inf inf inf)

# 1.963495 -3.141593 6.400000
# best = 3 = RSR
LSL 14.81 0 (4.235601 7.349850 3.225682)
LSR 15.56 0 (4.777954 7.179905 3.599856)
RSL 11.61 0 (2.572780 5.282017 3.750877)
RSR 10.62 0 (1.851240 5.510806 3.253848)
RLR inf 1 (inf inf inf)
LRL inf 1 (inf inf inf)

# 1.963495 -3.141593 6.800000
# best = 3 = RSR
LSL 15.21 0 (4.239937 7.748509 3.221346)
LSR 15.92 0 (4.754557 7.587499 3.576460)
RSL 11.94 0 (2.532290 5.695665 3.710388)
RSR 11.01 0 (1.858824 5.908458 3.246264)
RLR inf 1 (inf inf inf)
LRL inf 1 (inf inf inf)

# 1.963495 -3.141593 7.200000
# best = 3 = RSR
LSL 15.61 0 (4.243848 8.147300 3.217435)
LSR 16.28 0 (4.733420 7.994325 3.555323)
RSL 12.28 0 (2.496801 6.107495 3.674898)
RSR 11.41 0 (1.865451 6.306407 3.239637)
RLR inf 1 (inf inf inf)
LRL inf 1 (inf inf inf)

# 1.963495 -3.141593 7.600000
# best = 3 = RSR
LSL 16.01 0 (4.247394 8.546204 3.213888)
LSR 16.65 0 (4.714232 8.400497 3.536135)
RSL 12.63 0 (2.465445 6.517852 3.643543)
RSR 11.81 0 (1.871291 6.704600 3.233797)
RLR inf 1 (inf inf inf)
LRL inf 1 (inf inf inf)

# 1.963495 -3.141593 8.000000
# best = 3 = RSR
LSL 16.41 0 (4.250624 8.945206 3.210658)
LSR 17.02 0 (4.696737 8.806103 3.518639)
RSL 12.98 0 (2.437546 6.926997 3.615643)
RSR 12.21 0 (1.876476 7.102997 3.228612)
RLR inf 1 (inf inf inf)
LRL inf 1 (inf inf inf)

# 2.356194 -3.141593 0.400000
# best = 1 = LSR
LSL 8.21 0 (3.668359 1.145195 3.400225)
LSR 5.92 0 (0.025178 0.374031 5.522965)
RSL inf 1 (inf inf inf)
RSR 12.21 0 (6.259501 0.424383 5.521472)
RLR 11.36 0 (3.011612 6.070594 2.273583)
LRL 12.19 0 (0.236405 5.702462 6.251456)

# 2.356194 -3.141593 0.800000
# best = 3 = RSR
LSL 8.60 0 (3.735042 1.535304 3.333541)
LSR 12.00 0 (5.846778 1.088846 5.061379)
RSL inf 1 (inf inf inf)
RSR 5.81 0 (1.092519 0.307272 4.405268)
RLR 11.47 0 (4.157219 6.129398 1.186781)
LRL 11.78 0 (0.199514 5.495313 6.081198)

# 2.356194 -3.141593 1.200000
# best = 3 = RSR
LSL 9.00 0 (3.774602 1.929467 3.293982)
LSR 11.92 0 (5.553997 1.597270 4.768598)
RSL inf 1 (inf inf inf)
RSR 6.07 0 (1.820026 0.573350 3.677761)
RLR 11.21 0 (4.817785 5.995519 0.392336)
LRL 11.34 0 (0.129655 5.276476 5.932220)

# 2.356194 -3.141593 1.600000
# best = 3 = RSR
LSL 9.39 0 (3.800714 2.325624 3.267870)
LSR 11.94 0 (5.335031 2.058387 4.549633)
RSL inf 1 (inf inf inf)
RSR 6.44 0 (2.039226 0.939705 3.458561)
RLR 10.83 0 (4.943676 5.808900 0.079825)
LRL 10.87 0 (0.038666 5.042274 5.789006)

# 2.356194 -3.141593 2.000000
# best = 3 = RSR
LSL 9.79 0 (3.819216 2.722905 3.249367)
LSR 12.04 0 (5.164637 2.498528 4.379239)
RSL 10.52 0 (4.484103 0.765365 5.269502)
RSR 6.82 0 (2.133413 1.325654 3.364374)
RLR 16.71 0 (4.937204 5.607582 6.168165)
LRL 16.64 0 (6.212055 4.785678 5.642206)

# 2.356194 -3.141593 2.400000
# best = 3 = RSR
LSL 10.19 0 (3.833003 3.120881 3.235580)
LSR 12.20 0 (5.028787 2.927171 4.243389)
RSL 10.38 0 (4.128265 1.334203 4.913664)
RSR 7.22 0 (2.184876 1.718044 3.312911)
RLR 16.29 0 (4.882518 5.395283 6.010552)
LRL 16.05 0 (6.079578 4.493149 5.482155)

# 2.356194 -3.141593 2.800000
# best = 3 = RSR
LSL 10.59 0 (3.843670 3.519316 3.224913)
LSR 12.40 0 (4.918376 3.348733 4.132978)
RSL 10.35 0 (3.874255 1.815051 4.659653)
RSR 7.61 0 (2.217150 2.113289 3.280637)
RLR 15.84 0 (4.802120 5.169939 5.865606)
LRL 15.33 0 (5.909761 4.132181 5.291004)

# 2.356194 -3.141593 3.200000
# best = 3 = RSR
LSL 10.99 0 (3.852167 3.918070 3.216417)
LSR 12.63 0 (4.827154 3.765594 4.041756)
RSL 10.41 0 (3.680055 2.264669 4.465454)
RSR 8.01 0 (2.239239 2.510040 3.258548)
RLR 15.35 0 (4.702480 4.926483 5.721790)
LRL 14.16 0 (5.625709 3.547084 4.989959)

# 2.356194 -3.141593 3.600000
# best = 3 = RSR
LSL 11.39 0 (3.859093 4.317054 3.209490)
LSR 12.90 0 (4.750697 4.179161 3.965299)
RSL 10.54 0 (3.527082 2.698711 4.312481)
RSR 8.41 0 (2.255292 2.907683 3.242495)
RLR 14.81 0 (4.583058 4.655531 5.570261)
LRL inf 1 (inf inf inf)

# 2.356194 -3.141593 4.000000
# best = 3 = RSR
LSL 11.78 0 (3.864848 4.716210 3.203736)
LSR 13.18 0 (4.685803 4.590324 3.900404)
RSL 10.72 0 (3.403976 3.123676 4.189374)
RSR 8.80 0 (2.267480 3.305894 3.230307)
RLR 14.17 0 (4.436259 4.337557 5.399085)
LRL inf 1 (inf inf inf)

# 2.356194 -3.141593 4.400000
# best = 3 = RSR
LSL 12.18 0 (3.869704 5.115499 3.198880)
LSR 13.47 0 (4.630105 4.999676 3.844707)
RSL 10.93 0 (3.303126 3.542833 4.088524)
RSR 9.20 0 (2.277047 3.704490 3.220740)
RLR 13.33 0 (4.234639 3.915184 5.178332)
LRL inf 1 (inf inf inf)

# 2.356194 -3.141593 4.800000
# best = 3 = RSR
LSL 12.58 0 (3.873857 5.514890 3.194727)
LSR 13.79 0 (4.581827 5.407628 3.796429)
RSL 11.18 0 (3.219227 3.958027 4.004625)
RSR 9.60 0 (2.284754 4.103360 3.213033)
RLR inf 1 (inf inf inf)
LRL inf 1 (inf inf inf)

# 2.356194 -3.141593 5.200000
# best = 3 = RSR
LSL 12.98 0 (3.877449 5.914364 3.191135)
LSR 14.11 0 (4.539611 5.814476 3.754212)
RSL 11.45 0 (3.148480 4.370388 3.933879)
RSR 10.00 0 (2.291096 4.502430 3.206691)
RLR inf 1 (inf inf inf)
LRL inf 1 (inf inf inf)

# 2.356194 -3.141593 5.600000
# best = 3 = RSR
LSL 13.38 0 (3.880586 6.313904 3.187998)
LSR 14.44 0 (4.502404 6.220435 3.717006)
RSL 11.74 0 (3.088111 4.780650 3.873510)
RSR 10.40 0 (2.296404 4.901652 3.201383)
RLR inf 1 (inf inf inf)
LRL inf 1 (inf inf inf)

# 2.356194 -3.141593 6.000000
# best = 3 = RSR
LSL 13.78 0 (3.883350 6.713499 3.185234)
LSR 14.78 0 (4.469380 6.625670 3.683982)
RSL 12.05 0 (3.036052 5.189309 3.821451)
RSR 10.80 0 (2.300913 5.300991 3.196874)
RLR inf 1 (inf inf inf)
LRL inf 1 (inf inf inf)

# 2.356194 -3.141593 6.400000
# best = 3 = RSR
LSL 14.18 0 (3.885803 7.113139 3.182780)
LSR 15.12 0 (4.439883 7.030305 3.654485)
RSL 12.36 0 (2.990738 5.596717 3.776136)
RSR 11.20 0 (2.304790 5.700423 3.192997)
RLR inf 1 (inf inf inf)
LRL inf 1 (inf inf inf)

# 2.356194 -3.141593 6.800000
# best = 3 = RSR
LSL 14.58 0 (3.887996 7.512818 3.180588)
LSR 15.48 0 (4.413384 7.434438 3.627986)
RSL 12.69 0 (2.950964 6.003128 3.736362)
RSR 11.60 0 (2.308160 6.099929 3.189627)
RLR inf 1 (inf inf inf)
LRL inf 1 (inf inf inf)

# 2.356194 -3.141593 7.200000
# best = 3 = RSR
LSL 14.98 0 (3.889966 7.912530 3.178617)
LSR 15.83 0 (4.389454 7.838148 3.604056)
RSL 13.03 0 (2.915791 6.408734 3.701190)
RSR 12.00 0 (2.311115 6.499496 3.186672)
RLR inf 1 (inf inf inf)
LRL inf 1 (inf inf inf)

# 2.356194 -3.141593 7.600000
# best = 3 = RSR
LSL 15.38 0 (3.891748 8.312269 3.176836)
LSR 16.19 0 (4.367741 8.241495 3.582343)
RSL 13.37 0 (2.884479 6.813676 3.669877)
RSR 12.40 0 (2.313727 6.899113 3.184060)
RLR inf 1 (inf inf inf)
LRL inf 1 (inf inf inf)

# 2.356194 -3.141593 8.000000
# best = 3 = RSR
LSL 15.78 0 (3.893366 8.712032 3.175218)
LSR 16.56 0 (4.347954 8.644532 3.562556)
RSL 13.72 0 (2.856433 7.218067 3.641832)
RSR 12.80 0 (2.316054 7.298772 3.181733)
RLR inf 1 (inf inf inf)
LRL inf 1 (inf inf inf)

# 2.748894 -3.141593 0.400000
# best = 3 = RSR
LSL 7.46 0 (3.437341 0.786376 3.238543)
LSR 12.20 0 (6.016372 0.560273 5.623674)
RSL inf 1 (inf inf inf)
RSR 5.97 0 (1.401790 0.078065 4.488697)
RLR 12.10 0 (4.523865 6.244150 1.327587)
LRL 12.17 0 (0.097865 5.887420 6.182253)

# 2.748894 -3.141593 0.800000
# best = 3 = RSR
LSL 7.86 0 (3.470018 1.185130 3.205866)
LSR 11.94 0 (5.641708 1.048834 5.249009)
RSL inf 1 (inf inf inf)
RSR 6.31 0 (2.568474 0.424203 3.322013)
RLR 11.75 0 (5.603816 6.070684 0.074170)
LRL 11.76 0 (0.027627 5.681589 6.046661)

# 2.748894 -3.141593 1.200000
# best = 3 = RSR
LSL 8.26 0 (3.486233 1.584512 3.189651)
LSR 11.79 0 (5.348693 1.485328 4.955995)
RSL 11.39 0 (5.193770 0.607717 5.586468)
RSR 6.71 0 (2.656028 0.820854 3.234459)
RLR 17.63 0 (5.590938 5.869821 6.169370)
LRL 17.61 0 (6.220529 5.468593 5.923948)

# 2.748894 -3.141593 1.600000
# best = 3 = RSR
LSL 8.66 0 (3.495918 1.984143 3.179966)
LSR 11.74 0 (5.114131 1.905872 4.721432)
RSL 11.14 0 (4.828217 1.087737 5.220915)
RSR 7.11 0 (2.686444 1.219695 3.204043)
RLR 17.22 0 (5.518178 5.663469 6.035777)
LRL 17.17 0 (6.118483 5.245131 5.802531)

# 2.748894 -3.141593 2.000000
# best = 3 = RSR
LSL 9.06 0 (3.502355 2.383898 3.173529)
LSR 11.78 0 (4.925193 2.319158 4.532494)
RSL 11.00 0 (4.540883 1.522178 4.933582)
RSR 7.51 0 (2.701863 1.619108 3.188624)
RLR 16.79 0 (5.426721 5.449716 5.913482)
LRL 16.69 0 (6.005469 5.006228 5.676643)

# 2.748894 -3.141593 2.400000
# best = 3 = RSR
LSL 9.46 0 (3.506943 2.783724 3.168940)
LSR 11.88 0 (4.771742 2.728487 4.379044)
RSL 10.96 0 (4.310731 1.941875 4.703430)
RSR 7.91 0 (2.711178 2.018753 3.179309)
RLR 16.34 0 (5.323750 5.225144 5.791880)
LRL 16.16 0 (5.878820 4.743754 5.540818)

# 2.748894 -3.141593 2.800000
# best = 3 = RSR
LSL 9.86 0 (3.510379 3.183593 3.165505)
LSR 12.03 0 (4.645806 3.135409 4.253107)
RSL 11.00 0 (4.125234 2.354726 4.517932)
RSR 8.31 0 (2.717415 2.418516 3.173072)
RLR 15.86 0 (5.209708 4.984586 5.665365)
LRL 15.56 0 (5.731482 4.442206 5.386608)

# 2.748894 -3.141593 3.200000
# best = 3 = RSR
LSL 10.26 0 (3.513048 3.583491 3.162836)
LSR 12.23 0 (4.541268 3.540753 4.148570)
RSL 11.11 0 (3.974452 2.763799 4.367151)
RSR 8.71 0 (2.721882 2.818345 3.168605)
RLR 15.33 0 (5.081634 4.719505 5.528358)
LRL 14.80 0 (5.544249 4.062402 5.194037)

# 2.748894 -3.141593 3.600000
# best = 3 = RSR
LSL 10.66 0 (3.515181 3.983410 3.160703)
LSR 12.46 0 (4.453504 3.945007 4.060806)
RSL 11.26 0 (3.850586 3.170558 4.243285)
RSR 9.11 0 (2.725239 3.218218 3.165248)
RLR 14.72 0 (4.931907 4.413336 5.371916)
LRL 13.32 0 (5.177085 3.323809 4.822607)

# 2.748894 -3.141593 4.000000
# best = 3 = RSR
LSL 11.06 0 (3.516925 4.383344 3.158959)
LSR 12.71 0 (4.379020 4.348474 3.986321)
RSL 11.46 0 (3.747666 3.575793 4.140364)
RSR 9.51 0 (2.727854 3.618118 3.162633)
RLR 13.94 0 (4.739171 4.022635 5.173951)
LRL inf 1 (inf inf inf)

# 2.748894 -3.141593 4.400000
# best = 3 = RSR
LSL 11.46 0 (3.518377 4.783288 3.157507)
LSR 12.99 0 (4.315164 4.751355 3.922466)
RSL 11.70 0 (3.661176 3.979968 4.053874)
RSR 9.91 0 (2.729948 4.018038 3.160539)
RLR inf 1 (inf inf inf)
LRL inf 1 (inf inf inf)

# 2.748894 -3.141593 4.800000
# best = 3 = RSR
LSL 11.86 0 (3.519605 5.183242 3.156279)
LSR 13.28 0 (4.259912 5.153787 3.867214)
RSL 11.95 0 (3.587706 4.383378 3.980404)
RSR 10.31 0 (2.731663 4.417973 3.158824)
RLR inf 1 (inf inf inf)
LRL inf 1 (inf inf inf)

# 2.748894 -3.141593 5.200000
# best = 3 = RSR
LSL 12.26 0 (3.520657 5.583202 3.155227)
LSR 13.59 0 (4.211699 5.555868 3.819001)
RSL 12.23 0 (3.524668 4.786215 3.917367)
RSR 10.71 0 (2.733094 4.817919 3.157393)
RLR inf 1 (inf inf inf)
LRL inf 1 (inf inf inf)

# 2.748894 -3.141593 5.600000
# best = 3 = RSR
LSL 12.66 0 (3.521569 5.983167 3.154315)
LSR 13.90 0 (4.169303 5.957668 3.776604)
RSL 12.52 0 (3.470082 5.188613 3.862780)
RSR 11.11 0 (2.734305 5.217873 3.156182)
RLR inf 1 (inf inf inf)
LRL inf 1 (inf inf inf)

# 2.748894 -3.141593 6.000000
# best = 3 = RSR
LSL 13.06 0 (3.522366 6.383137 3.153518)
LSR 14.23 0 (4.131760 6.359242 3.739062)
RSL 12.83 0 (3.422416 5.590667 3.815114)
RSR 11.51 0 (2.735344 5.617833 3.155143)
RLR inf 1 (inf inf inf)
LRL inf 1 (inf inf inf)

# 2.748894 -3.141593 6.400000
# best = 3 = RSR
LSL 13.46 0 (3.523069 6.783110 3.152815)
LSR 14.56 0 (4.098305 6.760629 3.705606)
RSL 13.15 0 (3.380475 5.992446 3.773173)
RSR 11.91 0 (2.736244 6.017799 3.154243)
RLR inf 1 (inf inf inf)
LRL inf 1 (inf inf inf)

# 2.748894 -3.141593 6.800000
# best = 3 = RSR
LSL 13.86 0 (3.523694 7.183086 3.152190)
LSR 14.91 0 (4.068317 7.161861 3.675619)
RSL 13.47 0 (3.343315 6.394002 3.736013)
RSR 12.31 0 (2.737033 6.417769 3.153454)
RLR inf 1 (inf inf inf)
LRL inf 1 (inf inf inf)

# 2.748894 -3.141593 7.200000
# best = 3 = RSR
LSL 14.26 0 (3.524253 7.583065 3.151631)
LSR 15.25 0 (4.041297 7.562962 3.648599)
RSL 13.81 0 (3.310182 6.795375 3.702880)
RSR 12.71 0 (2.737729 6.817742 3.152758)
RLR inf 1 (inf inf inf)
LRL inf 1 (inf inf inf)

# 2.748894 -3.141593 7.600000
# best = 3 = RSR
LSL 14.66 0 (3.524756 7.983046 3.151128)
LSR 15.60 0 (4.016831 7.963953 3.624133)
RSL 14.15 0 (3.280470 7.196594 3.673168)
RSR 13.11 0 (2.738347 7.217719 3.152140)
RLR inf 1 (inf inf inf)
LRL inf 1 (inf inf inf)

# 2.748894 -3.141593 8.000000
# best = 3 = RSR
LSL 15.06 0 (3.525211 8.383028 3.150673)
LSR 15.96 0 (3.994581 8.364849 3.601882)
RSL 14.50 0 (3.253686 7.597686 3.646384)
RSR 13.51 0 (2.738901 7.617698 3.151586)
RLR inf 1 (inf inf inf)
LRL inf 1 (inf inf inf)

# 3.141593 -3.141593 0.400000
# best = 0 = LSL
LSL 6.68 0 (3.141592 0.399999 3.141592)
LSR 12.18 0 (5.888394 0.400000 5.888395)
RSL 12.18 0 (5.888395 0.400000 5.888394)
RSR 6.68 0 (3.141593 0.400001 3.141593)
RLR 18.45 0 (6.183018 6.082850 6.183018)
LRL 18.45 0 (6.183018 6.082851 6.183018)

# 3.141593 -3.141593 0.800000
# best = 0 = LSL
LSL 7.08 0 (3.141592 0.799999 3.141592)
LSR 11.84 0 (5.522172 0.800000 5.522173)
RSL 11.84 0 (5.522173 0.800000 5.522172)
RSR 7.08 0 (3.141593 0.800001 3.141593)
RLR 18.04 0 (6.081828 5.880469 6.081828)
LRL 18.04 0 (6.081827 5.880470 6.081827)

# 3.141593 -3.141593 1.200000
# best = 0 = LSL
LSL 7.48 0 (3.141592 1.199999 3.141592)
LSR 11.60 0 (5.202346 1.200000 5.202347)
RSL 11.60 0 (5.202347 1.200000 5.202346)
RSR 7.48 0 (3.141593 1.200001 3.141593)
RLR 17.63 0 (5.978493 5.673800 5.978493)
LRL 17.63 0 (5.978492 5.673800 5.978492)

# 3.141593 -3.141593 1.600000
# best = 0 = LSL
LSL 7.88 0 (3.141592 1.599999 3.141592)
LSR 11.47 0 (4.933703 1.600000 4.933704)
RSL 11.47 0 (4.933704 1.600000 4.933703)
RSR 7.88 0 (3.141593 1.600001 3.141593)
RLR 17.20 0 (5.871669 5.460151 5.871669)
LRL 17.20 0 (5.871668 5.460152 5.871668)

# 3.141593 -3.141593 2.000000
# best = 0 = LSL
LSL 8.28 0 (3.141592 1.999999 3.141592)
LSR 11.42 0 (4.712389 2.000000 4.712389)
RSL 11.42 0 (4.712389 2.000000 4.712389)
RSR 8.28 0 (3.141593 2.000001 3.141593)
RLR 16.76 0 (5.759587 5.235987 5.759587)
LRL 16.76 0 (5.759586 5.235988 5.759586)

# 3.141593 -3.141593 2.400000
# best = 0 = LSL
LSL 8.68 0 (3.141592 2.399999 3.141592)
LSR 11.46 0 (4.531069 2.400000 4.531070)
RSL 11.46 0 (4.531070 2.400000 4.531069)
RSR 8.68 0 (3.141593 2.400001 3.141593)
RLR 16.28 0 (5.639684 4.996183 5.639684)
LRL 16.28 0 (5.639684 4.996184 5.639684)

# 3.141593 -3.141593 2.800000
# best = 0 = LSL
LSL 9.08 0 (3.141592 2.799999 3.141592)
LSR 11.56 0 (4.382091 2.800000 4.382092)
RSL 11.56 0 (4.382092 2.800000 4.382091)
RSR 9.08 0 (3.141593 2.800001 3.141593)
RLR 15.75 0 (5.507788 4.732390 5.507788)
LRL 15.75 0 (5.507788 4.732391 5.507788)

# 3.141593 -3.141593 3.200000
# best = 0 = LSL
LSL 9.48 0 (3.141592 3.199999 3.141592)
LSR 11.72 0 (4.258791 3.200000 4.258792)
RSL 11.72 0 (4.258792 3.200000 4.258791)
RSR 9.48 0 (3.141593 3.200001 3.141593)
RLR 15.14 0 (5.355890 4.428594 5.355890)
LRL 15.14 0 (5.355890 4.428595 5.355890)

# 3.141593 -3.141593 3.600000
# best = 0 = LSL
LSL 9.88 0 (3.141592 3.599999 3.141592)
LSR 11.91 0 (4.155789 3.600000 4.155790)
RSL 11.91 0 (4.155790 3.600000 4.155789)
RSR 9.88 0 (3.141593 3.600001 3.141593)
RLR 14.37 0 (5.163416 4.043645 5.163416)
LRL 14.37 0 (5.163416 4.043647 5.163416)

# 3.141593 -3.141593 4.000000
# best = 0 = LSL
LSL 10.28 0 (3.141592 3.999999 3.141592)
LSR 12.14 0 (4.068888 4.000000 4.068888)
RSL 12.14 0 (4.068888 4.000000 4.068888)
RSR 10.28 0 (3.141593 4.000001 3.141593)
RLR inf 1 (inf inf inf)
LRL 12.57 0 (4.712977 3.142770 4.712977)

# 3.141593 -3.141593 4.400000
# best = 0 = LSL
LSL 10.68 0 (3.141592 4.399999 3.141592)
LSR 12.39 0 (3.994847 4.400000 3.994848)
RSL 12.39 0 (3.994848 4.400000 3.994847)
RSR 10.68 0 (3.141593 4.400001 3.141593)
RLR inf 1 (inf inf inf)
LRL inf 1 (inf inf inf)

# 3.141593 -3.141593 4.800000
# best = 0 = LSL
LSL 11.08 0 (3.141592 4.799999 3.141592)
LSR 12.66 0 (3.931175 4.800000 3.931175)
RSL 12.66 0 (3.931175 4.800000 3.931175)
RSR 11.08 0 (3.141593 4.800001 3.141593)
RLR inf 1 (inf inf inf)
LRL inf 1 (inf inf inf)

# 3.141593 -3.141593 5.200000
# best = 0 = LSL
LSL 11.48 0 (3.141592 5.199999 3.141592)
LSR 12.95 0 (3.875940 5.200000 3.875941)
RSL 12.95 0 (3.875941 5.200000 3.875940)
RSR 11.48 0 (3.141593 5.200001 3.141593)
RLR inf 1 (inf inf inf)
LRL inf 1 (inf inf inf)

# 3.141593 -3.141593 5.600000
# best = 0 = LSL
LSL 11.88 0 (3.141592 5.599999 3.141592)
LSR 13.26 0 (3.827640 5.600000 3.827641)
RSL 13.26 0 (3.827641 5.600000 3.827640)
RSR 11.88 0 (3.141593 5.600001 3.141593)
RLR inf 1 (inf inf inf)
LRL inf 1 (inf inf inf)

# 3.141593 -3.141593 6.000000
# best = 0 = LSL
LSL 12.28 0 (3.141592 5.999999 3.141592)
LSR 13.57 0 (3.785093 6.000000 3.785094)
RSL 13.57 0 (3.785094 6.000000 3.785093)
RSR 12.28 0 (3.141593 6.000001 3.141593)
RLR inf 1 (inf inf inf)
LRL inf 1 (inf inf inf)

# 3.141593 -3.141593 6.400000
# best = 0 = LSL
LSL 12.68 0 (3.141592 6.399999 3.141592)
LSR 13.89 0 (3.747362 6.400000 3.747363)
RSL 13.89 0 (3.747363 6.400000 3.747362)
RSR 12.68 0 (3.141593 6.400001 3.141593)
RLR inf 1 (inf inf inf)
LRL inf 1 (inf inf inf)

# 3.141593 -3.141593 6.800000
# best = 0 = LSL
LSL 13.08 0 (3.141592 6.799999 3.141592)
LSR 14.23 0 (3.713695 6.800000 3.713696)
RSL 14.23 0 (3.713696 6.800000 3.713695)
RSR 13.08 0 (3.141593 6.800001 3.141593)
RLR inf 1 (inf inf inf)
LRL inf 1 (inf inf inf)

# 3.141593 -3.141593 7.200000
# best = 0 = LSL
LSL 13.48 0 (3.141592 7.199999 3.141592)
LSR 14.57 0 (3.683486 7.200000 3.683487)
RSL 14.57 0 (3.683487 7.200000 3.683486)
RSR 13.48 0 (3.141593 7.200001 3.141593)
RLR inf 1 (inf inf inf)
LRL inf 1 (inf inf inf)

# 3.141593 -3.141593 7.600000
# best = 0 = LSL
LSL 13.88 0 (3.141592 7.599999 3.141592)
LSR 14.91 0 (3.656240 7.600000 3.656240)
RSL 14.91 0 (3.656240 7.600000 3.656240)
RSR 13.88 0 (3.141593 7.600001 3.141593)
RLR inf 1 (inf inf inf)
LRL inf 1 (inf inf inf)

# 3.141593 -3.141593 8.000000
# best = 0 = LSL
LSL 14.28 0 (3.141592 7.999999 3.141592)
LSR 15.26 0 (3.631550 8.000000 3.631550)
RSL 15.26 0 (3.631550 8.000000 3.631550)
RSR 14.28 0 (3.141593 8.000001 3.141593)
RLR inf 1 (inf inf inf)
LRL inf 1 (inf inf inf)

# -3.141593 -2.748894 0.400000
# best = 3 = RSR
LSL 7.46 0 (3.238544 0.786376 3.437341)
LSR inf 1 (inf inf inf)
RSL 12.20 0 (5.623674 0.560273 6.016373)
RSR 5.97 0 (4.488705 0.078065 1.401781)
RLR 12.10 0 (1.327595 6.244150 4.523856)
LRL 12.17 0 (6.182253 5.887419 0.097865)

# -3.141593 -2.748894 0.800000
# best = 3 = RSR
LSL 7.86 0 (3.205867 1.185130 3.470018)
LSR inf 1 (inf inf inf)
RSL 11.94 0 (5.249009 1.048833 5.641708)
RSR 6.31 0 (3.322013 0.424202 2.568473)
RLR 11.75 0 (0.074170 6.070685 5.603816)
LRL 11.76 0 (6.046661 5.681589 0.027627)

# -3.141593 -2.748894 1.200000
# best = 3 = RSR
LSL 8.26 0 (3.189652 1.584513 3.486233)
LSR 11.39 0 (5.586468 0.607718 5.193769)
RSL 11.79 0 (4.955995 1.485327 5.348694)
RSR 6.71 0 (3.234459 0.820854 2.656027)
RLR 17.63 0 (6.169370 5.869822 5.590938)
LRL 17.61 0 (5.923948 5.468593 6.220529)

# -3.141593 -2.748894 1.600000
# best = 3 = RSR
LSL 8.66 0 (3.179967 1.984144 3.495918)
LSR 11.14 0 (5.220915 1.087738 4.828216)
RSL 11.74 0 (4.721432 1.905871 5.114131)
RSR 7.11 0 (3.204042 1.219694 2.686444)
RLR 17.22 0 (6.035777 5.663469 5.518179)
LRL 17.17 0 (5.802532 5.245130 6.118483)

# -3.141593 -2.748894 2.000000
# best = 3 = RSR
LSL 9.06 0 (3.173529 2.383899 3.502355)
LSR 11.00 0 (4.933582 1.522179 4.540883)
RSL 11.78 0 (4.532494 2.319157 4.925193)
RSR 7.51 0 (3.188623 1.619107 2.701863)
RLR 16.79 0 (5.913481 5.449716 5.426721)
LRL 16.69 0 (5.676643 5.006227 6.005469)

# -3.141593 -2.748894 2.400000
# best = 3 = RSR
LSL 9.46 0 (3.168941 2.783724 3.506943)
LSR 10.96 0 (4.703430 1.941876 4.310731)
RSL 11.88 0 (4.379044 2.728486 4.771743)
RSR 7.91 0 (3.179308 2.018752 2.711178)
RLR 16.34 0 (5.791880 5.225144 5.323751)
LRL 16.16 0 (5.540818 4.743754 5.878820)

# -3.141593 -2.748894 2.800000
# best = 3 = RSR
LSL 9.86 0 (3.165505 3.183594 3.510379)
LSR 11.00 0 (4.517933 2.354726 4.125234)
RSL 12.03 0 (4.253107 3.135408 4.645806)
RSR 8.31 0 (3.173071 2.418515 2.717415)
RLR 15.86 0 (5.665365 4.984586 5.209708)
LRL 15.56 0 (5.386608 4.442205 5.731481)

# -3.141593 -2.748894 3.200000
# best = 3 = RSR
LSL 10.26 0 (3.162837 3.583492 3.513048)
LSR 11.11 0 (4.367151 2.763800 3.974452)
RSL 12.23 0 (4.148570 3.540753 4.541269)
RSR 8.71 0 (3.168604 2.818345 2.721882)
RLR 15.33 0 (5.528357 4.719506 5.081635)
LRL 14.80 0 (5.194037 4.062401 5.544248)

# -3.141593 -2.748894 3.600000
# best = 3 = RSR
LSL 10.66 0 (3.160703 3.983411 3.515181)
LSR 11.26 0 (4.243285 3.170559 3.850586)
RSL 12.46 0 (4.060805 3.945006 4.453504)
RSR 9.11 0 (3.165247 3.218217 2.725239)
RLR 14.72 0 (5.371916 4.413336 4.931907)
LRL 13.32 0 (4.822606 3.323805 5.177083)

# -3.141593 -2.748894 4.000000
# best = 3 = RSR
LSL 11.06 0 (3.158960 4.383344 3.516925)
LSR 11.46 0 (4.140365 3.575793 3.747666)
RSL 12.71 0 (3.986321 4.348473 4.379020)
RSR 9.51 0 (3.162633 3.618117 2.727854)
RLR 13.94 0 (5.173950 4.022636 4.739172)
LRL inf 1 (inf inf inf)

# -3.141593 -2.748894 4.400000
# best = 3 = RSR
LSL 11.46 0 (3.157507 4.783289 3.518377)
LSR 11.70 0 (4.053875 3.979969 3.661176)
RSL 12.99 0 (3.922466 4.751354 4.315165)
RSR 9.91 0 (3.160538 4.018038 2.729948)
RLR inf 1 (inf inf inf)
LRL inf 1 (inf inf inf)

# -3.141593 -2.748894 4.800000
# best = 3 = RSR
LSL 11.86 0 (3.156279 5.183242 3.519605)
LSR 11.95 0 (3.980405 4.383378 3.587706)
RSL 13.28 0 (3.867214 5.153786 4.259913)
RSR 10.31 0 (3.158823 4.417972 2.731663)
RLR inf 1 (inf inf inf)
LRL inf 1 (inf inf inf)

# -3.141593 -2.748894 5.200000
# best = 3 = RSR
LSL 12.26 0 (3.155227 5.583202 3.520657)
LSR 12.23 0 (3.917367 4.786216 3.524668)
RSL 13.59 0 (3.819000 5.555867 4.211699)
RSR 10.71 0 (3.157392 4.817918 2.733094)
RLR inf 1 (inf inf inf)
LRL inf 1 (inf inf inf)

# -3.141593 -2.748894 5.600000
# best = 3 = RSR
LSL 12.66 0 (3.154316 5.983168 3.521569)
LSR 12.52 0 (3.862781 5.188614 3.470082)
RSL 13.90 0 (3.776604 5.957668 4.169303)
RSR 11.11 0 (3.156181 5.217872 2.734305)
RLR inf 1 (inf inf inf)
LRL inf 1 (inf inf inf)

# -3.141593 -2.748894 6.000000
# best = 3 = RSR
LSL 13.06 0 (3.153519 6.383137 3.522366)
LSR 12.83 0 (3.815115 5.590668 3.422416)
RSL 14.23 0 (3.739062 6.359241 4.131761)
RSR 11.51 0 (3.155142 5.617832 2.735344)
RLR inf 1 (inf inf inf)
LRL inf 1 (inf inf inf)

# -3.141593 -2.748894 6.400000
# best = 3 = RSR
LSL 13.46 0 (3.152815 6.783111 3.523069)
LSR 13.15 0 (3.773174 5.992447 3.380475)
RSL 14.56 0 (3.705606 6.760628 4.098305)
RSR 11.91 0 (3.154242 6.017798 2.736244)
RLR inf 1 (inf inf inf)
LRL inf 1 (inf inf inf)

# -3.141593 -2.748894 6.800000
# best = 3 = RSR
LSL 13.86 0 (3.152190 7.183087 3.523694)
LSR 13.47 0 (3.736014 6.394003 3.343315)
RSL 14.91 0 (3.675619 7.161860 4.068318)
RSR 12.31 0 (3.153453 6.417768 2.737033)
RLR inf 1 (inf inf inf)
LRL inf 1 (inf inf inf)

# -3.141593 -2.748894 7.200000
# best = 3 = RSR
LSL 14.26 0 (3.151631 7.583065 3.524253)
LSR 13.81 0 (3.702881 6.795376 3.310182)
RSL 15.25 0 (3.648598 7.562962 4.041297)
RSR 12.71 0 (3.152758 6.817742 2.737729)
RLR inf 1 (inf inf inf)
LRL inf 1 (inf inf inf)

# -3.141593 -2.748894 7.600000
# best = 3 = RSR
LSL 14.66 0 (3.151128 7.983046 3.524756)
LSR 14.15 0 (3.673169 7.196595 3.280470)
RSL 15.60 0 (3.624132 7.963952 4.016831)
RSR 13.11 0 (3.152139 7.217718 2.738347)
RLR inf 1 (inf inf inf)
LRL inf 1 (inf inf inf)

# -3.141593 -2.748894 8.000000
# best = 3 = RSR
LSL 15.06 0 (3.150673 8.383029 3.525211)
LSR 14.50 0 (3.646384 7.597686 3.253685)
RSL 15.96 0 (3.601882 8.364848 3.994581)
RSR 13.51 0 (3.151585 7.617697 2.738901)
RLR inf 1 (inf inf inf)
LRL inf 1 (inf inf inf)

# -2.748894 -2.748894 0.400000
# best = 0 = LSL
LSL 6.68 0 (2.748894 0.400000 3.534291)
LSR inf 1 (inf inf inf)
RSL 12.28 0 (5.699197 0.878802 5.699197)
RSR 6.68 0 (3.534291 0.400000 2.748894)
RLR 12.17 0 (0.292531 6.082850 5.790319)
LRL 12.17 0 (5.790319 6.082850 0.292531)

# -2.748894 -2.748894 0.800000
# best = 0 = LSL
LSL 7.08 0 (2.748894 0.800000 3.534291)
LSR inf 1 (inf inf inf)
RSL 12.11 0 (5.373981 1.365498 5.373981)
RSR 7.08 0 (3.534291 0.800000 2.748894)
RLR 11.76 0 (0.191341 5.880469 5.689129)
LRL 11.76 0 (5.689129 5.880469 0.191341)

# -2.748894 -2.748894 1.200000
# best = 0 = LSL
LSL 7.48 0 (2.748894 1.200000 3.534291)
LSR inf 1 (inf inf inf)
RSL 12.06 0 (5.124023 1.810215 5.124023)
RSR 7.48 0 (3.534291 1.200000 2.748894)
RLR 11.35 0 (0.088006 5.673800 5.585794)
LRL 11.35 0 (5.585794 5.673800 0.088006)

# -2.748894 -2.748894 1.600000
# best = 0 = LSL
LSL 7.88 0 (2.748894 1.600000 3.534291)
LSR 10.94 0 (5.301277 0.332909 5.301277)
RSL 12.09 0 (4.926719 2.238118 4.926719)
RSR 7.88 0 (3.534291 1.600000 2.748894)
RLR 17.20 0 (6.264367 5.460152 5.478970)
LRL 17.20 0 (5.478970 5.460152 6.264367)

# -2.748894 -2.748894 2.000000
# best = 0 = LSL
LSL 8.28 0 (2.748894 2.000000 3.534291)
LSR 10.67 0 (4.850356 0.968781 4.850356)
RSL 12.19 0 (4.768524 2.657342 4.768524)
RSR 8.28 0 (3.534291 2.000000 2.748894)
RLR 16.76 0 (6.152285 5.235988 5.366888)
LRL 16.76 0 (5.366888 5.235988 6.152285)

# -2.748894 -2.748894 2.400000
# best = 0 = LSL
LSL 8.68 0 (2.748894 2.400000 3.534291)
LSR 10.53 0 (4.540748 1.444383 4.540748)
RSL 12.35 0 (4.639861 3.071442 4.639861)
RSR 8.68 0 (3.534291 2.400000 2.748894)
RLR 16.28 0 (6.032383 4.996183 5.246986)
LRL 16.28 0 (5.246986 4.996183 6.032383)

# -2.748894 -2.748894 2.800000
# best = 0 = LSL
LSL 9.08 0 (2.748894 2.800000 3.534291)
LSR 10.49 0 (4.301135 1.885192 4.301135)
RSL 12.55 0 (4.533773 3.482248 4.533773)
RSR 9.08 0 (3.534291 2.800000 2.748894)
RLR 15.75 0 (5.900486 4.732390 5.115089)
LRL 15.75 0 (5.115089 4.732390 5.900486)

# -2.748894 -2.748894 3.200000
# best = 0 = LSL
LSL 9.48 0 (2.748894 3.200000 3.534291)
LSR 10.53 0 (4.111435 2.311203 4.111435)
RSL 12.78 0 (4.445161 3.890802 4.445161)
RSR 9.48 0 (3.534291 3.200000 2.748894)
RLR 15.14 0 (5.748589 4.428595 4.963191)
LRL 15.14 0 (4.963191 4.428595 5.748589)

# -2.748894 -2.748894 3.600000
# best = 0 = LSL
LSL 9.88 0 (2.748894 3.600000 3.534291)
LSR 10.65 0 (3.958955 2.729352 3.958955)
RSL 13.04 0 (4.370255 4.297748 4.370255)
RSR 9.88 0 (3.534291 3.600000 2.748894)
RLR 14.37 0 (5.556114 4.043646 4.770717)
LRL 14.37 0 (4.770717 4.043646 5.556114)

# -2.748894 -2.748894 4.000000
# best = 0 = LSL
LSL 10.28 0 (2.748894 4.000000 3.534291)
LSR 10.81 0 (3.834640 3.142781 3.834640)
RSL 13.32 0 (4.306244 4.703502 4.306244)
RSR 10.28 0 (3.534291 4.000000 2.748894)
RLR 12.57 0 (5.105088 3.141593 4.319690)
LRL 12.57 0 (4.319690 3.141593 5.105088)

# -2.748894 -2.748894 4.400000
# best = 0 = LSL
LSL 10.68 0 (2.748894 4.400000 3.534291)
LSR 11.02 0 (3.731900 3.553136 3.731900)
RSL 13.61 0 (4.250999 5.108348 4.250999)
RSR 10.68 0 (3.534291 4.400000 2.748894)
RLR inf 1 (inf inf inf)
LRL inf 1 (inf inf inf)

# -2.748894 -2.748894 4.800000
# best = 0 = LSL
LSL 11.08 0 (2.748894 4.800000 3.534291)
LSR 11.25 0 (3.645900 3.961374 3.645900)
RSL 13.92 0 (4.202894 5.512487 4.202894)
RSR 11.08 0 (3.534291 4.800000 2.748894)
RLR inf 1 (inf inf inf)
LRL inf 1 (inf inf inf)

# -2.748894 -2.748894 5.200000
# best = 0 = LSL
LSL 11.48 0 (2.748894 5.200000 3.534291)
LSR 11.51 0 (3.573060 4.368088 3.573060)
RSL 14.24 0 (4.160668 5.916063 4.160668)
RSR 11.48 0 (3.534291 5.200000 2.748894)
RLR inf 1 (inf inf inf)
LRL inf 1 (inf inf inf)

# -2.748894 -2.748894 5.600000
# best = 1 = LSR
LSL 11.88 0 (2.748894 5.600000 3.534291)
LSR 11.80 0 (3.510703 4.773667 3.510703)
RSL 14.57 0 (4.123332 6.319185 4.123332)
RSR 11.88 0 (3.534291 5.600000 2.748894)
RLR inf 1 (inf inf inf)
LRL inf 1 (inf inf inf)

# -2.748894 -2.748894 6.000000
# best = 1 = LSR
LSL 12.28 0 (2.748894 6.000000 3.534291)
LSR 12.09 0 (3.456800 5.178379 3.456800)
RSL 14.90 0 (4.090102 6.721934 4.090102)
RSR 12.28 0 (3.534291 6.000000 2.748894)
RLR inf 1 (inf inf inf)
LRL inf 1 (inf inf inf)

# -2.748894 -2.748894 6.400000
# best = 1 = LSR
LSL 12.68 0 (2.748894 6.400000 3.534291)
LSR 12.40 0 (3.409794 5.582411 3.409794)
RSL 15.25 0 (4.060349 7.124373 4.060349)
RSR 12.68 0 (3.534291 6.400000 2.748894)
RLR inf 1 (inf inf inf)
LRL inf 1 (inf inf inf)

# -2.748894 -2.748894 6.800000
# best = 1 = LSR
LSL 13.08 0 (2.748894 6.800000 3.534291)
LSR 12.72 0 (3.368479 5.985902 3.368479)
RSL 15.59 0 (4.033565 7.526552 4.033565)
RSR 13.08 0 (3.534291 6.800000 2.748894)
RLR inf 1 (inf inf inf)
LRL inf 1 (inf inf inf)

# -2.748894 -2.748894 7.200000
# best = 1 = LSR
LSL 13.48 0 (2.748894 7.200000 3.534291)
LSR 13.05 0 (3.331905 6.388954 3.331905)
RSL 15.95 0 (4.009333 7.928510 4.009333)
RSR 13.48 0 (3.534291 7.200000 2.748894)
RLR inf 1 (inf inf inf)
LRL inf 1 (inf inf inf)

# -2.748894 -2.748894 7.600000
# best = 1 = LSR
LSL 13.88 0 (2.748894 7.600000 3.534291)
LSR 13.39 0 (3.299319 6.791645 3.299319)
RSL 16.30 0 (3.987311 8.330280 3.987311)
RSR 13.88 0 (3.534291 7.600000 2.748894)
RLR inf 1 (inf inf inf)
LRL inf 1 (inf inf inf)

# -2.748894 -2.748894 8.000000
# best = 1 = LSR
LSL 14.28 0 (2.748894 8.000000 3.534291)
LSR 13.73 0 (3.270114 7.194035 3.270114)
RSL 16.67 0 (3.967214 8.731887 3.967214)
RSR 14.28 0 (3.534291 8.000000 2.748894)
RLR inf 1 (inf inf inf)
LRL inf 1 (inf inf inf)

# -2.356194 -2.748894 0.400000
# best = 0 = LSL
LSL 6.12 0 (1.120861 0.229570 4.769625)
LSR inf 1 (inf inf inf)
RSL 12.32 0 (5.889913 0.937865 5.497213)
RSR 7.43 0 (3.636236 0.756162 3.039649)
RLR 12.20 0 (0.304459 5.902815 5.991057)
LRL 11.94 0 (4.205029 6.168337 1.570608)

# -2.356194 -2.748894 0.800000
# best = 0 = LSL
LSL 6.41 0 (1.928517 0.522650 3.961968)
LSR inf 1 (inf inf inf)
RSL 12.24 0 (5.568298 1.493795 5.175598)
RSR 7.82 0 (3.736542 1.145129 2.939344)
RLR 11.80 0 (0.304605 5.702497 5.790592)
LRL 11.65 0 (4.939073 6.021111 0.689338)

# -2.356194 -2.748894 1.200000
# best = 0 = LSL
LSL 6.79 0 (2.113496 0.902011 3.776989)
LSR inf 1 (inf inf inf)
RSL 12.26 0 (5.337435 1.975666 4.944735)
RSR 8.22 0 (3.785738 1.539760 2.890147)
RLR 11.38 0 (0.249003 5.492900 5.636597)
LRL 11.26 0 (5.027630 5.828267 0.407937)

# -2.356194 -2.748894 1.600000
# best = 0 = LSL
LSL 7.18 0 (2.187861 1.293864 3.702625)
LSR inf 1 (inf inf inf)
RSL 12.36 0 (5.161119 2.427980 4.768419)
RSR 8.61 0 (3.814821 1.936595 2.861064)
RLR 10.94 0 (0.167838 5.272405 5.497267)
LRL 10.86 0 (5.000063 5.624405 0.231642)

# -2.356194 -2.748894 2.000000
# best = 0 = LSL
LSL 7.58 0 (2.227536 1.689540 3.662949)
LSR inf 1 (inf inf inf)
RSL 12.52 0 (5.022154 2.864772 4.629454)
RSR 9.01 0 (3.834001 2.334510 2.841884)
RLR 10.47 0 (0.069220 5.036808 5.360288)
LRL 10.43 0 (4.933054 5.411035 0.085281)

# -2.356194 -2.748894 2.400000
# best = 0 = LSL
LSL 7.98 0 (2.252131 2.086865 3.638354)
LSR 10.05 0 (4.523242 0.613812 4.915942)
RSL 12.72 0 (4.910097 3.292226 4.517397)
RSR 9.41 0 (3.847592 2.733034 2.828293)
RLR 16.23 0 (6.236968 4.778753 5.217670)
LRL 16.26 0 (4.844862 5.185462 6.231085)

# -2.356194 -2.748894 2.800000
# best = 0 = LSL
LSL 8.38 0 (2.268852 2.485049 3.621633)
LSR 9.91 0 (4.126874 1.258941 4.519574)
RSL 12.96 0 (4.818046 3.713567 4.425346)
RSR 9.81 0 (3.857722 3.131935 2.818163)
RLR 15.64 0 (6.099867 4.484289 5.060308)
LRL 15.78 0 (4.740092 4.942481 6.092874)

# -2.356194 -2.748894 3.200000
# best = 0 = LSL
LSL 8.77 0 (2.280952 2.883735 3.609533)
LSR 9.88 0 (3.862096 1.764398 4.254796)
RSL 13.22 0 (4.741229 4.130668 4.348529)
RSR 10.21 0 (3.865563 3.531084 2.810323)
RLR 14.92 0 (5.925427 4.119729 4.870187)
LRL 15.24 0 (4.617396 4.672888 5.945977)

# -2.356194 -2.748894 3.600000
# best = 0 = LSL
LSL 9.17 0 (2.290112 3.282741 3.600374)
LSR 9.95 0 (3.664047 2.227391 4.056747)
RSL 13.50 0 (4.676250 4.544694 4.283550)
RSR 10.61 0 (3.871810 3.930406 2.804075)
RLR 13.71 0 (5.629417 3.515213 4.561682)
LRL 14.61 0 (4.469095 4.357967 5.779357)

# -2.356194 -2.748894 4.000000
# best = 0 = LSL
LSL 9.57 0 (2.297286 3.681963 3.593200)
LSR 10.08 0 (3.509898 2.670101 3.902598)
RSL 13.80 0 (4.620631 4.956418 4.227931)
RSR 11.01 0 (3.876906 4.329854 2.798980)
RLR inf 1 (inf inf inf)
LRL 13.78 0 (4.269544 3.944517 5.565458)

# -2.356194 -2.748894 4.400000
# best = 0 = LSL
LSL 9.97 0 (2.303056 4.081337 3.587430)
LSR 10.27 0 (3.386782 3.101226 3.779482)
RSL 14.12 0 (4.572526 5.366369 4.179826)
RSR 11.41 0 (3.881140 4.729395 2.794745)
RLR inf 1 (inf inf inf)
LRL inf 1 (inf inf inf)

# -2.356194 -2.748894 4.800000
# best = 0 = LSL
LSL 10.37 0 (2.307797 4.480823 3.582688)
LSR 10.49 0 (3.286444 3.525021 3.679144)
RSL 14.44 0 (4.530536 5.774924 4.137836)
RSR 11.80 0 (3.884715 5.129007 2.791171)
RLR inf 1 (inf inf inf)
LRL inf 1 (inf inf inf)

# -2.356194 -2.748894 5.200000
# best = 1 = LSR
LSL 10.77 0 (2.311762 4.880393 3.578723)
LSR 10.74 0 (3.203277 3.943848 3.595977)
RSL 14.78 0 (4.493586 6.182360 4.100886)
RSR 12.20 0 (3.887772 5.528675 2.788113)
RLR inf 1 (inf inf inf)
LRL inf 1 (inf inf inf)

# -2.356194 -2.748894 5.600000
# best = 1 = LSR
LSL 11.17 0 (2.315127 5.280028 3.575358)
LSR 11.02 0 (3.133337 4.359141 3.526037)
RSL 15.12 0 (4.460831 6.588885 4.068131)
RSR 12.60 0 (3.890418 5.928389 2.785467)
RLR inf 1 (inf inf inf)
LRL inf 1 (inf inf inf)

# -2.356194 -2.748894 6.000000
# best = 1 = LSR
LSL 11.57 0 (2.318019 5.679714 3.572467)
LSR 11.31 0 (3.073776 4.771821 3.466476)
RSL 15.47 0 (4.431606 6.994658 4.038906)
RSR 13.00 0 (3.892729 6.328138 2.783156)
RLR inf 1 (inf inf inf)
LRL inf 1 (inf inf inf)

# -2.356194 -2.748894 6.400000
# best = 1 = LSR
LSL 11.97 0 (2.320530 6.079442 3.569956)
LSR 11.62 0 (3.022494 5.182513 3.415194)
RSL 15.82 0 (4.405376 7.399802 4.012676)
RSR 13.40 0 (3.894766 6.727917 2.781120)
RLR inf 1 (inf inf inf)
LRL inf 1 (inf inf inf)

# -2.356194 -2.748894 6.800000
# best = 1 = LSR
LSL 12.37 0 (2.322731 6.479203 3.567754)
LSR 11.94 0 (2.977909 5.591656 3.370609)
RSL 16.18 0 (4.381708 7.804416 3.989008)
RSR 13.80 0 (3.896574 7.127721 2.779311)
RLR inf 1 (inf inf inf)
LRL inf 1 (inf inf inf)

# -2.356194 -2.748894 7.200000
# best = 1 = LSR
LSL 12.77 0 (2.324676 6.878992 3.565809)
LSR 12.27 0 (2.938813 5.999565 3.331513)
RSL 16.54 0 (4.360247 8.208577 3.967547)
RSR 14.20 0 (3.898190 7.527546 2.777695)
RLR inf 1 (inf inf inf)
LRL inf 1 (inf inf inf)

# -2.356194 -2.748894 7.600000
# best = 1 = LSR
LSL 13.17 0 (2.326408 7.278805 3.564077)
LSR 12.61 0 (2.904266 6.406477 3.296966)
RSL 16.90 0 (4.340703 8.612350 3.948003)
RSR 14.60 0 (3.899643 7.927388 2.776242)
RLR inf 1 (inf inf inf)
LRL inf 1 (inf inf inf)

# -2.356194 -2.748894 8.000000
# best = 1 = LSR
LSL 13.57 0 (2.327960 7.678636 3.562526)
LSR 12.95 0 (2.873530 6.812570 3.266230)
RSL 17.27 0 (4.322831 9.015786 3.930131)
RSR 15.00 0 (3.900957 8.327246 2.774929)
RLR inf 1 (inf inf inf)
LRL inf 1 (inf inf inf)

# -1.963495 -2.748894 0.400000
# best = 0 = LSL
LSL 6.06 0 (0.137490 0.559312 5.360296)
LSR inf 1 (inf inf inf)
RSL 12.34 0 (6.168988 0.787059 5.383589)
RSR 8.15 0 (3.797849 1.085700 3.270735)
RLR 12.25 0 (0.381383 5.733439 6.137454)
LRL 11.22 0 (3.138795 6.002610 2.078415)

# -1.963495 -2.748894 0.800000
# best = 0 = LSL
LSL 6.10 0 (0.838759 0.599894 4.659027)
LSR inf 1 (inf inf inf)
RSL 12.31 0 (5.813613 1.464484 5.028214)
RSR 8.51 0 (3.936155 1.446272 3.132429)
RLR 11.87 0 (0.424613 5.543287 5.904073)
LRL 11.18 0 (3.829811 5.982102 1.366893)

# -1.963495 -2.748894 1.200000
# best = 0 = LSL
LSL 6.35 0 (1.275790 0.852593 4.221996)
LSR inf 1 (inf inf inf)
RSL 12.38 0 (5.586225 1.997489 4.800826)
RSR 8.89 0 (4.018338 1.823365 3.050247)
RLR 11.46 0 (0.403428 5.336551 5.718522)
LRL 10.92 0 (4.202587 5.853593 0.865607)

# -1.963495 -2.748894 1.600000
# best = 0 = LSL
LSL 6.69 0 (1.490975 1.189100 4.006811)
LSR inf 1 (inf inf inf)
RSL 12.54 0 (5.420618 2.480970 4.635219)
RSR 9.28 0 (4.072121 2.208533 2.996463)
RLR 11.01 0 (0.345608 5.113344 5.553135)
LRL 10.57 0 (4.330731 5.679511 0.563381)

# -1.963495 -2.748894 2.000000
# best = 0 = LSL
LSL 7.05 0 (1.608247 1.555957 3.889539)
LSR inf 1 (inf inf inf)
RSL 12.74 0 (5.293449 2.939466 4.508050)
RSR 9.67 0 (4.109856 2.598187 2.958728)
RLR 10.52 0 (0.261275 4.869209 5.393333)
LRL 10.18 0 (4.350306 5.484117 0.348412)

# -1.963495 -2.748894 2.400000
# best = 0 = LSL
LSL 7.43 0 (1.680174 1.935986 3.817612)
LSR inf 1 (inf inf inf)
RSL 12.98 0 (5.192488 3.383151 4.407089)
RSR 10.06 0 (4.137720 2.990574 2.930864)
RLR 9.97 0 (0.151621 4.594172 5.227950)
LRL 9.76 0 (4.316551 5.272753 0.170803)

# -1.963495 -2.748894 2.800000
# best = 0 = LSL
LSL 7.82 0 (1.728334 2.322733 3.769453)
LSR inf 1 (inf inf inf)
RSL 13.25 0 (5.110347 3.817193 4.324948)
RSR 10.45 0 (4.159108 3.384744 2.909476)
RLR 9.32 0 (0.008729 4.265612 5.042282)
LRL 9.30 0 (4.250359 5.044050 0.008293)

# -1.963495 -2.748894 3.200000
# best = 0 = LSL
LSL 8.21 0 (1.762689 2.713324 3.735097)
LSR 9.17 0 (3.621464 1.136755 4.406863)
RSL 13.54 0 (5.042215 4.244551 4.256816)
RSR 10.85 0 (4.176028 3.780138 2.892556)
RLR 14.68 0 (6.079920 3.807785 4.796448)
LRL 15.08 0 (4.158793 4.792208 6.131201)

# -1.963495 -2.748894 3.600000
# best = 0 = LSL
LSL 8.60 0 (1.788376 3.106312 3.709410)
LSR 9.19 0 (3.341145 1.722487 4.126544)
RSL 13.85 0 (4.984801 4.667062 4.199402)
RSR 11.24 0 (4.189741 4.176410 2.878844)
RLR inf 1 (inf inf inf)
LRL 14.51 0 (4.040753 4.504754 5.961787)

# -1.963495 -2.748894 4.000000
# best = 0 = LSL
LSL 9.00 0 (1.808284 3.500888 3.689502)
LSR 9.31 0 (3.146783 2.227490 3.932182)
RSL 14.17 0 (4.935771 5.085933 4.150372)
RSR 11.64 0 (4.201075 4.573331 2.867509)
RLR inf 1 (inf inf inf)
LRL 13.80 0 (3.883982 4.151397 5.765200)

# -1.963495 -2.748894 4.400000
# best = 0 = LSL
LSL 9.39 0 (1.824154 3.896570 3.673632)
LSR 9.49 0 (3.001126 2.697492 3.786525)
RSL 14.50 0 (4.893423 5.501996 4.108024)
RSR 12.04 0 (4.210598 4.970746 2.857987)
RLR inf 1 (inf inf inf)
LRL 12.69 0 (3.622853 3.597397 5.472331)

# -1.963495 -2.748894 4.800000
# best = 1 = LSR
LSL 9.79 0 (1.837095 4.293052 3.660691)
LSR 9.71 0 (2.887352 3.148207 3.672751)
RSL 14.84 0 (4.856485 5.915844 4.071086)
RSR 12.44 0 (4.218710 5.368545 2.849874)
RLR inf 1 (inf inf inf)
LRL inf 1 (inf inf inf)

# -1.963495 -2.748894 5.200000
# best = 1 = LSR
LSL 10.19 0 (1.847847 4.690132 3.649939)
LSR 9.96 0 (2.795913 3.586915 3.581312)
RSL 15.19 0 (4.823987 6.327912 4.038588)
RSR 12.84 0 (4.225703 5.766648 2.842882)
RLR inf 1 (inf inf inf)
LRL inf 1 (inf inf inf)

# -1.963495 -2.748894 5.600000
# best = 1 = LSR
LSL 10.59 0 (1.856919 5.087670 3.640867)
LSR 10.24 0 (2.720806 4.017550 3.506205)
RSL 15.54 0 (4.795177 6.738525 4.009778)
RSR 13.23 0 (4.231792 6.164997 2.836793)
RLR inf 1 (inf inf inf)
LRL inf 1 (inf inf inf)

# -1.963495 -2.748894 6.000000
# best = 1 = LSR
LSL 10.98 0 (1.864676 5.485565 3.633110)
LSR 10.54 0 (2.658023 4.442461 3.443422)
RSL 15.90 0 (4.769465 7.147934 3.984066)
RSR 13.63 0 (4.237142 6.563547 2.831443)
RLR inf 1 (inf inf inf)
LRL inf 1 (inf inf inf)

# -1.963495 -2.748894 6.400000
# best = 1 = LSR
LSL 11.38 0 (1.871383 5.883746 3.626403)
LSR 10.86 0 (2.604772 4.863148 3.390171)
RSL 16.26 0 (4.746378 7.556336 3.960979)
RSR 14.03 0 (4.241879 6.962263 2.826705)
RLR inf 1 (inf inf inf)
LRL inf 1 (inf inf inf)

# -1.963495 -2.748894 6.800000
# best = 1 = LSR
LSL 11.78 0 (1.877240 6.282158 3.620546)
LSR 11.18 0 (2.559046 5.280621 3.344445)
RSL 16.63 0 (4.725535 7.963885 3.940136)
RSR 14.43 0 (4.246103 7.361118 2.822481)
RLR inf 1 (inf inf inf)
LRL inf 1 (inf inf inf)

# -1.963495 -2.748894 7.200000
# best = 1 = LSR
LSL 12.18 0 (1.882398 6.680760 3.615388)
LSR 11.52 0 (2.519362 5.695587 3.304761)
RSL 17.00 0 (4.706626 8.370706 3.921227)
RSR 14.83 0 (4.249893 7.760091 2.818692)
RLR inf 1 (inf inf inf)
LRL inf 1 (inf inf inf)

# -1.963495 -2.748894 7.600000
# best = 1 = LSR
LSL 12.58 0 (1.886975 7.079520 3.610811)
LSR 11.86 0 (2.484604 6.108556 3.270003)
RSL 17.37 0 (4.689393 8.776900 3.903994)
RSR 15.23 0 (4.253312 8.159165 2.815273)
RLR inf 1 (inf inf inf)
LRL inf 1 (inf inf inf)

# -1.963495 -2.748894 8.000000
# best = 1 = LSR
LSL 12.98 0 (1.891064 7.478412 3.606722)
LSR 12.21 0 (2.453912 6.519909 3.239311)
RSL 17.74 0 (4.673625 9.182550 3.888226)
RSR 15.63 0 (4.256412 8.558325 2.812172)
RLR inf 1 (inf inf inf)
LRL inf 1 (inf inf inf)

# -1.570796 -2.748894 0.400000
# best = 2 = RSL
LSL 12.34 0 (6.052163 0.949095 5.336110)
LSR inf 1 (inf inf inf)
RSL 6.06 0 (0.389617 0.177516 5.494704)
RSR 8.84 0 (3.975088 1.374223 3.486196)
RLR 12.34 0 (0.482795 5.581784 6.277088)
LRL 10.43 0 (2.671011 5.804068 1.954959)

# -1.570796 -2.748894 0.800000
# best = 0 = LSL
LSL 6.05 0 (0.195216 0.941768 4.909871)
LSR inf 1 (inf inf inf)
RSL 12.33 0 (6.117171 1.271872 4.939073)
RSR 9.15 0 (4.134714 1.691846 3.326570)
RLR 12.00 0 (0.556410 5.409763 6.031451)
LRL 10.44 0 (3.099135 5.807839 1.530605)

# -1.570796 -2.748894 1.200000
# best = 0 = LSL
LSL 6.20 0 (0.562681 1.092279 4.542406)
LSR inf 1 (inf inf inf)
RSL 12.45 0 (5.872991 1.877180 4.694893)
RSR 9.50 0 (4.242064 2.038675 3.219220)
RLR 11.61 0 (0.565671 5.213586 5.826013)
LRL 10.28 0 (3.427691 5.730020 1.124231)

# -1.570796 -2.748894 1.600000
# best = 0 = LSL
LSL 6.45 0 (0.816230 1.348785 4.288857)
LSR inf 1 (inf inf inf)
RSL 12.64 0 (5.707933 2.397906 4.529835)
RSR 9.86 0 (4.317599 2.402093 3.143684)
RLR 11.17 0 (0.531851 4.994875 5.641122)
LRL 10.01 0 (3.613886 5.595311 0.803327)

# -1.570796 -2.748894 2.000000
# best = 0 = LSL
LSL 6.77 0 (0.981747 1.662939 4.123340)
LSR inf 1 (inf inf inf)
RSL 12.87 0 (5.585947 2.880295 4.407849)
RSR 10.24 0 (4.373056 2.775590 3.088228)
RLR 10.68 0 (0.464575 4.749410 5.462933)
LRL 9.67 0 (3.694589 5.425684 0.552997)

# -1.570796 -2.748894 2.400000
# best = 0 = LSL
LSL 7.11 0 (1.092653 2.007863 4.012434)
LSR inf 1 (inf inf inf)
RSL 13.15 0 (5.491346 3.340994 4.313248)
RSR 10.62 0 (4.415261 3.155591 3.046022)
RLR 10.11 0 (0.364655 4.465159 5.278602)
LRL 9.28 0 (3.708376 5.231445 0.344971)

# -1.570796 -2.748894 2.800000
# best = 0 = LSL
LSL 7.48 0 (1.170385 2.370160 3.934702)
LSR inf 1 (inf inf inf)
RSL 13.44 0 (5.415571 3.787927 4.237473)
RSR 11.00 0 (4.448349 3.540001 3.012934)
RLR 9.40 0 (0.220262 4.110196 5.068032)
LRL 8.85 0 (3.677770 5.014768 0.158901)

# -1.570796 -2.748894 3.200000
# best = 0 = LSL
LSL 7.85 0 (1.227259 2.742956 3.877828)
LSR 8.41 0 (3.416824 0.395214 4.594922)
RSL 13.75 0 (5.353403 4.225463 4.175305)
RSR 11.39 0 (4.474932 3.927526 2.986351)
RLR 14.51 0 (6.236377 3.522889 4.747796)
LRL 14.65 0 (3.613234 4.771948 6.263802)

# -1.570796 -2.748894 3.600000
# best = 0 = LSL
LSL 8.23 0 (1.270420 3.122491 3.834667)
LSR 8.41 0 (2.949385 1.330431 4.127483)
RSL 14.08 0 (5.301427 4.656252 4.123329)
RSR 11.78 0 (4.496728 4.317327 2.964555)
RLR inf 1 (inf inf inf)
LRL 14.09 0 (3.516351 4.491862 6.080598)

# -1.570796 -2.748894 4.000000
# best = 1 = LSR
LSL 8.61 0 (1.304178 3.506579 3.800909)
LSR 8.53 0 (2.714750 1.924552 3.892848)
RSL 14.42 0 (5.257302 5.082010 4.079204)
RSR 12.17 0 (4.514907 4.708840 2.946376)
RLR inf 1 (inf inf inf)
LRL 13.40 0 (3.376927 4.145498 5.873658)

# -1.570796 -2.748894 4.400000
# best = 1 = LSR
LSL 9.00 0 (1.331246 3.893873 3.773841)
LSR 8.73 0 (2.554375 2.440851 3.732473)
RSL 14.76 0 (5.219360 5.503906 4.041262)
RSR 12.56 0 (4.530291 5.101669 2.930992)
RLR inf 1 (inf inf inf)
LRL 12.31 0 (3.132911 3.603328 5.575505)

# -1.570796 -2.748894 4.800000
# best = 1 = LSR
LSL 9.39 0 (1.353404 4.283502 3.751683)
LSR 8.97 0 (2.435235 2.920892 3.613333)
RSL 15.12 0 (5.186380 5.922763 4.008282)
RSR 12.96 0 (4.543472 5.495532 2.917811)
RLR inf 1 (inf inf inf)
LRL inf 1 (inf inf inf)

# -1.570796 -2.748894 5.200000
# best = 1 = LSR
LSL 9.78 0 (1.371860 4.674884 3.733227)
LSR 9.24 0 (2.342539 3.380157 3.520637)
RSL 15.48 0 (5.157442 6.339185 3.979344)
RSR 13.35 0 (4.554889 5.890223 2.906394)
RLR inf 1 (inf inf inf)
LRL inf 1 (inf inf inf)

# -1.570796 -2.748894 5.600000
# best = 1 = LSR
LSL 10.17 0 (1.387460 5.067611 3.717627)
LSR 9.54 0 (2.268116 3.826136 3.446214)
RSL 15.84 0 (5.131845 6.753622 3.953747)
RSR 13.75 0 (4.564871 6.285585 2.896412)
RLR inf 1 (inf inf inf)
LRL inf 1 (inf inf inf)

# -1.570796 -2.748894 6.000000
# best = 1 = LSR
LSL 10.57 0 (1.400813 5.461395 3.704274)
LSR 9.85 0 (2.206945 4.263000 3.385043)
RSL 16.21 0 (5.109038 7.166419 3.930940)
RSR 14.14 0 (4.573670 6.681500 2.887613)
RLR inf 1 (inf inf inf)
LRL inf 1 (inf inf inf)

# -1.570796 -2.748894 6.400000
# best = 1 = LSR
LSL 10.96 0 (1.412368 5.856021 3.692719)
LSR 10.18 0 (2.155730 4.693295 3.333828)
RSL 16.58 0 (5.088589 7.577843 3.910491)
RSR 14.54 0 (4.581485 7.077873 2.879798)
RLR inf 1 (inf inf inf)
LRL inf 1 (inf inf inf)

# -1.570796 -2.748894 6.800000
# best = 1 = LSR
LSL 11.36 0 (1.422463 6.251330 3.682624)
LSR 10.52 0 (2.112199 5.118679 3.290297)
RSL 16.95 0 (5.070149 7.988107 3.892051)
RSR 14.94 0 (4.588470 7.474633 2.872813)
RLR inf 1 (inf inf inf)
LRL inf 1 (inf inf inf)

# -1.570796 -2.748894 7.200000
# best = 1 = LSR
LSL 11.75 0 (1.431357 6.647200 3.673731)
LSR 10.87 0 (2.074730 5.540282 3.252828)
RSL 17.33 0 (5.053434 8.397381 3.875336)
RSR 15.33 0 (4.594751 7.871721 2.866532)
RLR inf 1 (inf inf inf)
LRL inf 1 (inf inf inf)

# -1.570796 -2.748894 7.600000
# best = 1 = LSR
LSL 12.15 0 (1.439250 7.043537 3.665837)
LSR 11.22 0 (2.042132 5.958908 3.220230)
RSL 17.70 0 (5.038214 8.805802 3.860116)
RSR 15.73 0 (4.600429 8.269090 2.860855)
RLR inf 1 (inf inf inf)
LRL inf 1 (inf inf inf)

# -1.570796 -2.748894 8.000000
# best = 1 = LSR
LSL 12.55 0 (1.446302 7.440266 3.658786)
LSR 11.58 0 (2.013509 6.375142 3.191607)
RSL 18.08 0 (5.024296 9.213484 3.846198)
RSR 16.13 0 (4.605585 8.666701 2.855698)
RLR inf 1 (inf inf inf)
LRL inf 1 (inf inf inf)

# -1.178097 -2.748894 0.400000
# best = 4 = RLR
LSL 12.31 0 (5.782837 1.314171 5.212737)
LSR inf 1 (inf inf inf)
RSL inf 1 (inf inf inf)
RSR 9.46 0 (4.158552 1.610267 3.695430)
RLR 6.20 0 (0.602641 5.454547 0.139518)
LRL 9.66 0 (2.306484 5.613665 1.736384)

# -1.178097 -2.748894 0.800000
# best = 2 = RSL
LSL 12.33 0 (6.086034 1.331949 4.909539)
LSR inf 1 (inf inf inf)
RSL 6.05 0 (0.240314 0.854692 4.952703)
RSR 9.73 0 (4.332770 1.872409 3.521213)
RLR 12.19 0 (0.704035 5.308901 6.175663)
LRL 9.64 0 (2.604972 5.604246 1.428477)

# -1.178097 -2.748894 1.200000
# best = 0 = LSL
LSL 6.18 0 (0.074324 1.463260 4.638065)
LSR inf 1 (inf inf inf)
RSL 12.46 0 (6.212295 1.604914 4.641498)
RSR 10.03 0 (4.461342 2.176895 3.392640)
RLR 11.84 0 (0.744286 5.132258 5.958769)
LRL 9.50 0 (2.841408 5.534169 1.121964)

# -1.178097 -2.748894 1.600000
# best = 0 = LSL
LSL 6.39 0 (0.288335 1.681717 4.424054)
LSR inf 1 (inf inf inf)
RSL 12.67 0 (6.032139 2.177383 4.461342)
RSR 10.36 0 (4.557201 2.508352 3.296782)
RLR 11.43 0 (0.737799 4.927567 5.760565)
LRL 9.26 0 (2.996009 5.415348 0.848543)

# -1.178097 -2.748894 2.000000
# best = 0 = LSL
LSL 6.67 0 (0.447696 1.958371 4.264693)
LSR inf 1 (inf inf inf)
RSL 12.93 0 (5.906974 2.688168 4.336177)
RSR 10.71 0 (4.630183 2.857409 3.223800)
RLR 10.95 0 (0.692892 4.691789 5.569694)
LRL 8.95 0 (3.077666 5.259940 0.611477)

# -1.178097 -2.748894 2.400000
# best = 0 = LSL
LSL 6.98 0 (0.565424 2.272060 4.146965)
LSR inf 1 (inf inf inf)
RSL 13.22 0 (5.813307 3.167254 4.242510)
RSR 11.07 0 (4.687044 3.218345 3.166938)
RLR 10.40 0 (0.610473 4.413229 5.373552)
LRL 8.58 0 (3.102924 5.075001 0.401280)

# -1.178097 -2.748894 2.800000
# best = 0 = LSL
LSL 7.32 0 (0.653688 2.609464 4.058701)
LSR inf 1 (inf inf inf)
RSL 13.54 0 (5.740028 3.627223 4.169231)
RSR 11.44 0 (4.732324 3.587576 3.121658)
RLR 9.69 0 (0.478036 4.057794 5.150555)
LRL 8.15 0 (3.084578 4.861781 0.206406)

# -1.178097 -2.748894 3.200000
# best = 5 = LRL
LSL 7.67 0 (0.721345 2.962490 3.991044)
LSR inf 1 (inf inf inf)
RSL 13.87 0 (5.680908 4.074555 4.110111)
RSR 11.82 0 (4.769094 3.962784 3.084889)
RLR 8.40 0 (0.193221 3.414626 4.792202)
LRL 7.66 0 (3.028941 4.615193 0.015455)

# -1.178097 -2.748894 3.600000
# best = 1 = LSR
LSL 8.04 0 (0.774408 3.326167 3.937980)
LSR 7.66 0 (2.423436 1.246093 3.994233)
RSL 14.21 0 (5.632099 4.513009 4.061302)
RSR 12.20 0 (4.799469 4.342420 3.054513)
RLR inf 1 (inf inf inf)
LRL 13.35 0 (2.934123 4.319430 6.097695)

# -1.178097 -2.748894 4.000000
# best = 1 = LSR
LSL 8.41 0 (0.816917 3.697354 3.895471)
LSR 7.84 0 (2.191781 1.883481 3.762578)
RSL 14.56 0 (5.591063 4.944947 4.020266)
RSR 12.58 0 (4.824941 4.725418 3.029041)
RLR inf 1 (inf inf inf)
LRL 12.56 0 (2.779211 3.924588 5.857765)

# -1.178097 -2.748894 4.400000
# best = 1 = LSR
LSL 8.79 0 (0.851620 4.074000 3.860768)
LSR 8.08 0 (2.041709 2.421208 3.612506)
RSL 14.91 0 (5.556049 5.371941 3.985252)
RSR 12.97 0 (4.846582 5.111020 3.007400)
RLR inf 1 (inf inf inf)
LRL inf 1 (inf inf inf)

# -1.178097 -2.748894 4.800000
# best = 1 = LSR
LSL 9.17 0 (0.880421 4.454718 3.831967)
LSR 8.35 0 (1.933140 2.914961 3.503937)
RSL 15.28 0 (5.525804 5.795084 3.955007)
RSR 13.35 0 (4.865180 5.498680 2.988803)
RLR inf 1 (inf inf inf)
LRL inf 1 (inf inf inf)

# -1.178097 -2.748894 5.200000
# best = 1 = LSR
LSL 9.55 0 (0.904671 4.838549 3.807718)
LSR 8.65 0 (1.849996 3.384043 3.420793)
RSL 15.64 0 (5.499403 6.215163 3.928606)
RSR 13.74 0 (4.881323 5.887992 2.972660)
RLR inf 1 (inf inf inf)
LRL inf 1 (inf inf inf)

# -1.178097 -2.748894 5.600000
# best = 1 = LSR
LSL 9.94 0 (0.925345 5.224806 3.787043)
LSR 8.98 0 (1.783928 3.837512 3.354725)
RSL 16.01 0 (5.476151 6.632759 3.905354)
RSR 14.13 0 (4.895460 6.278646 2.958522)
RLR inf 1 (inf inf inf)
LRL inf 1 (inf inf inf)

# -1.178097 -2.748894 6.000000
# best = 1 = LSR
LSL 10.33 0 (0.943167 5.612989 3.769221)
LSR 9.31 0 (1.730008 4.280333 3.300805)
RSL 16.39 0 (5.455511 7.048315 3.884714)
RSR 14.52 0 (4.907939 6.670409 2.946043)
RLR inf 1 (inf inf inf)
LRL inf 1 (inf inf inf)

# -1.178097 -2.748894 6.400000
# best = 1 = LSR
LSL 10.72 0 (0.958679 6.002723 3.753709)
LSR 9.66 0 (1.685089 4.715506 3.255886)
RSL 16.77 0 (5.437063 7.462171 3.866266)
RSR 14.92 0 (4.919032 7.063095 2.934950)
RLR inf 1 (inf inf inf)
LRL inf 1 (inf inf inf)

# -1.178097 -2.748894 6.800000
# best = 1 = LSR
LSL 11.11 0 (0.972296 6.393726 3.740092)
LSR 10.01 0 (1.647049 5.144973 3.217846)
RSL 17.14 0 (5.420472 7.874595 3.849675)
RSR 15.31 0 (4.928956 7.456559 2.925027)
RLR inf 1 (inf inf inf)
LRL inf 1 (inf inf inf)

# -1.178097 -2.748894 7.200000
# best = 1 = LSR
LSL 11.50 0 (0.984343 6.785777 3.728046)
LSR 10.37 0 (1.614396 5.570054 3.185193)
RSL 17.53 0 (5.405470 8.285801 3.834673)
RSR 15.70 0 (4.937884 7.850683 2.916099)
RLR inf 1 (inf inf inf)
LRL inf 1 (inf inf inf)

# -1.178097 -2.748894 7.600000
# best = 1 = LSR
LSL 11.89 0 (0.995071 7.178706 3.717317)
LSR 10.73 0 (1.586047 5.991682 3.156844)
RSL 17.91 0 (5.391838 8.695962 3.821041)
RSR 16.10 0 (4.945957 8.245374 2.908025)
RLR inf 1 (inf inf inf)
LRL inf 1 (inf inf inf)

# -1.178097 -2.748894 8.000000
# best = 1 = LSR
LSL 12.28 0 (1.004686 7.572375 3.707703)
LSR 11.10 0 (1.561193 6.410538 3.131990)
RSL 18.29 0 (5.379395 9.105218 3.808598)
RSR 16.49 0 (4.953293 8.640552 2.900689)
RLR inf 1 (inf inf inf)
LRL inf 1 (inf inf inf)

# -0.785398 -2.748894 0.400000
# best = 4 = RLR
LSL 12.24 0 (5.544092 1.632737 5.058783)
LSR inf 1 (inf inf inf)
RSL inf 1 (inf inf inf)
RSR 10.03 0 (4.344980 1.784631 3.901701)
RLR 6.40 0 (0.740920 5.358250 0.297641)
LRL 8.92 0 (1.982035 5.442257 1.496726)

# -0.785398 -2.748894 0.800000
# best = 4 = RLR
LSL 12.30 0 (5.781509 1.698909 4.821366)
LSR inf 1 (inf inf inf)
RSL inf 1 (inf inf inf)
RSR 10.23 0 (4.530576 1.981021 3.716105)
RLR 6.17 0 (0.870855 5.246928 0.056384)
LRL 8.85 0 (2.201256 5.405864 1.241113)

# -0.785398 -2.748894 1.200000
# best = 2 = RSL
LSL 12.45 0 (5.990469 1.851149 4.612405)
LSR inf 1 (inf inf inf)
RSL 6.18 0 (0.363290 1.135838 4.682979)
RSR 10.48 0 (4.678630 2.232484 3.568051)
RLR 12.16 0 (0.944918 5.098946 6.117524)
LRL 8.68 0 (2.367740 5.320912 0.989676)

# -0.785398 -2.748894 1.600000
# best = 2 = RSL
LSL 12.67 0 (6.161511 2.070558 4.441364)
LSR inf 1 (inf inf inf)
RSL 6.39 0 (0.129800 1.811618 4.449490)
RSR 10.77 0 (4.794735 2.522603 3.451946)
RLR 11.80 0 (0.970751 4.918403 5.911148)
LRL 8.43 0 (2.475828 5.195006 0.755681)

# -0.785398 -2.748894 2.000000
# best = 0 = LSL
LSL 6.66 0 (0.013484 2.338306 4.306205)
LSR inf 1 (inf inf inf)
RSL 12.94 0 (6.269778 2.365120 4.306282)
RSR 11.09 0 (4.885939 2.839553 3.360742)
RLR 11.37 0 (0.955007 4.704506 5.712995)
LRL 8.11 0 (2.530719 5.034470 0.540255)

# -0.785398 -2.748894 2.400000
# best = 0 = LSL
LSL 6.96 0 (0.119376 2.639722 4.200313)
LSR inf 1 (inf inf inf)
RSL 13.24 0 (6.168764 2.868035 4.205268)
RSR 11.42 0 (4.958358 3.175311 3.288323)
RLR 10.86 0 (0.899688 4.449030 5.512838)
LRL 7.72 0 (2.540242 4.841733 0.337994)

# -0.785398 -2.748894 2.800000
# best = 5 = LRL
LSL 7.28 0 (0.202840 2.964557 4.116850)
LSR inf 1 (inf inf inf)
RSL 13.56 0 (6.092566 3.343270 4.129070)
RSR 11.77 0 (5.016686 3.524506 3.229996)
RLR 10.22 0 (0.796854 4.126707 5.293349)
LRL 7.26 0 (2.509667 4.613654 0.140491)

# -0.785398 -2.748894 3.200000
# best = 1 = LSR
LSL 7.63 0 (0.269456 3.305912 4.050233)
LSR 6.91 0 (2.118731 0.707091 4.082227)
RSL 13.90 0 (6.032622 3.801222 4.069126)
RSR 12.13 0 (5.064367 3.883514 3.182314)
RLR 9.21 0 (0.593904 3.625444 4.995036)
LRL 12.99 0 (2.438226 4.337540 6.219003)

# -0.785398 -2.748894 3.600000
# best = 1 = LSR
LSL 7.98 0 (0.323413 3.659169 3.996276)
LSR 7.07 0 (1.788559 1.532366 3.752055)
RSL 14.25 0 (5.984048 4.247484 4.020552)
RSR 12.50 0 (5.103906 4.249849 3.142775)
RLR inf 1 (inf inf inf)
LRL 12.27 0 (2.310012 3.973199 5.982876)

# -0.785398 -2.748894 4.000000
# best = 1 = LSR
LSL 8.34 0 (0.367765 4.021191 3.951924)
LSR 7.32 0 (1.614814 2.125162 3.578310)
RSL 14.61 0 (5.943795 4.685397 3.980299)
RSR 12.87 0 (5.137127 4.621770 3.109554)
RLR inf 1 (inf inf inf)
LRL inf 1 (inf inf inf)

# -0.785398 -2.748894 4.400000
# best = 1 = LSR
LSL 8.71 0 (0.404732 4.389811 3.914958)
LSR 7.61 0 (1.497922 2.646598 3.461418)
RSL 14.97 0 (5.909843 5.117107 3.946347)
RSR 13.24 0 (5.165373 4.998029 3.081308)
RLR inf 1 (inf inf inf)
LRL inf 1 (inf inf inf)

# -0.785398 -2.748894 4.800000
# best = 1 = LSR
LSL 9.08 0 (0.435936 4.763497 3.883754)
LSR 7.92 0 (1.411981 3.132515 3.375477)
RSL 15.34 0 (5.880792 5.544061 3.917296)
RSR 13.62 0 (5.189648 5.377717 3.057033)
RLR inf 1 (inf inf inf)
LRL inf 1 (inf inf inf)

# -0.785398 -2.748894 5.200000
# best = 1 = LSR
LSL 9.46 0 (0.462578 5.141144 3.857111)
LSR 8.25 0 (1.345502 3.597335 3.308998)
RSL 15.72 0 (5.855632 5.967281 3.892136)
RSR 14.01 0 (5.210711 5.760154 3.035971)
RLR inf 1 (inf inf inf)
LRL inf 1 (inf inf inf)

# -0.785398 -2.748894 5.600000
# best = 1 = LSR
LSL 9.84 0 (0.485561 5.521940 3.834129)
LSR 8.60 0 (1.292284 4.048331 3.255780)
RSL 16.09 0 (5.833621 6.387509 3.870125)
RSR 14.39 0 (5.229143 6.144828 3.017538)
RLR inf 1 (inf inf inf)
LRL inf 1 (inf inf inf)

# -0.785398 -2.748894 6.000000
# best = 1 = LSR
LSL 10.22 0 (0.505569 5.905276 3.814120)
LSR 8.95 0 (1.248594 4.489672 3.212090)
RSL 16.47 0 (5.814194 6.805300 3.850698)
RSR 14.78 0 (5.245399 6.531344 3.001282)
RLR inf 1 (inf inf inf)
LRL inf 1 (inf inf inf)

# -0.785398 -2.748894 6.400000
# best = 1 = LSR
LSL 10.61 0 (0.523132 6.290687 3.796558)
LSR 9.31 0 (1.212018 4.923954 3.175514)
RSL 16.85 0 (5.796916 7.221076 3.833420)
RSR 15.17 0 (5.259836 6.919392 2.986846)
RLR inf 1 (inf inf inf)
LRL inf 1 (inf inf inf)

# -0.785398 -2.748894 6.800000
# best = 1 = LSR
LSL 11.00 0 (0.538663 6.677815 3.781027)
LSR 9.68 0 (1.180911 5.352896 3.144407)
RSL 17.23 0 (5.781445 7.635167 3.817949)
RSR 15.56 0 (5.272736 7.308730 2.973945)
RLR inf 1 (inf inf inf)
LRL inf 1 (inf inf inf)

# -0.785398 -2.748894 7.200000
# best = 1 = LSR
LSL 11.39 0 (0.552488 7.066376 3.767201)
LSR 10.05 0 (1.154109 5.777686 3.117605)
RSL 17.62 0 (5.767510 8.047832 3.804014)
RSR 15.95 0 (5.284330 7.699160 2.962351)
RLR inf 1 (inf inf inf)
LRL inf 1 (inf inf inf)

# -0.785398 -2.748894 7.600000
# best = 1 = LSR
LSL 11.78 0 (0.564871 7.456147 3.754818)
LSR 10.42 0 (1.130764 6.199180 3.094260)
RSL 18.01 0 (5.754891 8.459281 3.791395)
RSR 16.34 0 (5.294804 8.090526 2.951877)
RLR inf 1 (inf inf inf)
LRL inf 1 (inf inf inf)

# -0.785398 -2.748894 8.000000
# best = 1 = LSR
LSL 12.17 0 (0.576022 7.846948 3.743668)
LSR 10.80 0 (1.110237 6.618006 3.073733)
RSL 18.39 0 (5.743409 8.869682 3.779913)
RSR 16.73 0 (5.304310 8.482697 2.942371)
RLR inf 1 (inf inf inf)
LRL inf 1 (inf inf inf)

# -0.392699 -2.748894 0.400000
# best = 4 = RLR
LSL 12.10 0 (5.318277 1.890559 4.891899)
LSR inf 1 (inf inf inf)
RSL inf 1 (inf inf inf)
RSR 10.53 0 (4.532879 1.890559 4.106501)
RLR 6.67 0 (0.899002 5.298617 0.472625)
LRL 8.24 0 (1.684400 5.298618 1.258022)

# -0.392699 -2.748894 0.800000
# best = 4 = RLR
LSL 12.22 0 (5.513679 2.013508 4.696497)
LSR inf 1 (inf inf inf)
RSL inf 1 (inf inf inf)
RSR 10.65 0 (4.728281 2.013508 3.911099)
RLR 6.53 0 (1.059186 5.228180 0.242004)
LRL 8.10 0 (1.844583 5.228180 1.027402)

# -0.392699 -2.748894 1.200000
# best = 4 = RLR
LSL 12.41 0 (5.681066 2.203228 4.529110)
LSR inf 1 (inf inf inf)
RSL inf 1 (inf inf inf)
RSR 10.84 0 (4.895668 2.203228 3.743712)
RLR 6.31 0 (1.170745 5.116523 0.018789)
LRL 7.88 0 (1.956142 5.116524 0.804186)

# -0.392699 -2.748894 1.600000
# best = 2 = RSL
LSL 12.65 0 (5.818748 2.444220 4.391427)
LSR inf 1 (inf inf inf)
RSL 6.42 0 (0.614867 1.262917 4.541858)
RSR 11.08 0 (5.033351 2.444221 3.606030)
RLR 12.29 0 (1.234365 4.968399 6.090229)
LRL 7.58 0 (2.019763 4.968400 0.592442)

# -0.392699 -2.748894 2.000000
# best = 2 = RSL
LSL 12.93 0 (5.930032 2.722905 4.280144)
LSR inf 1 (inf inf inf)
RSL 6.67 0 (0.415771 1.909778 4.342761)
RSR 11.36 0 (5.144634 2.722906 3.494747)
RLR 11.93 0 (1.254287 4.785678 5.887585)
LRL 7.22 0 (2.039685 4.785678 0.389798)

# -0.392699 -2.748894 2.400000
# best = 5 = LRL
LSL 13.24 0 (6.019768 3.028896 4.190407)
LSR inf 1 (inf inf inf)
RSL 6.96 0 (0.291224 2.453476 4.218214)
RSR 11.67 0 (5.234371 3.028897 3.405010)
RLR 11.49 0 (1.233725 4.565080 5.687550)
LRL 6.77 0 (2.019123 4.565080 0.189762)

# -0.392699 -2.748894 2.800000
# best = 1 = LSR
LSL 13.56 0 (6.092571 3.354730 4.117604)
LSR 6.29 0 (1.778722 0.373810 4.134917)
RSL 7.28 0 (0.202837 2.951582 4.129827)
RSR 11.99 0 (5.307173 3.354730 3.332207)
RLR 10.94 0 (1.170721 4.293466 5.478940)
LRL 12.51 0 (1.956119 4.293466 6.264338)

# -0.392699 -2.748894 3.200000
# best = 1 = LSR
LSL 13.91 0 (6.152230 3.695161 4.057946)
LSR 6.46 0 (1.356699 1.388323 3.712894)
RSL 7.62 0 (0.135950 3.424052 4.062940)
RSR 12.33 0 (5.366832 3.695161 3.272549)
RLR 10.21 0 (1.047375 3.927457 5.236277)
LRL 11.78 0 (1.832773 3.927458 6.021675)

# -0.392699 -2.748894 3.600000
# best = 1 = LSR
LSL 14.26 0 (6.201680 4.046506 4.008496)
LSR 6.72 0 (1.175910 2.008768 3.532105)
RSL 7.97 0 (0.083216 3.880261 4.010206)
RSR 12.69 0 (5.416282 4.046507 3.223098)
RLR inf 1 (inf inf inf)
LRL inf 1 (inf inf inf)

# -0.392699 -2.748894 4.000000
# best = 1 = LSR
LSL 14.62 0 (6.243146 4.406156 3.967030)
LSR 7.02 0 (1.059287 2.542215 3.415482)
RSL 8.33 0 (0.040410 4.325357 3.967400)
RSR 13.05 0 (5.457748 4.406157 3.181633)
RLR inf 1 (inf inf inf)
LRL inf 1 (inf inf inf)

# -0.392699 -2.748894 4.400000
# best = 1 = LSR
LSL 14.98 0 (6.278303 4.772233 3.931873)
LSR 7.34 0 (0.975377 3.034891 3.331572)
RSL 8.70 0 (0.004888 4.762458 3.931878)
RSR 13.41 0 (5.492905 4.772234 3.146475)
RLR inf 1 (inf inf inf)
LRL inf 1 (inf inf inf)

# -0.392699 -2.748894 4.800000
# best = 1 = LSR
LSL 9.07 0 (0.025234 5.143366 3.901756)
LSR 7.68 0 (0.911349 3.504036 3.267544)
RSL 15.35 0 (6.258074 5.193583 3.901879)
RSR 13.78 0 (5.523021 5.143366 3.116359)
RLR inf 1 (inf inf inf)
LRL inf 1 (inf inf inf)

# -0.392699 -2.748894 5.200000
# best = 1 = LSR
LSL 9.45 0 (0.051276 5.518533 3.875714)
LSR 8.04 0 (0.860579 3.958027 3.216774)
RSL 15.73 0 (6.232377 5.620106 3.876182)
RSR 14.16 0 (5.549064 5.518534 3.090317)
RLR inf 1 (inf inf inf)
LRL inf 1 (inf inf inf)

# -0.392699 -2.748894 5.600000
# best = 1 = LSR
LSL 9.82 0 (0.073990 5.896966 3.853000)
LSR 8.40 0 (0.819193 4.401555 3.175388)
RSL 16.11 0 (6.210100 6.043003 3.853905)
RSR 14.54 0 (5.571778 5.896967 3.067603)
RLR inf 1 (inf inf inf)
LRL inf 1 (inf inf inf)

# -0.392699 -2.748894 6.000000
# best = 1 = LSR
LSL 10.21 0 (0.093956 6.278074 3.833035)
LSR 8.76 0 (0.784735 4.837498 3.140930)
RSL 16.49 0 (6.190594 6.462986 3.834399)
RSR 14.92 0 (5.591743 6.278074 3.047637)
RLR inf 1 (inf inf inf)
LRL inf 1 (inf inf inf)

# -0.392699 -2.748894 6.400000
# best = 1 = LSR
LSL 10.59 0 (0.111630 6.661397 3.815361)
LSR 9.14 0 (0.755557 5.267741 3.111752)
RSL 16.87 0 (6.173364 6.880587 3.817169)
RSR 15.30 0 (5.609417 6.661398 3.029963)
RLR inf 1 (inf inf inf)
LRL inf 1 (inf inf inf)

# -0.392699 -2.748894 6.800000
# best = 1 = LSR
LSL 10.97 0 (0.127376 7.046574 3.799614)
LSR 9.51 0 (0.730508 5.693576 3.086703)
RSL 17.26 0 (6.158029 7.296216 3.801834)
RSR 15.69 0 (5.625163 7.046575 3.014217)
RLR inf 1 (inf inf inf)
LRL inf 1 (inf inf inf)

# -0.392699 -2.748894 7.200000
# best = 1 = LSR
LSL 11.36 0 (0.141487 7.433318 3.785503)
LSR 9.89 0 (0.708753 6.115923 3.064948)
RSL 17.64 0 (6.144289 7.710192 3.788094)
RSR 16.07 0 (5.639274 7.433318 3.000106)
RLR inf 1 (inf inf inf)
LRL inf 1 (inf inf inf)

# -0.392699 -2.748894 7.600000
# best = 1 = LSR
LSL 11.75 0 (0.154200 7.821394 3.772790)
LSR 10.27 0 (0.689672 6.535458 3.045867)
RSL 18.03 0 (6.131906 8.122768 3.775711)
RSR 16.46 0 (5.651987 7.821395 2.987393)
RLR inf 1 (inf inf inf)
LRL inf 1 (inf inf inf)

# -0.392699 -2.748894 8.000000
# best = 1 = LSR
LSL 12.14 0 (0.165710 8.210616 3.761281)
LSR 10.65 0 (0.672795 6.952692 3.028990)
RSL 18.42 0 (6.120685 8.534146 3.764490)
RSR 16.85 0 (5.663497 8.210616 2.975883)
RLR inf 1 (inf inf inf)
LRL inf 1 (inf inf inf)

# 0.000000 -2.748894 0.400000
# best = 4 = RLR
LSL 11.89 0 (5.098765 2.076994 4.718711)
LSR inf 1 (inf inf inf)
RSL inf 1 (inf inf inf)
RSR 10.96 0 (4.721390 1.923958 4.310690)
RLR 7.02 0 (1.078014 5.279620 0.667314)
LRL 7.63 0 (1.411201 5.191242 1.031147)

# 0.000000 -2.748894 0.800000
# best = 4 = RLR
LSL 12.08 0 (5.263575 2.258330 4.553901)
LSR inf 1 (inf inf inf)
RSL inf 1 (inf inf inf)
RSR 11.00 0 (4.925994 1.968620 4.106085)
RLR 6.97 0 (1.269838 5.254058 0.449929)
LRL 7.42 0 (1.522055 5.083331 0.812382)

# 0.000000 -2.748894 1.200000
# best = 4 = RLR
LSL 12.31 0 (5.400790 2.491224 4.416686)
LSR inf 1 (inf inf inf)
RSL inf 1 (inf inf inf)
RSR 11.12 0 (5.114113 2.090292 3.917966)
RLR 6.83 0 (1.422655 5.183453 0.226507)
LRL 7.13 0 (1.586873 4.938537 0.602770)

# 0.000000 -2.748894 1.600000
# best = 4 = RLR
LSL 12.58 0 (5.512838 2.762670 4.304638)
LSR inf 1 (inf inf inf)
RSL inf 1 (inf inf inf)
RSR 11.31 0 (5.276535 2.276658 3.755544)
RLR 6.61 0 (1.529453 5.072206 0.008462)
LRL 6.77 0 (1.608834 4.758362 0.400634)

# 0.000000 -2.748894 2.000000
# best = 5 = LRL
LSL 12.88 0 (5.603923 3.062432 4.213554)
LSR inf 1 (inf inf inf)
RSL 6.76 0 (0.963436 1.297294 4.497728)
RSR 11.55 0 (5.411432 2.513370 3.620647)
RLR 12.60 0 (1.590419 4.924344 6.082819)
LRL 6.33 0 (1.590344 4.539213 0.199975)

# 0.000000 -2.748894 2.400000
# best = 1 = LSR
LSL 13.20 0 (5.678271 3.382992 4.139206)
LSR 5.82 0 (1.396672 0.274521 4.145566)
RSL 7.02 0 (0.774241 1.936264 4.308532)
RSR 11.82 0 (5.521491 2.787630 3.510589)
RLR 12.23 0 (1.608822 4.741033 5.881105)
LRL 12.07 0 (1.528713 4.267254 6.272833)

# 0.000000 -2.748894 2.800000
# best = 1 = LSR
LSL 13.54 0 (5.739476 3.718976 4.078001)
LSR 5.99 0 (0.942189 1.359859 3.691083)
RSL 7.32 0 (0.655352 2.476947 4.189643)
RSR 12.12 0 (5.610965 3.089455 3.421114)
RLR 11.79 0 (1.586818 4.518077 5.680152)
LRL 11.33 0 (1.404166 3.895751 6.025877)

# 0.000000 -2.748894 3.200000
# best = 1 = LSR
LSL 13.88 0 (5.790382 4.066563 4.027094)
LSR 6.26 0 (0.761970 1.985716 3.510864)
RSL 7.65 0 (0.570869 2.973451 4.105160)
RSR 12.44 0 (5.684044 3.411537 3.348035)
RLR 11.23 0 (1.520966 4.240215 5.468143)
LRL inf 1 (inf inf inf)

# 0.000000 -2.748894 3.600000
# best = 1 = LSR
LSL 14.24 0 (5.833180 4.423017 3.984296)
LSR 6.56 0 (0.646952 2.521294 3.395846)
RSL 7.99 0 (0.506894 3.444932 4.041186)
RSR 12.78 0 (5.744255 3.748659 3.287824)
RLR 10.46 0 (1.388250 3.854360 5.215004)
LRL inf 1 (inf inf inf)

# 0.000000 -2.748894 4.000000
# best = 1 = LSR
LSL 14.60 0 (5.869539 4.786358 3.947937)
LSR 6.89 0 (0.564649 3.015091 3.313543)
RSL 8.35 0 (0.456435 3.900475 3.990727)
RSR 13.13 0 (5.794381 4.097108 3.237698)
RLR inf 1 (inf inf inf)
LRL inf 1 (inf inf inf)

# 0.000000 -2.748894 4.400000
# best = 1 = LSR
LSL 14.97 0 (5.900733 5.155130 3.916744)
LSR 7.24 0 (0.502063 3.484915 3.250957)
RSL 8.71 0 (0.415463 4.345095 3.949754)
RSR 13.49 0 (5.836562 4.454228 3.195517)
RLR inf 1 (inf inf inf)
LRL inf 1 (inf inf inf)

# 0.000000 -2.748894 4.800000
# best = 1 = LSR
LSL 15.35 0 (5.927739 5.528247 3.889738)
LSR 7.59 0 (0.452556 3.939351 3.201450)
RSL 9.08 0 (0.381452 4.781840 3.915744)
RSR 13.85 0 (5.872428 4.818091 3.159651)
RLR inf 1 (inf inf inf)
LRL inf 1 (inf inf inf)

# 0.000000 -2.748894 5.200000
# best = 1 = LSR
LSL 15.72 0 (5.951315 5.904885 3.866161)
LSR 7.96 0 (0.412271 4.383188 3.161165)
RSL 9.45 0 (0.352724 5.212691 3.887015)
RSR 14.22 0 (5.903224 5.187278 3.128855)
RLR inf 1 (inf inf inf)
LRL inf 1 (inf inf inf)

# 0.000000 -2.748894 5.600000
# best = 1 = LSR
LSL 16.10 0 (5.972055 6.284410 3.845422)
LSR 8.33 0 (0.378775 4.819356 3.127669)
RSL 9.83 0 (0.328109 5.638997 3.862400)
RSR 14.59 0 (5.929906 5.560729 3.102173)
RLR inf 1 (inf inf inf)
LRL inf 1 (inf inf inf)

# 0.000000 -2.748894 6.000000
# best = 1 = LSR
LSL 16.48 0 (5.990425 6.666330 3.827052)
LSR 8.70 0 (0.350444 5.249766 3.099338)
RSL 10.21 0 (0.306767 6.061719 3.841059)
RSR 14.97 0 (5.953216 5.937640 3.078864)
RLR inf 1 (inf inf inf)
LRL inf 1 (inf inf inf)

# 0.000000 -2.748894 6.400000
# best = 1 = LSR
LSL 16.87 0 (6.006799 7.050255 3.810678)
LSR 9.08 0 (0.326142 5.675729 3.075036)
RSL 10.59 0 (0.288076 6.481557 3.822368)
RSR 15.35 0 (5.973733 6.317390 3.058346)
RLR inf 1 (inf inf inf)
LRL inf 1 (inf inf inf)

# 0.000000 -2.748894 6.800000
# best = 1 = LSR
LSL 17.25 0 (6.021479 7.435876 3.795998)
LSR 9.46 0 (0.305052 6.098176 3.053946)
RSL 10.98 0 (0.271564 6.899038 3.805855)
RSR 15.73 0 (5.991917 6.699498 3.040163)
RLR inf 1 (inf inf inf)
LRL inf 1 (inf inf inf)

# 0.000000 -2.748894 7.200000
# best = 1 = LSR
LSL 17.64 0 (6.034708 7.822940 3.782768)
LSR 9.84 0 (0.286566 6.517791 3.035460)
RSL 11.36 0 (0.256865 7.314566 3.791156)
RSR 16.12 0 (6.008133 7.083581 3.023946)
RLR inf 1 (inf inf inf)
LRL inf 1 (inf inf inf)

# 0.000000 -2.748894 7.600000
# best = 1 = LSR
LSL 18.03 0 (6.046689 8.211245 3.770788)
LSR 10.22 0 (0.270224 6.935089 3.019118)
RSL 11.75 0 (0.243693 7.728455 3.777985)
RSR 16.50 0 (6.022678 7.469336 3.009401)
RLR inf 1 (inf inf inf)
LRL inf 1 (inf inf inf)

# 0.000000 -2.748894 8.000000
# best = 1 = LSR
LSL 18.42 0 (6.057586 8.600621 3.759891)
LSR 10.61 0 (0.255668 7.350463 3.004562)
RSL 12.14 0 (0.231820 8.140956 3.766111)
RSR 16.89 0 (6.035793 7.856515 2.996287)
RLR inf 1 (inf inf inf)
LRL inf 1 (inf inf inf)

# 0.392699 -2.748894 0.400000
# best = 5 = LRL
LSL 11.61 0 (4.882372 2.184558 4.542406)
LSR inf 1 (inf inf inf)
RSL inf 1 (inf inf inf)
RSR 11.31 0 (4.909871 1.883536 4.514907)
RLR 7.46 0 (1.277986 5.302600 0.883022)
LRL 7.11 0 (1.163030 5.127688 0.823064)

# 0.392699 -2.748894 0.800000
# best = 5 = LRL
LSL 11.85 0 (5.022539 2.421691 4.402239)
LSR inf 1 (inf inf inf)
RSL inf 1 (inf inf inf)
RSR 11.27 0 (5.123829 1.848084 4.300949)
RLR 7.50 0 (1.501964 5.322640 0.679084)
LRL 6.82 0 (1.230649 4.982592 0.610349)

# 0.392699 -2.748894 1.200000
# best = 5 = LRL
LSL 12.12 0 (5.135921 2.697569 4.288857)
LSR inf 1 (inf inf inf)
RSL inf 1 (inf inf inf)
RSR 11.32 0 (5.336110 1.898189 4.088668)
RLR 7.45 0 (1.700068 5.294286 0.452626)
LRL 6.46 0 (1.254187 4.802903 0.407123)

# 0.392699 -2.748894 1.600000
# best = 5 = LRL
LSL 12.43 0 (5.227331 3.001528 4.197446)
LSR inf 1 (inf inf inf)
RSL inf 1 (inf inf inf)
RSR 11.45 0 (5.529355 2.027518 3.895423)
RLR 7.30 0 (1.856202 5.220064 0.222270)
LRL 6.03 0 (1.237099 4.585905 0.207214)

# 0.392699 -2.748894 2.000000
# best = 1 = LSR
LSL 12.75 0 (5.301438 3.325878 4.123340)
LSR 5.50 0 (1.177532 0.001131 4.319125)
RSL inf 1 (inf inf inf)
RSR 11.65 0 (5.694137 2.222281 3.730642)
RLR 7.07 0 (1.963495 5.105088 0.000000)
LRL 11.78 0 (1.178097 4.319690 6.283185)

# 0.392699 -2.748894 2.400000
# best = 1 = LSR
LSL 13.09 0 (5.362107 3.665209 4.062671)
LSR 5.65 0 (0.592412 1.326650 3.734005)
RSL 7.22 0 (1.377810 1.326649 4.519402)
RSR 11.89 0 (5.829361 2.467031 3.595417)
RLR 13.05 0 (2.023152 4.953951 6.072392)
LRL 11.07 0 (1.061766 3.965690 6.045516)

# 0.392699 -2.748894 2.800000
# best = 1 = LSR
LSL 13.44 0 (5.412344 4.015726 4.012434)
LSR 5.91 0 (0.402904 1.959592 3.544497)
RSL 7.48 0 (1.188302 1.959591 4.329894)
RSR 12.17 0 (5.938583 2.748445 3.486195)
RLR 12.68 0 (2.039485 4.768174 5.870283)
LRL inf 1 (inf inf inf)

# 0.392699 -2.748894 3.200000
# best = 1 = LSR
LSL 13.80 0 (5.454428 4.374739 3.970350)
LSR 6.20 0 (0.282432 2.498000 3.424025)
RSL 7.78 0 (1.067831 2.497999 4.209423)
RSR 12.48 0 (6.026681 3.056412 3.398097)
RLR 12.23 0 (2.015439 4.543886 5.670040)
LRL inf 1 (inf inf inf)

# 0.392699 -2.748894 3.600000
# best = 1 = LSR
LSL 14.17 0 (5.490076 4.740320 3.934702)
LSR 6.53 0 (0.196332 2.993326 3.337925)
RSL 8.10 0 (0.981730 2.993326 4.123322)
RSR 12.81 0 (6.098209 3.383691 3.326569)
RLR 11.67 0 (1.948323 4.266600 5.459869)
LRL inf 1 (inf inf inf)

# 0.392699 -2.748894 4.000000
# best = 1 = LSR
LSL 14.54 0 (5.520587 5.111060 3.904191)
LSR 6.87 0 (0.130900 3.464102 3.272493)
RSL 8.44 0 (0.916298 3.464101 4.057890)
RSR 13.15 0 (6.156879 3.725194 3.267900)
RLR 10.92 0 (1.817325 3.887262 5.211531)
LRL inf 1 (inf inf inf)

# 0.392699 -2.748894 4.400000
# best = 1 = LSR
LSL 14.91 0 (5.546950 5.485911 3.877828)
LSR 7.22 0 (0.079163 3.919184 3.220756)
RSL 8.79 0 (0.864561 3.919183 4.006153)
RSR 13.50 0 (6.205559 4.077349 3.219220)
RLR inf 1 (inf inf inf)
LRL inf 1 (inf inf inf)

# 0.392699 -2.748894 4.800000
# best = 1 = LSR
LSL 15.29 0 (5.569927 5.864087 3.854851)
LSR 7.58 0 (0.037076 4.363485 3.178669)
RSL 9.15 0 (0.822474 4.363484 3.964067)
RSR 13.86 0 (6.246419 4.437621 3.178360)
RLR inf 1 (inf inf inf)
LRL inf 1 (inf inf inf)

# 0.392699 -2.748894 5.200000
# best = 1 = LSR
LSL 15.67 0 (5.590111 6.244983 3.834667)
LSR 7.95 0 (0.002092 4.800000 3.143685)
RSL 9.52 0 (0.787490 4.800000 3.929082)
RSR 14.23 0 (6.281094 4.804185 3.143684)
RLR inf 1 (inf inf inf)
LRL inf 1 (inf inf inf)

# 0.392699 -2.748894 5.600000
# best = 3 = RSR
LSL 16.05 0 (5.607968 6.628130 3.816810)
LSR 14.60 0 (6.255694 5.230679 3.114101)
RSL 9.89 0 (0.757906 5.230678 3.899499)
RSR 8.32 0 (0.027638 5.175703 3.113955)
RLR inf 1 (inf inf inf)
LRL inf 1 (inf inf inf)

# 0.392699 -2.748894 6.000000
# best = 3 = RSR
LSL 16.44 0 (5.623868 7.013159 3.800909)
LSR 14.98 0 (6.230323 5.656855 3.088731)
RSL 10.26 0 (0.732536 5.656854 3.874128)
RSR 8.69 0 (0.053365 5.551180 3.088228)
RLR inf 1 (inf inf inf)
LRL inf 1 (inf inf inf)

# 0.392699 -2.748894 6.400000
# best = 3 = RSR
LSL 16.82 0 (5.638111 7.399776 3.786667)
LSR 15.35 0 (6.208310 6.079474 3.066718)
RSL 10.64 0 (0.710523 6.079473 3.852115)
RSR 9.07 0 (0.075820 5.929866 3.065773)
RLR inf 1 (inf inf inf)
LRL inf 1 (inf inf inf)

# 0.392699 -2.748894 6.800000
# best = 3 = RSR
LSL 17.21 0 (5.650937 7.787746 3.773841)
LSR 15.74 0 (6.189019 6.499231 3.047426)
RSL 11.02 0 (0.691231 6.499230 3.832824)
RSR 9.45 0 (0.095571 6.311182 3.046022)
RLR inf 1 (inf inf inf)
LRL inf 1 (inf inf inf)

# 0.392699 -2.748894 7.200000
# best = 3 = RSR
LSL 17.60 0 (5.662544 8.176874 3.762234)
LSR 16.12 0 (6.171966 6.916647 3.030374)
RSL 11.41 0 (0.674179 6.916646 3.815771)
RSR 9.84 0 (0.113065 6.694679 3.028528)
RLR inf 1 (inf inf inf)
LRL inf 1 (inf inf inf)

# 0.392699 -2.748894 7.600000
# best = 3 = RSR
LSL 17.99 0 (5.673095 8.567005 3.751683)
LSR 16.50 0 (6.156780 7.332121 3.015188)
RSL 11.79 0 (0.658993 7.332121 3.800585)
RSR 10.22 0 (0.128659 7.080002 3.012934)
RLR inf 1 (inf inf inf)
LRL inf 1 (inf inf inf)

# 0.392699 -2.748894 8.000000
# best = 3 = RSR
LSL 18.38 0 (5.682726 8.958005 3.742052)
LSR 16.89 0 (6.143167 7.745967 3.001574)
RSL 12.18 0 (0.645379 7.745966 3.786972)
RSR 10.61 0 (0.142640 7.466869 2.998953)
RLR inf 1 (inf inf inf)
LRL inf 1 (inf inf inf)

# 0.785398 -2.748894 0.400000
# best = 5 = LRL
LSL 11.24 0 (4.667176 2.208980 4.364903)
LSR inf 1 (inf inf inf)
RSL inf 1 (inf inf inf)
RSR 11.59 0 (5.097673 1.770855 4.719805)
RLR 7.98 0 (1.497457 5.365940 1.119589)
LRL 6.69 0 (0.940529 5.113076 0.638256)

# 0.785398 -2.748894 0.800000
# best = 5 = LRL
LSL 11.53 0 (4.785765 2.496282 4.246314)
LSR inf 1 (inf inf inf)
RSL inf 1 (inf inf inf)
RSR 11.47 0 (5.321945 1.656531 4.495533)
RLR 8.11 0 (1.753362 5.429206 0.926950)
LRL 6.34 0 (0.970231 4.935303 0.430780)

# 0.785398 -2.748894 1.200000
# best = 5 = LRL
LSL 11.84 0 (4.878863 2.811273 4.153216)
LSR inf 1 (inf inf inf)
RSL inf 1 (inf inf inf)
RSR 11.45 0 (5.565257 1.634706 4.252220)
RLR 8.13 0 (2.002661 5.441178 0.689624)
LRL 5.91 0 (0.957919 4.724483 0.232272)

# 0.785398 -2.748894 1.600000
# best = 5 = LRL
LSL 12.18 0 (4.952703 3.145646 4.079376)
LSR inf 1 (inf inf inf)
RSL inf 1 (inf inf inf)
RSR 11.53 0 (5.800966 1.708927 4.016511)
RLR 8.05 0 (2.217945 5.400328 0.433490)
LRL 5.41 0 (0.906133 4.473230 0.032805)

# 0.785398 -2.748894 2.000000
# best = 1 = LSR
LSL 12.53 0 (5.012098 3.493840 4.019980)
LSR 5.41 0 (0.336451 1.204133 3.870743)
RSL inf 1 (inf inf inf)
RSR 11.69 0 (6.006807 1.867779 3.810670)
RLR 7.87 0 (2.379382 5.311520 0.183244)
LRL 11.07 0 (0.808242 4.158658 6.099309)

# 0.785398 -2.748894 2.400000
# best = 1 = LSR
LSL 12.88 0 (5.060591 3.852110 3.971487)
LSR 5.63 0 (0.114942 1.862653 3.649234)
RSL 7.69 0 (2.170716 0.595825 4.919610)
RSR 11.91 0 (6.174551 2.092073 3.642926)
RLR 13.90 0 (2.482570 5.182409 6.234130)
LRL 10.12 0 (0.620976 3.687139 5.815057)

# 0.785398 -2.748894 2.800000
# best = 3 = RSR
LSL 13.25 0 (5.100755 4.217888 3.931324)
LSR 12.18 0 (6.259712 2.410190 3.510819)
RSL 7.84 0 (1.808100 1.474947 4.556994)
RSR 5.90 0 (0.023707 2.363247 3.510585)
RLR 13.57 0 (2.533235 5.019056 6.020113)
LRL inf 1 (inf inf inf)

# 0.785398 -2.748894 3.200000
# best = 3 = RSR
LSL 13.62 0 (5.134464 4.589380 3.897615)
LSR 12.48 0 (6.161345 2.910078 3.412452)
RSL 8.08 0 (1.627038 2.077482 4.375931)
RSR 6.20 0 (0.127400 2.667040 3.406892)
RLR 13.18 0 (2.539139 4.823479 5.818632)
LRL inf 1 (inf inf inf)

# 0.785398 -2.748894 3.600000
# best = 3 = RSR
LSL 14.00 0 (5.163097 4.965304 3.868982)
LSR 12.81 0 (6.086820 3.383503 3.337927)
RSL 8.37 0 (1.506591 2.603150 4.255484)
RSR 6.53 0 (0.209205 2.993539 3.325087)
RLR 12.72 0 (2.505174 4.591939 5.621057)
LRL inf 1 (inf inf inf)

# 0.785398 -2.748894 4.000000
# best = 3 = RSR
LSL 14.38 0 (5.187683 5.344724 3.844396)
LSR 13.15 0 (6.028020 3.840264 3.279126)
RSL 8.68 0 (1.418536 3.091416 4.167430)
RSR 6.87 0 (0.274578 3.336082 3.259714)
RLR 12.16 0 (2.429816 4.310475 5.414952)
LRL inf 1 (inf inf inf)

# 0.785398 -2.748894 4.400000
# best = 3 = RSR
LSL 14.76 0 (5.208998 5.726946 3.823080)
LSR 13.50 0 (5.980268 4.285694 3.231374)
RSL 9.01 0 (1.350667 3.557712 4.099560)
RSR 7.22 0 (0.327596 3.690205 3.206696)
RLR 11.40 0 (2.294549 3.933905 5.173648)
LRL inf 1 (inf inf inf)

# 0.785398 -2.748894 4.800000
# best = 3 = RSR
LSL 15.14 0 (5.227639 6.111443 3.804439)
LSR 13.86 0 (5.940629 4.722998 3.191736)
RSL 9.35 0 (1.296473 4.009710 4.045367)
RSR 7.59 0 (0.371231 4.052873 3.163061)
RLR inf 1 (inf inf inf)
LRL inf 1 (inf inf inf)

# 0.785398 -2.748894 5.200000
# best = 3 = RSR
LSL 15.53 0 (5.244068 6.497813 3.788010)
LSR 14.22 0 (5.907151 5.154246 3.158258)
RSL 9.70 0 (1.252068 4.451768 4.000961)
RSR 7.96 0 (0.407642 4.421984 3.126650)
RLR inf 1 (inf inf inf)
LRL inf 1 (inf inf inf)

# 0.785398 -2.748894 5.600000
# best = 3 = RSR
LSL 15.92 0 (5.258650 6.885739 3.773428)
LSR 14.59 0 (5.878472 5.580841 3.129578)
RSL 10.07 0 (1.214949 4.886583 3.963842)
RSR 8.33 0 (0.438408 4.796052 3.095884)
RLR inf 1 (inf inf inf)
LRL inf 1 (inf inf inf)

# 0.785398 -2.748894 6.000000
# best = 3 = RSR
LSL 16.31 0 (5.271674 7.274973 3.760405)
LSR 14.96 0 (5.853611 6.003776 3.104718)
RSL 10.43 0 (1.183420 5.315934 3.932313)
RSR 8.71 0 (0.464702 5.174001 3.069590)
RLR inf 1 (inf inf inf)
LRL inf 1 (inf inf inf)

# 0.785398 -2.748894 6.400000
# best = 3 = RSR
LSL 16.70 0 (5.283373 7.665316 3.748705)
LSR 15.34 0 (5.831844 6.423773 3.082950)
RSL 10.80 0 (1.156283 5.741047 3.905176)
RSR 9.09 0 (0.487402 5.555038 3.046890)
RLR inf 1 (inf inf inf)
LRL inf 1 (inf inf inf)

# 0.785398 -2.748894 6.800000
# best = 3 = RSR
LSL 17.09 0 (5.293938 8.056606 3.738141)
LSR 15.72 0 (5.812618 6.841374 3.063725)
RSL 11.18 0 (1.132666 6.162798 3.881559)
RSR 9.47 0 (0.507180 5.938570 3.027112)
RLR inf 1 (inf inf inf)
LRL inf 1 (inf inf inf)

# 0.785398 -2.748894 7.200000
# best = 3 = RSR
LSL 17.48 0 (5.303522 8.448712 3.728556)
LSR 16.10 0 (5.795509 7.256993 3.046616)
RSL 11.55 0 (1.111916 6.581834 3.860809)
RSR 9.86 0 (0.524552 6.324143 3.009740)
RLR inf 1 (inf inf inf)
LRL inf 1 (inf inf inf)

# 0.785398 -2.748894 7.600000
# best = 3 = RSR
LSL 17.87 0 (5.312256 8.841525 3.719823)
LSR 16.48 0 (5.780181 7.670950 3.031288)
RSL 11.93 0 (1.093535 6.998643 3.842428)
RSR 10.25 0 (0.539923 6.711405 2.994369)
RLR inf 1 (inf inf inf)
LRL inf 1 (inf inf inf)

# 0.785398 -2.748894 8.000000
# best = 3 = RSR
LSL 18.27 0 (5.320246 9.234955 3.711833)
LSR 16.87 0 (5.766369 8.083503 3.017475)
RSL 12.32 0 (1.077134 7.413600 3.826027)
RSR 10.63 0 (0.553614 7.100079 2.980678)
RLR inf 1 (inf inf inf)
LRL inf 1 (inf inf inf)

# 1.178097 -2.748894 0.400000
# best = 5 = LRL
LSL 10.79 0 (4.451671 2.149294 4.187709)
LSR inf 1 (inf inf inf)
RSL inf 1 (inf inf inf)
RSR 11.80 0 (5.283898 1.590271 4.926279)
RLR 8.57 0 (1.733440 5.465456 1.375821)
LRL 6.37 0 (0.742818 5.148665 0.478856)

# 1.178097 -2.748894 0.800000
# best = 5 = LRL
LSL 11.12 0 (4.549923 2.478853 4.089457)
LSR inf 1 (inf inf inf)
RSL inf 1 (inf inf inf)
RSR 11.61 0 (5.520623 1.401326 4.689554)
RLR 8.78 0 (2.021105 5.567336 1.190036)
LRL 5.97 0 (0.739953 4.946431 0.279487)

# 1.178097 -2.748894 1.200000
# best = 5 = LRL
LSL 11.47 0 (4.624580 2.826652 4.014800)
LSR inf 1 (inf inf inf)
RSL inf 1 (inf inf inf)
RSR 11.52 0 (5.809107 1.310902 4.401070)
RLR 8.87 0 (2.333619 5.615395 0.925582)
LRL 5.50 0 (0.698217 4.713644 0.088436)

# 1.178097 -2.748894 1.600000
# best = 1 = LSR
LSL 11.83 0 (4.682632 3.186725 3.956748)
LSR 5.27 0 (0.202214 0.936811 4.129205)
RSL inf 1 (inf inf inf)
RSR 11.55 0 (6.111408 1.339109 4.098769)
RLR 8.84 0 (2.628446 5.600448 0.615807)
LRL 11.24 0 (0.619255 4.439617 6.176556)

# 1.178097 -2.748894 2.000000
# best = 3 = RSR
LSL 12.19 0 (4.728776 3.555343 3.910603)
LSR 11.69 0 (6.193400 1.658485 3.837205)
RSL inf 1 (inf inf inf)
RSR 5.41 0 (0.095232 1.479177 3.831759)
RLR 8.70 0 (2.858037 5.525610 0.311379)
LRL 10.54 0 (0.492386 4.093589 5.957398)

# 1.178097 -2.748894 2.400000
# best = 3 = RSR
LSL 12.57 0 (4.766188 3.930103 3.873192)
LSR 11.91 0 (6.019609 2.223405 3.663414)
RSL inf 1 (inf inf inf)
RSR 5.63 0 (0.304129 1.703735 3.622862)
RLR 8.45 0 (3.005728 5.403198 0.041276)
LRL 9.39 0 (0.241017 3.516028 5.631206)

# 1.178097 -2.748894 2.800000
# best = 3 = RSR
LSL 12.95 0 (4.797051 4.309404 3.842329)
LSR 12.17 0 (5.897828 2.730657 3.541634)
RSL 8.44 0 (2.450598 1.181138 4.806793)
RSR 5.91 0 (0.459341 1.984304 3.467650)
RLR 14.42 0 (3.081860 5.245038 6.090169)
LRL inf 1 (inf inf inf)

# 1.178097 -2.748894 3.200000
# best = 3 = RSR
LSL 13.33 0 (4.822900 4.692144 3.816479)
LSR 12.46 0 (5.806268 3.207716 3.450073)
RSL 8.61 0 (2.207676 1.833611 4.563870)
RSR 6.23 0 (0.574081 2.300481 3.352910)
RLR 14.04 0 (3.102923 5.057683 5.881751)
LRL inf 1 (inf inf inf)

# 1.178097 -2.748894 3.600000
# best = 3 = RSR
LSL 13.72 0 (4.844839 5.077545 3.794541)
LSR 12.78 0 (5.734416 3.666388 3.378222)
RSL 8.84 0 (2.052735 2.376799 4.408929)
RSR 6.57 0 (0.660258 2.639501 3.266733)
RLR 13.61 0 (3.081198 4.841880 5.687673)
LRL inf 1 (inf inf inf)

# 1.178097 -2.748894 4.000000
# best = 3 = RSR
LSL 14.10 0 (4.863674 5.465045 3.775706)
LSR 13.11 0 (5.676318 4.112828 3.320124)
RSL 9.11 0 (1.941377 2.873363 4.297571)
RSR 6.92 0 (0.726447 2.993612 3.200544)
RLR 13.11 0 (3.022389 4.591883 5.496485)
LRL inf 1 (inf inf inf)

# 1.178097 -2.748894 4.400000
# best = 3 = RSR
LSL 14.49 0 (4.880010 5.854226 3.759370)
LSR 13.45 0 (5.628268 4.550639 3.272073)
RSL 9.41 0 (1.856431 3.344138 4.212625)
RSR 7.29 0 (0.778459 3.358045 3.148532)
RLR 12.51 0 (2.923669 4.290420 5.293741)
LRL inf 1 (inf inf inf)

# 1.178097 -2.748894 4.800000
# best = 3 = RSR
LSL 14.88 0 (4.894306 6.244775 3.745074)
LSR 13.80 0 (5.587814 4.982095 3.231619)
RSL 9.73 0 (1.789113 3.798724 4.145307)
RSR 7.66 0 (0.820199 3.729774 3.106792)
RLR 11.69 0 (2.760674 3.880950 5.047267)
LRL inf 1 (inf inf inf)

# 1.178097 -2.748894 5.200000
# best = 3 = RSR
LSL 15.28 0 (4.906917 6.636450 3.732463)
LSR 14.16 0 (5.553257 5.408718 3.197062)
RSL 10.07 0 (1.734284 4.242328 4.090478)
RSR 8.03 0 (0.854325 4.106819 3.072666)
RLR inf 1 (inf inf inf)
LRL inf 1 (inf inf inf)

# 1.178097 -2.748894 5.600000
# best = 3 = RSR
LSL 15.67 0 (4.918121 7.029062 3.721259)
LSR 14.52 0 (5.523377 5.831568 3.167183)
RSL 10.41 0 (1.688681 4.678075 4.044875)
RSR 8.41 0 (0.882685 4.487841 3.044306)
RLR inf 1 (inf inf inf)
LRL inf 1 (inf inf inf)

# 1.178097 -2.748894 6.000000
# best = 3 = RSR
LSL 16.06 0 (4.928138 7.422463 3.711242)
LSR 14.89 0 (5.497274 6.251411 3.141080)
RSL 10.76 0 (1.650112 5.107977 4.006306)
RSR 8.80 0 (0.906590 4.871906 3.020401)
RLR inf 1 (inf inf inf)
LRL inf 1 (inf inf inf)

# 1.178097 -2.748894 6.400000
# best = 3 = RSR
LSL 16.46 0 (4.937146 7.816535 3.702233)
LSR 15.26 0 (5.474268 6.668816 3.118073)
RSL 11.12 0 (1.617040 5.533396 3.973234)
RSR 9.19 0 (0.926992 5.258347 2.999999)
RLR inf 1 (inf inf inf)
LRL inf 1 (inf inf inf)

# 1.178097 -2.748894 6.800000
# best = 3 = RSR
LSL 16.85 0 (4.945289 8.211179 3.694091)
LSR 15.64 0 (5.453832 7.084212 3.097638)
RSL 11.49 0 (1.588353 5.955293 3.944547)
RSR 9.57 0 (0.944595 5.646677 2.982396)
RLR inf 1 (inf inf inf)
LRL inf 1 (inf inf inf)

# 1.178097 -2.748894 7.200000
# best = 3 = RSR
LSL 17.25 0 (4.952685 8.606318 3.686695)
LSR 16.01 0 (5.435557 7.497934 3.079363)
RSL 11.86 0 (1.563223 6.374367 3.919418)
RSR 9.96 0 (0.959928 6.036532 2.967063)
RLR inf 1 (inf inf inf)
LRL inf 1 (inf inf inf)

# 1.178097 -2.748894 7.600000
# best = 3 = RSR
LSL 17.64 0 (4.959431 9.001887 3.679949)
LSR 16.39 0 (5.419114 7.910245 3.062919)
RSL 12.23 0 (1.541021 6.791141 3.897216)
RSR 10.35 0 (0.973398 6.427633 2.953593)
RLR inf 1 (inf inf inf)
LRL inf 1 (inf inf inf)

# 1.178097 -2.748894 8.000000
# best = 3 = RSR
LSL 18.04 0 (4.965608 9.397830 3.673771)
LSR 16.77 0 (5.404238 8.321354 3.048044)
RSL 12.60 0 (1.521260 7.206014 3.877454)
RSR 10.75 0 (0.985320 6.819766 2.941671)
RLR inf 1 (inf inf inf)
LRL inf 1 (inf inf inf)

# 1.570796 -2.748894 0.400000
# best = 5 = LRL
LSL 10.25 0 (4.234247 2.007863 4.012434)
LSR inf 1 (inf inf inf)
RSL inf 1 (inf inf inf)
RSR 11.95 0 (5.466954 1.348785 5.135921)
RLR 9.23 0 (1.981424 5.595311 1.650391)
LRL 6.14 0 (0.566784 5.231445 0.344971)

# 1.570796 -2.748894 0.800000
# best = 5 = LRL
LSL 10.62 0 (4.311979 2.370160 3.934702)
LSR inf 1 (inf inf inf)
RSL inf 1 (inf inf inf)
RSR 11.70 0 (5.720504 1.092279 4.882372)
RLR 9.50 0 (2.302328 5.730020 1.464196)
LRL 5.71 0 (0.536178 5.014768 0.158901)

# 1.570796 -2.748894 1.200000
# best = 1 = LSR
LSL 10.99 0 (4.368853 2.742956 3.877828)
LSR 5.27 0 (0.275232 0.395214 4.594922)
RSL inf 1 (inf inf inf)
RSR 11.54 0 (6.087969 0.941768 4.514907)
RLR 9.65 0 (2.708703 5.807839 1.135641)
LRL 11.51 0 (0.471642 4.771948 6.263802)

# 1.570796 -2.748894 1.600000
# best = 3 = RSR
LSL 11.37 0 (4.412014 3.122491 3.834667)
LSR 11.55 0 (6.090978 1.330431 4.127483)
RSL inf 1 (inf inf inf)
RSR 5.27 0 (0.231022 0.949095 4.088668)
RLR 9.64 0 (3.133056 5.804068 0.707517)
LRL 10.95 0 (0.374759 4.491862 6.080598)

# 1.570796 -2.748894 2.000000
# best = 3 = RSR
LSL 11.75 0 (4.445771 3.506579 3.800909)
LSR 11.67 0 (5.856343 1.924552 3.892848)
RSL inf 1 (inf inf inf)
RSR 5.43 0 (0.589048 1.111141 3.730642)
RLR 9.48 0 (3.449153 5.720210 0.307561)
LRL 10.25 0 (0.235335 4.145498 5.873658)

# 1.570796 -2.748894 2.400000
# best = 3 = RSR
LSL 12.14 0 (4.472840 3.893873 3.773841)
LSR 11.87 0 (5.695968 2.440851 3.732473)
RSL 9.20 0 (3.531209 0.177516 5.494704)
RSR 5.69 0 (0.833494 1.374223 3.486196)
RLR 15.48 0 (3.624387 5.581784 6.277088)
LRL 15.45 0 (6.274504 3.603328 5.575505)

# 1.570796 -2.748894 2.800000
# best = 3 = RSR
LSL 12.53 0 (4.494998 4.283502 3.751683)
LSR 12.11 0 (5.576828 2.920892 3.613333)
RSL 9.19 0 (2.975578 1.271872 4.939073)
RSR 6.01 0 (0.993120 1.691846 3.326570)
RLR 15.14 0 (3.698002 5.409763 6.031451)
LRL inf 1 (inf inf inf)

# 1.570796 -2.748894 3.200000
# best = 3 = RSR
LSL 12.92 0 (4.513453 4.674884 3.733227)
LSR 12.38 0 (5.484132 3.380157 3.520637)
RSL 9.30 0 (2.731398 1.877180 4.694893)
RSR 6.36 0 (1.100470 2.038675 3.219220)
RLR 14.75 0 (3.707263 5.213586 5.826013)
LRL inf 1 (inf inf inf)

# 1.570796 -2.748894 3.600000
# best = 3 = RSR
LSL 13.31 0 (4.529053 5.067611 3.717627)
LSR 12.68 0 (5.409709 3.826136 3.446214)
RSL 9.49 0 (2.566339 2.397906 4.529835)
RSR 6.72 0 (1.176006 2.402093 3.143684)
RLR 14.31 0 (3.673443 4.994875 5.641122)
LRL inf 1 (inf inf inf)

# 1.570796 -2.748894 4.000000
# best = 3 = RSR
LSL 13.71 0 (4.542406 5.461395 3.704274)
LSR 13.00 0 (5.348539 4.263000 3.385043)
RSL 9.73 0 (2.444354 2.880295 4.407849)
RSR 7.10 0 (1.231462 2.775590 3.088228)
RLR 13.82 0 (3.606167 4.749410 5.462933)
LRL inf 1 (inf inf inf)

# 1.570796 -2.748894 4.400000
# best = 3 = RSR
LSL 14.10 0 (4.553962 5.856021 3.692719)
LSR 13.32 0 (5.297323 4.693295 3.333828)
RSL 10.00 0 (2.349753 3.340994 4.313248)
RSR 7.48 0 (1.273668 3.155591 3.046022)
RLR 13.25 0 (3.506247 4.465159 5.278602)
LRL inf 1 (inf inf inf)

# 1.570796 -2.748894 4.800000
# best = 3 = RSR
LSL 14.50 0 (4.564057 6.251330 3.682624)
LSR 13.66 0 (5.253792 5.118679 3.290297)
RSL 10.30 0 (2.273978 3.787927 4.237473)
RSR 7.86 0 (1.306756 3.540001 3.012934)
RLR 12.54 0 (3.361854 4.110196 5.068032)
LRL inf 1 (inf inf inf)

# 1.570796 -2.748894 5.200000
# best = 3 = RSR
LSL 14.89 0 (4.572950 6.647200 3.673731)
LSR 14.01 0 (5.216323 5.540282 3.252828)
RSL 10.61 0 (2.211809 4.225463 4.175305)
RSR 8.25 0 (1.333339 3.927526 2.986351)
RLR 11.37 0 (3.094783 3.522889 4.747796)
LRL inf 1 (inf inf inf)

# 1.570796 -2.748894 5.600000
# best = 3 = RSR
LSL 15.29 0 (4.580843 7.043537 3.665837)
LSR 14.36 0 (5.183725 5.958908 3.220230)
RSL 10.94 0 (2.159833 4.656252 4.123329)
RSR 8.64 0 (1.355135 4.317327 2.964555)
RLR inf 1 (inf inf inf)
LRL inf 1 (inf inf inf)

# 1.570796 -2.748894 6.000000
# best = 3 = RSR
LSL 15.69 0 (4.587895 7.440266 3.658786)
LSR 14.72 0 (5.155103 6.375142 3.191607)
RSL 11.28 0 (2.115708 5.082010 4.079204)
RSR 9.03 0 (1.373314 4.708840 2.946376)
RLR inf 1 (inf inf inf)
LRL inf 1 (inf inf inf)

# 1.570796 -2.748894 6.400000
# best = 3 = RSR
LSL 16.08 0 (4.594233 7.837328 3.652448)
LSR 15.09 0 (5.129767 6.789425 3.166271)
RSL 11.62 0 (2.077767 5.503906 4.041262)
RSR 9.42 0 (1.388698 5.101669 2.930992)
RLR inf 1 (inf inf inf)
LRL inf 1 (inf inf inf)

# 1.570796 -2.748894 6.800000
# best = 3 = RSR
LSL 16.48 0 (4.599959 8.234674 3.646722)
LSR 15.45 0 (5.107180 7.202093 3.143685)
RSL 11.98 0 (2.044786 5.922763 4.008282)
RSR 9.82 0 (1.401879 5.495532 2.917811)
RLR inf 1 (inf inf inf)
LRL inf 1 (inf inf inf)

# 1.570796 -2.748894 7.200000
# best = 3 = RSR
LSL 16.88 0 (4.605158 8.632265 3.641523)
LSR 15.82 0 (5.086918 7.613409 3.123422)
RSL 12.33 0 (2.015849 6.339185 3.979344)
RSR 10.21 0 (1.413296 5.890223 2.906394)
RLR inf 1 (inf inf inf)
LRL inf 1 (inf inf inf)

# 1.570796 -2.748894 7.600000
# best = 3 = RSR
LSL 17.28 0 (4.609898 9.030069 3.636782)
LSR 16.20 0 (5.068637 8.023581 3.105142)
RSL 12.70 0 (1.990251 6.753622 3.953747)
RSR 10.61 0 (1.423278 6.285585 2.896412)
RLR inf 1 (inf inf inf)
LRL inf 1 (inf inf inf)

# 1.570796 -2.748894 8.000000
# best = 3 = RSR
LSL 17.67 0 (4.614239 9.428059 3.632441)
LSR 16.57 0 (5.052061 8.432776 3.088565)
RSL 13.06 0 (1.967445 7.166419 3.930940)
RSR 11.00 0 (1.432077 6.681500 2.887613)
RLR inf 1 (inf inf inf)
LRL inf 1 (inf inf inf)

# 1.963495 -2.748894 0.400000
# best = 5 = LRL
LSL 9.64 0 (4.012596 1.790321 3.841386)
LSR inf 1 (inf inf inf)
RSL inf 1 (inf inf inf)
RSR 12.05 0 (5.643281 1.055817 5.352293)
RLR 9.93 0 (2.234569 5.748946 1.943581)
LRL 6.00 0 (0.406946 5.355070 0.235735)

# 1.963495 -2.748894 0.800000
# best = 5 = LRL
LSL 10.03 0 (4.068219 2.174971 3.785763)
LSR inf 1 (inf inf inf)
RSL inf 1 (inf inf inf)
RSR 11.74 0 (5.923529 0.741282 5.072045)
RLR 10.25 0 (2.595538 5.910389 1.744055)
LRL 5.55 0 (0.351736 5.133404 0.069280)

# 1.963495 -2.748894 1.200000
# best = 3 = RSR
LSL 10.42 0 (4.107043 2.564323 3.746939)
LSR 11.55 0 (6.128313 0.859577 4.557517)
RSL inf 1 (inf inf inf)
RSR 5.26 0 (0.198284 0.551588 4.514105)
RLR 10.44 0 (3.201538 6.006510 1.234175)
LRL 11.35 0 (0.269545 4.891374 6.192626)

# 1.963495 -2.748894 1.600000
# best = 3 = RSR
LSL 10.81 0 (4.135600 2.956518 3.718381)
LSR 11.52 0 (5.790446 1.513879 4.219650)
RSL inf 1 (inf inf inf)
RSR 5.33 0 (0.889534 0.615629 3.822855)
RLR 10.38 0 (3.876606 5.974142 0.526741)
LRL 10.81 0 (0.162230 4.619631 6.028197)

# 1.963495 -2.748894 2.000000
# best = 3 = RSR
LSL 11.20 0 (4.157455 3.350560 3.696526)
LSR 11.61 0 (5.569902 2.040781 3.999106)
RSL inf 1 (inf inf inf)
RSR 5.59 0 (1.300786 0.879630 3.411603)
RLR 10.11 0 (4.220659 5.839746 0.048291)
LRL 10.17 0 (0.022915 4.297289 5.845171)

# 1.963495 -2.748894 2.400000
# best = 3 = RSR
LSL 11.60 0 (4.174704 3.745865 3.679277)
LSR 11.77 0 (5.408310 2.521457 3.837514)
RSL 9.95 0 (3.652575 1.078080 5.223371)
RSR 5.93 0 (1.503896 1.220041 3.208493)
RLR 16.04 0 (4.335539 5.663287 6.040137)
LRL 15.57 0 (6.103881 3.858353 5.608454)

# 1.963495 -2.748894 2.800000
# best = 3 = RSR
LSL 12.00 0 (4.188657 4.142071 3.665324)
LSR 11.98 0 (5.283801 2.978372 3.713005)
RSL 9.97 0 (3.361186 1.676096 4.931983)
RSR 6.30 0 (1.615831 1.588474 3.096558)
RLR 15.65 0 (4.349049 5.466435 5.829776)
LRL inf 1 (inf inf inf)

# 1.963495 -2.748894 3.200000
# best = 3 = RSR
LSL 12.39 0 (4.200172 4.538943 3.653810)
LSR 12.22 0 (5.184714 3.421061 3.613918)
RSL 10.08 0 (3.161358 2.185484 4.732154)
RSR 6.68 0 (1.685091 1.969263 3.027298)
RLR 15.22 0 (4.311935 5.253689 5.654143)
LRL inf 1 (inf inf inf)

# 1.963495 -2.748894 3.600000
# best = 3 = RSR
LSL 12.79 0 (4.209834 4.936320 3.644148)
LSR 12.49 0 (5.103949 3.854428 3.533153)
RSL 10.25 0 (3.012302 2.657703 4.583098)
RSR 7.07 0 (1.731758 2.356427 2.980631)
RLR 14.76 0 (4.243398 5.023279 5.492271)
LRL inf 1 (inf inf inf)

# 1.963495 -2.748894 4.000000
# best = 3 = RSR
LSL 13.19 0 (4.218055 5.334089 3.635926)
LSR 12.78 0 (5.036859 4.281305 3.466063)
RSL 10.47 0 (2.896214 3.109731 4.467010)
RSR 7.46 0 (1.765204 2.747271 2.947185)
RLR 14.25 0 (4.149695 4.768982 5.331676)
LRL inf 1 (inf inf inf)

# 1.963495 -2.748894 4.400000
# best = 3 = RSR
LSL 13.59 0 (4.225136 5.732168 3.628846)
LSR 13.09 0 (4.980252 4.703459 3.409456)
RSL 10.73 0 (2.803115 3.549291 4.373911)
RSR 7.85 0 (1.790298 3.140422 2.922091)
RLR 13.67 0 (4.029024 4.477453 5.160817)
LRL inf 1 (inf inf inf)

# 1.963495 -2.748894 4.800000
# best = 3 = RSR
LSL 13.98 0 (4.231296 6.130498 3.622686)
LSR 13.41 0 (4.931861 5.122059 3.361065)
RSL 11.00 0 (2.726774 3.980517 4.297570)
RSR 8.25 0 (1.809799 3.535109 2.902590)
RLR 12.94 0 (3.867517 4.115436 4.960309)
LRL inf 1 (inf inf inf)

# 1.963495 -2.748894 5.200000
# best = 3 = RSR
LSL 14.38 0 (4.236704 6.529031 3.617277)
LSR 13.75 0 (4.890027 5.537910 3.319230)
RSL 11.30 0 (2.663048 4.405855 4.233844)
RSR 8.64 0 (1.825378 3.930871 2.887011)
RLR 11.74 0 (3.582358 3.513961 4.643992)
LRL inf 1 (inf inf inf)

# 1.963495 -2.748894 5.600000
# best = 3 = RSR
LSL 14.78 0 (4.241490 6.927734 3.612491)
LSR 14.09 0 (4.853507 5.951588 3.282711)
RSL 11.62 0 (2.609060 4.826862 4.179857)
RSR 9.04 0 (1.838104 4.327412 2.874285)
RLR inf 1 (inf inf inf)
LRL inf 1 (inf inf inf)

# 1.963495 -2.748894 6.000000
# best = 3 = RSR
LSL 15.18 0 (4.245755 7.326579 3.608226)
LSR 14.44 0 (4.821356 6.363518 3.250559)
RSL 11.94 0 (2.562748 5.244582 4.133544)
RSR 9.44 0 (1.848693 4.724537 2.863696)
RLR inf 1 (inf inf inf)
LRL inf 1 (inf inf inf)

# 1.963495 -2.748894 6.400000
# best = 3 = RSR
LSL 15.58 0 (4.249580 7.725542 3.604402)
LSR 14.79 0 (4.792836 6.774018 3.222039)
RSL 12.28 0 (2.522590 5.659742 4.093386)
RSR 9.83 0 (1.857638 5.122109 2.854751)
RLR inf 1 (inf inf inf)
LRL inf 1 (inf inf inf)

# 1.963495 -2.748894 6.800000
# best = 3 = RSR
LSL 15.98 0 (4.253029 8.124608 3.600953)
LSR 15.15 0 (4.767368 7.183333 3.196572)
RSL 12.62 0 (2.487442 6.072868 4.058238)
RSR 10.23 0 (1.865295 5.520031 2.847094)
RLR inf 1 (inf inf inf)
LRL inf 1 (inf inf inf)

# 1.963495 -2.748894 7.200000
# best = 3 = RSR
LSL 16.38 0 (4.256155 8.523761 3.597827)
LSR 15.51 0 (4.744489 7.591655 3.173693)
RSL 12.97 0 (2.456427 6.484348 4.027223)
RSR 10.63 0 (1.871921 5.918234 2.840468)
RLR inf 1 (inf inf inf)
LRL inf 1 (inf inf inf)

# 1.963495 -2.748894 7.600000
# best = 3 = RSR
LSL 16.78 0 (4.259001 8.922990 3.594980)
LSR 15.88 0 (4.723825 7.999137 3.153029)
RSL 13.32 0 (2.428858 6.894477 3.999655)
RSR 11.03 0 (1.877712 6.316664 2.834677)
RLR inf 1 (inf inf inf)
LRL inf 1 (inf inf inf)

# 1.963495 -2.748894 8.000000
# best = 3 = RSR
LSL 17.18 0 (4.261604 9.322285 3.592378)
LSR 16.25 0 (4.705070 8.405900 3.134274)
RSL 13.68 0 (2.404195 7.303482 3.974992)
RSR 11.43 0 (1.882816 6.715281 2.829573)
RLR inf 1 (inf inf inf)
LRL inf 1 (inf inf inf)

# 2.356194 -2.748894 0.400000
# best = 5 = LRL
LSL 8.97 0 (3.782499 1.505478 3.678783)
LSR inf 1 (inf inf inf)
RSL inf 1 (inf inf inf)
RSR 12.11 0 (5.802274 0.723050 5.585999)
RLR 10.66 0 (2.478920 5.919662 2.262645)
LRL 5.92 0 (0.255032 5.511436 0.151316)

# 2.356194 -2.748894 0.800000
# best = 5 = LRL
LSL 9.36 0 (3.812783 1.902182 3.648500)
LSR inf 1 (inf inf inf)
RSL inf 1 (inf inf inf)
RSR 11.75 0 (6.140029 0.361896 5.248244)
RLR 11.03 0 (2.907839 6.101989 2.016054)
LRL 5.48 0 (0.175606 5.292017 0.011323)

# 2.356194 -2.748894 1.200000
# best = 3 = RSR
LSL 9.76 0 (3.832603 2.300028 3.628679)
LSR 11.53 0 (5.856518 0.991960 4.678420)
RSL inf 1 (inf inf inf)
RSR 5.35 0 (1.255751 0.243181 3.849337)
RLR 11.14 0 (4.336511 6.161520 0.646912)
LRL 11.29 0 (0.078398 5.057960 6.157659)

# 2.356194 -2.748894 1.600000
# best = 3 = RSR
LSL 10.16 0 (3.846574 2.698511 3.614709)
LSR 11.45 0 (5.545485 1.537376 4.367388)
RSL 10.86 0 (4.572254 0.535919 5.750351)
RSR 5.66 0 (1.954433 0.554351 3.150655)
RLR 17.12 0 (4.956990 6.005115 6.153213)
LRL 17.07 0 (6.247706 4.802265 6.015841)

# 2.356194 -2.748894 2.000000
# best = 3 = RSR
LSL 10.56 0 (3.856948 3.097385 3.604334)
LSR 11.48 0 (5.320327 2.015704 4.142230)
RSL 10.70 0 (4.154277 1.211474 5.332374)
RSR 6.04 0 (2.122392 0.935667 2.982696)
RLR 16.73 0 (5.027880 5.810977 5.888184)
LRL 16.48 0 (6.112860 4.511823 5.860246)

# 2.356194 -2.748894 2.400000
# best = 3 = RSR
LSL 10.96 0 (3.864955 3.496516 3.596328)
LSR 11.58 0 (5.147792 2.466293 3.969695)
RSL 10.66 0 (3.881929 1.722826 5.060027)
RSR 6.43 0 (2.192230 1.328021 2.912858)
RLR 16.32 0 (4.995394 5.606328 5.716022)
LRL 15.77 0 (5.942908 4.155906 5.674281)

# 2.356194 -2.748894 2.800000
# best = 3 = RSR
LSL 11.36 0 (3.871320 3.895826 3.589963)
LSR 11.75 0 (5.011505 2.902093 3.833408)
RSL 10.72 0 (3.679225 2.188285 4.857323)
RSR 6.83 0 (2.230114 1.723893 2.874974)
RLR 15.89 0 (4.926135 5.392043 5.570996)
LRL 14.66 0 (5.670841 3.599041 5.389483)

# 2.356194 -2.748894 3.200000
# best = 3 = RSR
LSL 11.76 0 (3.876502 4.295264 3.584781)
LSR 11.95 0 (4.901416 3.328916 3.723319)
RSL 10.85 0 (3.521873 2.632309 4.699970)
RSR 7.23 0 (2.253827 2.121315 2.851261)
RLR 15.44 0 (4.836432 5.165209 5.433865)
LRL inf 1 (inf inf inf)

# 2.356194 -2.748894 3.600000
# best = 3 = RSR
LSL 12.16 0 (3.880802 4.694797 3.580481)
LSR 12.19 0 (4.810848 3.749829 3.632751)
RSL 11.04 0 (3.396445 3.064231 4.574542)
RSR 7.62 0 (2.270051 2.519552 2.835037)
RLR 14.95 0 (4.730235 4.920367 5.295220)
LRL inf 1 (inf inf inf)

# 2.356194 -2.748894 4.000000
# best = 3 = RSR
LSL 12.56 0 (3.884427 5.094404 3.576855)
LSR 12.46 0 (4.735175 4.166624 3.557078)
RSL 11.26 0 (3.294386 3.488549 4.472483)
RSR 8.02 0 (2.281844 2.918272 2.823244)
RLR 14.40 0 (4.605747 4.647805 5.147146)
LRL inf 1 (inf inf inf)

# 2.356194 -2.748894 4.400000
# best = 3 = RSR
LSL 12.96 0 (3.887525 5.494068 3.573757)
LSR 12.74 0 (4.671094 4.580426 3.492997)
RSL 11.51 0 (3.209907 3.907740 4.388004)
RSR 8.42 0 (2.290801 3.317300 2.814287)
RLR 13.76 0 (4.454495 4.327388 4.977981)
LRL inf 1 (inf inf inf)

# 2.356194 -2.748894 4.800000
# best = 3 = RSR
LSL 13.36 0 (3.890203 5.893778 3.571080)
LSR 13.05 0 (4.616191 4.991977 3.438094)
RSL 11.78 0 (3.138947 4.323297 4.317044)
RSR 8.82 0 (2.297834 3.716537 2.807254)
RLR 12.90 0 (4.247362 3.899056 4.756782)
LRL inf 1 (inf inf inf)

# 2.356194 -2.748894 5.200000
# best = 3 = RSR
LSL 13.75 0 (3.892541 6.293525 3.568742)
LSR 13.36 0 (4.568665 5.401794 3.390568)
RSL 12.07 0 (3.078580 4.736175 4.256677)
RSR 9.22 0 (2.303503 4.115922 2.801585)
RLR inf 1 (inf inf inf)
LRL inf 1 (inf inf inf)

# 2.356194 -2.748894 5.600000
# best = 3 = RSR
LSL 14.15 0 (3.894599 6.693301 3.566684)
LSR 13.69 0 (4.527151 5.810242 3.349054)
RSL 12.38 0 (3.026649 5.147020 4.204747)
RSR 9.62 0 (2.308168 4.515416 2.796920)
RLR inf 1 (inf inf inf)
LRL inf 1 (inf inf inf)

# 2.356194 -2.748894 6.000000
# best = 3 = RSR
LSL 14.55 0 (3.896425 7.093103 3.564857)
LSR 14.02 0 (4.490594 6.217592 3.312497)
RSL 12.70 0 (2.981537 5.556283 4.159634)
RSR 10.02 0 (2.312075 4.914992 2.793013)
RLR inf 1 (inf inf inf)
LRL inf 1 (inf inf inf)

# 2.356194 -2.748894 6.400000
# best = 3 = RSR
LSL 14.95 0 (3.898057 7.492926 3.563226)
LSR 14.36 0 (4.458169 6.624047 3.280072)
RSL 13.03 0 (2.942006 5.964289 4.120103)
RSR 10.42 0 (2.315395 5.314633 2.789693)
RLR inf 1 (inf inf inf)
LRL inf 1 (inf inf inf)

# 2.356194 -2.748894 6.800000
# best = 3 = RSR
LSL 15.35 0 (3.899523 7.892768 3.561760)
LSR 14.71 0 (4.429223 7.029761 3.251126)
RSL 13.36 0 (2.907097 6.371279 4.085194)
RSR 10.82 0 (2.318250 5.714323 2.786838)
RLR inf 1 (inf inf inf)
LRL inf 1 (inf inf inf)

# 2.356194 -2.748894 7.200000
# best = 3 = RSR
LSL 15.75 0 (3.900848 8.292624 3.560435)
LSR 15.06 0 (4.403231 7.434855 3.225133)
RSL 13.71 0 (2.876056 6.777438 4.054153)
RSR 11.22 0 (2.320732 6.114054 2.784356)
RLR inf 1 (inf inf inf)
LRL inf 1 (inf inf inf)

# 2.356194 -2.748894 7.600000
# best = 3 = RSR
LSL 16.15 0 (3.902051 8.692494 3.559232)
LSR 15.42 0 (4.379767 7.839427 3.201669)
RSL 14.06 0 (2.848281 7.182905 4.026379)
RSR 11.62 0 (2.322909 6.513818 2.782179)
RLR inf 1 (inf inf inf)
LRL inf 1 (inf inf inf)

# 2.356194 -2.748894 8.000000
# best = 3 = RSR
LSL 16.55 0 (3.903148 9.092375 3.558135)
LSR 15.78 0 (4.358483 8.243552 3.180386)
RSL 14.41 0 (2.823290 7.587792 4.001387)
RSR 12.02 0 (2.324834 6.913609 2.780254)
RLR inf 1 (inf inf inf)
LRL inf 1 (inf inf inf)

# 2.748894 -2.748894 0.400000
# best = 5 = LRL
LSL 8.23 0 (3.534291 1.165366 3.534291)
LSR inf 1 (inf inf inf)
RSL inf 1 (inf inf inf)
RSR 12.15 0 (5.890487 0.365366 5.890487)
RLR 11.42 0 (2.657425 6.100247 2.657425)
LRL 5.89 0 (0.097070 5.691928 0.097070)

# 2.748894 -2.748894 0.800000
# best = 3 = RSR
LSL 8.63 0 (3.534291 1.565366 3.534291)
LSR 11.75 0 (6.151395 0.232841 5.365997)
RSL 11.75 0 (5.365997 0.232841 6.151395)
RSR 5.53 0 (2.748894 0.034634 2.748894)
RLR 18.03 0 (5.881828 6.265868 5.881828)
LRL 18.03 0 (6.273795 5.479007 6.273795)

# 2.748894 -2.748894 1.200000
# best = 3 = RSR
LSL 9.03 0 (3.534291 1.965366 3.534291)
LSR 11.47 0 (5.667020 0.924237 4.881623)
RSL 11.47 0 (4.881623 0.924237 5.667020)
RSR 5.93 0 (2.748894 0.434634 2.748894)
RLR 17.63 0 (5.781613 6.065438 5.781613)
LRL 17.58 0 (6.162255 5.255927 6.162255)

# 2.748894 -2.748894 1.600000
# best = 3 = RSR
LSL 9.43 0 (3.534291 2.365366 3.534291)
LSR 11.32 0 (5.349799 1.405068 4.564402)
RSL 11.32 0 (4.564402 1.405068 5.349799)
RSR 6.33 0 (2.748894 0.834634 2.748894)
RLR 17.22 0 (5.680284 5.862779 5.680284)
LRL 17.10 0 (6.043163 5.017743 6.043163)

# 2.748894 -2.748894 2.000000
# best = 3 = RSR
LSL 9.83 0 (3.534291 2.765366 3.534291)
LSR 11.27 0 (5.105088 1.847759 4.319690)
RSL 11.27 0 (4.319690 1.847759 5.105088)
RSR 6.73 0 (2.748894 1.234634 2.748894)
RLR 16.81 0 (5.576704 5.655621 5.576704)
LRL 16.58 0 (5.912540 4.756497 5.912540)

# 2.748894 -2.748894 2.400000
# best = 3 = RSR
LSL 10.23 0 (3.534291 3.165366 3.534291)
LSR 11.31 0 (4.911634 2.274690 4.126237)
RSL 11.31 0 (4.126237 2.274690 4.911634)
RSR 7.13 0 (2.748894 1.634634 2.748894)
RLR 16.38 0 (5.469503 5.441218 5.469503)
LRL 15.98 0 (5.762884 4.457185 5.762884)

# 2.748894 -2.748894 2.800000
# best = 3 = RSR
LSL 10.63 0 (3.534291 3.565366 3.534291)
LSR 11.42 0 (4.756331 2.693365 3.970933)
RSL 11.42 0 (3.970933 2.693365 4.756331)
RSR 7.53 0 (2.748894 2.034634 2.748894)
RLR 15.93 0 (5.356861 5.215933 5.356861)
LRL 15.23 0 (5.575588 4.082594 5.575588)

# 2.748894 -2.748894 3.200000
# best = 3 = RSR
LSL 11.03 0 (3.534291 3.965366 3.534291)
LSR 11.58 0 (4.629867 3.107123 3.844470)
RSL 11.58 0 (3.844470 3.107123 4.629867)
RSR 7.93 0 (2.748894 2.434634 2.748894)
RLR 15.45 0 (5.236118 4.974448 5.236118)
LRL 13.88 0 (5.236777 3.404971 5.236777)

# 2.748894 -2.748894 3.600000
# best = 3 = RSR
LSL 11.43 0 (3.534291 4.365366 3.534291)
LSR 11.78 0 (4.525472 3.517700 3.740074)
RSL 11.78 0 (3.740074 3.517700 4.525472)
RSR 8.33 0 (2.748894 2.834634 2.748894)
RLR 14.91 0 (5.102892 4.707995 5.102892)
LRL inf 1 (inf inf inf)

# 2.748894 -2.748894 4.000000
# best = 3 = RSR
LSL 11.83 0 (3.534291 4.765366 3.534291)
LSR 12.02 0 (4.438179 3.926094 3.652782)
RSL 12.02 0 (3.652782 3.926094 4.438179)
RSR 8.73 0 (2.748894 3.234634 2.748894)
RLR 14.30 0 (4.948619 4.399449 4.948619)
LRL inf 1 (inf inf inf)

# 2.748894 -2.748894 4.400000
# best = 3 = RSR
LSL 12.23 0 (3.534291 5.165366 3.534291)
LSR 12.28 0 (4.364317 4.332922 3.578919)
RSL 12.28 0 (3.578919 4.332922 4.364317)
RSR 9.13 0 (2.748894 3.634634 2.748894)
RLR 13.50 0 (4.750427 4.003066 4.750427)
LRL inf 1 (inf inf inf)

# 2.748894 -2.748894 4.800000
# best = 3 = RSR
LSL 12.63 0 (3.534291 5.565366 3.534291)
LSR 12.56 0 (4.301140 4.738588 3.515743)
RSL 12.56 0 (3.515743 4.738588 4.301140)
RSR 9.53 0 (2.748894 4.034634 2.748894)
RLR inf 1 (inf inf inf)
LRL inf 1 (inf inf inf)

# 2.748894 -2.748894 5.200000
# best = 3 = RSR
LSL 13.03 0 (3.534291 5.965366 3.534291)
LSR 12.85 0 (4.246572 5.143366 3.461175)
RSL 12.85 0 (3.461175 5.143366 4.246572)
RSR 9.93 0 (2.748894 4.434634 2.748894)
RLR inf 1 (inf inf inf)
LRL inf 1 (inf inf inf)

# 2.748894 -2.748894 5.600000
# best = 3 = RSR
LSL 13.43 0 (3.534291 6.365366 3.534291)
LSR 13.16 0 (4.199021 5.547451 3.413624)
RSL 13.16 0 (3.413624 5.547451 4.199021)
RSR 10.33 0 (2.748894 4.834634 2.748894)
RLR inf 1 (inf inf inf)
LRL inf 1 (inf inf inf)

# 2.748894 -2.748894 6.000000
# best = 3 = RSR
LSL 13.83 0 (3.534291 6.765366 3.534291)
LSR 13.48 0 (4.157254 5.950984 3.371857)
RSL 13.48 0 (3.371857 5.950984 4.157254)
RSR 10.73 0 (2.748894 5.234634 2.748894)
RLR inf 1 (inf inf inf)
LRL inf 1 (inf inf inf)

# 2.748894 -2.748894 6.400000
# best = 3 = RSR
LSL 14.23 0 (3.534291 7.165366 3.534291)
LSR 13.81 0 (4.120302 6.354071 3.334905)
RSL 13.81 0 (3.334905 6.354071 4.120302)
RSR 11.13 0 (2.748894 5.634634 2.748894)
RLR inf 1 (inf inf inf)
LRL inf 1 (inf inf inf)

# 2.748894 -2.748894 6.800000
# best = 3 = RSR
LSL 14.63 0 (3.534291 7.565366 3.534291)
LSR 14.15 0 (4.087396 6.756790 3.301999)
RSL 14.15 0 (3.301999 6.756790 4.087396)
RSR 11.53 0 (2.748894 6.034634 2.748894)
RLR inf 1 (inf inf inf)
LRL inf 1 (inf inf inf)

# 2.748894 -2.748894 7.200000
# best = 3 = RSR
LSL 15.03 0 (3.534291 7.965366 3.534291)
LSR 14.49 0 (4.057919 7.159205 3.272522)
RSL 14.49 0 (3.272522 7.159205 4.057919)
RSR 11.93 0 (2.748894 6.434634 2.748894)
RLR inf 1 (inf inf inf)
LRL inf 1 (inf inf inf)

# 2.748894 -2.748894 7.600000
# best = 3 = RSR
LSL 15.43 0 (3.534291 8.365366 3.534291)
LSR 14.84 0 (4.031371 7.561363 3.245974)
RSL 14.84 0 (3.245974 7.561363 4.031371)
RSR 12.33 0 (2.748894 6.834634 2.748894)
RLR inf 1 (inf inf inf)
LRL inf 1 (inf inf inf)

# 2.748894 -2.748894 8.000000
# best = 3 = RSR
LSL 15.83 0 (3.534291 8.765366 3.534291)
LSR 15.19 0 (4.007343 7.963304 3.221946)
RSL 15.19 0 (3.221946 7.963304 4.007343)
RSR 12.73 0 (2.748894 7.234634 2.748894)
RLR inf 1 (inf inf inf)
LRL inf 1 (inf inf inf)

# 3.141593 -2.748894 0.400000
# best = 3 = RSR
LSL 7.46 0 (3.238543 0.786376 3.437341)
LSR inf 1 (inf inf inf)
RSL 12.20 0 (5.623674 0.560273 6.016372)
RSR 5.97 0 (4.488697 0.078065 1.401790)
RLR 12.10 0 (1.327587 6.244150 4.523865)
LRL 12.17 0 (6.182253 5.887420 0.097865)

# 3.141593 -2.748894 0.800000
# best = 3 = RSR
LSL 7.86 0 (3.205866 1.185130 3.470018)
LSR inf 1 (inf inf inf)
RSL 11.94 0 (5.249009 1.048834 5.641708)
RSR 6.31 0 (3.322013 0.424203 2.568474)
RLR 11.75 0 (0.074170 6.070684 5.603816)
LRL 11.76 0 (6.046661 5.681589 0.027627)

# 3.141593 -2.748894 1.200000
# best = 3 = RSR
LSL 8.26 0 (3.189651 1.584512 3.486233)
LSR 11.39 0 (5.586468 0.607717 5.193770)
RSL 11.79 0 (4.955995 1.485328 5.348693)
RSR 6.71 0 (3.234459 0.820854 2.656028)
RLR 17.63 0 (6.169370 5.869821 5.590938)
LRL 17.61 0 (5.923948 5.468593 6.220529)

# 3.141593 -2.748894 1.600000
# best = 3 = RSR
LSL 8.66 0 (3.179966 1.984143 3.495918)
LSR 11.14 0 (5.220915 1.087737 4.828217)
RSL 11.74 0 (4.721432 1.905872 5.114131)
RSR 7.11 0 (3.204043 1.219695 2.686444)
RLR 17.22 0 (6.035777 5.663469 5.518178)
LRL 17.17 0 (5.802531 5.245131 6.118483)

# 3.141593 -2.748894 2.000000
# best = 3 = RSR
LSL 9.06 0 (3.173529 2.383898 3.502355)
LSR 11.00 0 (4.933582 1.522178 4.540883)
RSL 11.78 0 (4.532494 2.319158 4.925193)
RSR 7.51 0 (3.188624 1.619108 2.701863)
RLR 16.79 0 (5.913482 5.449716 5.426721)
LRL 16.69 0 (5.676643 5.006228 6.005469)

# 3.141593 -2.748894 2.400000
# best = 3 = RSR
LSL 9.46 0 (3.168940 2.783724 3.506943)
LSR 10.96 0 (4.703430 1.941875 4.310731)
RSL 11.88 0 (4.379044 2.728487 4.771742)
RSR 7.91 0 (3.179309 2.018753 2.711178)
RLR 16.34 0 (5.791880 5.225144 5.323750)
LRL 16.16 0 (5.540818 4.743754 5.878820)

# 3.141593 -2.748894 2.800000
# best = 3 = RSR
LSL 9.86 0 (3.165505 3.183593 3.510379)
LSR 11.00 0 (4.517932 2.354726 4.125234)
RSL 12.03 0 (4.253107 3.135409 4.645806)
RSR 8.31 0 (3.173072 2.418516 2.717415)
RLR 15.86 0 (5.665365 4.984586 5.209708)
LRL 15.56 0 (5.386608 4.442206 5.731482)

# 3.141593 -2.748894 3.200000
# best = 3 = RSR
LSL 10.26 0 (3.162836 3.583491 3.513048)
LSR 11.11 0 (4.367151 2.763799 3.974452)
RSL 12.23 0 (4.148570 3.540753 4.541268)
RSR 8.71 0 (3.168605 2.818345 2.721882)
RLR 15.33 0 (5.528358 4.719505 5.081634)
LRL 14.80 0 (5.194037 4.062402 5.544249)

# 3.141593 -2.748894 3.600000
# best = 3 = RSR
LSL 10.66 0 (3.160703 3.983410 3.515181)
LSR 11.26 0 (4.243285 3.170558 3.850586)
RSL 12.46 0 (4.060806 3.945007 4.453504)
RSR 9.11 0 (3.165248 3.218218 2.725239)
RLR 14.72 0 (5.371916 4.413336 4.931907)
LRL 13.32 0 (4.822607 3.323809 5.177085)

# 3.141593 -2.748894 4.000000
# best = 3 = RSR
LSL 11.06 0 (3.158959 4.383344 3.516925)
LSR 11.46 0 (4.140364 3.575793 3.747666)
RSL 12.71 0 (3.986321 4.348474 4.379020)
RSR 9.51 0 (3.162633 3.618118 2.727854)
RLR 13.94 0 (5.173951 4.022635 4.739171)
LRL inf 1 (inf inf inf)

# 3.141593 -2.748894 4.400000
# best = 3 = RSR
LSL 11.46 0 (3.157507 4.783288 3.518377)
LSR 11.70 0 (4.053874 3.979968 3.661176)
RSL 12.99 0 (3.922466 4.751355 4.315164)
RSR 9.91 0 (3.160539 4.018038 2.729948)
RLR inf 1 (inf inf inf)
LRL inf 1 (inf inf inf)

# 3.141593 -2.748894 4.800000
# best = 3 = RSR
LSL 11.86 0 (3.156279 5.183242 3.519605)
LSR 11.95 0 (3.980404 4.383378 3.587706)
RSL 13.28 0 (3.867214 5.153787 4.259912)
RSR 10.31 0 (3.158824 4.417973 2.731663)
RLR inf 1 (inf inf inf)
LRL inf 1 (inf inf inf)

# 3.141593 -2.748894 5.200000
# best = 3 = RSR
LSL 12.26 0 (3.155227 5.583202 3.520657)
LSR 12.23 0 (3.917367 4.786215 3.524668)
RSL 13.59 0 (3.819001 5.555868 4.211699)
RSR 10.71 0 (3.157393 4.817919 2.733094)
RLR inf 1 (inf inf inf)
LRL inf 1 (inf inf inf)

# 3.141593 -2.748894 5.600000
# best = 3 = RSR
LSL 12.66 0 (3.154315 5.983167 3.521569)
LSR 12.52 0 (3.862780 5.188613 3.470082)
RSL 13.90 0 (3.776604 5.957668 4.169303)
RSR 11.11 0 (3.156182 5.217873 2.734305)
RLR inf 1 (inf inf inf)
LRL inf 1 (inf inf inf)

# 3.141593 -2.748894 6.000000
# best = 3 = RSR
LSL 13.06 0 (3.153518 6.383137 3.522366)
LSR 12.83 0 (3.815114 5.590667 3.422416)
RSL 14.23 0 (3.739062 6.359242 4.131760)
RSR 11.51 0 (3.155143 5.617833 2.735344)
RLR inf 1 (inf inf inf)
LRL inf 1 (inf inf inf)

# 3.141593 -2.748894 6.400000
# best = 3 = RSR
LSL 13.46 0 (3.152815 6.783110 3.523069)
LSR 13.15 0 (3.773173 5.992446 3.380475)
RSL 14.56 0 (3.705606 6.760629 4.098305)
RSR 11.91 0 (3.154243 6.017799 2.736244)
RLR inf 1 (inf inf inf)
LRL inf 1 (inf inf inf)

# 3.141593 -2.748894 6.800000
# best = 3 = RSR
LSL 13.86 0 (3.152190 7.183086 3.523694)
LSR 13.47 0 (3.736013 6.394002 3.343315)
RSL 14.91 0 (3.675619 7.161861 4.068317)
RSR 12.31 0 (3.153454 6.417769 2.737033)
RLR inf 1 (inf inf inf)
LRL inf 1 (inf inf inf)

# 3.141593 -2.748894 7.200000
# best = 3 = RSR
LSL 14.26 0 (3.151631 7.583065 3.524253)
LSR 13.81 0 (3.702880 6.795375 3.310182)
RSL 15.25 0 (3.648599 7.562962 4.041297)
RSR 12.71 0 (3.152758 6.817742 2.737729)
RLR inf 1 (inf inf inf)
LRL inf 1 (inf inf inf)

# 3.141593 -2.748894 7.600000
# best = 3 = RSR
LSL 14.66 0 (3.151128 7.983046 3.524756)
LSR 14.15 0 (3.673168 7.196594 3.280470)
RSL 15.60 0 (3.624133 7.963953 4.016831)
RSR 13.11 0 (3.152140 7.217719 2.738347)
RLR inf 1 (inf inf inf)
LRL inf 1 (inf inf inf)

# 3.141593 -2.748894 8.000000
# best = 3 = RSR
LSL 15.06 0 (3.150673 8.383028 3.525211)
LSR 14.50 0 (3.646384 7.597686 3.253686)
RSL 15.96 0 (3.601882 8.364849 3.994581)
RSR 13.51 0 (3.151586 7.617698 2.738901)
RLR inf 1 (inf inf inf)
LRL inf 1 (inf inf inf)

# -3.141593 -2.356194 0.400000
# best = 2 = RSL
LSL 8.21 0 (3.400225 1.145196 3.668359)
LSR inf 1 (inf inf inf)
RSL 5.92 0 (5.522966 0.374029 0.025180)
RSR 12.21 0 (5.521472 0.424384 6.259499)
RLR 11.36 0 (2.273584 6.070593 3.011611)
LRL 12.19 0 (6.251456 5.702462 0.236405)

# -3.141593 -2.356194 0.800000
# best = 3 = RSR
LSL 8.60 0 (3.333542 1.535304 3.735042)
LSR inf 1 (inf inf inf)
RSL 12.00 0 (5.061379 1.088845 5.846778)
RSR 5.81 0 (4.405269 0.307271 1.092517)
RLR 11.47 0 (1.186783 6.129398 4.157216)
LRL 11.78 0 (6.081198 5.495313 0.199514)

# -3.141593 -2.356194 1.200000
# best = 3 = RSR
LSL 9.00 0 (3.293982 1.929468 3.774602)
LSR inf 1 (inf inf inf)
RSL 11.92 0 (4.768598 1.597269 5.553997)
RSR 6.07 0 (3.677761 0.573350 1.820025)
RLR 11.21 0 (0.392336 5.995520 4.817785)
LRL 11.34 0 (5.932220 5.276476 0.129655)

# -3.141593 -2.356194 1.600000
# best = 3 = RSR
LSL 9.39 0 (3.267870 2.325625 3.800714)
LSR inf 1 (inf inf inf)
RSL 11.94 0 (4.549632 2.058386 5.335031)
RSR 6.44 0 (3.458560 0.939704 2.039226)
RLR 10.83 0 (0.079825 5.808900 4.943676)
LRL 10.87 0 (5.789007 5.042273 0.038665)

# -3.141593 -2.356194 2.000000
# best = 3 = RSR
LSL 9.79 0 (3.249368 2.722906 3.819216)
LSR 10.52 0 (5.269502 0.765366 4.484103)
RSL 12.04 0 (4.379238 2.498527 5.164637)
RSR 6.82 0 (3.364373 1.325654 2.133413)
RLR 16.71 0 (6.168165 5.607583 4.937204)
LRL 16.64 0 (5.642207 4.785677 6.212055)

# -3.141593 -2.356194 2.400000
# best = 3 = RSR
LSL 10.19 0 (3.235581 3.120882 3.833003)
LSR 10.38 0 (4.913664 1.334204 4.128265)
RSL 12.20 0 (4.243388 2.927170 5.028787)
RSR 7.22 0 (3.312910 1.718043 2.184876)
RLR 16.29 0 (6.010552 5.395283 4.882518)
LRL 16.05 0 (5.482155 4.493149 6.079578)

# -3.141593 -2.356194 2.800000
# best = 3 = RSR
LSL 10.59 0 (3.224914 3.519317 3.843670)
LSR 10.35 0 (4.659654 1.815052 3.874255)
RSL 12.40 0 (4.132977 3.348733 4.918376)
RSR 7.61 0 (3.280636 2.113288 2.217150)
RLR 15.84 0 (5.865606 5.169939 4.802120)
LRL 15.33 0 (5.291004 4.132180 5.909760)

# -3.141593 -2.356194 3.200000
# best = 3 = RSR
LSL 10.99 0 (3.216417 3.918070 3.852167)
LSR 10.41 0 (4.465454 2.264670 3.680055)
RSL 12.63 0 (4.041755 3.765594 4.827154)
RSR 8.01 0 (3.258548 2.510040 2.239239)
RLR 15.35 0 (5.721789 4.926483 4.702480)
LRL 14.16 0 (4.989958 3.547082 5.625708)

# -3.141593 -2.356194 3.600000
# best = 3 = RSR
LSL 11.39 0 (3.209491 4.317055 3.859093)
LSR 10.54 0 (4.312481 2.698711 3.527082)
RSL 12.90 0 (3.965298 4.179160 4.750697)
RSR 8.41 0 (3.242494 2.907682 2.255292)
RLR 14.81 0 (5.570260 4.655532 4.583058)
LRL inf 1 (inf inf inf)

# -3.141593 -2.356194 4.000000
# best = 3 = RSR
LSL 11.78 0 (3.203737 4.716211 3.864848)
LSR 10.72 0 (4.189374 3.123677 3.403975)
RSL 13.18 0 (3.900404 4.590323 4.685803)
RSR 8.80 0 (3.230306 3.305893 2.267480)
RLR 14.17 0 (5.399085 4.337557 4.436259)
LRL inf 1 (inf inf inf)

# -3.141593 -2.356194 4.400000
# best = 3 = RSR
LSL 12.18 0 (3.198880 5.115499 3.869704)
LSR 10.93 0 (4.088525 3.542834 3.303126)
RSL 13.47 0 (3.844706 4.999675 4.630105)
RSR 9.20 0 (3.220739 3.704489 2.277047)
RLR 13.33 0 (5.178332 3.915185 4.234639)
LRL inf 1 (inf inf inf)

# -3.141593 -2.356194 4.800000
# best = 3 = RSR
LSL 12.58 0 (3.194728 5.514891 3.873857)
LSR 11.18 0 (4.004625 3.958028 3.219226)
RSL 13.79 0 (3.796428 5.407628 4.581827)
RSR 9.60 0 (3.213032 4.103359 2.284754)
RLR inf 1 (inf inf inf)
LRL inf 1 (inf inf inf)

# -3.141593 -2.356194 5.200000
# best = 3 = RSR
LSL 12.98 0 (3.191136 5.914364 3.877449)
LSR 11.45 0 (3.933879 4.370389 3.148480)
RSL 14.11 0 (3.754212 5.814475 4.539611)
RSR 10.00 0 (3.206691 4.502429 2.291096)
RLR inf 1 (inf inf inf)
LRL inf 1 (inf inf inf)

# -3.141593 -2.356194 5.600000
# best = 3 = RSR
LSL 13.38 0 (3.187998 6.313905 3.880586)
LSR 11.74 0 (3.873510 4.780650 3.088111)
RSL 14.44 0 (3.717005 6.220435 4.502404)
RSR 10.40 0 (3.201382 4.901651 2.296404)
RLR inf 1 (inf inf inf)
LRL inf 1 (inf inf inf)

# -3.141593 -2.356194 6.000000
# best = 3 = RSR
LSL 13.78 0 (3.185234 6.713500 3.883350)
LSR 12.05 0 (3.821451 5.189309 3.036052)
RSL 14.78 0 (3.683981 6.625669 4.469380)
RSR 10.80 0 (3.196873 5.300990 2.300913)
RLR inf 1 (inf inf inf)
LRL inf 1 (inf inf inf)

# -3.141593 -2.356194 6.400000
# best = 3 = RSR
LSL 14.18 0 (3.182781 7.113140 3.885803)
LSR 12.36 0 (3.776137 5.596717 2.990738)
RSL 15.12 0 (3.654484 7.030304 4.439883)
RSR 11.20 0 (3.192996 5.700422 2.304790)
RLR inf 1 (inf inf inf)
LRL inf 1 (inf inf inf)

# -3.141593 -2.356194 6.800000
# best = 3 = RSR
LSL 14.58 0 (3.180589 7.512819 3.887996)
LSR 12.69 0 (3.736363 6.003129 2.950964)
RSL 15.48 0 (3.627985 7.434438 4.413384)
RSR 11.60 0 (3.189627 6.099928 2.308160)
RLR inf 1 (inf inf inf)
LRL inf 1 (inf inf inf)

# -3.141593 -2.356194 7.200000
# best = 3 = RSR
LSL 14.98 0 (3.178618 7.912530 3.889966)
LSR 13.03 0 (3.701190 6.408734 2.915791)
RSL 15.83 0 (3.604055 7.838147 4.389454)
RSR 12.00 0 (3.186672 6.499495 2.311115)
RLR inf 1 (inf inf inf)
LRL inf 1 (inf inf inf)

# -3.141593 -2.356194 7.600000
# best = 3 = RSR
LSL 15.38 0 (3.176837 8.312269 3.891748)
LSR 13.37 0 (3.669878 6.813677 2.884479)
RSL 16.19 0 (3.582342 8.241495 4.367741)
RSR 12.40 0 (3.184059 6.899113 2.313727)
RLR inf 1 (inf inf inf)
LRL inf 1 (inf inf inf)

# -3.141593 -2.356194 8.000000
# best = 3 = RSR
LSL 15.78 0 (3.175219 8.712032 3.893366)
LSR 13.72 0 (3.641832 7.218068 2.856433)
RSL 16.56 0 (3.562555 8.644531 4.347954)
RSR 12.80 0 (3.181732 7.298772 2.316054)
RLR inf 1 (inf inf inf)
LRL inf 1 (inf inf inf)

# -2.748894 -2.356194 0.400000
# best = 3 = RSR
LSL 7.43 0 (3.039649 0.756162 3.636236)
LSR inf 1 (inf inf inf)
RSL 12.32 0 (5.497213 0.937865 5.889913)
RSR 6.12 0 (4.769625 0.229570 1.120861)
RLR 11.94 0 (1.570608 6.168337 4.205029)
LRL 12.20 0 (5.991057 5.902815 0.304459)

# -2.748894 -2.356194 0.800000
# best = 3 = RSR
LSL 7.82 0 (2.939344 1.145129 3.736542)
LSR inf 1 (inf inf inf)
RSL 12.24 0 (5.175598 1.493795 5.568298)
RSR 6.41 0 (3.961968 0.522650 1.928517)
RLR 11.65 0 (0.689338 6.021111 4.939073)
LRL 11.80 0 (5.790592 5.702497 0.304605)

# -2.748894 -2.356194 1.200000
# best = 3 = RSR
LSL 8.22 0 (2.890147 1.539760 3.785738)
LSR inf 1 (inf inf inf)
RSL 12.26 0 (4.944735 1.975666 5.337435)
RSR 6.79 0 (3.776989 0.902011 2.113496)
RLR 11.26 0 (0.407937 5.828267 5.027630)
LRL 11.38 0 (5.636597 5.492900 0.249003)

# -2.748894 -2.356194 1.600000
# best = 3 = RSR
LSL 8.61 0 (2.861064 1.936595 3.814821)
LSR inf 1 (inf inf inf)
RSL 12.36 0 (4.768419 2.427980 5.161119)
RSR 7.18 0 (3.702625 1.293864 2.187861)
RLR 10.86 0 (0.231642 5.624405 5.000063)
LRL 10.94 0 (5.497267 5.272405 0.167838)

# -2.748894 -2.356194 2.000000
# best = 3 = RSR
LSL 9.01 0 (2.841884 2.334510 3.834001)
LSR inf 1 (inf inf inf)
RSL 12.52 0 (4.629454 2.864772 5.022154)
RSR 7.58 0 (3.662949 1.689540 2.227536)
RLR 10.43 0 (0.085281 5.411035 4.933054)
LRL 10.47 0 (5.360288 5.036808 0.069220)

# -2.748894 -2.356194 2.400000
# best = 3 = RSR
LSL 9.41 0 (2.828293 2.733034 3.847592)
LSR 10.05 0 (4.915942 0.613812 4.523242)
RSL 12.72 0 (4.517397 3.292226 4.910097)
RSR 7.98 0 (3.638354 2.086865 2.252131)
RLR 16.26 0 (6.231085 5.185462 4.844862)
LRL 16.23 0 (5.217670 4.778753 6.236968)

# -2.748894 -2.356194 2.800000
# best = 3 = RSR
LSL 9.81 0 (2.818163 3.131935 3.857722)
LSR 9.91 0 (4.519574 1.258941 4.126874)
RSL 12.96 0 (4.425346 3.713567 4.818046)
RSR 8.38 0 (3.621633 2.485049 2.268852)
RLR 15.78 0 (6.092874 4.942481 4.740092)
LRL 15.64 0 (5.060308 4.484289 6.099867)

# -2.748894 -2.356194 3.200000
# best = 3 = RSR
LSL 10.21 0 (2.810323 3.531084 3.865563)
LSR 9.88 0 (4.254796 1.764398 3.862096)
RSL 13.22 0 (4.348529 4.130668 4.741229)
RSR 8.77 0 (3.609533 2.883735 2.280952)
RLR 15.24 0 (5.945977 4.672888 4.617396)
LRL 14.92 0 (4.870187 4.119729 5.925427)

# -2.748894 -2.356194 3.600000
# best = 3 = RSR
LSL 10.61 0 (2.804075 3.930406 3.871810)
LSR 9.95 0 (4.056747 2.227391 3.664047)
RSL 13.50 0 (4.283550 4.544694 4.676250)
RSR 9.17 0 (3.600374 3.282741 2.290112)
RLR 14.61 0 (5.779357 4.357967 4.469095)
LRL 13.71 0 (4.561682 3.515213 5.629417)

# -2.748894 -2.356194 4.000000
# best = 3 = RSR
LSL 11.01 0 (2.798980 4.329854 3.876906)
LSR 10.08 0 (3.902598 2.670101 3.509898)
RSL 13.80 0 (4.227931 4.956418 4.620631)
RSR 9.57 0 (3.593200 3.681963 2.297286)
RLR 13.78 0 (5.565458 3.944517 4.269544)
LRL inf 1 (inf inf inf)

# -2.748894 -2.356194 4.400000
# best = 3 = RSR
LSL 11.41 0 (2.794745 4.729395 3.881140)
LSR 10.27 0 (3.779482 3.101226 3.386782)
RSL 14.12 0 (4.179826 5.366369 4.572526)
RSR 9.97 0 (3.587430 4.081337 2.303056)
RLR inf 1 (inf inf inf)
LRL inf 1 (inf inf inf)

# -2.748894 -2.356194 4.800000
# best = 3 = RSR
LSL 11.80 0 (2.791171 5.129007 3.884715)
LSR 10.49 0 (3.679144 3.525021 3.286444)
RSL 14.44 0 (4.137836 5.774924 4.530536)
RSR 10.37 0 (3.582688 4.480823 2.307797)
RLR inf 1 (inf inf inf)
LRL inf 1 (inf inf inf)

# -2.748894 -2.356194 5.200000
# best = 1 = LSR
LSL 12.20 0 (2.788113 5.528675 3.887772)
LSR 10.74 0 (3.595977 3.943848 3.203277)
RSL 14.78 0 (4.100886 6.182360 4.493586)
RSR 10.77 0 (3.578723 4.880393 2.311762)
RLR inf 1 (inf inf inf)
LRL inf 1 (inf inf inf)

# -2.748894 -2.356194 5.600000
# best = 1 = LSR
LSL 12.60 0 (2.785467 5.928389 3.890418)
LSR 11.02 0 (3.526037 4.359141 3.133337)
RSL 15.12 0 (4.068131 6.588885 4.460831)
RSR 11.17 0 (3.575358 5.280028 2.315127)
RLR inf 1 (inf inf inf)
LRL inf 1 (inf inf inf)

# -2.748894 -2.356194 6.000000
# best = 1 = LSR
LSL 13.00 0 (2.783156 6.328138 3.892729)
LSR 11.31 0 (3.466476 4.771821 3.073776)
RSL 15.47 0 (4.038906 6.994658 4.431606)
RSR 11.57 0 (3.572467 5.679714 2.318019)
RLR inf 1 (inf inf inf)
LRL inf 1 (inf inf inf)

# -2.748894 -2.356194 6.400000
# best = 1 = LSR
LSL 13.40 0 (2.781120 6.727917 3.894766)
LSR 11.62 0 (3.415194 5.182513 3.022494)
RSL 15.82 0 (4.012676 7.399802 4.405376)
RSR 11.97 0 (3.569956 6.079442 2.320530)
RLR inf 1 (inf inf inf)
LRL inf 1 (inf inf inf)

# -2.748894 -2.356194 6.800000
# best = 1 = LSR
LSL 13.80 0 (2.779311 7.127721 3.896574)
LSR 11.94 0 (3.370609 5.591656 2.977909)
RSL 16.18 0 (3.989008 7.804416 4.381708)
RSR 12.37 0 (3.567754 6.479203 2.322731)
RLR inf 1 (inf inf inf)
LRL inf 1 (inf inf inf)

# -2.748894 -2.356194 7.200000
# best = 1 = LSR
LSL 14.20 0 (2.777695 7.527546 3.898190)
LSR 12.27 0 (3.331513 5.999565 2.938813)
RSL 16.54 0 (3.967547 8.208577 4.360247)
RSR 12.77 0 (3.565809 6.878992 2.324676)
RLR inf 1 (inf inf inf)
LRL inf 1 (inf inf inf)

# -2.748894 -2.356194 7.600000
# best = 1 = LSR
LSL 14.60 0 (2.776242 7.927388 3.899643)
LSR 12.61 0 (3.296966 6.406477 2.904266)
RSL 16.90 0 (3.948003 8.612350 4.340703)
RSR 13.17 0 (3.564077 7.278805 2.326408)
RLR inf 1 (inf inf inf)
LRL inf 1 (inf inf inf)

# -2.748894 -2.356194 8.000000
# best = 1 = LSR
LSL 15.00 0 (2.774929 8.327246 3.900957)
LSR 12.95 0 (3.266230 6.812570 2.873530)
RSL 17.27 0 (3.930131 9.015786 4.322831)
RSR 13.57 0 (3.562526 7.678636 2.327960)
RLR inf 1 (inf inf inf)
LRL inf 1 (inf inf inf)

# -2.356194 -2.356194 0.400000
# best = 0 = LSL
LSL 6.68 0 (2.356194 0.400000 3.926991)
LSR inf 1 (inf inf inf)
RSL 12.42 0 (5.643211 1.136385 5.643211)
RSR 6.68 0 (3.926991 0.400000 2.356194)
RLR 12.17 0 (0.685231 6.082850 5.397619)
LRL 12.17 0 (5.397619 6.082850 0.685231)

# -2.356194 -2.356194 0.800000
# best = 0 = LSL
LSL 7.08 0 (2.356194 0.800000 3.926991)
LSR inf 1 (inf inf inf)
RSL 12.42 0 (5.360596 1.703744 5.360596)
RSR 7.08 0 (3.926991 0.800000 2.356194)
RLR 11.76 0 (0.584041 5.880469 5.296429)
LRL 11.76 0 (5.296429 5.880469 0.584041)

# -2.356194 -2.356194 1.200000
# best = 0 = LSL
LSL 7.48 0 (2.356194 1.200000 3.926991)
LSR inf 1 (inf inf inf)
RSL 12.52 0 (5.160994 2.198662 5.160994)
RSR 7.48 0 (3.926991 1.200000 2.356194)
RLR 11.35 0 (0.480706 5.673800 5.193094)
LRL 11.35 0 (5.193094 5.673800 0.480706)

# -2.356194 -2.356194 1.600000
# best = 0 = LSL
LSL 7.88 0 (2.356194 1.600000 3.926991)
LSR inf 1 (inf inf inf)
RSL 12.68 0 (5.010049 2.661858 5.010049)
RSR 7.88 0 (3.926991 1.600000 2.356194)
RLR 10.92 0 (0.373882 5.460152 5.086270)
LRL 10.92 0 (5.086270 5.460152 0.373882)

# -2.356194 -2.356194 2.000000
# best = 0 = LSL
LSL 8.28 0 (2.356194 2.000000 3.926991)
LSR inf 1 (inf inf inf)
RSL 12.89 0 (4.891549 3.107548 4.891549)
RSR 8.28 0 (3.926991 2.000000 2.356194)
RLR 10.47 0 (0.261800 5.235988 4.974188)
LRL 10.47 0 (4.974188 5.235988 0.261800)

# -2.356194 -2.356194 2.400000
# best = 0 = LSL
LSL 8.68 0 (2.356194 2.400000 3.926991)
LSR inf 1 (inf inf inf)
RSL 13.13 0 (4.796033 3.542348 4.796033)
RSR 8.68 0 (3.926991 2.400000 2.356194)
RLR 9.99 0 (0.141898 4.996183 4.854286)
LRL 9.99 0 (4.854286 4.996183 0.141898)

# -2.356194 -2.356194 2.800000
# best = 0 = LSL
LSL 9.08 0 (2.356194 2.800000 3.926991)
LSR inf 1 (inf inf inf)
RSL 13.40 0 (4.717446 3.969836 4.717446)
RSR 9.08 0 (3.926991 2.800000 2.356194)
RLR 9.46 0 (0.010001 4.732390 4.722389)
LRL 9.46 0 (4.722389 4.732390 0.010001)

# -2.356194 -2.356194 3.200000
# best = 1 = LSR
LSL 9.48 0 (2.356194 3.200000 3.926991)
LSR 9.29 0 (4.097629 1.090426 4.097629)
RSL 13.70 0 (4.651693 4.392149 4.651693)
RSR 9.48 0 (3.926991 3.200000 2.356194)
RLR 15.14 0 (6.141289 4.428595 4.570491)
LRL 15.14 0 (4.570491 4.428595 6.141289)

# -2.356194 -2.356194 3.600000
# best = 1 = LSR
LSL 9.88 0 (2.356194 3.600000 3.926991)
LSR 9.28 0 (3.806529 1.666631 3.806529)
RSL 14.00 0 (4.595896 4.810649 4.595896)
RSR 9.88 0 (3.926991 3.600000 2.356194)
RLR 14.37 0 (5.948814 4.043646 4.378017)
LRL 14.37 0 (4.378017 4.043646 5.948814)

# -2.356194 -2.356194 4.000000
# best = 1 = LSR
LSL 10.28 0 (2.356194 4.000000 3.926991)
LSR 9.37 0 (3.602521 2.164783 3.602521)
RSL 14.32 0 (4.547976 5.226252 4.547976)
RSR 10.28 0 (3.926991 4.000000 2.356194)
RLR 12.57 0 (5.497788 3.141593 3.926990)
LRL 12.57 0 (3.926990 3.141593 5.497788)

# -2.356194 -2.356194 4.400000
# best = 1 = LSR
LSL 10.68 0 (2.356194 4.400000 3.926991)
LSR 9.53 0 (3.448768 2.629623 3.448768)
RSL 14.65 0 (4.506390 5.639600 4.506390)
RSR 10.68 0 (3.926991 4.400000 2.356194)
RLR inf 1 (inf inf inf)
LRL inf 1 (inf inf inf)

# -2.356194 -2.356194 4.800000
# best = 1 = LSR
LSL 11.08 0 (2.356194 4.800000 3.926991)
LSR 9.73 0 (3.328327 3.076287 3.328327)
RSL 14.99 0 (4.469970 6.051153 4.469970)
RSR 11.08 0 (3.926991 4.800000 2.356194)
RLR inf 1 (inf inf inf)
LRL inf 1 (inf inf inf)

# -2.356194 -2.356194 5.200000
# best = 1 = LSR
LSL 11.48 0 (2.356194 5.200000 3.926991)
LSR 9.97 0 (3.231408 3.511719 3.231408)
RSL 15.34 0 (4.437817 6.461256 4.437817)
RSR 11.48 0 (3.926991 5.200000 2.356194)
RLR inf 1 (inf inf inf)
LRL inf 1 (inf inf inf)

# -2.356194 -2.356194 5.600000
# best = 1 = LSR
LSL 11.88 0 (2.356194 5.600000 3.926991)
LSR 10.24 0 (3.151771 3.939645 3.151771)
RSL 15.69 0 (4.409229 6.870167 4.409229)
RSR 11.88 0 (3.926991 5.600000 2.356194)
RLR inf 1 (inf inf inf)
LRL inf 1 (inf inf inf)

# -2.356194 -2.356194 6.000000
# best = 1 = LSR
LSL 12.28 0 (2.356194 6.000000 3.926991)
LSR 10.53 0 (3.085211 4.362273 3.085211)
RSL 16.05 0 (4.383649 7.278088 4.383649)
RSR 12.28 0 (3.926991 6.000000 2.356194)
RLR inf 1 (inf inf inf)
LRL inf 1 (inf inf inf)

# -2.356194 -2.356194 6.400000
# best = 1 = LSR
LSL 12.68 0 (2.356194 6.400000 3.926991)
LSR 10.84 0 (3.028784 4.781010 3.028784)
RSL 16.41 0 (4.360627 7.685177 4.360627)
RSR 12.68 0 (3.926991 6.400000 2.356194)
RLR inf 1 (inf inf inf)
LRL inf 1 (inf inf inf)

# -2.356194 -2.356194 6.800000
# best = 1 = LSR
LSL 13.08 0 (2.356194 6.800000 3.926991)
LSR 11.16 0 (2.980360 5.196796 2.980360)
RSL 16.77 0 (4.339801 8.091558 4.339801)
RSR 13.08 0 (3.926991 6.800000 2.356194)
RLR inf 1 (inf inf inf)
LRL inf 1 (inf inf inf)

# -2.356194 -2.356194 7.200000
# best = 1 = LSR
LSL 13.48 0 (2.356194 7.200000 3.926991)
LSR 11.49 0 (2.938365 5.610287 2.938365)
RSL 17.14 0 (4.320872 8.497334 4.320872)
RSR 13.48 0 (3.926991 7.200000 2.356194)
RLR inf 1 (inf inf inf)
LRL inf 1 (inf inf inf)

# -2.356194 -2.356194 7.600000
# best = 1 = LSR
LSL 13.88 0 (2.356194 7.600000 3.926991)
LSR 11.83 0 (2.901611 6.021955 2.901611)
RSL 17.51 0 (4.303595 8.902587 4.303595)
RSR 13.88 0 (3.926991 7.600000 2.356194)
RLR inf 1 (inf inf inf)
LRL inf 1 (inf inf inf)

# -2.356194 -2.356194 8.000000
# best = 1 = LSR
LSL 14.28 0 (2.356194 8.000000 3.926991)
LSR 12.17 0 (2.869180 6.432151 2.869180)
RSL 17.88 0 (4.287762 9.307386 4.287762)
RSR 14.28 0 (3.926991 8.000000 2.356194)
RLR inf 1 (inf inf inf)
LRL inf 1 (inf inf inf)

# -1.963495 -2.356194 0.400000
# best = 0 = LSL
LSL 6.26 0 (0.906818 0.372589 4.983669)
LSR inf 1 (inf inf inf)
RSL 12.48 0 (5.862765 1.145665 5.470066)
RSR 7.37 0 (3.835458 0.696892 2.840426)
RLR 12.26 0 (0.518749 5.932952 5.806902)
LRL 11.80 0 (3.955128 6.096620 1.748794)

# -1.963495 -2.356194 0.800000
# best = 0 = LSL
LSL 6.56 0 (1.455862 0.667387 4.434624)
LSR inf 1 (inf inf inf)
RSL 12.55 0 (5.590285 1.759926 5.197586)
RSR 7.74 0 (4.010830 1.067275 2.665055)
RLR 11.88 0 (0.599146 5.743004 5.536557)
LRL 11.50 0 (4.429824 5.947924 1.125401)

# -1.963495 -2.356194 1.200000
# best = 0 = LSL
LSL 6.93 0 (1.644786 1.035368 4.245701)
LSR inf 1 (inf inf inf)
RSL 12.70 0 (5.407049 2.280817 5.014350)
RSR 8.13 0 (4.094584 1.453442 2.581301)
RLR 11.47 0 (0.581118 5.539440 5.351021)
LRL 11.13 0 (4.524555 5.759539 0.842285)

# -1.963495 -2.356194 1.600000
# best = 0 = LSL
LSL 7.31 0 (1.733118 1.420763 4.157368)
LSR inf 1 (inf inf inf)
RSL 12.91 0 (5.271781 2.761687 4.879082)
RSR 8.52 0 (4.142982 1.845512 2.532903)
RLR 11.04 0 (0.521841 5.324090 5.194948)
LRL 10.72 0 (4.511593 5.556949 0.652657)

# -1.963495 -2.356194 2.000000
# best = 0 = LSL
LSL 7.70 0 (1.783533 1.812498 4.106953)
LSR inf 1 (inf inf inf)
RSL 13.16 0 (5.167003 3.220513 4.774304)
RSR 8.92 0 (4.174373 2.240386 2.501512)
RLR 10.58 0 (0.438277 5.094181 5.048602)
LRL 10.29 0 (4.454858 5.342651 0.495094)

# -1.963495 -2.356194 2.400000
# best = 0 = LSL
LSL 8.10 0 (1.815976 2.207200 4.074510)
LSR inf 1 (inf inf inf)
RSL 13.44 0 (5.083202 3.665583 4.690503)
RSR 9.31 0 (4.196341 2.636807 2.479543)
RLR 10.08 0 (0.334992 4.843672 4.901379)
LRL 9.84 0 (4.373048 5.114143 0.348396)

# -1.963495 -2.356194 2.800000
# best = 0 = LSL
LSL 8.49 0 (1.838561 2.603520 4.051926)
LSR inf 1 (inf inf inf)
RSL 13.74 0 (5.014563 4.101376 4.621864)
RSR 9.71 0 (4.212562 3.034167 2.463322)
RLR 9.51 0 (0.209897 4.561041 4.743843)
LRL 9.34 0 (4.271410 4.865700 0.201590)

# -1.963495 -2.356194 3.200000
# best = 5 = LRL
LSL 8.89 0 (1.855172 3.000816 4.035315)
LSR inf 1 (inf inf inf)
RSL 14.05 0 (4.957277 4.530571 4.564578)
RSR 10.11 0 (4.225024 3.432140 2.450860)
RLR 8.83 0 (0.052000 4.220323 4.561022)
LRL 8.78 0 (4.148394 4.586444 0.045352)

# -1.963495 -2.356194 3.600000
# best = 1 = LSR
LSL 9.29 0 (1.867896 3.398747 4.022591)
LSR 8.55 0 (3.563500 1.031821 3.956199)
RSL 14.38 0 (4.908728 4.954883 4.516029)
RSR 10.51 0 (4.234895 3.830536 2.440990)
RLR 14.13 0 (6.097817 3.725844 4.303911)
LRL 14.40 0 (3.994098 4.252404 6.148793)

# -1.963495 -2.356194 4.000000
# best = 1 = LSR
LSL 9.69 0 (1.877951 3.797112 4.012535)
LSR 8.60 0 (3.268759 1.673280 3.661458)
RSL 14.72 0 (4.867052 5.375468 4.474353)
RSR 10.91 0 (4.242905 4.229234 2.432979)
RLR inf 1 (inf inf inf)
LRL 13.45 0 (3.768612 3.781322 5.903196)

# -1.963495 -2.356194 4.400000
# best = 1 = LSR
LSL 10.09 0 (1.886097 4.195789 4.004390)
LSR 8.75 0 (3.075484 2.203424 3.468183)
RSL 15.06 0 (4.830884 5.793138 4.438185)
RSR 11.30 0 (4.249535 4.628157 2.426349)
RLR inf 1 (inf inf inf)
LRL inf 1 (inf inf inf)

# -1.963495 -2.356194 4.800000
# best = 1 = LSR
LSL 10.49 0 (1.892828 4.594695 3.997658)
LSR 8.95 0 (2.934233 2.688919 3.326932)
RSL 15.41 0 (4.799198 6.208481 4.406499)
RSR 11.70 0 (4.255112 5.027251 2.420772)
RLR inf 1 (inf inf inf)
LRL inf 1 (inf inf inf)

# -1.963495 -2.356194 5.200000
# best = 1 = LSR
LSL 10.88 0 (1.898484 4.993777 3.992003)
LSR 9.19 0 (2.825484 3.150476 3.218183)
RSL 15.77 0 (4.771208 6.621935 4.378509)
RSR 12.10 0 (4.259869 5.426479 2.416015)
RLR inf 1 (inf inf inf)
LRL inf 1 (inf inf inf)

# -1.963495 -2.356194 5.600000
# best = 1 = LSR
LSL 11.28 0 (1.903302 5.392994 3.987184)
LSR 9.47 0 (2.738880 3.597319 3.131579)
RSL 16.13 0 (4.746304 7.033833 4.353605)
RSR 12.50 0 (4.263974 5.825813 2.411910)
RLR inf 1 (inf inf inf)
LRL inf 1 (inf inf inf)

# -1.963495 -2.356194 6.000000
# best = 1 = LSR
LSL 11.68 0 (1.907456 5.792320 3.983030)
LSR 9.76 0 (2.668180 4.034342 3.060879)
RSL 16.50 0 (4.724002 7.444434 4.331303)
RSR 12.90 0 (4.267552 6.225232 2.408332)
RLR inf 1 (inf inf inf)
LRL inf 1 (inf inf inf)

# -1.963495 -2.356194 6.400000
# best = 1 = LSR
LSL 12.08 0 (1.911075 6.191733 3.979412)
LSR 10.08 0 (2.609330 4.464429 3.002029)
RSL 16.87 0 (4.703914 7.853941 4.311215)
RSR 13.30 0 (4.270699 6.624721 2.405185)
RLR inf 1 (inf inf inf)
LRL inf 1 (inf inf inf)

# -1.963495 -2.356194 6.800000
# best = 1 = LSR
LSL 12.48 0 (1.914255 6.591216 3.976232)
LSR 10.40 0 (2.559565 4.889411 2.952264)
RSL 17.24 0 (4.685727 8.262517 4.293028)
RSR 13.70 0 (4.273488 7.024268 2.402397)
RLR inf 1 (inf inf inf)
LRL inf 1 (inf inf inf)

# -1.963495 -2.356194 7.200000
# best = 1 = LSR
LSL 12.88 0 (1.917071 6.990759 3.973415)
LSR 10.74 0 (2.516924 5.310513 2.909623)
RSL 17.62 0 (4.669182 8.670292 4.276483)
RSR 14.10 0 (4.275976 7.423865 2.399908)
RLR inf 1 (inf inf inf)
LRL inf 1 (inf inf inf)

# -1.963495 -2.356194 7.600000
# best = 1 = LSR
LSL 13.28 0 (1.919583 7.390352 3.970904)
LSR 11.08 0 (2.479976 5.728591 2.872675)
RSL 17.99 0 (4.654067 9.077376 4.261368)
RSR 14.50 0 (4.278211 7.823502 2.397674)
RLR inf 1 (inf inf inf)
LRL inf 1 (inf inf inf)

# -1.963495 -2.356194 8.000000
# best = 1 = LSR
LSL 13.68 0 (1.921837 7.789986 3.968650)
LSR 11.43 0 (2.447652 6.144263 2.840351)
RSL 18.37 0 (4.640205 9.483857 4.247506)
RSR 14.90 0 (4.280228 8.223175 2.395657)
RLR inf 1 (inf inf inf)
LRL inf 1 (inf inf inf)

# -1.570796 -2.356194 0.400000
# best = 0 = LSL
LSL 6.21 0 (0.150329 0.715173 5.347458)
LSR inf 1 (inf inf inf)
RSL 12.50 0 (6.155591 0.969484 5.370193)
RSR 8.06 0 (3.916839 0.990000 3.151745)
RLR 12.35 0 (0.525147 5.782987 6.043238)
LRL 11.06 0 (3.112162 5.923666 2.026106)

# -1.570796 -2.356194 0.800000
# best = 0 = LSL
LSL 6.37 0 (0.622148 0.870148 4.875639)
LSR inf 1 (inf inf inf)
RSL 12.61 0 (5.862657 1.669007 5.077259)
RSR 8.37 0 (4.138123 1.301697 2.930461)
RLR 12.03 0 (0.665070 5.620265 5.740593)
LRL 10.90 0 (3.544451 5.844605 1.514756)

# -1.570796 -2.356194 1.200000
# best = 0 = LSL
LSL 6.65 0 (0.908669 1.150149 4.589118)
LSR inf 1 (inf inf inf)
RSL 12.81 0 (5.683151 2.225145 4.897753)
RSR 8.72 0 (4.270044 1.651887 2.798539)
RLR 11.65 0 (0.702737 5.431756 5.514417)
LRL 10.61 0 (3.758607 5.699876 1.155871)

# -1.570796 -2.356194 1.600000
# best = 0 = LSL
LSL 6.98 0 (1.074911 1.486112 4.422876)
LSR inf 1 (inf inf inf)
RSL 13.05 0 (5.555814 2.727078 4.770416)
RSR 9.09 0 (4.354883 2.020654 2.713701)
RLR 11.23 0 (0.683719 5.224042 5.325722)
LRL 10.26 0 (3.835850 5.521877 0.900629)

# -1.570796 -2.356194 2.000000
# best = 0 = LSL
LSL 7.35 0 (1.178097 1.847759 4.319690)
LSR inf 1 (inf inf inf)
RSL 13.33 0 (5.459410 3.200413 4.674012)
RSR 9.47 0 (4.413253 2.399449 2.655331)
RLR 10.78 0 (0.628331 4.996527 5.153594)
LRL 9.86 0 (3.839509 5.322823 0.697917)

# -1.570796 -2.356194 2.400000
# best = 0 = LSL
LSL 7.72 0 (1.247023 2.222589 4.250764)
LSR inf 1 (inf inf inf)
RSL 13.64 0 (5.383425 3.656272 4.598027)
RSR 9.85 0 (4.455604 2.784182 2.612980)
RLR 10.27 0 (0.544136 4.743435 4.984697)
LRL 9.42 0 (3.799475 5.104903 0.520030)

# -1.570796 -2.356194 2.800000
# best = 0 = LSL
LSL 8.10 0 (1.295896 2.604916 4.201892)
LSR inf 1 (inf inf inf)
RSL 13.96 0 (5.321805 4.100489 4.536407)
RSR 10.24 0 (4.487629 3.172694 2.580954)
RLR 9.69 0 (0.430034 4.451180 4.806544)
LRL 8.94 0 (3.728286 4.864780 0.351096)

# -1.570796 -2.356194 3.200000
# best = 5 = LRL
LSL 8.49 0 (1.332196 2.991868 4.165592)
LSR inf 1 (inf inf inf)
RSL 14.29 0 (5.270738 4.536485 4.485340)
RSR 10.63 0 (4.512647 3.563748 2.555936)
RLR 8.95 0 (0.271650 4.084377 4.598124)
LRL 8.40 0 (3.628795 4.593198 0.179005)

# -1.570796 -2.356194 3.600000
# best = 1 = LSR
LSL 8.88 0 (1.360153 3.381857 4.137634)
LSR 7.79 0 (3.355998 0.288171 4.141396)
RSL 14.64 0 (5.227682 4.966426 4.442284)
RSR 11.03 0 (4.532708 3.956591 2.535875)
RLR 13.94 0 (6.250962 3.436508 4.254129)
LRL 14.03 0 (3.494312 4.268317 6.271793)

# -1.570796 -2.356194 4.000000
# best = 1 = LSR
LSL 9.27 0 (1.382317 3.773943 4.115471)
LSR 7.82 0 (2.855389 1.325653 3.640787)
RSL 14.99 0 (5.190864 5.391760 4.405466)
RSR 11.42 0 (4.549139 4.350739 2.519444)
RLR inf 1 (inf inf inf)
LRL 13.13 0 (3.290914 3.817195 6.024068)

# -1.570796 -2.356194 4.400000
# best = 1 = LSR
LSL 9.67 0 (1.400301 4.167533 4.097486)
LSR 7.98 0 (2.629000 1.936923 3.414398)
RSL 15.35 0 (5.159004 5.813498 4.373606)
RSR 11.81 0 (4.562838 4.745866 2.505745)
RLR inf 1 (inf inf inf)
LRL inf 1 (inf inf inf)

# -1.570796 -2.356194 4.800000
# best = 1 = LSR
LSL 10.06 0 (1.415177 4.562238 4.082610)
LSR 8.20 0 (2.477598 2.462922 3.262996)
RSL 15.71 0 (5.131155 6.232371 4.345757)
RSR 12.21 0 (4.574429 5.141747 2.494154)
RLR inf 1 (inf inf inf)
LRL inf 1 (inf inf inf)

# -1.570796 -2.356194 5.200000
# best = 1 = LSR
LSL 10.46 0 (1.427683 4.957792 4.070105)
LSR 8.47 0 (2.366381 2.949627 3.151779)
RSL 16.08 0 (5.106599 6.648919 4.321201)
RSR 12.61 0 (4.584362 5.538219 2.484221)
RLR inf 1 (inf inf inf)
LRL inf 1 (inf inf inf)

# -1.570796 -2.356194 5.600000
# best = 1 = LSR
LSL 10.85 0 (1.438338 5.354007 4.059449)
LSR 8.76 0 (2.280422 3.413885 3.065820)
RSL 16.45 0 (5.084780 7.063555 4.299382)
RSR 13.00 0 (4.592967 5.935165 2.475616)
RLR inf 1 (inf inf inf)
LRL inf 1 (inf inf inf)

# -1.570796 -2.356194 6.000000
# best = 1 = LSR
LSL 11.25 0 (1.447525 5.750745 4.050262)
LSR 9.07 0 (2.211694 3.863797 2.997092)
RSL 16.82 0 (5.065262 7.476597 4.279864)
RSR 13.40 0 (4.600493 6.332496 2.468091)
RLR inf 1 (inf inf inf)
LRL inf 1 (inf inf inf)

# -1.570796 -2.356194 6.400000
# best = 1 = LSR
LSL 11.65 0 (1.455525 6.147907 4.042262)
LSR 9.40 0 (2.155357 4.303864 2.940755)
RSL 17.20 0 (5.047698 7.888294 4.262300)
RSR 13.80 0 (4.607129 6.730142 2.461454)
RLR inf 1 (inf inf inf)
LRL inf 1 (inf inf inf)

# -1.570796 -2.356194 6.800000
# best = 1 = LSR
LSL 12.04 0 (1.462554 6.545414 4.035233)
LSR 9.74 0 (2.108272 4.736830 2.893670)
RSL 17.58 0 (5.031806 8.298848 4.246408)
RSR 14.20 0 (4.613025 7.128052 2.455558)
RLR inf 1 (inf inf inf)
LRL inf 1 (inf inf inf)

# -1.570796 -2.356194 7.200000
# best = 1 = LSR
LSL 12.44 0 (1.468778 6.943207 4.029010)
LSR 10.09 0 (2.068299 5.164482 2.853697)
RSL 17.96 0 (5.017358 8.708419 4.231960)
RSR 14.59 0 (4.618298 7.526184 2.450286)
RLR inf 1 (inf inf inf)
LRL inf 1 (inf inf inf)

# -1.570796 -2.356194 7.600000
# best = 1 = LSR
LSL 12.84 0 (1.474327 7.341241 4.023461)
LSR 10.44 0 (2.033920 5.588039 2.819318)
RSL 18.34 0 (5.004165 9.117140 4.218767)
RSR 14.99 0 (4.623040 7.924504 2.445543)
RLR inf 1 (inf inf inf)
LRL inf 1 (inf inf inf)

# -1.570796 -2.356194 8.000000
# best = 1 = LSR
LSL 13.24 0 (1.479305 7.739477 4.018483)
LSR 10.80 0 (2.004025 6.008369 2.789423)
RSL 18.72 0 (4.992070 9.525121 4.206672)
RSR 15.39 0 (4.627328 8.322985 2.441255)
RLR inf 1 (inf inf inf)
LRL inf 1 (inf inf inf)

# -1.178097 -2.356194 0.400000
# best = 2 = RSL
LSL 12.49 0 (6.057059 1.105086 5.331214)
LSR inf 1 (inf inf inf)
RSL 6.22 0 (0.315673 0.479746 5.420761)
RSR 8.71 0 (4.049302 1.252218 3.411980)
RLR 12.47 0 (0.589302 5.646370 6.235165)
LRL 10.27 0 (2.635554 5.723360 1.909709)

# -1.178097 -2.356194 0.800000
# best = 0 = LSL
LSL 6.34 0 (0.098690 1.236041 5.006398)
LSR inf 1 (inf inf inf)
RSL 12.62 0 (6.191318 1.419488 5.013221)
RSR 8.95 0 (4.285042 1.490459 3.176240)
RLR 12.22 0 (0.761624 5.519535 5.936008)
LRL 10.13 0 (2.926131 5.654881 1.550653)

# -1.178097 -2.356194 1.200000
# best = 0 = LSL
LSL 6.57 0 (0.341340 1.467780 4.763749)
LSR inf 1 (inf inf inf)
RSL 12.85 0 (5.997212 2.029713 4.819115)
RSR 9.25 0 (4.449408 1.787424 3.011874)
RLR 11.89 0 (0.844567 5.356689 5.690219)
LRL 9.89 0 (3.107209 5.531740 1.246433)

# -1.178097 -2.356194 1.600000
# best = 0 = LSL
LSL 6.87 0 (0.510802 1.760955 4.594286)
LSR inf 1 (inf inf inf)
RSL 13.12 0 (5.868702 2.558227 4.690605)
RSR 9.58 0 (4.564779 2.118562 2.896503)
RLR 11.51 0 (0.865010 5.166832 5.479919)
LRL 9.56 0 (3.196531 5.371456 0.996829)

# -1.178097 -2.356194 2.000000
# best = 0 = LSL
LSL 7.19 0 (0.629531 2.089867 4.475557)
LSR inf 1 (inf inf inf)
RSL 13.42 0 (5.774924 3.047838 4.596827)
RSR 9.93 0 (4.648174 2.470166 2.813108)
RLR 11.08 0 (0.840968 4.951959 5.289087)
LRL 9.19 0 (3.221383 5.183703 0.784223)

# -1.178097 -2.356194 2.400000
# best = 0 = LSL
LSL 7.55 0 (0.715118 2.440108 4.389970)
LSR inf 1 (inf inf inf)
RSL 13.74 0 (5.702723 3.514840 4.524626)
RSR 10.30 0 (4.710470 2.834632 2.750812)
RLR 10.59 0 (0.781283 4.707996 5.104810)
LRL 8.76 0 (3.200616 4.970996 0.592283)

# -1.178097 -2.356194 2.800000
# best = 0 = LSL
LSL 7.91 0 (0.778879 2.803695 4.326209)
LSR inf 1 (inf inf inf)
RSL 14.08 0 (5.645121 3.967227 4.467024)
RSR 10.67 0 (4.758432 3.207578 2.702850)
RLR 10.02 0 (0.686380 4.422266 4.913983)
LRL 8.28 0 (3.143780 4.729801 0.407924)

# -1.178097 -2.356194 3.200000
# best = 5 = LRL
LSL 8.28 0 (0.827852 3.176049 4.277236)
LSR inf 1 (inf inf inf)
RSL 14.43 0 (5.597958 4.409499 4.419861)
RSR 11.05 0 (4.796335 3.586360 2.664947)
RLR 9.30 0 (0.542734 4.059169 4.694531)
LRL 7.72 0 (3.052064 4.448423 0.218262)

# -1.178097 -2.356194 3.600000
# best = 5 = LRL
LSL 8.66 0 (0.866476 3.554416 4.238612)
LSR inf 1 (inf inf inf)
RSL 14.78 0 (5.558559 4.844427 4.380462)
RSR 11.43 0 (4.826962 3.969306 2.634320)
RLR 7.96 0 (0.238535 3.389516 4.329078)
LRL 7.01 0 (2.913776 4.094600 0.002727)

# -1.178097 -2.356194 4.000000
# best = 1 = LSR
LSL 9.04 0 (0.897632 3.937062 4.207457)
LSR 7.10 0 (2.304925 1.310525 3.483022)
RSL 15.15 0 (5.525114 5.273828 4.347017)
RSR 11.82 0 (4.852180 4.355320 2.609102)
RLR inf 1 (inf inf inf)
LRL 12.10 0 (2.646057 3.496851 5.955882)

# -1.178097 -2.356194 4.400000
# best = 1 = LSR
LSL 9.43 0 (0.923247 4.322850 4.181841)
LSR 7.31 0 (2.094750 1.942340 3.272847)
RSL 15.51 0 (5.496343 5.698952 4.318246)
RSR 12.20 0 (4.873281 4.743651 2.588001)
RLR inf 1 (inf inf inf)
LRL inf 1 (inf inf inf)

# -1.178097 -2.356194 4.800000
# best = 1 = LSR
LSL 9.82 0 (0.944654 4.711010 4.160434)
LSR 7.58 0 (1.958877 2.479495 3.136974)
RSL 15.89 0 (5.471316 6.120689 4.293219)
RSR 12.60 0 (4.891182 5.133775 2.570100)
RLR inf 1 (inf inf inf)
LRL inf 1 (inf inf inf)

# -1.178097 -2.356194 5.200000
# best = 1 = LSR
LSL 10.21 0 (0.962795 5.101000 4.142293)
LSR 7.87 0 (1.860816 2.973736 3.038913)
RSL 16.26 0 (5.449337 6.539696 4.271240)
RSR 12.99 0 (4.906551 5.525311 2.554732)
RLR inf 1 (inf inf inf)
LRL inf 1 (inf inf inf)

# -1.178097 -2.356194 5.600000
# best = 1 = LSR
LSL 10.60 0 (0.978355 5.492430 4.126734)
LSR 8.19 0 (1.785829 3.443591 2.963926)
RSL 16.64 0 (5.429876 6.956466 4.251779)
RSR 13.38 0 (4.919882 5.917980 2.541400)
RLR inf 1 (inf inf inf)
LRL inf 1 (inf inf inf)

# -1.178097 -2.356194 6.000000
# best = 1 = LSR
LSL 10.99 0 (0.991841 5.885012 4.113247)
LSR 8.53 0 (1.726288 3.897888 2.904385)
RSL 17.02 0 (5.412518 7.371377 4.234421)
RSR 13.77 0 (4.931553 6.311569 2.529729)
RLR inf 1 (inf inf inf)
LRL inf 1 (inf inf inf)

# -1.178097 -2.356194 6.400000
# best = 1 = LSR
LSL 11.38 0 (1.003639 6.278531 4.101449)
LSR 8.88 0 (1.677710 4.341513 2.855807)
RSL 17.40 0 (5.396937 7.784728 4.218840)
RSR 14.17 0 (4.941853 6.705917 2.519430)
RLR inf 1 (inf inf inf)
LRL inf 1 (inf inf inf)

# -1.178097 -2.356194 6.800000
# best = 1 = LSR
LSL 11.78 0 (1.014044 6.672820 4.091044)
LSR 9.23 0 (1.637244 4.777442 2.815341)
RSL 17.78 0 (5.382872 8.196755 4.204775)
RSR 14.56 0 (4.951007 7.100897 2.510275)
RLR inf 1 (inf inf inf)
LRL inf 1 (inf inf inf)

# -1.178097 -2.356194 7.200000
# best = 1 = LSR
LSL 12.17 0 (1.023287 7.067752 4.081801)
LSR 9.59 0 (1.602971 5.207606 2.781068)
RSL 18.17 0 (5.370109 8.607646 4.192012)
RSR 14.96 0 (4.959196 7.496409 2.502086)
RLR inf 1 (inf inf inf)
LRL inf 1 (inf inf inf)

# -1.178097 -2.356194 7.600000
# best = 1 = LSR
LSL 12.57 0 (1.031552 7.463223 4.073537)
LSR 9.96 0 (1.573544 5.633327 2.751641)
RSL 18.56 0 (5.358475 9.017559 4.180378)
RSR 15.35 0 (4.966564 7.892374 2.494718)
RLR inf 1 (inf inf inf)
LRL inf 1 (inf inf inf)

# -1.178097 -2.356194 8.000000
# best = 1 = LSR
LSL 12.96 0 (1.038984 7.859152 4.066105)
LSR 10.33 0 (1.547987 6.055541 2.726084)
RSL 18.94 0 (5.347826 9.426619 4.169729)
RSR 15.75 0 (4.973228 8.288727 2.488054)
RLR inf 1 (inf inf inf)
LRL inf 1 (inf inf inf)

# -0.785398 -2.356194 0.400000
# best = 4 = RLR
LSL 12.47 0 (5.773430 1.469694 5.222144)
LSR inf 1 (inf inf inf)
RSL inf 1 (inf inf inf)
RSR 9.32 0 (4.202634 1.469693 3.651348)
RLR 6.35 0 (0.684804 5.530711 0.133518)
LRL 9.49 0 (2.255600 5.530711 1.704315)

# -0.785398 -2.356194 0.800000
# best = 2 = RSL
LSL 12.62 0 (6.012593 1.624808 4.982981)
LSR inf 1 (inf inf inf)
RSL 6.35 0 (0.341898 0.950128 5.054287)
RSR 9.48 0 (4.441797 1.624807 3.412185)
RLR 12.46 0 (0.881910 5.446598 6.135484)
LRL 9.32 0 (2.452707 5.446598 1.423095)

# -0.785398 -2.356194 1.200000
# best = 2 = RSL
LSL 12.85 0 (6.201426 1.854724 4.794148)
LSR inf 1 (inf inf inf)
RSL 6.57 0 (0.085718 1.683483 4.798108)
RSR 9.71 0 (4.630630 1.854723 3.223351)
RLR 12.21 0 (1.006892 5.318895 5.882799)
LRL 9.07 0 (2.577688 5.318895 1.170410)

# -0.785398 -2.356194 1.600000
# best = 0 = LSL
LSL 6.85 0 (0.061559 2.135416 4.650830)
LSR inf 1 (inf inf inf)
RSL 13.13 0 (6.223305 2.255102 4.652509)
RSR 9.99 0 (4.773948 2.135415 3.080033)
RLR 11.88 0 (1.069204 5.156882 5.658474)
LRL 8.74 0 (2.640000 5.156882 0.946086)

# -0.785398 -2.356194 2.000000
# best = 0 = LSL
LSL 7.16 0 (0.169918 2.449490 4.542471)
LSR inf 1 (inf inf inf)
RSL 13.44 0 (6.123637 2.767102 4.552841)
RSR 10.30 0 (4.882308 2.449489 2.971674)
RLR 11.50 0 (1.081657 4.965070 5.454209)
LRL 8.36 0 (2.652453 4.965069 0.741820)

# -0.785398 -2.356194 2.400000
# best = 0 = LSL
LSL 7.50 0 (0.252916 2.785678 4.459473)
LSR inf 1 (inf inf inf)
RSL 13.78 0 (6.049744 3.247803 4.478948)
RSR 10.64 0 (4.965306 2.785677 2.888676)
RLR 11.06 0 (1.053317 4.742394 5.259873)
LRL 7.91 0 (2.624113 4.742393 0.547484)

# -0.785398 -2.356194 2.800000
# best = 5 = LRL
LSL 7.85 0 (0.317698 3.136878 4.394692)
LSR inf 1 (inf inf inf)
RSL 14.12 0 (5.992279 3.709393 4.421483)
RSR 10.99 0 (5.030087 3.136877 2.823894)
RLR 10.53 0 (0.987057 4.480312 5.064050)
LRL 7.39 0 (2.557853 4.480311 0.351662)

# -0.785398 -2.356194 3.200000
# best = 5 = LRL
LSL 8.21 0 (0.369266 3.498571 4.343124)
LSR inf 1 (inf inf inf)
RSL 14.48 0 (5.946097 4.158241 4.375301)
RSR 11.35 0 (5.081655 3.498571 2.772326)
RLR 9.88 0 (0.875364 4.153789 4.849221)
LRL 6.74 0 (2.446160 4.153788 0.136832)

# -0.785398 -2.356194 3.600000
# best = 1 = LSR
LSL 8.58 0 (0.411082 3.867816 4.301307)
LSR 6.33 0 (1.940912 0.881851 3.511708)
RSL 14.84 0 (5.908067 4.598080 4.337271)
RSR 11.72 0 (5.123471 3.867815 2.730510)
RLR 8.89 0 (0.668880 3.657188 4.559104)
LRL 12.03 0 (2.239675 3.657186 6.129900)

# -0.785398 -2.356194 4.000000
# best = 1 = LSR
LSL 8.96 0 (0.445561 4.242641 4.266828)
LSR 6.55 0 (1.669678 1.638991 3.240474)
RSL 15.21 0 (5.876148 5.031273 4.305352)
RSR 12.10 0 (5.157950 4.242640 2.696031)
RLR inf 1 (inf inf inf)
LRL inf 1 (inf inf inf)

# -0.785398 -2.356194 4.400000
# best = 1 = LSR
LSL 9.33 0 (0.474415 4.621688 4.237975)
LSR 6.83 0 (1.519392 2.216962 3.090188)
RSL 15.59 0 (5.848944 5.459403 4.278148)
RSR 12.48 0 (5.186804 4.621687 2.667177)
RLR inf 1 (inf inf inf)
LRL inf 1 (inf inf inf)

# -0.785398 -2.356194 4.800000
# best = 1 = LSR
LSL 9.72 0 (0.498877 5.003999 4.213512)
LSR 7.14 0 (1.417330 2.731950 2.988126)
RSL 15.96 0 (5.825462 5.883575 4.254666)
RSR 12.86 0 (5.211266 5.003998 2.642715)
RLR inf 1 (inf inf inf)
LRL inf 1 (inf inf inf)

# -0.785398 -2.356194 5.200000
# best = 1 = LSR
LSL 10.10 0 (0.519856 5.388878 4.192533)
LSR 7.47 0 (1.341985 3.214370 2.912781)
RSL 16.34 0 (5.804975 6.304588 4.234179)
RSR 13.24 0 (5.232246 5.388877 2.621736)
RLR inf 1 (inf inf inf)
LRL inf 1 (inf inf inf)

# -0.785398 -2.356194 5.600000
# best = 1 = LSR
LSL 10.49 0 (0.538032 5.775812 4.174357)
LSR 7.81 0 (1.283555 3.677065 2.854351)
RSL 16.73 0 (5.786935 6.723035 4.216139)
RSR 13.63 0 (5.250421 5.775811 2.603560)
RLR inf 1 (inf inf inf)
LRL inf 1 (inf inf inf)

# -0.785398 -2.356194 6.000000
# best = 1 = LSR
LSL 10.88 0 (0.553921 6.164414 4.158469)
LSR 8.17 0 (1.236692 4.126674 2.807488)
RSL 17.11 0 (5.770923 7.139367 4.200127)
RSR 14.02 0 (5.266310 6.164414 2.587671)
RLR inf 1 (inf inf inf)
LRL inf 1 (inf inf inf)

# -0.785398 -2.356194 6.400000
# best = 1 = LSR
LSL 11.27 0 (0.567922 6.554388 4.144467)
LSR 8.53 0 (1.198159 4.567063 2.768955)
RSL 17.50 0 (5.756611 7.553935 4.185815)
RSR 14.41 0 (5.280311 6.554387 2.573670)
RLR inf 1 (inf inf inf)
LRL inf 1 (inf inf inf)

# -0.785398 -2.356194 6.800000
# best = 1 = LSR
LSL 11.66 0 (0.580348 6.945503 4.132041)
LSR 8.90 0 (1.165858 5.000669 2.736654)
RSL 17.88 0 (5.743740 7.967014 4.172944)
RSR 14.80 0 (5.292738 6.945502 2.561244)
RLR inf 1 (inf inf inf)
LRL inf 1 (inf inf inf)

# -0.785398 -2.356194 7.200000
# best = 1 = LSR
LSL 12.05 0 (0.591449 7.337575 4.120941)
LSR 9.28 0 (1.138356 5.429118 2.709152)
RSL 18.27 0 (5.732100 8.378823 4.161304)
RSR 15.19 0 (5.303838 7.337574 2.550143)
RLR inf 1 (inf inf inf)
LRL inf 1 (inf inf inf)

# -0.785398 -2.356194 7.600000
# best = 1 = LSR
LSL 12.44 0 (0.601422 7.730460 4.110968)
LSR 9.65 0 (1.114636 5.853542 2.685432)
RSL 18.66 0 (5.721521 8.789542 4.150725)
RSR 15.58 0 (5.313811 7.730459 2.540171)
RLR inf 1 (inf inf inf)
LRL inf 1 (inf inf inf)

# -0.785398 -2.356194 8.000000
# best = 1 = LSR
LSL 12.84 0 (0.610429 8.124039 4.101960)
LSR 10.03 0 (1.093955 6.274757 2.664751)
RSL 19.05 0 (5.711863 9.199316 4.141067)
RSR 15.98 0 (5.322818 8.124038 2.531163)
RLR inf 1 (inf inf inf)
LRL inf 1 (inf inf inf)

# -0.392699 -2.356194 0.400000
# best = 4 = RLR
LSL 12.39 0 (5.523077 1.784630 5.079798)
LSR inf 1 (inf inf inf)
RSL inf 1 (inf inf inf)
RSR 9.88 0 (4.365995 1.632736 3.880686)
RLR 6.56 0 (0.803938 5.442257 0.318629)
LRL 8.75 0 (1.919017 5.358251 1.475738)

# -0.392699 -2.356194 0.800000
# best = 4 = RLR
LSL 12.58 0 (5.708674 1.981021 4.894202)
LSR inf 1 (inf inf inf)
RSL inf 1 (inf inf inf)
RSR 9.95 0 (4.603412 1.698908 3.643269)
RLR 6.49 0 (1.023159 5.405865 0.063016)
LRL 8.53 0 (2.048952 5.246928 1.234481)

# -0.392699 -2.356194 1.200000
# best = 2 = RSL
LSL 12.84 0 (5.856728 2.232484 4.746148)
LSR inf 1 (inf inf inf)
RSL 6.59 0 (0.567212 1.135839 4.886903)
RSR 10.10 0 (4.812372 1.851148 3.434308)
RLR 12.61 0 (1.189643 5.320912 6.094764)
LRL 8.23 0 (2.123016 5.098946 1.012436)

# -0.392699 -2.356194 1.600000
# best = 2 = RSL
LSL 13.13 0 (5.972832 2.522602 4.630043)
LSR inf 1 (inf inf inf)
RSL 6.85 0 (0.361665 1.811619 4.681355)
RSR 10.32 0 (4.983414 2.070558 3.263267)
RLR 12.35 0 (1.297731 5.195006 5.860769)
LRL 7.87 0 (2.148848 4.918403 0.806059)

# -0.392699 -2.356194 2.000000
# best = 2 = RSL
LSL 13.44 0 (6.064036 2.839553 4.538839)
LSR inf 1 (inf inf inf)
RSL 7.16 0 (0.239205 2.365121 4.558896)
RSR 10.58 0 (5.118573 2.338305 3.128108)
RLR 12.03 0 (1.352622 5.034470 5.645343)
LRL 7.45 0 (2.133104 4.704506 0.607907)

# -0.392699 -2.356194 2.400000
# best = 5 = LRL
LSL 13.78 0 (6.136455 3.175311 4.466420)
LSR inf 1 (inf inf inf)
RSL 7.50 0 (0.154204 2.868036 4.473894)
RSR 10.89 0 (5.224465 2.639722 3.022216)
RLR 11.65 0 (1.362146 4.841733 5.443082)
LRL 6.93 0 (2.077785 4.449030 0.407750)

# -0.392699 -2.356194 2.800000
# best = 5 = LRL
LSL 14.13 0 (6.194783 3.524506 4.408093)
LSR inf 1 (inf inf inf)
RSL 7.84 0 (0.090737 3.343271 4.410427)
RSR 11.21 0 (5.307928 2.964556 2.938752)
RLR 11.19 0 (1.331570 4.613655 5.245579)
LRL 6.29 0 (1.974951 4.126708 0.188261)

# -0.392699 -2.356194 3.200000
# best = 1 = LSR
LSL 14.49 0 (6.242464 3.883514 4.360411)
LSR 5.71 0 (1.521300 0.707089 3.484795)
RSL 8.20 0 (0.041157 3.801223 4.360847)
RSR 11.55 0 (5.374544 3.305912 2.872136)
RLR 10.64 0 (1.260129 4.337540 5.040906)
LRL 11.57 0 (1.772001 3.625444 6.173133)

# -0.392699 -2.356194 3.600000
# best = 1 = LSR
LSL 14.85 0 (6.282003 4.249849 4.320872)
LSR 5.94 0 (1.223575 1.532365 3.187070)
RSL 8.57 0 (0.001182 4.247485 4.320873)
RSR 11.91 0 (5.428501 3.659169 2.818179)
RLR 9.91 0 (1.131916 3.973199 4.804779)
LRL inf 1 (inf inf inf)

# -0.392699 -2.356194 4.000000
# best = 1 = LSR
LSL 8.94 0 (0.032039 4.621770 4.287652)
LSR 6.24 0 (1.073416 2.125161 3.036911)
RSL 15.22 0 (6.251366 4.685398 4.287871)
RSR 12.27 0 (5.472854 4.021191 2.773827)
RLR inf 1 (inf inf inf)
LRL inf 1 (inf inf inf)

# -0.392699 -2.356194 4.400000
# best = 1 = LSR
LSL 9.32 0 (0.060285 4.998029 4.259405)
LSR 6.56 0 (0.974437 2.646597 2.937932)
RSL 15.60 0 (6.223610 5.117108 4.260115)
RSR 12.64 0 (5.509820 4.389811 2.736860)
RLR inf 1 (inf inf inf)
LRL inf 1 (inf inf inf)

# -0.392699 -2.356194 4.800000
# best = 1 = LSR
LSL 9.70 0 (0.084560 5.377716 4.235130)
LSR 6.90 0 (0.902563 3.132514 2.866058)
RSL 15.98 0 (6.199914 5.544062 4.236419)
RSR 13.01 0 (5.541024 4.763496 2.705656)
RLR inf 1 (inf inf inf)
LRL inf 1 (inf inf inf)

# -0.392699 -2.356194 5.200000
# best = 1 = LSR
LSL 10.08 0 (0.105622 5.760154 4.214068)
LSR 7.26 0 (0.847421 3.597334 2.810916)
RSL 16.36 0 (6.179430 5.967282 4.215935)
RSR 13.39 0 (5.567667 5.141144 2.679014)
RLR inf 1 (inf inf inf)
LRL inf 1 (inf inf inf)

# -0.392699 -2.356194 5.600000
# best = 1 = LSR
LSL 10.46 0 (0.124055 6.144828 4.195635)
LSR 7.62 0 (0.803534 4.048331 2.767029)
RSL 16.75 0 (6.161536 6.387510 4.198041)
RSR 13.77 0 (5.590649 5.521940 2.656031)
RLR inf 1 (inf inf inf)
LRL inf 1 (inf inf inf)

# -0.392699 -2.356194 6.000000
# best = 1 = LSR
LSL 10.85 0 (0.140311 6.531344 4.179379)
LSR 7.99 0 (0.767658 4.489671 2.731153)
RSL 17.13 0 (6.145761 6.805301 4.182266)
RSR 14.15 0 (5.610657 5.905276 2.636023)
RLR inf 1 (inf inf inf)
LRL inf 1 (inf inf inf)

# -0.392699 -2.356194 6.400000
# best = 1 = LSR
LSL 11.24 0 (0.154748 6.919392 4.164943)
LSR 8.36 0 (0.737720 4.923953 2.701215)
RSL 17.52 0 (6.131746 7.221077 4.168251)
RSR 14.54 0 (5.628220 6.290687 2.618460)
RLR inf 1 (inf inf inf)
LRL inf 1 (inf inf inf)

# -0.392699 -2.356194 6.800000
# best = 1 = LSR
LSL 11.63 0 (0.167648 7.308730 4.152042)
LSR 8.74 0 (0.712324 5.352895 2.675819)
RSL 17.91 0 (6.119208 7.635168 4.155713)
RSR 14.92 0 (5.643751 6.677814 2.602929)
RLR inf 1 (inf inf inf)
LRL inf 1 (inf inf inf)

# -0.392699 -2.356194 7.200000
# best = 1 = LSR
LSL 12.02 0 (0.179242 7.699160 4.140448)
LSR 9.12 0 (0.690486 5.777686 2.653981)
RSL 18.30 0 (6.107923 8.047833 4.144428)
RSR 15.31 0 (5.657577 7.066376 2.589103)
RLR inf 1 (inf inf inf)
LRL inf 1 (inf inf inf)

# -0.392699 -2.356194 7.600000
# best = 1 = LSR
LSL 12.41 0 (0.189716 8.090526 4.129974)
LSR 9.51 0 (0.671495 6.199179 2.634990)
RSL 18.69 0 (6.097709 8.459282 4.134214)
RSR 15.70 0 (5.669959 7.456147 2.576721)
RLR inf 1 (inf inf inf)
LRL inf 1 (inf inf inf)

# -0.392699 -2.356194 8.000000
# best = 1 = LSR
LSL 12.80 0 (0.199222 8.482697 4.120468)
LSR 9.89 0 (0.654819 6.618005 2.618314)
RSL 19.08 0 (6.088421 8.869683 4.124926)
RSR 16.09 0 (5.681110 7.846948 2.565570)
RLR inf 1 (inf inf inf)
LRL inf 1 (inf inf inf)

# 0.000000 -2.356194 0.400000
# best = 4 = RLR
LSL 12.24 0 (5.287729 2.034674 4.922448)
LSR inf 1 (inf inf inf)
RSL inf 1 (inf inf inf)
RSR 10.37 0 (4.534394 1.734511 4.104986)
RLR 6.85 0 (0.944286 5.386156 0.514878)
LRL 8.08 0 (1.612499 5.215910 1.247217)

# 0.000000 -2.356194 0.800000
# best = 4 = RLR
LSL 12.49 0 (5.435644 2.277188 4.774533)
LSR inf 1 (inf inf inf)
RSL inf 1 (inf inf inf)
RSR 10.35 0 (4.766751 1.709632 3.872629)
RLR 6.87 0 (1.183534 5.399938 0.289412)
LRL 7.79 0 (1.688401 5.071884 1.027290)

# 0.000000 -2.356194 1.200000
# best = 4 = RLR
LSL 12.77 0 (5.553068 2.559545 4.657109)
LSR inf 1 (inf inf inf)
RSL inf 1 (inf inf inf)
RSR 10.42 0 (4.993475 1.776839 3.645905)
RLR 6.80 0 (1.391590 5.362601 0.044020)
LRL 7.43 0 (1.717125 4.894485 0.821166)

# 0.000000 -2.356194 1.600000
# best = 2 = RSL
LSL 13.08 0 (5.646158 2.870010 4.564019)
LSR inf 1 (inf inf inf)
RSL 6.93 0 (0.908961 1.186815 4.835952)
RSR 10.57 0 (5.194302 1.926518 3.445077)
RLR 12.91 0 (1.550196 5.278159 6.084157)
LRL 7.01 0 (1.704355 4.682765 0.622216)

# 0.000000 -2.356194 2.000000
# best = 5 = LRL
LSL 13.41 0 (5.720568 3.200413 4.489609)
LSR inf 1 (inf inf inf)
RSL 7.21 0 (0.717168 1.847760 4.644160)
RSR 10.78 0 (5.360583 2.141444 3.278796)
RLR 12.66 0 (1.654056 5.153315 5.855453)
LRL 6.50 0 (1.651508 4.428251 0.420549)

# 0.000000 -2.356194 2.400000
# best = 5 = LRL
LSL 13.76 0 (5.780788 3.545184 4.429389)
LSR inf 1 (inf inf inf)
RSL 7.53 0 (0.601610 2.395809 4.528601)
RSR 11.04 0 (5.493607 2.404184 3.145773)
RLR 12.34 0 (1.707205 4.993567 5.642556)
LRL 5.85 0 (1.549910 4.104616 0.198512)

# 0.000000 -2.356194 2.800000
# best = 1 = LSR
LSL 14.11 0 (5.830189 3.900514 4.379988)
LSR 5.24 0 (1.102835 0.682633 3.459029)
RSL 7.86 0 (0.521108 2.895788 4.448099)
RSR 11.34 0 (5.598963 2.700817 3.040416)
RLR 11.96 0 (1.716129 4.800702 5.440767)
LRL 11.10 0 (1.341295 3.588584 6.174280)

# 0.000000 -2.356194 3.200000
# best = 1 = LSR
LSL 14.47 0 (5.871259 4.263766 4.338918)
LSR 5.48 0 (0.805025 1.516674 3.161219)
RSL 8.22 0 (0.460890 3.369165 4.387881)
RSR 11.66 0 (5.682741 3.021378 2.956638)
RLR 11.50 0 (1.684969 4.570826 5.242051)
LRL inf 1 (inf inf inf)

# 0.000000 -2.356194 3.600000
# best = 1 = LSR
LSL 14.84 0 (5.905833 4.633075 4.304344)
LSR 5.78 0 (0.657597 2.110596 3.013791)
RSL 8.58 0 (0.413794 3.825828 4.340785)
RSR 12.00 0 (5.750074 3.359024 2.889305)
RLR 10.94 0 (1.611648 4.289518 5.034064)
LRL inf 1 (inf inf inf)

# 0.000000 -2.356194 4.000000
# best = 1 = LSR
LSL 15.22 0 (5.935272 5.007102 4.274905)
LSR 6.11 0 (0.561027 2.632286 2.917221)
RSL 8.95 0 (0.375790 4.271141 4.302782)
RSR 12.35 0 (5.804909 3.709091 2.834470)
RLR 10.17 0 (1.476255 3.909063 4.789001)
LRL inf 1 (inf inf inf)

# 0.000000 -2.356194 4.400000
# best = 1 = LSR
LSL 15.60 0 (5.960600 5.384864 4.249576)
LSR 6.46 0 (0.491154 3.118212 2.847348)
RSL 9.32 0 (0.344396 4.708326 4.271388)
RSR 12.71 0 (5.850176 4.068374 2.789203)
RLR inf 1 (inf inf inf)
LRL inf 1 (inf inf inf)

# 0.000000 -2.356194 4.800000
# best = 1 = LSR
LSL 15.98 0 (5.982596 5.765626 4.227581)
LSR 6.81 0 (0.437676 3.582954 2.793870)
RSL 9.70 0 (0.317980 5.139457 4.244971)
RSR 13.07 0 (5.888033 4.434635 2.751346)
RLR inf 1 (inf inf inf)
LRL inf 1 (inf inf inf)

# 0.000000 -2.356194 5.200000
# best = 1 = LSR
LSL 16.36 0 (6.001858 6.148831 4.208319)
LSR 7.18 0 (0.395188 4.033841 2.751382)
RSL 10.08 0 (0.295418 5.565941 4.222409)
RSR 13.45 0 (5.920076 4.806277 2.719304)
RLR inf 1 (inf inf inf)
LRL inf 1 (inf inf inf)

# 0.000000 -2.356194 5.600000
# best = 1 = LSR
LSL 16.74 0 (6.018855 6.534050 4.191322)
LSR 7.55 0 (0.360501 4.475063 2.716695)
RSL 10.47 0 (0.275908 5.988772 4.202899)
RSR 13.82 0 (5.947495 5.182144 2.691884)
RLR inf 1 (inf inf inf)
LRL inf 1 (inf inf inf)

# 0.000000 -2.356194 6.000000
# best = 1 = LSR
LSL 17.13 0 (6.033955 6.920946 4.176221)
LSR 7.93 0 (0.331585 4.909226 2.687779)
RSL 10.85 0 (0.258858 6.408672 4.185849)
RSR 14.20 0 (5.971191 5.561378 2.668188)
RLR inf 1 (inf inf inf)
LRL inf 1 (inf inf inf)

# 0.000000 -2.356194 6.400000
# best = 1 = LSR
LSL 17.52 0 (6.047454 7.309253 4.162723)
LSR 8.31 0 (0.307076 5.338054 2.663270)
RSL 11.24 0 (0.243825 6.826182 4.170816)
RSR 14.58 0 (5.991851 5.943336 2.647528)
RLR inf 1 (inf inf inf)
LRL inf 1 (inf inf inf)

# 0.000000 -2.356194 6.800000
# best = 1 = LSR
LSL 17.91 0 (6.059589 7.698758 4.150588)
LSR 8.69 0 (0.286017 5.762736 2.642211)
RSL 11.63 0 (0.230465 7.241716 4.157456)
RSR 14.97 0 (6.010010 6.327524 2.629370)
RLR inf 1 (inf inf inf)
LRL inf 1 (inf inf inf)

# 0.000000 -2.356194 7.200000
# best = 1 = LSR
LSL 18.30 0 (6.070554 8.089286 4.139623)
LSR 9.08 0 (0.267713 6.184128 2.623907)
RSL 12.02 0 (0.218511 7.655595 4.145502)
RSR 15.35 0 (6.026085 6.713559 2.613295)
RLR inf 1 (inf inf inf)
LRL inf 1 (inf inf inf)

# 0.000000 -2.356194 7.600000
# best = 1 = LSR
LSL 18.69 0 (6.080507 8.480698 4.129669)
LSR 9.46 0 (0.251648 6.602860 2.607842)
RSL 12.41 0 (0.207749 8.068074 4.134740)
RSR 15.74 0 (6.040408 7.101140 2.598971)
RLR inf 1 (inf inf inf)
LRL inf 1 (inf inf inf)

# 0.000000 -2.356194 8.000000
# best = 1 = LSR
LSL 19.08 0 (6.089582 8.872876 4.120595)
LSR 9.85 0 (0.237429 7.019407 2.593623)
RSL 12.80 0 (0.198008 8.479357 4.124999)
RSR 16.13 0 (6.053247 7.490027 2.586132)
RLR inf 1 (inf inf inf)
LRL inf 1 (inf inf inf)

# 0.392699 -2.356194 0.400000
# best = 4 = RLR
LSL 12.03 0 (5.059875 2.208980 4.757602)
LSR inf 1 (inf inf inf)
RSL inf 1 (inf inf inf)
RSR 10.80 0 (4.704973 1.770855 4.327105)
RLR 7.20 0 (1.104758 5.365940 0.726890)
LRL 7.48 0 (1.333228 5.113076 1.030955)

# 0.392699 -2.356194 0.800000
# best = 5 = LRL
LSL 12.31 0 (5.178464 2.496282 4.639014)
LSR inf 1 (inf inf inf)
RSL inf 1 (inf inf inf)
RSR 10.69 0 (4.929245 1.656531 4.102833)
RLR 7.32 0 (1.360663 5.429206 0.534251)
LRL 7.12 0 (1.362930 4.935303 0.823480)

# 0.392699 -2.356194 1.200000
# best = 5 = LRL
LSL 12.63 0 (5.271562 2.811273 4.545915)
LSR inf 1 (inf inf inf)
RSL inf 1 (inf inf inf)
RSR 10.67 0 (5.172558 1.634705 3.859521)
RLR 7.35 0 (1.609962 5.441179 0.296925)
LRL 6.70 0 (1.350618 4.724482 0.624971)

# 0.392699 -2.356194 1.600000
# best = 5 = LRL
LSL 12.96 0 (5.345402 3.145646 4.472075)
LSR inf 1 (inf inf inf)
RSL inf 1 (inf inf inf)
RSR 10.74 0 (5.408267 1.708926 3.623811)
RLR 7.27 0 (1.825246 5.400328 0.040790)
LRL 6.20 0 (1.298832 4.473230 0.425505)

# 0.392699 -2.356194 2.000000
# best = 5 = LRL
LSL 13.31 0 (5.404798 3.493840 4.412680)
LSR inf 1 (inf inf inf)
RSL 7.40 0 (1.328568 1.204133 4.862860)
RSR 10.90 0 (5.614108 1.867779 3.417970)
RLR 13.37 0 (1.986683 5.311520 6.073730)
LRL 5.57 0 (1.200941 4.158657 0.208823)

# 0.392699 -2.356194 2.400000
# best = 1 = LSR
LSL 13.67 0 (5.453291 3.852110 4.364187)
LSR 4.91 0 (0.784494 0.595825 3.533387)
RSL 7.67 0 (1.134241 1.862653 4.668533)
RSR 11.12 0 (5.781852 2.092072 3.250226)
RLR 13.11 0 (2.089872 5.182409 5.841431)
LRL 10.91 0 (1.013675 3.687139 6.207756)

# 0.392699 -2.356194 2.800000
# best = 1 = LSR
LSL 14.04 0 (5.493454 4.217889 4.324023)
LSR 5.13 0 (0.455320 1.474947 3.204213)
RSL 7.98 0 (1.016085 2.410190 4.550378)
RSR 11.40 0 (5.914193 2.363246 3.117885)
RLR 12.79 0 (2.140536 5.019057 5.627414)
LRL inf 1 (inf inf inf)

# 0.392699 -2.356194 3.200000
# best = 1 = LSR
LSL 14.41 0 (5.527163 4.589381 4.290315)
LSR 5.42 0 (0.298457 2.077481 3.047350)
RSL 8.31 0 (0.933399 2.910078 4.467692)
RSR 11.70 0 (6.017886 2.667039 3.014192)
RLR 12.40 0 (2.146441 4.823480 5.425932)
LRL inf 1 (inf inf inf)

# 0.392699 -2.356194 3.600000
# best = 1 = LSR
LSL 14.78 0 (5.555796 4.965305 4.261681)
LSR 5.74 0 (0.196329 2.603150 2.945222)
RSL 8.66 0 (0.871370 3.383503 4.405663)
RSR 12.03 0 (6.099691 2.993538 2.932387)
RLR 11.93 0 (2.112476 4.591940 5.228357)
LRL inf 1 (inf inf inf)

# 0.392699 -2.356194 4.000000
# best = 1 = LSR
LSL 15.16 0 (5.580382 5.344725 4.237096)
LSR 6.09 0 (0.122623 3.091416 2.871516)
RSL 9.02 0 (0.822760 3.840265 4.357052)
RSR 12.37 0 (6.165064 3.336081 2.867014)
RLR 11.37 0 (2.037117 4.310476 5.022252)
LRL inf 1 (inf inf inf)

# 0.392699 -2.356194 4.400000
# best = 1 = LSR
LSL 15.54 0 (5.601697 5.726946 4.215780)
LSR 6.44 0 (0.066293 3.557712 2.815186)
RSL 9.39 0 (0.783477 4.285694 4.317769)
RSR 12.72 0 (6.218083 3.690204 2.813996)
RLR 10.62 0 (1.901850 3.933906 4.780949)
LRL inf 1 (inf inf inf)

# 0.392699 -2.356194 4.800000
# best = 1 = LSR
LSL 15.93 0 (5.620338 6.111444 4.197139)
LSR 6.80 0 (0.021583 4.009710 2.770476)
RSL 9.76 0 (0.750988 4.722998 4.285280)
RSR 13.08 0 (6.261718 4.052872 2.770361)
RLR inf 1 (inf inf inf)
LRL inf 1 (inf inf inf)

# 0.392699 -2.356194 5.200000
# best = 3 = RSR
LSL 16.32 0 (5.636768 6.497813 4.180710)
LSR 13.45 0 (6.268293 4.451768 2.734000)
RSL 10.14 0 (0.723625 5.154246 4.257917)
RSR 7.17 0 (0.014943 4.421983 2.733950)
RLR inf 1 (inf inf inf)
LRL inf 1 (inf inf inf)

# 0.392699 -2.356194 5.600000
# best = 3 = RSR
LSL 16.70 0 (5.651349 6.885740 4.166128)
LSR 13.83 0 (6.237904 4.886583 2.703611)
RSL 10.52 0 (0.700236 5.580841 4.234529)
RSR 7.54 0 (0.045709 4.796051 2.703184)
RLR inf 1 (inf inf inf)
LRL inf 1 (inf inf inf)

# 0.392699 -2.356194 6.000000
# best = 3 = RSR
LSL 17.09 0 (5.664373 7.274974 4.153104)
LSR 14.21 0 (6.212157 5.315934 2.677865)
RSL 10.90 0 (0.679999 6.003776 4.214291)
RSR 7.92 0 (0.072003 5.174000 2.676890)
RLR inf 1 (inf inf inf)
LRL inf 1 (inf inf inf)

# 0.392699 -2.356194 6.400000
# best = 3 = RSR
LSL 17.48 0 (5.676072 7.665316 4.141405)
LSR 14.59 0 (6.190043 5.741047 2.655750)
RSL 11.28 0 (0.662304 6.423773 4.196597)
RSR 8.30 0 (0.094703 5.555037 2.654190)
RLR inf 1 (inf inf inf)
LRL inf 1 (inf inf inf)

# 0.392699 -2.356194 6.800000
# best = 3 = RSR
LSL 17.87 0 (5.686637 8.056607 4.130841)
LSR 14.97 0 (6.170828 6.162798 2.636536)
RSL 11.67 0 (0.646695 6.841374 4.180987)
RSR 8.69 0 (0.114481 5.938570 2.634412)
RLR inf 1 (inf inf inf)
LRL inf 1 (inf inf inf)

# 0.392699 -2.356194 7.200000
# best = 3 = RSR
LSL 18.27 0 (5.696221 8.448712 4.121256)
LSR 15.36 0 (6.153969 6.581834 2.619677)
RSL 12.06 0 (0.632818 7.256993 4.167110)
RSR 9.07 0 (0.131853 6.324142 2.617040)
RLR inf 1 (inf inf inf)
LRL inf 1 (inf inf inf)

# 0.392699 -2.356194 7.600000
# best = 3 = RSR
LSL 18.66 0 (5.704955 8.841526 4.112523)
LSR 15.74 0 (6.139051 6.998643 2.604759)
RSL 12.45 0 (0.620397 7.670951 4.154689)
RSR 9.46 0 (0.147224 6.711404 2.601669)
RLR inf 1 (inf inf inf)
LRL inf 1 (inf inf inf)

# 0.392699 -2.356194 8.000000
# best = 3 = RSR
LSL 19.05 0 (5.712945 9.234956 4.104533)
LSR 16.13 0 (6.125754 7.413600 2.591461)
RSL 12.84 0 (0.609211 8.083503 4.143503)
RSR 9.85 0 (0.160915 7.100078 2.587978)
RLR inf 1 (inf inf inf)
LRL inf 1 (inf inf inf)

# 0.785398 -2.356194 0.400000
# best = 5 = LRL
LSL 11.73 0 (4.835660 2.300298 4.589118)
LSR inf 1 (inf inf inf)
RSL inf 1 (inf inf inf)
RSR 11.17 0 (4.875638 1.740296 4.549139)
RLR 7.62 0 (1.283925 5.382945 0.957426)
LRL 6.97 0 (1.081373 5.057795 0.834830)

# 0.785398 -2.356194 0.800000
# best = 5 = LRL
LSL 12.05 0 (4.929399 2.627307 4.495380)
LSR inf 1 (inf inf inf)
RSL inf 1 (inf inf inf)
RSR 10.97 0 (5.088053 1.541836 4.336724)
RLR 7.84 0 (1.550755 5.491775 0.799426)
LRL 6.56 0 (1.071203 4.849980 0.637185)

# 0.785398 -2.356194 1.200000
# best = 5 = LRL
LSL 12.40 0 (5.001903 2.972224 4.422876)
LSR inf 1 (inf inf inf)
RSL inf 1 (inf inf inf)
RSR 10.86 0 (5.347458 1.430345 4.077320)
RLR 7.96 0 (1.840183 5.551821 0.570045)
LRL 6.07 0 (1.022685 4.607935 0.443658)

# 0.785398 -2.356194 1.600000
# best = 5 = LRL
LSL 12.75 0 (5.059097 3.329487 4.365682)
LSR inf 1 (inf inf inf)
RSL inf 1 (inf inf inf)
RSR 10.85 0 (5.628410 1.426365 3.796368)
RLR 7.97 0 (2.122200 5.553952 0.290158)
LRL 5.49 0 (0.934131 4.316438 0.240715)

# 0.785398 -2.356194 2.000000
# best = 5 = LRL
LSL 13.12 0 (5.105088 3.695518 4.319690)
LSR inf 1 (inf inf inf)
RSL 7.85 0 (2.355514 0.001360 5.497108)
RSR 10.96 0 (5.890486 1.530733 3.534291)
RLR 14.14 0 (2.356194 5.497787 6.283185)
LRL 4.71 0 (0.785398 3.926991 0.000000)

# 0.785398 -2.356194 2.400000
# best = 1 = LSR
LSL 13.49 0 (5.142726 4.067951 4.282052)
LSR 4.87 0 (0.199713 1.326649 3.341305)
RSL 8.01 0 (1.770508 1.326651 4.912102)
RSR 11.15 0 (6.106535 1.723883 3.318243)
RLR 13.93 0 (2.519373 5.392049 6.014267)
LRL inf 1 (inf inf inf)

# 0.785398 -2.356194 2.800000
# best = 1 = LSR
LSL 13.87 0 (5.174015 4.445177 4.250764)
LSR 5.12 0 (0.010205 1.959591 3.151797)
RSL 8.26 0 (1.581001 1.959592 4.722594)
RSR 11.40 0 (6.273033 1.980001 3.151744)
RLR 13.64 0 (2.613605 5.247515 5.775502)
LRL inf 1 (inf inf inf)

# 0.785398 -2.356194 3.200000
# best = 3 = RSR
LSL 14.25 0 (5.200386 4.826072 4.224392)
LSR 11.70 0 (6.172919 2.497999 3.031326)
RSL 8.56 0 (1.460529 2.498000 4.602123)
RSR 5.42 0 (0.115599 2.277945 3.025993)
RLR 13.28 0 (2.651311 5.071424 5.561705)
LRL inf 1 (inf inf inf)

# 0.785398 -2.356194 3.600000
# best = 3 = RSR
LSL 14.63 0 (5.222887 5.209831 4.201892)
LSR 12.03 0 (6.086818 2.993325 2.945225)
RSL 8.88 0 (1.374429 2.993326 4.516022)
RSR 5.74 0 (0.211132 2.603394 2.930460)
RLR 12.87 0 (2.644023 4.865782 5.363352)
LRL inf 1 (inf inf inf)

# 0.785398 -2.356194 4.000000
# best = 3 = RSR
LSL 15.02 0 (5.242292 5.595865 4.182487)
LSR 12.37 0 (6.021386 3.464101 2.879793)
RSL 9.22 0 (1.308997 3.464102 4.450590)
RSR 6.09 0 (0.284924 2.947251 2.856668)
RLR 12.39 0 (2.598173 4.626497 5.169917)
LRL inf 1 (inf inf inf)

# 0.785398 -2.356194 4.400000
# best = 3 = RSR
LSL 15.41 0 (5.259187 5.983735 4.165592)
LSR 12.72 0 (5.969649 3.919183 2.828056)
RSL 9.58 0 (1.257260 3.919184 4.398853)
RSR 6.45 0 (0.343053 3.303773 2.798539)
RLR 11.82 0 (2.512772 4.339438 4.968258)
LRL inf 1 (inf inf inf)

# 0.785398 -2.356194 4.800000
# best = 3 = RSR
LSL 15.80 0 (5.274021 6.373104 4.150757)
LSR 13.08 0 (5.927563 4.363484 2.785969)
RSL 9.94 0 (1.215173 4.363485 4.356767)
RSR 6.81 0 (0.389734 3.669271 2.751858)
RLR 11.06 0 (2.370036 3.960604 4.732160)
LRL inf 1 (inf inf inf)

# 0.785398 -2.356194 5.200000
# best = 3 = RSR
LSL 16.19 0 (5.287145 6.763714 4.137634)
LSR 13.44 0 (5.892578 4.799999 2.750985)
RSL 10.30 0 (1.180189 4.800001 4.321782)
RSR 7.18 0 (0.427892 4.041309 2.713700)
RLR inf 1 (inf inf inf)
LRL inf 1 (inf inf inf)

# 0.785398 -2.356194 5.600000
# best = 3 = RSR
LSL 16.58 0 (5.298834 7.155361 4.125945)
LSR 13.82 0 (5.862994 5.230678 2.721401)
RSL 10.67 0 (1.150605 5.230679 4.292198)
RSR 7.56 0 (0.459578 4.418236 2.682014)
RLR inf 1 (inf inf inf)
LRL inf 1 (inf inf inf)

# 0.785398 -2.356194 6.000000
# best = 3 = RSR
LSL 16.97 0 (5.309308 7.547885 4.115471)
LSR 14.19 0 (5.837624 5.656854 2.696031)
RSL 11.05 0 (1.125235 5.656855 4.266828)
RSR 7.94 0 (0.486261 4.798899 2.655331)
RLR inf 1 (inf inf inf)
LRL inf 1 (inf inf inf)

# 0.785398 -2.356194 6.400000
# best = 3 = RSR
LSL 17.37 0 (5.318746 7.941155 4.106033)
LSR 14.57 0 (5.815611 6.079473 2.674018)
RSL 11.43 0 (1.103222 6.079474 4.244815)
RSR 8.32 0 (0.509009 5.182477 2.632583)
RLR inf 1 (inf inf inf)
LRL inf 1 (inf inf inf)

# 0.785398 -2.356194 6.800000
# best = 3 = RSR
LSL 17.76 0 (5.327292 8.335065 4.097486)
LSR 14.95 0 (5.796319 6.499230 2.654726)
RSL 11.81 0 (1.083930 6.499231 4.225523)
RSR 8.71 0 (0.528612 5.568365 2.612980)
RLR inf 1 (inf inf inf)
LRL inf 1 (inf inf inf)

# 0.785398 -2.356194 7.200000
# best = 3 = RSR
LSL 18.15 0 (5.335067 8.729529 4.089712)
LSR 15.33 0 (5.779267 6.916646 2.637674)
RSL 12.19 0 (1.066878 6.916647 4.208471)
RSR 9.10 0 (0.545670 5.956116 2.595922)
RLR inf 1 (inf inf inf)
LRL inf 1 (inf inf inf)

# 0.785398 -2.356194 7.600000
# best = 3 = RSR
LSL 18.55 0 (5.342169 9.124475 4.082610)
LSR 15.72 0 (5.764081 7.332121 2.622488)
RSL 12.58 0 (1.051692 7.332122 4.193285)
RSR 9.49 0 (0.560638 6.345388 2.580954)
RLR inf 1 (inf inf inf)
LRL inf 1 (inf inf inf)

# 0.785398 -2.356194 8.000000
# best = 3 = RSR
LSL 18.94 0 (5.348681 9.519844 4.076097)
LSR 16.11 0 (5.750468 7.745966 2.608874)
RSL 12.96 0 (1.038078 7.745967 4.179671)
RSR 9.88 0 (0.573873 6.735917 2.567719)
RLR inf 1 (inf inf inf)
LRL inf 1 (inf inf inf)

# 1.178097 -2.356194 0.400000
# best = 5 = LRL
LSL 11.34 0 (4.612605 2.304897 4.419474)
LSR inf 1 (inf inf inf)
RSL inf 1 (inf inf inf)
RSR 11.46 0 (5.044323 1.644071 4.773154)
RLR 8.12 0 (1.479160 5.436045 1.207991)
LRL 6.58 0 (0.856912 5.054983 0.663780)

# 1.178097 -2.356194 0.800000
# best = 5 = LRL
LSL 11.70 0 (4.683656 2.664083 4.348423)
LSR inf 1 (inf inf inf)
RSL inf 1 (inf inf inf)
RSR 11.19 0 (5.239020 1.370467 4.578456)
RLR 8.42 0 (1.747727 5.583783 1.087162)
LRL 6.12 0 (0.813202 4.825463 0.477969)

# 1.178097 -2.356194 1.200000
# best = 5 = LRL
LSL 12.07 0 (4.737622 3.033501 4.294457)
LSR inf 1 (inf inf inf)
RSL inf 1 (inf inf inf)
RSR 10.99 0 (5.513885 1.171918 4.303591)
RLR 8.63 0 (2.074951 5.688502 0.864657)
LRL 5.59 0 (0.735213 4.561552 0.292048)

# 1.178097 -2.356194 1.600000
# best = 5 = LRL
LSL 12.44 0 (4.779778 3.409826 4.252302)
LSR inf 1 (inf inf inf)
RSL inf 1 (inf inf inf)
RSR 10.91 0 (5.862060 1.090231 3.955416)
RLR 8.71 0 (2.444417 5.731085 0.537773)
LRL 4.95 0 (0.617519 4.241852 0.090042)

# 1.178097 -2.356194 2.000000
# best = 1 = LSR
LSL 12.82 0 (4.813507 3.791003 4.218573)
LSR 4.68 0 (0.070529 1.009619 3.604820)
RSL inf 1 (inf inf inf)
RSR 10.97 0 (6.216978 1.150571 3.600499)
RLR 8.65 0 (2.783620 5.699656 0.167141)
LRL 10.33 0 (0.425804 3.790965 6.114056)

# 1.178097 -2.356194 2.400000
# best = 3 = RSR
LSL 13.21 0 (4.841047 4.175703 4.191032)
LSR 11.15 0 (6.089435 1.718356 3.340541)
RSL 8.60 0 (2.459648 0.933667 5.208542)
RSR 4.87 0 (0.221810 1.333801 3.312481)
RLR 14.74 0 (3.023442 5.603264 6.114112)
LRL inf 1 (inf inf inf)

# 1.178097 -2.356194 2.800000
# best = 3 = RSR
LSL 13.60 0 (4.863927 4.563035 4.168152)
LSR 11.40 0 (5.931917 2.281702 3.183023)
RSL 8.77 0 (2.179042 1.666828 4.927936)
RSR 5.13 0 (0.427758 1.598197 3.106533)
RLR 14.46 0 (3.158325 5.461135 5.837101)
LRL inf 1 (inf inf inf)

# 1.178097 -2.356194 3.200000
# best = 3 = RSR
LSL 13.98 0 (4.883219 4.952381 4.148861)
LSR 11.68 0 (5.821835 2.789190 3.072940)
RSL 9.02 0 (2.015905 2.237163 4.764799)
RSR 5.44 0 (0.571024 1.910352 2.963267)
RLR 14.11 0 (3.214710 5.287371 5.606952)
LRL inf 1 (inf inf inf)

# 1.178097 -2.356194 3.600000
# best = 3 = RSR
LSL 14.38 0 (4.899693 5.343301 4.132387)
LSR 12.00 0 (5.739219 3.266956 2.990324)
RSL 9.30 0 (1.902839 2.747996 4.651734)
RSR 5.78 0 (0.672593 2.250479 2.861698)
RLR 13.71 0 (3.216635 5.088083 5.405739)
LRL inf 1 (inf inf inf)

# 1.178097 -2.356194 4.000000
# best = 3 = RSR
LSL 14.77 0 (4.913917 5.735473 4.118162)
LSR 12.33 0 (5.674451 3.726449 2.925557)
RSL 9.61 0 (1.818373 3.227702 4.567268)
RSR 6.14 0 (0.746943 2.607655 2.787348)
RLR 13.26 0 (3.178430 4.862974 5.218835)
LRL inf 1 (inf inf inf)

# 1.178097 -2.356194 4.400000
# best = 3 = RSR
LSL 15.16 0 (4.926319 6.128657 4.105761)
LSR 12.67 0 (5.622105 4.173708 2.873211)
RSL 9.94 0 (1.752356 3.688447 4.501251)
RSR 6.51 0 (0.803149 2.975748 2.731142)
RLR 12.74 0 (3.105799 4.605300 5.033792)
LRL inf 1 (inf inf inf)

# 1.178097 -2.356194 4.800000
# best = 3 = RSR
LSL 15.55 0 (4.937224 6.522671 4.094856)
LSR 13.02 0 (5.578818 4.612294 2.829924)
RSL 10.28 0 (1.699118 4.136572 4.448013)
RSR 6.89 0 (0.846876 3.351162 2.687415)
RLR 12.13 0 (2.995245 4.296737 4.835783)
LRL inf 1 (inf inf inf)

# 1.178097 -2.356194 5.200000
# best = 3 = RSR
LSL 15.95 0 (4.946885 6.917371 4.085194)
LSR 13.38 0 (5.542372 5.044469 2.793478)
RSL 10.64 0 (1.655169 4.575785 4.404063)
RSR 7.27 0 (0.881741 3.731689 2.652550)
RLR 11.29 0 (2.820889 3.878296 4.591698)
LRL inf 1 (inf inf inf)

# 1.178097 -2.356194 5.600000
# best = 3 = RSR
LSL 16.34 0 (4.955503 7.312647 4.076577)
LSR 13.75 0 (5.511232 5.471754 2.762338)
RSL 10.99 0 (1.618215 5.008432 4.367110)
RSR 7.65 0 (0.910126 4.115909 2.624165)
RLR inf 1 (inf inf inf)
LRL inf 1 (inf inf inf)

# 1.178097 -2.356194 6.000000
# best = 3 = RSR
LSL 16.74 0 (4.963236 7.708411 4.068843)
LSR 14.11 0 (5.484300 5.895211 2.735405)
RSL 11.36 0 (1.586678 5.436081 4.335572)
RSR 8.04 0 (0.933649 4.502879 2.600642)
RLR inf 1 (inf inf inf)
LRL inf 1 (inf inf inf)

# 1.178097 -2.356194 6.400000
# best = 3 = RSR
LSL 17.14 0 (4.970214 8.104591 4.061866)
LSR 14.49 0 (5.460764 6.315610 2.711870)
RSL 11.73 0 (1.559427 5.859825 4.308321)
RSR 8.43 0 (0.953440 4.891946 2.580851)
RLR inf 1 (inf inf inf)
LRL inf 1 (inf inf inf)

# 1.178097 -2.356194 6.800000
# best = 3 = RSR
LSL 17.53 0 (4.976541 8.501128 4.055539)
LSR 14.86 0 (5.440013 6.733524 2.691118)
RSL 12.10 0 (1.535632 6.280457 4.284526)
RSR 8.82 0 (0.970309 5.282645 2.563982)
RLR inf 1 (inf inf inf)
LRL inf 1 (inf inf inf)

# 1.178097 -2.356194 7.200000
# best = 3 = RSR
LSL 17.93 0 (4.982304 8.897975 4.049776)
LSR 15.24 0 (5.421574 7.149389 2.672679)
RSL 12.48 0 (1.514667 6.698561 4.263561)
RSR 9.21 0 (0.984851 5.674641 2.549440)
RLR inf 1 (inf inf inf)
LRL inf 1 (inf inf inf)

# 1.178097 -2.356194 7.600000
# best = 3 = RSR
LSL 18.33 0 (4.987574 9.295093 4.044505)
LSR 15.62 0 (5.405078 7.563543 2.656183)
RSL 12.86 0 (1.496049 7.114584 4.244944)
RSR 9.60 0 (0.997511 6.067682 2.536780)
RLR inf 1 (inf inf inf)
LRL inf 1 (inf inf inf)

# 1.178097 -2.356194 8.000000
# best = 3 = RSR
LSL 18.72 0 (4.992413 9.692448 4.039667)
LSR 16.01 0 (5.390230 7.976252 2.641336)
RSL 13.24 0 (1.479403 7.528870 4.228297)
RSR 10.00 0 (1.008630 6.461577 2.525661)
RLR inf 1 (inf inf inf)
LRL inf 1 (inf inf inf)

# 1.570796 -2.356194 0.400000
# best = 5 = LRL
LSL 10.86 0 (4.388617 2.222589 4.250764)
LSR inf 1 (inf inf inf)
RSL inf 1 (inf inf inf)
RSR 11.70 0 (5.208273 1.486112 5.001902)
RLR 8.69 0 (1.686026 5.521877 1.479655)
LRL 6.28 0 (0.657883 5.104903 0.520030)

# 1.570796 -2.356194 0.800000
# best = 5 = LRL
LSL 11.24 0 (4.437489 2.604916 4.201892)
LSR inf 1 (inf inf inf)
RSL inf 1 (inf inf inf)
RSR 11.36 0 (5.374515 1.150149 4.835660)
RLR 9.04 0 (1.941268 5.699876 1.402413)
LRL 5.80 0 (0.586694 4.864780 0.351096)

# 1.570796 -2.356194 1.200000
# best = 5 = LRL
LSL 11.63 0 (4.473789 2.991868 4.165592)
LSR inf 1 (inf inf inf)
RSL inf 1 (inf inf inf)
RSR 11.08 0 (5.661036 0.870148 4.549139)
RLR 9.33 0 (2.300153 5.844605 1.188256)
LRL 5.26 0 (0.487203 4.593198 0.179005)

# 1.570796 -2.356194 1.600000
# best = 1 = LSR
LSL 12.02 0 (4.501747 3.381857 4.137634)
LSR 4.64 0 (0.214406 0.288171 4.141396)
RSL inf 1 (inf inf inf)
RSR 10.93 0 (6.132855 0.715173 4.077320)
RLR 9.49 0 (2.811503 5.923666 0.755968)
LRL 10.89 0 (0.352720 4.268317 6.271793)

# 1.570796 -2.356194 2.000000
# best = 3 = RSR
LSL 12.41 0 (4.523910 3.773943 4.115471)
LSR 10.96 0 (5.996983 1.325653 3.640787)
RSL inf 1 (inf inf inf)
RSR 4.69 0 (0.392698 0.765367 3.534292)
RLR 9.44 0 (3.341762 5.898128 0.200170)
LRL 9.99 0 (0.149322 3.817195 6.024068)

# 1.570796 -2.356194 2.400000
# best = 3 = RSR
LSL 12.81 0 (4.541894 4.167533 4.097486)
LSR 11.12 0 (5.770593 1.936923 3.414398)
RSL 9.35 0 (3.013998 0.969484 5.370193)
RSR 4.92 0 (0.775245 0.990000 3.151745)
RLR 15.49 0 (3.666739 5.782987 6.043238)
LRL inf 1 (inf inf inf)

# 1.570796 -2.356194 2.800000
# best = 3 = RSR
LSL 13.20 0 (4.556771 4.562238 4.082610)
LSR 11.35 0 (5.619191 2.462922 3.262996)
RSL 9.47 0 (2.721064 1.669007 5.077259)
RSR 5.23 0 (0.996529 1.301697 2.930461)
RLR 15.17 0 (3.806662 5.620265 5.740593)
LRL inf 1 (inf inf inf)

# 1.570796 -2.356194 3.200000
# best = 3 = RSR
LSL 13.60 0 (4.569276 4.957792 4.070105)
LSR 11.61 0 (5.507975 2.949627 3.151779)
RSL 9.66 0 (2.541558 2.225145 4.897753)
RSR 5.58 0 (1.128451 1.651887 2.798539)
RLR 14.79 0 (3.844329 5.431756 5.514417)
LRL inf 1 (inf inf inf)

# 1.570796 -2.356194 3.600000
# best = 3 = RSR
LSL 13.99 0 (4.579932 5.354007 4.059449)
LSR 11.90 0 (5.422015 3.413885 3.065820)
RSL 9.91 0 (2.414221 2.727078 4.770416)
RSR 5.95 0 (1.213289 2.020654 2.713701)
RLR 14.38 0 (3.825311 5.224042 5.325722)
LRL inf 1 (inf inf inf)

# 1.570796 -2.356194 4.000000
# best = 3 = RSR
LSL 14.39 0 (4.589118 5.750745 4.050262)
LSR 12.21 0 (5.353287 3.863797 2.997092)
RSL 10.19 0 (2.317817 3.200413 4.674012)
RSR 6.33 0 (1.271659 2.399449 2.655331)
RLR 13.92 0 (3.769923 4.996527 5.153594)
LRL inf 1 (inf inf inf)

# 1.570796 -2.356194 4.400000
# best = 3 = RSR
LSL 14.79 0 (4.597118 6.147907 4.042262)
LSR 12.54 0 (5.296950 4.303864 2.940755)
RSL 10.50 0 (2.241832 3.656272 4.598027)
RSR 6.71 0 (1.314010 2.784182 2.612980)
RLR 13.41 0 (3.685728 4.743435 4.984697)
LRL inf 1 (inf inf inf)

# 1.570796 -2.356194 4.800000
# best = 3 = RSR
LSL 15.18 0 (4.604147 6.545414 4.035233)
LSR 12.88 0 (5.249865 4.736830 2.893670)
RSL 10.82 0 (2.180211 4.100489 4.536407)
RSR 7.10 0 (1.346036 3.172694 2.580954)
RLR 12.83 0 (3.571626 4.451180 4.806544)
LRL inf 1 (inf inf inf)

# 1.570796 -2.356194 5.200000
# best = 3 = RSR
LSL 15.58 0 (4.610371 6.943207 4.029010)
LSR 13.23 0 (5.209892 5.164482 2.853697)
RSL 11.15 0 (2.129145 4.536485 4.485340)
RSR 7.49 0 (1.371054 3.563748 2.555936)
RLR 12.10 0 (3.413242 4.084377 4.598124)
LRL inf 1 (inf inf inf)

# 1.570796 -2.356194 5.600000
# best = 3 = RSR
LSL 15.98 0 (4.615920 7.341241 4.023461)
LSR 13.58 0 (5.175513 5.588039 2.819318)
RSL 11.49 0 (2.086089 4.966426 4.442284)
RSR 7.88 0 (1.391115 3.956591 2.535875)
RLR 10.80 0 (3.109368 3.436508 4.254129)
LRL inf 1 (inf inf inf)

# 1.570796 -2.356194 6.000000
# best = 3 = RSR
LSL 16.38 0 (4.620898 7.739477 4.018483)
LSR 13.94 0 (5.145618 6.008369 2.789423)
RSL 11.85 0 (2.049270 5.391760 4.405466)
RSR 8.28 0 (1.407546 4.350739 2.519444)
RLR inf 1 (inf inf inf)
LRL inf 1 (inf inf inf)

# 1.570796 -2.356194 6.400000
# best = 3 = RSR
LSL 16.78 0 (4.625389 8.137886 4.013992)
LSR 14.31 0 (5.119377 6.426104 2.763182)
RSL 12.20 0 (2.017411 5.813498 4.373606)
RSR 8.67 0 (1.421245 4.745866 2.505745)
RLR inf 1 (inf inf inf)
LRL inf 1 (inf inf inf)

# 1.570796 -2.356194 6.800000
# best = 3 = RSR
LSL 17.18 0 (4.629460 8.536444 4.009920)
LSR 14.68 0 (5.096153 6.841720 2.739958)
RSL 12.57 0 (1.989562 6.232371 4.345757)
RSR 9.07 0 (1.432836 5.141747 2.494154)
RLR inf 1 (inf inf inf)
LRL inf 1 (inf inf inf)

# 1.570796 -2.356194 7.200000
# best = 3 = RSR
LSL 17.57 0 (4.633169 8.935131 4.006212)
LSR 15.05 0 (5.075451 7.255580 2.719256)
RSL 12.94 0 (1.965006 6.648919 4.321201)
RSR 9.47 0 (1.442769 5.538219 2.484221)
RLR inf 1 (inf inf inf)
LRL inf 1 (inf inf inf)

# 1.570796 -2.356194 7.600000
# best = 3 = RSR
LSL 17.97 0 (4.636560 9.333930 4.002821)
LSR 15.43 0 (5.056879 7.667970 2.700684)
RSL 13.31 0 (1.943187 7.063555 4.299382)
RSR 9.86 0 (1.451374 5.935165 2.475616)
RLR inf 1 (inf inf inf)
LRL inf 1 (inf inf inf)

# 1.570796 -2.356194 8.000000
# best = 3 = RSR
LSL 18.37 0 (4.639674 9.732827 3.999707)
LSR 15.80 0 (5.040123 8.079113 2.683928)
RSL 13.68 0 (1.923669 7.476597 4.279864)
RSR 10.26 0 (1.458899 6.332496 2.468091)
RLR inf 1 (inf inf inf)
LRL inf 1 (inf inf inf)

# 1.963495 -2.356194 0.400000
# best = 5 = LRL
LSL 10.30 0 (4.161292 2.056735 4.085390)
LSR inf 1 (inf inf inf)
RSL inf 1 (inf inf inf)
RSR 11.88 0 (5.362776 1.273020 5.240099)
RLR 9.31 0 (1.897295 5.635409 1.774618)
LRL 6.09 0 (0.479643 5.203074 0.403742)

# 1.963495 -2.356194 0.800000
# best = 5 = LRL
LSL 10.70 0 (4.187021 2.452539 4.059661)
LSR inf 1 (inf inf inf)
RSL inf 1 (inf inf inf)
RSR 11.49 0 (5.477297 0.892070 5.125577)
RLR 9.70 0 (2.110796 5.833367 1.759075)
LRL 5.61 0 (0.385406 4.963140 0.258045)

# 1.963495 -2.356194 1.200000
# best = 5 = LRL
LSL 11.10 0 (4.205591 2.849515 4.041091)
LSR inf 1 (inf inf inf)
RSL inf 1 (inf inf inf)
RSR 11.14 0 (5.750344 0.539444 4.852531)
RLR 10.06 0 (2.473478 6.012639 1.575665)
LRL 5.08 0 (0.271116 4.697421 0.106616)

# 1.963495 -2.356194 1.600000
# best = 3 = RSR
LSL 11.49 0 (4.219616 3.247234 4.027066)
LSR 10.92 0 (6.094661 0.698787 4.131164)
RSL inf 1 (inf inf inf)
RSR 4.65 0 (0.297474 0.325900 4.022215)
RLR 10.28 0 (3.357501 6.120055 0.799057)
LRL 10.74 0 (0.130781 4.388700 6.221416)

# 1.963495 -2.356194 2.000000
# best = 3 = RSR
LSL 11.89 0 (4.230578 3.645451 4.016103)
LSR 10.93 0 (5.720180 1.449732 3.756684)
RSL 10.15 0 (3.788535 0.606252 5.752031)
RSR 4.81 0 (1.242311 0.491346 3.077378)
RLR 16.39 0 (4.260756 6.036890 6.095823)
LRL 16.23 0 (6.225588 3.990019 6.011113)

# 1.963495 -2.356194 2.400000
# best = 3 = RSR
LSL 12.29 0 (4.239381 4.044021 4.007301)
LSR 11.04 0 (5.497520 2.008766 3.534023)
RSL 10.14 0 (3.387249 1.397900 5.350746)
RSR 5.15 0 (1.564279 0.834645 2.755410)
RLR 16.05 0 (4.495666 5.862774 5.686797)
LRL inf 1 (inf inf inf)

# 1.963495 -2.356194 2.800000
# best = 3 = RSR
LSL 12.69 0 (4.246604 4.442848 4.000078)
LSR 11.22 0 (5.339588 2.507700 3.376091)
RSL 10.24 0 (3.156971 1.964868 5.120468)
RSR 5.53 0 (1.692788 1.213195 2.626901)
RLR 15.65 0 (4.526228 5.666880 5.460341)
LRL inf 1 (inf inf inf)

# 1.963495 -2.356194 3.200000
# best = 3 = RSR
LSL 13.09 0 (4.252636 4.841868 3.994045)
LSR 11.45 0 (5.220017 2.976907 3.256521)
RSL 10.42 0 (2.994923 2.467243 4.958420)
RSR 5.92 0 (1.759599 1.602203 2.560090)
RLR 15.24 0 (4.489074 5.458950 5.289565)
LRL inf 1 (inf inf inf)

# 1.963495 -2.356194 3.600000
# best = 3 = RSR
LSL 13.49 0 (4.257750 5.241037 3.988932)
LSR 11.72 0 (5.125885 3.428614 3.162389)
RSL 10.65 0 (2.872740 2.938345 4.836237)
RSR 6.32 0 (1.800198 1.995561 2.519491)
RLR 14.80 0 (4.419473 5.238550 5.138766)
LRL inf 1 (inf inf inf)

# 1.963495 -2.356194 4.000000
# best = 3 = RSR
LSL 13.89 0 (4.262140 5.640325 3.984542)
LSR 12.00 0 (5.049702 3.868955 3.086206)
RSL 10.91 0 (2.776814 3.391231 4.740310)
RSR 6.71 0 (1.827397 2.391124 2.492292)
RLR 14.32 0 (4.328259 5.001725 4.993154)
LRL inf 1 (inf inf inf)

# 1.963495 -2.356194 4.400000
# best = 3 = RSR
LSL 14.29 0 (4.265949 6.039706 3.980732)
LSR 12.31 0 (4.986724 4.301422 3.023228)
RSL 11.19 0 (2.699335 3.832366 4.662832)
RSR 7.11 0 (1.846865 2.787953 2.472824)
RLR 13.80 0 (4.217268 4.740807 4.843228)
LRL inf 1 (inf inf inf)

# 1.963495 -2.356194 4.800000
# best = 3 = RSR
LSL 14.69 0 (4.269286 6.439165 3.977395)
LSR 12.63 0 (4.933768 4.728176 2.970272)
RSL 11.50 0 (2.635389 4.265397 4.598885)
RSR 7.51 0 (1.861477 3.185576 2.458212)
RLR 13.20 0 (4.081760 4.440567 4.678496)
LRL inf 1 (inf inf inf)

# 1.963495 -2.356194 5.200000
# best = 3 = RSR
LSL 15.09 0 (4.272233 6.838686 3.974449)
LSR 12.96 0 (4.888609 5.150637 2.925113)
RSL 11.82 0 (2.581688 4.692568 4.545185)
RSR 7.90 0 (1.872844 3.583728 2.446845)
RLR 12.44 0 (3.903912 4.062135 4.477913)
LRL inf 1 (inf inf inf)

# 1.963495 -2.356194 5.600000
# best = 3 = RSR
LSL 15.48 0 (4.274855 7.238261 3.971827)
LSR 13.31 0 (4.849637 5.569783 2.886141)
RSL 12.15 0 (2.535944 5.115347 4.499440)
RSR 8.30 0 (1.881937 3.982250 2.437752)
RLR 10.98 0 (3.546975 3.330076 4.102790)
LRL inf 1 (inf inf inf)

# 1.963495 -2.356194 6.000000
# best = 3 = RSR
LSL 15.88 0 (4.277202 7.637880 3.969480)
LSR 13.65 0 (4.815662 5.986310 2.852166)
RSL 12.49 0 (2.496504 5.534741 4.460000)
RSR 8.70 0 (1.889376 4.381042 2.430313)
RLR inf 1 (inf inf inf)
LRL inf 1 (inf inf inf)

# 1.963495 -2.356194 6.400000
# best = 3 = RSR
LSL 16.28 0 (4.279316 8.037537 3.967366)
LSR 14.01 0 (4.785778 6.400728 2.822282)
RSL 12.84 0 (2.462148 5.951466 4.425644)
RSR 9.10 0 (1.895572 4.780035 2.424117)
RLR inf 1 (inf inf inf)
LRL inf 1 (inf inf inf)

# 1.963495 -2.356194 6.800000
# best = 3 = RSR
LSL 16.68 0 (4.281229 8.437226 3.965452)
LSR 14.37 0 (4.759289 6.813423 2.795793)
RSL 13.19 0 (2.431950 6.366045 4.395447)
RSR 9.50 0 (1.900814 5.179184 2.418875)
RLR inf 1 (inf inf inf)
LRL inf 1 (inf inf inf)

# 1.963495 -2.356194 7.200000
# best = 3 = RSR
LSL 17.08 0 (4.282970 8.836944 3.963712)
LSR 14.73 0 (4.735647 7.224691 2.772151)
RSL 13.55 0 (2.405199 6.778872 4.368696)
RSR 9.90 0 (1.905306 5.578455 2.414383)
RLR inf 1 (inf inf inf)
LRL inf 1 (inf inf inf)

# 1.963495 -2.356194 7.600000
# best = 3 = RSR
LSL 17.48 0 (4.284560 9.236686 3.962122)
LSR 15.10 0 (4.714417 7.634761 2.750921)
RSL 13.92 0 (2.381337 7.190250 4.344833)
RSR 10.30 0 (1.909197 5.977823 2.410492)
RLR inf 1 (inf inf inf)
LRL inf 1 (inf inf inf)

# 1.963495 -2.356194 8.000000
# best = 3 = RSR
LSL 17.88 0 (4.286018 9.636449 3.960664)
LSR 15.47 0 (4.695247 8.043817 2.731751)
RSL 14.28 0 (2.359919 7.600413 4.323415)
RSR 10.70 0 (1.912601 6.377271 2.407088)
RLR inf 1 (inf inf inf)
LRL inf 1 (inf inf inf)

# 2.356194 -2.356194 0.400000
# best = 5 = LRL
LSL 9.67 0 (3.926991 1.814214 3.926991)
LSR inf 1 (inf inf inf)
RSL inf 1 (inf inf inf)
RSR 12.01 0 (5.497787 1.014214 5.497787)
RLR 9.97 0 (2.099842 5.770481 2.099842)
LRL 5.97 0 (0.314650 5.341688 0.314650)

# 2.356194 -2.356194 0.800000
# best = 5 = LRL
LSL 10.07 0 (3.926991 2.214214 3.926991)
LSR inf 1 (inf inf inf)
RSL inf 1 (inf inf inf)
RSR 11.61 0 (5.497787 0.614214 5.497787)
RLR 10.38 0 (2.202031 5.974858 2.202031)
LRL 5.51 0 (0.198773 5.109935 0.198773)

# 2.356194 -2.356194 1.200000
# best = 5 = LRL
LSL 10.47 0 (3.926991 2.614214 3.926991)
LSR inf 1 (inf inf inf)
RSL inf 1 (inf inf inf)
RSR 11.21 0 (5.497787 0.214214 5.497787)
RLR 10.78 0 (2.302615 6.176027 2.302615)
LRL 5.00 0 (0.073129 4.858645 0.073129)

# 2.356194 -2.356194 1.600000
# best = 3 = RSR
LSL 10.87 0 (3.926991 3.014214 3.926991)
LSR 10.90 0 (5.863588 0.748330 4.292791)
RSL 10.90 0 (4.292791 0.748330 5.863588)
RSR 4.90 0 (2.356194 0.185786 2.356194)
RLR 17.09 0 (5.451324 6.190259 5.451324)
LRL 17.01 0 (6.215133 4.576283 6.215133)

# 2.356194 -2.356194 2.000000
# best = 3 = RSR
LSL 11.27 0 (3.926991 3.414214 3.926991)
LSR 10.84 0 (5.497788 1.414213 3.926990)
RSL 10.84 0 (3.926990 1.414213 5.497788)
RSR 5.30 0 (2.356194 0.585786 2.356194)
RLR 16.69 0 (5.350812 5.989235 5.350812)
LRL 16.33 0 (6.045816 4.237649 6.045816)

# 2.356194 -2.356194 2.400000
# best = 3 = RSR
LSL 11.67 0 (3.926991 3.814214 3.926991)
LSR 10.89 0 (5.260338 1.939071 3.689540)
RSL 10.89 0 (3.689540 1.939071 5.260338)
RSR 5.70 0 (2.356194 0.985786 2.356194)
RLR 16.28 0 (5.248775 5.785162 5.248775)
LRL 15.36 0 (5.803763 3.753544 5.803763)

# 2.356194 -2.356194 2.800000
# best = 3 = RSR
LSL 12.07 0 (3.926991 4.214214 3.926991)
LSR 11.02 0 (5.086040 2.416609 3.515243)
RSL 11.02 0 (3.515243 2.416609 5.086040)
RSR 6.10 0 (2.356194 1.385786 2.356194)
RLR 15.86 0 (5.144006 5.575625 5.144006)
LRL inf 1 (inf inf inf)

# 2.356194 -2.356194 3.200000
# best = 3 = RSR
LSL 12.47 0 (3.926991 4.614214 3.926991)
LSR 11.20 0 (4.951654 2.870540 3.380856)
RSL 11.20 0 (3.380856 2.870540 4.951654)
RSR 6.50 0 (2.356194 1.785786 2.356194)
RLR 15.43 0 (5.034997 5.357605 5.034997)
LRL inf 1 (inf inf inf)

# 2.356194 -2.356194 3.600000
# best = 3 = RSR
LSL 12.87 0 (3.926991 5.014214 3.926991)
LSR 11.43 0 (4.844752 3.310589 3.273955)
RSL 11.43 0 (3.273955 3.310589 4.844752)
RSR 6.90 0 (2.356194 2.185786 2.356194)
RLR 14.97 0 (4.919671 5.126955 4.919671)
LRL inf 1 (inf inf inf)

# 2.356194 -2.356194 4.000000
# best = 3 = RSR
LSL 13.27 0 (3.926991 5.414214 3.926991)
LSR 11.69 0 (4.757711 3.741657 3.186913)
RSL 11.69 0 (3.186913 3.741657 4.757711)
RSR 7.30 0 (2.356194 2.585786 2.356194)
RLR 14.47 0 (4.794869 4.877350 4.794869)
LRL inf 1 (inf inf inf)

# 2.356194 -2.356194 4.400000
# best = 3 = RSR
LSL 13.67 0 (3.926991 5.814214 3.926991)
LSR 11.97 0 (4.685507 4.166533 3.114710)
RSL 11.97 0 (3.114710 4.166533 4.685507)
RSR 7.70 0 (2.356194 2.985786 2.356194)
RLR 13.91 0 (4.655081 4.597774 4.655081)
LRL inf 1 (inf inf inf)

# 2.356194 -2.356194 4.800000
# best = 3 = RSR
LSL 14.07 0 (3.926991 6.214214 3.926991)
LSR 12.27 0 (4.624680 4.586938 3.053883)
RSL 12.27 0 (3.053883 4.586938 4.624680)
RSR 8.10 0 (2.356194 3.385786 2.356194)
RLR 13.24 0 (4.488511 4.264634 4.488511)
LRL inf 1 (inf inf inf)

# 2.356194 -2.356194 5.200000
# best = 3 = RSR
LSL 14.47 0 (3.926991 6.614214 3.926991)
LSR 12.58 0 (4.572764 5.003998 3.001966)
RSL 12.58 0 (3.001966 5.003998 4.572764)
RSR 8.50 0 (2.356194 3.785786 2.356194)
RLR 12.31 0 (4.255741 3.799094 4.255741)
LRL inf 1 (inf inf inf)

# 2.356194 -2.356194 5.600000
# best = 3 = RSR
LSL 14.87 0 (3.926991 7.014214 3.926991)
LSR 12.90 0 (4.527951 5.418487 2.957154)
RSL 12.90 0 (2.957154 5.418487 4.527951)
RSR 8.90 0 (2.356194 4.185786 2.356194)
RLR inf 1 (inf inf inf)
LRL inf 1 (inf inf inf)

# 2.356194 -2.356194 6.000000
# best = 3 = RSR
LSL 15.27 0 (3.926991 7.414214 3.926991)
LSR 13.24 0 (4.488891 5.830952 2.918094)
RSL 13.24 0 (2.918094 5.830952 4.488891)
RSR 9.30 0 (2.356194 4.585786 2.356194)
RLR inf 1 (inf inf inf)
LRL inf 1 (inf inf inf)

# 2.356194 -2.356194 6.400000
# best = 3 = RSR
LSL 15.67 0 (3.926991 7.814214 3.926991)
LSR 13.58 0 (4.454552 6.241794 2.883755)
RSL 13.58 0 (2.883755 6.241794 4.454552)
RSR 9.70 0 (2.356194 4.985786 2.356194)
RLR inf 1 (inf inf inf)
LRL inf 1 (inf inf inf)

# 2.356194 -2.356194 6.800000
# best = 3 = RSR
LSL 16.07 0 (3.926991 8.214214 3.926991)
LSR 13.93 0 (4.424133 6.651316 2.853335)
RSL 13.93 0 (2.853335 6.651316 4.424133)
RSR 10.10 0 (2.356194 5.385786 2.356194)
RLR inf 1 (inf inf inf)
LRL inf 1 (inf inf inf)

# 2.356194 -2.356194 7.200000
# best = 3 = RSR
LSL 16.47 0 (3.926991 8.614214 3.926991)
LSR 14.28 0 (4.397004 7.059745 2.826206)
RSL 14.28 0 (2.826206 7.059745 4.397004)
RSR 10.50 0 (2.356194 5.785786 2.356194)
RLR inf 1 (inf inf inf)
LRL inf 1 (inf inf inf)

# 2.356194 -2.356194 7.600000
# best = 3 = RSR
LSL 16.87 0 (3.926991 9.014214 3.926991)
LSR 14.64 0 (4.372661 7.467262 2.801864)
RSL 14.64 0 (2.801864 7.467262 4.372661)
RSR 10.90 0 (2.356194 6.185786 2.356194)
RLR inf 1 (inf inf inf)
LRL inf 1 (inf inf inf)

# 2.356194 -2.356194 8.000000
# best = 3 = RSR
LSL 17.27 0 (3.926991 9.414214 3.926991)
LSR 15.00 0 (4.350700 7.874008 2.779903)
RSL 15.00 0 (2.779903 7.874008 4.350700)
RSR 11.30 0 (2.356194 6.585786 2.356194)
RLR inf 1 (inf inf inf)
LRL inf 1 (inf inf inf)

# 2.748894 -2.356194 0.400000
# best = 5 = LRL
LSL 8.97 0 (3.678783 1.505478 3.782499)
LSR inf 1 (inf inf inf)
RSL inf 1 (inf inf inf)
RSR 12.11 0 (5.585999 0.723050 5.802274)
RLR 10.66 0 (2.262645 5.919662 2.478920)
LRL 5.92 0 (0.151316 5.511436 0.255032)

# 2.748894 -2.356194 0.800000
# best = 5 = LRL
LSL 9.36 0 (3.648500 1.902182 3.812783)
LSR inf 1 (inf inf inf)
RSL inf 1 (inf inf inf)
RSR 11.75 0 (5.248244 0.361896 6.140029)
RLR 11.03 0 (2.016054 6.101989 2.907839)
LRL 5.48 0 (0.011323 5.292017 0.175606)

# 2.748894 -2.356194 1.200000
# best = 3 = RSR
LSL 9.76 0 (3.628679 2.300028 3.832603)
LSR inf 1 (inf inf inf)
RSL 11.53 0 (4.678420 0.991960 5.856518)
RSR 5.35 0 (3.849337 0.243181 1.255751)
RLR 11.14 0 (0.646912 6.161520 4.336511)
LRL 11.29 0 (6.157659 5.057960 0.078398)

# 2.748894 -2.356194 1.600000
# best = 3 = RSR
LSL 10.16 0 (3.614709 2.698511 3.846574)
LSR 10.86 0 (5.750351 0.535919 4.572254)
RSL 11.45 0 (4.367388 1.537376 5.545485)
RSR 5.66 0 (3.150655 0.554351 1.954433)
RLR 17.12 0 (6.153213 6.005115 4.956990)
LRL 17.07 0 (6.015841 4.802265 6.247706)

# 2.748894 -2.356194 2.000000
# best = 3 = RSR
LSL 10.56 0 (3.604334 3.097385 3.856948)
LSR 10.70 0 (5.332374 1.211474 4.154277)
RSL 11.48 0 (4.142230 2.015704 5.320327)
RSR 6.04 0 (2.982696 0.935667 2.122392)
RLR 16.73 0 (5.888184 5.810977 5.027880)
LRL 16.48 0 (5.860246 4.511823 6.112860)

# 2.748894 -2.356194 2.400000
# best = 3 = RSR
LSL 10.96 0 (3.596328 3.496516 3.864955)
LSR 10.66 0 (5.060027 1.722826 3.881929)
RSL 11.58 0 (3.969695 2.466293 5.147792)
RSR 6.43 0 (2.912858 1.328021 2.192230)
RLR 16.32 0 (5.716022 5.606328 4.995394)
LRL 15.77 0 (5.674281 4.155906 5.942908)

# 2.748894 -2.356194 2.800000
# best = 3 = RSR
LSL 11.36 0 (3.589963 3.895826 3.871320)
LSR 10.72 0 (4.857323 2.188285 3.679225)
RSL 11.75 0 (3.833408 2.902093 5.011505)
RSR 6.83 0 (2.874974 1.723893 2.230114)
RLR 15.89 0 (5.570996 5.392043 4.926135)
LRL 14.66 0 (5.389483 3.599041 5.670841)

# 2.748894 -2.356194 3.200000
# best = 3 = RSR
LSL 11.76 0 (3.584781 4.295264 3.876502)
LSR 10.85 0 (4.699970 2.632309 3.521873)
RSL 11.95 0 (3.723319 3.328916 4.901416)
RSR 7.23 0 (2.851261 2.121315 2.253827)
RLR 15.44 0 (5.433865 5.165209 4.836432)
LRL inf 1 (inf inf inf)

# 2.748894 -2.356194 3.600000
# best = 3 = RSR
LSL 12.16 0 (3.580481 4.694797 3.880802)
LSR 11.04 0 (4.574542 3.064231 3.396445)
RSL 12.19 0 (3.632751 3.749829 4.810848)
RSR 7.62 0 (2.835037 2.519552 2.270051)
RLR 14.95 0 (5.295220 4.920367 4.730235)
LRL inf 1 (inf inf inf)

# 2.748894 -2.356194 4.000000
# best = 3 = RSR
LSL 12.56 0 (3.576855 5.094404 3.884427)
LSR 11.26 0 (4.472483 3.488549 3.294386)
RSL 12.46 0 (3.557078 4.166624 4.735175)
RSR 8.02 0 (2.823244 2.918272 2.281844)
RLR 14.40 0 (5.147146 4.647805 4.605747)
LRL inf 1 (inf inf inf)

# 2.748894 -2.356194 4.400000
# best = 3 = RSR
LSL 12.96 0 (3.573757 5.494068 3.887525)
LSR 11.51 0 (4.388004 3.907740 3.209907)
RSL 12.74 0 (3.492997 4.580426 4.671094)
RSR 8.42 0 (2.814287 3.317300 2.290801)
RLR 13.76 0 (4.977981 4.327388 4.454495)
LRL inf 1 (inf inf inf)

# 2.748894 -2.356194 4.800000
# best = 3 = RSR
LSL 13.36 0 (3.571080 5.893778 3.890203)
LSR 11.78 0 (4.317044 4.323297 3.138947)
RSL 13.05 0 (3.438094 4.991977 4.616191)
RSR 8.82 0 (2.807254 3.716537 2.297834)
RLR 12.90 0 (4.756782 3.899056 4.247362)
LRL inf 1 (inf inf inf)

# 2.748894 -2.356194 5.200000
# best = 3 = RSR
LSL 13.75 0 (3.568742 6.293525 3.892541)
LSR 12.07 0 (4.256677 4.736175 3.078580)
RSL 13.36 0 (3.390568 5.401794 4.568665)
RSR 9.22 0 (2.801585 4.115922 2.303503)
RLR inf 1 (inf inf inf)
LRL inf 1 (inf inf inf)

# 2.748894 -2.356194 5.600000
# best = 3 = RSR
LSL 14.15 0 (3.566684 6.693301 3.894599)
LSR 12.38 0 (4.204747 5.147020 3.026649)
RSL 13.69 0 (3.349054 5.810242 4.527151)
RSR 9.62 0 (2.796920 4.515416 2.308168)
RLR inf 1 (inf inf inf)
LRL inf 1 (inf inf inf)

# 2.748894 -2.356194 6.000000
# best = 3 = RSR
LSL 14.55 0 (3.564857 7.093103 3.896425)
LSR 12.70 0 (4.159634 5.556283 2.981537)
RSL 14.02 0 (3.312497 6.217592 4.490594)
RSR 10.02 0 (2.793013 4.914992 2.312075)
RLR inf 1 (inf inf inf)
LRL inf 1 (inf inf inf)

# 2.748894 -2.356194 6.400000
# best = 3 = RSR
LSL 14.95 0 (3.563226 7.492926 3.898057)
LSR 13.03 0 (4.120103 5.964289 2.942006)
RSL 14.36 0 (3.280072 6.624047 4.458169)
RSR 10.42 0 (2.789693 5.314633 2.315395)
RLR inf 1 (inf inf inf)
LRL inf 1 (inf inf inf)

# 2.748894 -2.356194 6.800000
# best = 3 = RSR
LSL 15.35 0 (3.561760 7.892768 3.899523)
LSR 13.36 0 (4.085194 6.371279 2.907097)
RSL 14.71 0 (3.251126 7.029761 4.429223)
RSR 10.82 0 (2.786838 5.714323 2.318250)
RLR inf 1 (inf inf inf)
LRL inf 1 (inf inf inf)

# 2.748894 -2.356194 7.200000
# best = 3 = RSR
LSL 15.75 0 (3.560435 8.292624 3.900848)
LSR 13.71 0 (4.054153 6.777438 2.876056)
RSL 15.06 0 (3.225133 7.434855 4.403231)
RSR 11.22 0 (2.784356 6.114054 2.320732)
RLR inf 1 (inf inf inf)
LRL inf 1 (inf inf inf)

# 2.748894 -2.356194 7.600000
# best = 3 = RSR
LSL 16.15 0 (3.559232 8.692494 3.902051)
LSR 14.06 0 (4.026379 7.182905 2.848281)
RSL 15.42 0 (3.201669 7.839427 4.379767)
RSR 11.62 0 (2.782179 6.513818 2.322909)
RLR inf 1 (inf inf inf)
LRL inf 1 (inf inf inf)

# 2.748894 -2.356194 8.000000
# best = 3 = RSR
LSL 16.55 0 (3.558135 9.092375 3.903148)
LSR 14.41 0 (4.001387 7.587792 2.823290)
RSL 15.78 0 (3.180386 8.243552 4.358483)
RSR 12.02 0 (2.780254 6.913609 2.324834)
RLR inf 1 (inf inf inf)
LRL inf 1 (inf inf inf)

# 3.141593 -2.356194 0.400000
# best = 2 = RSL
LSL 8.21 0 (3.400225 1.145195 3.668359)
LSR inf 1 (inf inf inf)
RSL 5.92 0 (5.522965 0.374031 0.025178)
RSR 12.21 0 (5.521472 0.424383 6.259501)
RLR 11.36 0 (2.273583 6.070594 3.011612)
LRL 12.19 0 (6.251456 5.702462 0.236405)

# 3.141593 -2.356194 0.800000
# best = 3 = RSR
LSL 8.60 0 (3.333541 1.535304 3.735042)
LSR inf 1 (inf inf inf)
RSL 12.00 0 (5.061379 1.088846 5.846778)
RSR 5.81 0 (4.405268 0.307272 1.092519)
RLR 11.47 0 (1.186781 6.129398 4.157219)
LRL 11.78 0 (6.081198 5.495313 0.199514)

# 3.141593 -2.356194 1.200000
# best = 3 = RSR
LSL 9.00 0 (3.293982 1.929467 3.774602)
LSR inf 1 (inf inf inf)
RSL 11.92 0 (4.768598 1.597270 5.553997)
RSR 6.07 0 (3.677761 0.573350 1.820026)
RLR 11.21 0 (0.392336 5.995519 4.817785)
LRL 11.34 0 (5.932220 5.276476 0.129655)

# 3.141593 -2.356194 1.600000
# best = 3 = RSR
LSL 9.39 0 (3.267870 2.325624 3.800714)
LSR inf 1 (inf inf inf)
RSL 11.94 0 (4.549633 2.058387 5.335031)
RSR 6.44 0 (3.458561 0.939705 2.039226)
RLR 10.83 0 (0.079825 5.808900 4.943676)
LRL 10.87 0 (5.789006 5.042274 0.038666)

# 3.141593 -2.356194 2.000000
# best = 3 = RSR
LSL 9.79 0 (3.249367 2.722905 3.819216)
LSR 10.52 0 (5.269502 0.765365 4.484103)
RSL 12.04 0 (4.379239 2.498528 5.164637)
RSR 6.82 0 (3.364374 1.325654 2.133413)
RLR 16.71 0 (6.168165 5.607582 4.937204)
LRL 16.64 0 (5.642206 4.785678 6.212055)

# 3.141593 -2.356194 2.400000
# best = 3 = RSR
LSL 10.19 0 (3.235580 3.120881 3.833003)
LSR 10.38 0 (4.913664 1.334203 4.128265)
RSL 12.20 0 (4.243389 2.927171 5.028787)
RSR 7.22 0 (3.312911 1.718044 2.184876)
RLR 16.29 0 (6.010552 5.395283 4.882518)
LRL 16.05 0 (5.482155 4.493149 6.079578)

# 3.141593 -2.356194 2.800000
# best = 3 = RSR
LSL 10.59 0 (3.224913 3.519316 3.843670)
LSR 10.35 0 (4.659653 1.815051 3.874255)
RSL 12.40 0 (4.132978 3.348733 4.918376)
RSR 7.61 0 (3.280637 2.113289 2.217150)
RLR 15.84 0 (5.865606 5.169939 4.802120)
LRL 15.33 0 (5.291004 4.132181 5.909761)

# 3.141593 -2.356194 3.200000
# best = 3 = RSR
LSL 10.99 0 (3.216417 3.918070 3.852167)
LSR 10.41 0 (4.465454 2.264669 3.680055)
RSL 12.63 0 (4.041756 3.765594 4.827154)
RSR 8.01 0 (3.258548 2.510040 2.239239)
RLR 15.35 0 (5.721790 4.926483 4.702480)
LRL 14.16 0 (4.989959 3.547084 5.625709)

# 3.141593 -2.356194 3.600000
# best = 3 = RSR
LSL 11.39 0 (3.209490 4.317054 3.859093)
LSR 10.54 0 (4.312481 2.698711 3.527082)
RSL 12.90 0 (3.965299 4.179161 4.750697)
RSR 8.41 0 (3.242495 2.907683 2.255292)
RLR 14.81 0 (5.570261 4.655531 4.583058)
LRL inf 1 (inf inf inf)

# 3.141593 -2.356194 4.000000
# best = 3 = RSR
LSL 11.78 0 (3.203736 4.716210 3.864848)
LSR 10.72 0 (4.189374 3.123676 3.403976)
RSL 13.18 0 (3.900404 4.590324 4.685803)
RSR 8.80 0 (3.230307 3.305894 2.267480)
RLR 14.17 0 (5.399085 4.337557 4.436259)
LRL inf 1 (inf inf inf)

# 3.141593 -2.356194 4.400000
# best = 3 = RSR
LSL 12.18 0 (3.198880 5.115499 3.869704)
LSR 10.93 0 (4.088524 3.542833 3.303126)
RSL 13.47 0 (3.844707 4.999676 4.630105)
RSR 9.20 0 (3.220740 3.704490 2.277047)
RLR 13.33 0 (5.178332 3.915184 4.234639)
LRL inf 1 (inf inf inf)

# 3.141593 -2.356194 4.800000
# best = 3 = RSR
LSL 12.58 0 (3.194727 5.514890 3.873857)
LSR 11.18 0 (4.004625 3.958027 3.219227)
RSL 13.79 0 (3.796429 5.407628 4.581827)
RSR 9.60 0 (3.213033 4.103360 2.284754)
RLR inf 1 (inf inf inf)
LRL inf 1 (inf inf inf)

# 3.141593 -2.356194 5.200000
# best = 3 = RSR
LSL 12.98 0 (3.191135 5.914364 3.877449)
LSR 11.45 0 (3.933879 4.370388 3.148480)
RSL 14.11 0 (3.754212 5.814476 4.539611)
RSR 10.00 0 (3.206691 4.502430 2.291096)
RLR inf 1 (inf inf inf)
LRL inf 1 (inf inf inf)

# 3.141593 -2.356194 5.600000
# best = 3 = RSR
LSL 13.38 0 (3.187998 6.313904 3.880586)
LSR 11.74 0 (3.873510 4.780650 3.088111)
RSL 14.44 0 (3.717006 6.220435 4.502404)
RSR 10.40 0 (3.201383 4.901652 2.296404)
RLR inf 1 (inf inf inf)
LRL inf 1 (inf inf inf)

# 3.141593 -2.356194 6.000000
# best = 3 = RSR
LSL 13.78 0 (3.185234 6.713499 3.883350)
LSR 12.05 0 (3.821451 5.189309 3.036052)
RSL 14.78 0 (3.683982 6.625670 4.469380)
RSR 10.80 0 (3.196874 5.300991 2.300913)
RLR inf 1 (inf inf inf)
LRL inf 1 (inf inf inf)

# 3.141593 -2.356194 6.400000
# best = 3 = RSR
LSL 14.18 0 (3.182780 7.113139 3.885803)
LSR 12.36 0 (3.776136 5.596717 2.990738)
RSL 15.12 0 (3.654485 7.030305 4.439883)
RSR 11.20 0 (3.192997 5.700423 2.304790)
RLR inf 1 (inf inf inf)
LRL inf 1 (inf inf inf)

# 3.141593 -2.356194 6.800000
# best = 3 = RSR
LSL 14.58 0 (3.180588 7.512818 3.887996)
LSR 12.69 0 (3.736362 6.003128 2.950964)
RSL 15.48 0 (3.627986 7.434438 4.413384)
RSR 11.60 0 (3.189627 6.099929 2.308160)
RLR inf 1 (inf inf inf)
LRL inf 1 (inf inf inf)

# 3.141593 -2.356194 7.200000
# best = 3 = RSR
LSL 14.98 0 (3.178617 7.912530 3.889966)
LSR 13.03 0 (3.701190 6.408734 2.915791)
RSL 15.83 0 (3.604056 7.838148 4.389454)
RSR 12.00 0 (3.186672 6.499496 2.311115)
RLR inf 1 (inf inf inf)
LRL inf 1 (inf inf inf)

# 3.141593 -2.356194 7.600000
# best = 3 = RSR
LSL 15.38 0 (3.176836 8.312269 3.891748)
LSR 13.37 0 (3.669877 6.813676 2.884479)
RSL 16.19 0 (3.582343 8.241495 4.367741)
RSR 12.40 0 (3.184060 6.899113 2.313727)
RLR inf 1 (inf inf inf)
LRL inf 1 (inf inf inf)

# 3.141593 -2.356194 8.000000
# best = 3 = RSR
LSL 15.78 0 (3.175218 8.712032 3.893366)
LSR 13.72 0 (3.641832 7.218067 2.856433)
RSL 16.56 0 (3.562556 8.644532 4.347954)
RSR 12.80 0 (3.181733 7.298772 2.316054)
RLR inf 1 (inf inf inf)
LRL inf 1 (inf inf inf)

# -3.141593 -1.963495 0.400000
# best = 5 = LRL
LSL 8.92 0 (3.577914 1.460732 3.883369)
LSR inf 1 (inf inf inf)
RSL inf 1 (inf inf inf)
RSR 12.20 0 (5.416093 0.809648 5.972180)
RLR 10.57 0 (2.070680 5.875545 2.626767)
LRL 5.97 0 (0.062492 5.535526 0.367947)

# -3.141593 -1.963495 0.800000
# best = 3 = RSR
LSL 9.29 0 (3.485463 1.831077 3.975820)
LSR inf 1 (inf inf inf)
RSL 12.02 0 (4.949040 0.939985 6.127138)
RSR 5.73 0 (4.910433 0.629624 0.194654)
RLR 10.76 0 (1.610777 5.967059 3.178184)
LRL 11.84 0 (6.151571 5.332216 0.358743)

# -3.141593 -1.963495 1.200000
# best = 3 = RSR
LSL 9.67 0 (3.424455 2.211775 4.036829)
LSR inf 1 (inf inf inf)
RSL 11.99 0 (4.628143 1.556495 5.806241)
RSR 5.78 0 (4.291790 0.676256 0.813297)
RLR 10.71 0 (0.980318 5.943425 3.785010)
LRL 11.40 0 (5.980154 5.111399 0.309343)

# -3.141593 -1.963495 1.600000
# best = 3 = RSR
LSL 10.06 0 (3.381474 2.598278 4.079809)
LSR inf 1 (inf inf inf)
RSL 12.07 0 (4.411159 2.069246 5.589257)
RSR 6.02 0 (3.881559 0.915543 1.223528)
RLR 10.46 0 (0.509034 5.821320 4.134188)
LRL 10.92 0 (5.816048 4.869149 0.231199)

# -3.141593 -1.963495 2.000000
# best = 3 = RSR
LSL 10.45 0 (3.349667 2.988336 4.111617)
LSR inf 1 (inf inf inf)
RSL 12.22 0 (4.249983 2.541827 5.428081)
RSR 6.35 0 (3.662412 1.240610 1.442675)
RLR 10.13 0 (0.205466 5.652478 4.268914)
LRL 10.37 0 (5.647595 4.595856 0.126359)

# -3.141593 -1.963495 2.400000
# best = 3 = RSR
LSL 10.84 0 (3.325223 3.380719 4.136061)
LSR 9.75 0 (5.315619 0.301238 4.137521)
RSL 12.42 0 (4.124834 2.993324 5.302932)
RSR 6.71 0 (3.537691 1.600003 1.567396)
RLR 16.03 0 (6.267766 5.460150 4.297471)
LRL 16.00 0 (5.459914 4.269383 6.270752)

# -3.141593 -1.963495 2.800000
# best = 3 = RSR
LSL 11.24 0 (3.305872 3.774700 4.155412)
LSR 9.64 0 (4.808376 1.196512 3.630278)
RSL 12.66 0 (4.024748 3.432068 5.202846)
RSR 7.08 0 (3.459473 1.975071 1.645614)
RLR 15.61 0 (6.084649 5.250351 4.270790)
LRL 15.09 0 (5.213897 3.816051 6.063437)

# -3.141593 -1.963495 3.200000
# best = 3 = RSR
LSL 11.63 0 (3.290183 4.169828 4.171100)
LSR 9.65 0 (4.537037 1.758561 3.358939)
RSL 12.93 0 (3.942895 3.862408 5.120993)
RSR 7.46 0 (3.406436 2.358347 1.698651)
RLR 15.15 0 (5.917481 5.022091 4.209697)
LRL inf 1 (inf inf inf)

# -3.141593 -1.963495 3.600000
# best = 3 = RSR
LSL 12.03 0 (3.277213 4.565805 4.184071)
LSR 9.76 0 (4.344598 2.252429 3.166500)
RSL 13.21 0 (3.874740 4.286875 5.052838)
RSR 7.85 0 (3.368303 2.746397 1.736785)
RLR 14.64 0 (5.753094 4.769583 4.121576)
LRL inf 1 (inf inf inf)

# -3.141593 -1.963495 4.000000
# best = 3 = RSR
LSL 12.42 0 (3.266314 4.962426 4.194969)
LSR 9.94 0 (4.198823 2.715572 3.020725)
RSL 13.52 0 (3.817134 4.707059 4.995232)
RSR 8.24 0 (3.339642 3.137450 1.765445)
RLR 14.06 0 (5.579567 4.479850 4.005370)
LRL inf 1 (inf inf inf)

# -3.141593 -1.963495 4.400000
# best = 3 = RSR
LSL 12.82 0 (3.257030 5.359550 4.204253)
LSR 10.15 0 (4.084223 3.161523 2.906125)
RSL 13.84 0 (3.767825 5.124012 4.945923)
RSR 8.64 0 (3.317348 3.530508 1.787739)
RLR 13.35 0 (5.377519 4.120341 3.847910)
LRL inf 1 (inf inf inf)

# -3.141593 -1.963495 4.800000
# best = 3 = RSR
LSL 13.22 0 (3.249027 5.757072 4.212256)
LSR 10.40 0 (3.991730 3.596682 2.813632)
RSL 14.17 0 (3.725154 5.538466 4.903252)
RSR 9.03 0 (3.299527 3.924970 1.805560)
RLR 12.16 0 (5.064316 3.529578 3.570349)
LRL inf 1 (inf inf inf)

# -3.141593 -1.963495 5.200000
# best = 3 = RSR
LSL 13.62 0 (3.242058 6.154916 4.219225)
LSR 10.68 0 (3.915536 4.024552 2.737438)
RSL 14.50 0 (3.687876 5.950942 4.865974)
RSR 9.43 0 (3.284966 4.320449 1.820122)
RLR inf 1 (inf inf inf)
LRL inf 1 (inf inf inf)

# -3.141593 -1.963495 5.600000
# best = 3 = RSR
LSL 14.01 0 (3.235936 6.553022 4.225347)
LSR 10.97 0 (3.851710 4.447237 2.673612)
RSL 14.85 0 (3.655036 6.361825 4.833134)
RSR 9.82 0 (3.272848 4.716691 1.832239)
RLR inf 1 (inf inf inf)
LRL inf 1 (inf inf inf)

# -3.141593 -1.963495 6.000000
# best = 3 = RSR
LSL 14.41 0 (3.230516 6.951345 4.230768)
LSR 11.28 0 (3.797490 4.866088 2.619392)
RSL 15.20 0 (3.625891 6.771404 4.803989)
RSR 10.22 0 (3.262610 5.113519 1.842477)
RLR inf 1 (inf inf inf)
LRL inf 1 (inf inf inf)

# -3.141593 -1.963495 6.400000
# best = 3 = RSR
LSL 14.81 0 (3.225682 7.349850 4.235601)
LSR 11.61 0 (3.750878 5.282018 2.572780)
RSL 15.56 0 (3.599856 7.179904 4.777954)
RSR 10.62 0 (3.253847 5.510805 1.851240)
RLR inf 1 (inf inf inf)
LRL inf 1 (inf inf inf)

# -3.141593 -1.963495 6.800000
# best = 3 = RSR
LSL 15.21 0 (3.221347 7.748510 4.239937)
LSR 11.94 0 (3.710388 5.695666 2.532290)
RSL 15.92 0 (3.576459 7.587498 4.754557)
RSR 11.01 0 (3.246264 5.908457 1.858824)
RLR inf 1 (inf inf inf)
LRL inf 1 (inf inf inf)

# -3.141593 -1.963495 7.200000
# best = 3 = RSR
LSL 15.61 0 (3.217435 8.147301 4.243848)
LSR 12.28 0 (3.674899 6.107496 2.496801)
RSL 16.28 0 (3.555322 7.994325 4.733420)
RSR 11.41 0 (3.239637 6.306406 1.865451)
RLR inf 1 (inf inf inf)
LRL inf 1 (inf inf inf)

# -3.141593 -1.963495 7.600000
# best = 3 = RSR
LSL 16.01 0 (3.213889 8.546204 4.247394)
LSR 12.63 0 (3.643543 6.517852 2.465445)
RSL 16.65 0 (3.536134 8.400496 4.714232)
RSR 11.81 0 (3.233797 6.704600 1.871291)
RLR inf 1 (inf inf inf)
LRL inf 1 (inf inf inf)

# -3.141593 -1.963495 8.000000
# best = 3 = RSR
LSL 16.41 0 (3.210659 8.945206 4.250624)
LSR 12.98 0 (3.615644 6.926998 2.437546)
RSL 17.02 0 (3.518639 8.806102 4.696737)
RSR 12.21 0 (3.228611 7.102996 1.876476)
RLR inf 1 (inf inf inf)
LRL inf 1 (inf inf inf)

# -2.748894 -1.963495 0.400000
# best = 3 = RSR
LSL 8.15 0 (3.270735 1.085700 3.797849)
LSR inf 1 (inf inf inf)
RSL 12.34 0 (5.383589 0.787059 6.168988)
RSR 6.06 0 (5.360296 0.559312 0.137490)
RLR 11.22 0 (2.078415 6.002610 3.138795)
LRL 12.25 0 (6.137454 5.733439 0.381383)

# -2.748894 -1.963495 0.800000
# best = 3 = RSR
LSL 8.51 0 (3.132429 1.446272 3.936155)
LSR inf 1 (inf inf inf)
RSL 12.31 0 (5.028214 1.464484 5.813613)
RSR 6.10 0 (4.659027 0.599894 0.838759)
RLR 11.18 0 (1.366893 5.982102 3.829811)
LRL 11.87 0 (5.904073 5.543287 0.424613)

# -2.748894 -1.963495 1.200000
# best = 3 = RSR
LSL 8.89 0 (3.050247 1.823365 4.018338)
LSR inf 1 (inf inf inf)
RSL 12.38 0 (4.800826 1.997489 5.586225)
RSR 6.35 0 (4.221996 0.852593 1.275790)
RLR 10.92 0 (0.865607 5.853593 4.202587)
LRL 11.46 0 (5.718522 5.336551 0.403428)

# -2.748894 -1.963495 1.600000
# best = 3 = RSR
LSL 9.28 0 (2.996463 2.208533 4.072121)
LSR inf 1 (inf inf inf)
RSL 12.54 0 (4.635219 2.480970 5.420618)
RSR 6.69 0 (4.006811 1.189100 1.490975)
RLR 10.57 0 (0.563381 5.679511 4.330731)
LRL 11.01 0 (5.553135 5.113344 0.345608)

# -2.748894 -1.963495 2.000000
# best = 3 = RSR
LSL 9.67 0 (2.958728 2.598187 4.109856)
LSR inf 1 (inf inf inf)
RSL 12.74 0 (4.508050 2.939466 5.293449)
RSR 7.05 0 (3.889539 1.555957 1.608247)
RLR 10.18 0 (0.348412 5.484117 4.350306)
LRL 10.52 0 (5.393333 4.869209 0.261275)

# -2.748894 -1.963495 2.400000
# best = 3 = RSR
LSL 10.06 0 (2.930864 2.990574 4.137720)
LSR inf 1 (inf inf inf)
RSL 12.98 0 (4.407089 3.383151 5.192488)
RSR 7.43 0 (3.817612 1.935986 1.680174)
RLR 9.76 0 (0.170803 5.272753 4.316551)
LRL 9.97 0 (5.227950 4.594172 0.151621)

# -2.748894 -1.963495 2.800000
# best = 3 = RSR
LSL 10.45 0 (2.909476 3.384744 4.159108)
LSR inf 1 (inf inf inf)
RSL 13.25 0 (4.324948 3.817193 5.110347)
RSR 7.82 0 (3.769453 2.322733 1.728334)
RLR 9.30 0 (0.008293 5.044050 4.250359)
LRL 9.32 0 (5.042282 4.265612 0.008729)

# -2.748894 -1.963495 3.200000
# best = 3 = RSR
LSL 10.85 0 (2.892556 3.780138 4.176028)
LSR 9.17 0 (4.406863 1.136755 3.621464)
RSL 13.54 0 (4.256816 4.244551 5.042215)
RSR 8.21 0 (3.735097 2.713324 1.762689)
RLR 15.08 0 (6.131201 4.792208 4.158793)
LRL 14.68 0 (4.796448 3.807785 6.079920)

# -2.748894 -1.963495 3.600000
# best = 3 = RSR
LSL 11.24 0 (2.878844 4.176410 4.189741)
LSR 9.19 0 (4.126544 1.722487 3.341145)
RSL 13.85 0 (4.199402 4.667062 4.984801)
RSR 8.60 0 (3.709410 3.106312 1.788376)
RLR 14.51 0 (5.961787 4.504754 4.040753)
LRL inf 1 (inf inf inf)

# -2.748894 -1.963495 4.000000
# best = 3 = RSR
LSL 11.64 0 (2.867509 4.573331 4.201075)
LSR 9.31 0 (3.932182 2.227490 3.146783)
RSL 14.17 0 (4.150372 5.085933 4.935771)
RSR 9.00 0 (3.689502 3.500888 1.808284)
RLR 13.80 0 (5.765200 4.151397 3.883982)
LRL inf 1 (inf inf inf)

# -2.748894 -1.963495 4.400000
# best = 3 = RSR
LSL 12.04 0 (2.857987 4.970746 4.210598)
LSR 9.49 0 (3.786525 2.697492 3.001126)
RSL 14.50 0 (4.108024 5.501996 4.893423)
RSR 9.39 0 (3.673632 3.896570 1.824154)
RLR 12.69 0 (5.472331 3.597397 3.622853)
LRL inf 1 (inf inf inf)

# -2.748894 -1.963495 4.800000
# best = 1 = LSR
LSL 12.44 0 (2.849874 5.368545 4.218710)
LSR 9.71 0 (3.672751 3.148207 2.887352)
RSL 14.84 0 (4.071086 5.915844 4.856485)
RSR 9.79 0 (3.660691 4.293052 1.837095)
RLR inf 1 (inf inf inf)
LRL inf 1 (inf inf inf)

# -2.748894 -1.963495 5.200000
# best = 1 = LSR
LSL 12.84 0 (2.842882 5.766648 4.225703)
LSR 9.96 0 (3.581312 3.586915 2.795913)
RSL 15.19 0 (4.038588 6.327912 4.823987)
RSR 10.19 0 (3.649939 4.690132 1.847847)
RLR inf 1 (inf inf inf)
LRL inf 1 (inf inf inf)

# -2.748894 -1.963495 5.600000
# best = 1 = LSR
LSL 13.23 0 (2.836793 6.164997 4.231792)
LSR 10.24 0 (3.506205 4.017550 2.720806)
RSL 15.54 0 (4.009778 6.738525 4.795177)
RSR 10.59 0 (3.640867 5.087670 1.856919)
RLR inf 1 (inf inf inf)
LRL inf 1 (inf inf inf)

# -2.748894 -1.963495 6.000000
# best = 1 = LSR
LSL 13.63 0 (2.831443 6.563547 4.237142)
LSR 10.54 0 (3.443422 4.442461 2.658023)
RSL 15.90 0 (3.984066 7.147934 4.769465)
RSR 10.98 0 (3.633110 5.485565 1.864676)
RLR inf 1 (inf inf inf)
LRL inf 1 (inf inf inf)

# -2.748894 -1.963495 6.400000
# best = 1 = LSR
LSL 14.03 0 (2.826705 6.962263 4.241879)
LSR 10.86 0 (3.390171 4.863148 2.604772)
RSL 16.26 0 (3.960979 7.556336 4.746378)
RSR 11.38 0 (3.626403 5.883746 1.871383)
RLR inf 1 (inf inf inf)
LRL inf 1 (inf inf inf)

# -2.748894 -1.963495 6.800000
# best = 1 = LSR
LSL 14.43 0 (2.822481 7.361118 4.246103)
LSR 11.18 0 (3.344445 5.280621 2.559046)
RSL 16.63 0 (3.940136 7.963885 4.725535)
RSR 11.78 0 (3.620546 6.282158 1.877240)
RLR inf 1 (inf inf inf)
LRL inf 1 (inf inf inf)

# -2.748894 -1.963495 7.200000
# best = 1 = LSR
LSL 14.83 0 (2.818692 7.760091 4.249893)
LSR 11.52 0 (3.304761 5.695587 2.519362)
RSL 17.00 0 (3.921227 8.370706 4.706626)
RSR 12.18 0 (3.615388 6.680760 1.882398)
RLR inf 1 (inf inf inf)
LRL inf 1 (inf inf inf)

# -2.748894 -1.963495 7.600000
# best = 1 = LSR
LSL 15.23 0 (2.815273 8.159165 4.253312)
LSR 11.86 0 (3.270003 6.108556 2.484604)
RSL 17.37 0 (3.903994 8.776900 4.689393)
RSR 12.58 0 (3.610811 7.079520 1.886975)
RLR inf 1 (inf inf inf)
LRL inf 1 (inf inf inf)

# -2.748894 -1.963495 8.000000
# best = 1 = LSR
LSL 15.63 0 (2.812172 8.558325 4.256412)
LSR 12.21 0 (3.239311 6.519909 2.453912)
RSL 17.74 0 (3.888226 9.182550 4.673625)
RSR 12.98 0 (3.606722 7.478412 1.891064)
RLR inf 1 (inf inf inf)
LRL inf 1 (inf inf inf)

# -2.356194 -1.963495 0.400000
# best = 3 = RSR
LSL 7.37 0 (2.840426 0.696892 3.835458)
LSR inf 1 (inf inf inf)
RSL 12.48 0 (5.470066 1.145665 5.862765)
RSR 6.26 0 (4.983669 0.372589 0.906818)
RLR 11.80 0 (1.748794 6.096620 3.955128)
LRL 12.26 0 (5.806902 5.932952 0.518749)

# -2.356194 -1.963495 0.800000
# best = 3 = RSR
LSL 7.74 0 (2.665055 1.067275 4.010830)
LSR inf 1 (inf inf inf)
RSL 12.55 0 (5.197586 1.759926 5.590285)
RSR 6.56 0 (4.434624 0.667387 1.455862)
RLR 11.50 0 (1.125401 5.947924 4.429824)
LRL 11.88 0 (5.536557 5.743004 0.599146)

# -2.356194 -1.963495 1.200000
# best = 3 = RSR
LSL 8.13 0 (2.581301 1.453442 4.094584)
LSR inf 1 (inf inf inf)
RSL 12.70 0 (5.014350 2.280817 5.407049)
RSR 6.93 0 (4.245701 1.035368 1.644786)
RLR 11.13 0 (0.842285 5.759539 4.524555)
LRL 11.47 0 (5.351021 5.539440 0.581118)

# -2.356194 -1.963495 1.600000
# best = 3 = RSR
LSL 8.52 0 (2.532903 1.845512 4.142982)
LSR inf 1 (inf inf inf)
RSL 12.91 0 (4.879082 2.761687 5.271781)
RSR 7.31 0 (4.157368 1.420763 1.733118)
RLR 10.72 0 (0.652657 5.556949 4.511593)
LRL 11.04 0 (5.194948 5.324090 0.521841)

# -2.356194 -1.963495 2.000000
# best = 3 = RSR
LSL 8.92 0 (2.501512 2.240386 4.174373)
LSR inf 1 (inf inf inf)
RSL 13.16 0 (4.774304 3.220513 5.167003)
RSR 7.70 0 (4.106953 1.812498 1.783533)
RLR 10.29 0 (0.495094 5.342651 4.454858)
LRL 10.58 0 (5.048602 5.094181 0.438277)

# -2.356194 -1.963495 2.400000
# best = 3 = RSR
LSL 9.31 0 (2.479543 2.636807 4.196341)
LSR inf 1 (inf inf inf)
RSL 13.44 0 (4.690503 3.665583 5.083202)
RSR 8.10 0 (4.074510 2.207200 1.815976)
RLR 9.84 0 (0.348396 5.114143 4.373048)
LRL 10.08 0 (4.901379 4.843672 0.334992)

# -2.356194 -1.963495 2.800000
# best = 3 = RSR
LSL 9.71 0 (2.463322 3.034167 4.212562)
LSR inf 1 (inf inf inf)
RSL 13.74 0 (4.621864 4.101376 5.014563)
RSR 8.49 0 (4.051926 2.603520 1.838561)
RLR 9.34 0 (0.201590 4.865700 4.271410)
LRL 9.51 0 (4.743843 4.561041 0.209897)

# -2.356194 -1.963495 3.200000
# best = 4 = RLR
LSL 10.11 0 (2.450860 3.432140 4.225024)
LSR inf 1 (inf inf inf)
RSL 14.05 0 (4.564578 4.530571 4.957277)
RSR 8.89 0 (4.035315 3.000816 1.855172)
RLR 8.78 0 (0.045352 4.586444 4.148394)
LRL 8.83 0 (4.561022 4.220323 0.052000)

# -2.356194 -1.963495 3.600000
# best = 1 = LSR
LSL 10.51 0 (2.440990 3.830536 4.234895)
LSR 8.55 0 (3.956199 1.031821 3.563500)
RSL 14.38 0 (4.516029 4.954883 4.908728)
RSR 9.29 0 (4.022591 3.398747 1.867896)
RLR 14.40 0 (6.148793 4.252404 3.994098)
LRL 14.13 0 (4.303911 3.725844 6.097817)

# -2.356194 -1.963495 4.000000
# best = 1 = LSR
LSL 10.91 0 (2.432979 4.229234 4.242905)
LSR 8.60 0 (3.661458 1.673280 3.268759)
RSL 14.72 0 (4.474353 5.375468 4.867052)
RSR 9.69 0 (4.012535 3.797112 1.877951)
RLR 13.45 0 (5.903196 3.781322 3.768612)
LRL inf 1 (inf inf inf)

# -2.356194 -1.963495 4.400000
# best = 1 = LSR
LSL 11.30 0 (2.426349 4.628157 4.249535)
LSR 8.75 0 (3.468183 2.203424 3.075484)
RSL 15.06 0 (4.438185 5.793138 4.830884)
RSR 10.09 0 (4.004390 4.195789 1.886097)
RLR inf 1 (inf inf inf)
LRL inf 1 (inf inf inf)

# -2.356194 -1.963495 4.800000
# best = 1 = LSR
LSL 11.70 0 (2.420772 5.027251 4.255112)
LSR 8.95 0 (3.326932 2.688919 2.934233)
RSL 15.41 0 (4.406499 6.208481 4.799198)
RSR 10.49 0 (3.997658 4.594695 1.892828)
RLR inf 1 (inf inf inf)
LRL inf 1 (inf inf inf)

# -2.356194 -1.963495 5.200000
# best = 1 = LSR
LSL 12.10 0 (2.416015 5.426479 4.259869)
LSR 9.19 0 (3.218183 3.150476 2.825484)
RSL 15.77 0 (4.378509 6.621935 4.771208)
RSR 10.88 0 (3.992003 4.993777 1.898484)
RLR inf 1 (inf inf inf)
LRL inf 1 (inf inf inf)

# -2.356194 -1.963495 5.600000
# best = 1 = LSR
LSL 12.50 0 (2.411910 5.825813 4.263974)
LSR 9.47 0 (3.131579 3.597319 2.738880)
RSL 16.13 0 (4.353605 7.033833 4.746304)
RSR 11.28 0 (3.987184 5.392994 1.903302)
RLR inf 1 (inf inf inf)
LRL inf 1 (inf inf inf)

# -2.356194 -1.963495 6.000000
# best = 1 = LSR
LSL 12.90 0 (2.408332 6.225232 4.267552)
LSR 9.76 0 (3.060879 4.034342 2.668180)
RSL 16.50 0 (4.331303 7.444434 4.724002)
RSR 11.68 0 (3.983030 5.792320 1.907456)
RLR inf 1 (inf inf inf)
LRL inf 1 (inf inf inf)

# -2.356194 -1.963495 6.400000
# best = 1 = LSR
LSL 13.30 0 (2.405185 6.624721 4.270699)
LSR 10.08 0 (3.002029 4.464429 2.609330)
RSL 16.87 0 (4.311215 7.853941 4.703914)
RSR 12.08 0 (3.979412 6.191733 1.911075)
RLR inf 1 (inf inf inf)
LRL inf 1 (inf inf inf)

# -2.356194 -1.963495 6.800000
# best = 1 = LSR
LSL 13.70 0 (2.402397 7.024268 4.273488)
LSR 10.40 0 (2.952264 4.889411 2.559565)
RSL 17.24 0 (4.293028 8.262517 4.685727)
RSR 12.48 0 (3.976232 6.591216 1.914255)
RLR inf 1 (inf inf inf)
LRL inf 1 (inf inf inf)

# -2.356194 -1.963495 7.200000
# best = 1 = LSR
LSL 14.10 0 (2.399908 7.423865 4.275976)
LSR 10.74 0 (2.909623 5.310513 2.516924)
RSL 17.62 0 (4.276483 8.670292 4.669182)
RSR 12.88 0 (3.973415 6.990759 1.917071)
RLR inf 1 (inf inf inf)
LRL inf 1 (inf inf inf)

# -2.356194 -1.963495 7.600000
# best = 1 = LSR
LSL 14.50 0 (2.397674 7.823502 4.278211)
LSR 11.08 0 (2.872675 5.728591 2.479976)
RSL 17.99 0 (4.261368 9.077376 4.654067)
RSR 13.28 0 (3.970904 7.390352 1.919583)
RLR inf 1 (inf inf inf)
LRL inf 1 (inf inf inf)

# -2.356194 -1.963495 8.000000
# best = 1 = LSR
LSL 14.90 0 (2.395657 8.223175 4.280228)
LSR 11.43 0 (2.840351 6.144263 2.447652)
RSL 18.37 0 (4.247506 9.483857 4.640205)
RSR 13.68 0 (3.968650 7.789986 1.921837)
RLR inf 1 (inf inf inf)
LRL inf 1 (inf inf inf)

# -1.963495 -1.963495 0.400000
# best = 0 = LSL
LSL 6.68 0 (1.963495 0.400000 4.319690)
LSR inf 1 (inf inf inf)
RSL 12.58 0 (5.649388 1.279925 5.649388)
RSR 6.68 0 (4.319690 0.400000 1.963495)
RLR 12.17 0 (1.077930 6.082850 5.004920)
LRL 12.17 0 (5.004920 6.082850 1.077930)

# -1.963495 -1.963495 0.800000
# best = 0 = LSL
LSL 7.08 0 (1.963495 0.800000 4.319690)
LSR inf 1 (inf inf inf)
RSL 12.72 0 (5.413057 1.896422 5.413057)
RSR 7.08 0 (4.319690 0.800000 1.963495)
RLR 11.76 0 (0.976740 5.880469 4.903730)
LRL 11.76 0 (4.903730 5.880469 0.976740)

# -1.963495 -1.963495 1.200000
# best = 0 = LSL
LSL 7.48 0 (1.963495 1.200000 4.319690)
LSR inf 1 (inf inf inf)
RSL 12.94 0 (5.255624 2.423762 5.255624)
RSR 7.48 0 (4.319690 1.200000 1.963495)
RLR 11.35 0 (0.873405 5.673800 4.800395)
LRL 11.35 0 (4.800395 5.673800 0.873405)

# -1.963495 -1.963495 1.600000
# best = 0 = LSL
LSL 7.88 0 (1.963495 1.600000 4.319690)
LSR inf 1 (inf inf inf)
RSL 13.19 0 (5.140149 2.910813 5.140149)
RSR 7.88 0 (4.319690 1.600000 1.963495)
RLR 10.92 0 (0.766581 5.460152 4.693571)
LRL 10.92 0 (4.693571 5.460152 0.766581)

# -1.963495 -1.963495 2.000000
# best = 0 = LSL
LSL 8.28 0 (1.963495 2.000000 4.319690)
LSR inf 1 (inf inf inf)
RSL 13.48 0 (5.050987 3.375061 5.050987)
RSR 8.28 0 (4.319690 2.000000 1.963495)
RLR 10.47 0 (0.654499 5.235988 4.581489)
LRL 10.47 0 (4.581489 5.235988 0.654499)

# -1.963495 -1.963495 2.400000
# best = 0 = LSL
LSL 8.68 0 (1.963495 2.400000 4.319690)
LSR inf 1 (inf inf inf)
RSL 13.78 0 (4.979758 3.824820 4.979758)
RSR 8.68 0 (4.319690 2.400000 1.963495)
RLR 9.99 0 (0.534597 4.996183 4.461587)
LRL 9.99 0 (4.461587 4.996183 0.534597)

# -1.963495 -1.963495 2.800000
# best = 0 = LSL
LSL 9.08 0 (1.963495 2.800000 4.319690)
LSR inf 1 (inf inf inf)
RSL 14.11 0 (4.921416 4.264675 4.921416)
RSR 9.08 0 (4.319690 2.800000 1.963495)
RLR 9.46 0 (0.402700 4.732390 4.329690)
LRL 9.46 0 (4.329690 4.732390 0.402700)

# -1.963495 -1.963495 3.200000
# best = 4 = RLR
LSL 9.48 0 (1.963495 3.200000 4.319690)
LSR inf 1 (inf inf inf)
RSL 14.44 0 (4.872689 4.697410 4.872689)
RSR 9.48 0 (4.319690 3.200000 1.963495)
RLR 8.86 0 (0.250802 4.428595 4.177792)
LRL 8.86 0 (4.177792 4.428595 0.250802)

# -1.963495 -1.963495 3.600000
# best = 4 = RLR
LSL 9.88 0 (1.963495 3.600000 4.319690)
LSR inf 1 (inf inf inf)
RSL 14.79 0 (4.831348 5.124829 4.831348)
RSR 9.88 0 (4.319690 3.600000 1.963495)
RLR 8.09 0 (0.058328 4.043646 3.985318)
LRL 8.09 0 (3.985318 4.043646 0.058328)

# -1.963495 -1.963495 4.000000
# best = 1 = LSR
LSL 10.28 0 (1.963495 4.000000 4.319690)
LSR 7.85 0 (3.371736 1.103596 3.371736)
RSL 15.14 0 (4.795813 5.548160 4.795813)
RSR 10.28 0 (4.319690 4.000000 1.963495)
RLR 12.57 0 (5.890487 3.141593 3.534291)
LRL 12.57 0 (3.534291 3.141593 5.890487)

# -1.963495 -1.963495 4.400000
# best = 1 = LSR
LSL 10.68 0 (1.963495 4.400000 4.319690)
LSR 7.97 0 (3.103814 1.760601 3.103814)
RSL 15.50 0 (4.764930 5.968273 4.764930)
RSR 10.68 0 (4.319690 4.400000 1.963495)
RLR inf 1 (inf inf inf)
LRL inf 1 (inf inf inf)

# -1.963495 -1.963495 4.800000
# best = 1 = LSR
LSL 11.08 0 (1.963495 4.800000 4.319690)
LSR 8.17 0 (2.932365 2.302501 2.932365)
RSL 15.86 0 (4.737835 6.385804 4.737835)
RSR 11.08 0 (4.319690 4.800000 1.963495)
RLR inf 1 (inf inf inf)
LRL inf 1 (inf inf inf)

# -1.963495 -1.963495 5.200000
# best = 1 = LSR
LSL 11.48 0 (1.963495 5.200000 4.319690)
LSR 8.41 0 (2.808716 2.797017 2.808716)
RSL 16.23 0 (4.713866 6.801228 4.713866)
RSR 11.48 0 (4.319690 5.200000 1.963495)
RLR inf 1 (inf inf inf)
LRL inf 1 (inf inf inf)

# -1.963495 -1.963495 5.600000
# best = 1 = LSR
LSL 11.88 0 (1.963495 5.600000 4.319690)
LSR 8.69 0 (2.714211 3.265746 2.714211)
RSL 16.60 0 (4.692509 7.214909 4.692509)
RSR 11.88 0 (4.319690 5.600000 1.963495)
RLR inf 1 (inf inf inf)
LRL inf 1 (inf inf inf)

# -1.963495 -1.963495 6.000000
# best = 1 = LSR
LSL 12.28 0 (1.963495 6.000000 4.319690)
LSR 9.00 0 (2.639249 3.718452 2.639249)
RSL 16.97 0 (4.673358 7.627130 4.673358)
RSR 12.28 0 (4.319690 6.000000 1.963495)
RLR inf 1 (inf inf inf)
LRL inf 1 (inf inf inf)

# -1.963495 -1.963495 6.400000
# best = 1 = LSR
LSL 12.68 0 (1.963495 6.400000 4.319690)
LSR 9.32 0 (2.578177 4.160370 2.578177)
RSL 17.35 0 (4.656085 8.038117 4.656085)
RSR 12.68 0 (4.319690 6.400000 1.963495)
RLR inf 1 (inf inf inf)
LRL inf 1 (inf inf inf)

# -1.963495 -1.963495 6.800000
# best = 1 = LSR
LSL 13.08 0 (1.963495 6.800000 4.319690)
LSR 9.65 0 (2.527387 4.594613 2.527387)
RSL 17.73 0 (4.640426 8.448049 4.640426)
RSR 13.08 0 (4.319690 6.800000 1.963495)
RLR inf 1 (inf inf inf)
LRL inf 1 (inf inf inf)

# -1.963495 -1.963495 7.200000
# best = 1 = LSR
LSL 13.48 0 (1.963495 7.200000 4.319690)
LSR 9.99 0 (2.484446 5.023173 2.484446)
RSL 18.11 0 (4.626165 8.857073 4.626165)
RSR 13.48 0 (4.319690 7.200000 1.963495)
RLR inf 1 (inf inf inf)
LRL inf 1 (inf inf inf)

# -1.963495 -1.963495 7.600000
# best = 1 = LSR
LSL 13.88 0 (1.963495 7.600000 4.319690)
LSR 10.34 0 (2.447643 5.447390 2.447643)
RSL 18.49 0 (4.613121 9.265309 4.613121)
RSR 13.88 0 (4.319690 7.600000 1.963495)
RLR inf 1 (inf inf inf)
LRL inf 1 (inf inf inf)

# -1.963495 -1.963495 8.000000
# best = 1 = LSR
LSL 14.28 0 (1.963495 8.000000 4.319690)
LSR 10.70 0 (2.415737 5.868207 2.415737)
RSL 18.88 0 (4.601145 9.672856 4.601145)
RSR 14.28 0 (4.319690 8.000000 1.963495)
RLR inf 1 (inf inf inf)
LRL inf 1 (inf inf inf)

# -1.570796 -1.963495 0.400000
# best = 0 = LSL
LSL 6.39 0 (0.702364 0.501343 5.188122)
LSR inf 1 (inf inf inf)
RSL 12.63 0 (5.890053 1.243729 5.497354)
RSR 7.29 0 (4.035364 0.610850 2.640520)
RLR 12.35 0 (0.740459 5.976561 5.628801)
LRL 11.67 0 (3.718291 6.031853 1.920863)

# -1.570796 -1.963495 0.800000
# best = 0 = LSL
LSL 6.71 0 (1.084487 0.818809 4.805999)
LSR inf 1 (inf inf inf)
RSL 12.83 0 (5.666065 1.888377 5.273366)
RSR 7.63 0 (4.300572 0.956051 2.375312)
RLR 11.99 0 (0.917631 5.800487 5.275556)
LRL 11.35 0 (4.019920 5.870866 1.458247)

# -1.570796 -1.963495 1.200000
# best = 0 = LSL
LSL 7.08 0 (1.242608 1.187246 4.647879)
LSR inf 1 (inf inf inf)
RSL 13.08 0 (5.522913 2.430035 5.130214)
RSR 8.01 0 (4.421042 1.332265 2.254842)
RLR 11.60 0 (0.939896 5.604078 5.056881)
LRL 10.97 0 (4.082848 5.680482 1.204934)

# -1.570796 -1.963495 1.600000
# best = 0 = LSL
LSL 7.46 0 (1.324759 1.571196 4.565727)
LSR inf 1 (inf inf inf)
RSL 13.37 0 (5.420073 2.926461 5.027374)
RSR 8.40 0 (4.487922 1.719252 2.187962)
RLR 11.18 0 (0.902044 5.394614 4.885270)
LRL 10.56 0 (4.062679 5.475839 1.020461)

# -1.570796 -1.963495 2.000000
# best = 0 = LSL
LSL 7.85 0 (1.374447 1.961571 4.516040)
LSR inf 1 (inf inf inf)
RSL 13.69 0 (5.341649 3.397540 4.948950)
RSR 8.79 0 (4.530109 2.111095 2.145775)
RLR 10.74 0 (0.832539 5.171230 4.731390)
LRL 10.12 0 (4.003499 5.258105 0.861907)

# -1.570796 -1.963495 2.400000
# best = 0 = LSL
LSL 8.25 0 (1.407586 2.355178 4.482900)
LSR inf 1 (inf inf inf)
RSL 14.02 0 (5.279500 3.852581 4.886801)
RSR 9.18 0 (4.559053 2.505518 2.116831)
RLR 10.25 0 (0.740560 4.929386 4.581524)
LRL 9.66 0 (3.919612 5.024052 0.711741)

# -1.570796 -1.963495 2.800000
# best = 0 = LSL
LSL 8.64 0 (1.431218 2.750630 4.459269)
LSR inf 1 (inf inf inf)
RSL 14.36 0 (5.228871 4.296683 4.836172)
RSR 9.58 0 (4.580111 2.901468 2.095773)
RLR 9.71 0 (0.626951 4.660051 4.425799)
LRL 9.14 0 (3.814552 4.766670 0.559418)

# -1.570796 -1.963495 3.200000
# best = 5 = LRL
LSL 9.04 0 (1.448901 3.147232 4.441586)
LSR inf 1 (inf inf inf)
RSL 14.71 0 (5.186749 4.732926 4.794050)
RSR 9.97 0 (4.596106 3.298395 2.079778)
RLR 9.08 0 (0.485021 4.344200 4.251878)
LRL 8.55 0 (3.684873 4.471945 0.394373)

# -1.570796 -1.963495 3.600000
# best = 5 = LRL
LSL 9.44 0 (1.462623 3.544598 4.427864)
LSR inf 1 (inf inf inf)
RSL 15.07 0 (5.151110 5.163303 4.758411)
RSR 10.37 0 (4.608663 3.695985 2.067221)
RLR 8.25 0 (0.288668 3.926380 4.030411)
LRL 7.82 0 (3.515247 4.105248 0.197302)

# -1.570796 -1.963495 4.000000
# best = 1 = LSR
LSL 9.83 0 (1.473577 3.942496 4.416910)
LSR 7.06 0 (2.998012 0.675812 3.390711)
RSL 15.44 0 (5.120537 5.589168 4.727838)
RSR 10.77 0 (4.618779 4.094045 2.057105)
RLR inf 1 (inf inf inf)
LRL 12.85 0 (3.214140 3.481127 6.157473)

# -1.570796 -1.963495 4.400000
# best = 1 = LSR
LSL 10.23 0 (1.482521 4.340781 4.407965)
LSR 7.20 0 (2.648497 1.509178 3.041196)
RSL 15.81 0 (5.094007 6.011481 4.701308)
RSR 11.17 0 (4.627102 4.492449 2.048782)
RLR inf 1 (inf inf inf)
LRL inf 1 (inf inf inf)

# -1.570796 -1.963495 4.800000
# best = 1 = LSR
LSL 10.63 0 (1.489962 4.739355 4.400524)
LSR 7.42 0 (2.463605 2.102026 2.856304)
RSL 16.18 0 (5.070756 6.430941 4.678057)
RSR 11.57 0 (4.634069 4.891114 2.041816)
RLR inf 1 (inf inf inf)
LRL inf 1 (inf inf inf)

# -1.570796 -1.963495 5.200000
# best = 1 = LSR
LSL 11.03 0 (1.496248 5.138150 4.394238)
LSR 7.69 0 (2.338548 2.622863 2.731247)
RSL 16.56 0 (5.050206 6.848073 4.657507)
RSR 11.97 0 (4.639985 5.289980 2.035899)
RLR inf 1 (inf inf inf)
LRL inf 1 (inf inf inf)

# -1.570796 -1.963495 5.600000
# best = 1 = LSR
LSL 11.43 0 (1.501629 5.537120 4.388858)
LSR 7.99 0 (2.246300 3.108103 2.638999)
RSL 16.93 0 (5.031907 7.263278 4.639208)
RSR 12.36 0 (4.645071 5.689006 2.030813)
RLR inf 1 (inf inf inf)
LRL inf 1 (inf inf inf)

# -1.570796 -1.963495 6.000000
# best = 1 = LSR
LSL 11.83 0 (1.506286 5.936228 4.384201)
LSR 8.31 0 (2.174792 3.572283 2.567491)
RSL 17.32 0 (5.015504 7.676869 4.622805)
RSR 12.76 0 (4.649491 6.088159 2.026393)
RLR inf 1 (inf inf inf)
LRL inf 1 (inf inf inf)

# -1.570796 -1.963495 6.400000
# best = 1 = LSR
LSL 12.23 0 (1.510356 6.335448 4.380131)
LSR 8.65 0 (2.117471 4.022698 2.510170)
RSL 17.70 0 (5.000717 8.089093 4.608018)
RSR 13.16 0 (4.653366 6.487417 2.022518)
RLR inf 1 (inf inf inf)
LRL inf 1 (inf inf inf)

# -1.570796 -1.963495 6.800000
# best = 1 = LSR
LSL 12.63 0 (1.513943 6.734761 4.376543)
LSR 9.00 0 (2.070370 4.463518 2.463069)
RSL 18.08 0 (4.987314 8.500148 4.594615)
RSR 13.56 0 (4.656793 6.886761 2.019092)
RLR inf 1 (inf inf inf)
LRL inf 1 (inf inf inf)

# -1.570796 -1.963495 7.200000
# best = 1 = LSR
LSL 13.02 0 (1.517129 7.134151 4.373357)
LSR 9.35 0 (2.030914 4.897335 2.423613)
RSL 18.47 0 (4.975110 8.910198 4.582411)
RSR 13.96 0 (4.659843 7.286177 2.016041)
RLR inf 1 (inf inf inf)
LRL inf 1 (inf inf inf)

# -1.570796 -1.963495 7.600000
# best = 1 = LSR
LSL 13.42 0 (1.519977 7.533606 4.370509)
LSR 9.71 0 (1.997346 5.325860 2.390045)
RSL 18.85 0 (4.963949 9.319374 4.571250)
RSR 14.36 0 (4.662577 7.685653 2.013308)
RLR inf 1 (inf inf inf)
LRL inf 1 (inf inf inf)

# -1.570796 -1.963495 8.000000
# best = 1 = LSR
LSL 13.82 0 (1.522539 7.933115 4.367948)
LSR 10.08 0 (1.968416 5.750277 2.361115)
RSL 19.24 0 (4.953703 9.727787 4.561004)
RSR 14.76 0 (4.665040 8.085182 2.010844)
RLR inf 1 (inf inf inf)
LRL inf 1 (inf inf inf)

# -1.178097 -1.963495 0.400000
# best = 0 = LSL
LSL 6.36 0 (0.088885 0.863589 5.408903)
LSR inf 1 (inf inf inf)
RSL 12.64 0 (6.201940 1.025876 5.416542)
RSR 7.93 0 (4.015875 0.863589 3.052708)
RLR 12.48 0 (0.656672 5.847964 5.976690)
LRL 10.91 0 (3.012866 5.847964 2.049699)

# -1.178097 -1.963495 0.800000
# best = 0 = LSL
LSL 6.60 0 (0.414820 1.107152 5.082967)
LSR inf 1 (inf inf inf)
RSL 12.87 0 (5.961285 1.735116 5.175887)
RSR 8.18 0 (4.341811 1.107152 2.726772)
RLR 12.23 0 (0.919769 5.722285 5.587915)
LRL 10.66 0 (3.275963 5.722285 1.660925)

# -1.178097 -1.963495 1.200000
# best = 0 = LSL
LSL 6.92 0 (0.610342 1.423301 4.887445)
LSR inf 1 (inf inf inf)
RSL 13.16 0 (5.820886 2.299747 5.035488)
RSR 8.49 0 (4.537333 1.423301 2.531250)
RLR 11.90 0 (1.031944 5.555591 5.309046)
LRL 10.33 0 (3.388138 5.555591 1.382055)

# -1.178097 -1.963495 1.600000
# best = 0 = LSL
LSL 7.27 0 (0.731916 1.773637 4.765872)
LSR inf 1 (inf inf inf)
RSL 13.47 0 (5.723924 2.808388 4.938526)
RSR 8.84 0 (4.658907 1.773636 2.409677)
RLR 11.51 0 (1.057916 5.364388 5.091871)
LRL 9.94 0 (3.414110 5.364388 1.164880)

# -1.178097 -1.963495 2.000000
# best = 0 = LSL
LSL 7.64 0 (0.812607 2.141445 4.685180)
LSR inf 1 (inf inf inf)
RSL 13.81 0 (5.651685 3.287134 4.866287)
RSR 9.21 0 (4.739599 2.141445 2.328985)
RLR 11.09 0 (1.033071 5.153315 4.905642)
LRL 9.52 0 (3.389265 5.153314 0.978652)

# -1.178097 -1.963495 2.400000
# best = 0 = LSL
LSL 8.02 0 (0.869390 2.519085 4.628398)
LSR inf 1 (inf inf inf)
RSL 14.15 0 (5.595327 3.747460 4.809929)
RSR 9.59 0 (4.796381 2.519084 2.272202)
RLR 10.63 0 (0.973530 4.920668 4.732537)
LRL 9.06 0 (3.329724 4.920668 0.805546)

# -1.178097 -1.963495 2.800000
# best = 0 = LSL
LSL 8.40 0 (0.911270 2.902721 4.586517)
LSR inf 1 (inf inf inf)
RSL 14.51 0 (5.549930 4.195434 4.764532)
RSR 9.97 0 (4.838261 2.902720 2.230322)
RLR 10.10 0 (0.884646 4.659141 4.559893)
LRL 8.53 0 (3.240840 4.659140 0.632902)

# -1.178097 -1.963495 3.200000
# best = 5 = LRL
LSL 8.79 0 (0.943330 3.290256 4.554457)
LSR inf 1 (inf inf inf)
RSL 14.87 0 (5.512479 4.634638 4.727081)
RSR 10.36 0 (4.870322 3.290256 2.198262)
RLR 9.49 0 (0.762824 4.351375 4.373949)
LRL 7.92 0 (3.119018 4.351375 0.446959)

# -1.178097 -1.963495 3.600000
# best = 5 = LRL
LSL 9.18 0 (0.968614 3.680460 4.529173)
LSR inf 1 (inf inf inf)
RSL 15.24 0 (5.481003 5.067354 4.695605)
RSR 10.75 0 (4.895605 3.680460 2.172978)
RLR 8.68 0 (0.585639 3.946438 4.146197)
LRL 7.11 0 (2.941833 3.946437 0.219206)

# -1.178097 -1.963495 4.000000
# best = 1 = LSR
LSL 9.57 0 (0.989040 4.072565 4.508747)
LSR 6.32 0 (2.370512 0.795073 3.155910)
RSL 15.62 0 (5.454145 5.495115 4.668747)
RSR 11.14 0 (4.916032 4.072565 2.152552)
RLR inf 1 (inf inf inf)
LRL inf 1 (inf inf inf)

# -1.178097 -1.963495 4.400000
# best = 1 = LSR
LSL 9.96 0 (1.005873 4.466071 4.491914)
LSR 6.53 0 (2.078577 1.585539 2.863975)
RSL 16.00 0 (5.430939 5.918994 4.645541)
RSR 11.53 0 (4.932865 4.466070 2.135719)
RLR inf 1 (inf inf inf)
LRL inf 1 (inf inf inf)

# -1.178097 -1.963495 4.800000
# best = 1 = LSR
LSL 10.36 0 (1.019977 4.860637 4.477811)
LSR 6.80 0 (1.922389 2.171572 2.707787)
RSL 16.38 0 (5.410675 6.339771 4.625277)
RSR 11.93 0 (4.946968 4.860636 2.121615)
RLR inf 1 (inf inf inf)
LRL inf 1 (inf inf inf)

# -1.178097 -1.963495 5.200000
# best = 1 = LSR
LSL 10.75 0 (1.031960 5.256024 4.465827)
LSR 7.11 0 (1.817374 2.690264 2.602772)
RSL 16.76 0 (5.392820 6.758026 4.607422)
RSR 12.32 0 (4.958952 5.256024 2.109632)
RLR inf 1 (inf inf inf)
LRL inf 1 (inf inf inf)

# -1.178097 -1.963495 5.600000
# best = 1 = LSR
LSL 11.15 0 (1.042266 5.652061 4.455521)
LSR 7.44 0 (1.740257 3.174793 2.525655)
RSL 17.14 0 (5.376962 7.174198 4.591564)
RSR 12.72 0 (4.969257 5.652060 2.099326)
RLR inf 1 (inf inf inf)
LRL inf 1 (inf inf inf)

# -1.178097 -1.963495 6.000000
# best = 1 = LSR
LSL 11.55 0 (1.051221 6.048619 4.446566)
LSR 7.79 0 (1.680653 3.638833 2.466051)
RSL 17.53 0 (5.362781 7.588631 4.577383)
RSR 13.12 0 (4.978212 6.048618 2.090371)
RLR inf 1 (inf inf inf)
LRL inf 1 (inf inf inf)

# -1.178097 -1.963495 6.400000
# best = 1 = LSR
LSL 11.94 0 (1.059074 6.445602 4.438714)
LSR 8.14 0 (1.632965 4.089364 2.418363)
RSL 17.92 0 (5.350020 8.001596 4.564622)
RSR 13.51 0 (4.986065 6.445602 2.082518)
RLR inf 1 (inf inf inf)
LRL inf 1 (inf inf inf)

# -1.178097 -1.963495 6.800000
# best = 1 = LSR
LSL 12.34 0 (1.066015 6.842937 4.431773)
LSR 8.50 0 (1.593827 4.530418 2.379225)
RSL 18.30 0 (5.338475 8.413307 4.553077)
RSR 13.91 0 (4.993006 6.842937 2.075577)
RLR inf 1 (inf inf inf)
LRL inf 1 (inf inf inf)

# -1.178097 -1.963495 7.200000
# best = 1 = LSR
LSL 12.74 0 (1.072194 7.240566 4.425594)
LSR 8.87 0 (1.561065 4.964522 2.346463)
RSL 18.69 0 (5.327978 8.823942 4.542580)
RSR 14.31 0 (4.999185 7.240565 2.069398)
RLR inf 1 (inf inf inf)
LRL inf 1 (inf inf inf)

# -1.178097 -1.963495 7.600000
# best = 1 = LSR
LSL 13.14 0 (1.077729 7.638442 4.420058)
LSR 9.25 0 (1.533204 5.393355 2.318602)
RSL 19.09 0 (5.318392 9.233642 4.532994)
RSR 14.71 0 (5.004721 7.638441 2.063863)
RLR inf 1 (inf inf inf)
LRL inf 1 (inf inf inf)

# -1.178097 -1.963495 8.000000
# best = 1 = LSR
LSL 13.53 0 (1.082716 8.036528 4.415071)
LSR 9.62 0 (1.509198 5.818081 2.294596)
RSL 19.48 0 (5.309603 9.642529 4.524205)
RSR 15.11 0 (5.009708 8.036528 2.058876)
RLR inf 1 (inf inf inf)
LRL inf 1 (inf inf inf)

# -0.785398 -1.963495 0.400000
# best = 2 = RSL
LSL 12.64 0 (6.012798 1.252218 5.375476)
LSR inf 1 (inf inf inf)
RSL 6.37 0 (0.391574 0.479746 5.496663)
RSR 8.57 0 (4.093564 1.105086 3.367719)
RLR 12.62 0 (0.672059 5.723361 6.229399)
LRL 10.11 0 (2.552798 5.646370 1.915476)

# -0.785398 -1.963495 0.800000
# best = 2 = RSL
LSL 12.88 0 (6.248537 1.490459 5.139736)
LSR inf 1 (inf inf inf)
RSL 6.60 0 (0.035493 1.419488 5.140581)
RSR 8.70 0 (4.418380 1.236040 3.042902)
RLR 12.49 0 (0.962635 5.654881 5.870343)
LRL 9.86 0 (2.725119 5.519535 1.616318)

# -0.785398 -1.963495 1.200000
# best = 0 = LSL
LSL 6.89 0 (0.129718 1.787425 4.975370)
LSR inf 1 (inf inf inf)
RSL 13.18 0 (6.161712 2.029713 4.983615)
RSR 8.93 0 (4.661030 1.467780 2.800253)
RLR 12.24 0 (1.143714 5.531740 5.566123)
LRL 9.54 0 (2.808063 5.356689 1.370529)

# -0.785398 -1.963495 1.600000
# best = 0 = LSL
LSL 7.22 0 (0.245089 2.118562 4.859999)
LSR inf 1 (inf inf inf)
RSL 13.50 0 (6.061252 2.558227 4.883155)
RSR 9.22 0 (4.830492 1.760954 2.630790)
RLR 11.92 0 (1.233035 5.371457 5.316518)
LRL 9.16 0 (2.828505 5.166832 1.160230)

# -0.785398 -1.963495 2.000000
# best = 0 = LSL
LSL 7.58 0 (0.328484 2.470167 4.776604)
LSR inf 1 (inf inf inf)
RSL 13.85 0 (5.989399 3.047837 4.811302)
RSR 9.55 0 (4.949222 2.089866 2.512061)
RLR 11.55 0 (1.257888 5.183703 5.103912)
LRL 8.73 0 (2.804463 4.951958 0.969398)

# -0.785398 -1.963495 2.400000
# best = 0 = LSL
LSL 7.94 0 (0.390780 2.834633 4.714308)
LSR inf 1 (inf inf inf)
RSL 14.21 0 (5.934803 3.514840 4.756706)
RSR 9.90 0 (5.034808 2.440107 2.426474)
RLR 11.12 0 (1.237121 4.970997 4.911972)
LRL 8.24 0 (2.744778 4.707996 0.785121)

# -0.785398 -1.963495 2.800000
# best = 5 = LRL
LSL 8.31 0 (0.438742 3.207579 4.666346)
LSR inf 1 (inf inf inf)
RSL 14.57 0 (5.891647 3.967227 4.713550)
RSR 10.26 0 (5.098569 2.803695 2.362713)
RLR 10.64 0 (1.180285 4.729802 4.727614)
LRL 7.67 0 (2.649875 4.422266 0.594294)

# -0.785398 -1.963495 3.200000
# best = 5 = LRL
LSL 8.69 0 (0.476645 3.586360 4.628443)
LSR inf 1 (inf inf inf)
RSL 14.94 0 (5.856549 4.409499 4.678452)
RSR 10.64 0 (5.147543 3.176049 2.313740)
RLR 10.07 0 (1.088569 4.448424 4.537951)
LRL 6.94 0 (2.506229 4.059168 0.374842)

# -0.785398 -1.963495 3.600000
# best = 5 = LRL
LSL 9.07 0 (0.507272 3.969307 4.597816)
LSR inf 1 (inf inf inf)
RSL 15.32 0 (5.827378 4.844427 4.649281)
RSR 11.02 0 (5.186167 3.554415 2.275116)
RLR 9.37 0 (0.950282 4.094601 4.322416)
LRL 5.60 0 (2.202029 3.389513 0.009388)

# -0.785398 -1.963495 4.000000
# best = 1 = LSR
LSL 9.46 0 (0.532490 4.355321 4.572598)
LSR 5.77 0 (1.640030 1.310525 2.818127)
RSL 15.70 0 (5.802712 5.273828 4.624615)
RSR 11.40 0 (5.217322 3.937061 2.243960)
RLR 8.17 0 (0.682563 3.496853 3.992387)
LRL inf 1 (inf inf inf)

# -0.785398 -1.963495 4.400000
# best = 1 = LSR
LSL 9.85 0 (0.553591 4.743652 4.551497)
LSR 6.06 0 (1.468790 1.942341 2.646887)
RSL 16.08 0 (5.781560 5.698951 4.603463)
RSR 11.78 0 (5.242938 4.322850 2.218345)
RLR inf 1 (inf inf inf)
LRL inf 1 (inf inf inf)

# -0.785398 -1.963495 4.800000
# best = 1 = LSR
LSL 10.24 0 (0.571492 5.133776 4.533596)
LSR 6.38 0 (1.362142 2.479496 2.540239)
RSL 16.47 0 (5.763207 6.120689 4.585110)
RSR 12.17 0 (5.264344 4.711010 2.196938)
RLR inf 1 (inf inf inf)
LRL inf 1 (inf inf inf)

# -0.785398 -1.963495 5.200000
# best = 1 = LSR
LSL 10.63 0 (0.586860 5.525312 4.518228)
LSR 6.73 0 (1.286815 2.973737 2.464912)
RSL 16.86 0 (5.747122 6.539696 4.569025)
RSR 12.56 0 (5.282485 5.100999 2.178797)
RLR inf 1 (inf inf inf)
LRL inf 1 (inf inf inf)

# -0.785398 -1.963495 5.600000
# best = 1 = LSR
LSL 11.02 0 (0.600192 5.917980 4.504896)
LSR 7.08 0 (1.230014 3.443591 2.408111)
RSL 17.24 0 (5.732904 6.956466 4.554807)
RSR 12.95 0 (5.298045 5.492429 2.163237)
RLR inf 1 (inf inf inf)
LRL inf 1 (inf inf inf)

# -0.785398 -1.963495 6.000000
# best = 1 = LSR
LSL 11.42 0 (0.611863 6.311569 4.493225)
LSR 7.45 0 (1.185350 3.897888 2.363447)
RSL 17.63 0 (5.720240 7.371377 4.542143)
RSR 13.35 0 (5.311532 5.885011 2.149751)
RLR inf 1 (inf inf inf)
LRL inf 1 (inf inf inf)

# -0.785398 -1.963495 6.400000
# best = 1 = LSR
LSL 11.81 0 (0.622162 6.705917 4.482926)
LSR 7.82 0 (1.149166 4.341514 2.327263)
RSL 18.02 0 (5.708887 7.784728 4.530790)
RSR 13.74 0 (5.323330 6.278530 2.137953)
RLR inf 1 (inf inf inf)
LRL inf 1 (inf inf inf)

# -0.785398 -1.963495 6.800000
# best = 1 = LSR
LSL 12.21 0 (0.631317 7.100898 4.473771)
LSR 8.19 0 (1.119183 4.777442 2.297280)
RSL 18.42 0 (5.698649 8.196754 4.520552)
RSR 14.13 0 (5.333735 6.672819 2.127548)
RLR inf 1 (inf inf inf)
LRL inf 1 (inf inf inf)

# -0.785398 -1.963495 7.200000
# best = 1 = LSR
LSL 12.60 0 (0.639506 7.496410 4.465582)
LSR 8.57 0 (1.093893 5.207606 2.271990)
RSL 18.81 0 (5.689367 8.607646 4.511270)
RSR 14.53 0 (5.342978 7.067751 2.118305)
RLR inf 1 (inf inf inf)
LRL inf 1 (inf inf inf)

# -0.785398 -1.963495 7.600000
# best = 1 = LSR
LSL 13.00 0 (0.646874 7.892375 4.458214)
LSR 8.96 0 (1.072249 5.633327 2.250346)
RSL 19.20 0 (5.680913 9.017558 4.502816)
RSR 14.92 0 (5.351242 7.463222 2.110040)
RLR inf 1 (inf inf inf)
LRL inf 1 (inf inf inf)

# -0.785398 -1.963495 8.000000
# best = 1 = LSR
LSL 13.39 0 (0.653538 8.288727 4.451551)
LSR 9.34 0 (1.053501 6.055542 2.231598)
RSL 19.59 0 (5.673180 9.426619 4.495083)
RSR 15.32 0 (5.358674 7.859152 2.102608)
RLR inf 1 (inf inf inf)
LRL inf 1 (inf inf inf)

# -0.392699 -1.963495 0.400000
# best = 4 = RLR
LSL 12.61 0 (5.729349 1.610266 5.266226)
LSR inf 1 (inf inf inf)
RSL inf 1 (inf inf inf)
RSR 9.17 0 (4.212041 1.314170 3.641941)
RLR 6.51 0 (0.735688 5.613665 0.165588)
LRL 9.34 0 (2.173437 5.454548 1.710315)

# -0.392699 -1.963495 0.800000
# best = 2 = RSL
LSL 12.87 0 (5.903566 1.872408 5.092009)
LSR inf 1 (inf inf inf)
RSL 6.61 0 (0.522769 0.854694 5.235159)
RSR 9.19 0 (4.515239 1.331948 3.338743)
RLR 12.78 0 (1.034176 5.604246 6.140866)
LRL 9.05 0 (2.274831 5.308902 1.463274)

# -0.392699 -1.963495 1.200000
# best = 2 = RSL
LSL 13.17 0 (6.032139 2.176895 4.963436)
LSR inf 1 (inf inf inf)
RSL 6.90 0 (0.289212 1.604915 5.001602)
RSR 9.32 0 (4.786713 1.463259 3.067268)
RLR 12.64 0 (1.270612 5.534169 5.834353)
LRL 8.69 0 (2.315083 5.132258 1.246380)

# -0.392699 -1.963495 1.600000
# best = 2 = RSL
LSL 13.50 0 (6.127997 2.508352 4.867578)
LSR inf 1 (inf inf inf)
RSL 7.22 0 (0.166172 2.177384 4.878561)
RSR 9.54 0 (5.000724 1.681717 2.853257)
RLR 12.40 0 (1.425213 5.415349 5.560931)
LRL 8.28 0 (2.308595 4.927567 1.048176)

# -0.392699 -1.963495 2.000000
# best = 2 = RSL
LSL 13.85 0 (6.200979 2.857409 4.794596)
LSR inf 1 (inf inf inf)
RSL 7.57 0 (0.084717 2.688169 4.797106)
RSR 9.81 0 (5.160085 1.958370 2.693896)
RLR 12.09 0 (1.506870 5.259940 5.323866)
LRL 7.81 0 (2.263688 4.691789 0.857305)

# -0.392699 -1.963495 2.400000
# best = 5 = LRL
LSL 14.21 0 (6.257840 3.218345 4.737734)
LSR inf 1 (inf inf inf)
RSL 7.93 0 (0.025548 3.167255 4.737937)
RSR 10.13 0 (5.277813 2.272060 2.576168)
RLR 11.72 0 (1.532129 5.075001 5.113669)
LRL 7.26 0 (2.181270 4.413229 0.661163)

# -0.392699 -1.963495 2.800000
# best = 5 = LRL
LSL 8.30 0 (0.019935 3.587576 4.692454)
LSR inf 1 (inf inf inf)
RSL 14.58 0 (6.263360 3.627224 4.692564)
RSR 10.46 0 (5.366077 2.609464 2.487904)
RLR 11.29 0 (1.513783 4.861782 4.918795)
LRL 6.54 0 (2.048832 4.057795 0.438166)

# -0.392699 -1.963495 3.200000
# best = 5 = LRL
LSL 8.68 0 (0.056704 3.962784 4.655685)
LSR inf 1 (inf inf inf)
RSL 14.96 0 (6.227270 4.074556 4.656474)
RSR 10.82 0 (5.433734 2.962489 2.420247)
RLR 10.80 0 (1.458146 4.615193 4.727844)
LRL 5.26 0 (1.764018 3.414627 0.079813)

# -0.392699 -1.963495 3.600000
# best = 1 = LSR
LSL 9.05 0 (0.087080 4.342420 4.625309)
LSR 5.17 0 (1.174565 1.246093 2.745361)
RSL 15.34 0 (6.197784 4.513009 4.626988)
RSR 11.18 0 (5.486797 3.326167 2.367184)
RLR 10.21 0 (1.363327 4.319430 4.526899)
LRL inf 1 (inf inf inf)

# -0.392699 -1.963495 4.000000
# best = 1 = LSR
LSL 9.44 0 (0.112552 4.725417 4.599837)
LSR 5.47 0 (1.009801 1.883480 2.580597)
RSL 15.72 0 (6.173191 4.944947 4.602395)
RSR 11.55 0 (5.529307 3.697354 2.324674)
RLR 9.42 0 (1.208416 3.924588 4.286968)
LRL inf 1 (inf inf inf)

# -0.392699 -1.963495 4.400000
# best = 1 = LSR
LSL 9.82 0 (0.134193 5.111020 4.578196)
LSR 5.81 0 (0.909917 2.421208 2.480713)
RSL 16.11 0 (6.152337 5.371941 4.581541)
RSR 11.93 0 (5.564010 4.073999 2.289971)
RLR inf 1 (inf inf inf)
LRL inf 1 (inf inf inf)

# -0.392699 -1.963495 4.800000
# best = 1 = LSR
LSL 10.21 0 (0.152790 5.498680 4.559599)
LSR 6.17 0 (0.840349 2.914961 2.411145)
RSL 16.49 0 (6.134413 5.795085 4.563617)
RSR 12.31 0 (5.592811 4.454718 2.261170)
RLR inf 1 (inf inf inf)
LRL inf 1 (inf inf inf)

# -0.392699 -1.963495 5.200000
# best = 1 = LSR
LSL 10.60 0 (0.168933 5.887991 4.543456)
LSR 6.53 0 (0.788364 3.384043 2.359160)
RSL 16.88 0 (6.118829 6.215163 4.548033)
RSR 12.69 0 (5.617060 4.838549 2.236921)
RLR inf 1 (inf inf inf)
LRL inf 1 (inf inf inf)

# -0.392699 -1.963495 5.600000
# best = 1 = LSR
LSL 10.99 0 (0.183071 6.278646 4.529318)
LSR 6.90 0 (0.747749 3.837512 2.318545)
RSL 17.27 0 (6.105150 6.632760 4.534354)
RSR 13.08 0 (5.637735 5.224806 2.216247)
RLR inf 1 (inf inf inf)
LRL inf 1 (inf inf inf)

# -0.392699 -1.963495 6.000000
# best = 1 = LSR
LSL 11.38 0 (0.195550 6.670409 4.516839)
LSR 7.28 0 (0.715006 4.280332 2.285802)
RSL 17.66 0 (6.093039 7.048316 4.522243)
RSR 13.47 0 (5.655556 5.612989 2.198425)
RLR inf 1 (inf inf inf)
LRL inf 1 (inf inf inf)

# -0.392699 -1.963495 6.400000
# best = 1 = LSR
LSL 11.78 0 (0.206643 7.063095 4.505746)
LSR 7.66 0 (0.687978 4.715506 2.258774)
RSL 18.06 0 (6.082240 7.462172 4.511444)
RSR 13.86 0 (5.671068 6.002723 2.182913)
RLR inf 1 (inf inf inf)
LRL inf 1 (inf inf inf)

# -0.392699 -1.963495 6.800000
# best = 1 = LSR
LSL 12.17 0 (0.216566 7.456559 4.495823)
LSR 8.05 0 (0.665251 5.144973 2.236047)
RSL 18.45 0 (6.072547 7.874596 4.501751)
RSR 14.25 0 (5.684686 6.393726 2.169295)
RLR inf 1 (inf inf inf)
LRL inf 1 (inf inf inf)

# -0.392699 -1.963495 7.200000
# best = 1 = LSR
LSL 12.56 0 (0.225494 7.850683 4.486895)
LSR 8.43 0 (0.645851 5.570053 2.216647)
RSL 18.84 0 (6.063797 8.285802 4.493001)
RSR 14.64 0 (5.696732 6.785777 2.157249)
RLR inf 1 (inf inf inf)
LRL inf 1 (inf inf inf)

# -0.392699 -1.963495 7.600000
# best = 1 = LSR
LSL 12.96 0 (0.233568 8.245373 4.478821)
LSR 8.82 0 (0.629083 5.991681 2.199879)
RSL 19.24 0 (6.055858 8.695962 4.485062)
RSR 15.03 0 (5.707461 7.178706 2.146520)
RLR inf 1 (inf inf inf)
LRL inf 1 (inf inf inf)

# -0.392699 -1.963495 8.000000
# best = 1 = LSR
LSL 13.35 0 (0.240904 8.640552 4.471485)
LSR 9.21 0 (0.614437 6.410538 2.185233)
RSL 19.63 0 (6.048620 9.105219 4.477824)
RSR 15.43 0 (5.717075 7.572375 2.136906)
RLR inf 1 (inf inf inf)
LRL inf 1 (inf inf inf)

# 0.000000 -1.963495 0.400000
# best = 4 = RLR
LSL 12.52 0 (5.476064 1.914281 5.126811)
LSR inf 1 (inf inf inf)
RSL inf 1 (inf inf inf)
RSR 9.73 0 (4.350215 1.478601 3.896465)
RLR 6.73 0 (0.829990 5.525920 0.376239)
LRL 8.61 0 (1.835446 5.285134 1.486193)

# 0.000000 -1.963495 0.800000
# best = 4 = RLR
LSL 12.81 0 (5.607180 2.209881 4.995696)
LSR inf 1 (inf inf inf)
RSL inf 1 (inf inf inf)
RSR 9.63 0 (4.623034 1.388221 3.623646)
RLR 6.83 0 (1.127012 5.574326 0.127624)
LRL 8.26 0 (1.880262 5.112536 1.268778)

# 0.000000 -1.963495 1.200000
# best = 2 = RSL
LSL 13.14 0 (5.706095 2.534300 4.896781)
LSR inf 1 (inf inf inf)
RSL 6.96 0 (0.846762 0.944428 5.166452)
RSR 9.66 0 (4.909495 1.409984 3.337185)
RLR 13.09 0 (1.407665 5.562711 6.118541)
LRL 7.86 0 (1.878337 4.910855 1.069023)

# 0.000000 -1.963495 1.600000
# best = 2 = RSL
LSL 13.48 0 (5.782002 2.877808 4.820874)
LSR inf 1 (inf inf inf)
RSL 7.26 0 (0.638554 1.658629 4.958244)
RSR 9.79 0 (5.167191 1.539140 3.079489)
RLR 12.95 0 (1.630624 5.493236 5.826107)
LRL 7.39 0 (1.837396 4.677159 0.876268)

# 0.000000 -1.963495 2.000000
# best = 5 = LRL
LSL 13.84 0 (5.841457 3.234329 4.761418)
LSR inf 1 (inf inf inf)
RSL 7.59 0 (0.525151 2.220395 4.844841)
RSR 10.00 0 (5.373748 1.752098 2.872933)
RLR 12.72 0 (1.778755 5.376385 5.561125)
LRL 6.84 0 (1.758126 4.399708 0.678087)

# 0.000000 -1.963495 2.400000
# best = 5 = LRL
LSL 14.20 0 (5.888975 3.599998 4.713900)
LSR inf 1 (inf inf inf)
RSL 7.94 0 (0.449400 2.725666 4.769091)
RSR 10.27 0 (5.530460 2.022559 2.716221)
RLR 12.41 0 (1.858744 5.222939 5.327690)
LRL 6.12 0 (1.627614 4.043648 0.452539)

# 0.000000 -1.963495 2.800000
# best = 5 = LRL
LSL 14.58 0 (5.927661 3.972291 4.675215)
LSR inf 1 (inf inf inf)
RSL 8.31 0 (0.394137 3.201306 4.713828)
RSR 10.58 0 (5.648062 2.330588 2.598618)
RLR 12.04 0 (1.884488 5.039222 5.118229)
LRL 4.79 0 (1.333046 3.377141 0.080600)

# 0.000000 -1.963495 3.200000
# best = 1 = LSR
LSL 14.95 0 (5.959678 4.349505 4.643198)
LSR 4.71 0 (0.747454 1.249722 2.710949)
RSL 8.68 0 (0.351650 3.658888 4.671340)
RSR 10.91 0 (5.737289 2.663182 2.509392)
RLR 11.62 0 (1.867137 4.826067 4.922425)
LRL inf 1 (inf inf inf)

# 0.000000 -1.963495 3.600000
# best = 1 = LSR
LSL 15.33 0 (5.986561 4.730465 4.616314)
LSR 5.02 0 (0.589020 1.882206 2.552515)
RSL 9.06 0 (0.317796 4.104457 4.637487)
RSR 11.26 0 (5.806287 3.012214 2.440393)
RLR 11.12 0 (1.812004 4.577804 4.729295)
LRL inf 1 (inf inf inf)

# 0.000000 -1.963495 4.000000
# best = 1 = LSR
LSL 15.72 0 (6.009424 5.114333 4.593452)
LSR 5.37 0 (0.493148 2.417353 2.456643)
RSL 9.44 0 (0.290102 4.541549 4.609793)
RSR 11.62 0 (5.860756 3.372585 2.385924)
RLR 10.52 0 (1.716055 4.276969 4.524409)
LRL inf 1 (inf inf inf)

# 0.000000 -1.963495 4.400000
# best = 1 = LSR
LSL 16.10 0 (6.029086 5.500501 4.573790)
LSR 5.73 0 (0.426485 2.909380 2.389980)
RSL 9.83 0 (0.266982 4.972401 4.586672)
RSR 11.99 0 (5.904606 3.741019 2.342074)
RLR 9.69 0 (1.554035 3.865229 4.274689)
LRL inf 1 (inf inf inf)

# 0.000000 -1.963495 4.800000
# best = 1 = LSR
LSL 16.49 0 (6.046162 5.888515 4.556714)
LSR 6.09 0 (0.376736 3.377187 2.340231)
RSL 10.21 0 (0.247362 5.398507 4.567052)
RSR 12.36 0 (5.940538 4.115352 2.306142)
RLR inf 1 (inf inf inf)
LRL inf 1 (inf inf inf)

# 0.000000 -1.963495 5.200000
# best = 1 = LSR
LSL 16.88 0 (6.061123 6.278034 4.541752)
LSR 6.47 0 (0.337907 3.829659 2.301402)
RSL 10.60 0 (0.230487 5.820909 4.550177)
RSR 12.74 0 (5.970447 4.494109 2.276234)
RLR inf 1 (inf inf inf)
LRL inf 1 (inf inf inf)

# 0.000000 -1.963495 5.600000
# best = 1 = LSR
LSL 17.27 0 (6.074334 6.668794 4.528542)
LSR 6.85 0 (0.306630 4.271672 2.270125)
RSL 10.99 0 (0.215808 6.240359 4.535498)
RSR 13.12 0 (5.995687 4.876260 2.250993)
RLR inf 1 (inf inf inf)
LRL inf 1 (inf inf inf)

# 0.000000 -1.963495 6.000000
# best = 1 = LSR
LSL 17.66 0 (6.086080 7.060589 4.516795)
LSR 7.23 0 (0.280831 4.706174 2.244326)
RSL 11.38 0 (0.202917 6.657416 4.522607)
RSR 13.51 0 (6.017247 5.261065 2.229433)
RLR inf 1 (inf inf inf)
LRL inf 1 (inf inf inf)

# 0.000000 -1.963495 6.400000
# best = 1 = LSR
LSL 18.06 0 (6.096590 7.453256 4.506285)
LSR 7.62 0 (0.259148 5.135073 2.222643)
RSL 11.78 0 (0.191500 7.072503 4.511190)
RSR 13.89 0 (6.035861 5.647982 2.210819)
RLR inf 1 (inf inf inf)
LRL inf 1 (inf inf inf)

# 0.000000 -1.963495 6.800000
# best = 1 = LSR
LSL 18.45 0 (6.106048 7.846664 4.496828)
LSR 8.00 0 (0.240649 5.559665 2.204144)
RSL 12.17 0 (0.181316 7.485947 4.501006)
RSR 14.28 0 (6.052084 6.036605 2.194596)
RLR inf 1 (inf inf inf)
LRL inf 1 (inf inf inf)

# 0.000000 -1.963495 7.200000
# best = 1 = LSR
LSL 18.84 0 (6.114601 8.240706 4.488275)
LSR 8.39 0 (0.224666 5.980867 2.188161)
RSL 12.56 0 (0.172173 7.898006 4.491863)
RSR 14.67 0 (6.066341 6.426624 2.180340)
RLR inf 1 (inf inf inf)
LRL inf 1 (inf inf inf)

# 0.000000 -1.963495 7.600000
# best = 1 = LSR
LSL 19.24 0 (6.122373 8.635296 4.480502)
LSR 8.78 0 (0.210710 6.399349 2.174205)
RSL 12.96 0 (0.163917 8.308887 4.483607)
RSR 15.06 0 (6.078964 6.817800 2.167716)
RLR inf 1 (inf inf inf)
LRL inf 1 (inf inf inf)

# 0.000000 -1.963495 8.000000
# best = 1 = LSR
LSL 19.63 0 (6.129466 9.030362 4.473410)
LSR 9.18 0 (0.198412 6.815611 2.161907)
RSL 13.35 0 (0.156424 8.718756 4.476114)
RSR 15.46 0 (6.090215 7.209944 2.156465)
RLR inf 1 (inf inf inf)
LRL inf 1 (inf inf inf)

# 0.392699 -1.963495 0.400000
# best = 4 = RLR
LSL 12.36 0 (5.237069 2.149294 4.973108)
LSR inf 1 (inf inf inf)
RSL inf 1 (inf inf inf)
RSR 10.23 0 (4.498499 1.590271 4.140880)
RLR 7.00 0 (0.948042 5.465456 0.590423)
LRL 7.94 0 (1.528216 5.148665 1.264255)

# 0.392699 -1.963495 0.800000
# best = 4 = RLR
LSL 12.69 0 (5.335321 2.478853 4.874855)
LSR inf 1 (inf inf inf)
RSL inf 1 (inf inf inf)
RSR 10.04 0 (4.735224 1.401325 3.904155)
RLR 7.21 0 (1.235707 5.567336 0.404638)
LRL 7.54 0 (1.525351 4.946431 1.064885)

# 0.392699 -1.963495 1.200000
# best = 5 = LRL
LSL 13.04 0 (5.409978 2.826652 4.800198)
LSR inf 1 (inf inf inf)
RSL inf 1 (inf inf inf)
RSR 9.95 0 (5.023708 1.310901 3.615671)
RLR 7.30 0 (1.548221 5.615396 0.140184)
LRL 7.07 0 (1.483615 4.713643 0.873835)

# 0.392699 -1.963495 1.600000
# best = 5 = LRL
LSL 13.40 0 (5.468030 3.186725 4.742146)
LSR inf 1 (inf inf inf)
RSL 7.42 0 (1.277872 0.936811 5.204863)
RSR 9.98 0 (5.326009 1.339108 3.313370)
RLR 13.56 0 (1.843048 5.600448 6.113594)
LRL 6.52 0 (1.404654 4.439617 0.678770)

# 0.392699 -1.963495 2.000000
# best = 5 = LRL
LSL 13.77 0 (5.514175 3.555343 4.696002)
LSR inf 1 (inf inf inf)
RSL 7.71 0 (1.061342 1.658485 4.988333)
RSR 10.12 0 (5.593019 1.479176 3.046360)
RLR 13.41 0 (2.072639 5.525611 5.809165)
LRL 5.83 0 (1.277784 4.093589 0.459611)

# 0.392699 -1.963495 2.400000
# best = 5 = LRL
LSL 14.14 0 (5.551586 3.930104 4.658590)
LSR inf 1 (inf inf inf)
RSL 8.04 0 (0.943279 2.223405 4.870271)
RSR 10.34 0 (5.801916 1.703734 2.837463)
RLR 13.16 0 (2.220330 5.403198 5.539062)
LRL 4.68 0 (1.026415 3.516028 0.133419)

# 0.392699 -1.963495 2.800000
# best = 1 = LSR
LSL 14.52 0 (5.582449 4.309404 4.627727)
LSR 4.36 0 (0.409480 1.181138 2.765674)
RSL 8.39 0 (0.864274 2.730657 4.791266)
RSR 10.62 0 (5.957128 1.984303 2.682251)
RLR 12.85 0 (2.296462 5.245038 5.304770)
LRL inf 1 (inf inf inf)

# 0.392699 -1.963495 3.200000
# best = 1 = LSR
LSL 14.90 0 (5.608299 4.692144 4.601878)
LSR 4.66 0 (0.235269 1.833611 2.591463)
RSL 8.75 0 (0.806554 3.207716 4.733546)
RSR 10.94 0 (6.071869 2.300480 2.567511)
RLR 12.47 0 (2.317525 5.057684 5.096352)
LRL inf 1 (inf inf inf)

# 0.392699 -1.963495 3.600000
# best = 1 = LSR
LSL 15.29 0 (5.630237 5.077545 4.579940)
LSR 5.00 0 (0.131702 2.376799 2.487896)
RSL 9.12 0 (0.762128 3.666388 4.689119)
RSR 11.28 0 (6.158045 2.639500 2.481334)
RLR 12.04 0 (2.295800 4.841881 4.902275)
LRL inf 1 (inf inf inf)

# 0.392699 -1.963495 4.000000
# best = 1 = LSR
LSL 15.68 0 (5.649072 5.465045 4.561105)
LSR 5.35 0 (0.060159 2.873363 2.416353)
RSL 9.49 0 (0.726698 4.112828 4.653689)
RSR 11.63 0 (6.224235 2.993611 2.415145)
RLR 11.54 0 (2.236991 4.591884 4.711087)
LRL inf 1 (inf inf inf)

# 0.392699 -1.963495 4.400000
# best = 1 = LSR
LSL 16.06 0 (5.665408 5.854226 4.544769)
LSR 5.71 0 (0.006953 3.344138 2.363147)
RSL 9.87 0 (0.697693 4.550639 4.624685)
RSR 12.00 0 (6.276247 3.358044 2.363133)
RLR 10.94 0 (2.138272 4.290420 4.508343)
LRL inf 1 (inf inf inf)

# 0.392699 -1.963495 4.800000
# best = 3 = RSR
LSL 16.45 0 (5.679704 6.244775 4.530473)
LSR 12.37 0 (6.248703 3.798724 2.321712)
RSL 10.26 0 (0.673464 4.982095 4.600455)
RSR 6.09 0 (0.034801 3.729773 2.321393)
RLR 10.12 0 (1.975277 3.880951 4.261869)
LRL inf 1 (inf inf inf)

# 0.392699 -1.963495 5.200000
# best = 3 = RSR
LSL 16.85 0 (5.692315 6.636450 4.517862)
LSR 12.75 0 (6.215377 4.242328 2.288386)
RSL 10.64 0 (0.652892 5.408718 4.579883)
RSR 6.46 0 (0.068927 4.106818 2.287267)
RLR inf 1 (inf inf inf)
LRL inf 1 (inf inf inf)

# 0.392699 -1.963495 5.600000
# best = 3 = RSR
LSL 17.24 0 (5.703519 7.029062 4.506658)
LSR 13.13 0 (6.187919 4.678075 2.260928)
RSL 11.03 0 (0.635191 5.831568 4.562182)
RSR 6.84 0 (0.097287 4.487840 2.258907)
RLR inf 1 (inf inf inf)
LRL inf 1 (inf inf inf)

# 0.392699 -1.963495 6.000000
# best = 3 = RSR
LSL 17.63 0 (5.713536 7.422464 4.496640)
LSR 13.51 0 (6.164863 5.107977 2.237872)
RSL 11.42 0 (0.619788 6.251411 4.546779)
RSR 7.23 0 (0.121192 4.871905 2.235002)
RLR inf 1 (inf inf inf)
LRL inf 1 (inf inf inf)

# 0.392699 -1.963495 6.400000
# best = 3 = RSR
LSL 18.03 0 (5.722544 7.816535 4.487632)
LSR 13.90 0 (6.145206 5.533396 2.218214)
RSL 11.81 0 (0.606256 6.668816 4.533247)
RSR 7.61 0 (0.141594 5.258346 2.214600)
RLR inf 1 (inf inf inf)
LRL inf 1 (inf inf inf)

# 0.392699 -1.963495 6.800000
# best = 3 = RSR
LSL 18.42 0 (5.730687 8.211180 4.479490)
LSR 14.28 0 (6.128232 5.955293 2.201241)
RSL 12.20 0 (0.594268 7.084212 4.521260)
RSR 8.00 0 (0.159197 5.646676 2.196997)
RLR inf 1 (inf inf inf)
LRL inf 1 (inf inf inf)

# 0.392699 -1.963495 7.200000
# best = 3 = RSR
LSL 18.82 0 (5.738083 8.606319 4.472094)
LSR 14.67 0 (6.113419 6.374367 2.186427)
RSL 12.59 0 (0.583572 7.497934 4.510564)
RSR 8.39 0 (0.174530 6.036531 2.181664)
RLR inf 1 (inf inf inf)
LRL inf 1 (inf inf inf)

# 0.392699 -1.963495 7.600000
# best = 3 = RSR
LSL 19.21 0 (5.744829 9.001887 4.465348)
LSR 15.06 0 (6.100371 6.791142 2.173379)
RSL 12.99 0 (0.573967 7.910245 4.500958)
RSR 8.78 0 (0.188000 6.427632 2.168194)
RLR inf 1 (inf inf inf)
LRL inf 1 (inf inf inf)

# 0.392699 -1.963495 8.000000
# best = 3 = RSR
LSL 19.61 0 (5.751006 9.397831 4.459170)
LSR 15.46 0 (6.088787 7.206015 2.161795)
RSL 13.38 0 (0.565292 8.321354 4.492283)
RSR 9.18 0 (0.199923 6.819766 2.156271)
RLR inf 1 (inf inf inf)
LRL inf 1 (inf inf inf)

# 0.785398 -1.963495 0.400000
# best = 4 = RLR
LSL 12.12 0 (5.005304 2.304896 4.812173)
LSR inf 1 (inf inf inf)
RSL inf 1 (inf inf inf)
RSR 10.68 0 (4.651624 1.644071 4.380455)
RLR 7.34 0 (1.086461 5.436045 0.815292)
LRL 7.36 0 (1.249611 5.054983 1.056479)

# 0.785398 -1.963495 0.800000
# best = 5 = LRL
LSL 12.48 0 (5.076355 2.664083 4.741122)
LSR inf 1 (inf inf inf)
RSL inf 1 (inf inf inf)
RSR 10.40 0 (4.846321 1.370467 4.185757)
RLR 7.63 0 (1.355028 5.583784 0.694464)
LRL 6.90 0 (1.205901 4.825463 0.870668)

# 0.785398 -1.963495 1.200000
# best = 5 = LRL
LSL 12.85 0 (5.130321 3.033501 4.687156)
LSR inf 1 (inf inf inf)
RSL inf 1 (inf inf inf)
RSR 10.20 0 (5.121186 1.171918 3.910892)
RLR 7.84 0 (1.682252 5.688502 0.471958)
LRL 6.37 0 (1.127912 4.561552 0.684747)

# 0.785398 -1.963495 1.600000
# best = 5 = LRL
LSL 13.23 0 (5.172477 3.409826 4.645001)
LSR inf 1 (inf inf inf)
RSL inf 1 (inf inf inf)
RSR 10.12 0 (5.469361 1.090230 3.562717)
RLR 7.93 0 (2.051718 5.731085 0.145074)
LRL 5.73 0 (1.010218 4.241853 0.482742)

# 0.785398 -1.963495 2.000000
# best = 5 = LRL
LSL 13.61 0 (5.206206 3.791003 4.611272)
LSR inf 1 (inf inf inf)
RSL 8.03 0 (1.743388 1.009620 5.277680)
RSR 10.18 0 (5.824279 1.150571 3.207799)
RLR 14.15 0 (2.390922 5.699656 6.057627)
LRL 4.83 0 (0.818503 3.790966 0.223570)

# 0.785398 -1.963495 2.400000
# best = 1 = LSR
LSL 13.99 0 (5.233746 4.175703 4.583731)
LSR 4.08 0 (0.201116 0.933665 2.950009)
RSL 8.30 0 (1.523046 1.718357 5.057339)
RSR 10.37 0 (6.112297 1.333801 2.919781)
RLR 13.96 0 (2.630743 5.603264 5.721413)
LRL inf 1 (inf inf inf)

# 0.785398 -1.963495 2.800000
# best = 3 = RSR
LSL 14.38 0 (5.256626 4.563034 4.560851)
LSR 10.63 0 (6.248864 1.666827 2.714571)
RSL 8.61 0 (1.397970 2.281703 4.932262)
RSR 4.35 0 (0.035059 1.598197 2.713834)
RLR 13.67 0 (2.765626 5.461135 5.444402)
LRL inf 1 (inf inf inf)

# 0.785398 -1.963495 3.200000
# best = 3 = RSR
LSL 14.77 0 (5.275918 4.952380 4.541560)
LSR 10.94 0 (6.118948 2.237162 2.584656)
RSL 8.95 0 (1.312811 2.789191 4.847104)
RSR 4.66 0 (0.178326 1.910352 2.570567)
RLR 13.32 0 (2.822011 5.287370 5.214253)
LRL inf 1 (inf inf inf)

# 0.785398 -1.963495 3.600000
# best = 3 = RSR
LSL 15.16 0 (5.292392 5.343301 4.525086)
LSR 11.28 0 (6.031331 2.747995 2.497039)
RSL 9.30 0 (1.249937 3.266957 4.784230)
RSR 5.00 0 (0.279895 2.250479 2.468998)
RLR 12.93 0 (2.823936 5.088083 5.013040)
LRL inf 1 (inf inf inf)

# 0.785398 -1.963495 4.000000
# best = 3 = RSR
LSL 15.55 0 (5.306616 5.735473 4.510861)
LSR 11.63 0 (5.966976 3.227702 2.432684)
RSL 9.66 0 (1.201191 3.726449 4.735483)
RSR 5.36 0 (0.354244 2.607656 2.394649)
RLR 12.47 0 (2.785731 4.862974 4.826136)
LRL inf 1 (inf inf inf)

# 0.785398 -1.963495 4.400000
# best = 3 = RSR
LSL 15.95 0 (5.319018 6.128657 4.498460)
LSR 11.99 0 (5.917250 3.688447 2.382957)
RSL 10.03 0 (1.162104 4.173709 4.696396)
RSR 5.72 0 (0.410450 2.975748 2.338443)
RLR 11.96 0 (2.713100 4.605300 4.641092)
LRL inf 1 (inf inf inf)

# 0.785398 -1.963495 4.800000
# best = 3 = RSR
LSL 16.34 0 (5.329923 6.522670 4.487555)
LSR 12.36 0 (5.877475 4.136571 2.343182)
RSL 10.41 0 (1.129972 4.612295 4.664265)
RSR 6.10 0 (0.454177 3.351162 2.294716)
RLR 11.34 0 (2.602546 4.296737 4.443084)
LRL inf 1 (inf inf inf)

# 0.785398 -1.963495 5.200000
# best = 3 = RSR
LSL 16.73 0 (5.339584 6.917371 4.477893)
LSR 12.73 0 (5.844837 4.575784 2.310544)
RSL 10.78 0 (1.103040 5.044470 4.637332)
RSR 6.48 0 (0.489042 3.731689 2.259851)
RLR 10.51 0 (2.428190 3.878296 4.198999)
LRL inf 1 (inf inf inf)

# 0.785398 -1.963495 5.600000
# best = 3 = RSR
LSL 17.13 0 (5.348202 7.312647 4.469276)
LSR 13.11 0 (5.817520 5.008431 2.283228)
RSL 11.17 0 (1.080110 5.471755 4.614402)
RSR 6.86 0 (0.517427 4.115910 2.231466)
RLR inf 1 (inf inf inf)
LRL inf 1 (inf inf inf)

# 0.785398 -1.963495 6.000000
# best = 3 = RSR
LSL 17.53 0 (5.355935 7.708411 4.461542)
LSR 13.49 0 (5.794291 5.436080 2.259999)
RSL 11.55 0 (1.060334 5.895211 4.594626)
RSR 7.25 0 (0.540950 4.502879 2.207943)
RLR inf 1 (inf inf inf)
LRL inf 1 (inf inf inf)

# 0.785398 -1.963495 6.400000
# best = 3 = RSR
LSL 17.92 0 (5.362913 8.104590 4.454565)
LSR 13.87 0 (5.774277 5.859825 2.239984)
RSL 11.94 0 (1.043091 6.315611 4.577383)
RSR 7.64 0 (0.560741 4.891946 2.188152)
RLR inf 1 (inf inf inf)
LRL inf 1 (inf inf inf)

# 0.785398 -1.963495 6.800000
# best = 3 = RSR
LSL 18.32 0 (5.369240 8.501128 4.448238)
LSR 14.26 0 (5.756841 6.280456 2.222549)
RSL 12.32 0 (1.027917 6.733525 4.562210)
RSR 8.03 0 (0.577610 5.282646 2.171283)
RLR inf 1 (inf inf inf)
LRL inf 1 (inf inf inf)

# 0.785398 -1.963495 7.200000
# best = 3 = RSR
LSL 18.72 0 (5.375003 8.897975 4.442475)
LSR 14.65 0 (5.741509 6.698560 2.207217)
RSL 12.71 0 (1.014455 7.149390 4.548748)
RSR 8.42 0 (0.592152 5.674641 2.156741)
RLR inf 1 (inf inf inf)
LRL inf 1 (inf inf inf)

# 0.785398 -1.963495 7.600000
# best = 3 = RSR
LSL 19.11 0 (5.380273 9.295093 4.437204)
LSR 15.04 0 (5.727915 7.114583 2.193623)
RSL 13.10 0 (1.002428 7.563544 4.536720)
RSR 8.82 0 (0.604812 6.067682 2.144081)
RLR inf 1 (inf inf inf)
LRL inf 1 (inf inf inf)

# 0.785398 -1.963495 8.000000
# best = 3 = RSR
LSL 19.51 0 (5.385112 9.692448 4.432366)
LSR 15.43 0 (5.715776 7.528869 2.181484)
RSL 13.49 0 (0.991614 7.976253 4.525907)
RSR 9.21 0 (0.615931 6.461577 2.132962)
RLR inf 1 (inf inf inf)
LRL inf 1 (inf inf inf)

# 1.178097 -1.963495 0.400000
# best = 5 = LRL
LSL 11.80 0 (4.776900 2.374491 4.647879)
LSR inf 1 (inf inf inf)
RSL inf 1 (inf inf inf)
RSR 11.06 0 (4.805998 1.637618 4.618779)
RLR 7.74 0 (1.242605 5.439583 1.055385)
LRL 6.88 0 (0.999754 5.012079 0.870733)

# 1.178097 -1.963495 0.800000
# best = 5 = LRL
LSL 12.18 0 (4.823696 2.756159 4.601082)
LSR inf 1 (inf inf inf)
RSL inf 1 (inf inf inf)
RSR 10.72 0 (4.950580 1.297530 4.474197)
RLR 8.10 0 (1.478629 5.622467 1.002245)
LRL 6.38 0 (0.921940 4.762859 0.699326)

# 1.178097 -1.963495 1.200000
# best = 5 = LRL
LSL 12.57 0 (4.859052 3.142391 4.565727)
LSR inf 1 (inf inf inf)
RSL inf 1 (inf inf inf)
RSR 10.43 0 (5.188122 1.002685 4.236656)
RLR 8.41 0 (1.793155 5.776438 0.841689)
LRL 5.81 0 (0.813797 4.475862 0.520473)

# 1.178097 -1.963495 1.600000
# best = 5 = LRL
LSL 12.96 0 (4.886641 3.531689 4.538138)
LSR inf 1 (inf inf inf)
RSL inf 1 (inf inf inf)
RSR 10.23 0 (5.577419 0.804469 3.847359)
RLR 8.61 0 (2.233328 5.878188 0.503268)
LRL 5.10 0 (0.662998 4.119085 0.314495)

# 1.178097 -1.963495 2.000000
# best = 5 = LRL
LSL 13.35 0 (4.908739 3.923141 4.516040)
LSR inf 1 (inf inf inf)
RSL 8.64 0 (2.748393 0.001000 5.889986)
RSR 10.21 0 (6.086835 0.780361 3.337942)
RLR 14.92 0 (2.748893 5.890486 6.283185)
LRL 3.93 0 (0.392699 3.534292 0.000000)

# 1.178097 -1.963495 2.400000
# best = 3 = RSR
LSL 13.74 0 (4.926820 4.316161 4.497959)
LSR 10.37 0 (6.090199 1.326649 2.948606)
RSL 8.79 0 (2.163207 1.326650 5.304801)
RSR 4.09 0 (0.232336 0.943799 2.909256)
RLR 14.76 0 (3.135733 5.806794 5.812653)
LRL inf 1 (inf inf inf)

# 1.178097 -1.963495 2.800000
# best = 3 = RSR
LSL 14.14 0 (4.941879 4.710356 4.482900)
LSR 10.62 0 (5.900691 1.959591 2.759098)
RSL 9.05 0 (1.973700 1.959592 5.115293)
RSR 4.36 0 (0.501072 1.221699 2.640520)
RLR 14.47 0 (3.332280 5.662416 5.471728)
LRL inf 1 (inf inf inf)

# 1.178097 -1.963495 3.200000
# best = 3 = RSR
LSL 14.53 0 (4.954609 5.105454 4.470169)
LSR 10.92 0 (5.780220 2.497999 2.638626)
RSL 9.35 0 (1.853228 2.498000 4.994822)
RSR 4.70 0 (0.663054 1.553815 2.478538)
RLR 14.11 0 (3.405693 5.485279 5.221178)
LRL inf 1 (inf inf inf)

# 1.178097 -1.963495 3.600000
# best = 3 = RSR
LSL 14.93 0 (4.965510 5.501260 4.459269)
LSR 11.24 0 (5.694119 2.993326 2.552526)
RSL 9.67 0 (1.767128 2.993326 4.908721)
RSR 5.05 0 (0.766280 1.912102 2.375312)
RLR 13.71 0 (3.409467 5.286375 5.018499)
LRL inf 1 (inf inf inf)

# 1.178097 -1.963495 4.000000
# best = 3 = RSR
LSL 15.32 0 (4.974946 5.897633 4.449833)
LSR 11.58 0 (5.628687 3.464101 2.487094)
RSL 10.01 0 (1.701696 3.464102 4.843289)
RSR 5.43 0 (0.836430 2.284278 2.305162)
RLR 13.28 0 (3.370214 5.067569 4.838947)
LRL inf 1 (inf inf inf)

# 1.178097 -1.963495 4.400000
# best = 3 = RSR
LSL 15.72 0 (4.983193 6.294464 4.441586)
LSR 11.93 0 (5.576950 3.919183 2.435357)
RSL 10.36 0 (1.649959 3.919184 4.791552)
RSR 5.81 0 (0.886750 2.664530 2.254842)
RLR 12.79 0 (3.299331 4.825163 4.667423)
LRL inf 1 (inf inf inf)

# 1.178097 -1.963495 4.800000
# best = 3 = RSR
LSL 16.12 0 (4.990461 6.691673 4.434317)
LSR 12.29 0 (5.534864 4.363485 2.393270)
RSL 10.72 0 (1.607872 4.363485 4.749466)
RSR 6.19 0 (0.924432 3.049838 2.217160)
RLR 12.24 0 (3.198919 4.548974 4.491647)
LRL inf 1 (inf inf inf)

# 1.178097 -1.963495 5.200000
# best = 3 = RSR
LSL 16.51 0 (4.996915 7.089196 4.427864)
LSR 12.66 0 (5.499879 4.800000 2.358286)
RSL 11.09 0 (1.572888 4.800000 4.714481)
RSR 6.58 0 (0.953630 3.438503 2.187962)
RLR 11.57 0 (3.060685 4.214112 4.295018)
LRL inf 1 (inf inf inf)

# 1.178097 -1.963495 5.600000
# best = 3 = RSR
LSL 16.91 0 (5.002683 7.486982 4.422096)
LSR 13.03 0 (5.470295 5.230678 2.328702)
RSL 11.46 0 (1.543304 5.230679 4.684897)
RSR 6.97 0 (0.976881 3.829504 2.164711)
RLR 10.60 0 (2.840698 3.727633 4.028527)
LRL inf 1 (inf inf inf)

# 1.178097 -1.963495 6.000000
# best = 3 = RSR
LSL 17.31 0 (5.007869 7.884993 4.416910)
LSR 13.41 0 (5.444925 5.656854 2.303332)
RSL 11.83 0 (1.517934 5.656855 4.659527)
RSR 7.36 0 (0.995817 4.222190 2.145775)
RLR inf 1 (inf inf inf)
LRL inf 1 (inf inf inf)

# 1.178097 -1.963495 6.400000
# best = 3 = RSR
LSL 17.71 0 (5.012556 8.283195 4.412222)
LSR 13.78 0 (5.422912 6.079473 2.281319)
RSL 12.21 0 (1.495921 6.079474 4.637514)
RSR 7.76 0 (1.011525 4.616133 2.130067)
RLR inf 1 (inf inf inf)
LRL inf 1 (inf inf inf)

# 1.178097 -1.963495 6.800000
# best = 3 = RSR
LSL 18.11 0 (5.016814 8.681562 4.407965)
LSR 14.16 0 (5.403620 6.499230 2.262027)
RSL 12.59 0 (1.476629 6.499231 4.618222)
RSR 8.15 0 (1.024761 5.011035 2.116831)
RLR inf 1 (inf inf inf)
LRL inf 1 (inf inf inf)

# 1.178097 -1.963495 7.200000
# best = 3 = RSR
LSL 18.50 0 (5.020697 9.080073 4.404081)
LSR 14.55 0 (5.386568 6.916646 2.244975)
RSL 12.98 0 (1.459577 6.916647 4.601170)
RSR 8.55 0 (1.036061 5.406687 2.105531)
RLR inf 1 (inf inf inf)
LRL inf 1 (inf inf inf)

# 1.178097 -1.963495 7.600000
# best = 3 = RSR
LSL 18.90 0 (5.024254 9.478710 4.400524)
LSR 14.93 0 (5.371382 7.332121 2.229789)
RSL 13.36 0 (1.444391 7.332121 4.585984)
RSR 8.94 0 (1.045819 5.802936 2.095773)
RLR inf 1 (inf inf inf)
LRL inf 1 (inf inf inf)

# 1.178097 -1.963495 8.000000
# best = 3 = RSR
LSL 19.30 0 (5.027524 9.877456 4.397254)
LSR 15.32 0 (5.357768 7.745966 2.216175)
RSL 13.75 0 (1.430777 7.745967 4.572370)
RSR 9.34 0 (1.054328 6.199666 2.087264)
RLR inf 1 (inf inf inf)
LRL inf 1 (inf inf inf)

# 1.570796 -1.963495 0.400000
# best = 5 = LRL
LSL 11.39 0 (4.549180 2.355178 4.482900)
LSR inf 1 (inf inf inf)
RSL inf 1 (inf inf inf)
RSR 11.39 0 (4.958425 1.571196 4.859051)
RLR 8.20 0 (1.413159 5.475839 1.313785)
LRL 6.51 0 (0.778020 5.024052 0.711741)

# 1.570796 -1.963495 0.800000
# best = 5 = LRL
LSL 11.78 0 (4.572811 2.750630 4.459269)
LSR inf 1 (inf inf inf)
RSL inf 1 (inf inf inf)
RSR 11.00 0 (5.040577 1.187246 4.776899)
RLR 8.61 0 (1.597633 5.680482 1.333955)
LRL 6.00 0 (0.672960 4.766670 0.559418)

# 1.570796 -1.963495 1.200000
# best = 5 = LRL
LSL 12.18 0 (4.590494 3.147232 4.441586)
LSR inf 1 (inf inf inf)
RSL inf 1 (inf inf inf)
RSR 10.64 0 (5.198697 0.818809 4.618779)
RLR 8.99 0 (1.850945 5.870866 1.271027)
LRL 5.41 0 (0.543281 4.471945 0.394373)

# 1.570796 -1.963495 1.600000
# best = 5 = LRL
LSL 12.58 0 (4.604216 3.544598 4.427864)
LSR inf 1 (inf inf inf)
RSL inf 1 (inf inf inf)
RSR 10.32 0 (5.580820 0.501343 4.236656)
RLR 9.31 0 (2.313562 6.031853 0.969397)
LRL 4.68 0 (0.373655 4.105248 0.197302)

# 1.570796 -1.963495 2.000000
# best = 3 = RSR
LSL 12.97 0 (4.615170 3.942496 4.416910)
LSR 10.21 0 (6.139605 0.675812 3.390711)
RSL inf 1 (inf inf inf)
RSR 3.92 0 (0.196349 0.390181 3.337942)
RLR 9.43 0 (3.240241 6.087784 0.098649)
LRL 9.71 0 (0.072548 3.481127 6.157473)

# 1.570796 -1.963495 2.400000
# best = 3 = RSR
LSL 13.37 0 (4.624115 4.340781 4.407965)
LSR 10.34 0 (5.790090 1.509178 3.041196)
RSL 9.49 0 (2.748460 1.243729 5.497354)
RSR 4.15 0 (0.893771 0.610850 2.640520)
RLR 15.49 0 (3.882051 5.976561 5.628801)
LRL inf 1 (inf inf inf)

# 1.570796 -1.963495 2.800000
# best = 3 = RSR
LSL 13.77 0 (4.631555 4.739355 4.400524)
LSR 10.56 0 (5.605199 2.102026 2.856304)
RSL 9.69 0 (2.524471 1.888377 5.273366)
RSR 4.49 0 (1.158979 0.956051 2.375312)
RLR 15.14 0 (4.059223 5.800487 5.275556)
LRL inf 1 (inf inf inf)

# 1.570796 -1.963495 3.200000
# best = 3 = RSR
LSL 14.17 0 (4.637841 5.138150 4.394238)
LSR 10.83 0 (5.480141 2.622863 2.731247)
RSL 9.94 0 (2.381320 2.430035 5.130214)
RSR 4.87 0 (1.279449 1.332265 2.254842)
RLR 14.74 0 (4.081488 5.604078 5.056881)
LRL inf 1 (inf inf inf)

# 1.570796 -1.963495 3.600000
# best = 3 = RSR
LSL 14.57 0 (4.643222 5.537120 4.388858)
LSR 11.13 0 (5.387893 3.108103 2.638999)
RSL 10.23 0 (2.278480 2.926461 5.027374)
RSR 5.25 0 (1.346329 1.719252 2.187962)
RLR 14.32 0 (4.043636 5.394614 4.885270)
LRL inf 1 (inf inf inf)

# 1.570796 -1.963495 4.000000
# best = 3 = RSR
LSL 14.97 0 (4.647879 5.936228 4.384201)
LSR 11.46 0 (5.316385 3.572283 2.567491)
RSL 10.55 0 (2.200056 3.397540 4.948950)
RSR 5.65 0 (1.388516 2.111095 2.145775)
RLR 13.88 0 (3.974131 5.171230 4.731390)
LRL inf 1 (inf inf inf)

# 1.570796 -1.963495 4.400000
# best = 3 = RSR
LSL 15.37 0 (4.651949 6.335448 4.380131)
LSR 11.79 0 (5.259064 4.022698 2.510170)
RSL 10.88 0 (2.137907 3.852581 4.886801)
RSR 6.04 0 (1.417460 2.505518 2.116831)
RLR 13.39 0 (3.882152 4.929386 4.581524)
LRL inf 1 (inf inf inf)

# 1.570796 -1.963495 4.800000
# best = 3 = RSR
LSL 15.77 0 (4.655537 6.734761 4.376543)
LSR 12.14 0 (5.211963 4.463518 2.463069)
RSL 11.22 0 (2.087278 4.296683 4.836172)
RSR 6.44 0 (1.438518 2.901468 2.095773)
RLR 12.85 0 (3.768543 4.660051 4.425799)
LRL inf 1 (inf inf inf)

# 1.570796 -1.963495 5.200000
# best = 3 = RSR
LSL 16.17 0 (4.658722 7.134151 4.373357)
LSR 12.49 0 (5.172508 4.897335 2.423613)
RSL 11.57 0 (2.045156 4.732926 4.794050)
RSR 6.83 0 (1.454513 3.298395 2.079778)
RLR 12.22 0 (3.626613 4.344200 4.251878)
LRL inf 1 (inf inf inf)

# 1.570796 -1.963495 5.600000
# best = 3 = RSR
LSL 16.57 0 (4.661571 7.533606 4.370509)
LSR 12.85 0 (5.138939 5.325860 2.390045)
RSL 11.93 0 (2.009516 5.163303 4.758411)
RSR 7.23 0 (1.467070 3.695985 2.067221)
RLR 11.39 0 (3.430260 3.926380 4.030411)
LRL inf 1 (inf inf inf)

# 1.570796 -1.963495 6.000000
# best = 3 = RSR
LSL 16.97 0 (4.664132 7.933115 4.367948)
LSR 13.22 0 (5.110010 5.750277 2.361115)
RSL 12.30 0 (1.978944 5.589168 4.727838)
RSR 7.63 0 (1.477186 4.094045 2.057105)
RLR inf 1 (inf inf inf)
LRL inf 1 (inf inf inf)

# 1.570796 -1.963495 6.400000
# best = 3 = RSR
LSL 17.36 0 (4.666447 8.332672 4.365632)
LSR 13.59 0 (5.084806 6.171433 2.335912)
RSL 12.67 0 (1.952414 6.011481 4.701308)
RSR 8.03 0 (1.485509 4.492449 2.048782)
RLR inf 1 (inf inf inf)
LRL inf 1 (inf inf inf)

# 1.570796 -1.963495 6.800000
# best = 3 = RSR
LSL 17.76 0 (4.668551 8.732269 4.363528)
LSR 13.97 0 (5.062643 6.589953 2.313749)
RSL 13.04 0 (1.929163 6.430941 4.678057)
RSR 8.43 0 (1.492475 4.891114 2.041816)
RLR inf 1 (inf inf inf)
LRL inf 1 (inf inf inf)

# 1.570796 -1.963495 7.200000
# best = 3 = RSR
LSL 18.16 0 (4.670471 9.131902 4.361609)
LSR 14.34 0 (5.042997 7.006310 2.294103)
RSL 13.41 0 (1.908613 6.848073 4.657507)
RSR 8.82 0 (1.498392 5.289980 2.035899)
RLR inf 1 (inf inf inf)
LRL inf 1 (inf inf inf)

# 1.570796 -1.963495 7.600000
# best = 3 = RSR
LSL 18.56 0 (4.672229 9.531565 4.359850)
LSR 14.72 0 (5.025457 7.420867 2.276563)
RSL 13.79 0 (1.890313 7.263278 4.639208)
RSR 9.22 0 (1.503478 5.689006 2.030813)
RLR inf 1 (inf inf inf)
LRL inf 1 (inf inf inf)

# 1.570796 -1.963495 8.000000
# best = 3 = RSR
LSL 18.96 0 (4.673847 9.931255 4.358233)
LSR 15.10 0 (5.009699 7.833911 2.260805)
RSL 14.17 0 (1.873911 7.676869 4.622805)
RSR 9.62 0 (1.507898 6.088159 2.026393)
RLR inf 1 (inf inf inf)
LRL inf 1 (inf inf inf)

# 1.963495 -1.963495 0.400000
# best = 5 = LRL
LSL 10.89 0 (4.319690 2.247759 4.319690)
LSR inf 1 (inf inf inf)
RSL inf 1 (inf inf inf)
RSR 11.66 0 (5.105088 1.447759 5.105088)
RLR 8.73 0 (1.593147 5.542489 1.593147)
LRL 6.25 0 (0.581369 5.089727 0.581369)

# 1.963495 -1.963495 0.800000
# best = 5 = LRL
LSL 11.29 0 (4.319690 2.647759 4.319690)
LSR inf 1 (inf inf inf)
RSL inf 1 (inf inf inf)
RSR 11.26 0 (5.105088 1.047759 5.105088)
RLR 9.15 0 (1.698463 5.753122 1.698463)
LRL 5.75 0 (0.454694 4.836378 0.454694)

# 1.963495 -1.963495 1.200000
# best = 5 = LRL
LSL 11.69 0 (4.319690 3.047759 4.319690)
LSR inf 1 (inf inf inf)
RSL inf 1 (inf inf inf)
RSR 10.86 0 (5.105088 0.647759 5.105088)
RLR 9.56 0 (1.800839 5.957873 1.800839)
LRL 5.17 0 (0.311795 4.550579 0.311795)

# 1.963495 -1.963495 1.600000
# best = 5 = LRL
LSL 12.09 0 (4.319690 3.447759 4.319690)
LSR inf 1 (inf inf inf)
RSL inf 1 (inf inf inf)
RSR 10.46 0 (5.105088 0.247759 5.105088)
RLR 9.96 0 (1.901515 6.159226 1.901515)
LRL 4.48 0 (0.139014 4.205019 0.139014)

# 1.963495 -1.963495 2.000000
# best = 3 = RSR
LSL 12.49 0 (4.319690 3.847759 4.319690)
LSR 10.19 0 (5.890487 0.765366 3.534291)
RSL 10.19 0 (3.534291 0.765366 5.890487)
RSR 4.08 0 (1.963495 0.152241 1.963495)
RLR 16.34 0 (5.067018 6.207047 5.067018)
LRL 16.03 0 (6.167268 3.695156 6.167268)

# 1.963495 -1.963495 2.400000
# best = 3 = RSR
LSL 12.89 0 (4.319690 4.247759 4.319690)
LSR 10.27 0 (5.545658 1.531596 3.189463)
RSL 10.27 0 (3.189463 1.531596 5.545658)
RSR 4.48 0 (1.963495 0.552241 1.963495)
RLR 15.94 0 (4.966585 6.006180 4.966585)
LRL inf 1 (inf inf inf)

# 1.963495 -1.963495 2.800000
# best = 3 = RSR
LSL 13.29 0 (4.319690 4.647759 4.319690)
LSR 10.44 0 (5.346638 2.103755 2.990443)
RSL 10.44 0 (2.990443 2.103755 5.346638)
RSR 4.88 0 (1.963495 0.952241 1.963495)
RLR 15.53 0 (4.864720 5.802449 4.864720)
LRL inf 1 (inf inf inf)

# 1.963495 -1.963495 3.200000
# best = 3 = RSR
LSL 13.69 0 (4.319690 5.047759 4.319690)
LSR 10.67 0 (5.207814 2.612620 2.851619)
RSL 10.67 0 (2.851619 2.612620 5.207814)
RSR 5.28 0 (1.963495 1.352241 1.963495)
RLR 15.11 0 (4.760233 5.593475 4.760233)
LRL inf 1 (inf inf inf)

# 1.963495 -1.963495 3.600000
# best = 3 = RSR
LSL 14.09 0 (4.319690 5.447759 4.319690)
LSR 10.94 0 (5.103667 3.089625 2.747472)
RSL 10.94 0 (2.747472 3.089625 5.103667)
RSR 5.68 0 (1.963495 1.752241 1.963495)
RLR 14.68 0 (4.651648 5.376306 4.651648)
LRL inf 1 (inf inf inf)

# 1.963495 -1.963495 4.000000
# best = 3 = RSR
LSL 14.49 0 (4.319690 5.847759 4.319690)
LSR 11.24 0 (5.022088 3.547645 2.665893)
RSL 11.24 0 (2.665893 3.547645 5.022088)
RSR 6.08 0 (1.963495 2.152241 1.963495)
RLR 14.22 0 (4.536954 5.146917 4.536954)
LRL inf 1 (inf inf inf)

# 1.963495 -1.963495 4.400000
# best = 3 = RSR
LSL 14.89 0 (4.319690 6.247759 4.319690)
LSR 11.55 0 (4.956241 3.993217 2.600045)
RSL 11.55 0 (2.600045 3.993217 4.956241)
RSR 6.48 0 (1.963495 2.552241 1.963495)
RLR 13.73 0 (4.413111 4.899233 4.413111)
LRL inf 1 (inf inf inf)

# 1.963495 -1.963495 4.800000
# best = 3 = RSR
LSL 15.29 0 (4.319690 6.647759 4.319690)
LSR 11.88 0 (4.901875 4.430100 2.545680)
RSL 11.88 0 (2.545680 4.430100 4.901875)
RSR 6.88 0 (1.963495 2.952241 1.963495)
RLR 13.17 0 (4.274897 4.622804 4.274897)
LRL inf 1 (inf inf inf)

# 1.963495 -1.963495 5.200000
# best = 3 = RSR
LSL 15.69 0 (4.319690 7.047759 4.319690)
LSR 12.22 0 (4.856181 4.860636 2.499986)
RSL 12.22 0 (2.499986 4.860636 4.856181)
RSR 7.28 0 (1.963495 3.352241 1.963495)
RLR 12.52 0 (4.111370 4.295750 4.111370)
LRL inf 1 (inf inf inf)

# 1.963495 -1.963495 5.600000
# best = 3 = RSR
LSL 16.09 0 (4.319690 7.447759 4.319690)
LSR 12.56 0 (4.817209 5.286377 2.461014)
RSL 12.56 0 (2.461014 5.286377 4.817209)
RSR 7.68 0 (1.963495 3.752241 1.963495)
RLR 11.63 0 (3.888099 3.849209 3.888099)
LRL inf 1 (inf inf inf)

# 1.963495 -1.963495 6.000000
# best = 3 = RSR
LSL 16.49 0 (4.319690 7.847759 4.319690)
LSR 12.92 0 (4.783563 5.708396 2.427367)
RSL 12.92 0 (2.427367 5.708396 4.783563)
RSR 8.08 0 (1.963495 4.152241 1.963495)
RLR inf 1 (inf inf inf)
LRL inf 1 (inf inf inf)

# 1.963495 -1.963495 6.400000
# best = 3 = RSR
LSL 16.89 0 (4.319690 8.247759 4.319690)
LSR 13.28 0 (4.754211 6.127462 2.398015)
RSL 13.28 0 (2.398015 6.127462 4.754211)
RSR 8.48 0 (1.963495 4.552241 1.963495)
RLR inf 1 (inf inf inf)
LRL inf 1 (inf inf inf)

# 1.963495 -1.963495 6.800000
# best = 3 = RSR
LSL 17.29 0 (4.319690 8.647759 4.319690)
LSR 13.64 0 (4.728374 6.544141 2.372179)
RSL 13.64 0 (2.372179 6.544141 4.728374)
RSR 8.88 0 (1.963495 4.952241 1.963495)
RLR inf 1 (inf inf inf)
LRL inf 1 (inf inf inf)

# 1.963495 -1.963495 7.200000
# best = 3 = RSR
LSL 17.69 0 (4.319690 9.047759 4.319690)
LSR 14.01 0 (4.705454 6.958864 2.349259)
RSL 14.01 0 (2.349259 6.958864 4.705454)
RSR 9.28 0 (1.963495 5.352241 1.963495)
RLR inf 1 (inf inf inf)
LRL inf 1 (inf inf inf)

# 1.963495 -1.963495 7.600000
# best = 3 = RSR
LSL 18.09 0 (4.319690 9.447759 4.319690)
LSR 14.39 0 (4.684980 7.371959 2.328784)
RSL 14.39 0 (2.328784 7.371959 4.684980)
RSR 9.68 0 (1.963495 5.752241 1.963495)
RLR inf 1 (inf inf inf)
LRL inf 1 (inf inf inf)

# 1.963495 -1.963495 8.000000
# best = 3 = RSR
LSL 18.49 0 (4.319690 9.847759 4.319690)
LSR 14.76 0 (4.666578 7.783687 2.310382)
RSL 14.76 0 (2.310382 7.783687 4.666578)
RSR 10.08 0 (1.963495 6.152241 1.963495)
RLR inf 1 (inf inf inf)
LRL inf 1 (inf inf inf)

# 2.356194 -1.963495 0.400000
# best = 5 = LRL
LSL 10.30 0 (4.085390 2.056735 4.161292)
LSR inf 1 (inf inf inf)
RSL inf 1 (inf inf inf)
RSR 11.88 0 (5.240099 1.273020 5.362776)
RLR 9.31 0 (1.774618 5.635409 1.897295)
LRL 6.09 0 (0.403742 5.203074 0.479643)

# 2.356194 -1.963495 0.800000
# best = 5 = LRL
LSL 10.70 0 (4.059661 2.452539 4.187021)
LSR inf 1 (inf inf inf)
RSL inf 1 (inf inf inf)
RSR 11.49 0 (5.125577 0.892070 5.477297)
RLR 9.70 0 (1.759075 5.833367 2.110796)
LRL 5.61 0 (0.258045 4.963140 0.385406)

# 2.356194 -1.963495 1.200000
# best = 5 = LRL
LSL 11.10 0 (4.041091 2.849515 4.205591)
LSR inf 1 (inf inf inf)
RSL inf 1 (inf inf inf)
RSR 11.14 0 (4.852531 0.539444 5.750344)
RLR 10.06 0 (1.575665 6.012639 2.473478)
LRL 5.08 0 (0.106616 4.697421 0.271116)

# 2.356194 -1.963495 1.600000
# best = 3 = RSR
LSL 11.49 0 (4.027066 3.247234 4.219616)
LSR inf 1 (inf inf inf)
RSL 10.92 0 (4.131164 0.698787 6.094661)
RSR 4.65 0 (4.022215 0.325900 0.297474)
RLR 10.28 0 (0.799057 6.120055 3.357501)
LRL 10.74 0 (6.221416 4.388700 0.130781)

# 2.356194 -1.963495 2.000000
# best = 3 = RSR
LSL 11.89 0 (4.016103 3.645451 4.230578)
LSR 10.15 0 (5.752031 0.606252 3.788535)
RSL 10.93 0 (3.756684 1.449732 5.720180)
RSR 4.81 0 (3.077378 0.491346 1.242311)
RLR 16.39 0 (6.095823 6.036890 4.260756)
LRL 16.23 0 (6.011113 3.990019 6.225588)

# 2.356194 -1.963495 2.400000
# best = 3 = RSR
LSL 12.29 0 (4.007301 4.044021 4.239381)
LSR 10.14 0 (5.350746 1.397900 3.387249)
RSL 11.04 0 (3.534023 2.008766 5.497520)
RSR 5.15 0 (2.755410 0.834645 1.564279)
RLR 16.05 0 (5.686797 5.862774 4.495666)
LRL inf 1 (inf inf inf)

# 2.356194 -1.963495 2.800000
# best = 3 = RSR
LSL 12.69 0 (4.000078 4.442848 4.246604)
LSR 10.24 0 (5.120468 1.964868 3.156971)
RSL 11.22 0 (3.376091 2.507700 5.339588)
RSR 5.53 0 (2.626901 1.213195 1.692788)
RLR 15.65 0 (5.460341 5.666880 4.526228)
LRL inf 1 (inf inf inf)

# 2.356194 -1.963495 3.200000
# best = 3 = RSR
LSL 13.09 0 (3.994045 4.841868 4.252636)
LSR 10.42 0 (4.958420 2.467243 2.994923)
RSL 11.45 0 (3.256521 2.976907 5.220017)
RSR 5.92 0 (2.560090 1.602203 1.759599)
RLR 15.24 0 (5.289565 5.458950 4.489074)
LRL inf 1 (inf inf inf)

# 2.356194 -1.963495 3.600000
# best = 3 = RSR
LSL 13.49 0 (3.988932 5.241037 4.257750)
LSR 10.65 0 (4.836237 2.938345 2.872740)
RSL 11.72 0 (3.162389 3.428614 5.125885)
RSR 6.32 0 (2.519491 1.995561 1.800198)
RLR 14.80 0 (5.138766 5.238550 4.419473)
LRL inf 1 (inf inf inf)

# 2.356194 -1.963495 4.000000
# best = 3 = RSR
LSL 13.89 0 (3.984542 5.640325 4.262140)
LSR 10.91 0 (4.740310 3.391231 2.776814)
RSL 12.00 0 (3.086206 3.868955 5.049702)
RSR 6.71 0 (2.492292 2.391124 1.827397)
RLR 14.32 0 (4.993154 5.001725 4.328259)
LRL inf 1 (inf inf inf)

# 2.356194 -1.963495 4.400000
# best = 3 = RSR
LSL 14.29 0 (3.980732 6.039706 4.265949)
LSR 11.19 0 (4.662832 3.832366 2.699335)
RSL 12.31 0 (3.023228 4.301422 4.986724)
RSR 7.11 0 (2.472824 2.787953 1.846865)
RLR 13.80 0 (4.843228 4.740807 4.217268)
LRL inf 1 (inf inf inf)

# 2.356194 -1.963495 4.800000
# best = 3 = RSR
LSL 14.69 0 (3.977395 6.439165 4.269286)
LSR 11.50 0 (4.598885 4.265397 2.635389)
RSL 12.63 0 (2.970272 4.728176 4.933768)
RSR 7.51 0 (2.458212 3.185576 1.861477)
RLR 13.20 0 (4.678496 4.440567 4.081760)
LRL inf 1 (inf inf inf)

# 2.356194 -1.963495 5.200000
# best = 3 = RSR
LSL 15.09 0 (3.974449 6.838686 4.272233)
LSR 11.82 0 (4.545185 4.692568 2.581688)
RSL 12.96 0 (2.925113 5.150637 4.888609)
RSR 7.90 0 (2.446845 3.583728 1.872844)
RLR 12.44 0 (4.477913 4.062135 3.903912)
LRL inf 1 (inf inf inf)

# 2.356194 -1.963495 5.600000
# best = 3 = RSR
LSL 15.48 0 (3.971827 7.238261 4.274855)
LSR 12.15 0 (4.499440 5.115347 2.535944)
RSL 13.31 0 (2.886141 5.569783 4.849637)
RSR 8.30 0 (2.437752 3.982250 1.881937)
RLR 10.98 0 (4.102790 3.330076 3.546975)
LRL inf 1 (inf inf inf)

# 2.356194 -1.963495 6.000000
# best = 3 = RSR
LSL 15.88 0 (3.969480 7.637880 4.277202)
LSR 12.49 0 (4.460000 5.534741 2.496504)
RSL 13.65 0 (2.852166 5.986310 4.815662)
RSR 8.70 0 (2.430313 4.381042 1.889376)
RLR inf 1 (inf inf inf)
LRL inf 1 (inf inf inf)

# 2.356194 -1.963495 6.400000
# best = 3 = RSR
LSL 16.28 0 (3.967366 8.037537 4.279316)
LSR 12.84 0 (4.425644 5.951466 2.462148)
RSL 14.01 0 (2.822282 6.400728 4.785778)
RSR 9.10 0 (2.424117 4.780035 1.895572)
RLR inf 1 (inf inf inf)
LRL inf 1 (inf inf inf)

# 2.356194 -1.963495 6.800000
# best = 3 = RSR
LSL 16.68 0 (3.965452 8.437226 4.281229)
LSR 13.19 0 (4.395447 6.366045 2.431950)
RSL 14.37 0 (2.795793 6.813423 4.759289)
RSR 9.50 0 (2.418875 5.179184 1.900814)
RLR inf 1 (inf inf inf)
LRL inf 1 (inf inf inf)

# 2.356194 -1.963495 7.200000
# best = 3 = RSR
LSL 17.08 0 (3.963712 8.836944 4.282970)
LSR 13.55 0 (4.368696 6.778872 2.405199)
RSL 14.73 0 (2.772151 7.224691 4.735647)
RSR 9.90 0 (2.414383 5.578455 1.905306)
RLR inf 1 (inf inf inf)
LRL inf 1 (inf inf inf)

# 2.356194 -1.963495 7.600000
# best = 3 = RSR
LSL 17.48 0 (3.962122 9.236686 4.284560)
LSR 13.92 0 (4.344833 7.190250 2.381337)
RSL 15.10 0 (2.750921 7.634761 4.714417)
RSR 10.30 0 (2.410492 5.977823 1.909197)
RLR inf 1 (inf inf inf)
LRL inf 1 (inf inf inf)

# 2.356194 -1.963495 8.000000
# best = 3 = RSR
LSL 17.88 0 (3.960664 9.636449 4.286018)
LSR 14.28 0 (4.323415 7.600413 2.359919)
RSL 15.47 0 (2.731751 8.043817 4.695247)
RSR 10.70 0 (2.407088 6.377271 1.912601)
RLR inf 1 (inf inf inf)
LRL inf 1 (inf inf inf)

# 2.748894 -1.963495 0.400000
# best = 5 = LRL
LSL 9.64 0 (3.841386 1.790321 4.012596)
LSR inf 1 (inf inf inf)
RSL inf 1 (inf inf inf)
RSR 12.05 0 (5.352293 1.055817 5.643281)
RLR 9.93 0 (1.943581 5.748946 2.234569)
LRL 6.00 0 (0.235735 5.355070 0.406946)

# 2.748894 -1.963495 0.800000
# best = 5 = LRL
LSL 10.03 0 (3.785763 2.174971 4.068219)
LSR inf 1 (inf inf inf)
RSL inf 1 (inf inf inf)
RSR 11.74 0 (5.072045 0.741282 5.923529)
RLR 10.25 0 (1.744055 5.910389 2.595538)
LRL 5.55 0 (0.069280 5.133404 0.351736)

# 2.748894 -1.963495 1.200000
# best = 3 = RSR
LSL 10.42 0 (3.746939 2.564323 4.107043)
LSR inf 1 (inf inf inf)
RSL 11.55 0 (4.557517 0.859577 6.128313)
RSR 5.26 0 (4.514105 0.551588 0.198284)
RLR 10.44 0 (1.234175 6.006510 3.201538)
LRL 11.35 0 (6.192626 4.891374 0.269545)

# 2.748894 -1.963495 1.600000
# best = 3 = RSR
LSL 10.81 0 (3.718381 2.956518 4.135600)
LSR inf 1 (inf inf inf)
RSL 11.52 0 (4.219650 1.513879 5.790446)
RSR 5.33 0 (3.822855 0.615629 0.889534)
RLR 10.38 0 (0.526741 5.974142 3.876606)
LRL 10.81 0 (6.028197 4.619631 0.162230)

# 2.748894 -1.963495 2.000000
# best = 3 = RSR
LSL 11.20 0 (3.696526 3.350560 4.157455)
LSR inf 1 (inf inf inf)
RSL 11.61 0 (3.999106 2.040781 5.569902)
RSR 5.59 0 (3.411603 0.879630 1.300786)
RLR 10.11 0 (0.048291 5.839746 4.220659)
LRL 10.17 0 (5.845171 4.297289 0.022915)

# 2.748894 -1.963495 2.400000
# best = 3 = RSR
LSL 11.60 0 (3.679277 3.745865 4.174704)
LSR 9.95 0 (5.223371 1.078080 3.652575)
RSL 11.77 0 (3.837514 2.521457 5.408310)
RSR 5.93 0 (3.208493 1.220041 1.503896)
RLR 16.04 0 (6.040137 5.663287 4.335539)
LRL 15.57 0 (5.608454 3.858353 6.103881)

# 2.748894 -1.963495 2.800000
# best = 3 = RSR
LSL 12.00 0 (3.665324 4.142071 4.188657)
LSR 9.97 0 (4.931983 1.676096 3.361186)
RSL 11.98 0 (3.713005 2.978372 5.283801)
RSR 6.30 0 (3.096558 1.588474 1.615831)
RLR 15.65 0 (5.829776 5.466435 4.349049)
LRL inf 1 (inf inf inf)

# 2.748894 -1.963495 3.200000
# best = 3 = RSR
LSL 12.39 0 (3.653810 4.538943 4.200172)
LSR 10.08 0 (4.732154 2.185484 3.161358)
RSL 12.22 0 (3.613918 3.421061 5.184714)
RSR 6.68 0 (3.027298 1.969263 1.685091)
RLR 15.22 0 (5.654143 5.253689 4.311935)
LRL inf 1 (inf inf inf)

# 2.748894 -1.963495 3.600000
# best = 3 = RSR
LSL 12.79 0 (3.644148 4.936320 4.209834)
LSR 10.25 0 (4.583098 2.657703 3.012302)
RSL 12.49 0 (3.533153 3.854428 5.103949)
RSR 7.07 0 (2.980631 2.356427 1.731758)
RLR 14.76 0 (5.492271 5.023279 4.243398)
LRL inf 1 (inf inf inf)

# 2.748894 -1.963495 4.000000
# best = 3 = RSR
LSL 13.19 0 (3.635926 5.334089 4.218055)
LSR 10.47 0 (4.467010 3.109731 2.896214)
RSL 12.78 0 (3.466063 4.281305 5.036859)
RSR 7.46 0 (2.947185 2.747271 1.765204)
RLR 14.25 0 (5.331676 4.768982 4.149695)
LRL inf 1 (inf inf inf)

# 2.748894 -1.963495 4.400000
# best = 3 = RSR
LSL 13.59 0 (3.628846 5.732168 4.225136)
LSR 10.73 0 (4.373911 3.549291 2.803115)
RSL 13.09 0 (3.409456 4.703459 4.980252)
RSR 7.85 0 (2.922091 3.140422 1.790298)
RLR 13.67 0 (5.160817 4.477453 4.029024)
LRL inf 1 (inf inf inf)

# 2.748894 -1.963495 4.800000
# best = 3 = RSR
LSL 13.98 0 (3.622686 6.130498 4.231296)
LSR 11.00 0 (4.297570 3.980517 2.726774)
RSL 13.41 0 (3.361065 5.122059 4.931861)
RSR 8.25 0 (2.902590 3.535109 1.809799)
RLR 12.94 0 (4.960309 4.115436 3.867517)
LRL inf 1 (inf inf inf)

# 2.748894 -1.963495 5.200000
# best = 3 = RSR
LSL 14.38 0 (3.617277 6.529031 4.236704)
LSR 11.30 0 (4.233844 4.405855 2.663048)
RSL 13.75 0 (3.319230 5.537910 4.890027)
RSR 8.64 0 (2.887011 3.930871 1.825378)
RLR 11.74 0 (4.643992 3.513961 3.582358)
LRL inf 1 (inf inf inf)

# 2.748894 -1.963495 5.600000
# best = 3 = RSR
LSL 14.78 0 (3.612491 6.927734 4.241490)
LSR 11.62 0 (4.179857 4.826862 2.609060)
RSL 14.09 0 (3.282711 5.951588 4.853507)
RSR 9.04 0 (2.874285 4.327412 1.838104)
RLR inf 1 (inf inf inf)
LRL inf 1 (inf inf inf)

# 2.748894 -1.963495 6.000000
# best = 3 = RSR
LSL 15.18 0 (3.608226 7.326579 4.245755)
LSR 11.94 0 (4.133544 5.244582 2.562748)
RSL 14.44 0 (3.250559 6.363518 4.821356)
RSR 9.44 0 (2.863696 4.724537 1.848693)
RLR inf 1 (inf inf inf)
LRL inf 1 (inf inf inf)

# 2.748894 -1.963495 6.400000
# best = 3 = RSR
LSL 15.58 0 (3.604402 7.725542 4.249580)
LSR 12.28 0 (4.093386 5.659742 2.522590)
RSL 14.79 0 (3.222039 6.774018 4.792836)
RSR 9.83 0 (2.854751 5.122109 1.857638)
RLR inf 1 (inf inf inf)
LRL inf 1 (inf inf inf)

# 2.748894 -1.963495 6.800000
# best = 3 = RSR
LSL 15.98 0 (3.600953 8.124608 4.253029)
LSR 12.62 0 (4.058238 6.072868 2.487442)
RSL 15.15 0 (3.196572 7.183333 4.767368)
RSR 10.23 0 (2.847094 5.520031 1.865295)
RLR inf 1 (inf inf inf)
LRL inf 1 (inf inf inf)

# 2.748894 -1.963495 7.200000
# best = 3 = RSR
LSL 16.38 0 (3.597827 8.523761 4.256155)
LSR 12.97 0 (4.027223 6.484348 2.456427)
RSL 15.51 0 (3.173693 7.591655 4.744489)
RSR 10.63 0 (2.840468 5.918234 1.871921)
RLR inf 1 (inf inf inf)
LRL inf 1 (inf inf inf)

# 2.748894 -1.963495 7.600000
# best = 3 = RSR
LSL 16.78 0 (3.594980 8.922990 4.259001)
LSR 13.32 0 (3.999655 6.894477 2.428858)
RSL 15.88 0 (3.153029 7.999137 4.723825)
RSR 11.03 0 (2.834677 6.316664 1.877712)
RLR inf 1 (inf inf inf)
LRL inf 1 (inf inf inf)

# 2.748894 -1.963495 8.000000
# best = 3 = RSR
LSL 17.18 0 (3.592378 9.322285 4.261604)
LSR 13.68 0 (3.974992 7.303482 2.404195)
RSL 16.25 0 (3.134274 8.405900 4.705070)
RSR 11.43 0 (2.829573 6.715281 1.882816)
RLR inf 1 (inf inf inf)
LRL inf 1 (inf inf inf)

# 3.141593 -1.963495 0.400000
# best = 5 = LRL
LSL 8.92 0 (3.577913 1.460732 3.883369)
LSR inf 1 (inf inf inf)
RSL inf 1 (inf inf inf)
RSR 12.20 0 (5.416093 0.809648 5.972180)
RLR 10.57 0 (2.070680 5.875545 2.626768)
LRL 5.97 0 (0.062491 5.535527 0.367947)

# 3.141593 -1.963495 0.800000
# best = 3 = RSR
LSL 9.29 0 (3.485463 1.831076 3.975820)
LSR inf 1 (inf inf inf)
RSL 12.02 0 (4.949040 0.939987 6.127137)
RSR 5.73 0 (4.910433 0.629624 0.194655)
RLR 10.76 0 (1.610777 5.967059 3.178185)
LRL 11.84 0 (6.151571 5.332217 0.358743)

# 3.141593 -1.963495 1.200000
# best = 3 = RSR
LSL 9.67 0 (3.424454 2.211774 4.036828)
LSR inf 1 (inf inf inf)
RSL 11.99 0 (4.628144 1.556496 5.806241)
RSR 5.78 0 (4.291790 0.676256 0.813298)
RLR 10.71 0 (0.980317 5.943425 3.785011)
LRL 11.40 0 (5.980154 5.111400 0.309343)

# 3.141593 -1.963495 1.600000
# best = 3 = RSR
LSL 10.06 0 (3.381473 2.598278 4.079809)
LSR inf 1 (inf inf inf)
RSL 12.07 0 (4.411159 2.069247 5.589257)
RSR 6.02 0 (3.881559 0.915543 1.223529)
RLR 10.46 0 (0.509034 5.821319 4.134188)
LRL 10.92 0 (5.816048 4.869149 0.231199)

# 3.141593 -1.963495 2.000000
# best = 3 = RSR
LSL 10.45 0 (3.349666 2.988336 4.111617)
LSR inf 1 (inf inf inf)
RSL 12.22 0 (4.249983 2.541827 5.428080)
RSR 6.35 0 (3.662412 1.240611 1.442676)
RLR 10.13 0 (0.205466 5.652478 4.268915)
LRL 10.37 0 (5.647594 4.595857 0.126360)

# 3.141593 -1.963495 2.400000
# best = 3 = RSR
LSL 10.84 0 (3.325222 3.380718 4.136061)
LSR 9.75 0 (5.315621 0.301235 4.137523)
RSL 12.42 0 (4.124834 2.993324 5.302931)
RSR 6.71 0 (3.537692 1.600004 1.567396)
RLR 16.03 0 (6.267767 5.460149 4.297471)
LRL 16.00 0 (5.459914 4.269383 6.270752)

# 3.141593 -1.963495 2.800000
# best = 3 = RSR
LSL 11.24 0 (3.305871 3.774700 4.155412)
LSR 9.64 0 (4.808376 1.196511 3.630279)
RSL 12.66 0 (4.024748 3.432069 5.202846)
RSR 7.08 0 (3.459474 1.975072 1.645614)
RLR 15.61 0 (6.084649 5.250350 4.270789)
LRL 15.09 0 (5.213897 3.816052 6.063438)

# 3.141593 -1.963495 3.200000
# best = 3 = RSR
LSL 11.63 0 (3.290182 4.169827 4.171100)
LSR 9.65 0 (4.537036 1.758560 3.358939)
RSL 12.93 0 (3.942896 3.862408 5.120993)
RSR 7.46 0 (3.406436 2.358348 1.698652)
RLR 15.15 0 (5.917482 5.022090 4.209697)
LRL inf 1 (inf inf inf)

# 3.141593 -1.963495 3.600000
# best = 3 = RSR
LSL 12.03 0 (3.277212 4.565804 4.184071)
LSR 9.76 0 (4.344597 2.252428 3.166500)
RSL 13.21 0 (3.874740 4.286876 5.052838)
RSR 7.85 0 (3.368303 2.746398 1.736785)
RLR 14.64 0 (5.753095 4.769582 4.121576)
LRL inf 1 (inf inf inf)

# 3.141593 -1.963495 4.000000
# best = 3 = RSR
LSL 12.42 0 (3.266314 4.962426 4.194969)
LSR 9.94 0 (4.198822 2.715571 3.020725)
RSL 13.52 0 (3.817135 4.707059 4.995232)
RSR 8.24 0 (3.339643 3.137451 1.765445)
RLR 14.06 0 (5.579567 4.479849 4.005370)
LRL inf 1 (inf inf inf)

# 3.141593 -1.963495 4.400000
# best = 3 = RSR
LSL 12.82 0 (3.257029 5.359550 4.204253)
LSR 10.15 0 (4.084222 3.161522 2.906125)
RSL 13.84 0 (3.767826 5.124013 4.945923)
RSR 8.64 0 (3.317349 3.530509 1.787739)
RLR 13.35 0 (5.377519 4.120341 3.847910)
LRL inf 1 (inf inf inf)

# 3.141593 -1.963495 4.800000
# best = 3 = RSR
LSL 13.22 0 (3.249026 5.757072 4.212256)
LSR 10.40 0 (3.991730 3.596682 2.813632)
RSL 14.17 0 (3.725155 5.538467 4.903252)
RSR 9.03 0 (3.299528 3.924970 1.805560)
RLR 12.16 0 (5.064316 3.529576 3.570348)
LRL inf 1 (inf inf inf)

# 3.141593 -1.963495 5.200000
# best = 3 = RSR
LSL 13.62 0 (3.242058 6.154915 4.219225)
LSR 10.68 0 (3.915536 4.024551 2.737438)
RSL 14.50 0 (3.687877 5.950943 4.865974)
RSR 9.43 0 (3.284966 4.320450 1.820122)
RLR inf 1 (inf inf inf)
LRL inf 1 (inf inf inf)

# 3.141593 -1.963495 5.600000
# best = 3 = RSR
LSL 14.01 0 (3.235936 6.553021 4.225347)
LSR 10.97 0 (3.851710 4.447236 2.673612)
RSL 14.85 0 (3.655037 6.361825 4.833134)
RSR 9.82 0 (3.272849 4.716692 1.832239)
RLR inf 1 (inf inf inf)
LRL inf 1 (inf inf inf)

# 3.141593 -1.963495 6.000000
# best = 3 = RSR
LSL 14.41 0 (3.230515 6.951344 4.230768)
LSR 11.28 0 (3.797490 4.866087 2.619393)
RSL 15.20 0 (3.625892 6.771405 4.803989)
RSR 10.22 0 (3.262611 5.113519 1.842477)
RLR inf 1 (inf inf inf)
LRL inf 1 (inf inf inf)

# 3.141593 -1.963495 6.400000
# best = 3 = RSR
LSL 14.81 0 (3.225682 7.349850 4.235601)
LSR 11.61 0 (3.750877 5.282017 2.572780)
RSL 15.56 0 (3.599856 7.179905 4.777954)
RSR 10.62 0 (3.253848 5.510806 1.851240)
RLR inf 1 (inf inf inf)
LRL inf 1 (inf inf inf)

# 3.141593 -1.963495 6.800000
# best = 3 = RSR
LSL 15.21 0 (3.221346 7.748509 4.239937)
LSR 11.94 0 (3.710388 5.695665 2.532290)
RSL 15.92 0 (3.576460 7.587499 4.754557)
RSR 11.01 0 (3.246264 5.908458 1.858824)
RLR inf 1 (inf inf inf)
LRL inf 1 (inf inf inf)

# 3.141593 -1.963495 7.200000
# best = 3 = RSR
LSL 15.61 0 (3.217435 8.147300 4.243848)
LSR 12.28 0 (3.674898 6.107495 2.496801)
RSL 16.28 0 (3.555323 7.994325 4.733420)
RSR 11.41 0 (3.239637 6.306407 1.865451)
RLR inf 1 (inf inf inf)
LRL inf 1 (inf inf inf)

# 3.141593 -1.963495 7.600000
# best = 3 = RSR
LSL 16.01 0 (3.213888 8.546204 4.247394)
LSR 12.63 0 (3.643543 6.517852 2.465445)
RSL 16.65 0 (3.536135 8.400497 4.714232)
RSR 11.81 0 (3.233797 6.704600 1.871291)
RLR inf 1 (inf inf inf)
LRL inf 1 (inf inf inf)

# 3.141593 -1.963495 8.000000
# best = 3 = RSR
LSL 16.41 0 (3.210658 8.945206 4.250624)
LSR 12.98 0 (3.615643 6.926997 2.437546)
RSL 17.02 0 (3.518639 8.806103 4.696737)
RSR 12.21 0 (3.228612 7.102997 1.876476)
RLR inf 1 (inf inf inf)
LRL inf 1 (inf inf inf)

# -3.141593 -1.570796 0.400000
# best = 5 = LRL
LSL 9.57 0 (3.761843 1.720466 4.092140)
LSR inf 1 (inf inf inf)
RSL inf 1 (inf inf inf)
RSR 12.16 0 (5.252808 1.166191 5.742765)
RLR 9.81 0 (1.815371 5.691496 2.305328)
LRL 6.08 0 (0.175628 5.393942 0.505925)

# -3.141593 -1.570796 0.800000
# best = 2 = RSL
LSL 9.91 0 (3.648692 2.059126 4.205291)
LSR inf 1 (inf inf inf)
RSL 5.74 0 (4.979269 0.489896 0.266881)
RSR 12.02 0 (4.909784 1.019804 6.085789)
RLR 9.96 0 (1.510395 5.767591 2.686399)
LRL 11.97 0 (6.249531 5.201679 0.522945)

# -3.141593 -1.570796 1.200000
# best = 3 = RSR
LSL 10.27 0 (3.568221 2.416610 4.285762)
LSR inf 1 (inf inf inf)
RSL 12.01 0 (4.543049 1.356465 6.113846)
RSR 5.73 0 (4.514993 1.019804 0.197395)
RLR 9.96 0 (1.115604 5.767591 3.081190)
LRL 11.54 0 (6.061111 4.985782 0.495467)

# -3.141593 -1.570796 1.600000
# best = 3 = RSR
LSL 10.64 0 (3.508767 2.785678 4.345215)
LSR inf 1 (inf inf inf)
RSL 12.13 0 (4.309631 1.939071 5.880428)
RSR 5.88 0 (4.171970 1.166190 0.540419)
RLR 9.81 0 (0.734533 5.691497 3.386167)
LRL 11.06 0 (5.879963 4.742393 0.433227)

# -3.141593 -1.570796 2.000000
# best = 3 = RSR
LSL 11.02 0 (3.463344 3.162278 4.390639)
LSR inf 1 (inf inf inf)
RSL 12.32 0 (4.148062 2.449489 5.718859)
RSR 6.13 0 (3.926991 1.414214 0.785398)
RLR 9.55 0 (0.424031 5.560451 3.565623)
LRL 10.49 0 (5.693198 4.459708 0.337308)

# -3.141593 -1.570796 2.400000
# best = 3 = RSR
LSL 11.40 0 (3.427645 3.544009 4.426338)
LSR inf 1 (inf inf inf)
RSL 12.55 0 (4.027268 2.925747 5.598065)
RSR 6.43 0 (3.761842 1.720465 0.950546)
RLR 9.22 0 (0.175628 5.393942 3.647517)
LRL 9.78 0 (5.480586 4.105883 0.196094)

# -3.141593 -1.570796 2.800000
# best = 3 = RSR
LSL 11.78 0 (3.398917 3.929377 4.455066)
LSR 8.88 0 (4.979268 0.489899 3.408471)
RSL 12.82 0 (3.932923 3.382306 5.503720)
RSR 6.77 0 (3.648691 2.059126 1.063697)
RLR 15.12 0 (6.249531 5.201680 3.664537)
LRL 14.89 0 (5.157904 3.517975 6.214053)

# -3.141593 -1.570796 3.200000
# best = 3 = RSR
LSL 12.17 0 (3.375336 4.317407 4.478646)
LSR 8.87 0 (4.543049 1.356466 2.972252)
RSL 13.11 0 (3.856984 3.826225 5.427781)
RSR 7.13 0 (3.568220 2.416609 1.144168)
RLR 14.68 0 (6.061111 4.985782 3.637059)
LRL inf 1 (inf inf inf)

# -3.141593 -1.570796 3.600000
# best = 3 = RSR
LSL 12.56 0 (3.355654 4.707441 4.498329)
LSR 8.99 0 (4.309631 1.939072 2.738834)
RSL 13.42 0 (3.794459 4.261455 5.365256)
RSR 7.50 0 (3.508766 2.785677 1.203622)
RLR 14.20 0 (5.879963 4.742394 3.574819)
LRL inf 1 (inf inf inf)

# -3.141593 -1.570796 4.000000
# best = 3 = RSR
LSL 12.95 0 (3.338989 5.099020 4.514994)
LSR 9.17 0 (4.148063 2.449490 2.577266)
RSL 13.75 0 (3.742045 4.690415 5.312842)
RSR 7.87 0 (3.463343 3.162277 1.249045)
RLR 13.63 0 (5.693197 4.459709 3.478900)
LRL inf 1 (inf inf inf)

# -3.141593 -1.570796 4.400000
# best = 3 = RSR
LSL 13.35 0 (3.324704 5.491812 4.529278)
LSR 9.41 0 (4.027269 2.925748 2.456472)
RSL 14.08 0 (3.697454 5.114684 5.268251)
RSR 8.26 0 (3.427644 3.544009 1.284744)
RLR 12.92 0 (5.480586 4.105883 3.337686)
LRL inf 1 (inf inf inf)

# -3.141593 -1.570796 4.800000
# best = 3 = RSR
LSL 13.74 0 (3.312328 5.885576 4.541654)
LSR 9.68 0 (3.932924 3.382307 2.362127)
RSL 14.42 0 (3.659046 5.535341 5.229843)
RSR 8.64 0 (3.398916 3.929376 1.313472)
RLR 11.75 0 (5.157905 3.517977 3.072461)
LRL inf 1 (inf inf inf)

# -3.141593 -1.570796 5.200000
# best = 3 = RSR
LSL 14.13 0 (3.301506 6.280128 4.552476)
LSR 9.97 0 (3.856985 3.826226 2.286188)
RSL 14.78 0 (3.625615 5.953150 5.196412)
RSR 9.03 0 (3.375336 4.317406 1.337053)
RLR inf 1 (inf inf inf)
LRL inf 1 (inf inf inf)

# -3.141593 -1.570796 5.600000
# best = 3 = RSR
LSL 14.53 0 (3.291964 6.675328 4.562018)
LSR 10.28 0 (3.794460 4.261455 2.223663)
RSL 15.13 0 (3.596248 6.368673 5.167045)
RSR 9.42 0 (3.355653 4.707441 1.356735)
RLR inf 1 (inf inf inf)
LRL inf 1 (inf inf inf)

# -3.141593 -1.570796 6.000000
# best = 3 = RSR
LSL 14.93 0 (3.283490 7.071068 4.570492)
LSR 10.60 0 (3.742046 4.690416 2.171249)
RSL 15.49 0 (3.570246 6.782330 5.141043)
RSR 9.81 0 (3.338988 5.099019 1.373400)
RLR inf 1 (inf inf inf)
LRL inf 1 (inf inf inf)

# -3.141593 -1.570796 6.400000
# best = 3 = RSR
LSL 15.32 0 (3.275914 7.467262 4.578068)
LSR 10.94 0 (3.697454 5.114685 2.126657)
RSL 15.86 0 (3.547060 7.194442 5.117857)
RSR 10.20 0 (3.324703 5.491812 1.387685)
RLR inf 1 (inf inf inf)
LRL inf 1 (inf inf inf)

# -3.141593 -1.570796 6.800000
# best = 3 = RSR
LSL 15.72 0 (3.269103 7.863842 4.584880)
LSR 11.28 0 (3.659047 5.535341 2.088250)
RSL 16.23 0 (3.526255 7.605261 5.097052)
RSR 10.60 0 (3.312328 5.885575 1.400061)
RLR inf 1 (inf inf inf)
LRL inf 1 (inf inf inf)

# -3.141593 -1.570796 7.200000
# best = 3 = RSR
LSL 16.11 0 (3.262945 8.260751 4.591037)
LSR 11.63 0 (3.625616 5.953151 2.054819)
RSL 16.60 0 (3.507483 8.014986 5.078280)
RSR 10.99 0 (3.301505 6.280127 1.410883)
RLR inf 1 (inf inf inf)
LRL inf 1 (inf inf inf)

# -3.141593 -1.570796 7.600000
# best = 3 = RSR
LSL 16.51 0 (3.257352 8.657945 4.596630)
LSR 11.99 0 (3.596249 6.368674 2.025452)
RSL 16.98 0 (3.490459 8.423775 5.061256)
RSR 11.39 0 (3.291964 6.675327 1.420425)
RLR inf 1 (inf inf inf)
LRL inf 1 (inf inf inf)

# -3.141593 -1.570796 8.000000
# best = 3 = RSR
LSL 16.91 0 (3.252250 9.055386 4.601732)
LSR 12.35 0 (3.570247 6.782330 1.999450)
RSL 17.35 0 (3.474949 8.831760 5.045746)
RSR 11.78 0 (3.283489 7.071068 1.428899)
RLR inf 1 (inf inf inf)
LRL inf 1 (inf inf inf)

# -2.748894 -1.570796 0.400000
# best = 2 = RSL
LSL 8.84 0 (3.486196 1.374223 3.975088)
LSR inf 1 (inf inf inf)
RSL 6.06 0 (5.494704 0.177516 0.389617)
RSR 12.34 0 (5.336110 0.949095 6.052163)
RLR 10.43 0 (1.954959 5.804068 2.671011)
LRL 12.34 0 (6.277088 5.581784 0.482795)

# -2.748894 -1.570796 0.800000
# best = 3 = RSR
LSL 9.15 0 (3.326570 1.691846 4.134714)
LSR inf 1 (inf inf inf)
RSL 12.33 0 (4.939073 1.271872 6.117171)
RSR 6.05 0 (4.909871 0.941768 0.195216)
RLR 10.44 0 (1.530605 5.807839 3.099135)
LRL 12.00 0 (6.031451 5.409763 0.556410)

# -2.748894 -1.570796 1.200000
# best = 3 = RSR
LSL 9.50 0 (3.219220 2.038675 4.242064)
LSR inf 1 (inf inf inf)
RSL 12.45 0 (4.694893 1.877180 5.872991)
RSR 6.20 0 (4.542406 1.092279 0.562681)
RLR 10.28 0 (1.124231 5.730020 3.427691)
LRL 11.61 0 (5.826013 5.213586 0.565671)

# -2.748894 -1.570796 1.600000
# best = 3 = RSR
LSL 9.86 0 (3.143684 2.402093 4.317599)
LSR inf 1 (inf inf inf)
RSL 12.64 0 (4.529835 2.397906 5.707933)
RSR 6.45 0 (4.288857 1.348785 0.816230)
RLR 10.01 0 (0.803327 5.595311 3.613886)
LRL 11.17 0 (5.641122 4.994875 0.531851)

# -2.748894 -1.570796 2.000000
# best = 3 = RSR
LSL 10.24 0 (3.088228 2.775590 4.373056)
LSR inf 1 (inf inf inf)
RSL 12.87 0 (4.407849 2.880295 5.585947)
RSR 6.77 0 (4.123340 1.662939 0.981747)
RLR 9.67 0 (0.552997 5.425684 3.694589)
LRL 10.68 0 (5.462933 4.749410 0.464575)

# -2.748894 -1.570796 2.400000
# best = 3 = RSR
LSL 10.62 0 (3.046022 3.155591 4.415261)
LSR inf 1 (inf inf inf)
RSL 13.15 0 (4.313248 3.340994 5.491346)
RSR 7.11 0 (4.012434 2.007863 1.092653)
RLR 9.28 0 (0.344971 5.231445 3.708376)
LRL 10.11 0 (5.278602 4.465159 0.364655)

# -2.748894 -1.570796 2.800000
# best = 3 = RSR
LSL 11.00 0 (3.012934 3.540001 4.448349)
LSR inf 1 (inf inf inf)
RSL 13.44 0 (4.237473 3.787927 5.415571)
RSR 7.48 0 (3.934702 2.370160 1.170385)
RLR 8.85 0 (0.158901 5.014768 3.677770)
LRL 9.40 0 (5.068032 4.110196 0.220262)

# -2.748894 -1.570796 3.200000
# best = 3 = RSR
LSL 11.39 0 (2.986351 3.927526 4.474932)
LSR 8.41 0 (4.594922 0.395214 3.416824)
RSL 13.75 0 (4.175305 4.225463 5.353403)
RSR 7.85 0 (3.877828 2.742956 1.227259)
RLR 14.65 0 (6.263802 4.771948 3.613234)
LRL 14.51 0 (4.747796 3.522889 6.236377)

# -2.748894 -1.570796 3.600000
# best = 3 = RSR
LSL 11.78 0 (2.964555 4.317327 4.496728)
LSR 8.41 0 (4.127483 1.330431 2.949385)
RSL 14.08 0 (4.123329 4.656252 5.301427)
RSR 8.23 0 (3.834667 3.122491 1.270420)
RLR 14.09 0 (6.080598 4.491862 3.516351)
LRL inf 1 (inf inf inf)

# -2.748894 -1.570796 4.000000
# best = 1 = LSR
LSL 12.17 0 (2.946376 4.708840 4.514907)
LSR 8.53 0 (3.892848 1.924552 2.714750)
RSL 14.42 0 (4.079204 5.082010 5.257302)
RSR 8.61 0 (3.800909 3.506579 1.304178)
RLR 13.40 0 (5.873658 4.145498 3.376927)
LRL inf 1 (inf inf inf)

# -2.748894 -1.570796 4.400000
# best = 1 = LSR
LSL 12.56 0 (2.930992 5.101669 4.530291)
LSR 8.73 0 (3.732473 2.440851 2.554375)
RSL 14.76 0 (4.041262 5.503906 5.219360)
RSR 9.00 0 (3.773841 3.893873 1.331246)
RLR 12.31 0 (5.575505 3.603328 3.132911)
LRL inf 1 (inf inf inf)

# -2.748894 -1.570796 4.800000
# best = 1 = LSR
LSL 12.96 0 (2.917811 5.495532 4.543472)
LSR 8.97 0 (3.613333 2.920892 2.435235)
RSL 15.12 0 (4.008282 5.922763 5.186380)
RSR 9.39 0 (3.751683 4.283502 1.353404)
RLR inf 1 (inf inf inf)
LRL inf 1 (inf inf inf)

# -2.748894 -1.570796 5.200000
# best = 1 = LSR
LSL 13.35 0 (2.906394 5.890223 4.554889)
LSR 9.24 0 (3.520637 3.380157 2.342539)
RSL 15.48 0 (3.979344 6.339185 5.157442)
RSR 9.78 0 (3.733227 4.674884 1.371860)
RLR inf 1 (inf inf inf)
LRL inf 1 (inf inf inf)

# -2.748894 -1.570796 5.600000
# best = 1 = LSR
LSL 13.75 0 (2.896412 6.285585 4.564871)
LSR 9.54 0 (3.446214 3.826136 2.268116)
RSL 15.84 0 (3.953747 6.753622 5.131845)
RSR 10.17 0 (3.717627 5.067611 1.387460)
RLR inf 1 (inf inf inf)
LRL inf 1 (inf inf inf)

# -2.748894 -1.570796 6.000000
# best = 1 = LSR
LSL 14.14 0 (2.887613 6.681500 4.573670)
LSR 9.85 0 (3.385043 4.263000 2.206945)
RSL 16.21 0 (3.930940 7.166419 5.109038)
RSR 10.57 0 (3.704274 5.461395 1.400813)
RLR inf 1 (inf inf inf)
LRL inf 1 (inf inf inf)

# -2.748894 -1.570796 6.400000
# best = 1 = LSR
LSL 14.54 0 (2.879798 7.077873 4.581485)
LSR 10.18 0 (3.333828 4.693295 2.155730)
RSL 16.58 0 (3.910491 7.577843 5.088589)
RSR 10.96 0 (3.692719 5.856021 1.412368)
RLR inf 1 (inf inf inf)
LRL inf 1 (inf inf inf)

# -2.748894 -1.570796 6.800000
# best = 1 = LSR
LSL 14.94 0 (2.872813 7.474633 4.588470)
LSR 10.52 0 (3.290297 5.118679 2.112199)
RSL 16.95 0 (3.892051 7.988107 5.070149)
RSR 11.36 0 (3.682624 6.251330 1.422463)
RLR inf 1 (inf inf inf)
LRL inf 1 (inf inf inf)

# -2.748894 -1.570796 7.200000
# best = 1 = LSR
LSL 15.33 0 (2.866532 7.871721 4.594751)
LSR 10.87 0 (3.252828 5.540282 2.074730)
RSL 17.33 0 (3.875336 8.397381 5.053434)
RSR 11.75 0 (3.673731 6.647200 1.431357)
RLR inf 1 (inf inf inf)
LRL inf 1 (inf inf inf)

# -2.748894 -1.570796 7.600000
# best = 1 = LSR
LSL 15.73 0 (2.860855 8.269090 4.600429)
LSR 11.22 0 (3.220230 5.958908 2.042132)
RSL 17.70 0 (3.860116 8.805802 5.038214)
RSR 12.15 0 (3.665837 7.043537 1.439250)
RLR inf 1 (inf inf inf)
LRL inf 1 (inf inf inf)

# -2.748894 -1.570796 8.000000
# best = 1 = LSR
LSL 16.13 0 (2.855698 8.666701 4.605585)
LSR 11.58 0 (3.191607 6.375142 2.013509)
RSL 18.08 0 (3.846198 9.213484 5.024296)
RSR 12.55 0 (3.658786 7.440266 1.446302)
RLR inf 1 (inf inf inf)
LRL inf 1 (inf inf inf)

# -2.356194 -1.570796 0.400000
# best = 3 = RSR
LSL 8.06 0 (3.151745 0.990000 3.916839)
LSR inf 1 (inf inf inf)
RSL 12.50 0 (5.370193 0.969484 6.155591)
RSR 6.21 0 (5.347458 0.715173 0.150329)
RLR 11.06 0 (2.026106 5.923666 3.112162)
LRL 12.35 0 (6.043238 5.782987 0.525147)

# -2.356194 -1.570796 0.800000
# best = 3 = RSR
LSL 8.37 0 (2.930461 1.301697 4.138123)
LSR inf 1 (inf inf inf)
RSL 12.61 0 (5.077259 1.669007 5.862657)
RSR 6.37 0 (4.875639 0.870148 0.622148)
RLR 10.90 0 (1.514756 5.844605 3.544451)
LRL 12.03 0 (5.740593 5.620265 0.665070)

# -2.356194 -1.570796 1.200000
# best = 3 = RSR
LSL 8.72 0 (2.798539 1.651887 4.270044)
LSR inf 1 (inf inf inf)
RSL 12.81 0 (4.897753 2.225145 5.683151)
RSR 6.65 0 (4.589118 1.150149 0.908669)
RLR 10.61 0 (1.155871 5.699876 3.758607)
LRL 11.65 0 (5.514417 5.431756 0.702737)

# -2.356194 -1.570796 1.600000
# best = 3 = RSR
LSL 9.09 0 (2.713701 2.020654 4.354883)
LSR inf 1 (inf inf inf)
RSL 13.05 0 (4.770416 2.727078 5.555814)
RSR 6.98 0 (4.422876 1.486112 1.074911)
RLR 10.26 0 (0.900629 5.521877 3.835850)
LRL 11.23 0 (5.325722 5.224042 0.683719)

# -2.356194 -1.570796 2.000000
# best = 3 = RSR
LSL 9.47 0 (2.655331 2.399449 4.413253)
LSR inf 1 (inf inf inf)
RSL 13.33 0 (4.674012 3.200413 5.459410)
RSR 7.35 0 (4.319690 1.847759 1.178097)
RLR 9.86 0 (0.697917 5.322823 3.839509)
LRL 10.78 0 (5.153594 4.996527 0.628331)

# -2.356194 -1.570796 2.400000
# best = 3 = RSR
LSL 9.85 0 (2.612980 2.784182 4.455604)
LSR inf 1 (inf inf inf)
RSL 13.64 0 (4.598027 3.656272 5.383425)
RSR 7.72 0 (4.250764 2.222589 1.247023)
RLR 9.42 0 (0.520030 5.104903 3.799475)
LRL 10.27 0 (4.984697 4.743435 0.544136)

# -2.356194 -1.570796 2.800000
# best = 3 = RSR
LSL 10.24 0 (2.580954 3.172694 4.487629)
LSR inf 1 (inf inf inf)
RSL 13.96 0 (4.536407 4.100489 5.321805)
RSR 8.10 0 (4.201892 2.604916 1.295896)
RLR 8.94 0 (0.351096 4.864780 3.728286)
LRL 9.69 0 (4.806544 4.451180 0.430034)

# -2.356194 -1.570796 3.200000
# best = 4 = RLR
LSL 10.63 0 (2.555936 3.563748 4.512647)
LSR inf 1 (inf inf inf)
RSL 14.29 0 (4.485340 4.536485 5.270738)
RSR 8.49 0 (4.165592 2.991868 1.332196)
RLR 8.40 0 (0.179005 4.593198 3.628795)
LRL 8.95 0 (4.598124 4.084377 0.271650)

# -2.356194 -1.570796 3.600000
# best = 1 = LSR
LSL 11.03 0 (2.535875 3.956591 4.532708)
LSR 7.79 0 (4.141396 0.288171 3.355998)
RSL 14.64 0 (4.442284 4.966426 5.227682)
RSR 8.88 0 (4.137634 3.381857 1.360153)
RLR 14.03 0 (6.271793 4.268317 3.494312)
LRL 13.94 0 (4.254129 3.436508 6.250962)

# -2.356194 -1.570796 4.000000
# best = 1 = LSR
LSL 11.42 0 (2.519444 4.350739 4.549139)
LSR 7.82 0 (3.640787 1.325653 2.855389)
RSL 14.99 0 (4.405466 5.391760 5.190864)
RSR 9.27 0 (4.115471 3.773943 1.382317)
RLR 13.13 0 (6.024068 3.817195 3.290914)
LRL inf 1 (inf inf inf)

# -2.356194 -1.570796 4.400000
# best = 1 = LSR
LSL 11.81 0 (2.505745 4.745866 4.562838)
LSR 7.98 0 (3.414398 1.936923 2.629000)
RSL 15.35 0 (4.373606 5.813498 5.159004)
RSR 9.67 0 (4.097486 4.167533 1.400301)
RLR inf 1 (inf inf inf)
LRL inf 1 (inf inf inf)

# -2.356194 -1.570796 4.800000
# best = 1 = LSR
LSL 12.21 0 (2.494154 5.141747 4.574429)
LSR 8.20 0 (3.262996 2.462922 2.477598)
RSL 15.71 0 (4.345757 6.232371 5.131155)
RSR 10.06 0 (4.082610 4.562238 1.415177)
RLR inf 1 (inf inf inf)
LRL inf 1 (inf inf inf)

# -2.356194 -1.570796 5.200000
# best = 1 = LSR
LSL 12.61 0 (2.484221 5.538219 4.584362)
LSR 8.47 0 (3.151779 2.949627 2.366381)
RSL 16.08 0 (4.321201 6.648919 5.106599)
RSR 10.46 0 (4.070105 4.957792 1.427683)
RLR inf 1 (inf inf inf)
LRL inf 1 (inf inf inf)

# -2.356194 -1.570796 5.600000
# best = 1 = LSR
LSL 13.00 0 (2.475616 5.935165 4.592967)
LSR 8.76 0 (3.065820 3.413885 2.280422)
RSL 16.45 0 (4.299382 7.063555 5.084780)
RSR 10.85 0 (4.059449 5.354007 1.438338)
RLR inf 1 (inf inf inf)
LRL inf 1 (inf inf inf)

# -2.356194 -1.570796 6.000000
# best = 1 = LSR
LSL 13.40 0 (2.468091 6.332496 4.600493)
LSR 9.07 0 (2.997092 3.863797 2.211694)
RSL 16.82 0 (4.279864 7.476597 5.065262)
RSR 11.25 0 (4.050262 5.750745 1.447525)
RLR inf 1 (inf inf inf)
LRL inf 1 (inf inf inf)

# -2.356194 -1.570796 6.400000
# best = 1 = LSR
LSL 13.80 0 (2.461454 6.730142 4.607129)
LSR 9.40 0 (2.940755 4.303864 2.155357)
RSL 17.20 0 (4.262300 7.888294 5.047698)
RSR 11.65 0 (4.042262 6.147907 1.455525)
RLR inf 1 (inf inf inf)
LRL inf 1 (inf inf inf)

# -2.356194 -1.570796 6.800000
# best = 1 = LSR
LSL 14.20 0 (2.455558 7.128052 4.613025)
LSR 9.74 0 (2.893670 4.736830 2.108272)
RSL 17.58 0 (4.246408 8.298848 5.031806)
RSR 12.04 0 (4.035233 6.545414 1.462554)
RLR inf 1 (inf inf inf)
LRL inf 1 (inf inf inf)

# -2.356194 -1.570796 7.200000
# best = 1 = LSR
LSL 14.59 0 (2.450286 7.526184 4.618298)
LSR 10.09 0 (2.853697 5.164482 2.068299)
RSL 17.96 0 (4.231960 8.708419 5.017358)
RSR 12.44 0 (4.029010 6.943207 1.468778)
RLR inf 1 (inf inf inf)
LRL inf 1 (inf inf inf)

# -2.356194 -1.570796 7.600000
# best = 1 = LSR
LSL 14.99 0 (2.445543 7.924504 4.623040)
LSR 10.44 0 (2.819318 5.588039 2.033920)
RSL 18.34 0 (4.218767 9.117140 5.004165)
RSR 12.84 0 (4.023461 7.341241 1.474327)
RLR inf 1 (inf inf inf)
LRL inf 1 (inf inf inf)

# -2.356194 -1.570796 8.000000
# best = 1 = LSR
LSL 15.39 0 (2.441255 8.322985 4.627328)
LSR 10.80 0 (2.789423 6.008369 2.004025)
RSL 18.72 0 (4.206672 9.525121 4.992070)
RSR 13.24 0 (4.018483 7.739477 1.479305)
RLR inf 1 (inf inf inf)
LRL inf 1 (inf inf inf)

# -1.963495 -1.570796 0.400000
# best = 3 = RSR
LSL 7.29 0 (2.640520 0.610850 4.035364)
LSR inf 1 (inf inf inf)
RSL 12.63 0 (5.497354 1.243729 5.890053)
RSR 6.39 0 (5.188122 0.501343 0.702364)
RLR 11.67 0 (1.920863 6.031853 3.718291)
LRL 12.35 0 (5.628801 5.976561 0.740459)

# -1.963495 -1.570796 0.800000
# best = 3 = RSR
LSL 7.63 0 (2.375312 0.956051 4.300572)
LSR inf 1 (inf inf inf)
RSL 12.83 0 (5.273366 1.888377 5.666065)
RSR 6.71 0 (4.805999 0.818809 1.084487)
RLR 11.35 0 (1.458247 5.870866 4.019920)
LRL 11.99 0 (5.275556 5.800487 0.917631)

# -1.963495 -1.570796 1.200000
# best = 3 = RSR
LSL 8.01 0 (2.254842 1.332265 4.421042)
LSR inf 1 (inf inf inf)
RSL 13.08 0 (5.130214 2.430035 5.522913)
RSR 7.08 0 (4.647879 1.187246 1.242608)
RLR 10.97 0 (1.204934 5.680482 4.082848)
LRL 11.60 0 (5.056881 5.604078 0.939896)

# -1.963495 -1.570796 1.600000
# best = 3 = RSR
LSL 8.40 0 (2.187962 1.719252 4.487922)
LSR inf 1 (inf inf inf)
RSL 13.37 0 (5.027374 2.926461 5.420073)
RSR 7.46 0 (4.565727 1.571196 1.324759)
RLR 10.56 0 (1.020461 5.475839 4.062679)
LRL 11.18 0 (4.885270 5.394614 0.902044)

# -1.963495 -1.570796 2.000000
# best = 3 = RSR
LSL 8.79 0 (2.145775 2.111095 4.530109)
LSR inf 1 (inf inf inf)
RSL 13.69 0 (4.948950 3.397540 5.341649)
RSR 7.85 0 (4.516040 1.961571 1.374447)
RLR 10.12 0 (0.861907 5.258105 4.003499)
LRL 10.74 0 (4.731390 5.171230 0.832539)

# -1.963495 -1.570796 2.400000
# best = 3 = RSR
LSL 9.18 0 (2.116831 2.505518 4.559053)
LSR inf 1 (inf inf inf)
RSL 14.02 0 (4.886801 3.852581 5.279500)
RSR 8.25 0 (4.482900 2.355178 1.407586)
RLR 9.66 0 (0.711741 5.024052 3.919612)
LRL 10.25 0 (4.581524 4.929386 0.740560)

# -1.963495 -1.570796 2.800000
# best = 3 = RSR
LSL 9.58 0 (2.095773 2.901468 4.580111)
LSR inf 1 (inf inf inf)
RSL 14.36 0 (4.836172 4.296683 5.228871)
RSR 8.64 0 (4.459269 2.750630 1.431218)
RLR 9.14 0 (0.559418 4.766670 3.814552)
LRL 9.71 0 (4.425799 4.660051 0.626951)

# -1.963495 -1.570796 3.200000
# best = 4 = RLR
LSL 9.97 0 (2.079778 3.298395 4.596106)
LSR inf 1 (inf inf inf)
RSL 14.71 0 (4.794050 4.732926 5.186749)
RSR 9.04 0 (4.441586 3.147232 1.448901)
RLR 8.55 0 (0.394373 4.471945 3.684873)
LRL 9.08 0 (4.251878 4.344200 0.485021)

# -1.963495 -1.570796 3.600000
# best = 4 = RLR
LSL 10.37 0 (2.067221 3.695985 4.608663)
LSR inf 1 (inf inf inf)
RSL 15.07 0 (4.758411 5.163303 5.151110)
RSR 9.44 0 (4.427864 3.544598 1.462623)
RLR 7.82 0 (0.197302 4.105248 3.515247)
LRL 8.25 0 (4.030411 3.926380 0.288668)

# -1.963495 -1.570796 4.000000
# best = 1 = LSR
LSL 10.77 0 (2.057105 4.094045 4.618779)
LSR 7.06 0 (3.390711 0.675812 2.998012)
RSL 15.44 0 (4.727838 5.589168 5.120537)
RSR 9.83 0 (4.416910 3.942496 1.473577)
RLR 12.85 0 (6.157473 3.481127 3.214140)
LRL inf 1 (inf inf inf)

# -1.963495 -1.570796 4.400000
# best = 1 = LSR
LSL 11.17 0 (2.048782 4.492449 4.627102)
LSR 7.20 0 (3.041196 1.509178 2.648497)
RSL 15.81 0 (4.701308 6.011481 5.094007)
RSR 10.23 0 (4.407965 4.340781 1.482521)
RLR inf 1 (inf inf inf)
LRL inf 1 (inf inf inf)

# -1.963495 -1.570796 4.800000
# best = 1 = LSR
LSL 11.57 0 (2.041816 4.891114 4.634069)
LSR 7.42 0 (2.856304 2.102026 2.463605)
RSL 16.18 0 (4.678057 6.430941 5.070756)
RSR 10.63 0 (4.400524 4.739355 1.489962)
RLR inf 1 (inf inf inf)
LRL inf 1 (inf inf inf)

# -1.963495 -1.570796 5.200000
# best = 1 = LSR
LSL 11.97 0 (2.035899 5.289980 4.639985)
LSR 7.69 0 (2.731247 2.622863 2.338548)
RSL 16.56 0 (4.657507 6.848073 5.050206)
RSR 11.03 0 (4.394238 5.138150 1.496248)
RLR inf 1 (inf inf inf)
LRL inf 1 (inf inf inf)

# -1.963495 -1.570796 5.600000
# best = 1 = LSR
LSL 12.36 0 (2.030813 5.689006 4.645071)
LSR 7.99 0 (2.638999 3.108103 2.246300)
RSL 16.93 0 (4.639208 7.263278 5.031907)
RSR 11.43 0 (4.388858 5.537120 1.501629)
RLR inf 1 (inf inf inf)
LRL inf 1 (inf inf inf)

# -1.963495 -1.570796 6.000000
# best = 1 = LSR
LSL 12.76 0 (2.026393 6.088159 4.649491)
LSR 8.31 0 (2.567491 3.572283 2.174792)
RSL 17.32 0 (4.622805 7.676869 5.015504)
RSR 11.83 0 (4.384201 5.936228 1.506286)
RLR inf 1 (inf inf inf)
LRL inf 1 (inf inf inf)

# -1.963495 -1.570796 6.400000
# best = 1 = LSR
LSL 13.16 0 (2.022518 6.487417 4.653366)
LSR 8.65 0 (2.510170 4.022698 2.117471)
RSL 17.70 0 (4.608018 8.089093 5.000717)
RSR 12.23 0 (4.380131 6.335448 1.510356)
RLR inf 1 (inf inf inf)
LRL inf 1 (inf inf inf)

# -1.963495 -1.570796 6.800000
# best = 1 = LSR
LSL 13.56 0 (2.019092 6.886761 4.656793)
LSR 9.00 0 (2.463069 4.463518 2.070370)
RSL 18.08 0 (4.594615 8.500148 4.987314)
RSR 12.63 0 (4.376543 6.734761 1.513943)
RLR inf 1 (inf inf inf)
LRL inf 1 (inf inf inf)

# -1.963495 -1.570796 7.200000
# best = 1 = LSR
LSL 13.96 0 (2.016041 7.286177 4.659843)
LSR 9.35 0 (2.423613 4.897335 2.030914)
RSL 18.47 0 (4.582411 8.910198 4.975110)
RSR 13.02 0 (4.373357 7.134151 1.517129)
RLR inf 1 (inf inf inf)
LRL inf 1 (inf inf inf)

# -1.963495 -1.570796 7.600000
# best = 1 = LSR
LSL 14.36 0 (2.013308 7.685653 4.662577)
LSR 9.71 0 (2.390045 5.325860 1.997346)
RSL 18.85 0 (4.571250 9.319374 4.963949)
RSR 13.42 0 (4.370509 7.533606 1.519977)
RLR inf 1 (inf inf inf)
LRL inf 1 (inf inf inf)

# -1.963495 -1.570796 8.000000
# best = 1 = LSR
LSL 14.76 0 (2.010844 8.085182 4.665040)
LSR 10.08 0 (2.361115 5.750277 1.968416)
RSL 19.24 0 (4.561004 9.727787 4.953703)
RSR 13.82 0 (4.367948 7.933115 1.522539)
RLR inf 1 (inf inf inf)
LRL inf 1 (inf inf inf)

# -1.570796 -1.570796 0.400000
# best = 0 = LSL
LSL 6.68 0 (1.570796 0.400000 4.712389)
LSR inf 1 (inf inf inf)
RSL 12.72 0 (5.697500 1.326650 5.697500)
RSR 6.68 0 (4.712389 0.400000 1.570796)
RLR 12.17 0 (1.470629 6.082850 4.612221)
LRL 12.17 0 (4.612221 6.082850 1.470629)

# -1.570796 -1.570796 0.800000
# best = 0 = LSL
LSL 7.08 0 (1.570796 0.800000 4.712389)
LSR inf 1 (inf inf inf)
RSL 12.98 0 (5.507992 1.959592 5.507992)
RSR 7.08 0 (4.712389 0.800000 1.570796)
RLR 11.76 0 (1.369439 5.880469 4.511031)
LRL 11.76 0 (4.511031 5.880469 1.369439)

# -1.570796 -1.570796 1.200000
# best = 0 = LSL
LSL 7.48 0 (1.570796 1.200000 4.712389)
LSR inf 1 (inf inf inf)
RSL 13.27 0 (5.387521 2.497999 5.387521)
RSR 7.48 0 (4.712389 1.200000 1.570796)
RLR 11.35 0 (1.266104 5.673800 4.407696)
LRL 11.35 0 (4.407696 5.673800 1.266104)

# -1.570796 -1.570796 1.600000
# best = 0 = LSL
LSL 7.88 0 (1.570796 1.600000 4.712389)
LSR inf 1 (inf inf inf)
RSL 13.60 0 (5.301420 2.993326 5.301420)
RSR 7.88 0 (4.712389 1.600000 1.570796)
RLR 10.92 0 (1.159280 5.460152 4.300872)
LRL 10.92 0 (4.300872 5.460152 1.159280)

# -1.570796 -1.570796 2.000000
# best = 0 = LSL
LSL 8.28 0 (1.570796 2.000000 4.712389)
LSR inf 1 (inf inf inf)
RSL 13.94 0 (5.235988 3.464102 5.235988)
RSR 8.28 0 (4.712389 2.000000 1.570796)
RLR 10.47 0 (1.047198 5.235988 4.188790)
LRL 10.47 0 (4.188790 5.235988 1.047198)

# -1.570796 -1.570796 2.400000
# best = 0 = LSL
LSL 8.68 0 (1.570796 2.400000 4.712389)
LSR inf 1 (inf inf inf)
RSL 14.29 0 (5.184251 3.919184 5.184251)
RSR 8.68 0 (4.712389 2.400000 1.570796)
RLR 9.99 0 (0.927296 4.996183 4.068888)
LRL 9.99 0 (4.068888 4.996183 0.927296)

# -1.570796 -1.570796 2.800000
# best = 0 = LSL
LSL 9.08 0 (1.570796 2.800000 4.712389)
LSR inf 1 (inf inf inf)
RSL 14.65 0 (5.142165 4.363485 5.142165)
RSR 9.08 0 (4.712389 2.800000 1.570796)
RLR 9.46 0 (0.795399 4.732390 3.936991)
LRL 9.46 0 (3.936991 4.732390 0.795399)

# -1.570796 -1.570796 3.200000
# best = 4 = RLR
LSL 9.48 0 (1.570796 3.200000 4.712389)
LSR inf 1 (inf inf inf)
RSL 15.01 0 (5.107180 4.800000 5.107180)
RSR 9.48 0 (4.712389 3.200000 1.570796)
RLR 8.86 0 (0.643501 4.428595 3.785093)
LRL 8.86 0 (3.785093 4.428595 0.643501)

# -1.570796 -1.570796 3.600000
# best = 4 = RLR
LSL 9.88 0 (1.570796 3.600000 4.712389)
LSR inf 1 (inf inf inf)
RSL 15.39 0 (5.077596 5.230679 5.077596)
RSR 9.88 0 (4.712389 3.600000 1.570796)
RLR 8.09 0 (0.451027 4.043646 3.592619)
LRL 8.09 0 (3.592619 4.043646 0.451027)

# -1.570796 -1.570796 4.000000
# best = 1 = LSR
LSL 10.28 0 (1.570796 4.000000 4.712389)
LSR 6.28 0 (3.141592 0.000001 3.141592)
RSL 15.76 0 (5.052226 5.656854 5.052226)
RSR 10.28 0 (4.712389 4.000000 1.570796)
RLR 6.28 0 (0.000000 3.141593 3.141592)
LRL 6.28 0 (3.141592 3.141593 0.000000)

# -1.570796 -1.570796 4.400000
# best = 1 = LSR
LSL 10.68 0 (1.570796 4.400000 4.712389)
LSR 6.44 0 (2.555907 1.326650 2.555907)
RSL 16.14 0 (5.030213 6.079474 5.030213)
RSR 10.68 0 (4.712389 4.400000 1.570796)
RLR inf 1 (inf inf inf)
LRL inf 1 (inf inf inf)

# -1.570796 -1.570796 4.800000
# best = 1 = LSR
LSL 11.08 0 (1.570796 4.800000 4.712389)
LSR 6.69 0 (2.366399 1.959592 2.366399)
RSL 16.52 0 (5.010921 6.499231 5.010921)
RSR 11.08 0 (4.712389 4.800000 1.570796)
RLR inf 1 (inf inf inf)
LRL inf 1 (inf inf inf)

# -1.570796 -1.570796 5.200000
# best = 1 = LSR
LSL 11.48 0 (1.570796 5.200000 4.712389)
LSR 6.99 0 (2.245927 2.497999 2.245927)
RSL 16.90 0 (4.993869 6.916647 4.993869)
RSR 11.48 0 (4.712389 5.200000 1.570796)
RLR inf 1 (inf inf inf)
LRL inf 1 (inf inf inf)

# -1.570796 -1.570796 5.600000
# best = 1 = LSR
LSL 11.88 0 (1.570796 5.600000 4.712389)
LSR 7.31 0 (2.159827 2.993326 2.159827)
RSL 17.29 0 (4.978683 7.332121 4.978683)
RSR 11.88 0 (4.712389 5.600000 1.570796)
RLR inf 1 (inf inf inf)
LRL inf 1 (inf inf inf)

# -1.570796 -1.570796 6.000000
# best = 1 = LSR
LSL 12.28 0 (1.570796 6.000000 4.712389)
LSR 7.65 0 (2.094395 3.464102 2.094395)
RSL 17.68 0 (4.965069 7.745967 4.965069)
RSR 12.28 0 (4.712389 6.000000 1.570796)
RLR inf 1 (inf inf inf)
LRL inf 1 (inf inf inf)

# -1.570796 -1.570796 6.400000
# best = 1 = LSR
LSL 12.68 0 (1.570796 6.400000 4.712389)
LSR 8.00 0 (2.042658 3.919184 2.042658)
RSL 18.06 0 (4.952793 8.158431 4.952793)
RSR 12.68 0 (4.712389 6.400000 1.570796)
RLR inf 1 (inf inf inf)
LRL inf 1 (inf inf inf)

# -1.570796 -1.570796 6.800000
# best = 1 = LSR
LSL 13.08 0 (1.570796 6.800000 4.712389)
LSR 8.36 0 (2.000571 4.363485 2.000571)
RSL 18.45 0 (4.941665 8.569714 4.941665)
RSR 13.08 0 (4.712389 6.800000 1.570796)
RLR inf 1 (inf inf inf)
LRL inf 1 (inf inf inf)

# -1.570796 -1.570796 7.200000
# best = 1 = LSR
LSL 13.48 0 (1.570796 7.200000 4.712389)
LSR 8.73 0 (1.965587 4.800000 1.965587)
RSL 18.84 0 (4.931530 8.979978 4.931530)
RSR 13.48 0 (4.712389 7.200000 1.570796)
RLR inf 1 (inf inf inf)
LRL inf 1 (inf inf inf)

# -1.570796 -1.570796 7.600000
# best = 1 = LSR
LSL 13.88 0 (1.570796 7.600000 4.712389)
LSR 9.10 0 (1.936003 5.230679 1.936003)
RSL 19.23 0 (4.922260 9.389356 4.922260)
RSR 13.88 0 (4.712389 7.600000 1.570796)
RLR inf 1 (inf inf inf)
LRL inf 1 (inf inf inf)

# -1.570796 -1.570796 8.000000
# best = 1 = LSR
LSL 14.28 0 (1.570796 8.000000 4.712389)
LSR 9.48 0 (1.910633 5.656854 1.910633)
RSL 19.63 0 (4.913747 9.797959 4.913747)
RSR 14.28 0 (4.712389 8.000000 1.570796)
RLR inf 1 (inf inf inf)
LRL inf 1 (inf inf inf)

# -1.178097 -1.570796 0.400000
# best = 0 = LSL
LSL 6.50 0 (0.501072 0.610850 5.389414)
LSR inf 1 (inf inf inf)
RSL 12.76 0 (5.956333 1.243729 5.563634)
RSR 7.18 0 (4.236656 0.501343 2.439228)
RLR 12.46 0 (0.969397 6.031853 5.455155)
LRL 11.56 0 (3.489352 5.976561 2.094510)

# -1.178097 -1.570796 0.800000
# best = 0 = LSL
LSL 6.85 0 (0.766280 0.956051 5.124206)
LSR inf 1 (inf inf inf)
RSL 13.05 0 (5.779607 1.888377 5.386908)
RSR 7.49 0 (4.618779 0.818809 2.057105)
RLR 12.13 0 (1.271027 5.870866 4.992538)
LRL 11.21 0 (3.666524 5.800487 1.741264)

# -1.178097 -1.570796 1.200000
# best = 0 = LSL
LSL 7.22 0 (0.886750 1.332265 5.003736)
LSR inf 1 (inf inf inf)
RSL 13.38 0 (5.671822 2.430035 5.279123)
RSR 7.86 0 (4.776900 1.187245 1.898985)
RLR 11.75 0 (1.333955 5.680482 4.739225)
LRL 10.82 0 (3.688789 5.604078 1.522590)

# -1.178097 -1.570796 1.600000
# best = 0 = LSL
LSL 7.61 0 (0.953630 1.719252 4.936857)
LSR inf 1 (inf inf inf)
RSL 13.73 0 (5.596426 2.926461 5.203727)
RSR 8.25 0 (4.859052 1.571195 1.816833)
RLR 11.34 0 (1.313786 5.475839 4.554752)
LRL 10.40 0 (3.650937 5.394614 1.350978)

# -1.178097 -1.570796 2.000000
# best = 0 = LSL
LSL 8.00 0 (0.995817 2.111095 4.894669)
LSR inf 1 (inf inf inf)
RSL 14.08 0 (5.539909 3.397540 5.147210)
RSR 8.64 0 (4.908739 1.961570 1.767145)
RLR 10.91 0 (1.254606 5.258105 4.396198)
LRL 9.95 0 (3.581432 5.171230 1.197099)

# -1.178097 -1.570796 2.400000
# best = 0 = LSL
LSL 8.40 0 (1.024761 2.505518 4.865726)
LSR inf 1 (inf inf inf)
RSL 14.45 0 (5.495650 3.852581 5.102951)
RSR 9.03 0 (4.941879 2.355178 1.734006)
RLR 10.44 0 (1.170720 5.024052 4.246032)
LRL 9.47 0 (3.489453 4.929385 1.047233)

# -1.178097 -1.570796 2.800000
# best = 0 = LSL
LSL 8.79 0 (1.045819 2.901468 4.844668)
LSR inf 1 (inf inf inf)
RSL 14.82 0 (5.459903 4.296683 5.067204)
RSR 9.43 0 (4.965510 2.750630 1.710374)
RLR 9.93 0 (1.065659 4.766670 4.093709)
LRL 8.93 0 (3.375844 4.660051 0.891508)

# -1.178097 -1.570796 3.200000
# best = 5 = LRL
LSL 9.19 0 (1.061814 3.298395 4.828672)
LSR inf 1 (inf inf inf)
RSL 15.20 0 (5.430352 4.732926 5.037653)
RSR 9.82 0 (4.983193 3.147232 1.692691)
RLR 9.34 0 (0.935980 4.471945 3.928664)
LRL 8.30 0 (3.233914 4.344200 0.717587)

# -1.178097 -1.570796 3.600000
# best = 5 = LRL
LSL 9.59 0 (1.074371 3.695986 4.816115)
LSR inf 1 (inf inf inf)
RSL 15.58 0 (5.405474 5.163302 5.012775)
RSR 10.22 0 (4.996915 3.544598 1.678969)
RLR 8.60 0 (0.766354 4.105248 3.731593)
LRL 7.46 0 (3.037561 3.926380 0.496120)

# -1.178097 -1.570796 4.000000
# best = 1 = LSR
LSL 9.98 0 (1.084487 4.094045 4.805999)
LSR 5.55 0 (2.240752 0.675813 2.633451)
RSL 15.96 0 (5.384215 5.589168 4.991516)
RSR 10.62 0 (5.007869 3.942496 1.668015)
RLR 7.35 0 (0.465248 3.481128 3.408579)
LRL inf 1 (inf inf inf)

# -1.178097 -1.570796 4.400000
# best = 1 = LSR
LSL 10.38 0 (1.092810 4.492449 4.797676)
LSR 5.80 0 (1.949125 1.509179 2.341824)
RSL 16.35 0 (5.365825 6.011481 4.973126)
RSR 11.02 0 (5.016814 4.340781 1.659071)
RLR inf 1 (inf inf inf)
LRL inf 1 (inf inf inf)

# -1.178097 -1.570796 4.800000
# best = 1 = LSR
LSL 10.78 0 (1.099776 4.891114 4.790710)
LSR 6.11 0 (1.806349 2.102027 2.199048)
RSL 16.74 0 (5.349750 6.430941 4.957051)
RSR 11.42 0 (5.024254 4.739355 1.651630)
RLR inf 1 (inf inf inf)
LRL inf 1 (inf inf inf)

# -1.178097 -1.570796 5.200000
# best = 1 = LSR
LSL 11.18 0 (1.105693 5.289981 4.784794)
LSR 6.44 0 (1.713283 2.622864 2.105982)
RSL 17.13 0 (5.335571 6.848073 4.942872)
RSR 11.81 0 (5.030540 5.138150 1.645344)
RLR inf 1 (inf inf inf)
LRL inf 1 (inf inf inf)

# -1.178097 -1.570796 5.600000
# best = 1 = LSR
LSL 11.58 0 (1.110779 5.689006 4.779707)
LSR 6.79 0 (1.646148 3.108104 2.038847)
RSL 17.52 0 (5.322968 7.263278 4.930269)
RSR 12.21 0 (5.035921 5.537119 1.639963)
RLR inf 1 (inf inf inf)
LRL inf 1 (inf inf inf)

# -1.178097 -1.570796 6.000000
# best = 1 = LSR
LSL 11.98 0 (1.115199 6.088160 4.775288)
LSR 7.15 0 (1.594873 3.572283 1.987572)
RSL 17.91 0 (5.311689 7.676869 4.918990)
RSR 12.61 0 (5.040578 5.936227 1.635306)
RLR inf 1 (inf inf inf)
LRL inf 1 (inf inf inf)

# -1.178097 -1.570796 6.400000
# best = 1 = LSR
LSL 12.38 0 (1.119074 6.487417 4.771412)
LSR 7.52 0 (1.554198 4.022698 1.946897)
RSL 18.30 0 (5.301532 8.089092 4.908833)
RSR 13.01 0 (5.044648 6.335448 1.631236)
RLR inf 1 (inf inf inf)
LRL inf 1 (inf inf inf)

# -1.178097 -1.570796 6.800000
# best = 1 = LSR
LSL 12.78 0 (1.122500 6.886761 4.767986)
LSR 7.90 0 (1.521030 4.463519 1.913729)
RSL 18.69 0 (5.292337 8.500148 4.899638)
RSR 13.41 0 (5.048236 6.734761 1.627649)
RLR inf 1 (inf inf inf)
LRL inf 1 (inf inf inf)

# -1.178097 -1.570796 7.200000
# best = 1 = LSR
LSL 13.18 0 (1.125551 7.286177 4.764935)
LSR 8.28 0 (1.493407 4.897336 1.886106)
RSL 19.09 0 (5.283972 8.910198 4.891273)
RSR 13.81 0 (5.051421 7.134151 1.624463)
RLR inf 1 (inf inf inf)
LRL inf 1 (inf inf inf)

# -1.178097 -1.570796 7.600000
# best = 1 = LSR
LSL 13.58 0 (1.128284 7.685654 4.762202)
LSR 8.66 0 (1.470011 5.325861 1.862710)
RSL 19.48 0 (5.276329 9.319374 4.883630)
RSR 14.21 0 (5.054270 7.533605 1.621615)
RLR inf 1 (inf inf inf)
LRL inf 1 (inf inf inf)

# -1.178097 -1.570796 8.000000
# best = 1 = LSR
LSL 13.98 0 (1.130748 8.085182 4.759738)
LSR 9.04 0 (1.449920 5.750277 1.842619)
RSL 19.87 0 (5.269317 9.727786 4.876618)
RSR 14.61 0 (5.056831 7.933115 1.619053)
RLR inf 1 (inf inf inf)
LRL inf 1 (inf inf inf)

# -0.785398 -1.570796 0.400000
# best = 2 = RSL
LSL 12.77 0 (6.273033 0.990000 5.507939)
LSR inf 1 (inf inf inf)
RSL 6.49 0 (0.010258 0.969484 5.508046)
RSR 7.78 0 (4.077320 0.715172 2.991263)
RLR 12.63 0 (0.755968 5.923666 5.953096)
LRL 10.78 0 (2.881341 5.782987 2.116248)

# -0.785398 -1.570796 0.800000
# best = 0 = LSL
LSL 6.80 0 (0.211132 1.301697 5.286656)
LSR inf 1 (inf inf inf)
RSL 13.08 0 (6.098255 1.669007 5.312857)
RSR 7.94 0 (4.549139 0.870148 2.519444)
RLR 12.47 0 (1.188256 5.844605 5.441746)
LRL 10.46 0 (3.021264 5.620264 1.813603)

# -0.785398 -1.570796 1.200000
# best = 0 = LSL
LSL 7.15 0 (0.343053 1.651887 5.154734)
LSR inf 1 (inf inf inf)
RSL 13.42 0 (5.991348 2.225145 5.205950)
RSR 8.22 0 (4.835660 1.150149 2.232923)
RLR 12.19 0 (1.402413 5.699876 5.082861)
LRL 10.08 0 (3.058931 5.431756 1.587427)

# -0.785398 -1.570796 1.600000
# best = 0 = LSL
LSL 7.52 0 (0.427892 2.020655 5.069896)
LSR inf 1 (inf inf inf)
RSL 13.78 0 (5.919927 2.727078 5.134529)
RSR 8.55 0 (5.001903 1.486112 2.066681)
RLR 11.83 0 (1.479656 5.521877 4.827619)
LRL 9.66 0 (3.039913 5.224042 1.398731)

# -0.785398 -1.570796 2.000000
# best = 0 = LSL
LSL 7.90 0 (0.486261 2.399450 5.011526)
LSR inf 1 (inf inf inf)
RSL 14.15 0 (5.867849 3.200413 5.082451)
RSR 8.92 0 (5.105088 1.847759 1.963495)
RLR 11.43 0 (1.483315 5.322823 4.624907)
LRL 9.21 0 (2.984525 4.996527 1.226604)

# -0.785398 -1.570796 2.400000
# best = 0 = LSL
LSL 8.28 0 (0.528613 2.784183 4.969175)
LSR inf 1 (inf inf inf)
RSL 14.53 0 (5.827833 3.656272 5.042435)
RSR 9.29 0 (5.174015 2.222588 1.894569)
RLR 11.00 0 (1.443281 5.104903 4.447020)
LRL 8.70 0 (2.900330 4.743435 1.057707)

# -0.785398 -1.570796 2.800000
# best = 5 = LRL
LSL 8.67 0 (0.560638 3.172694 4.937149)
LSR inf 1 (inf inf inf)
RSL 14.91 0 (5.795966 4.100489 5.010568)
RSR 9.67 0 (5.222887 2.604915 1.845696)
RLR 10.51 0 (1.372092 4.864780 4.278086)
LRL 8.12 0 (2.786228 4.451180 0.879554)

# -0.785398 -1.570796 3.200000
# best = 5 = LRL
LSL 9.06 0 (0.585656 3.563749 4.912131)
LSR inf 1 (inf inf inf)
RSL 15.29 0 (5.769909 4.536485 4.984511)
RSR 10.06 0 (5.259187 2.991867 1.809396)
RLR 9.97 0 (1.272601 4.593198 4.105996)
LRL 7.38 0 (2.627844 4.084376 0.671134)

# -0.785398 -1.570796 3.600000
# best = 1 = LSR
LSL 9.45 0 (0.605717 3.956592 4.892071)
LSR 4.78 0 (1.855584 0.288177 2.640982)
RSL 15.68 0 (5.748165 4.966425 4.962767)
RSR 10.45 0 (5.287145 3.381857 1.781439)
RLR 9.32 0 (1.138118 4.268318 3.915597)
LRL 6.09 0 (2.323970 3.436506 0.327138)

# -0.785398 -1.570796 4.000000
# best = 1 = LSR
LSL 9.85 0 (0.622148 4.350739 4.875639)
LSR 5.05 0 (1.471718 1.325655 2.257116)
RSL 16.07 0 (5.729719 5.391759 4.944321)
RSR 10.84 0 (5.309308 3.773942 1.759275)
RLR 8.42 0 (0.934720 3.817196 3.667873)
LRL inf 1 (inf inf inf)

# -0.785398 -1.570796 4.400000
# best = 1 = LSR
LSL 10.24 0 (0.635847 4.745866 4.861940)
LSR 5.38 0 (1.330031 1.936924 2.115429)
RSL 16.46 0 (5.713860 5.813497 4.928462)
RSR 11.24 0 (5.327292 4.167532 1.741291)
RLR inf 1 (inf inf inf)
LRL inf 1 (inf inf inf)

# -0.785398 -1.570796 4.800000
# best = 1 = LSR
LSL 10.64 0 (0.647438 5.141747 4.850349)
LSR 5.73 0 (1.242679 2.462923 2.028077)
RSL 16.85 0 (5.700069 6.232370 4.914671)
RSR 11.63 0 (5.342169 4.562237 1.726415)
RLR inf 1 (inf inf inf)
LRL inf 1 (inf inf inf)

# -0.785398 -1.570796 5.200000
# best = 1 = LSR
LSL 11.04 0 (0.657371 5.538220 4.840416)
LSR 6.10 0 (1.181499 2.949628 1.966897)
RSL 17.24 0 (5.687960 6.648919 4.902562)
RSR 12.03 0 (5.354674 4.957791 1.713909)
RLR inf 1 (inf inf inf)
LRL inf 1 (inf inf inf)

# -0.785398 -1.570796 5.600000
# best = 1 = LSR
LSL 11.43 0 (0.665976 5.935166 4.831811)
LSR 6.47 0 (1.135661 3.413886 1.921059)
RSL 17.63 0 (5.677239 7.063555 4.891841)
RSR 12.42 0 (5.365330 5.354006 1.703254)
RLR inf 1 (inf inf inf)
LRL inf 1 (inf inf inf)

# -0.785398 -1.570796 6.000000
# best = 1 = LSR
LSL 11.83 0 (0.673501 6.332496 4.824286)
LSR 6.85 0 (1.099796 3.863798 1.885194)
RSL 18.03 0 (5.667678 7.476596 4.882280)
RSR 12.82 0 (5.374516 5.750745 1.694067)
RLR inf 1 (inf inf inf)
LRL inf 1 (inf inf inf)

# -0.785398 -1.570796 6.400000
# best = 1 = LSR
LSL 12.23 0 (0.680138 6.730143 4.817649)
LSR 7.23 0 (1.070857 4.303864 1.856255)
RSL 18.42 0 (5.659095 7.888294 4.873697)
RSR 13.22 0 (5.382516 6.147906 1.686067)
RLR inf 1 (inf inf inf)
LRL inf 1 (inf inf inf)

# -0.785398 -1.570796 6.800000
# best = 1 = LSR
LSL 12.63 0 (0.686034 7.128053 4.811753)
LSR 7.62 0 (1.046954 4.736830 1.832352)
RSL 18.82 0 (5.651346 8.298847 4.865948)
RSR 13.61 0 (5.389545 6.545413 1.679038)
RLR inf 1 (inf inf inf)
LRL inf 1 (inf inf inf)

# -0.785398 -1.570796 7.200000
# best = 1 = LSR
LSL 13.02 0 (0.691306 7.526184 4.806481)
LSR 8.00 0 (1.026847 5.164482 1.812245)
RSL 19.21 0 (5.644315 8.708418 4.858917)
RSR 14.01 0 (5.395769 6.943207 1.672814)
RLR inf 1 (inf inf inf)
LRL inf 1 (inf inf inf)

# -0.785398 -1.570796 7.600000
# best = 1 = LSR
LSL 13.42 0 (0.696049 7.924504 4.801739)
LSR 8.39 0 (1.009677 5.588040 1.795075)
RSL 19.61 0 (5.637904 9.117140 4.852506)
RSR 14.41 0 (5.401318 7.341240 1.667265)
RLR inf 1 (inf inf inf)
LRL inf 1 (inf inf inf)

# -0.785398 -1.570796 8.000000
# best = 1 = LSR
LSL 13.82 0 (0.700337 8.322985 4.797450)
LSR 8.78 0 (0.994834 6.008370 1.780232)
RSL 20.00 0 (5.632036 9.525120 4.846638)
RSR 14.81 0 (5.406296 7.739476 1.662287)
RLR inf 1 (inf inf inf)
LRL inf 1 (inf inf inf)

# -0.392699 -1.570796 0.400000
# best = 2 = RSL
LSL 12.76 0 (5.938583 1.374222 5.449691)
LSR inf 1 (inf inf inf)
RSL 6.51 0 (0.611426 0.177522 5.716514)
RSR 8.41 0 (4.088668 0.949094 3.372615)
RLR 12.79 0 (0.707517 5.804069 6.274649)
LRL 9.99 0 (2.446290 5.581785 1.957398)

# -0.392699 -1.570796 0.800000
# best = 2 = RSL
LSL 13.08 0 (6.098209 1.691845 5.290065)
LSR inf 1 (inf inf inf)
RSL 6.80 0 (0.211262 1.271873 5.316350)
RSR 8.40 0 (4.514907 0.941768 2.946375)
RLR 12.79 0 (1.135641 5.807839 5.850295)
LRL 9.64 0 (2.519906 5.409764 1.711761)

# -0.392699 -1.570796 1.200000
# best = 2 = RSL
LSL 13.43 0 (6.205559 2.038674 5.182715)
LSR inf 1 (inf inf inf)
RSL 7.14 0 (0.080830 1.877181 5.185918)
RSR 8.55 0 (4.882372 1.092279 2.578910)
RLR 12.64 0 (1.464197 5.730020 5.443920)
LRL 9.25 0 (2.529167 5.213586 1.506323)

# -0.392699 -1.570796 1.600000
# best = 2 = RSL
LSL 13.79 0 (6.281094 2.402092 5.107179)
LSR inf 1 (inf inf inf)
RSL 7.51 0 (0.002093 2.397906 5.107181)
RSR 8.81 0 (5.135921 1.348784 2.325361)
RLR 12.37 0 (1.650392 5.595311 5.123017)
LRL 8.81 0 (2.495347 4.994875 1.321432)

# -0.392699 -1.570796 2.000000
# best = 0 = LSL
LSL 7.88 0 (0.053365 2.775590 5.051723)
LSR inf 1 (inf inf inf)
RSL 14.16 0 (6.230808 2.880295 5.052711)
RSR 9.12 0 (5.301438 1.662939 2.159844)
RLR 12.03 0 (1.731095 5.425684 4.872687)
LRL 8.32 0 (2.428070 4.749410 1.143243)

# -0.392699 -1.570796 2.400000
# best = 5 = LRL
LSL 8.26 0 (0.095571 3.155591 5.009517)
LSR inf 1 (inf inf inf)
RSL 14.54 0 (6.190344 3.340995 5.012247)
RSR 9.47 0 (5.412344 2.007863 2.048938)
RLR 11.64 0 (1.744881 5.231445 4.664661)
LRL 7.75 0 (2.328150 4.465159 0.958912)

# -0.392699 -1.570796 2.800000
# best = 5 = LRL
LSL 8.65 0 (0.128659 3.540001 4.976429)
LSR inf 1 (inf inf inf)
RSL 14.93 0 (6.158885 3.787927 4.980788)
RSR 9.83 0 (5.490076 2.370160 1.971206)
RLR 11.21 0 (1.714275 5.014768 4.478590)
LRL 7.04 0 (2.183757 4.110196 0.748342)

# -0.392699 -1.570796 3.200000
# best = 1 = LSR
LSL 9.03 0 (0.155242 3.927526 4.949846)
LSR 4.17 0 (1.298076 0.395214 2.476173)
RSL 15.31 0 (6.133628 4.225463 4.955531)
RSR 10.20 0 (5.546950 2.742956 1.914332)
RLR 10.72 0 (1.649739 4.771948 4.300307)
LRL 5.87 0 (1.916687 3.522891 0.428106)

# -0.392699 -1.570796 3.600000
# best = 1 = LSR
LSL 9.42 0 (0.177038 4.317327 4.928050)
LSR 4.47 0 (0.981708 1.330431 2.159805)
RSL 15.70 0 (6.112852 4.656253 4.934755)
RSR 10.58 0 (5.590111 3.122491 1.871171)
RLR 10.16 0 (1.552856 4.491862 4.117102)
LRL inf 1 (inf inf inf)

# -0.392699 -1.570796 4.000000
# best = 1 = LSR
LSL 9.81 0 (0.195217 4.708839 4.909871)
LSR 4.82 0 (0.857986 1.924552 2.036083)
RSL 16.09 0 (6.095433 5.082011 4.917336)
RSR 10.97 0 (5.623869 3.506579 1.837414)
RLR 9.47 0 (1.413432 4.145497 3.910162)
LRL inf 1 (inf inf inf)

# -0.392699 -1.570796 4.400000
# best = 1 = LSR
LSL 10.21 0 (0.210601 5.101668 4.894488)
LSR 5.18 0 (0.782021 2.440851 1.960118)
RSL 16.49 0 (6.080602 5.503906 4.902505)
RSR 11.36 0 (5.650937 3.893873 1.810345)
RLR 8.38 0 (1.169416 3.603328 3.612009)
LRL inf 1 (inf inf inf)

# -0.392699 -1.570796 4.800000
# best = 1 = LSR
LSL 10.60 0 (0.223782 5.495532 4.881306)
LSR 5.56 0 (0.729058 2.920891 1.907155)
RSL 16.88 0 (6.067811 5.922764 4.889714)
RSR 11.74 0 (5.673095 4.283502 1.788187)
RLR inf 1 (inf inf inf)
LRL inf 1 (inf inf inf)

# -0.392699 -1.570796 5.200000
# best = 1 = LSR
LSL 11.00 0 (0.235199 5.890223 4.869889)
LSR 5.94 0 (0.689527 3.380157 1.867624)
RSL 17.27 0 (6.056661 6.339186 4.878564)
RSR 12.14 0 (5.691551 4.674884 1.769732)
RLR inf 1 (inf inf inf)
LRL inf 1 (inf inf inf)

# -0.392699 -1.570796 5.600000
# best = 1 = LSR
LSL 11.39 0 (0.245181 6.285585 4.859908)
LSR 6.32 0 (0.658696 3.826136 1.836793)
RSL 17.67 0 (6.046850 6.753623 4.868753)
RSR 12.53 0 (5.707150 5.067611 1.754132)
RLR inf 1 (inf inf inf)
LRL inf 1 (inf inf inf)

# -0.392699 -1.570796 6.000000
# best = 1 = LSR
LSL 11.79 0 (0.253980 6.681499 4.851108)
LSR 6.71 0 (0.633884 4.263000 1.811981)
RSL 18.06 0 (6.038147 7.166419 4.860050)
RSR 12.92 0 (5.720503 5.461395 1.740779)
RLR inf 1 (inf inf inf)
LRL inf 1 (inf inf inf)

# -0.392699 -1.570796 6.400000
# best = 1 = LSR
LSL 12.18 0 (0.261795 7.077873 4.843293)
LSR 7.10 0 (0.613436 4.693295 1.791533)
RSL 18.46 0 (6.030373 7.577844 4.852276)
RSR 13.32 0 (5.732059 5.856021 1.729224)
RLR inf 1 (inf inf inf)
LRL inf 1 (inf inf inf)

# -0.392699 -1.570796 6.800000
# best = 1 = LSR
LSL 12.58 0 (0.268780 7.474633 4.836308)
LSR 7.49 0 (0.596268 5.118679 1.774365)
RSL 18.86 0 (6.023385 7.988107 4.845288)
RSR 13.71 0 (5.742154 6.251330 1.719129)
RLR inf 1 (inf inf inf)
LRL inf 1 (inf inf inf)

# -0.392699 -1.570796 7.200000
# best = 1 = LSR
LSL 12.98 0 (0.275061 7.871721 4.830027)
LSR 7.88 0 (0.581633 5.540282 1.759730)
RSL 19.25 0 (6.017068 8.397381 4.838971)
RSR 14.11 0 (5.751047 6.647200 1.710235)
RLR inf 1 (inf inf inf)
LRL inf 1 (inf inf inf)

# -0.392699 -1.570796 7.600000
# best = 1 = LSR
LSL 13.37 0 (0.280738 8.269090 4.824350)
LSR 8.28 0 (0.568999 5.958908 1.747096)
RSL 19.65 0 (6.011330 8.805802 4.833233)
RSR 14.50 0 (5.758940 7.043537 1.702342)
RLR inf 1 (inf inf inf)
LRL inf 1 (inf inf inf)

# -0.392699 -1.570796 8.000000
# best = 1 = LSR
LSL 13.77 0 (0.285895 8.666701 4.819193)
LSR 8.67 0 (0.557975 6.375142 1.736072)
RSL 20.05 0 (6.006093 9.213485 4.827996)
RSR 14.90 0 (5.765992 7.440267 1.695290)
RLR inf 1 (inf inf inf)
LRL inf 1 (inf inf inf)

# 0.000000 -1.570796 0.400000
# best = 4 = RLR
LSL 12.72 0 (5.662936 1.720465 5.332639)
LSR inf 1 (inf inf inf)
RSL inf 1 (inf inf inf)
RSR 9.02 0 (4.171969 1.166190 3.682012)
RLR 6.67 0 (0.734532 5.691497 0.244575)
LRL 9.22 0 (2.076722 5.393942 1.746424)

# 0.000000 -1.570796 0.800000
# best = 2 = RSL
LSL 13.05 0 (5.776087 2.059126 5.219488)
LSR inf 1 (inf inf inf)
RSL 6.85 0 (0.823478 0.489899 5.535868)
RSR 8.87 0 (4.514993 1.019804 3.338988)
RLR 13.11 0 (1.115604 5.767591 6.222784)
LRL 8.83 0 (2.093742 5.201680 1.537142)

# 0.000000 -1.570796 1.200000
# best = 2 = RSL
LSL 13.41 0 (5.856558 2.416609 5.139017)
LSR inf 1 (inf inf inf)
RSL 7.17 0 (0.548201 1.356466 5.260591)
RSR 8.87 0 (4.909785 1.019804 2.944197)
RLR 13.11 0 (1.510395 5.767591 5.827992)
LRL 8.40 0 (2.066264 4.985782 1.348722)

# 0.000000 -1.570796 1.600000
# best = 2 = RSL
LSL 13.78 0 (5.916012 2.785678 5.079563)
LSR inf 1 (inf inf inf)
RSL 7.52 0 (0.433691 1.939072 5.146080)
RSR 9.02 0 (5.252809 1.166190 2.601173)
RLR 12.95 0 (1.815372 5.691497 5.446921)
LRL 7.91 0 (2.004023 4.742394 1.167575)

# 0.000000 -1.570796 2.000000
# best = 5 = LRL
LSL 14.16 0 (5.961435 3.162278 5.034140)
LSR inf 1 (inf inf inf)
RSL 7.89 0 (0.362969 2.449490 5.075358)
RSR 9.27 0 (5.497787 1.414213 2.356194)
RLR 12.69 0 (1.994828 5.560451 5.136420)
LRL 7.35 0 (1.908104 4.459709 0.980809)

# 0.000000 -1.570796 2.400000
# best = 5 = LRL
LSL 14.54 0 (5.997134 3.544009 4.998441)
LSR inf 1 (inf inf inf)
RSL 8.27 0 (0.313573 2.925748 5.025962)
RSR 9.57 0 (5.662936 1.720465 2.191045)
RLR 12.36 0 (2.076722 5.393942 4.888016)
LRL 6.64 0 (1.766890 4.105883 0.768197)

# 0.000000 -1.570796 2.800000
# best = 1 = LSR
LSL 14.92 0 (6.025862 3.929376 4.969713)
LSR 3.71 0 (0.823478 0.489899 2.394274)
RSL 8.65 0 (0.276683 3.382307 4.989073)
RSR 9.91 0 (5.776087 2.059126 2.077894)
RLR 11.97 0 (2.093742 5.201680 4.678734)
LRL 5.47 0 (1.501665 3.517976 0.445516)

# 0.000000 -1.570796 3.200000
# best = 1 = LSR
LSL 15.31 0 (6.049442 4.317407 4.946132)
LSR 4.02 0 (0.548201 1.356466 2.118997)
RSL 9.03 0 (0.247906 3.826225 4.960295)
RSR 10.27 0 (5.856558 2.416609 1.997423)
RLR 11.54 0 (2.066264 4.985782 4.490314)
LRL inf 1 (inf inf inf)

# 0.000000 -1.570796 3.600000
# best = 1 = LSR
LSL 15.70 0 (6.069125 4.707441 4.926450)
LSR 4.38 0 (0.433691 1.939072 2.004487)
RSL 9.42 0 (0.224746 4.261455 4.937135)
RSR 10.64 0 (5.916012 2.785678 1.937970)
RLR 11.06 0 (2.004023 4.742394 4.309167)
LRL inf 1 (inf inf inf)

# 0.000000 -1.570796 4.000000
# best = 1 = LSR
LSL 16.09 0 (6.085790 5.099019 4.909785)
LSR 4.75 0 (0.362969 2.449490 1.933765)
RSL 9.81 0 (0.205661 4.690416 4.918051)
RSR 11.02 0 (5.961435 3.162278 1.892546)
RLR 10.49 0 (1.908104 4.459709 4.122401)
LRL inf 1 (inf inf inf)

# 0.000000 -1.570796 4.400000
# best = 1 = LSR
LSL 16.49 0 (6.100075 5.491812 4.895500)
LSR 5.12 0 (0.313573 2.925748 1.884369)
RSL 10.21 0 (0.189640 5.114685 4.902029)
RSR 11.40 0 (5.997134 3.544009 1.856847)
RLR 9.78 0 (1.766890 4.105883 3.909789)
LRL inf 1 (inf inf inf)

# 0.000000 -1.570796 4.800000
# best = 1 = LSR
LSL 16.88 0 (6.112450 5.885576 4.883124)
LSR 5.51 0 (0.276683 3.382307 1.847479)
RSL 10.60 0 (0.175984 5.535341 4.888373)
RSR 11.78 0 (6.025862 3.929376 1.828120)
RLR 8.61 0 (1.501665 3.517976 3.587108)
LRL inf 1 (inf inf inf)

# 0.000000 -1.570796 5.200000
# best = 1 = LSR
LSL 17.28 0 (6.123272 6.280127 4.872302)
LSR 5.89 0 (0.247906 3.826225 1.818702)
RSL 10.99 0 (0.164196 5.953150 4.876586)
RSR 12.17 0 (6.049442 4.317407 1.804539)
RLR inf 1 (inf inf inf)
LRL inf 1 (inf inf inf)

# 0.000000 -1.570796 5.600000
# best = 1 = LSR
LSL 17.67 0 (6.132814 6.675328 4.862761)
LSR 6.28 0 (0.224746 4.261455 1.795542)
RSL 11.39 0 (0.153913 6.368673 4.866302)
RSR 12.56 0 (6.069125 4.707441 1.784857)
RLR inf 1 (inf inf inf)
LRL inf 1 (inf inf inf)

# 0.000000 -1.570796 6.000000
# best = 1 = LSR
LSL 18.07 0 (6.141288 7.071068 4.854286)
LSR 6.67 0 (0.205661 4.690416 1.776457)
RSL 11.78 0 (0.144859 6.782330 4.857249)
RSR 12.95 0 (6.085790 5.099019 1.768191)
RLR inf 1 (inf inf inf)
LRL inf 1 (inf inf inf)

# 0.000000 -1.570796 6.400000
# best = 1 = LSR
LSL 18.46 0 (6.148864 7.467262 4.846711)
LSR 7.06 0 (0.189640 5.114685 1.760436)
RSL 12.18 0 (0.136825 7.194442 4.849214)
RSR 13.35 0 (6.100075 5.491812 1.753907)
RLR inf 1 (inf inf inf)
LRL inf 1 (inf inf inf)

# 0.000000 -1.570796 6.800000
# best = 1 = LSR
LSL 18.86 0 (6.155676 7.863841 4.839899)
LSR 7.46 0 (0.175984 5.535341 1.746780)
RSL 12.58 0 (0.129644 7.605261 4.842033)
RSR 13.74 0 (6.112450 5.885576 1.741531)
RLR inf 1 (inf inf inf)
LRL inf 1 (inf inf inf)

# 0.000000 -1.570796 7.200000
# best = 1 = LSR
LSL 19.26 0 (6.161833 8.260751 4.833741)
LSR 7.85 0 (0.164196 5.953150 1.734992)
RSL 12.97 0 (0.123187 8.014986 4.835576)
RSR 14.13 0 (6.123272 6.280127 1.730709)
RLR inf 1 (inf inf inf)
LRL inf 1 (inf inf inf)

# 0.000000 -1.570796 7.600000
# best = 1 = LSR
LSL 19.65 0 (6.167426 8.657944 4.828148)
LSR 8.25 0 (0.153913 6.368673 1.724709)
RSL 13.37 0 (0.117348 8.423776 4.829737)
RSR 14.53 0 (6.132814 6.675328 1.721167)
RLR inf 1 (inf inf inf)
LRL inf 1 (inf inf inf)

# 0.000000 -1.570796 8.000000
# best = 1 = LSR
LSL 20.05 0 (6.172528 9.055385 4.823046)
LSR 8.64 0 (0.144859 6.782330 1.715655)
RSL 13.77 0 (0.112042 8.831761 4.824431)
RSR 14.93 0 (6.141288 7.071068 1.712693)
RLR inf 1 (inf inf inf)
LRL inf 1 (inf inf inf)

# 0.392699 -1.570796 0.400000
# best = 4 = RLR
LSL 12.61 0 (5.412344 2.007863 5.190532)
LSR inf 1 (inf inf inf)
RSL inf 1 (inf inf inf)
RSR 9.60 0 (4.288857 1.348784 3.957824)
RLR 6.87 0 (0.803327 5.595311 0.472294)
LRL 8.50 0 (1.744881 5.231445 1.523069)

# 0.392699 -1.570796 0.800000
# best = 4 = RLR
LSL 12.97 0 (5.490076 2.370160 5.112799)
LSR inf 1 (inf inf inf)
RSL inf 1 (inf inf inf)
RSR 9.34 0 (4.542406 1.092279 3.704274)
RLR 7.14 0 (1.124231 5.730020 0.286099)
LRL 8.07 0 (1.714275 5.014768 1.336998)

# 0.392699 -1.570796 1.200000
# best = 2 = RSL
LSL 13.35 0 (5.546950 2.742956 5.055926)
LSR inf 1 (inf inf inf)
RSL 7.31 0 (1.298076 0.395214 5.617766)
RSR 9.19 0 (4.909871 0.941768 3.336809)
RLR 13.58 0 (1.530605 5.807839 6.240729)
LRL 7.58 0 (1.649739 4.771948 1.158715)

# 0.392699 -1.570796 1.600000
# best = 5 = LRL
LSL 13.73 0 (5.590111 3.122491 5.012765)
LSR inf 1 (inf inf inf)
RSL 7.61 0 (0.981708 1.330431 5.301398)
RSR 9.20 0 (5.336110 0.949094 2.910570)
RLR 13.57 0 (1.954959 5.804069 5.812605)
LRL 7.02 0 (1.552856 4.491862 0.975510)

# 0.392699 -1.570796 2.000000
# best = 5 = LRL
LSL 14.11 0 (5.623869 3.506579 4.979007)
LSR inf 1 (inf inf inf)
RSL 7.96 0 (0.857986 1.924552 5.177676)
RSR 9.36 0 (5.694137 1.111140 2.552543)
RLR 13.40 0 (2.271056 5.720210 5.412648)
LRL 6.33 0 (1.413432 4.145497 0.768570)

# 0.392699 -1.570796 2.400000
# best = 1 = LSR
LSL 14.50 0 (5.650937 3.893873 4.951939)
LSR 3.36 0 (0.611426 0.177522 2.574921)
RSL 8.32 0 (0.782021 2.440851 5.101712)
RSR 9.62 0 (5.938583 1.374222 2.308097)
RLR 13.13 0 (2.446290 5.581785 5.098990)
LRL 5.24 0 (1.169416 3.603328 0.470417)

# 0.392699 -1.570796 2.800000
# best = 1 = LSR
LSL 14.89 0 (5.673095 4.283502 4.929781)
LSR 3.66 0 (0.211262 1.271873 2.174757)
RSL 8.70 0 (0.729058 2.920891 5.048748)
RSR 9.94 0 (6.098209 1.691845 2.148471)
RLR 12.78 0 (2.519906 5.409764 4.853353)
LRL inf 1 (inf inf inf)

# 0.392699 -1.570796 3.200000
# best = 1 = LSR
LSL 15.28 0 (5.691551 4.674884 4.911325)
LSR 4.00 0 (0.080830 1.877181 2.044325)
RSL 9.08 0 (0.689527 3.380157 5.009218)
RSR 10.29 0 (6.205559 2.038674 2.041122)
RLR 12.39 0 (2.529167 5.213586 4.647915)
LRL inf 1 (inf inf inf)

# 0.392699 -1.570796 3.600000
# best = 1 = LSR
LSL 15.67 0 (5.707150 5.067611 4.895725)
LSR 4.37 0 (0.002093 2.397906 1.965588)
RSL 9.46 0 (0.658696 3.826136 4.978386)
RSR 10.65 0 (6.281094 2.402092 1.965586)
RLR 11.95 0 (2.495347 4.994875 4.463024)
LRL inf 1 (inf inf inf)

# 0.392699 -1.570796 4.000000
# best = 3 = RSR
LSL 16.06 0 (5.720503 5.461395 4.882372)
LSR 11.02 0 (6.230808 2.880295 1.911118)
RSL 9.85 0 (0.633884 4.263000 4.953574)
RSR 4.74 0 (0.053365 2.775590 1.910130)
RLR 11.46 0 (2.428070 4.749410 4.284835)
LRL inf 1 (inf inf inf)

# 0.392699 -1.570796 4.400000
# best = 3 = RSR
LSL 16.46 0 (5.732059 5.856021 4.870817)
LSR 11.40 0 (6.190344 3.340995 1.870654)
RSL 10.24 0 (0.613436 4.693295 4.933127)
RSR 5.12 0 (0.095571 3.155591 1.867924)
RLR 10.89 0 (2.328150 4.465159 4.100504)
LRL inf 1 (inf inf inf)

# 0.392699 -1.570796 4.800000
# best = 3 = RSR
LSL 16.85 0 (5.742154 6.251330 4.860722)
LSR 11.79 0 (6.158885 3.787927 1.839195)
RSL 10.63 0 (0.596268 5.118679 4.915958)
RSR 5.50 0 (0.128659 3.540001 1.834836)
RLR 10.18 0 (2.183757 4.110196 3.889934)
LRL inf 1 (inf inf inf)

# 0.392699 -1.570796 5.200000
# best = 3 = RSR
LSL 17.25 0 (5.751047 6.647200 4.851828)
LSR 12.17 0 (6.133628 4.225463 1.813938)
RSL 11.02 0 (0.581633 5.540282 4.901323)
RSR 5.89 0 (0.155242 3.927526 1.808253)
RLR 9.01 0 (1.916687 3.522891 3.569698)
LRL inf 1 (inf inf inf)

# 0.392699 -1.570796 5.600000
# best = 3 = RSR
LSL 17.65 0 (5.758940 7.043537 4.843935)
LSR 12.56 0 (6.112852 4.656253 1.793161)
RSL 11.42 0 (0.568999 5.958908 4.888689)
RSR 6.28 0 (0.177038 4.317327 1.786457)
RLR inf 1 (inf inf inf)
LRL inf 1 (inf inf inf)

# 0.392699 -1.570796 6.000000
# best = 3 = RSR
LSL 18.04 0 (5.765992 7.440267 4.836884)
LSR 12.95 0 (6.095433 5.082011 1.775742)
RSL 11.81 0 (0.557975 6.375142 4.877665)
RSR 6.67 0 (0.195217 4.708839 1.768278)
RLR inf 1 (inf inf inf)
LRL inf 1 (inf inf inf)

# 0.392699 -1.570796 6.400000
# best = 3 = RSR
LSL 18.44 0 (5.772330 7.837328 4.830546)
LSR 13.35 0 (6.080602 5.503906 1.760911)
RSL 12.21 0 (0.548268 6.789425 4.867958)
RSR 7.07 0 (0.210601 5.101668 1.752894)
RLR inf 1 (inf inf inf)
LRL inf 1 (inf inf inf)

# 0.392699 -1.570796 6.800000
# best = 3 = RSR
LSL 18.84 0 (5.778056 8.234674 4.824820)
LSR 13.74 0 (6.067811 5.922764 1.748121)
RSL 12.60 0 (0.539652 7.202093 4.859342)
RSR 7.46 0 (0.223782 5.495532 1.739713)
RLR inf 1 (inf inf inf)
LRL inf 1 (inf inf inf)

# 0.392699 -1.570796 7.200000
# best = 3 = RSR
LSL 19.24 0 (5.783255 8.632265 4.819621)
LSR 14.13 0 (6.056661 6.339186 1.736971)
RSL 13.00 0 (0.531951 7.613409 4.851641)
RSR 7.85 0 (0.235199 5.890223 1.728296)
RLR inf 1 (inf inf inf)
LRL inf 1 (inf inf inf)

# 0.392699 -1.570796 7.600000
# best = 3 = RSR
LSL 19.63 0 (5.787996 9.030069 4.814880)
LSR 14.53 0 (6.046850 6.753623 1.727159)
RSL 13.39 0 (0.525025 8.023581 4.844716)
RSR 8.25 0 (0.245181 6.285585 1.718314)
RLR inf 1 (inf inf inf)
LRL inf 1 (inf inf inf)

# 0.392699 -1.570796 8.000000
# best = 3 = RSR
LSL 20.03 0 (5.792336 9.428059 4.810539)
LSR 14.92 0 (6.038147 7.166419 1.718457)
RSL 13.79 0 (0.518762 8.432775 4.838453)
RSR 8.64 0 (0.253980 6.681499 1.709515)
RLR inf 1 (inf inf inf)
LRL inf 1 (inf inf inf)

# 0.785398 -1.570796 0.400000
# best = 4 = RLR
LSL 12.43 0 (5.174015 2.222588 5.036162)
LSR inf 1 (inf inf inf)
RSL inf 1 (inf inf inf)
RSR 10.13 0 (4.422875 1.486112 4.216504)
RLR 7.12 0 (0.900628 5.521877 0.694257)
LRL 7.85 0 (1.443281 5.104903 1.305428)

# 0.785398 -1.570796 0.800000
# best = 5 = LRL
LSL 12.82 0 (5.222887 2.604915 4.987290)
LSR inf 1 (inf inf inf)
RSL inf 1 (inf inf inf)
RSR 9.79 0 (4.589118 1.150149 4.050262)
RLR 7.47 0 (1.155871 5.699876 0.617015)
LRL 7.37 0 (1.372092 4.864780 1.136494)

# 0.785398 -1.570796 1.200000
# best = 5 = LRL
LSL 13.20 0 (5.259187 2.991867 4.950990)
LSR inf 1 (inf inf inf)
RSL inf 1 (inf inf inf)
RSR 9.51 0 (4.875639 0.870148 3.763741)
RLR 7.76 0 (1.514756 5.844605 0.402858)
LRL 6.83 0 (1.272601 4.593198 0.964404)

# 0.785398 -1.570796 1.600000
# best = 5 = LRL
LSL 13.59 0 (5.287145 3.381857 4.923032)
LSR inf 1 (inf inf inf)
RSL 7.93 0 (1.855584 0.288177 5.782576)
RSR 9.35 0 (5.347458 0.715172 3.291921)
RLR 14.20 0 (2.026106 5.923666 6.253754)
LRL 6.18 0 (1.138118 4.268318 0.774005)

# 0.785398 -1.570796 2.000000
# best = 5 = LRL
LSL 13.98 0 (5.309308 3.773942 4.900869)
LSR inf 1 (inf inf inf)
RSL 8.20 0 (1.471718 1.325655 5.398709)
RSR 9.40 0 (5.890486 0.765367 2.748893)
RLR 14.15 0 (2.556365 5.898128 5.697957)
LRL 5.28 0 (0.934720 3.817196 0.526281)

# 0.785398 -1.570796 2.400000
# best = 1 = LSR
LSL 14.38 0 (5.327292 4.167532 4.882884)
LSR 3.35 0 (0.010258 0.969484 2.366452)
RSL 8.52 0 (1.330031 1.936924 5.257022)
RSR 9.63 0 (6.273033 0.990000 2.366346)
RLR 13.92 0 (2.881341 5.782987 5.257840)
LRL inf 1 (inf inf inf)

# 0.785398 -1.570796 2.800000
# best = 3 = RSR
LSL 14.77 0 (5.342169 4.562237 4.868008)
LSR 9.94 0 (6.098255 1.669007 2.171263)
RSL 8.88 0 (1.242679 2.462923 5.169670)
RSR 3.66 0 (0.211132 1.301697 2.145062)
RLR 13.60 0 (3.021264 5.620264 4.955195)
LRL inf 1 (inf inf inf)

# 0.785398 -1.570796 3.200000
# best = 3 = RSR
LSL 15.17 0 (5.354674 4.957791 4.855503)
LSR 10.28 0 (5.991348 2.225145 2.064357)
RSL 9.24 0 (1.181499 2.949628 5.108490)
RSR 4.01 0 (0.343053 1.651887 2.013141)
RLR 13.22 0 (3.058931 5.431756 4.729019)
LRL inf 1 (inf inf inf)

# 0.785398 -1.570796 3.600000
# best = 3 = RSR
LSL 15.56 0 (5.365330 5.354006 4.844847)
LSR 10.64 0 (5.919927 2.727078 1.992936)
RSL 9.61 0 (1.135661 3.413886 5.062652)
RSR 4.38 0 (0.427892 2.020655 1.928302)
RLR 12.80 0 (3.039913 5.224042 4.540323)
LRL inf 1 (inf inf inf)

# 0.785398 -1.570796 4.000000
# best = 3 = RSR
LSL 15.96 0 (5.374516 5.750745 4.835660)
LSR 11.01 0 (5.867849 3.200413 1.940858)
RSL 9.99 0 (1.099796 3.863798 5.026788)
RSR 4.76 0 (0.486261 2.399450 1.869933)
RLR 12.35 0 (2.984525 4.996527 4.368196)
LRL inf 1 (inf inf inf)

# 0.785398 -1.570796 4.400000
# best = 3 = RSR
LSL 16.36 0 (5.382516 6.147906 4.827660)
LSR 11.38 0 (5.827833 3.656272 1.900842)
RSL 10.37 0 (1.070857 4.303864 4.997848)
RSR 5.14 0 (0.528613 2.784183 1.827581)
RLR 11.84 0 (2.900330 4.743435 4.199299)
LRL inf 1 (inf inf inf)

# 0.785398 -1.570796 4.800000
# best = 3 = RSR
LSL 16.76 0 (5.389545 6.545413 4.820631)
LSR 11.77 0 (5.795966 4.100489 1.868974)
RSL 10.76 0 (1.046954 4.736830 4.973946)
RSR 5.53 0 (0.560638 3.172694 1.795556)
RLR 11.26 0 (2.786228 4.451180 4.021146)
LRL inf 1 (inf inf inf)

# 0.785398 -1.570796 5.200000
# best = 3 = RSR
LSL 17.15 0 (5.395769 6.943207 4.814408)
LSR 12.15 0 (5.769909 4.536485 1.842918)
RSL 11.15 0 (1.026847 5.164482 4.953838)
RSR 5.92 0 (0.585656 3.563749 1.770538)
RLR 10.52 0 (2.627844 4.084376 3.812726)
LRL inf 1 (inf inf inf)

# 0.785398 -1.570796 5.600000
# best = 3 = RSR
LSL 17.55 0 (5.401318 7.341240 4.808859)
LSR 12.54 0 (5.748165 4.966425 1.821174)
RSL 11.53 0 (1.009677 5.588040 4.936669)
RSR 6.31 0 (0.605717 3.956592 1.750477)
RLR 9.23 0 (2.323970 3.436506 3.468730)
LRL inf 1 (inf inf inf)

# 0.785398 -1.570796 6.000000
# best = 3 = RSR
LSL 17.95 0 (5.406296 7.739476 4.803881)
LSR 12.92 0 (5.729719 5.391759 1.802728)
RSL 11.93 0 (0.994834 6.008370 4.921825)
RSR 6.71 0 (0.622148 4.350739 1.734046)
RLR inf 1 (inf inf inf)
LRL inf 1 (inf inf inf)

# 0.785398 -1.570796 6.400000
# best = 3 = RSR
LSL 18.35 0 (5.410787 8.137885 4.799390)
LSR 13.31 0 (5.713860 5.813497 1.786869)
RSL 12.32 0 (0.981866 6.426105 4.908857)
RSR 7.10 0 (0.635847 4.745866 1.720347)
RLR inf 1 (inf inf inf)
LRL inf 1 (inf inf inf)

# 0.785398 -1.570796 6.800000
# best = 3 = RSR
LSL 18.75 0 (5.414858 8.536443 4.795318)
LSR 13.71 0 (5.700069 6.232370 1.773078)
RSL 12.71 0 (0.970434 6.841720 4.897425)
RSR 7.50 0 (0.647438 5.141747 1.708756)
RLR inf 1 (inf inf inf)
LRL inf 1 (inf inf inf)

# 0.785398 -1.570796 7.200000
# best = 3 = RSR
LSL 19.15 0 (5.418567 8.935130 4.791610)
LSR 14.10 0 (5.687960 6.648919 1.760969)
RSL 13.10 0 (0.960277 7.255581 4.887268)
RSR 7.89 0 (0.657371 5.538220 1.698823)
RLR inf 1 (inf inf inf)
LRL inf 1 (inf inf inf)

# 0.785398 -1.570796 7.600000
# best = 3 = RSR
LSL 19.54 0 (5.421958 9.333929 4.788219)
LSR 14.49 0 (5.677239 7.063555 1.750248)
RSL 13.50 0 (0.951190 7.667970 4.878181)
RSR 8.29 0 (0.665976 5.935166 1.690218)
RLR inf 1 (inf inf inf)
LRL inf 1 (inf inf inf)

# 0.785398 -1.570796 8.000000
# best = 3 = RSR
LSL 19.94 0 (5.425072 9.732827 4.785105)
LSR 14.88 0 (5.667678 7.476596 1.740686)
RSL 13.89 0 (0.943010 8.079114 4.870002)
RSR 8.69 0 (0.673501 6.332496 1.682693)
RLR inf 1 (inf inf inf)
LRL inf 1 (inf inf inf)

# 1.178097 -1.570796 0.400000
# best = 5 = LRL
LSL 12.17 0 (4.941879 2.355178 4.875599)
LSR inf 1 (inf inf inf)
RSL inf 1 (inf inf inf)
RSR 10.60 0 (4.565726 1.571195 4.466352)
RLR 7.42 0 (1.020461 5.475839 0.921086)
LRL 7.30 0 (1.170720 5.024052 1.104440)

# 1.178097 -1.570796 0.800000
# best = 5 = LRL
LSL 12.57 0 (4.965510 2.750630 4.851968)
LSR inf 1 (inf inf inf)
RSL inf 1 (inf inf inf)
RSR 10.22 0 (4.647878 1.187245 4.384200)
RLR 7.83 0 (1.204934 5.680482 0.941256)
LRL 6.78 0 (1.065659 4.766670 0.952117)

# 1.178097 -1.570796 1.200000
# best = 5 = LRL
LSL 12.96 0 (4.983193 3.147232 4.834285)
LSR inf 1 (inf inf inf)
RSL inf 1 (inf inf inf)
RSR 9.85 0 (4.805999 0.818809 4.226080)
RLR 8.21 0 (1.458246 5.870866 0.878328)
LRL 6.19 0 (0.935980 4.471945 0.787072)

# 1.178097 -1.570796 1.600000
# best = 5 = LRL
LSL 13.36 0 (4.996915 3.544598 4.820563)
LSR inf 1 (inf inf inf)
RSL inf 1 (inf inf inf)
RSR 9.53 0 (5.188122 0.501343 3.843957)
RLR 8.53 0 (1.920863 6.031853 0.576698)
LRL 5.46 0 (0.766354 4.105248 0.590001)

# 1.178097 -1.570796 2.000000
# best = 5 = LRL
LSL 13.76 0 (5.007869 3.942496 4.809609)
LSR inf 1 (inf inf inf)
RSL 8.69 0 (2.240752 0.675813 5.775044)
RSR 9.42 0 (6.086836 0.390181 2.945242)
RLR 14.92 0 (2.847543 6.087784 5.989135)
LRL 4.21 0 (0.465248 3.481128 0.266987)

# 1.178097 -1.570796 2.400000
# best = 3 = RSR
LSL 14.16 0 (5.016814 4.340781 4.800664)
LSR 9.62 0 (5.956333 1.243729 2.422041)
RSL 8.94 0 (1.949125 1.509179 5.483417)
RSR 3.36 0 (0.501072 0.610850 2.247821)
RLR 14.70 0 (3.489352 5.976561 5.236102)
LRL inf 1 (inf inf inf)

# 1.178097 -1.570796 2.800000
# best = 3 = RSR
LSL 14.56 0 (5.024254 4.739355 4.793223)
LSR 9.91 0 (5.779607 1.888377 2.245315)
RSL 9.25 0 (1.806349 2.102027 5.340642)
RSR 3.70 0 (0.766280 0.956051 1.982613)
RLR 14.35 0 (3.666524 5.800487 4.882856)
LRL inf 1 (inf inf inf)

# 1.178097 -1.570796 3.200000
# best = 3 = RSR
LSL 14.96 0 (5.030540 5.138150 4.786937)
LSR 10.24 0 (5.671822 2.430035 2.137529)
RSL 9.58 0 (1.713283 2.622864 5.247575)
RSR 4.08 0 (0.886750 1.332265 1.862143)
RLR 13.96 0 (3.688789 5.604078 4.664182)
LRL inf 1 (inf inf inf)

# 1.178097 -1.570796 3.600000
# best = 3 = RSR
LSL 15.35 0 (5.035921 5.537119 4.781557)
LSR 10.59 0 (5.596426 2.926461 2.062134)
RSL 9.93 0 (1.646148 3.108104 5.180440)
RSR 4.47 0 (0.953630 1.719252 1.795263)
RLR 13.54 0 (3.650937 5.394614 4.492570)
LRL inf 1 (inf inf inf)

# 1.178097 -1.570796 4.000000
# best = 3 = RSR
LSL 15.75 0 (5.040578 5.936227 4.776900)
LSR 10.94 0 (5.539909 3.397540 2.005617)
RSL 10.30 0 (1.594873 3.572283 5.129166)
RSR 4.86 0 (0.995817 2.111095 1.753076)
RLR 13.09 0 (3.581432 5.171230 4.338691)
LRL inf 1 (inf inf inf)

# 1.178097 -1.570796 4.400000
# best = 3 = RSR
LSL 16.15 0 (5.044648 6.335448 4.772830)
LSR 11.31 0 (5.495650 3.852581 1.961357)
RSL 10.67 0 (1.554198 4.022698 5.088490)
RSR 5.25 0 (1.024761 2.505518 1.724132)
RLR 12.61 0 (3.489453 4.929385 4.188825)
LRL inf 1 (inf inf inf)

# 1.178097 -1.570796 4.800000
# best = 3 = RSR
LSL 16.55 0 (5.048236 6.734761 4.769242)
LSR 11.68 0 (5.459903 4.296683 1.925610)
RSL 11.04 0 (1.521030 4.463519 5.055322)
RSR 5.65 0 (1.045819 2.901468 1.703074)
RLR 12.07 0 (3.375844 4.660051 4.033100)
LRL inf 1 (inf inf inf)

# 1.178097 -1.570796 5.200000
# best = 3 = RSR
LSL 16.95 0 (5.051421 7.134151 4.766056)
LSR 12.06 0 (5.430352 4.732926 1.896060)
RSL 11.42 0 (1.493407 4.897336 5.027699)
RSR 6.05 0 (1.061814 3.298395 1.687079)
RLR 11.44 0 (3.233914 4.344200 3.859179)
LRL inf 1 (inf inf inf)

# 1.178097 -1.570796 5.600000
# best = 3 = RSR
LSL 17.35 0 (5.054270 7.533605 4.763208)
LSR 12.44 0 (5.405474 5.163302 1.871181)
RSL 11.80 0 (1.470011 5.325861 5.004303)
RSR 6.44 0 (1.074371 3.695986 1.674522)
RLR 10.60 0 (3.037561 3.926380 3.637712)
LRL inf 1 (inf inf inf)

# 1.178097 -1.570796 6.000000
# best = 3 = RSR
LSL 17.75 0 (5.056831 7.933115 4.760647)
LSR 12.82 0 (5.384215 5.589168 1.849923)
RSL 12.18 0 (1.449920 5.750277 4.984213)
RSR 6.84 0 (1.084487 4.094045 1.664406)
RLR inf 1 (inf inf inf)
LRL inf 1 (inf inf inf)

# 1.178097 -1.570796 6.400000
# best = 3 = RSR
LSL 18.15 0 (5.059147 8.332672 4.758331)
LSR 13.21 0 (5.365825 6.011481 1.831533)
RSL 12.57 0 (1.432468 6.171433 4.966760)
RSR 7.24 0 (1.092810 4.492449 1.656083)
RLR inf 1 (inf inf inf)
LRL inf 1 (inf inf inf)

# 1.178097 -1.570796 6.800000
# best = 3 = RSR
LSL 18.55 0 (5.061250 8.732269 4.756227)
LSR 13.60 0 (5.349750 6.430941 1.815458)
RSL 12.96 0 (1.417158 6.589953 4.951450)
RSR 7.64 0 (1.099776 4.891114 1.649117)
RLR inf 1 (inf inf inf)
LRL inf 1 (inf inf inf)

# 1.178097 -1.570796 7.200000
# best = 3 = RSR
LSL 18.95 0 (5.063170 9.131901 4.754308)
LSR 13.98 0 (5.335571 6.848073 1.801279)
RSL 13.35 0 (1.403613 7.006310 4.937905)
RSR 8.04 0 (1.105693 5.289981 1.643200)
RLR inf 1 (inf inf inf)
LRL inf 1 (inf inf inf)

# 1.178097 -1.570796 7.600000
# best = 3 = RSR
LSL 19.35 0 (5.064928 9.531565 4.752549)
LSR 14.37 0 (5.322968 7.263278 1.788676)
RSL 13.74 0 (1.391540 7.420867 4.925832)
RSR 8.44 0 (1.110779 5.689006 1.638114)
RLR inf 1 (inf inf inf)
LRL inf 1 (inf inf inf)

# 1.178097 -1.570796 8.000000
# best = 3 = RSR
LSL 19.75 0 (5.066546 9.931255 4.750932)
LSR 14.77 0 (5.311689 7.676869 1.777396)
RSL 14.13 0 (1.380709 7.833912 4.915001)
RSR 8.84 0 (1.115199 6.088160 1.633694)
RLR inf 1 (inf inf inf)
LRL inf 1 (inf inf inf)

# 1.570796 -1.570796 0.400000
# best = 5 = LRL
LSL 11.82 0 (4.712389 2.400000 4.712389)
LSR inf 1 (inf inf inf)
RSL inf 1 (inf inf inf)
RSR 11.02 0 (4.712389 1.600000 4.712389)
RLR 7.78 0 (1.159279 5.460152 1.159279)
LRL 6.85 0 (0.927296 4.996183 0.927296)

# 1.570796 -1.570796 0.800000
# best = 5 = LRL
LSL 12.22 0 (4.712389 2.800000 4.712389)
LSR inf 1 (inf inf inf)
RSL inf 1 (inf inf inf)
RSR 10.62 0 (4.712389 1.200000 4.712389)
RLR 8.21 0 (1.266103 5.673800 1.266103)
LRL 6.32 0 (0.795399 4.732390 0.795399)

# 1.570796 -1.570796 1.200000
# best = 5 = LRL
LSL 12.62 0 (4.712389 3.200000 4.712389)
LSR inf 1 (inf inf inf)
RSL inf 1 (inf inf inf)
RSR 10.22 0 (4.712389 0.800000 4.712389)
RLR 8.62 0 (1.369438 5.880469 1.369438)
LRL 5.72 0 (0.643501 4.428595 0.643501)

# 1.570796 -1.570796 1.600000
# best = 5 = LRL
LSL 13.02 0 (4.712389 3.600000 4.712389)
LSR inf 1 (inf inf inf)
RSL inf 1 (inf inf inf)
RSR 9.82 0 (4.712389 0.400000 4.712389)
RLR 9.02 0 (1.470629 6.082850 1.470629)
LRL 4.95 0 (0.451027 4.043646 0.451027)

# 1.570796 -1.570796 2.000000
# best = 3 = RSR
LSL 13.42 0 (4.712389 4.000000 4.712389)
LSR 9.42 0 (6.283185 0.000001 3.141592)
RSL 9.42 0 (3.141592 0.000001 6.283185)
RSR 3.14 0 (1.572663 0.000000 1.568929)
RLR 3.14 0 (1.572663 0.000000 1.568929)
LRL 3.14 0 (0.000001 3.141593 0.000001)

# 1.570796 -1.570796 2.400000
# best = 3 = RSR
LSL 13.82 0 (4.712389 4.400000 4.712389)
LSR 9.58 0 (5.697500 1.326650 2.555907)
RSL 9.58 0 (2.555907 1.326650 5.697500)
RSR 3.54 0 (1.570796 0.400000 1.570796)
RLR 15.31 0 (4.612221 6.082850 4.612221)
LRL inf 1 (inf inf inf)

# 1.570796 -1.570796 2.800000
# best = 3 = RSR
LSL 14.22 0 (4.712389 4.800000 4.712389)
LSR 9.83 0 (5.507992 1.959592 2.366399)
RSL 9.83 0 (2.366399 1.959592 5.507992)
RSR 3.94 0 (1.570796 0.800000 1.570796)
RLR 14.90 0 (4.511031 5.880469 4.511031)
LRL inf 1 (inf inf inf)

# 1.570796 -1.570796 3.200000
# best = 3 = RSR
LSL 14.62 0 (4.712389 5.200000 4.712389)
LSR 10.13 0 (5.387521 2.497999 2.245927)
RSL 10.13 0 (2.245927 2.497999 5.387521)
RSR 4.34 0 (1.570796 1.200000 1.570796)
RLR 14.49 0 (4.407696 5.673800 4.407696)
LRL inf 1 (inf inf inf)

# 1.570796 -1.570796 3.600000
# best = 3 = RSR
LSL 15.02 0 (4.712389 5.600000 4.712389)
LSR 10.45 0 (5.301420 2.993326 2.159827)
RSL 10.45 0 (2.159827 2.993326 5.301420)
RSR 4.74 0 (1.570796 1.600000 1.570796)
RLR 14.06 0 (4.300872 5.460152 4.300872)
LRL inf 1 (inf inf inf)

# 1.570796 -1.570796 4.000000
# best = 3 = RSR
LSL 15.42 0 (4.712389 6.000000 4.712389)
LSR 10.79 0 (5.235988 3.464102 2.094395)
RSL 10.79 0 (2.094395 3.464102 5.235988)
RSR 5.14 0 (1.570796 2.000000 1.570796)
RLR 13.61 0 (4.188790 5.235988 4.188790)
LRL inf 1 (inf inf inf)

# 1.570796 -1.570796 4.400000
# best = 3 = RSR
LSL 15.82 0 (4.712389 6.400000 4.712389)
LSR 11.15 0 (5.184251 3.919184 2.042658)
RSL 11.15 0 (2.042658 3.919184 5.184251)
RSR 5.54 0 (1.570796 2.400000 1.570796)
RLR 13.13 0 (4.068888 4.996183 4.068888)
LRL inf 1 (inf inf inf)

# 1.570796 -1.570796 4.800000
# best = 3 = RSR
LSL 16.22 0 (4.712389 6.800000 4.712389)
LSR 11.51 0 (5.142165 4.363485 2.000571)
RSL 11.51 0 (2.000571 4.363485 5.142165)
RSR 5.94 0 (1.570796 2.800000 1.570796)
RLR 12.61 0 (3.936991 4.732390 3.936991)
LRL inf 1 (inf inf inf)

# 1.570796 -1.570796 5.200000
# best = 3 = RSR
LSL 16.62 0 (4.712389 7.200000 4.712389)
LSR 11.87 0 (5.107180 4.800000 1.965587)
RSL 11.87 0 (1.965587 4.800000 5.107180)
RSR 6.34 0 (1.570796 3.200000 1.570796)
RLR 12.00 0 (3.785093 4.428595 3.785093)
LRL inf 1 (inf inf inf)

# 1.570796 -1.570796 5.600000
# best = 3 = RSR
LSL 17.02 0 (4.712389 7.600000 4.712389)
LSR 12.24 0 (5.077596 5.230679 1.936003)
RSL 12.24 0 (1.936003 5.230679 5.077596)
RSR 6.74 0 (1.570796 3.600000 1.570796)
RLR 11.23 0 (3.592619 4.043646 3.592619)
LRL inf 1 (inf inf inf)

# 1.570796 -1.570796 6.000000
# best = 3 = RSR
LSL 17.42 0 (4.712389 8.000000 4.712389)
LSR 12.62 0 (5.052226 5.656854 1.910633)
RSL 12.62 0 (1.910633 5.656854 5.052226)
RSR 7.14 0 (1.570796 4.000000 1.570796)
RLR inf 1 (inf inf inf)
LRL inf 1 (inf inf inf)

# 1.570796 -1.570796 6.400000
# best = 3 = RSR
LSL 17.82 0 (4.712389 8.400000 4.712389)
LSR 13.00 0 (5.030213 6.079474 1.888620)
RSL 13.00 0 (1.888620 6.079474 5.030213)
RSR 7.54 0 (1.570796 4.400000 1.570796)
RLR inf 1 (inf inf inf)
LRL inf 1 (inf inf inf)

# 1.570796 -1.570796 6.800000
# best = 3 = RSR
LSL 18.22 0 (4.712389 8.800000 4.712389)
LSR 13.38 0 (5.010921 6.499231 1.869328)
RSL 13.38 0 (1.869328 6.499231 5.010921)
RSR 7.94 0 (1.570796 4.800000 1.570796)
RLR inf 1 (inf inf inf)
LRL inf 1 (inf inf inf)

# 1.570796 -1.570796 7.200000
# best = 3 = RSR
LSL 18.62 0 (4.712389 9.200000 4.712389)
LSR 13.76 0 (4.993869 6.916647 1.852276)
RSL 13.76 0 (1.852276 6.916647 4.993869)
RSR 8.34 0 (1.570796 5.200000 1.570796)
RLR inf 1 (inf inf inf)
LRL inf 1 (inf inf inf)

# 1.570796 -1.570796 7.600000
# best = 3 = RSR
LSL 19.02 0 (4.712389 9.600000 4.712389)
LSR 14.15 0 (4.978683 7.332121 1.837090)
RSL 14.15 0 (1.837090 7.332121 4.978683)
RSR 8.74 0 (1.570796 5.600000 1.570796)
RLR inf 1 (inf inf inf)
LRL inf 1 (inf inf inf)

# 1.570796 -1.570796 8.000000
# best = 3 = RSR
LSL 19.42 0 (4.712389 10.000000 4.712389)
LSR 14.53 0 (4.965069 7.745967 1.823476)
RSL 14.53 0 (1.823476 7.745967 4.965069)
RSR 9.14 0 (1.570796 6.000000 1.570796)
RLR inf 1 (inf inf inf)
LRL inf 1 (inf inf inf)

# 1.963495 -1.570796 0.400000
# best = 5 = LRL
LSL 11.39 0 (4.482900 2.355178 4.549180)
LSR inf 1 (inf inf inf)
RSL inf 1 (inf inf inf)
RSR 11.39 0 (4.859051 1.571196 4.958425)
RLR 8.20 0 (1.313785 5.475839 1.413159)
LRL 6.51 0 (0.711741 5.024052 0.778020)

# 1.963495 -1.570796 0.800000
# best = 5 = LRL
LSL 11.78 0 (4.459269 2.750630 4.572811)
LSR inf 1 (inf inf inf)
RSL inf 1 (inf inf inf)
RSR 11.00 0 (4.776899 1.187246 5.040577)
RLR 8.61 0 (1.333955 5.680482 1.597633)
LRL 6.00 0 (0.559418 4.766670 0.672960)

# 1.963495 -1.570796 1.200000
# best = 5 = LRL
LSL 12.18 0 (4.441586 3.147232 4.590494)
LSR inf 1 (inf inf inf)
RSL inf 1 (inf inf inf)
RSR 10.64 0 (4.618779 0.818809 5.198697)
RLR 8.99 0 (1.271027 5.870866 1.850945)
LRL 5.41 0 (0.394373 4.471945 0.543281)

# 1.963495 -1.570796 1.600000
# best = 5 = LRL
LSL 12.58 0 (4.427864 3.544598 4.604216)
LSR inf 1 (inf inf inf)
RSL inf 1 (inf inf inf)
RSR 10.32 0 (4.236656 0.501343 5.580820)
RLR 9.31 0 (0.969397 6.031853 2.313562)
LRL 4.68 0 (0.197302 4.105248 0.373655)

# 1.963495 -1.570796 2.000000
# best = 3 = RSR
LSL 12.97 0 (4.416910 3.942496 4.615170)
LSR inf 1 (inf inf inf)
RSL 10.21 0 (3.390711 0.675812 6.139605)
RSR 3.92 0 (3.337942 0.390181 0.196349)
RLR 9.43 0 (0.098649 6.087784 3.240241)
LRL 9.71 0 (6.157473 3.481127 0.072548)

# 1.963495 -1.570796 2.400000
# best = 3 = RSR
LSL 13.37 0 (4.407965 4.340781 4.624115)
LSR 9.49 0 (5.497354 1.243729 2.748460)
RSL 10.34 0 (3.041196 1.509178 5.790090)
RSR 4.15 0 (2.640520 0.610850 0.893771)
RLR 15.49 0 (5.628801 5.976561 3.882051)
LRL inf 1 (inf inf inf)

# 1.963495 -1.570796 2.800000
# best = 3 = RSR
LSL 13.77 0 (4.400524 4.739355 4.631555)
LSR 9.69 0 (5.273366 1.888377 2.524471)
RSL 10.56 0 (2.856304 2.102026 5.605199)
RSR 4.49 0 (2.375312 0.956051 1.158979)
RLR 15.14 0 (5.275556 5.800487 4.059223)
LRL inf 1 (inf inf inf)

# 1.963495 -1.570796 3.200000
# best = 3 = RSR
LSL 14.17 0 (4.394238 5.138150 4.637841)
LSR 9.94 0 (5.130214 2.430035 2.381320)
RSL 10.83 0 (2.731247 2.622863 5.480141)
RSR 4.87 0 (2.254842 1.332265 1.279449)
RLR 14.74 0 (5.056881 5.604078 4.081488)
LRL inf 1 (inf inf inf)

# 1.963495 -1.570796 3.600000
# best = 3 = RSR
LSL 14.57 0 (4.388858 5.537120 4.643222)
LSR 10.23 0 (5.027374 2.926461 2.278480)
RSL 11.13 0 (2.638999 3.108103 5.387893)
RSR 5.25 0 (2.187962 1.719252 1.346329)
RLR 14.32 0 (4.885270 5.394614 4.043636)
LRL inf 1 (inf inf inf)

# 1.963495 -1.570796 4.000000
# best = 3 = RSR
LSL 14.97 0 (4.384201 5.936228 4.647879)
LSR 10.55 0 (4.948950 3.397540 2.200056)
RSL 11.46 0 (2.567491 3.572283 5.316385)
RSR 5.65 0 (2.145775 2.111095 1.388516)
RLR 13.88 0 (4.731390 5.171230 3.974131)
LRL inf 1 (inf inf inf)

# 1.963495 -1.570796 4.400000
# best = 3 = RSR
LSL 15.37 0 (4.380131 6.335448 4.651949)
LSR 10.88 0 (4.886801 3.852581 2.137907)
RSL 11.79 0 (2.510170 4.022698 5.259064)
RSR 6.04 0 (2.116831 2.505518 1.417460)
RLR 13.39 0 (4.581524 4.929386 3.882152)
LRL inf 1 (inf inf inf)

# 1.963495 -1.570796 4.800000
# best = 3 = RSR
LSL 15.77 0 (4.376543 6.734761 4.655537)
LSR 11.22 0 (4.836172 4.296683 2.087278)
RSL 12.14 0 (2.463069 4.463518 5.211963)
RSR 6.44 0 (2.095773 2.901468 1.438518)
RLR 12.85 0 (4.425799 4.660051 3.768543)
LRL inf 1 (inf inf inf)

# 1.963495 -1.570796 5.200000
# best = 3 = RSR
LSL 16.17 0 (4.373357 7.134151 4.658722)
LSR 11.57 0 (4.794050 4.732926 2.045156)
RSL 12.49 0 (2.423613 4.897335 5.172508)
RSR 6.83 0 (2.079778 3.298395 1.454513)
RLR 12.22 0 (4.251878 4.344200 3.626613)
LRL inf 1 (inf inf inf)

# 1.963495 -1.570796 5.600000
# best = 3 = RSR
LSL 16.57 0 (4.370509 7.533606 4.661571)
LSR 11.93 0 (4.758411 5.163303 2.009516)
RSL 12.85 0 (2.390045 5.325860 5.138939)
RSR 7.23 0 (2.067221 3.695985 1.467070)
RLR 11.39 0 (4.030411 3.926380 3.430260)
LRL inf 1 (inf inf inf)

# 1.963495 -1.570796 6.000000
# best = 3 = RSR
LSL 16.97 0 (4.367948 7.933115 4.664132)
LSR 12.30 0 (4.727838 5.589168 1.978944)
RSL 13.22 0 (2.361115 5.750277 5.110010)
RSR 7.63 0 (2.057105 4.094045 1.477186)
RLR inf 1 (inf inf inf)
LRL inf 1 (inf inf inf)

# 1.963495 -1.570796 6.400000
# best = 3 = RSR
LSL 17.36 0 (4.365632 8.332672 4.666447)
LSR 12.67 0 (4.701308 6.011481 1.952414)
RSL 13.59 0 (2.335912 6.171433 5.084806)
RSR 8.03 0 (2.048782 4.492449 1.485509)
RLR inf 1 (inf inf inf)
LRL inf 1 (inf inf inf)

# 1.963495 -1.570796 6.800000
# best = 3 = RSR
LSL 17.76 0 (4.363528 8.732269 4.668551)
LSR 13.04 0 (4.678057 6.430941 1.929163)
RSL 13.97 0 (2.313749 6.589953 5.062643)
RSR 8.43 0 (2.041816 4.891114 1.492475)
RLR inf 1 (inf inf inf)
LRL inf 1 (inf inf inf)

# 1.963495 -1.570796 7.200000
# best = 3 = RSR
LSL 18.16 0 (4.361609 9.131902 4.670471)
LSR 13.41 0 (4.657507 6.848073 1.908613)
RSL 14.34 0 (2.294103 7.006310 5.042997)
RSR 8.82 0 (2.035899 5.289980 1.498392)
RLR inf 1 (inf inf inf)
LRL inf 1 (inf inf inf)

# 1.963495 -1.570796 7.600000
# best = 3 = RSR
LSL 18.56 0 (4.359850 9.531565 4.672229)
LSR 13.79 0 (4.639208 7.263278 1.890313)
RSL 14.72 0 (2.276563 7.420867 5.025457)
RSR 9.22 0 (2.030813 5.689006 1.503478)
RLR inf 1 (inf inf inf)
LRL inf 1 (inf inf inf)

# 1.963495 -1.570796 8.000000
# best = 3 = RSR
LSL 18.96 0 (4.358233 9.931255 4.673847)
LSR 14.17 0 (4.622805 7.676869 1.873911)
RSL 15.10 0 (2.260805 7.833911 5.009699)
RSR 9.62 0 (2.026393 6.088159 1.507898)
RLR inf 1 (inf inf inf)
LRL inf 1 (inf inf inf)

# 2.356194 -1.570796 0.400000
# best = 5 = LRL
LSL 10.86 0 (4.250764 2.222589 4.388617)
LSR inf 1 (inf inf inf)
RSL inf 1 (inf inf inf)
RSR 11.70 0 (5.001902 1.486112 5.208273)
RLR 8.69 0 (1.479655 5.521877 1.686026)
LRL 6.28 0 (0.520030 5.104903 0.657883)

# 2.356194 -1.570796 0.800000
# best = 5 = LRL
LSL 11.24 0 (4.201892 2.604916 4.437489)
LSR inf 1 (inf inf inf)
RSL inf 1 (inf inf inf)
RSR 11.36 0 (4.835660 1.150149 5.374515)
RLR 9.04 0 (1.402413 5.699876 1.941268)
LRL 5.80 0 (0.351096 4.864780 0.586694)

# 2.356194 -1.570796 1.200000
# best = 5 = LRL
LSL 11.63 0 (4.165592 2.991868 4.473789)
LSR inf 1 (inf inf inf)
RSL inf 1 (inf inf inf)
RSR 11.08 0 (4.549139 0.870148 5.661036)
RLR 9.33 0 (1.188256 5.844605 2.300153)
LRL 5.26 0 (0.179005 4.593198 0.487203)

# 2.356194 -1.570796 1.600000
# best = 2 = RSL
LSL 12.02 0 (4.137634 3.381857 4.501747)
LSR inf 1 (inf inf inf)
RSL 4.64 0 (4.141396 0.288171 0.214406)
RSR 10.93 0 (4.077320 0.715173 6.132855)
RLR 9.49 0 (0.755968 5.923666 2.811503)
LRL 10.89 0 (6.271793 4.268317 0.352720)

# 2.356194 -1.570796 2.000000
# best = 3 = RSR
LSL 12.41 0 (4.115471 3.773943 4.523910)
LSR inf 1 (inf inf inf)
RSL 10.96 0 (3.640787 1.325653 5.996983)
RSR 4.69 0 (3.534292 0.765367 0.392698)
RLR 9.44 0 (0.200170 5.898128 3.341762)
LRL 9.99 0 (6.024068 3.817195 0.149322)

# 2.356194 -1.570796 2.400000
# best = 3 = RSR
LSL 12.81 0 (4.097486 4.167533 4.541894)
LSR 9.35 0 (5.370193 0.969484 3.013998)
RSL 11.12 0 (3.414398 1.936923 5.770593)
RSR 4.92 0 (3.151745 0.990000 0.775245)
RLR 15.49 0 (6.043238 5.782987 3.666739)
LRL inf 1 (inf inf inf)

# 2.356194 -1.570796 2.800000
# best = 3 = RSR
LSL 13.20 0 (4.082610 4.562238 4.556771)
LSR 9.47 0 (5.077259 1.669007 2.721064)
RSL 11.35 0 (3.262996 2.462922 5.619191)
RSR 5.23 0 (2.930461 1.301697 0.996529)
RLR 15.17 0 (5.740593 5.620265 3.806662)
LRL inf 1 (inf inf inf)

# 2.356194 -1.570796 3.200000
# best = 3 = RSR
LSL 13.60 0 (4.070105 4.957792 4.569276)
LSR 9.66 0 (4.897753 2.225145 2.541558)
RSL 11.61 0 (3.151779 2.949627 5.507975)
RSR 5.58 0 (2.798539 1.651887 1.128451)
RLR 14.79 0 (5.514417 5.431756 3.844329)
LRL inf 1 (inf inf inf)

# 2.356194 -1.570796 3.600000
# best = 3 = RSR
LSL 13.99 0 (4.059449 5.354007 4.579932)
LSR 9.91 0 (4.770416 2.727078 2.414221)
RSL 11.90 0 (3.065820 3.413885 5.422015)
RSR 5.95 0 (2.713701 2.020654 1.213289)
RLR 14.38 0 (5.325722 5.224042 3.825311)
LRL inf 1 (inf inf inf)

# 2.356194 -1.570796 4.000000
# best = 3 = RSR
LSL 14.39 0 (4.050262 5.750745 4.589118)
LSR 10.19 0 (4.674012 3.200413 2.317817)
RSL 12.21 0 (2.997092 3.863797 5.353287)
RSR 6.33 0 (2.655331 2.399449 1.271659)
RLR 13.92 0 (5.153594 4.996527 3.769923)
LRL inf 1 (inf inf inf)

# 2.356194 -1.570796 4.400000
# best = 3 = RSR
LSL 14.79 0 (4.042262 6.147907 4.597118)
LSR 10.50 0 (4.598027 3.656272 2.241832)
RSL 12.54 0 (2.940755 4.303864 5.296950)
RSR 6.71 0 (2.612980 2.784182 1.314010)
RLR 13.41 0 (4.984697 4.743435 3.685728)
LRL inf 1 (inf inf inf)

# 2.356194 -1.570796 4.800000
# best = 3 = RSR
LSL 15.18 0 (4.035233 6.545414 4.604147)
LSR 10.82 0 (4.536407 4.100489 2.180211)
RSL 12.88 0 (2.893670 4.736830 5.249865)
RSR 7.10 0 (2.580954 3.172694 1.346036)
RLR 12.83 0 (4.806544 4.451180 3.571626)
LRL inf 1 (inf inf inf)

# 2.356194 -1.570796 5.200000
# best = 3 = RSR
LSL 15.58 0 (4.029010 6.943207 4.610371)
LSR 11.15 0 (4.485340 4.536485 2.129145)
RSL 13.23 0 (2.853697 5.164482 5.209892)
RSR 7.49 0 (2.555936 3.563748 1.371054)
RLR 12.10 0 (4.598124 4.084377 3.413242)
LRL inf 1 (inf inf inf)

# 2.356194 -1.570796 5.600000
# best = 3 = RSR
LSL 15.98 0 (4.023461 7.341241 4.615920)
LSR 11.49 0 (4.442284 4.966426 2.086089)
RSL 13.58 0 (2.819318 5.588039 5.175513)
RSR 7.88 0 (2.535875 3.956591 1.391115)
RLR 10.80 0 (4.254129 3.436508 3.109368)
LRL inf 1 (inf inf inf)

# 2.356194 -1.570796 6.000000
# best = 3 = RSR
LSL 16.38 0 (4.018483 7.739477 4.620898)
LSR 11.85 0 (4.405466 5.391760 2.049270)
RSL 13.94 0 (2.789423 6.008369 5.145618)
RSR 8.28 0 (2.519444 4.350739 1.407546)
RLR inf 1 (inf inf inf)
LRL inf 1 (inf inf inf)

# 2.356194 -1.570796 6.400000
# best = 3 = RSR
LSL 16.78 0 (4.013992 8.137886 4.625389)
LSR 12.20 0 (4.373606 5.813498 2.017411)
RSL 14.31 0 (2.763182 6.426104 5.119377)
RSR 8.67 0 (2.505745 4.745866 1.421245)
RLR inf 1 (inf inf inf)
LRL inf 1 (inf inf inf)

# 2.356194 -1.570796 6.800000
# best = 3 = RSR
LSL 17.18 0 (4.009920 8.536444 4.629460)
LSR 12.57 0 (4.345757 6.232371 1.989562)
RSL 14.68 0 (2.739958 6.841720 5.096153)
RSR 9.07 0 (2.494154 5.141747 1.432836)
RLR inf 1 (inf inf inf)
LRL inf 1 (inf inf inf)

# 2.356194 -1.570796 7.200000
# best = 3 = RSR
LSL 17.57 0 (4.006212 8.935131 4.633169)
LSR 12.94 0 (4.321201 6.648919 1.965006)
RSL 15.05 0 (2.719256 7.255580 5.075451)
RSR 9.47 0 (2.484221 5.538219 1.442769)
RLR inf 1 (inf inf inf)
LRL inf 1 (inf inf inf)

# 2.356194 -1.570796 7.600000
# best = 3 = RSR
LSL 17.97 0 (4.002821 9.333930 4.636560)
LSR 13.31 0 (4.299382 7.063555 1.943187)
RSL 15.43 0 (2.700684 7.667970 5.056879)
RSR 9.86 0 (2.475616 5.935165 1.451374)
RLR inf 1 (inf inf inf)
LRL inf 1 (inf inf inf)

# 2.356194 -1.570796 8.000000
# best = 3 = RSR
LSL 18.37 0 (3.999707 9.732827 4.639674)
LSR 13.68 0 (4.279864 7.476597 1.923669)
RSL 15.80 0 (2.683928 8.079113 5.040123)
RSR 10.26 0 (2.468091 6.332496 1.458899)
RLR inf 1 (inf inf inf)
LRL inf 1 (inf inf inf)

# 2.748894 -1.570796 0.400000
# best = 5 = LRL
LSL 10.25 0 (4.012434 2.007863 4.234247)
LSR inf 1 (inf inf inf)
RSL inf 1 (inf inf inf)
RSR 11.95 0 (5.135921 1.348785 5.466954)
RLR 9.23 0 (1.650391 5.595311 1.981424)
LRL 6.14 0 (0.344971 5.231445 0.566784)

# 2.748894 -1.570796 0.800000
# best = 5 = LRL
LSL 10.62 0 (3.934702 2.370160 4.311979)
LSR inf 1 (inf inf inf)
RSL inf 1 (inf inf inf)
RSR 11.70 0 (4.882372 1.092279 5.720504)
RLR 9.50 0 (1.464196 5.730020 2.302328)
LRL 5.71 0 (0.158901 5.014768 0.536178)

# 2.748894 -1.570796 1.200000
# best = 2 = RSL
LSL 10.99 0 (3.877828 2.742956 4.368853)
LSR inf 1 (inf inf inf)
RSL 5.27 0 (4.594922 0.395214 0.275232)
RSR 11.54 0 (4.514907 0.941768 6.087969)
RLR 9.65 0 (1.135641 5.807839 2.708703)
LRL 11.51 0 (6.263802 4.771948 0.471642)

# 2.748894 -1.570796 1.600000
# best = 3 = RSR
LSL 11.37 0 (3.834667 3.122491 4.412014)
LSR inf 1 (inf inf inf)
RSL 11.55 0 (4.127483 1.330431 6.090978)
RSR 5.27 0 (4.088668 0.949095 0.231022)
RLR 9.64 0 (0.707517 5.804068 3.133056)
LRL 10.95 0 (6.080598 4.491862 0.374759)

# 2.748894 -1.570796 2.000000
# best = 3 = RSR
LSL 11.75 0 (3.800909 3.506579 4.445771)
LSR inf 1 (inf inf inf)
RSL 11.67 0 (3.892848 1.924552 5.856343)
RSR 5.43 0 (3.730642 1.111141 0.589048)
RLR 9.48 0 (0.307561 5.720210 3.449153)
LRL 10.25 0 (5.873658 4.145498 0.235335)

# 2.748894 -1.570796 2.400000
# best = 3 = RSR
LSL 12.14 0 (3.773841 3.893873 4.472840)
LSR 9.20 0 (5.494704 0.177516 3.531209)
RSL 11.87 0 (3.732473 2.440851 5.695968)
RSR 5.69 0 (3.486196 1.374223 0.833494)
RLR 15.48 0 (6.277088 5.581784 3.624387)
LRL 15.45 0 (5.575505 3.603328 6.274504)

# 2.748894 -1.570796 2.800000
# best = 3 = RSR
LSL 12.53 0 (3.751683 4.283502 4.494998)
LSR 9.19 0 (4.939073 1.271872 2.975578)
RSL 12.11 0 (3.613333 2.920892 5.576828)
RSR 6.01 0 (3.326570 1.691846 0.993120)
RLR 15.14 0 (6.031451 5.409763 3.698002)
LRL inf 1 (inf inf inf)

# 2.748894 -1.570796 3.200000
# best = 3 = RSR
LSL 12.92 0 (3.733227 4.674884 4.513453)
LSR 9.30 0 (4.694893 1.877180 2.731398)
RSL 12.38 0 (3.520637 3.380157 5.484132)
RSR 6.36 0 (3.219220 2.038675 1.100470)
RLR 14.75 0 (5.826013 5.213586 3.707263)
LRL inf 1 (inf inf inf)

# 2.748894 -1.570796 3.600000
# best = 3 = RSR
LSL 13.31 0 (3.717627 5.067611 4.529053)
LSR 9.49 0 (4.529835 2.397906 2.566339)
RSL 12.68 0 (3.446214 3.826136 5.409709)
RSR 6.72 0 (3.143684 2.402093 1.176006)
RLR 14.31 0 (5.641122 4.994875 3.673443)
LRL inf 1 (inf inf inf)

# 2.748894 -1.570796 4.000000
# best = 3 = RSR
LSL 13.71 0 (3.704274 5.461395 4.542406)
LSR 9.73 0 (4.407849 2.880295 2.444354)
RSL 13.00 0 (3.385043 4.263000 5.348539)
RSR 7.10 0 (3.088228 2.775590 1.231462)
RLR 13.82 0 (5.462933 4.749410 3.606167)
LRL inf 1 (inf inf inf)

# 2.748894 -1.570796 4.400000
# best = 3 = RSR
LSL 14.10 0 (3.692719 5.856021 4.553962)
LSR 10.00 0 (4.313248 3.340994 2.349753)
RSL 13.32 0 (3.333828 4.693295 5.297323)
RSR 7.48 0 (3.046022 3.155591 1.273668)
RLR 13.25 0 (5.278602 4.465159 3.506247)
LRL inf 1 (inf inf inf)

# 2.748894 -1.570796 4.800000
# best = 3 = RSR
LSL 14.50 0 (3.682624 6.251330 4.564057)
LSR 10.30 0 (4.237473 3.787927 2.273978)
RSL 13.66 0 (3.290297 5.118679 5.253792)
RSR 7.86 0 (3.012934 3.540001 1.306756)
RLR 12.54 0 (5.068032 4.110196 3.361854)
LRL inf 1 (inf inf inf)

# 2.748894 -1.570796 5.200000
# best = 3 = RSR
LSL 14.89 0 (3.673731 6.647200 4.572950)
LSR 10.61 0 (4.175305 4.225463 2.211809)
RSL 14.01 0 (3.252828 5.540282 5.216323)
RSR 8.25 0 (2.986351 3.927526 1.333339)
RLR 11.37 0 (4.747796 3.522889 3.094783)
LRL inf 1 (inf inf inf)

# 2.748894 -1.570796 5.600000
# best = 3 = RSR
LSL 15.29 0 (3.665837 7.043537 4.580843)
LSR 10.94 0 (4.123329 4.656252 2.159833)
RSL 14.36 0 (3.220230 5.958908 5.183725)
RSR 8.64 0 (2.964555 4.317327 1.355135)
RLR inf 1 (inf inf inf)
LRL inf 1 (inf inf inf)

# 2.748894 -1.570796 6.000000
# best = 3 = RSR
LSL 15.69 0 (3.658786 7.440266 4.587895)
LSR 11.28 0 (4.079204 5.082010 2.115708)
RSL 14.72 0 (3.191607 6.375142 5.155103)
RSR 9.03 0 (2.946376 4.708840 1.373314)
RLR inf 1 (inf inf inf)
LRL inf 1 (inf inf inf)

# 2.748894 -1.570796 6.400000
# best = 3 = RSR
LSL 16.08 0 (3.652448 7.837328 4.594233)
LSR 11.62 0 (4.041262 5.503906 2.077767)
RSL 15.09 0 (3.166271 6.789425 5.129767)
RSR 9.42 0 (2.930992 5.101669 1.388698)
RLR inf 1 (inf inf inf)
LRL inf 1 (inf inf inf)

# 2.748894 -1.570796 6.800000
# best = 3 = RSR
LSL 16.48 0 (3.646722 8.234674 4.599959)
LSR 11.98 0 (4.008282 5.922763 2.044786)
RSL 15.45 0 (3.143685 7.202093 5.107180)
RSR 9.82 0 (2.917811 5.495532 1.401879)
RLR inf 1 (inf inf inf)
LRL inf 1 (inf inf inf)

# 2.748894 -1.570796 7.200000
# best = 3 = RSR
LSL 16.88 0 (3.641523 8.632265 4.605158)
LSR 12.33 0 (3.979344 6.339185 2.015849)
RSL 15.82 0 (3.123422 7.613409 5.086918)
RSR 10.21 0 (2.906394 5.890223 1.413296)
RLR inf 1 (inf inf inf)
LRL inf 1 (inf inf inf)

# 2.748894 -1.570796 7.600000
# best = 3 = RSR
LSL 17.28 0 (3.636782 9.030069 4.609898)
LSR 12.70 0 (3.953747 6.753622 1.990251)
RSL 16.20 0 (3.105142 8.023581 5.068637)
RSR 10.61 0 (2.896412 6.285585 1.423278)
RLR inf 1 (inf inf inf)
LRL inf 1 (inf inf inf)

# 2.748894 -1.570796 8.000000
# best = 3 = RSR
LSL 17.67 0 (3.632441 9.428059 4.614239)
LSR 13.06 0 (3.930940 7.166419 1.967445)
RSL 16.57 0 (3.088565 8.432776 5.052061)
RSR 11.00 0 (2.887613 6.681500 1.432077)
RLR inf 1 (inf inf inf)
LRL inf 1 (inf inf inf)

# 3.141593 -1.570796 0.400000
# best = 5 = LRL
LSL 9.57 0 (3.761842 1.720465 4.092140)
LSR inf 1 (inf inf inf)
RSL inf 1 (inf inf inf)
RSR 12.16 0 (5.252808 1.166190 5.742766)
RLR 9.81 0 (1.815371 5.691497 2.305329)
LRL 6.08 0 (0.175628 5.393942 0.505925)

# 3.141593 -1.570796 0.800000
# best = 2 = RSL
LSL 9.91 0 (3.648691 2.059126 4.205291)
LSR inf 1 (inf inf inf)
RSL 5.74 0 (4.979268 0.489899 0.266879)
RSR 12.02 0 (4.909784 1.019804 6.085790)
RLR 9.96 0 (1.510395 5.767591 2.686400)
LRL 11.97 0 (6.249531 5.201680 0.522945)

# 3.141593 -1.570796 1.200000
# best = 3 = RSR
LSL 10.27 0 (3.568220 2.416609 4.285762)
LSR inf 1 (inf inf inf)
RSL 12.01 0 (4.543049 1.356466 6.113845)
RSR 5.73 0 (4.514993 1.019804 0.197396)
RLR 9.96 0 (1.115604 5.767591 3.081191)
LRL 11.54 0 (6.061111 4.985782 0.495467)

# 3.141593 -1.570796 1.600000
# best = 3 = RSR
LSL 10.64 0 (3.508766 2.785677 4.345215)
LSR inf 1 (inf inf inf)
RSL 12.13 0 (4.309631 1.939072 5.880427)
RSR 5.88 0 (4.171970 1.166191 0.540419)
RLR 9.81 0 (0.734533 5.691496 3.386167)
LRL 11.06 0 (5.879963 4.742394 0.433227)

# 3.141593 -1.570796 2.000000
# best = 3 = RSR
LSL 11.02 0 (3.463343 3.162277 4.390639)
LSR inf 1 (inf inf inf)
RSL 12.32 0 (4.148063 2.449490 5.718859)
RSR 6.13 0 (3.926991 1.414214 0.785398)
RLR 9.55 0 (0.424031 5.560451 3.565623)
LRL 10.49 0 (5.693197 4.459709 0.337308)

# 3.141593 -1.570796 2.400000
# best = 3 = RSR
LSL 11.40 0 (3.427644 3.544009 4.426338)
LSR inf 1 (inf inf inf)
RSL 12.55 0 (4.027269 2.925748 5.598065)
RSR 6.43 0 (3.761843 1.720466 0.950546)
RLR 9.22 0 (0.175628 5.393942 3.647517)
LRL 9.78 0 (5.480586 4.105883 0.196094)

# 3.141593 -1.570796 2.800000
# best = 3 = RSR
LSL 11.78 0 (3.398916 3.929376 4.455065)
LSR 8.88 0 (4.979269 0.489896 3.408473)
RSL 12.82 0 (3.932924 3.382307 5.503720)
RSR 6.77 0 (3.648692 2.059126 1.063697)
RLR 15.12 0 (6.249531 5.201679 3.664537)
LRL 14.89 0 (5.157905 3.517977 6.214054)

# 3.141593 -1.570796 3.200000
# best = 3 = RSR
LSL 12.17 0 (3.375336 4.317406 4.478646)
LSR 8.87 0 (4.543049 1.356465 2.972253)
RSL 13.11 0 (3.856985 3.826226 5.427781)
RSR 7.13 0 (3.568221 2.416610 1.144168)
RLR 14.68 0 (6.061111 4.985782 3.637059)
LRL inf 1 (inf inf inf)

# 3.141593 -1.570796 3.600000
# best = 3 = RSR
LSL 12.56 0 (3.355653 4.707441 4.498329)
LSR 8.99 0 (4.309631 1.939071 2.738834)
RSL 13.42 0 (3.794460 4.261455 5.365256)
RSR 7.50 0 (3.508767 2.785678 1.203622)
RLR 14.20 0 (5.879963 4.742393 3.574819)
LRL inf 1 (inf inf inf)

# 3.141593 -1.570796 4.000000
# best = 3 = RSR
LSL 12.95 0 (3.338988 5.099019 4.514994)
LSR 9.17 0 (4.148062 2.449489 2.577266)
RSL 13.75 0 (3.742046 4.690416 5.312842)
RSR 7.87 0 (3.463344 3.162278 1.249045)
RLR 13.63 0 (5.693198 4.459708 3.478900)
LRL inf 1 (inf inf inf)

# 3.141593 -1.570796 4.400000
# best = 3 = RSR
LSL 13.35 0 (3.324703 5.491812 4.529278)
LSR 9.41 0 (4.027268 2.925747 2.456472)
RSL 14.08 0 (3.697454 5.114685 5.268251)
RSR 8.26 0 (3.427645 3.544009 1.284744)
RLR 12.92 0 (5.480586 4.105883 3.337686)
LRL inf 1 (inf inf inf)

# 3.141593 -1.570796 4.800000
# best = 3 = RSR
LSL 13.74 0 (3.312328 5.885575 4.541654)
LSR 9.68 0 (3.932923 3.382306 2.362127)
RSL 14.42 0 (3.659047 5.535341 5.229843)
RSR 8.64 0 (3.398917 3.929377 1.313472)
RLR 11.75 0 (5.157904 3.517975 3.072460)
LRL inf 1 (inf inf inf)

# 3.141593 -1.570796 5.200000
# best = 3 = RSR
LSL 14.13 0 (3.301505 6.280127 4.552476)
LSR 9.97 0 (3.856984 3.826225 2.286188)
RSL 14.78 0 (3.625616 5.953151 5.196412)
RSR 9.03 0 (3.375336 4.317407 1.337053)
RLR inf 1 (inf inf inf)
LRL inf 1 (inf inf inf)

# 3.141593 -1.570796 5.600000
# best = 3 = RSR
LSL 14.53 0 (3.291964 6.675327 4.562018)
LSR 10.28 0 (3.794459 4.261455 2.223663)
RSL 15.13 0 (3.596249 6.368674 5.167045)
RSR 9.42 0 (3.355654 4.707441 1.356735)
RLR inf 1 (inf inf inf)
LRL inf 1 (inf inf inf)

# 3.141593 -1.570796 6.000000
# best = 3 = RSR
LSL 14.93 0 (3.283489 7.071068 4.570492)
LSR 10.60 0 (3.742045 4.690415 2.171249)
RSL 15.49 0 (3.570247 6.782330 5.141043)
RSR 9.81 0 (3.338989 5.099020 1.373400)
RLR inf 1 (inf inf inf)
LRL inf 1 (inf inf inf)

# 3.141593 -1.570796 6.400000
# best = 3 = RSR
LSL 15.32 0 (3.275914 7.467262 4.578068)
LSR 10.94 0 (3.697454 5.114684 2.126657)
RSL 15.86 0 (3.547060 7.194443 5.117857)
RSR 10.20 0 (3.324704 5.491812 1.387685)
RLR inf 1 (inf inf inf)
LRL inf 1 (inf inf inf)

# 3.141593 -1.570796 6.800000
# best = 3 = RSR
LSL 15.72 0 (3.269102 7.863841 4.584880)
LSR 11.28 0 (3.659046 5.535341 2.088250)
RSL 16.23 0 (3.526256 7.605262 5.097052)
RSR 10.60 0 (3.312328 5.885576 1.400061)
RLR inf 1 (inf inf inf)
LRL inf 1 (inf inf inf)

# 3.141593 -1.570796 7.200000
# best = 3 = RSR
LSL 16.11 0 (3.262944 8.260750 4.591037)
LSR 11.63 0 (3.625615 5.953150 2.054819)
RSL 16.60 0 (3.507484 8.014986 5.078280)
RSR 10.99 0 (3.301506 6.280128 1.410883)
RLR inf 1 (inf inf inf)
LRL inf 1 (inf inf inf)

# 3.141593 -1.570796 7.600000
# best = 3 = RSR
LSL 16.51 0 (3.257352 8.657944 4.596630)
LSR 11.99 0 (3.596248 6.368673 2.025452)
RSL 16.98 0 (3.490459 8.423776 5.061256)
RSR 11.39 0 (3.291964 6.675328 1.420425)
RLR inf 1 (inf inf inf)
LRL inf 1 (inf inf inf)

# 3.141593 -1.570796 8.000000
# best = 3 = RSR
LSL 16.91 0 (3.252250 9.055385 4.601732)
LSR 12.35 0 (3.570246 6.782330 1.999450)
RSL 17.35 0 (3.474949 8.831761 5.045746)
RSR 11.78 0 (3.283490 7.071068 1.428899)
RLR inf 1 (inf inf inf)
LRL inf 1 (inf inf inf)

# -3.141593 -1.178097 0.400000
# best = 5 = LRL
LSL 10.16 0 (3.948714 1.914281 4.297967)
LSR inf 1 (inf inf inf)
RSL inf 1 (inf inf inf)
RSR 12.08 0 (5.074562 1.478602 5.528313)
RLR 9.09 0 (1.554337 5.525920 2.008087)
LRL 6.25 0 (0.308096 5.285134 0.657349)

# -3.141593 -1.178097 0.800000
# best = 5 = LRL
LSL 10.46 0 (3.817599 2.209881 4.429082)
LSR inf 1 (inf inf inf)
RSL inf 1 (inf inf inf)
RSR 11.99 0 (4.801744 1.388222 5.801131)
RLR 9.19 0 (1.305722 5.574326 2.305109)
LRL 5.91 0 (0.090681 5.112535 0.702165)

# -3.141593 -1.178097 1.200000
# best = 2 = RSL
LSL 10.78 0 (3.718683 2.534301 4.527998)
LSR inf 1 (inf inf inf)
RSL 5.73 0 (4.554078 0.944427 0.234389)
RSR 12.01 0 (4.515283 1.409985 6.087592)
RLR 9.16 0 (1.013453 5.562711 2.585762)
LRL 11.79 0 (6.174111 4.910854 0.700240)

# -3.141593 -1.178097 1.600000
# best = 3 = RSR
LSL 11.12 0 (3.642777 2.877809 4.603905)
LSR inf 1 (inf inf inf)
RSL 12.14 0 (4.259908 1.658627 6.223404)
RSR 5.86 0 (4.257587 1.539140 0.062103)
RLR 9.02 0 (0.721019 5.493235 2.808720)
LRL 11.32 0 (5.981356 4.677159 0.659299)

# -3.141593 -1.178097 2.000000
# best = 3 = RSR
LSL 11.48 0 (3.583321 3.234329 4.663360)
LSR inf 1 (inf inf inf)
RSL 12.35 0 (4.082890 2.220394 6.046386)
RSR 6.07 0 (4.051030 1.752098 0.268659)
RLR 8.79 0 (0.456038 5.376385 2.956852)
LRL 10.76 0 (5.783175 4.399708 0.580029)

# -3.141593 -1.178097 2.400000
# best = 3 = RSR
LSL 11.85 0 (3.535803 3.599999 4.710878)
LSR inf 1 (inf inf inf)
RSL 12.61 0 (3.958252 2.725665 5.921748)
RSR 6.34 0 (3.894318 2.022559 0.425371)
RLR 8.48 0 (0.222602 5.222939 3.036840)
LRL 10.05 0 (5.557627 4.043648 0.449517)

# -3.141593 -1.178097 2.800000
# best = 3 = RSR
LSL 12.22 0 (3.497118 3.972291 4.749564)
LSR inf 1 (inf inf inf)
RSL 12.89 0 (3.864287 3.201305 5.827783)
RSR 6.65 0 (3.776716 2.330588 0.542974)
RLR 8.11 0 (0.013141 5.039222 3.062585)
LRL 8.72 0 (5.185687 3.377140 0.154948)

# -3.141593 -1.178097 3.200000
# best = 3 = RSR
LSL 12.60 0 (3.465101 4.349506 4.781580)
LSR 8.12 0 (4.418733 1.249722 2.455237)
RSL 13.20 0 (3.790422 3.658888 5.753918)
RSR 6.98 0 (3.687489 2.663182 0.632200)
RLR 13.97 0 (6.100522 4.826066 3.045233)
LRL inf 1 (inf inf inf)

# -3.141593 -1.178097 3.600000
# best = 3 = RSR
LSL 12.98 0 (3.438217 4.730465 4.808464)
LSR 8.29 0 (4.184034 1.882207 2.220538)
RSL 13.53 0 (3.730628 4.104456 5.694124)
RSR 7.33 0 (3.618491 3.012214 0.701199)
RLR 13.48 0 (5.907392 4.577804 2.990101)
LRL inf 1 (inf inf inf)

# -3.141593 -1.178097 4.000000
# best = 3 = RSR
LSL 13.36 0 (3.415354 5.114333 4.831327)
LSR 8.52 0 (4.030840 2.417354 2.067344)
RSL 13.87 0 (3.681137 4.541549 5.644633)
RSR 7.69 0 (3.564022 3.372585 0.755668)
RLR 12.87 0 (5.702506 4.276969 2.894152)
LRL inf 1 (inf inf inf)

# -3.141593 -1.178097 4.400000
# best = 3 = RSR
LSL 13.75 0 (3.395693 5.500501 4.850989)
LSR 8.79 0 (3.919589 2.909381 1.956093)
RSL 14.21 0 (3.639448 4.972401 5.602944)
RSR 8.06 0 (3.520172 3.741019 0.799518)
RLR 12.05 0 (5.452786 3.865229 2.732132)
LRL inf 1 (inf inf inf)

# -3.141593 -1.178097 4.800000
# best = 3 = RSR
LSL 14.14 0 (3.378616 5.888515 4.868065)
LSR 9.08 0 (3.834199 3.377187 1.870703)
RSL 14.57 0 (3.603822 5.398506 5.567318)
RSR 8.44 0 (3.484240 4.115352 0.835449)
RLR inf 1 (inf inf inf)
LRL inf 1 (inf inf inf)

# -3.141593 -1.178097 5.200000
# best = 3 = RSR
LSL 14.52 0 (3.363655 6.278035 4.883026)
LSR 9.40 0 (3.766247 3.829659 1.802751)
RSL 14.93 0 (3.573010 5.820908 5.536506)
RSR 8.81 0 (3.454331 4.494109 0.865358)
RLR inf 1 (inf inf inf)
LRL inf 1 (inf inf inf)

# -3.141593 -1.178097 5.600000
# best = 3 = RSR
LSL 14.92 0 (3.350444 6.668795 4.896237)
LSR 9.73 0 (3.710735 4.271673 1.747239)
RSL 15.30 0 (3.546087 6.240359 5.509583)
RSR 9.20 0 (3.429091 4.876260 0.890599)
RLR inf 1 (inf inf inf)
LRL inf 1 (inf inf inf)

# -3.141593 -1.178097 6.000000
# best = 3 = RSR
LSL 15.31 0 (3.338698 7.060590 4.907983)
LSR 10.07 0 (3.664459 4.706175 1.700963)
RSL 15.67 0 (3.522354 6.657416 5.485850)
RSR 9.58 0 (3.407530 5.261066 0.912159)
RLR inf 1 (inf inf inf)
LRL inf 1 (inf inf inf)

# -3.141593 -1.178097 6.400000
# best = 3 = RSR
LSL 15.70 0 (3.328188 7.453256 4.918493)
LSR 10.42 0 (3.625251 5.135073 1.661755)
RSL 16.04 0 (3.501271 7.072502 5.464767)
RSR 9.97 0 (3.388916 5.647983 0.930773)
RLR inf 1 (inf inf inf)
LRL inf 1 (inf inf inf)

# -3.141593 -1.178097 6.800000
# best = 3 = RSR
LSL 16.09 0 (3.318731 7.846664 4.927950)
LSR 10.78 0 (3.591584 5.559665 1.628088)
RSL 16.41 0 (3.482416 7.485946 5.445912)
RSR 10.36 0 (3.372694 6.036605 0.946996)
RLR inf 1 (inf inf inf)
LRL inf 1 (inf inf inf)

# -3.141593 -1.178097 7.200000
# best = 3 = RSR
LSL 16.49 0 (3.310177 8.240706 4.936504)
LSR 11.14 0 (3.562347 5.980867 1.598851)
RSL 16.79 0 (3.465449 7.898006 5.428945)
RSR 10.75 0 (3.358437 6.426624 0.961252)
RLR inf 1 (inf inf inf)
LRL inf 1 (inf inf inf)

# -3.141593 -1.178097 7.600000
# best = 3 = RSR
LSL 16.88 0 (3.302405 8.635296 4.944276)
LSR 11.51 0 (3.536711 6.399349 1.573215)
RSL 17.17 0 (3.450101 8.308886 5.413597)
RSR 11.14 0 (3.345814 6.817800 0.973875)
RLR inf 1 (inf inf inf)
LRL inf 1 (inf inf inf)

# -3.141593 -1.178097 8.000000
# best = 3 = RSR
LSL 17.28 0 (3.295313 9.030362 4.951369)
LSR 11.88 0 (3.514043 6.815612 1.550547)
RSL 17.55 0 (3.436148 8.718756 5.399644)
RSR 11.53 0 (3.334562 7.209944 0.985127)
RLR inf 1 (inf inf inf)
LRL inf 1 (inf inf inf)

# -2.748894 -1.178097 0.400000
# best = 5 = LRL
LSL 9.46 0 (3.695430 1.610267 4.158552)
LSR inf 1 (inf inf inf)
RSL inf 1 (inf inf inf)
RSR 12.31 0 (5.212737 1.314171 5.782837)
RLR 9.66 0 (1.736384 5.613665 2.306484)
LRL 6.20 0 (0.139518 5.454547 0.602641)

# -2.748894 -1.178097 0.800000
# best = 2 = RSL
LSL 9.73 0 (3.521213 1.872409 4.332770)
LSR inf 1 (inf inf inf)
RSL 6.05 0 (4.952703 0.854692 0.240314)
RSR 12.33 0 (4.909539 1.331949 6.086034)
RLR 9.64 0 (1.428477 5.604246 2.604972)
LRL 12.19 0 (6.175663 5.308901 0.704035)

# -2.748894 -1.178097 1.200000
# best = 3 = RSR
LSL 10.03 0 (3.392640 2.176895 4.461342)
LSR inf 1 (inf inf inf)
RSL 12.46 0 (4.641498 1.604914 6.212295)
RSR 6.18 0 (4.638065 1.463260 0.074324)
RLR 9.50 0 (1.121964 5.534169 2.841408)
LRL 11.84 0 (5.958769 5.132258 0.744286)

# -2.748894 -1.178097 1.600000
# best = 3 = RSR
LSL 10.36 0 (3.296782 2.508352 4.557201)
LSR inf 1 (inf inf inf)
RSL 12.67 0 (4.461342 2.177383 6.032139)
RSR 6.39 0 (4.424054 1.681717 0.288335)
RLR 9.26 0 (0.848543 5.415348 2.996009)
LRL 11.43 0 (5.760565 4.927567 0.737799)

# -2.748894 -1.178097 2.000000
# best = 3 = RSR
LSL 10.71 0 (3.223800 2.857409 4.630183)
LSR inf 1 (inf inf inf)
RSL 12.93 0 (4.336177 2.688168 5.906974)
RSR 6.67 0 (4.264693 1.958371 0.447696)
RLR 8.95 0 (0.611477 5.259940 3.077666)
LRL 10.95 0 (5.569694 4.691789 0.692892)

# -2.748894 -1.178097 2.400000
# best = 3 = RSR
LSL 11.07 0 (3.166938 3.218345 4.687044)
LSR inf 1 (inf inf inf)
RSL 13.22 0 (4.242510 3.167254 5.813307)
RSR 6.98 0 (4.146965 2.272060 0.565424)
RLR 8.58 0 (0.401280 5.075001 3.102924)
LRL 10.40 0 (5.373552 4.413229 0.610473)

# -2.748894 -1.178097 2.800000
# best = 3 = RSR
LSL 11.44 0 (3.121658 3.587576 4.732324)
LSR inf 1 (inf inf inf)
RSL 13.54 0 (4.169231 3.627223 5.740028)
RSR 7.32 0 (4.058701 2.609464 0.653688)
RLR 8.15 0 (0.206406 4.861781 3.084578)
LRL 9.69 0 (5.150555 4.057794 0.478036)

# -2.748894 -1.178097 3.200000
# best = 4 = RLR
LSL 11.82 0 (3.084889 3.962784 4.769094)
LSR inf 1 (inf inf inf)
RSL 13.87 0 (4.110111 4.074555 5.680908)
RSR 7.67 0 (3.991044 2.962490 0.721345)
RLR 7.66 0 (0.015455 4.615193 3.028941)
LRL 8.40 0 (4.792202 3.414626 0.193221)

# -2.748894 -1.178097 3.600000
# best = 1 = LSR
LSL 12.20 0 (3.054513 4.342420 4.799469)
LSR 7.66 0 (3.994233 1.246093 2.423436)
RSL 14.21 0 (4.061302 4.513009 5.632099)
RSR 8.04 0 (3.937980 3.326167 0.774408)
RLR 13.35 0 (6.097695 4.319430 2.934123)
LRL inf 1 (inf inf inf)

# -2.748894 -1.178097 4.000000
# best = 1 = LSR
LSL 12.58 0 (3.029041 4.725418 4.824941)
LSR 7.84 0 (3.762578 1.883481 2.191781)
RSL 14.56 0 (4.020266 4.944947 5.591063)
RSR 8.41 0 (3.895471 3.697354 0.816917)
RLR 12.56 0 (5.857765 3.924588 2.779211)
LRL inf 1 (inf inf inf)

# -2.748894 -1.178097 4.400000
# best = 1 = LSR
LSL 12.97 0 (3.007400 5.111020 4.846582)
LSR 8.08 0 (3.612506 2.421208 2.041709)
RSL 14.91 0 (3.985252 5.371941 5.556049)
RSR 8.79 0 (3.860768 4.074000 0.851620)
RLR inf 1 (inf inf inf)
LRL inf 1 (inf inf inf)

# -2.748894 -1.178097 4.800000
# best = 1 = LSR
LSL 13.35 0 (2.988803 5.498680 4.865180)
LSR 8.35 0 (3.503937 2.914961 1.933140)
RSL 15.28 0 (3.955007 5.795084 5.525804)
RSR 9.17 0 (3.831967 4.454718 0.880421)
RLR inf 1 (inf inf inf)
LRL inf 1 (inf inf inf)

# -2.748894 -1.178097 5.200000
# best = 1 = LSR
LSL 13.74 0 (2.972660 5.887992 4.881323)
LSR 8.65 0 (3.420793 3.384043 1.849996)
RSL 15.64 0 (3.928606 6.215163 5.499403)
RSR 9.55 0 (3.807718 4.838549 0.904671)
RLR inf 1 (inf inf inf)
LRL inf 1 (inf inf inf)

# -2.748894 -1.178097 5.600000
# best = 1 = LSR
LSL 14.13 0 (2.958522 6.278646 4.895460)
LSR 8.98 0 (3.354725 3.837512 1.783928)
RSL 16.01 0 (3.905354 6.632759 5.476151)
RSR 9.94 0 (3.787043 5.224806 0.925345)
RLR inf 1 (inf inf inf)
LRL inf 1 (inf inf inf)

# -2.748894 -1.178097 6.000000
# best = 1 = LSR
LSL 14.52 0 (2.946043 6.670409 4.907939)
LSR 9.31 0 (3.300805 4.280333 1.730008)
RSL 16.39 0 (3.884714 7.048315 5.455511)
RSR 10.33 0 (3.769221 5.612989 0.943167)
RLR inf 1 (inf inf inf)
LRL inf 1 (inf inf inf)

# -2.748894 -1.178097 6.400000
# best = 1 = LSR
LSL 14.92 0 (2.934950 7.063095 4.919032)
LSR 9.66 0 (3.255886 4.715506 1.685089)
RSL 16.77 0 (3.866266 7.462171 5.437063)
RSR 10.72 0 (3.753709 6.002723 0.958679)
RLR inf 1 (inf inf inf)
LRL inf 1 (inf inf inf)

# -2.748894 -1.178097 6.800000
# best = 1 = LSR
LSL 15.31 0 (2.925027 7.456559 4.928956)
LSR 10.01 0 (3.217846 5.144973 1.647049)
RSL 17.14 0 (3.849675 7.874595 5.420472)
RSR 11.11 0 (3.740092 6.393726 0.972296)
RLR inf 1 (inf inf inf)
LRL inf 1 (inf inf inf)

# -2.748894 -1.178097 7.200000
# best = 1 = LSR
LSL 15.70 0 (2.916099 7.850683 4.937884)
LSR 10.37 0 (3.185193 5.570054 1.614396)
RSL 17.53 0 (3.834673 8.285801 5.405470)
RSR 11.50 0 (3.728046 6.785777 0.984343)
RLR inf 1 (inf inf inf)
LRL inf 1 (inf inf inf)

# -2.748894 -1.178097 7.600000
# best = 1 = LSR
LSL 16.10 0 (2.908025 8.245374 4.945957)
LSR 10.73 0 (3.156844 5.991682 1.586047)
RSL 17.91 0 (3.821041 8.695962 5.391838)
RSR 11.89 0 (3.717317 7.178706 0.995071)
RLR inf 1 (inf inf inf)
LRL inf 1 (inf inf inf)

# -2.748894 -1.178097 8.000000
# best = 1 = LSR
LSL 16.49 0 (2.900689 8.640552 4.953293)
LSR 11.10 0 (3.131990 6.410538 1.561193)
RSL 18.29 0 (3.808598 9.105218 5.379395)
RSR 12.28 0 (3.707703 7.572375 1.004686)
RLR inf 1 (inf inf inf)
LRL inf 1 (inf inf inf)

# -2.356194 -1.178097 0.400000
# best = 2 = RSL
LSL 8.71 0 (3.411980 1.252218 4.049302)
LSR inf 1 (inf inf inf)
RSL 6.22 0 (5.420761 0.479746 0.315673)
RSR 12.49 0 (5.331214 1.105086 6.057059)
RLR 10.27 0 (1.909709 5.723360 2.635554)
LRL 12.47 0 (6.235165 5.646370 0.589302)

# -2.356194 -1.178097 0.800000
# best = 3 = RSR
LSL 8.95 0 (3.176240 1.490459 4.285042)
LSR inf 1 (inf inf inf)
RSL 12.62 0 (5.013221 1.419488 6.191318)
RSR 6.34 0 (5.006398 1.236041 0.098690)
RLR 10.13 0 (1.550653 5.654881 2.926131)
LRL 12.22 0 (5.936008 5.519535 0.761624)

# -2.356194 -1.178097 1.200000
# best = 3 = RSR
LSL 9.25 0 (3.011874 1.787424 4.449408)
LSR inf 1 (inf inf inf)
RSL 12.85 0 (4.819115 2.029713 5.997212)
RSR 6.57 0 (4.763749 1.467780 0.341340)
RLR 9.89 0 (1.246433 5.531740 3.107209)
LRL 11.89 0 (5.690219 5.356689 0.844567)

# -2.356194 -1.178097 1.600000
# best = 3 = RSR
LSL 9.58 0 (2.896503 2.118562 4.564779)
LSR inf 1 (inf inf inf)
RSL 13.12 0 (4.690605 2.558227 5.868702)
RSR 6.87 0 (4.594286 1.760955 0.510802)
RLR 9.56 0 (0.996829 5.371456 3.196531)
LRL 11.51 0 (5.479919 5.166832 0.865010)

# -2.356194 -1.178097 2.000000
# best = 3 = RSR
LSL 9.93 0 (2.813108 2.470166 4.648174)
LSR inf 1 (inf inf inf)
RSL 13.42 0 (4.596827 3.047838 5.774924)
RSR 7.19 0 (4.475557 2.089867 0.629531)
RLR 9.19 0 (0.784223 5.183703 3.221383)
LRL 11.08 0 (5.289087 4.951959 0.840968)

# -2.356194 -1.178097 2.400000
# best = 3 = RSR
LSL 10.30 0 (2.750812 2.834632 4.710470)
LSR inf 1 (inf inf inf)
RSL 13.74 0 (4.524626 3.514840 5.702723)
RSR 7.55 0 (4.389970 2.440108 0.715118)
RLR 8.76 0 (0.592283 4.970996 3.200616)
LRL 10.59 0 (5.104810 4.707996 0.781283)

# -2.356194 -1.178097 2.800000
# best = 3 = RSR
LSL 10.67 0 (2.702850 3.207578 4.758432)
LSR inf 1 (inf inf inf)
RSL 14.08 0 (4.467024 3.967227 5.645121)
RSR 7.91 0 (4.326209 2.803695 0.778879)
RLR 8.28 0 (0.407924 4.729801 3.143780)
LRL 10.02 0 (4.913983 4.422266 0.686380)

# -2.356194 -1.178097 3.200000
# best = 4 = RLR
LSL 11.05 0 (2.664947 3.586360 4.796335)
LSR inf 1 (inf inf inf)
RSL 14.43 0 (4.419861 4.409499 5.597958)
RSR 8.28 0 (4.277236 3.176049 0.827852)
RLR 7.72 0 (0.218262 4.448423 3.052064)
LRL 9.30 0 (4.694531 4.059169 0.542734)

# -2.356194 -1.178097 3.600000
# best = 4 = RLR
LSL 11.43 0 (2.634320 3.969306 4.826962)
LSR inf 1 (inf inf inf)
RSL 14.78 0 (4.380462 4.844427 5.558559)
RSR 8.66 0 (4.238612 3.554416 0.866476)
RLR 7.01 0 (0.002727 4.094600 2.913776)
LRL 7.96 0 (4.329078 3.389516 0.238535)

# -2.356194 -1.178097 4.000000
# best = 1 = LSR
LSL 11.82 0 (2.609102 4.355320 4.852180)
LSR 7.10 0 (3.483022 1.310525 2.304925)
RSL 15.15 0 (4.347017 5.273828 5.525114)
RSR 9.04 0 (4.207457 3.937062 0.897632)
RLR 12.10 0 (5.955882 3.496851 2.646057)
LRL inf 1 (inf inf inf)

# -2.356194 -1.178097 4.400000
# best = 1 = LSR
LSL 12.20 0 (2.588001 4.743651 4.873281)
LSR 7.31 0 (3.272847 1.942340 2.094750)
RSL 15.51 0 (4.318246 5.698952 5.496343)
RSR 9.43 0 (4.181841 4.322850 0.923247)
RLR inf 1 (inf inf inf)
LRL inf 1 (inf inf inf)

# -2.356194 -1.178097 4.800000
# best = 1 = LSR
LSL 12.60 0 (2.570100 5.133775 4.891182)
LSR 7.58 0 (3.136974 2.479495 1.958877)
RSL 15.89 0 (4.293219 6.120689 5.471316)
RSR 9.82 0 (4.160434 4.711010 0.944654)
RLR inf 1 (inf inf inf)
LRL inf 1 (inf inf inf)

# -2.356194 -1.178097 5.200000
# best = 1 = LSR
LSL 12.99 0 (2.554732 5.525311 4.906551)
LSR 7.87 0 (3.038913 2.973736 1.860816)
RSL 16.26 0 (4.271240 6.539696 5.449337)
RSR 10.21 0 (4.142293 5.101000 0.962795)
RLR inf 1 (inf inf inf)
LRL inf 1 (inf inf inf)

# -2.356194 -1.178097 5.600000
# best = 1 = LSR
LSL 13.38 0 (2.541400 5.917980 4.919882)
LSR 8.19 0 (2.963926 3.443591 1.785829)
RSL 16.64 0 (4.251779 6.956466 5.429876)
RSR 10.60 0 (4.126734 5.492430 0.978355)
RLR inf 1 (inf inf inf)
LRL inf 1 (inf inf inf)

# -2.356194 -1.178097 6.000000
# best = 1 = LSR
LSL 13.77 0 (2.529729 6.311569 4.931553)
LSR 8.53 0 (2.904385 3.897888 1.726288)
RSL 17.02 0 (4.234421 7.371377 5.412518)
RSR 10.99 0 (4.113247 5.885012 0.991841)
RLR inf 1 (inf inf inf)
LRL inf 1 (inf inf inf)

# -2.356194 -1.178097 6.400000
# best = 1 = LSR
LSL 14.17 0 (2.519430 6.705917 4.941853)
LSR 8.88 0 (2.855807 4.341513 1.677710)
RSL 17.40 0 (4.218840 7.784728 5.396937)
RSR 11.38 0 (4.101449 6.278531 1.003639)
RLR inf 1 (inf inf inf)
LRL inf 1 (inf inf inf)

# -2.356194 -1.178097 6.800000
# best = 1 = LSR
LSL 14.56 0 (2.510275 7.100897 4.951007)
LSR 9.23 0 (2.815341 4.777442 1.637244)
RSL 17.78 0 (4.204775 8.196755 5.382872)
RSR 11.78 0 (4.091044 6.672820 1.014044)
RLR inf 1 (inf inf inf)
LRL inf 1 (inf inf inf)

# -2.356194 -1.178097 7.200000
# best = 1 = LSR
LSL 14.96 0 (2.502086 7.496409 4.959196)
LSR 9.59 0 (2.781068 5.207606 1.602971)
RSL 18.17 0 (4.192012 8.607646 5.370109)
RSR 12.17 0 (4.081801 7.067752 1.023287)
RLR inf 1 (inf inf inf)
LRL inf 1 (inf inf inf)

# -2.356194 -1.178097 7.600000
# best = 1 = LSR
LSL 15.35 0 (2.494718 7.892374 4.966564)
LSR 9.96 0 (2.751641 5.633327 1.573544)
RSL 18.56 0 (4.180378 9.017559 5.358475)
RSR 12.57 0 (4.073537 7.463223 1.031552)
RLR inf 1 (inf inf inf)
LRL inf 1 (inf inf inf)

# -2.356194 -1.178097 8.000000
# best = 1 = LSR
LSL 15.75 0 (2.488054 8.288727 4.973228)
LSR 10.33 0 (2.726084 6.055541 1.547987)
RSL 18.94 0 (4.169729 9.426619 5.347826)
RSR 12.96 0 (4.066105 7.859152 1.038984)
RLR inf 1 (inf inf inf)
LRL inf 1 (inf inf inf)

# -1.963495 -1.178097 0.400000
# best = 3 = RSR
LSL 7.93 0 (3.052708 0.863589 4.015875)
LSR inf 1 (inf inf inf)
RSL 12.64 0 (5.416542 1.025876 6.201940)
RSR 6.36 0 (5.408903 0.863589 0.088885)
RLR 10.91 0 (2.049699 5.847964 3.012866)
LRL 12.48 0 (5.976690 5.847964 0.656672)

# -1.963495 -1.178097 0.800000
# best = 3 = RSR
LSL 8.18 0 (2.726772 1.107152 4.341811)
LSR inf 1 (inf inf inf)
RSL 12.87 0 (5.175887 1.735116 5.961285)
RSR 6.60 0 (5.082967 1.107152 0.414820)
RLR 10.66 0 (1.660925 5.722285 3.275963)
LRL 12.23 0 (5.587915 5.722285 0.919769)

# -1.963495 -1.178097 1.200000
# best = 3 = RSR
LSL 8.49 0 (2.531250 1.423301 4.537333)
LSR inf 1 (inf inf inf)
RSL 13.16 0 (5.035488 2.299747 5.820886)
RSR 6.92 0 (4.887445 1.423301 0.610342)
RLR 10.33 0 (1.382055 5.555591 3.388138)
LRL 11.90 0 (5.309046 5.555591 1.031944)

# -1.963495 -1.178097 1.600000
# best = 3 = RSR
LSL 8.84 0 (2.409677 1.773636 4.658907)
LSR inf 1 (inf inf inf)
RSL 13.47 0 (4.938526 2.808388 5.723924)
RSR 7.27 0 (4.765872 1.773637 0.731916)
RLR 9.94 0 (1.164880 5.364388 3.414110)
LRL 11.51 0 (5.091871 5.364388 1.057916)

# -1.963495 -1.178097 2.000000
# best = 3 = RSR
LSL 9.21 0 (2.328985 2.141445 4.739599)
LSR inf 1 (inf inf inf)
RSL 13.81 0 (4.866287 3.287134 5.651685)
RSR 7.64 0 (4.685180 2.141445 0.812607)
RLR 9.52 0 (0.978652 5.153314 3.389265)
LRL 11.09 0 (4.905642 5.153315 1.033071)

# -1.963495 -1.178097 2.400000
# best = 3 = RSR
LSL 9.59 0 (2.272202 2.519084 4.796381)
LSR inf 1 (inf inf inf)
RSL 14.15 0 (4.809929 3.747460 5.595327)
RSR 8.02 0 (4.628398 2.519085 0.869390)
RLR 9.06 0 (0.805546 4.920668 3.329724)
LRL 10.63 0 (4.732537 4.920668 0.973530)

# -1.963495 -1.178097 2.800000
# best = 3 = RSR
LSL 9.97 0 (2.230322 2.902720 4.838261)
LSR inf 1 (inf inf inf)
RSL 14.51 0 (4.764532 4.195434 5.549930)
RSR 8.40 0 (4.586517 2.902721 0.911270)
RLR 8.53 0 (0.632902 4.659140 3.240840)
LRL 10.10 0 (4.559893 4.659141 0.884646)

# -1.963495 -1.178097 3.200000
# best = 4 = RLR
LSL 10.36 0 (2.198262 3.290256 4.870322)
LSR inf 1 (inf inf inf)
RSL 14.87 0 (4.727081 4.634638 5.512479)
RSR 8.79 0 (4.554457 3.290256 0.943330)
RLR 7.92 0 (0.446959 4.351375 3.119018)
LRL 9.49 0 (4.373949 4.351375 0.762824)

# -1.963495 -1.178097 3.600000
# best = 4 = RLR
LSL 10.75 0 (2.172978 3.680460 4.895605)
LSR inf 1 (inf inf inf)
RSL 15.24 0 (4.695605 5.067354 5.481003)
RSR 9.18 0 (4.529173 3.680460 0.968614)
RLR 7.11 0 (0.219206 3.946437 2.941833)
LRL 8.68 0 (4.146197 3.946438 0.585639)

# -1.963495 -1.178097 4.000000
# best = 1 = LSR
LSL 11.14 0 (2.152552 4.072565 4.916032)
LSR 6.32 0 (3.155910 0.795073 2.370512)
RSL 15.62 0 (4.668747 5.495115 5.454145)
RSR 9.57 0 (4.508747 4.072565 0.989040)
RLR inf 1 (inf inf inf)
LRL inf 1 (inf inf inf)

# -1.963495 -1.178097 4.400000
# best = 1 = LSR
LSL 11.53 0 (2.135719 4.466070 4.932865)
LSR 6.53 0 (2.863975 1.585539 2.078577)
RSL 16.00 0 (4.645541 5.918994 5.430939)
RSR 9.96 0 (4.491914 4.466071 1.005873)
RLR inf 1 (inf inf inf)
LRL inf 1 (inf inf inf)

# -1.963495 -1.178097 4.800000
# best = 1 = LSR
LSL 11.93 0 (2.121615 4.860636 4.946968)
LSR 6.80 0 (2.707787 2.171572 1.922389)
RSL 16.38 0 (4.625277 6.339771 5.410675)
RSR 10.36 0 (4.477811 4.860637 1.019977)
RLR inf 1 (inf inf inf)
LRL inf 1 (inf inf inf)

# -1.963495 -1.178097 5.200000
# best = 1 = LSR
LSL 12.32 0 (2.109632 5.256024 4.958952)
LSR 7.11 0 (2.602772 2.690264 1.817374)
RSL 16.76 0 (4.607422 6.758026 5.392820)
RSR 10.75 0 (4.465827 5.256024 1.031960)
RLR inf 1 (inf inf inf)
LRL inf 1 (inf inf inf)

# -1.963495 -1.178097 5.600000
# best = 1 = LSR
LSL 12.72 0 (2.099326 5.652060 4.969257)
LSR 7.44 0 (2.525655 3.174793 1.740257)
RSL 17.14 0 (4.591564 7.174198 5.376962)
RSR 11.15 0 (4.455521 5.652061 1.042266)
RLR inf 1 (inf inf inf)
LRL inf 1 (inf inf inf)

# -1.963495 -1.178097 6.000000
# best = 1 = LSR
LSL 13.12 0 (2.090371 6.048618 4.978212)
LSR 7.79 0 (2.466051 3.638833 1.680653)
RSL 17.53 0 (4.577383 7.588631 5.362781)
RSR 11.55 0 (4.446566 6.048619 1.051221)
RLR inf 1 (inf inf inf)
LRL inf 1 (inf inf inf)

# -1.963495 -1.178097 6.400000
# best = 1 = LSR
LSL 13.51 0 (2.082518 6.445602 4.986065)
LSR 8.14 0 (2.418363 4.089364 1.632965)
RSL 17.92 0 (4.564622 8.001596 5.350020)
RSR 11.94 0 (4.438714 6.445602 1.059074)
RLR inf 1 (inf inf inf)
LRL inf 1 (inf inf inf)

# -1.963495 -1.178097 6.800000
# best = 1 = LSR
LSL 13.91 0 (2.075577 6.842937 4.993006)
LSR 8.50 0 (2.379225 4.530418 1.593827)
RSL 18.30 0 (4.553077 8.413307 5.338475)
RSR 12.34 0 (4.431773 6.842937 1.066015)
RLR inf 1 (inf inf inf)
LRL inf 1 (inf inf inf)

# -1.963495 -1.178097 7.200000
# best = 1 = LSR
LSL 14.31 0 (2.069398 7.240565 4.999185)
LSR 8.87 0 (2.346463 4.964522 1.561065)
RSL 18.69 0 (4.542580 8.823942 5.327978)
RSR 12.74 0 (4.425594 7.240566 1.072194)
RLR inf 1 (inf inf inf)
LRL inf 1 (inf inf inf)

# -1.963495 -1.178097 7.600000
# best = 1 = LSR
LSL 14.71 0 (2.063863 7.638441 5.004721)
LSR 9.25 0 (2.318602 5.393355 1.533204)
RSL 19.09 0 (4.532994 9.233642 5.318392)
RSR 13.14 0 (4.420058 7.638442 1.077729)
RLR inf 1 (inf inf inf)
LRL inf 1 (inf inf inf)

# -1.963495 -1.178097 8.000000
# best = 1 = LSR
LSL 15.11 0 (2.058876 8.036528 5.009708)
LSR 9.62 0 (2.294596 5.818081 1.509198)
RSL 19.48 0 (4.524205 9.642529 5.309603)
RSR 13.53 0 (4.415071 8.036528 1.082716)
RLR inf 1 (inf inf inf)
LRL inf 1 (inf inf inf)

# -1.570796 -1.178097 0.400000
# best = 3 = RSR
LSL 7.18 0 (2.439228 0.501343 4.236656)
LSR inf 1 (inf inf inf)
RSL 12.76 0 (5.563634 1.243729 5.956333)
RSR 6.50 0 (5.389414 0.610850 0.501072)
RLR 11.56 0 (2.094510 5.976561 3.489352)
LRL 12.46 0 (5.455155 6.031853 0.969397)

# -1.570796 -1.178097 0.800000
# best = 3 = RSR
LSL 7.49 0 (2.057105 0.818809 4.618779)
LSR inf 1 (inf inf inf)
RSL 13.05 0 (5.386908 1.888377 5.779607)
RSR 6.85 0 (5.124206 0.956051 0.766280)
RLR 11.21 0 (1.741264 5.800487 3.666524)
LRL 12.13 0 (4.992538 5.870866 1.271027)

# -1.570796 -1.178097 1.200000
# best = 3 = RSR
LSL 7.86 0 (1.898985 1.187245 4.776900)
LSR inf 1 (inf inf inf)
RSL 13.38 0 (5.279123 2.430035 5.671822)
RSR 7.22 0 (5.003736 1.332265 0.886750)
RLR 10.82 0 (1.522590 5.604078 3.688789)
LRL 11.75 0 (4.739225 5.680482 1.333955)

# -1.570796 -1.178097 1.600000
# best = 3 = RSR
LSL 8.25 0 (1.816833 1.571195 4.859052)
LSR inf 1 (inf inf inf)
RSL 13.73 0 (5.203727 2.926461 5.596426)
RSR 7.61 0 (4.936857 1.719252 0.953630)
RLR 10.40 0 (1.350978 5.394614 3.650937)
LRL 11.34 0 (4.554752 5.475839 1.313786)

# -1.570796 -1.178097 2.000000
# best = 3 = RSR
LSL 8.64 0 (1.767145 1.961570 4.908739)
LSR inf 1 (inf inf inf)
RSL 14.08 0 (5.147210 3.397540 5.539909)
RSR 8.00 0 (4.894669 2.111095 0.995817)
RLR 9.95 0 (1.197099 5.171230 3.581432)
LRL 10.91 0 (4.396198 5.258105 1.254606)

# -1.570796 -1.178097 2.400000
# best = 3 = RSR
LSL 9.03 0 (1.734006 2.355178 4.941879)
LSR inf 1 (inf inf inf)
RSL 14.45 0 (5.102951 3.852581 5.495650)
RSR 8.40 0 (4.865726 2.505518 1.024761)
RLR 9.47 0 (1.047233 4.929385 3.489453)
LRL 10.44 0 (4.246032 5.024052 1.170720)

# -1.570796 -1.178097 2.800000
# best = 3 = RSR
LSL 9.43 0 (1.710374 2.750630 4.965510)
LSR inf 1 (inf inf inf)
RSL 14.82 0 (5.067204 4.296683 5.459903)
RSR 8.79 0 (4.844668 2.901468 1.045819)
RLR 8.93 0 (0.891508 4.660051 3.375844)
LRL 9.93 0 (4.093709 4.766670 1.065659)

# -1.570796 -1.178097 3.200000
# best = 4 = RLR
LSL 9.82 0 (1.692691 3.147232 4.983193)
LSR inf 1 (inf inf inf)
RSL 15.20 0 (5.037653 4.732926 5.430352)
RSR 9.19 0 (4.828672 3.298395 1.061814)
RLR 8.30 0 (0.717587 4.344200 3.233914)
LRL 9.34 0 (3.928664 4.471945 0.935980)

# -1.570796 -1.178097 3.600000
# best = 4 = RLR
LSL 10.22 0 (1.678969 3.544598 4.996915)
LSR inf 1 (inf inf inf)
RSL 15.58 0 (5.012775 5.163302 5.405474)
RSR 9.59 0 (4.816115 3.695986 1.074371)
RLR 7.46 0 (0.496120 3.926380 3.037561)
LRL 8.60 0 (3.731593 4.105248 0.766354)

# -1.570796 -1.178097 4.000000
# best = 1 = LSR
LSL 10.62 0 (1.668015 3.942496 5.007869)
LSR 5.55 0 (2.633451 0.675813 2.240752)
RSL 15.96 0 (4.991516 5.589168 5.384215)
RSR 9.98 0 (4.805999 4.094045 1.084487)
RLR inf 1 (inf inf inf)
LRL 7.35 0 (3.408579 3.481128 0.465248)

# -1.570796 -1.178097 4.400000
# best = 1 = LSR
LSL 11.02 0 (1.659071 4.340781 5.016814)
LSR 5.80 0 (2.341824 1.509179 1.949125)
RSL 16.35 0 (4.973126 6.011481 5.365825)
RSR 10.38 0 (4.797676 4.492449 1.092810)
RLR inf 1 (inf inf inf)
LRL inf 1 (inf inf inf)

# -1.570796 -1.178097 4.800000
# best = 1 = LSR
LSL 11.42 0 (1.651630 4.739355 5.024254)
LSR 6.11 0 (2.199048 2.102027 1.806349)
RSL 16.74 0 (4.957051 6.430941 5.349750)
RSR 10.78 0 (4.790710 4.891114 1.099776)
RLR inf 1 (inf inf inf)
LRL inf 1 (inf inf inf)

# -1.570796 -1.178097 5.200000
# best = 1 = LSR
LSL 11.81 0 (1.645344 5.138150 5.030540)
LSR 6.44 0 (2.105982 2.622864 1.713283)
RSL 17.13 0 (4.942872 6.848073 5.335571)
RSR 11.18 0 (4.784794 5.289981 1.105693)
RLR inf 1 (inf inf inf)
LRL inf 1 (inf inf inf)

# -1.570796 -1.178097 5.600000
# best = 1 = LSR
LSL 12.21 0 (1.639963 5.537119 5.035921)
LSR 6.79 0 (2.038847 3.108104 1.646148)
RSL 17.52 0 (4.930269 7.263278 5.322968)
RSR 11.58 0 (4.779707 5.689006 1.110779)
RLR inf 1 (inf inf inf)
LRL inf 1 (inf inf inf)

# -1.570796 -1.178097 6.000000
# best = 1 = LSR
LSL 12.61 0 (1.635306 5.936227 5.040578)
LSR 7.15 0 (1.987572 3.572283 1.594873)
RSL 17.91 0 (4.918990 7.676869 5.311689)
RSR 11.98 0 (4.775288 6.088160 1.115199)
RLR inf 1 (inf inf inf)
LRL inf 1 (inf inf inf)

# -1.570796 -1.178097 6.400000
# best = 1 = LSR
LSL 13.01 0 (1.631236 6.335448 5.044648)
LSR 7.52 0 (1.946897 4.022698 1.554198)
RSL 18.30 0 (4.908833 8.089092 5.301532)
RSR 12.38 0 (4.771412 6.487417 1.119074)
RLR inf 1 (inf inf inf)
LRL inf 1 (inf inf inf)

# -1.570796 -1.178097 6.800000
# best = 1 = LSR
LSL 13.41 0 (1.627649 6.734761 5.048236)
LSR 7.90 0 (1.913729 4.463519 1.521030)
RSL 18.69 0 (4.899638 8.500148 5.292337)
RSR 12.78 0 (4.767986 6.886761 1.122500)
RLR inf 1 (inf inf inf)
LRL inf 1 (inf inf inf)

# -1.570796 -1.178097 7.200000
# best = 1 = LSR
LSL 13.81 0 (1.624463 7.134151 5.051421)
LSR 8.28 0 (1.886106 4.897336 1.493407)
RSL 19.09 0 (4.891273 8.910198 5.283972)
RSR 13.18 0 (4.764935 7.286177 1.125551)
RLR inf 1 (inf inf inf)
LRL inf 1 (inf inf inf)

# -1.570796 -1.178097 7.600000
# best = 1 = LSR
LSL 14.21 0 (1.621615 7.533605 5.054270)
LSR 8.66 0 (1.862710 5.325861 1.470011)
RSL 19.48 0 (4.883630 9.319374 5.276329)
RSR 13.58 0 (4.762202 7.685654 1.128284)
RLR inf 1 (inf inf inf)
LRL inf 1 (inf inf inf)

# -1.570796 -1.178097 8.000000
# best = 1 = LSR
LSL 14.61 0 (1.619053 7.933115 5.056831)
LSR 9.04 0 (1.842619 5.750277 1.449920)
RSL 19.87 0 (4.876618 9.727786 5.269317)
RSR 13.98 0 (4.759738 8.085182 1.130748)
RLR inf 1 (inf inf inf)
LRL inf 1 (inf inf inf)

# -1.178097 -1.178097 0.400000
# best = 0 = LSL
LSL 6.68 0 (1.178097 0.400000 5.105088)
LSR inf 1 (inf inf inf)
RSL 12.84 0 (5.778409 1.279925 5.778409)
RSR 6.68 0 (5.105088 0.400000 1.178097)
RLR 12.17 0 (1.863328 6.082850 4.219522)
LRL 12.17 0 (4.219522 6.082850 1.863328)

# -1.178097 -1.178097 0.800000
# best = 0 = LSL
LSL 7.08 0 (1.178097 0.800000 5.105088)
LSR inf 1 (inf inf inf)
RSL 13.17 0 (5.635671 1.896421 5.635671)
RSR 7.08 0 (5.105088 0.800000 1.178097)
RLR 11.76 0 (1.762138 5.880469 4.118332)
LRL 11.76 0 (4.118332 5.880469 1.762138)

# -1.178097 -1.178097 1.200000
# best = 0 = LSL
LSL 7.48 0 (1.178097 1.200000 5.105088)
LSR inf 1 (inf inf inf)
RSL 13.52 0 (5.548949 2.423762 5.548949)
RSR 7.48 0 (5.105088 1.200000 1.178097)
RLR 11.35 0 (1.658803 5.673800 4.014997)
LRL 11.35 0 (4.014997 5.673800 1.658803)

# -1.178097 -1.178097 1.600000
# best = 0 = LSL
LSL 7.88 0 (1.178097 1.600000 5.105088)
LSR inf 1 (inf inf inf)
RSL 13.89 0 (5.488652 2.910812 5.488652)
RSR 7.88 0 (5.105088 1.600000 1.178097)
RLR 10.92 0 (1.551979 5.460152 3.908173)
LRL 10.92 0 (3.908173 5.460152 1.551979)

# -1.178097 -1.178097 2.000000
# best = 0 = LSL
LSL 8.28 0 (1.178097 2.000000 5.105088)
LSR inf 1 (inf inf inf)
RSL 14.26 0 (5.443686 3.375061 5.443686)
RSR 8.28 0 (5.105088 2.000000 1.178097)
RLR 10.47 0 (1.439897 5.235988 3.796091)
LRL 10.47 0 (3.796091 5.235988 1.439897)

# -1.178097 -1.178097 2.400000
# best = 3 = RSR
LSL 8.68 0 (1.178097 2.400000 5.105088)
LSR inf 1 (inf inf inf)
RSL 14.64 0 (5.408619 3.824819 5.408619)
RSR 8.68 0 (5.105088 2.400000 1.178097)
RLR 9.99 0 (1.319995 4.996183 3.676189)
LRL 9.99 0 (3.676189 4.996183 1.319995)

# -1.178097 -1.178097 2.800000
# best = 0 = LSL
LSL 9.08 0 (1.178097 2.800000 5.105088)
LSR inf 1 (inf inf inf)
RSL 15.03 0 (5.380395 4.264675 5.380395)
RSR 9.08 0 (5.105088 2.800000 1.178097)
RLR 9.46 0 (1.188098 4.732390 3.544292)
LRL 9.46 0 (3.544292 4.732390 1.188098)

# -1.178097 -1.178097 3.200000
# best = 4 = RLR
LSL 9.48 0 (1.178097 3.200000 5.105088)
LSR inf 1 (inf inf inf)
RSL 15.41 0 (5.357129 4.697410 5.357129)
RSR 9.48 0 (5.105088 3.200000 1.178097)
RLR 8.86 0 (1.036200 4.428595 3.392394)
LRL 8.86 0 (3.392394 4.428595 1.036200)

# -1.178097 -1.178097 3.600000
# best = 4 = RLR
LSL 9.88 0 (1.178097 3.600000 5.105088)
LSR inf 1 (inf inf inf)
RSL 15.80 0 (5.337589 5.124828 5.337589)
RSR 9.88 0 (5.105088 3.600000 1.178097)
RLR 8.09 0 (0.843726 4.043646 3.199920)
LRL 8.09 0 (3.199920 4.043646 0.843726)

# -1.178097 -1.178097 4.000000
# best = 1 = LSR
LSL 10.28 0 (1.178097 4.000000 5.105088)
LSR 4.91 0 (1.903002 1.103598 1.903002)
RSL 16.19 0 (5.320926 5.548159 5.320926)
RSR 10.28 0 (5.105088 4.000000 1.178097)
RLR 6.28 0 (0.392699 3.141593 2.748893)
LRL 6.28 0 (2.748893 3.141593 0.392699)

# -1.178097 -1.178097 4.400000
# best = 1 = LSR
LSL 10.68 0 (1.178097 4.400000 5.105088)
LSR 5.23 0 (1.735722 1.760603 1.735722)
RSL 16.58 0 (5.306537 5.968273 5.306537)
RSR 10.68 0 (5.105088 4.400000 1.178097)
RLR inf 1 (inf inf inf)
LRL inf 1 (inf inf inf)

# -1.178097 -1.178097 4.800000
# best = 1 = LSR
LSL 11.08 0 (1.178097 4.800000 5.105088)
LSR 5.58 0 (1.639637 2.302502 1.639637)
RSL 16.97 0 (5.293979 6.385803 5.293979)
RSR 11.08 0 (5.105088 4.800000 1.178097)
RLR inf 1 (inf inf inf)
LRL inf 1 (inf inf inf)

# -1.178097 -1.178097 5.200000
# best = 1 = LSR
LSL 11.48 0 (1.178097 5.200000 5.105088)
LSR 5.95 0 (1.574383 2.797018 1.574383)
RSL 17.37 0 (5.282918 6.801227 5.282918)
RSR 11.48 0 (5.105088 5.200000 1.178097)
RLR inf 1 (inf inf inf)
LRL inf 1 (inf inf inf)

# -1.178097 -1.178097 5.600000
# best = 1 = LSR
LSL 11.88 0 (1.178097 5.600000 5.105088)
LSR 6.32 0 (1.526381 3.265747 1.526381)
RSL 17.76 0 (5.273097 7.214908 5.273097)
RSR 11.88 0 (5.105088 5.600000 1.178097)
RLR inf 1 (inf inf inf)
LRL inf 1 (inf inf inf)

# -1.178097 -1.178097 6.000000
# best = 1 = LSR
LSL 12.28 0 (1.178097 6.000000 5.105088)
LSR 6.70 0 (1.489290 3.718453 1.489290)
RSL 18.16 0 (5.264317 7.627130 5.264317)
RSR 12.28 0 (5.105088 6.000000 1.178097)
RLR inf 1 (inf inf inf)
LRL inf 1 (inf inf inf)

# -1.178097 -1.178097 6.400000
# best = 1 = LSR
LSL 12.68 0 (1.178097 6.400000 5.105088)
LSR 7.08 0 (1.459635 4.160371 1.459635)
RSL 18.55 0 (5.256419 8.038116 5.256419)
RSR 12.68 0 (5.105088 6.400000 1.178097)
RLR inf 1 (inf inf inf)
LRL inf 1 (inf inf inf)

# -1.178097 -1.178097 6.800000
# best = 1 = LSR
LSL 13.08 0 (1.178097 6.800000 5.105088)
LSR 7.47 0 (1.435316 4.594614 1.435316)
RSL 18.95 0 (5.249275 8.448048 5.249275)
RSR 13.08 0 (5.105088 6.800000 1.178097)
RLR inf 1 (inf inf inf)
LRL inf 1 (inf inf inf)

# -1.178097 -1.178097 7.200000
# best = 1 = LSR
LSL 13.48 0 (1.178097 7.200000 5.105088)
LSR 7.85 0 (1.414975 5.023174 1.414975)
RSL 19.34 0 (5.242781 8.857072 5.242781)
RSR 13.48 0 (5.105088 7.200000 1.178097)
RLR inf 1 (inf inf inf)
LRL inf 1 (inf inf inf)

# -1.178097 -1.178097 7.600000
# best = 1 = LSR
LSL 13.88 0 (1.178097 7.600000 5.105088)
LSR 8.24 0 (1.397688 5.447391 1.397688)
RSL 19.74 0 (5.236851 9.265308 5.236851)
RSR 13.88 0 (5.105088 7.600000 1.178097)
RLR inf 1 (inf inf inf)
LRL inf 1 (inf inf inf)

# -1.178097 -1.178097 8.000000
# best = 1 = LSR
LSL 14.28 0 (1.178097 8.000000 5.105088)
LSR 8.63 0 (1.382801 5.868207 1.382801)
RSL 20.14 0 (5.231415 9.672856 5.231415)
RSR 14.28 0 (5.105088 8.000000 1.178097)
RLR inf 1 (inf inf inf)
LRL inf 1 (inf inf inf)

# -0.785398 -1.178097 0.400000
# best = 0 = LSL
LSL 6.59 0 (0.301166 0.696892 5.589320)
LSR inf 1 (inf inf inf)
RSL 12.86 0 (6.055897 1.145665 5.663198)
RSR 7.05 0 (4.441110 0.372589 2.234775)
RLR 12.59 0 (1.206234 6.096620 5.283085)
LRL 11.47 0 (3.267642 5.932952 2.272610)

# -0.785398 -1.178097 0.800000
# best = 0 = LSL
LSL 6.96 0 (0.476538 1.067276 5.413949)
LSR inf 1 (inf inf inf)
RSL 13.22 0 (5.925518 1.759925 5.532819)
RSR 7.34 0 (4.990154 0.667386 1.685730)
RLR 12.29 0 (1.680931 5.947924 4.659692)
LRL 11.09 0 (3.348039 5.743004 2.002265)

# -0.785398 -1.178097 1.200000
# best = 0 = LSL
LSL 7.34 0 (0.560291 1.453443 5.330195)
LSR inf 1 (inf inf inf)
RSL 13.59 0 (5.850214 2.280817 5.457515)
RSR 7.71 0 (5.179078 1.035368 1.496806)
RLR 11.91 0 (1.775662 5.759539 4.376576)
LRL 10.69 0 (3.330012 5.539440 1.816730)

# -0.785398 -1.178097 1.600000
# best = 0 = LSL
LSL 7.74 0 (0.608689 1.845512 5.281797)
LSR inf 1 (inf inf inf)
RSL 13.97 0 (5.799257 2.761687 5.406558)
RSR 8.10 0 (5.267411 1.420763 1.408474)
RLR 11.51 0 (1.762700 5.556949 4.186948)
LRL 10.26 0 (3.270734 5.324090 1.660657)

# -0.785398 -1.178097 2.000000
# best = 0 = LSL
LSL 8.13 0 (0.640080 2.240387 5.250406)
LSR inf 1 (inf inf inf)
RSL 14.35 0 (5.761937 3.220513 5.369238)
RSR 8.49 0 (5.317825 1.812498 1.358059)
RLR 11.08 0 (1.705965 5.342651 4.029385)
LRL 9.80 0 (3.187170 5.094180 1.514311)

# -0.785398 -1.178097 2.400000
# best = 0 = LSL
LSL 8.53 0 (0.662049 2.636807 5.228437)
LSR inf 1 (inf inf inf)
RSL 14.74 0 (5.733217 3.665582 5.340518)
RSR 8.88 0 (5.350269 2.207200 1.325616)
RLR 10.62 0 (1.624155 5.114143 3.882687)
LRL 9.29 0 (3.083885 4.843672 1.367088)

# -0.785398 -1.178097 2.800000
# best = 5 = LRL
LSL 8.92 0 (0.678270 3.034167 5.212216)
LSR inf 1 (inf inf inf)
RSL 15.13 0 (5.710338 4.101376 5.317639)
RSR 9.28 0 (5.372853 2.603519 1.303031)
RLR 10.12 0 (1.522518 4.865700 3.735881)
LRL 8.73 0 (2.958790 4.561041 1.209552)

# -0.785398 -1.178097 3.200000
# best = 5 = LRL
LSL 9.32 0 (0.690732 3.432140 5.199755)
LSR inf 1 (inf inf inf)
RSL 15.52 0 (5.691635 4.530571 5.298936)
RSR 9.68 0 (5.389464 3.000816 1.286420)
RLR 9.57 0 (1.399501 4.586444 3.579643)
LRL 8.05 0 (2.800893 4.220322 1.026731)

# -0.785398 -1.178097 3.600000
# best = 1 = LSR
LSL 9.72 0 (0.700602 3.830536 5.189884)
LSR 4.17 0 (1.374395 1.031823 1.767094)
RSL 15.91 0 (5.676034 4.954882 5.283335)
RSR 10.07 0 (5.402188 3.398746 1.273696)
RLR 8.90 0 (1.245205 4.252404 3.399898)
LRL 7.06 0 (2.563524 3.725843 0.769620)

# -0.785398 -1.178097 4.000000
# best = 1 = LSR
LSL 10.12 0 (0.708613 4.229234 5.181873)
LSR 4.52 0 (1.228353 1.673281 1.621052)
RSL 16.31 0 (5.662807 5.375467 5.270108)
RSR 10.47 0 (5.412244 3.797112 1.263641)
RLR 7.96 0 (1.019719 3.781322 3.154302)
LRL inf 1 (inf inf inf)

# -0.785398 -1.178097 4.400000
# best = 1 = LSR
LSL 10.52 0 (0.715243 4.628157 5.175244)
LSR 4.89 0 (1.147491 2.203425 1.540190)
RSL 16.70 0 (5.651442 5.793137 5.258743)
RSR 10.87 0 (5.420389 4.195788 1.255495)
RLR inf 1 (inf inf inf)
LRL inf 1 (inf inf inf)

# -0.785398 -1.178097 4.800000
# best = 1 = LSR
LSL 10.92 0 (0.720820 5.027252 5.169666)
LSR 5.27 0 (1.093694 2.688920 1.486393)
RSL 17.10 0 (5.641566 6.208480 5.248867)
RSR 11.27 0 (5.427120 4.594695 1.248764)
RLR inf 1 (inf inf inf)
LRL inf 1 (inf inf inf)

# -0.785398 -1.178097 5.200000
# best = 1 = LSR
LSL 11.32 0 (0.725577 5.426479 5.164909)
LSR 5.65 0 (1.054675 3.150477 1.447374)
RSL 17.50 0 (5.632899 6.621934 5.240200)
RSR 11.67 0 (5.432776 4.993777 1.243108)
RLR inf 1 (inf inf inf)
LRL inf 1 (inf inf inf)

# -0.785398 -1.178097 5.600000
# best = 1 = LSR
LSL 11.72 0 (0.729682 5.825813 5.160804)
LSR 6.04 0 (1.024842 3.597320 1.417541)
RSL 17.89 0 (5.625231 7.033833 5.232532)
RSR 12.07 0 (5.437595 5.392994 1.238290)
RLR inf 1 (inf inf inf)
LRL inf 1 (inf inf inf)

# -0.785398 -1.178097 6.000000
# best = 1 = LSR
LSL 12.12 0 (0.733260 6.225232 5.157226)
LSR 6.43 0 (1.001187 4.034343 1.393886)
RSL 18.29 0 (5.618395 7.444434 5.225696)
RSR 12.47 0 (5.441749 5.792320 1.234136)
RLR inf 1 (inf inf inf)
LRL inf 1 (inf inf inf)

# -0.785398 -1.178097 6.400000
# best = 1 = LSR
LSL 12.52 0 (0.736407 6.624721 5.154080)
LSR 6.82 0 (0.981918 4.464430 1.374617)
RSL 18.69 0 (5.612263 7.853940 5.219564)
RSR 12.87 0 (5.445367 6.191732 1.230517)
RLR inf 1 (inf inf inf)
LRL inf 1 (inf inf inf)

# -0.785398 -1.178097 6.800000
# best = 1 = LSR
LSL 12.91 0 (0.739196 7.024269 5.151291)
LSR 7.21 0 (0.965891 4.889412 1.358590)
RSL 19.08 0 (5.606729 8.262516 5.214030)
RSR 13.27 0 (5.448547 6.591216 1.227337)
RLR inf 1 (inf inf inf)
LRL inf 1 (inf inf inf)

# -0.785398 -1.178097 7.200000
# best = 1 = LSR
LSL 13.31 0 (0.741684 7.423865 5.148802)
LSR 7.61 0 (0.952334 5.310514 1.345033)
RSL 19.48 0 (5.601710 8.670292 5.209011)
RSR 13.67 0 (5.451363 6.990759 1.224521)
RLR inf 1 (inf inf inf)
LRL inf 1 (inf inf inf)

# -0.785398 -1.178097 7.600000
# best = 1 = LSR
LSL 13.71 0 (0.743918 7.823502 5.146568)
LSR 8.00 0 (0.940708 5.728592 1.333407)
RSL 19.88 0 (5.597137 9.077376 5.204438)
RSR 14.07 0 (5.453875 7.390351 1.222009)
RLR inf 1 (inf inf inf)
LRL inf 1 (inf inf inf)

# -0.785398 -1.178097 8.000000
# best = 1 = LSR
LSL 14.11 0 (0.745935 8.223175 5.144551)
LSR 8.40 0 (0.930621 6.144264 1.323320)
RSL 20.28 0 (5.592951 9.483857 5.200252)
RSR 14.47 0 (5.456129 7.789986 1.219755)
RLR inf 1 (inf inf inf)
LRL inf 1 (inf inf inf)

# -0.392699 -1.178097 0.400000
# best = 2 = RSL
LSL 12.87 0 (6.154044 1.085699 5.626929)
LSR inf 1 (inf inf inf)
RSL 6.58 0 (0.149763 0.787060 5.647551)
RSR 7.63 0 (4.064482 0.559311 3.004101)
RLR 12.79 0 (0.782602 6.002610 6.005406)
LRL 10.68 0 (2.737578 5.733439 2.210463)

# -0.392699 -1.178097 0.800000
# best = 0 = LSL
LSL 6.94 0 (0.009164 1.446271 5.488623)
LSR inf 1 (inf inf inf)
RSL 13.23 0 (6.274079 1.464484 5.488681)
RSR 7.67 0 (4.765752 0.599894 2.302831)
RLR 12.75 0 (1.473618 5.982103 5.293883)
LRL 10.30 0 (2.780808 5.543288 1.977082)

# -0.392699 -1.178097 1.200000
# best = 0 = LSL
LSL 7.32 0 (0.091347 1.823364 5.406441)
LSR inf 1 (inf inf inf)
RSL 13.60 0 (6.196004 1.997490 5.410606)
RSR 7.92 0 (5.202783 0.852593 1.865800)
RLR 12.49 0 (1.846394 5.853593 4.792597)
LRL 9.89 0 (2.759623 5.336551 1.791531)

# -0.392699 -1.178097 1.600000
# best = 0 = LSL
LSL 7.71 0 (0.145130 2.208532 5.352657)
LSR inf 1 (inf inf inf)
RSL 13.99 0 (6.146501 2.480971 5.361103)
RSR 8.26 0 (5.417967 1.189100 1.650616)
RLR 12.14 0 (1.974537 5.679511 4.490371)
LRL 9.44 0 (2.701802 5.113345 1.626144)

# -0.392699 -1.178097 2.000000
# best = 0 = LSL
LSL 8.10 0 (0.182865 2.598186 5.314922)
LSR inf 1 (inf inf inf)
RSL 14.38 0 (6.111622 2.939467 5.326224)
RSR 8.62 0 (5.535239 1.555957 1.533344)
RLR 11.75 0 (1.994113 5.484117 4.275402)
LRL 8.95 0 (2.617470 4.869210 1.466342)

# -0.392699 -1.178097 2.400000
# best = 5 = LRL
LSL 8.49 0 (0.210729 2.990573 5.287058)
LSR inf 1 (inf inf inf)
RSL 14.77 0 (6.085484 3.383152 5.300086)
RSR 9.00 0 (5.607166 1.935987 1.461417)
RLR 11.33 0 (1.960357 5.272753 4.097794)
LRL 8.40 0 (2.507816 4.594173 1.300959)

# -0.392699 -1.178097 2.800000
# best = 5 = LRL
LSL 8.88 0 (0.232117 3.384743 5.265670)
LSR inf 1 (inf inf inf)
RSL 15.16 0 (6.065069 3.817193 5.279671)
RSR 9.39 0 (5.655325 2.322733 1.413258)
RLR 10.87 0 (1.894165 5.044050 3.935283)
LRL 7.75 0 (2.364923 4.265613 1.115291)

# -0.392699 -1.178097 3.200000
# best = 1 = LSR
LSL 9.28 0 (0.249037 3.780138 5.248750)
LSR 3.61 0 (0.842637 1.136755 1.628035)
RSL 15.56 0 (6.048636 4.244551 5.263238)
RSR 9.78 0 (5.689681 2.713325 1.378902)
RLR 10.37 0 (1.802599 4.792207 3.775006)
LRL 6.83 0 (2.152930 3.807786 0.869458)

# -0.392699 -1.178097 3.600000
# best = 1 = LSR
LSL 9.67 0 (0.262750 4.176410 5.235038)
LSR 3.98 0 (0.734670 1.722487 1.520068)
RSL 15.95 0 (6.035098 4.667062 5.249700)
RSR 10.17 0 (5.715368 3.106312 1.353215)
RLR 9.79 0 (1.684559 4.504753 3.605592)
LRL inf 1 (inf inf inf)

# -0.392699 -1.178097 4.000000
# best = 1 = LSR
LSL 10.07 0 (0.274084 4.573331 5.223704)
LSR 4.36 0 (0.672687 2.227490 1.458085)
RSL 16.35 0 (6.023738 5.085933 5.238340)
RSR 10.57 0 (5.735276 3.500888 1.333308)
RLR 9.09 0 (1.527788 4.151396 3.409006)
LRL inf 1 (inf inf inf)

# -0.392699 -1.178097 4.400000
# best = 1 = LSR
LSL 10.47 0 (0.283607 4.970746 5.214181)
LSR 4.74 0 (0.631055 2.697492 1.416453)
RSL 16.74 0 (6.014062 5.501997 5.228664)
RSR 10.97 0 (5.751146 3.896570 1.317438)
RLR 7.98 0 (1.266658 3.597396 3.116136)
LRL inf 1 (inf inf inf)

# -0.392699 -1.178097 4.800000
# best = 1 = LSR
LSL 10.87 0 (0.291719 5.368544 5.206069)
LSR 5.14 0 (0.600760 3.148208 1.386158)
RSL 17.14 0 (6.005716 5.915845 5.220318)
RSR 11.36 0 (5.764087 4.293053 1.304496)
RLR inf 1 (inf inf inf)
LRL inf 1 (inf inf inf)

# -0.392699 -1.178097 5.200000
# best = 1 = LSR
LSL 11.26 0 (0.298711 5.766648 5.199076)
LSR 5.53 0 (0.577573 3.586915 1.362971)
RSL 17.54 0 (5.998440 6.327912 5.213042)
RSR 11.76 0 (5.774838 4.690133 1.293745)
RLR inf 1 (inf inf inf)
LRL inf 1 (inf inf inf)

# -0.392699 -1.178097 5.600000
# best = 1 = LSR
LSL 11.66 0 (0.304801 6.164997 5.192987)
LSR 5.92 0 (0.559186 4.017550 1.344584)
RSL 17.94 0 (5.992038 6.738525 5.206640)
RSR 12.16 0 (5.783911 5.087670 1.284673)
RLR inf 1 (inf inf inf)
LRL inf 1 (inf inf inf)

# -0.392699 -1.178097 6.000000
# best = 1 = LSR
LSL 12.06 0 (0.310150 6.563546 5.187637)
LSR 6.32 0 (0.544213 4.442461 1.329611)
RSL 18.34 0 (5.986360 7.147934 5.200962)
RSR 12.55 0 (5.791667 5.485566 1.276916)
RLR inf 1 (inf inf inf)
LRL inf 1 (inf inf inf)

# -0.392699 -1.178097 6.400000
# best = 1 = LSR
LSL 12.46 0 (0.314888 6.962262 5.182900)
LSR 6.71 0 (0.531767 4.863148 1.317165)
RSL 18.73 0 (5.981290 7.556336 5.195892)
RSR 12.95 0 (5.798375 5.883747 1.270209)
RLR inf 1 (inf inf inf)
LRL inf 1 (inf inf inf)

# -0.392699 -1.178097 6.800000
# best = 1 = LSR
LSL 12.86 0 (0.319112 7.361118 5.178676)
LSR 7.11 0 (0.521245 5.280621 1.306643)
RSL 19.13 0 (5.976732 7.963885 5.191334)
RSR 13.35 0 (5.804231 6.282159 1.264352)
RLR inf 1 (inf inf inf)
LRL inf 1 (inf inf inf)

# -0.392699 -1.178097 7.200000
# best = 1 = LSR
LSL 13.26 0 (0.322901 7.760091 5.174886)
LSR 7.51 0 (0.512228 5.695587 1.297626)
RSL 19.53 0 (5.972614 8.370706 5.187216)
RSR 13.75 0 (5.809389 6.680761 1.259194)
RLR inf 1 (inf inf inf)
LRL inf 1 (inf inf inf)

# -0.392699 -1.178097 7.600000
# best = 1 = LSR
LSL 13.66 0 (0.326320 8.159165 5.171467)
LSR 7.90 0 (0.504409 6.108556 1.289807)
RSL 19.93 0 (5.968874 8.776900 5.183476)
RSR 14.15 0 (5.813966 7.079520 1.254617)
RLR inf 1 (inf inf inf)
LRL inf 1 (inf inf inf)

# -0.392699 -1.178097 8.000000
# best = 1 = LSR
LSL 14.06 0 (0.329421 8.558325 5.168367)
LSR 8.30 0 (0.497563 6.519909 1.282961)
RSL 20.33 0 (5.965461 9.182550 5.180063)
RSR 14.55 0 (5.818055 7.478412 1.250528)
RLR inf 1 (inf inf inf)
LRL inf 1 (inf inf inf)

# 0.000000 -1.178097 0.400000
# best = 4 = RLR
LSL 12.85 0 (5.846865 1.460731 5.541409)
LSR inf 1 (inf inf inf)
RSL inf 1 (inf inf inf)
RSR 8.27 0 (4.008685 0.809648 3.452597)
RLR 6.65 0 (0.663272 5.875545 0.107185)
LRL 9.89 0 (2.331443 5.535527 2.025987)

# 0.000000 -1.178097 0.800000
# best = 2 = RSL
LSL 13.22 0 (5.939315 1.831076 5.448958)
LSR inf 1 (inf inf inf)
RSL 6.96 0 (0.455435 0.939986 5.560523)
RSR 8.09 0 (4.514345 0.629623 2.946937)
RLR 13.11 0 (1.214689 5.967059 5.930466)
LRL 9.49 0 (2.322238 5.332217 1.831881)

# 0.000000 -1.178097 1.200000
# best = 2 = RSL
LSL 13.60 0 (6.000324 2.211774 5.387950)
LSR inf 1 (inf inf inf)
RSL 7.33 0 (0.332370 1.556495 5.437458)
RSR 8.14 0 (5.132989 0.676256 2.328294)
RLR 13.06 0 (1.821516 5.943426 5.300007)
LRL 9.04 0 (2.272838 5.111400 1.660464)

# 0.000000 -1.178097 1.600000
# best = 2 = RSL
LSL 13.99 0 (6.043305 2.598278 5.344969)
LSR inf 1 (inf inf inf)
RSL 7.71 0 (0.267199 2.069247 5.372287)
RSR 8.38 0 (5.543219 0.915543 1.918063)
RLR 12.82 0 (2.170694 5.821320 4.828723)
LRL 8.56 0 (2.194694 4.869149 1.496358)

# 0.000000 -1.178097 2.000000
# best = 5 = LRL
LSL 14.38 0 (6.075112 2.988336 5.313162)
LSR inf 1 (inf inf inf)
RSL 8.10 0 (0.224934 2.541827 5.330022)
RSR 8.70 0 (5.762366 1.240611 1.698916)
RLR 12.48 0 (2.305420 5.652478 4.525155)
LRL 8.01 0 (2.089855 4.595857 1.327905)

# 0.000000 -1.178097 2.400000
# best = 1 = LSR
LSL 14.77 0 (6.099556 3.380718 5.288718)
LSR 2.82 0 (0.668574 0.301241 1.846671)
RSL 8.49 0 (0.194821 2.993324 5.299910)
RSR 9.06 0 (5.887087 1.600004 1.574195)
RLR 12.10 0 (2.333976 5.460150 4.304270)
LRL 7.36 0 (1.951062 4.269384 1.140224)

# 0.000000 -1.178097 2.800000
# best = 1 = LSR
LSL 15.16 0 (6.118907 3.774700 5.269367)
LSR 3.17 0 (0.396537 1.196513 1.574634)
RSL 8.88 0 (0.172106 3.432068 5.277195)
RSR 9.44 0 (5.965305 1.975072 1.495977)
RLR 11.68 0 (2.307295 5.250351 4.121153)
LRL 6.45 0 (1.743748 3.816052 0.894207)

# 0.000000 -1.178097 3.200000
# best = 1 = LSR
LSL 15.56 0 (6.134596 4.169827 5.253678)
LSR 3.54 0 (0.303650 1.758562 1.481747)
RSL 9.28 0 (0.154287 3.862408 5.259376)
RSR 9.82 0 (6.018342 2.358348 1.442940)
RLR 11.22 0 (2.246202 5.022091 3.953986)
LRL inf 1 (inf inf inf)

# 0.000000 -1.178097 3.600000
# best = 1 = LSR
LSL 15.95 0 (6.147566 4.565804 5.240708)
LSR 3.93 0 (0.249208 2.252429 1.427305)
RSL 9.67 0 (0.139899 4.286875 5.244988)
RSR 10.21 0 (6.056475 2.746398 1.404807)
RLR 10.72 0 (2.158081 4.769583 3.789598)
LRL inf 1 (inf inf inf)

# 0.000000 -1.178097 4.000000
# best = 1 = LSR
LSL 16.35 0 (6.158464 4.962426 5.229810)
LSR 4.32 0 (0.212371 2.715572 1.390468)
RSL 10.07 0 (0.128019 4.707059 5.233108)
RSR 10.60 0 (6.085136 3.137451 1.376146)
RLR 10.14 0 (2.041875 4.479849 3.616071)
LRL inf 1 (inf inf inf)

# 0.000000 -1.178097 4.400000
# best = 1 = LSR
LSL 16.75 0 (6.167748 5.359550 5.220525)
LSR 4.71 0 (0.185471 3.161523 1.363568)
RSL 10.47 0 (0.118033 5.124013 5.223122)
RSR 10.99 0 (6.107430 3.530509 1.353852)
RLR 9.42 0 (1.884415 4.120341 3.414023)
LRL inf 1 (inf inf inf)

# 0.000000 -1.178097 4.800000
# best = 1 = LSR
LSL 17.15 0 (6.175751 5.757072 5.212522)
LSR 5.10 0 (0.164843 3.596682 1.342940)
RSL 10.86 0 (0.109515 5.538466 5.214604)
RSR 11.39 0 (6.125250 3.924970 1.336032)
RLR 8.24 0 (1.606853 3.529576 3.100820)
LRL inf 1 (inf inf inf)

# 0.000000 -1.178097 5.200000
# best = 1 = LSR
LSL 17.54 0 (6.182720 6.154915 5.205554)
LSR 5.50 0 (0.148466 4.024552 1.326563)
RSL 11.26 0 (0.102160 5.950942 5.207248)
RSR 11.78 0 (6.139812 4.320450 1.321470)
RLR inf 1 (inf inf inf)
LRL inf 1 (inf inf inf)

# 0.000000 -1.178097 5.600000
# best = 1 = LSR
LSL 17.94 0 (6.188842 6.553021 5.199432)
LSR 5.90 0 (0.135121 4.447237 1.313218)
RSL 11.66 0 (0.095741 6.361825 5.200829)
RSR 12.18 0 (6.151930 4.716692 1.309353)
RLR inf 1 (inf inf inf)
LRL inf 1 (inf inf inf)

# 0.000000 -1.178097 6.000000
# best = 1 = LSR
LSL 18.34 0 (6.194263 6.951344 5.194011)
LSR 6.29 0 (0.124022 4.866088 1.302119)
RSL 12.06 0 (0.090089 6.771405 5.195178)
RSR 12.57 0 (6.162168 5.113519 1.299115)
RLR inf 1 (inf inf inf)
LRL inf 1 (inf inf inf)

# 0.000000 -1.178097 6.400000
# best = 1 = LSR
LSL 18.74 0 (6.199096 7.349850 5.189178)
LSR 6.69 0 (0.114637 5.282018 1.292734)
RSL 12.46 0 (0.085074 7.179904 5.190162)
RSR 12.97 0 (6.170930 5.510805 1.290352)
RLR inf 1 (inf inf inf)
LRL inf 1 (inf inf inf)

# 0.000000 -1.178097 6.800000
# best = 1 = LSR
LSL 19.14 0 (6.203432 7.748509 5.184842)
LSR 7.09 0 (0.106592 5.695666 1.284689)
RSL 12.85 0 (0.080591 7.587498 5.185680)
RSR 13.37 0 (6.178514 5.908458 1.282768)
RLR inf 1 (inf inf inf)
LRL inf 1 (inf inf inf)

# 0.000000 -1.178097 7.200000
# best = 1 = LSR
LSL 19.54 0 (6.207343 8.147300 5.180930)
LSR 7.48 0 (0.099616 6.107496 1.277713)
RSL 13.25 0 (0.076561 7.994325 5.181650)
RSR 13.77 0 (6.185141 6.306407 1.276141)
RLR inf 1 (inf inf inf)
LRL inf 1 (inf inf inf)

# 0.000000 -1.178097 7.600000
# best = 1 = LSR
LSL 19.93 0 (6.210890 8.546204 5.177384)
LSR 7.88 0 (0.093507 6.517852 1.271604)
RSL 13.65 0 (0.072918 8.400496 5.178006)
RSR 14.17 0 (6.190981 6.704600 1.270301)
RLR inf 1 (inf inf inf)
LRL inf 1 (inf inf inf)

# 0.000000 -1.178097 8.000000
# best = 1 = LSR
LSL 20.33 0 (6.214120 8.945206 5.174154)
LSR 8.28 0 (0.088111 6.926998 1.266208)
RSL 14.05 0 (0.069607 8.806102 5.174695)
RSR 14.56 0 (6.196166 7.102997 1.265116)
RLR inf 1 (inf inf inf)
LRL inf 1 (inf inf inf)

# 0.392699 -1.178097 0.400000
# best = 4 = RLR
LSL 12.79 0 (5.583392 1.790321 5.412182)
LSR inf 1 (inf inf inf)
RSL inf 1 (inf inf inf)
RSR 8.91 0 (4.072484 1.055817 3.781497)
RLR 6.79 0 (0.663772 5.748946 0.372785)
LRL 9.14 0 (1.977742 5.355070 1.806532)

# 0.392699 -1.178097 0.800000
# best = 4 = RLR
LSL 13.17 0 (5.639015 2.174971 5.356559)
LSR inf 1 (inf inf inf)
RSL inf 1 (inf inf inf)
RSR 8.60 0 (4.352732 0.741282 3.501249)
RLR 7.11 0 (1.024742 5.910389 0.173258)
LRL 8.70 0 (1.922532 5.133405 1.640076)

# 0.392699 -1.178097 1.200000
# best = 2 = RSL
LSL 13.56 0 (5.677839 2.564323 5.317736)
LSR inf 1 (inf inf inf)
RSL 7.40 0 (0.913830 0.859576 5.626220)
RSR 8.41 0 (4.910673 0.551587 2.943309)
RLR 13.58 0 (1.630742 6.006510 5.946564)
LRL 8.21 0 (1.840341 4.891374 1.480237)

# 0.392699 -1.178097 1.600000
# best = 5 = LRL
LSL 13.95 0 (5.706397 2.956518 5.289178)
LSR inf 1 (inf inf inf)
RSL 7.76 0 (0.767680 1.513879 5.480070)
RSR 8.47 0 (5.601924 0.615628 2.252057)
RLR 13.52 0 (2.305810 5.974143 5.239129)
LRL 7.67 0 (1.733027 4.619631 1.315808)

# 0.392699 -1.178097 2.000000
# best = 5 = LRL
LSL 14.35 0 (5.728252 3.350560 5.267323)
LSR inf 1 (inf inf inf)
RSL 8.14 0 (0.693100 2.040780 5.405489)
RSR 8.73 0 (6.013176 0.879630 1.840806)
RLR 13.25 0 (2.649864 5.839746 4.760679)
LRL 7.02 0 (1.593711 4.297289 1.132782)

# 0.392699 -1.178097 2.400000
# best = 1 = LSR
LSL 14.74 0 (5.745501 3.745864 5.250074)
LSR 2.79 0 (0.071034 1.078081 1.641830)
RSL 8.52 0 (0.645231 2.521456 5.357620)
RSR 9.07 0 (6.216285 1.220040 1.637696)
RLR 12.90 0 (2.764744 5.663287 4.469340)
LRL 6.15 0 (1.391492 3.858354 0.896065)

# 0.392699 -1.178097 2.800000
# best = 3 = RSR
LSL 15.14 0 (5.759453 4.142071 5.236121)
LSR 9.44 0 (6.239359 1.676097 1.526969)
RSL 8.91 0 (0.611282 2.978372 5.323671)
RSR 3.16 0 (0.045036 1.588473 1.525760)
RLR 12.50 0 (2.778253 5.466436 4.258978)
LRL inf 1 (inf inf inf)

# 0.392699 -1.178097 3.200000
# best = 3 = RSR
LSL 15.53 0 (5.770968 4.538943 5.224607)
LSR 9.82 0 (6.174845 2.185485 1.462456)
RSL 9.30 0 (0.585734 3.421061 5.298123)
RSR 3.54 0 (0.114295 1.969263 1.456501)
RLR 12.08 0 (2.741139 5.253689 4.083345)
LRL inf 1 (inf inf inf)

# 0.392699 -1.178097 3.600000
# best = 3 = RSR
LSL 15.93 0 (5.780630 4.936320 5.214945)
LSR 10.21 0 (6.131915 2.657704 1.419526)
RSL 9.70 0 (0.565720 3.854428 5.278109)
RSR 3.93 0 (0.160962 2.356427 1.409834)
RLR 11.62 0 (2.672602 5.023280 3.921473)
LRL inf 1 (inf inf inf)

# 0.392699 -1.178097 4.000000
# best = 3 = RSR
LSL 16.33 0 (5.788852 5.334089 5.206723)
LSR 10.60 0 (6.100846 3.109732 1.388457)
RSL 10.09 0 (0.549574 4.281305 5.261963)
RSR 4.32 0 (0.194408 2.747271 1.376388)
RLR 11.11 0 (2.578899 4.768982 3.760879)
LRL inf 1 (inf inf inf)

# 0.392699 -1.178097 4.400000
# best = 3 = RSR
LSL 16.73 0 (5.795932 5.732168 5.199643)
LSR 10.99 0 (6.077153 3.549292 1.364764)
RSL 10.49 0 (0.536249 4.703459 5.248638)
RSR 4.71 0 (0.219502 3.140421 1.351294)
RLR 10.53 0 (2.458229 4.477453 3.590020)
LRL inf 1 (inf inf inf)

# 0.392699 -1.178097 4.800000
# best = 3 = RSR
LSL 17.13 0 (5.802092 6.130498 5.193483)
LSR 11.38 0 (6.058414 3.980517 1.346025)
RSL 10.88 0 (0.525053 5.122058 5.237442)
RSR 5.11 0 (0.239003 3.535109 1.331793)
RLR 9.80 0 (2.296721 4.115437 3.389511)
LRL inf 1 (inf inf inf)

# 0.392699 -1.178097 5.200000
# best = 3 = RSR
LSL 17.52 0 (5.807500 6.529032 5.188074)
LSR 11.78 0 (6.043187 4.405855 1.330797)
RSL 11.28 0 (0.515504 5.537909 5.227893)
RSR 5.50 0 (0.254582 3.930871 1.316214)
RLR 8.60 0 (2.011562 3.513961 3.073195)
LRL inf 1 (inf inf inf)

# 0.392699 -1.178097 5.600000
# best = 3 = RSR
LSL 17.92 0 (5.812286 6.927734 5.183288)
LSR 12.18 0 (6.030548 4.826863 1.318159)
RSL 11.68 0 (0.507260 5.951588 5.219649)
RSR 5.90 0 (0.267308 4.327412 1.303488)
RLR inf 1 (inf inf inf)
LRL inf 1 (inf inf inf)

# 0.392699 -1.178097 6.000000
# best = 3 = RSR
LSL 18.32 0 (5.816551 7.326579 5.179023)
LSR 12.57 0 (6.019879 5.244583 1.307490)
RSL 12.08 0 (0.500066 6.363517 5.212455)
RSR 6.30 0 (0.277897 4.724537 1.292899)
RLR inf 1 (inf inf inf)
LRL inf 1 (inf inf inf)

# 0.392699 -1.178097 6.400000
# best = 3 = RSR
LSL 18.72 0 (5.820376 7.725542 5.175199)
LSR 12.97 0 (6.010745 5.659743 1.298355)
RSL 12.47 0 (0.493732 6.774017 5.206122)
RSR 6.69 0 (0.286843 5.122109 1.283953)
RLR inf 1 (inf inf inf)
LRL inf 1 (inf inf inf)

# 0.392699 -1.178097 6.800000
# best = 3 = RSR
LSL 19.12 0 (5.823825 8.124608 5.171750)
LSR 13.37 0 (6.002832 6.072869 1.290443)
RSL 12.87 0 (0.488111 7.183333 5.200501)
RSR 7.09 0 (0.294499 5.520031 1.276297)
RLR inf 1 (inf inf inf)
LRL inf 1 (inf inf inf)

# 0.392699 -1.178097 7.200000
# best = 3 = RSR
LSL 19.52 0 (5.826951 8.523761 5.168624)
LSR 13.76 0 (5.995909 6.484349 1.283520)
RSL 13.27 0 (0.483089 7.591655 5.195478)
RSR 7.49 0 (0.301126 5.918234 1.269670)
RLR inf 1 (inf inf inf)
LRL inf 1 (inf inf inf)

# 0.392699 -1.178097 7.600000
# best = 3 = RSR
LSL 19.92 0 (5.829797 8.922990 5.165777)
LSR 14.16 0 (5.989799 6.894478 1.277409)
RSL 13.67 0 (0.478572 7.999136 5.190961)
RSR 7.89 0 (0.306916 6.316664 1.263880)
RLR inf 1 (inf inf inf)
LRL inf 1 (inf inf inf)

# 0.392699 -1.178097 8.000000
# best = 3 = RSR
LSL 20.32 0 (5.832400 9.322285 5.163175)
LSR 14.56 0 (5.984364 7.303483 1.271975)
RSL 14.07 0 (0.474489 8.405899 5.186878)
RSR 8.29 0 (0.312020 6.715281 1.258776)
RLR inf 1 (inf inf inf)
LRL inf 1 (inf inf inf)

# 0.785398 -1.178097 0.400000
# best = 4 = RLR
LSL 12.66 0 (5.339389 2.056734 5.263487)
LSR inf 1 (inf inf inf)
RSL inf 1 (inf inf inf)
RSR 9.52 0 (4.184679 1.273019 4.062002)
RLR 6.95 0 (0.719198 5.635409 0.596521)
LRL 8.44 0 (1.657741 5.203074 1.581839)

# 0.785398 -1.178097 0.800000
# best = 4 = RLR
LSL 13.06 0 (5.365118 2.452538 5.237758)
LSR inf 1 (inf inf inf)
RSL inf 1 (inf inf inf)
RSR 9.14 0 (4.299200 0.892070 3.947480)
RLR 7.35 0 (0.932699 5.833368 0.580978)
LRL 7.96 0 (1.563503 4.963140 1.436143)

# 0.785398 -1.178097 1.200000
# best = 5 = LRL
LSL 13.45 0 (5.383688 2.849514 5.219188)
LSR inf 1 (inf inf inf)
RSL inf 1 (inf inf inf)
RSR 8.79 0 (4.572247 0.539444 3.674433)
RLR 7.71 0 (1.295381 6.012639 0.397567)
LRL 7.43 0 (1.449213 4.697422 1.284713)

# 0.785398 -1.178097 1.600000
# best = 5 = LRL
LSL 13.85 0 (5.397713 3.247233 5.205163)
LSR inf 1 (inf inf inf)
RSL 7.98 0 (1.479750 0.698789 5.799440)
RSR 8.57 0 (5.402564 0.325900 2.844116)
RLR 14.20 0 (2.179406 6.120055 5.904143)
LRL 6.81 0 (1.308878 4.388701 1.116328)

# 0.785398 -1.178097 2.000000
# best = 3 = RSR
LSL 14.25 0 (5.408675 3.645451 5.194200)
LSR 8.74 0 (6.225695 0.606253 1.906005)
RSL 8.31 0 (1.272060 1.449733 5.591750)
RSR 2.45 0 (0.064215 0.491347 1.899280)
RLR 14.04 0 (3.082660 6.036890 4.917725)
LRL 6.02 0 (1.120500 3.990020 0.906025)

# 0.785398 -1.178097 2.400000
# best = 3 = RSR
LSL 14.65 0 (5.417478 4.044020 5.185398)
LSR 9.07 0 (5.995583 1.397900 1.675893)
RSL 8.68 0 (1.173991 2.008767 5.493682)
RSR 2.80 0 (0.386182 0.834645 1.577313)
RLR 13.69 0 (3.317569 5.862773 4.508699)
LRL inf 1 (inf inf inf)

# 0.785398 -1.178097 2.800000
# best = 3 = RSR
LSL 15.05 0 (5.424701 4.442847 5.178175)
LSR 9.43 0 (5.892828 1.964868 1.573138)
RSL 9.05 0 (1.111983 2.507700 5.431673)
RSR 3.18 0 (0.514692 1.213196 1.448803)
RLR 13.30 0 (3.348132 5.666880 4.282243)
LRL inf 1 (inf inf inf)

# 0.785398 -1.178097 3.200000
# best = 3 = RSR
LSL 15.44 0 (5.430733 4.841867 5.172142)
LSR 9.81 0 (5.828726 2.467243 1.509036)
RSL 9.43 0 (1.068219 2.976908 5.387910)
RSR 3.57 0 (0.581502 1.602203 1.381993)
RLR 12.88 0 (3.310977 5.458950 4.111467)
LRL inf 1 (inf inf inf)

# 0.785398 -1.178097 3.600000
# best = 3 = RSR
LSL 15.84 0 (5.435847 5.241037 5.167028)
LSR 10.19 0 (5.783791 2.938345 1.464101)
RSL 9.82 0 (1.035341 3.428615 5.355031)
RSR 3.96 0 (0.622101 1.995562 1.341394)
RLR 12.44 0 (3.241375 5.238549 3.960669)
LRL inf 1 (inf inf inf)

# 0.785398 -1.178097 4.000000
# best = 3 = RSR
LSL 16.24 0 (5.440237 5.640324 5.162639)
LSR 10.57 0 (5.750175 3.391232 1.430485)
RSL 10.21 0 (1.009594 3.868955 5.329284)
RSR 4.35 0 (0.649300 2.391125 1.314195)
RLR 11.97 0 (3.150162 5.001724 3.815057)
LRL inf 1 (inf inf inf)

# 0.785398 -1.178097 4.400000
# best = 3 = RSR
LSL 16.64 0 (5.444046 6.039706 5.158829)
LSR 10.96 0 (5.723928 3.832367 1.404238)
RSL 10.60 0 (0.988818 4.301422 5.308508)
RSR 4.75 0 (0.668768 2.787954 1.294727)
RLR 11.45 0 (3.039171 4.740807 3.665131)
LRL inf 1 (inf inf inf)

# 0.785398 -1.178097 4.800000
# best = 3 = RSR
LSL 17.04 0 (5.447383 6.439164 5.155492)
LSR 11.35 0 (5.702795 4.265397 1.383105)
RSL 10.99 0 (0.971664 4.728176 5.291354)
RSR 5.15 0 (0.683380 3.185577 1.280115)
RLR 10.84 0 (2.903663 4.440567 3.500398)
LRL inf 1 (inf inf inf)

# 0.785398 -1.178097 5.200000
# best = 3 = RSR
LSL 17.44 0 (5.450330 6.838686 5.152546)
LSR 11.74 0 (5.685377 4.692568 1.365686)
RSL 11.38 0 (0.957241 5.150638 5.276931)
RSR 5.55 0 (0.694747 3.583729 1.268748)
RLR 10.09 0 (2.725815 4.062135 3.299815)
LRL inf 1 (inf inf inf)

# 0.785398 -1.178097 5.600000
# best = 3 = RSR
LSL 17.84 0 (5.452952 7.238260 5.149924)
LSR 12.14 0 (5.670752 5.115347 1.351061)
RSL 11.78 0 (0.944933 5.569784 5.264623)
RSR 5.95 0 (0.703840 3.982251 1.259655)
RLR 8.62 0 (2.368877 3.330072 2.924691)
LRL inf 1 (inf inf inf)

# 0.785398 -1.178097 6.000000
# best = 3 = RSR
LSL 18.24 0 (5.455299 7.637879 5.147577)
LSR 12.53 0 (5.658285 5.534741 1.338595)
RSL 12.17 0 (0.934299 5.986310 5.253990)
RSR 6.34 0 (0.711279 4.381042 1.252216)
RLR inf 1 (inf inf inf)
LRL inf 1 (inf inf inf)

# 0.785398 -1.178097 6.400000
# best = 3 = RSR
LSL 18.64 0 (5.457413 8.037536 5.145463)
LSR 12.93 0 (5.647525 5.951466 1.327834)
RSL 12.57 0 (0.925015 6.400729 5.244705)
RSR 6.74 0 (0.717475 4.780036 1.246020)
RLR inf 1 (inf inf inf)
LRL inf 1 (inf inf inf)

# 0.785398 -1.178097 6.800000
# best = 3 = RSR
LSL 19.04 0 (5.459326 8.437226 5.143549)
LSR 13.32 0 (5.638137 6.366045 1.318447)
RSL 12.97 0 (0.916835 6.813424 5.236525)
RSR 7.14 0 (0.722717 5.179185 1.240778)
RLR inf 1 (inf inf inf)
LRL inf 1 (inf inf inf)

# 0.785398 -1.178097 7.200000
# best = 3 = RSR
LSL 19.44 0 (5.461067 8.836943 5.141809)
LSR 13.72 0 (5.629873 6.778872 1.310182)
RSL 13.36 0 (0.909571 7.224691 5.229262)
RSR 7.54 0 (0.727209 5.578456 1.236286)
RLR inf 1 (inf inf inf)
LRL inf 1 (inf inf inf)

# 0.785398 -1.178097 7.600000
# best = 3 = RSR
LSL 19.84 0 (5.462657 9.236685 5.140219)
LSR 14.12 0 (5.622538 7.190249 1.302848)
RSL 13.76 0 (0.903077 7.634761 5.222767)
RSR 7.94 0 (0.731100 5.977824 1.232395)
RLR inf 1 (inf inf inf)
LRL inf 1 (inf inf inf)

# 0.785398 -1.178097 8.000000
# best = 3 = RSR
LSL 20.24 0 (5.464115 9.636449 5.138761)
LSR 14.51 0 (5.615984 7.600412 1.296294)
RSL 14.16 0 (0.897234 8.043817 5.216924)
RSR 8.34 0 (0.734504 6.377271 1.228991)
RLR inf 1 (inf inf inf)
LRL inf 1 (inf inf inf)

# 1.178097 -1.178097 0.400000
# best = 4 = RLR
LSL 12.46 0 (5.105088 2.247759 5.105088)
LSR inf 1 (inf inf inf)
RSL inf 1 (inf inf inf)
RSR 10.09 0 (4.319690 1.447759 4.319690)
RLR 7.16 0 (0.807749 5.542490 0.807749)
LRL 7.82 0 (1.366767 5.089727 1.366767)

# 1.178097 -1.178097 0.800000
# best = 5 = LRL
LSL 12.86 0 (5.105088 2.647759 5.105088)
LSR inf 1 (inf inf inf)
RSL inf 1 (inf inf inf)
RSR 9.69 0 (4.319690 1.047759 4.319690)
RLR 7.58 0 (0.913065 5.753122 0.913065)
LRL 7.32 0 (1.240092 4.836378 1.240092)

# 1.178097 -1.178097 1.200000
# best = 5 = LRL
LSL 13.26 0 (5.105088 3.047759 5.105088)
LSR inf 1 (inf inf inf)
RSL inf 1 (inf inf inf)
RSR 9.29 0 (4.319690 0.647759 4.319690)
RLR 7.99 0 (1.015441 5.957873 1.015441)
LRL 6.74 0 (1.097193 4.550580 1.097193)

# 1.178097 -1.178097 1.600000
# best = 5 = LRL
LSL 13.66 0 (5.105088 3.447759 5.105088)
LSR inf 1 (inf inf inf)
RSL inf 1 (inf inf inf)
RSR 8.89 0 (4.319690 0.247759 4.319690)
RLR 8.39 0 (1.116118 6.159227 1.116118)
LRL 6.05 0 (0.924413 4.205019 0.924413)

# 1.178097 -1.178097 2.000000
# best = 3 = RSR
LSL 14.06 0 (5.105088 3.847759 5.105088)
LSR 8.73 0 (5.944905 0.765367 2.017913)
RSL 8.73 0 (2.017913 0.765367 5.944905)
RSR 2.51 0 (1.178097 0.152241 1.178097)
RLR 14.77 0 (4.281620 6.207046 4.281620)
LRL 5.03 0 (0.669482 3.695157 0.669482)

# 1.178097 -1.178097 2.400000
# best = 3 = RSR
LSL 14.46 0 (5.105088 4.247759 5.105088)
LSR 9.03 0 (5.713642 1.531596 1.786650)
RSL 9.03 0 (1.786650 1.531596 5.713642)
RSR 2.91 0 (1.178097 0.552241 1.178097)
RLR 14.37 0 (4.181187 6.006180 4.181187)
LRL inf 1 (inf inf inf)

# 1.178097 -1.178097 2.800000
# best = 3 = RSR
LSL 14.86 0 (5.105088 4.647759 5.105088)
LSR 9.37 0 (5.598381 2.103755 1.671390)
RSL 9.37 0 (1.671390 2.103755 5.598381)
RSR 3.31 0 (1.178097 0.952241 1.178097)
RLR 13.96 0 (4.079321 5.802449 4.079321)
LRL inf 1 (inf inf inf)

# 1.178097 -1.178097 3.200000
# best = 3 = RSR
LSL 15.26 0 (5.105088 5.047759 5.105088)
LSR 9.73 0 (5.523678 2.612621 1.596687)
RSL 9.73 0 (1.596687 2.612621 5.523678)
RSR 3.71 0 (1.178097 1.352241 1.178097)
RLR 13.54 0 (3.974835 5.593475 3.974835)
LRL inf 1 (inf inf inf)

# 1.178097 -1.178097 3.600000
# best = 3 = RSR
LSL 15.66 0 (5.105088 5.447759 5.105088)
LSR 10.10 0 (5.470100 3.089626 1.543108)
RSL 10.10 0 (1.543108 3.089626 5.470100)
RSR 4.11 0 (1.178097 1.752241 1.178097)
RLR 13.11 0 (3.866250 5.376306 3.866250)
LRL inf 1 (inf inf inf)

# 1.178097 -1.178097 4.000000
# best = 3 = RSR
LSL 16.06 0 (5.105088 5.847759 5.105088)
LSR 10.48 0 (5.429373 3.547645 1.502382)
RSL 10.48 0 (1.502382 3.547645 5.429373)
RSR 4.51 0 (1.178097 2.152241 1.178097)
RLR 12.65 0 (3.751555 5.146917 3.751555)
LRL inf 1 (inf inf inf)

# 1.178097 -1.178097 4.400000
# best = 3 = RSR
LSL 16.46 0 (5.105088 6.247759 5.105088)
LSR 10.86 0 (5.397191 3.993218 1.470200)
RSL 10.86 0 (1.470200 3.993218 5.397191)
RSR 4.91 0 (1.178097 2.552241 1.178097)
RLR 12.15 0 (3.627713 4.899232 3.627713)
LRL inf 1 (inf inf inf)

# 1.178097 -1.178097 4.800000
# best = 3 = RSR
LSL 16.86 0 (5.105088 6.647759 5.105088)
LSR 11.25 0 (5.371033 4.430100 1.444042)
RSL 11.25 0 (1.444042 4.430100 5.371033)
RSR 5.31 0 (1.178097 2.952241 1.178097)
RLR 11.60 0 (3.489499 4.622803 3.489499)
LRL inf 1 (inf inf inf)

# 1.178097 -1.178097 5.200000
# best = 3 = RSR
LSL 17.26 0 (5.105088 7.047759 5.105088)
LSR 11.63 0 (5.349306 4.860636 1.422314)
RSL 11.63 0 (1.422314 4.860636 5.349306)
RSR 5.71 0 (1.178097 3.352241 1.178097)
RLR 10.95 0 (3.325972 4.295749 3.325972)
LRL inf 1 (inf inf inf)

# 1.178097 -1.178097 5.600000
# best = 3 = RSR
LSL 17.66 0 (5.105088 7.447759 5.105088)
LSR 12.02 0 (5.330945 5.286378 1.403954)
RSL 12.02 0 (1.403954 5.286378 5.330945)
RSR 6.11 0 (1.178097 3.752241 1.178097)
RLR 10.05 0 (3.102701 3.849208 3.102701)
LRL inf 1 (inf inf inf)

# 1.178097 -1.178097 6.000000
# best = 3 = RSR
LSL 18.06 0 (5.105088 7.847759 5.105088)
LSR 12.41 0 (5.315209 5.708396 1.388217)
RSL 12.41 0 (1.388217 5.708396 5.315209)
RSR 6.51 0 (1.178097 4.152241 1.178097)
RLR inf 1 (inf inf inf)
LRL inf 1 (inf inf inf)

# 1.178097 -1.178097 6.400000
# best = 3 = RSR
LSL 18.46 0 (5.105088 8.247759 5.105088)
LSR 12.80 0 (5.301562 6.127462 1.374571)
RSL 12.80 0 (1.374571 6.127462 5.301562)
RSR 6.91 0 (1.178097 4.552241 1.178097)
RLR inf 1 (inf inf inf)
LRL inf 1 (inf inf inf)

# 1.178097 -1.178097 6.800000
# best = 3 = RSR
LSL 18.86 0 (5.105088 8.647759 5.105088)
LSR 13.20 0 (5.289608 6.544141 1.362617)
RSL 13.20 0 (1.362617 6.544141 5.289608)
RSR 7.31 0 (1.178097 4.952241 1.178097)
RLR inf 1 (inf inf inf)
LRL inf 1 (inf inf inf)

# 1.178097 -1.178097 7.200000
# best = 3 = RSR
LSL 19.26 0 (5.105088 9.047759 5.105088)
LSR 13.59 0 (5.279045 6.958864 1.352054)
RSL 13.59 0 (1.352054 6.958864 5.279045)
RSR 7.71 0 (1.178097 5.352241 1.178097)
RLR inf 1 (inf inf inf)
LRL inf 1 (inf inf inf)

# 1.178097 -1.178097 7.600000
# best = 3 = RSR
LSL 19.66 0 (5.105088 9.447759 5.105088)
LSR 13.98 0 (5.269642 7.371960 1.342651)
RSL 13.98 0 (1.342651 7.371960 5.269642)
RSR 8.11 0 (1.178097 5.752241 1.178097)
RLR inf 1 (inf inf inf)
LRL inf 1 (inf inf inf)

# 1.178097 -1.178097 8.000000
# best = 3 = RSR
LSL 20.06 0 (5.105088 9.847759 5.105088)
LSR 14.38 0 (5.261215 7.783687 1.334223)
RSL 14.38 0 (1.334223 7.783687 5.261215)
RSR 8.51 0 (1.178097 6.152241 1.178097)
RLR inf 1 (inf inf inf)
LRL inf 1 (inf inf inf)

# 1.570796 -1.178097 0.400000
# best = 5 = LRL
LSL 12.17 0 (4.875599 2.355178 4.941879)
LSR inf 1 (inf inf inf)
RSL inf 1 (inf inf inf)
RSR 10.60 0 (4.466352 1.571195 4.565726)
RLR 7.42 0 (0.921086 5.475839 1.020461)
LRL 7.30 0 (1.104440 5.024052 1.170720)

# 1.570796 -1.178097 0.800000
# best = 5 = LRL
LSL 12.57 0 (4.851968 2.750630 4.965510)
LSR inf 1 (inf inf inf)
RSL inf 1 (inf inf inf)
RSR 10.22 0 (4.384200 1.187245 4.647878)
RLR 7.83 0 (0.941256 5.680482 1.204934)
LRL 6.78 0 (0.952117 4.766670 1.065659)

# 1.570796 -1.178097 1.200000
# best = 5 = LRL
LSL 12.96 0 (4.834285 3.147232 4.983193)
LSR inf 1 (inf inf inf)
RSL inf 1 (inf inf inf)
RSR 9.85 0 (4.226080 0.818809 4.805999)
RLR 8.21 0 (0.878328 5.870866 1.458246)
LRL 6.19 0 (0.787072 4.471945 0.935980)

# 1.570796 -1.178097 1.600000
# best = 5 = LRL
LSL 13.36 0 (4.820563 3.544598 4.996915)
LSR inf 1 (inf inf inf)
RSL inf 1 (inf inf inf)
RSR 9.53 0 (3.843957 0.501343 5.188122)
RLR 8.53 0 (0.576698 6.031853 1.920863)
LRL 5.46 0 (0.590001 4.105248 0.766354)

# 1.570796 -1.178097 2.000000
# best = 5 = LRL
LSL 13.76 0 (4.809609 3.942496 5.007869)
LSR 8.69 0 (5.775044 0.675813 2.240752)
RSL inf 1 (inf inf inf)
RSR 9.42 0 (2.945242 0.390181 6.086836)
RLR 14.92 0 (5.989135 6.087784 2.847543)
LRL 4.21 0 (0.266987 3.481128 0.465248)

# 1.570796 -1.178097 2.400000
# best = 3 = RSR
LSL 14.16 0 (4.800664 4.340781 5.016814)
LSR 8.94 0 (5.483417 1.509179 1.949125)
RSL 9.62 0 (2.422041 1.243729 5.956333)
RSR 3.36 0 (2.247821 0.610850 0.501072)
RLR 14.70 0 (5.236102 5.976561 3.489352)
LRL inf 1 (inf inf inf)

# 1.570796 -1.178097 2.800000
# best = 3 = RSR
LSL 14.56 0 (4.793223 4.739355 5.024254)
LSR 9.25 0 (5.340642 2.102027 1.806349)
RSL 9.91 0 (2.245315 1.888377 5.779607)
RSR 3.70 0 (1.982613 0.956051 0.766280)
RLR 14.35 0 (4.882856 5.800487 3.666524)
LRL inf 1 (inf inf inf)

# 1.570796 -1.178097 3.200000
# best = 3 = RSR
LSL 14.96 0 (4.786937 5.138150 5.030540)
LSR 9.58 0 (5.247575 2.622864 1.713283)
RSL 10.24 0 (2.137529 2.430035 5.671822)
RSR 4.08 0 (1.862143 1.332265 0.886750)
RLR 13.96 0 (4.664182 5.604078 3.688789)
LRL inf 1 (inf inf inf)

# 1.570796 -1.178097 3.600000
# best = 3 = RSR
LSL 15.35 0 (4.781557 5.537119 5.035921)
LSR 9.93 0 (5.180440 3.108104 1.646148)
RSL 10.59 0 (2.062134 2.926461 5.596426)
RSR 4.47 0 (1.795263 1.719252 0.953630)
RLR 13.54 0 (4.492570 5.394614 3.650937)
LRL inf 1 (inf inf inf)

# 1.570796 -1.178097 4.000000
# best = 3 = RSR
LSL 15.75 0 (4.776900 5.936227 5.040578)
LSR 10.30 0 (5.129166 3.572283 1.594873)
RSL 10.94 0 (2.005617 3.397540 5.539909)
RSR 4.86 0 (1.753076 2.111095 0.995817)
RLR 13.09 0 (4.338691 5.171230 3.581432)
LRL inf 1 (inf inf inf)

# 1.570796 -1.178097 4.400000
# best = 3 = RSR
LSL 16.15 0 (4.772830 6.335448 5.044648)
LSR 10.67 0 (5.088490 4.022698 1.554198)
RSL 11.31 0 (1.961357 3.852581 5.495650)
RSR 5.25 0 (1.724132 2.505518 1.024761)
RLR 12.61 0 (4.188825 4.929385 3.489453)
LRL inf 1 (inf inf inf)

# 1.570796 -1.178097 4.800000
# best = 3 = RSR
LSL 16.55 0 (4.769242 6.734761 5.048236)
LSR 11.04 0 (5.055322 4.463519 1.521030)
RSL 11.68 0 (1.925610 4.296683 5.459903)
RSR 5.65 0 (1.703074 2.901468 1.045819)
RLR 12.07 0 (4.033100 4.660051 3.375844)
LRL inf 1 (inf inf inf)

# 1.570796 -1.178097 5.200000
# best = 3 = RSR
LSL 16.95 0 (4.766056 7.134151 5.051421)
LSR 11.42 0 (5.027699 4.897336 1.493407)
RSL 12.06 0 (1.896060 4.732926 5.430352)
RSR 6.05 0 (1.687079 3.298395 1.061814)
RLR 11.44 0 (3.859179 4.344200 3.233914)
LRL inf 1 (inf inf inf)

# 1.570796 -1.178097 5.600000
# best = 3 = RSR
LSL 17.35 0 (4.763208 7.533605 5.054270)
LSR 11.80 0 (5.004303 5.325861 1.470011)
RSL 12.44 0 (1.871181 5.163302 5.405474)
RSR 6.44 0 (1.674522 3.695986 1.074371)
RLR 10.60 0 (3.637712 3.926380 3.037561)
LRL inf 1 (inf inf inf)

# 1.570796 -1.178097 6.000000
# best = 3 = RSR
LSL 17.75 0 (4.760647 7.933115 5.056831)
LSR 12.18 0 (4.984213 5.750277 1.449920)
RSL 12.82 0 (1.849923 5.589168 5.384215)
RSR 6.84 0 (1.664406 4.094045 1.084487)
RLR inf 1 (inf inf inf)
LRL inf 1 (inf inf inf)

# 1.570796 -1.178097 6.400000
# best = 3 = RSR
LSL 18.15 0 (4.758331 8.332672 5.059147)
LSR 12.57 0 (4.966760 6.171433 1.432468)
RSL 13.21 0 (1.831533 6.011481 5.365825)
RSR 7.24 0 (1.656083 4.492449 1.092810)
RLR inf 1 (inf inf inf)
LRL inf 1 (inf inf inf)

# 1.570796 -1.178097 6.800000
# best = 3 = RSR
LSL 18.55 0 (4.756227 8.732269 5.061250)
LSR 12.96 0 (4.951450 6.589953 1.417158)
RSL 13.60 0 (1.815458 6.430941 5.349750)
RSR 7.64 0 (1.649117 4.891114 1.099776)
RLR inf 1 (inf inf inf)
LRL inf 1 (inf inf inf)

# 1.570796 -1.178097 7.200000
# best = 3 = RSR
LSL 18.95 0 (4.754308 9.131901 5.063170)
LSR 13.35 0 (4.937905 7.006310 1.403613)
RSL 13.98 0 (1.801279 6.848073 5.335571)
RSR 8.04 0 (1.643200 5.289981 1.105693)
RLR inf 1 (inf inf inf)
LRL inf 1 (inf inf inf)

# 1.570796 -1.178097 7.600000
# best = 3 = RSR
LSL 19.35 0 (4.752549 9.531565 5.064928)
LSR 13.74 0 (4.925832 7.420867 1.391540)
RSL 14.37 0 (1.788676 7.263278 5.322968)
RSR 8.44 0 (1.638114 5.689006 1.110779)
RLR inf 1 (inf inf inf)
LRL inf 1 (inf inf inf)

# 1.570796 -1.178097 8.000000
# best = 3 = RSR
LSL 19.75 0 (4.750932 9.931255 5.066546)
LSR 14.13 0 (4.915001 7.833912 1.380709)
RSL 14.77 0 (1.777396 7.676869 5.311689)
RSR 8.84 0 (1.633694 6.088160 1.115199)
RLR inf 1 (inf inf inf)
LRL inf 1 (inf inf inf)

# 1.963495 -1.178097 0.400000
# best = 5 = LRL
LSL 11.80 0 (4.647879 2.374491 4.776900)
LSR inf 1 (inf inf inf)
RSL inf 1 (inf inf inf)
RSR 11.06 0 (4.618779 1.637618 4.805998)
RLR 7.74 0 (1.055385 5.439583 1.242605)
LRL 6.88 0 (0.870733 5.012079 0.999754)

# 1.963495 -1.178097 0.800000
# best = 5 = LRL
LSL 12.18 0 (4.601082 2.756159 4.823696)
LSR inf 1 (inf inf inf)
RSL inf 1 (inf inf inf)
RSR 10.72 0 (4.474197 1.297530 4.950580)
RLR 8.10 0 (1.002245 5.622467 1.478629)
LRL 6.38 0 (0.699326 4.762859 0.921940)

# 1.963495 -1.178097 1.200000
# best = 5 = LRL
LSL 12.57 0 (4.565727 3.142391 4.859052)
LSR inf 1 (inf inf inf)
RSL inf 1 (inf inf inf)
RSR 10.43 0 (4.236656 1.002685 5.188122)
RLR 8.41 0 (0.841689 5.776438 1.793155)
LRL 5.81 0 (0.520473 4.475862 0.813797)

# 1.963495 -1.178097 1.600000
# best = 5 = LRL
LSL 12.96 0 (4.538138 3.531689 4.886641)
LSR inf 1 (inf inf inf)
RSL inf 1 (inf inf inf)
RSR 10.23 0 (3.847359 0.804469 5.577419)
RLR 8.61 0 (0.503268 5.878188 2.233328)
LRL 5.10 0 (0.314495 4.119085 0.662998)

# 1.963495 -1.178097 2.000000
# best = 5 = LRL
LSL 13.35 0 (4.516040 3.923141 4.908739)
LSR 8.64 0 (5.889986 0.001000 2.748393)
RSL inf 1 (inf inf inf)
RSR 10.21 0 (3.337942 0.780361 6.086835)
RLR 14.92 0 (6.283185 5.890486 2.748893)
LRL 3.93 0 (0.000000 3.534292 0.392699)

# 1.963495 -1.178097 2.400000
# best = 3 = RSR
LSL 13.74 0 (4.497959 4.316161 4.926820)
LSR 8.79 0 (5.304801 1.326650 2.163207)
RSL 10.37 0 (2.948606 1.326649 6.090199)
RSR 4.09 0 (2.909256 0.943799 0.232336)
RLR 14.76 0 (5.812653 5.806794 3.135733)
LRL inf 1 (inf inf inf)

# 1.963495 -1.178097 2.800000
# best = 3 = RSR
LSL 14.14 0 (4.482900 4.710356 4.941879)
LSR 9.05 0 (5.115293 1.959592 1.973700)
RSL 10.62 0 (2.759098 1.959591 5.900691)
RSR 4.36 0 (2.640520 1.221699 0.501072)
RLR 14.47 0 (5.471728 5.662416 3.332280)
LRL inf 1 (inf inf inf)

# 1.963495 -1.178097 3.200000
# best = 3 = RSR
LSL 14.53 0 (4.470169 5.105454 4.954609)
LSR 9.35 0 (4.994822 2.498000 1.853228)
RSL 10.92 0 (2.638626 2.497999 5.780220)
RSR 4.70 0 (2.478538 1.553815 0.663054)
RLR 14.11 0 (5.221178 5.485279 3.405693)
LRL inf 1 (inf inf inf)

# 1.963495 -1.178097 3.600000
# best = 3 = RSR
LSL 14.93 0 (4.459269 5.501260 4.965510)
LSR 9.67 0 (4.908721 2.993326 1.767128)
RSL 11.24 0 (2.552526 2.993326 5.694119)
RSR 5.05 0 (2.375312 1.912102 0.766280)
RLR 13.71 0 (5.018499 5.286375 3.409467)
LRL inf 1 (inf inf inf)

# 1.963495 -1.178097 4.000000
# best = 3 = RSR
LSL 15.32 0 (4.449833 5.897633 4.974946)
LSR 10.01 0 (4.843289 3.464102 1.701696)
RSL 11.58 0 (2.487094 3.464101 5.628687)
RSR 5.43 0 (2.305162 2.284278 0.836430)
RLR 13.28 0 (4.838947 5.067569 3.370214)
LRL inf 1 (inf inf inf)

# 1.963495 -1.178097 4.400000
# best = 3 = RSR
LSL 15.72 0 (4.441586 6.294464 4.983193)
LSR 10.36 0 (4.791552 3.919184 1.649959)
RSL 11.93 0 (2.435357 3.919183 5.576950)
RSR 5.81 0 (2.254842 2.664530 0.886750)
RLR 12.79 0 (4.667423 4.825163 3.299331)
LRL inf 1 (inf inf inf)

# 1.963495 -1.178097 4.800000
# best = 3 = RSR
LSL 16.12 0 (4.434317 6.691673 4.990461)
LSR 10.72 0 (4.749466 4.363485 1.607872)
RSL 12.29 0 (2.393270 4.363485 5.534864)
RSR 6.19 0 (2.217160 3.049838 0.924432)
RLR 12.24 0 (4.491647 4.548974 3.198919)
LRL inf 1 (inf inf inf)

# 1.963495 -1.178097 5.200000
# best = 3 = RSR
LSL 16.51 0 (4.427864 7.089196 4.996915)
LSR 11.09 0 (4.714481 4.800000 1.572888)
RSL 12.66 0 (2.358286 4.800000 5.499879)
RSR 6.58 0 (2.187962 3.438503 0.953630)
RLR 11.57 0 (4.295018 4.214112 3.060685)
LRL inf 1 (inf inf inf)

# 1.963495 -1.178097 5.600000
# best = 3 = RSR
LSL 16.91 0 (4.422096 7.486982 5.002683)
LSR 11.46 0 (4.684897 5.230679 1.543304)
RSL 13.03 0 (2.328702 5.230678 5.470295)
RSR 6.97 0 (2.164711 3.829504 0.976881)
RLR 10.60 0 (4.028527 3.727633 2.840698)
LRL inf 1 (inf inf inf)

# 1.963495 -1.178097 6.000000
# best = 3 = RSR
LSL 17.31 0 (4.416910 7.884993 5.007869)
LSR 11.83 0 (4.659527 5.656855 1.517934)
RSL 13.41 0 (2.303332 5.656854 5.444925)
RSR 7.36 0 (2.145775 4.222190 0.995817)
RLR inf 1 (inf inf inf)
LRL inf 1 (inf inf inf)

# 1.963495 -1.178097 6.400000
# best = 3 = RSR
LSL 17.71 0 (4.412222 8.283195 5.012556)
LSR 12.21 0 (4.637514 6.079474 1.495921)
RSL 13.78 0 (2.281319 6.079473 5.422912)
RSR 7.76 0 (2.130067 4.616133 1.011525)
RLR inf 1 (inf inf inf)
LRL inf 1 (inf inf inf)

# 1.963495 -1.178097 6.800000
# best = 3 = RSR
LSL 18.11 0 (4.407965 8.681562 5.016814)
LSR 12.59 0 (4.618222 6.499231 1.476629)
RSL 14.16 0 (2.262027 6.499230 5.403620)
RSR 8.15 0 (2.116831 5.011035 1.024761)
RLR inf 1 (inf inf inf)
LRL inf 1 (inf inf inf)

# 1.963495 -1.178097 7.200000
# best = 3 = RSR
LSL 18.50 0 (4.404081 9.080073 5.020697)
LSR 12.98 0 (4.601170 6.916647 1.459577)
RSL 14.55 0 (2.244975 6.916646 5.386568)
RSR 8.55 0 (2.105531 5.406687 1.036061)
RLR inf 1 (inf inf inf)
LRL inf 1 (inf inf inf)

# 1.963495 -1.178097 7.600000
# best = 3 = RSR
LSL 18.90 0 (4.400524 9.478710 5.024254)
LSR 13.36 0 (4.585984 7.332121 1.444391)
RSL 14.93 0 (2.229789 7.332121 5.371382)
RSR 8.94 0 (2.095773 5.802936 1.045819)
RLR inf 1 (inf inf inf)
LRL inf 1 (inf inf inf)

# 1.963495 -1.178097 8.000000
# best = 3 = RSR
LSL 19.30 0 (4.397254 9.877456 5.027524)
LSR 13.75 0 (4.572370 7.745967 1.430777)
RSL 15.32 0 (2.216175 7.745966 5.357768)
RSR 9.34 0 (2.087264 6.199666 1.054328)
RLR inf 1 (inf inf inf)
LRL inf 1 (inf inf inf)

# 2.356194 -1.178097 0.400000
# best = 5 = LRL
LSL 11.34 0 (4.419474 2.304897 4.612605)
LSR inf 1 (inf inf inf)
RSL inf 1 (inf inf inf)
RSR 11.46 0 (4.773154 1.644071 5.044323)
RLR 8.12 0 (1.207991 5.436045 1.479160)
LRL 6.58 0 (0.663780 5.054983 0.856912)

# 2.356194 -1.178097 0.800000
# best = 5 = LRL
LSL 11.70 0 (4.348423 2.664083 4.683656)
LSR inf 1 (inf inf inf)
RSL inf 1 (inf inf inf)
RSR 11.19 0 (4.578456 1.370467 5.239020)
RLR 8.42 0 (1.087162 5.583783 1.747727)
LRL 6.12 0 (0.477969 4.825463 0.813202)

# 2.356194 -1.178097 1.200000
# best = 5 = LRL
LSL 12.07 0 (4.294457 3.033501 4.737622)
LSR inf 1 (inf inf inf)
RSL inf 1 (inf inf inf)
RSR 10.99 0 (4.303591 1.171918 5.513885)
RLR 8.63 0 (0.864657 5.688502 2.074951)
LRL 5.59 0 (0.292048 4.561552 0.735213)

# 2.356194 -1.178097 1.600000
# best = 5 = LRL
LSL 12.44 0 (4.252302 3.409826 4.779778)
LSR inf 1 (inf inf inf)
RSL inf 1 (inf inf inf)
RSR 10.91 0 (3.955416 1.090231 5.862060)
RLR 8.71 0 (0.537773 5.731085 2.444417)
LRL 4.95 0 (0.090042 4.241852 0.617519)

# 2.356194 -1.178097 2.000000
# best = 2 = RSL
LSL 12.82 0 (4.218573 3.791003 4.813507)
LSR inf 1 (inf inf inf)
RSL 4.68 0 (3.604820 1.009619 0.070529)
RSR 10.97 0 (3.600499 1.150571 6.216978)
RLR 8.65 0 (0.167141 5.699656 2.783620)
LRL 10.33 0 (6.114056 3.790965 0.425804)

# 2.356194 -1.178097 2.400000
# best = 3 = RSR
LSL 13.21 0 (4.191032 4.175703 4.841047)
LSR 8.60 0 (5.208542 0.933667 2.459648)
RSL 11.15 0 (3.340541 1.718356 6.089435)
RSR 4.87 0 (3.312481 1.333801 0.221810)
RLR 14.74 0 (6.114112 5.603264 3.023442)
LRL inf 1 (inf inf inf)

# 2.356194 -1.178097 2.800000
# best = 3 = RSR
LSL 13.60 0 (4.168152 4.563035 4.863927)
LSR 8.77 0 (4.927936 1.666828 2.179042)
RSL 11.40 0 (3.183023 2.281702 5.931917)
RSR 5.13 0 (3.106533 1.598197 0.427758)
RLR 14.46 0 (5.837101 5.461135 3.158325)
LRL inf 1 (inf inf inf)

# 2.356194 -1.178097 3.200000
# best = 3 = RSR
LSL 13.98 0 (4.148861 4.952381 4.883219)
LSR 9.02 0 (4.764799 2.237163 2.015905)
RSL 11.68 0 (3.072940 2.789190 5.821835)
RSR 5.44 0 (2.963267 1.910352 0.571024)
RLR 14.11 0 (5.606952 5.287371 3.214710)
LRL inf 1 (inf inf inf)

# 2.356194 -1.178097 3.600000
# best = 3 = RSR
LSL 14.38 0 (4.132387 5.343301 4.899693)
LSR 9.30 0 (4.651734 2.747996 1.902839)
RSL 12.00 0 (2.990324 3.266956 5.739219)
RSR 5.78 0 (2.861698 2.250479 0.672593)
RLR 13.71 0 (5.405739 5.088083 3.216635)
LRL inf 1 (inf inf inf)

# 2.356194 -1.178097 4.000000
# best = 3 = RSR
LSL 14.77 0 (4.118162 5.735473 4.913917)
LSR 9.61 0 (4.567268 3.227702 1.818373)
RSL 12.33 0 (2.925557 3.726449 5.674451)
RSR 6.14 0 (2.787348 2.607655 0.746943)
RLR 13.26 0 (5.218835 4.862974 3.178430)
LRL inf 1 (inf inf inf)

# 2.356194 -1.178097 4.400000
# best = 3 = RSR
LSL 15.16 0 (4.105761 6.128657 4.926319)
LSR 9.94 0 (4.501251 3.688447 1.752356)
RSL 12.67 0 (2.873211 4.173708 5.622105)
RSR 6.51 0 (2.731142 2.975748 0.803149)
RLR 12.74 0 (5.033792 4.605300 3.105799)
LRL inf 1 (inf inf inf)

# 2.356194 -1.178097 4.800000
# best = 3 = RSR
LSL 15.55 0 (4.094856 6.522671 4.937224)
LSR 10.28 0 (4.448013 4.136572 1.699118)
RSL 13.02 0 (2.829924 4.612294 5.578818)
RSR 6.89 0 (2.687415 3.351162 0.846876)
RLR 12.13 0 (4.835783 4.296737 2.995245)
LRL inf 1 (inf inf inf)

# 2.356194 -1.178097 5.200000
# best = 3 = RSR
LSL 15.95 0 (4.085194 6.917371 4.946885)
LSR 10.64 0 (4.404063 4.575785 1.655169)
RSL 13.38 0 (2.793478 5.044469 5.542372)
RSR 7.27 0 (2.652550 3.731689 0.881741)
RLR 11.29 0 (4.591698 3.878296 2.820889)
LRL inf 1 (inf inf inf)

# 2.356194 -1.178097 5.600000
# best = 3 = RSR
LSL 16.34 0 (4.076577 7.312647 4.955503)
LSR 10.99 0 (4.367110 5.008432 1.618215)
RSL 13.75 0 (2.762338 5.471754 5.511232)
RSR 7.65 0 (2.624165 4.115909 0.910126)
RLR inf 1 (inf inf inf)
LRL inf 1 (inf inf inf)

# 2.356194 -1.178097 6.000000
# best = 3 = RSR
LSL 16.74 0 (4.068843 7.708411 4.963236)
LSR 11.36 0 (4.335572 5.436081 1.586678)
RSL 14.11 0 (2.735405 5.895211 5.484300)
RSR 8.04 0 (2.600642 4.502879 0.933649)
RLR inf 1 (inf inf inf)
LRL inf 1 (inf inf inf)

# 2.356194 -1.178097 6.400000
# best = 3 = RSR
LSL 17.14 0 (4.061866 8.104591 4.970214)
LSR 11.73 0 (4.308321 5.859825 1.559427)
RSL 14.49 0 (2.711870 6.315610 5.460764)
RSR 8.43 0 (2.580851 4.891946 0.953440)
RLR inf 1 (inf inf inf)
LRL inf 1 (inf inf inf)

# 2.356194 -1.178097 6.800000
# best = 3 = RSR
LSL 17.53 0 (4.055539 8.501128 4.976541)
LSR 12.10 0 (4.284526 6.280457 1.535632)
RSL 14.86 0 (2.691118 6.733524 5.440013)
RSR 8.82 0 (2.563982 5.282645 0.970309)
RLR inf 1 (inf inf inf)
LRL inf 1 (inf inf inf)

# 2.356194 -1.178097 7.200000
# best = 3 = RSR
LSL 17.93 0 (4.049776 8.897975 4.982304)
LSR 12.48 0 (4.263561 6.698561 1.514667)
RSL 15.24 0 (2.672679 7.149389 5.421574)
RSR 9.21 0 (2.549440 5.674641 0.984851)
RLR inf 1 (inf inf inf)
LRL inf 1 (inf inf inf)

# 2.356194 -1.178097 7.600000
# best = 3 = RSR
LSL 18.33 0 (4.044505 9.295093 4.987574)
LSR 12.86 0 (4.244944 7.114584 1.496049)
RSL 15.62 0 (2.656183 7.563543 5.405078)
RSR 9.60 0 (2.536780 6.067682 0.997511)
RLR inf 1 (inf inf inf)
LRL inf 1 (inf inf inf)

# 2.356194 -1.178097 8.000000
# best = 3 = RSR
LSL 18.72 0 (4.039667 9.692448 4.992413)
LSR 13.24 0 (4.228297 7.528870 1.479403)
RSL 16.01 0 (2.641336 7.976252 5.390230)
RSR 10.00 0 (2.525661 6.461577 1.008630)
RLR inf 1 (inf inf inf)
LRL inf 1 (inf inf inf)

# 2.748894 -1.178097 0.400000
# best = 5 = LRL
LSL 10.79 0 (4.187709 2.149294 4.451671)
LSR inf 1 (inf inf inf)
RSL inf 1 (inf inf inf)
RSR 11.80 0 (4.926279 1.590271 5.283898)
RLR 8.57 0 (1.375821 5.465456 1.733440)
LRL 6.37 0 (0.478856 5.148665 0.742818)

# 2.748894 -1.178097 0.800000
# best = 5 = LRL
LSL 11.12 0 (4.089457 2.478853 4.549923)
LSR inf 1 (inf inf inf)
RSL inf 1 (inf inf inf)
RSR 11.61 0 (4.689554 1.401326 5.520623)
RLR 8.78 0 (1.190036 5.567336 2.021105)
LRL 5.97 0 (0.279487 4.946431 0.739953)

# 2.748894 -1.178097 1.200000
# best = 5 = LRL
LSL 11.47 0 (4.014800 2.826652 4.624580)
LSR inf 1 (inf inf inf)
RSL inf 1 (inf inf inf)
RSR 11.52 0 (4.401070 1.310902 5.809107)
RLR 8.87 0 (0.925582 5.615395 2.333619)
LRL 5.50 0 (0.088436 4.713644 0.698217)

# 2.748894 -1.178097 1.600000
# best = 2 = RSL
LSL 11.83 0 (3.956748 3.186725 4.682632)
LSR inf 1 (inf inf inf)
RSL 5.27 0 (4.129205 0.936811 0.202214)
RSR 11.55 0 (4.098769 1.339109 6.111408)
RLR 8.84 0 (0.615807 5.600448 2.628446)
LRL 11.24 0 (6.176556 4.439617 0.619255)

# 2.748894 -1.178097 2.000000
# best = 3 = RSR
LSL 12.19 0 (3.910603 3.555343 4.728776)
LSR inf 1 (inf inf inf)
RSL 11.69 0 (3.837205 1.658485 6.193400)
RSR 5.41 0 (3.831759 1.479177 0.095232)
RLR 8.70 0 (0.311379 5.525610 2.858037)
LRL 10.54 0 (5.957398 4.093589 0.492386)

# 2.748894 -1.178097 2.400000
# best = 3 = RSR
LSL 12.57 0 (3.873192 3.930103 4.766188)
LSR inf 1 (inf inf inf)
RSL 11.91 0 (3.663414 2.223405 6.019609)
RSR 5.63 0 (3.622862 1.703735 0.304129)
RLR 8.45 0 (0.041276 5.403198 3.005728)
LRL 9.39 0 (5.631206 3.516028 0.241017)

# 2.748894 -1.178097 2.800000
# best = 3 = RSR
LSL 12.95 0 (3.842329 4.309404 4.797051)
LSR 8.44 0 (4.806793 1.181138 2.450598)
RSL 12.17 0 (3.541634 2.730657 5.897828)
RSR 5.91 0 (3.467650 1.984304 0.459341)
RLR 14.42 0 (6.090169 5.245038 3.081860)
LRL inf 1 (inf inf inf)

# 2.748894 -1.178097 3.200000
# best = 3 = RSR
LSL 13.33 0 (3.816479 4.692144 4.822900)
LSR 8.61 0 (4.563870 1.833611 2.207676)
RSL 12.46 0 (3.450073 3.207716 5.806268)
RSR 6.23 0 (3.352910 2.300481 0.574081)
RLR 14.04 0 (5.881751 5.057683 3.102923)
LRL inf 1 (inf inf inf)

# 2.748894 -1.178097 3.600000
# best = 3 = RSR
LSL 13.72 0 (3.794541 5.077545 4.844839)
LSR 8.84 0 (4.408929 2.376799 2.052735)
RSL 12.78 0 (3.378222 3.666388 5.734416)
RSR 6.57 0 (3.266733 2.639501 0.660258)
RLR 13.61 0 (5.687673 4.841880 3.081198)
LRL inf 1 (inf inf inf)

# 2.748894 -1.178097 4.000000
# best = 3 = RSR
LSL 14.10 0 (3.775706 5.465045 4.863674)
LSR 9.11 0 (4.297571 2.873363 1.941377)
RSL 13.11 0 (3.320124 4.112828 5.676318)
RSR 6.92 0 (3.200544 2.993612 0.726447)
RLR 13.11 0 (5.496485 4.591883 3.022389)
LRL inf 1 (inf inf inf)

# 2.748894 -1.178097 4.400000
# best = 3 = RSR
LSL 14.49 0 (3.759370 5.854226 4.880010)
LSR 9.41 0 (4.212625 3.344138 1.856431)
RSL 13.45 0 (3.272073 4.550639 5.628268)
RSR 7.29 0 (3.148532 3.358045 0.778459)
RLR 12.51 0 (5.293741 4.290420 2.923669)
LRL inf 1 (inf inf inf)

# 2.748894 -1.178097 4.800000
# best = 3 = RSR
LSL 14.88 0 (3.745074 6.244775 4.894306)
LSR 9.73 0 (4.145307 3.798724 1.789113)
RSL 13.80 0 (3.231619 4.982095 5.587814)
RSR 7.66 0 (3.106792 3.729774 0.820199)
RLR 11.69 0 (5.047267 3.880950 2.760674)
LRL inf 1 (inf inf inf)

# 2.748894 -1.178097 5.200000
# best = 3 = RSR
LSL 15.28 0 (3.732463 6.636450 4.906917)
LSR 10.07 0 (4.090478 4.242328 1.734284)
RSL 14.16 0 (3.197062 5.408718 5.553257)
RSR 8.03 0 (3.072666 4.106819 0.854325)
RLR inf 1 (inf inf inf)
LRL inf 1 (inf inf inf)

# 2.748894 -1.178097 5.600000
# best = 3 = RSR
LSL 15.67 0 (3.721259 7.029062 4.918121)
LSR 10.41 0 (4.044875 4.678075 1.688681)
RSL 14.52 0 (3.167183 5.831568 5.523377)
RSR 8.41 0 (3.044306 4.487841 0.882685)
RLR inf 1 (inf inf inf)
LRL inf 1 (inf inf inf)

# 2.748894 -1.178097 6.000000
# best = 3 = RSR
LSL 16.06 0 (3.711242 7.422463 4.928138)
LSR 10.76 0 (4.006306 5.107977 1.650112)
RSL 14.89 0 (3.141080 6.251411 5.497274)
RSR 8.80 0 (3.020401 4.871906 0.906590)
RLR inf 1 (inf inf inf)
LRL inf 1 (inf inf inf)

# 2.748894 -1.178097 6.400000
# best = 3 = RSR
LSL 16.46 0 (3.702233 7.816535 4.937146)
LSR 11.12 0 (3.973234 5.533396 1.617040)
RSL 15.26 0 (3.118073 6.668816 5.474268)
RSR 9.19 0 (2.999999 5.258347 0.926992)
RLR inf 1 (inf inf inf)
LRL inf 1 (inf inf inf)

# 2.748894 -1.178097 6.800000
# best = 3 = RSR
LSL 16.85 0 (3.694091 8.211179 4.945289)
LSR 11.49 0 (3.944547 5.955293 1.588353)
RSL 15.64 0 (3.097638 7.084212 5.453832)
RSR 9.57 0 (2.982396 5.646677 0.944595)
RLR inf 1 (inf inf inf)
LRL inf 1 (inf inf inf)

# 2.748894 -1.178097 7.200000
# best = 3 = RSR
LSL 17.25 0 (3.686695 8.606318 4.952685)
LSR 11.86 0 (3.919418 6.374367 1.563223)
RSL 16.01 0 (3.079363 7.497934 5.435557)
RSR 9.96 0 (2.967063 6.036532 0.959928)
RLR inf 1 (inf inf inf)
LRL inf 1 (inf inf inf)

# 2.748894 -1.178097 7.600000
# best = 3 = RSR
LSL 17.64 0 (3.679949 9.001887 4.959431)
LSR 12.23 0 (3.897216 6.791141 1.541021)
RSL 16.39 0 (3.062919 7.910245 5.419114)
RSR 10.35 0 (2.953593 6.427633 0.973398)
RLR inf 1 (inf inf inf)
LRL inf 1 (inf inf inf)

# 2.748894 -1.178097 8.000000
# best = 3 = RSR
LSL 18.04 0 (3.673771 9.397830 4.965608)
LSR 12.60 0 (3.877454 7.206014 1.521260)
RSL 16.77 0 (3.048044 8.321354 5.404238)
RSR 10.75 0 (2.941671 6.819766 0.985320)
RLR inf 1 (inf inf inf)
LRL inf 1 (inf inf inf)

# 3.141593 -1.178097 0.400000
# best = 5 = LRL
LSL 10.16 0 (3.948714 1.914281 4.297967)
LSR inf 1 (inf inf inf)
RSL inf 1 (inf inf inf)
RSR 12.08 0 (5.074562 1.478602 5.528313)
RLR 9.09 0 (1.554337 5.525920 2.008088)
LRL 6.25 0 (0.308096 5.285134 0.657349)

# 3.141593 -1.178097 0.800000
# best = 5 = LRL
LSL 10.46 0 (3.817598 2.209881 4.429082)
LSR inf 1 (inf inf inf)
RSL inf 1 (inf inf inf)
RSR 11.99 0 (4.801744 1.388222 5.801131)
RLR 9.19 0 (1.305722 5.574326 2.305109)
LRL 5.91 0 (0.090681 5.112536 0.702165)

# 3.141593 -1.178097 1.200000
# best = 2 = RSL
LSL 10.78 0 (3.718683 2.534300 4.527998)
LSR inf 1 (inf inf inf)
RSL 5.73 0 (4.554078 0.944428 0.234388)
RSR 12.01 0 (4.515283 1.409985 6.087592)
RLR 9.16 0 (1.013453 5.562711 2.585763)
LRL 11.79 0 (6.174110 4.910855 0.700240)

# 3.141593 -1.178097 1.600000
# best = 3 = RSR
LSL 11.12 0 (3.642776 2.877808 4.603904)
LSR inf 1 (inf inf inf)
RSL 12.14 0 (4.259908 1.658629 6.223404)
RSR 5.86 0 (4.257587 1.539141 0.062103)
RLR 9.02 0 (0.721019 5.493235 2.808721)
LRL 11.32 0 (5.981356 4.677159 0.659299)

# 3.141593 -1.178097 2.000000
# best = 3 = RSR
LSL 11.48 0 (3.583321 3.234329 4.663360)
LSR inf 1 (inf inf inf)
RSL 12.35 0 (4.082891 2.220395 6.046386)
RSR 6.07 0 (4.051031 1.752099 0.268659)
RLR 8.79 0 (0.456038 5.376385 2.956852)
LRL 10.76 0 (5.783175 4.399708 0.580029)

# 3.141593 -1.178097 2.400000
# best = 3 = RSR
LSL 11.85 0 (3.535802 3.599998 4.710878)
LSR inf 1 (inf inf inf)
RSL 12.61 0 (3.958252 2.725666 5.921748)
RSR 6.34 0 (3.894319 2.022560 0.425371)
RLR 8.48 0 (0.222603 5.222938 3.036840)
LRL 10.05 0 (5.557627 4.043648 0.449517)

# 3.141593 -1.178097 2.800000
# best = 3 = RSR
LSL 12.22 0 (3.497117 3.972290 4.749564)
LSR inf 1 (inf inf inf)
RSL 12.89 0 (3.864287 3.201306 5.827783)
RSR 6.65 0 (3.776716 2.330589 0.542974)
RLR 8.11 0 (0.013141 5.039221 3.062585)
LRL 8.72 0 (5.185688 3.377142 0.154950)

# 3.141593 -1.178097 3.200000
# best = 3 = RSR
LSL 12.60 0 (3.465100 4.349505 4.781580)
LSR 8.12 0 (4.418733 1.249721 2.455238)
RSL 13.20 0 (3.790423 3.658888 5.753918)
RSR 6.98 0 (3.687490 2.663182 0.632200)
RLR 13.97 0 (6.100523 4.826066 3.045233)
LRL inf 1 (inf inf inf)

# 3.141593 -1.178097 3.600000
# best = 3 = RSR
LSL 12.98 0 (3.438216 4.730465 4.808464)
LSR 8.29 0 (4.184033 1.882206 2.220538)
RSL 13.53 0 (3.730629 4.104457 5.694124)
RSR 7.33 0 (3.618491 3.012215 0.701199)
RLR 13.48 0 (5.907393 4.577803 2.990101)
LRL inf 1 (inf inf inf)

# 3.141593 -1.178097 4.000000
# best = 3 = RSR
LSL 13.36 0 (3.415354 5.114333 4.831327)
LSR 8.52 0 (4.030839 2.417353 2.067344)
RSL 13.87 0 (3.681138 4.541549 5.644633)
RSR 7.69 0 (3.564022 3.372586 0.755668)
RLR 12.87 0 (5.702506 4.276968 2.894152)
LRL inf 1 (inf inf inf)

# 3.141593 -1.178097 4.400000
# best = 3 = RSR
LSL 13.75 0 (3.395692 5.500500 4.850989)
LSR 8.79 0 (3.919589 2.909380 1.956093)
RSL 14.21 0 (3.639449 4.972401 5.602944)
RSR 8.06 0 (3.520172 3.741020 0.799518)
RLR 12.05 0 (5.452786 3.865228 2.732132)
LRL inf 1 (inf inf inf)

# 3.141593 -1.178097 4.800000
# best = 3 = RSR
LSL 14.14 0 (3.378616 5.888515 4.868065)
LSR 9.08 0 (3.834198 3.377186 1.870703)
RSL 14.57 0 (3.603823 5.398507 5.567318)
RSR 8.44 0 (3.484240 4.115353 0.835450)
RLR inf 1 (inf inf inf)
LRL inf 1 (inf inf inf)

# 3.141593 -1.178097 5.200000
# best = 3 = RSR
LSL 14.52 0 (3.363654 6.278034 4.883026)
LSR 9.40 0 (3.766246 3.829658 1.802751)
RSL 14.93 0 (3.573010 5.820909 5.536506)
RSR 8.81 0 (3.454332 4.494110 0.865358)
RLR inf 1 (inf inf inf)
LRL inf 1 (inf inf inf)

# 3.141593 -1.178097 5.600000
# best = 3 = RSR
LSL 14.92 0 (3.350444 6.668794 4.896237)
LSR 9.73 0 (3.710734 4.271672 1.747239)
RSL 15.30 0 (3.546088 6.240360 5.509583)
RSR 9.20 0 (3.429091 4.876261 0.890599)
RLR inf 1 (inf inf inf)
LRL inf 1 (inf inf inf)

# 3.141593 -1.178097 6.000000
# best = 3 = RSR
LSL 15.31 0 (3.338697 7.060589 4.907983)
LSR 10.07 0 (3.664458 4.706174 1.700963)
RSL 15.67 0 (3.522355 6.657416 5.485850)
RSR 9.58 0 (3.407531 5.261066 0.912159)
RLR inf 1 (inf inf inf)
LRL inf 1 (inf inf inf)

# 3.141593 -1.178097 6.400000
# best = 3 = RSR
LSL 15.70 0 (3.328187 7.453256 4.918493)
LSR 10.42 0 (3.625250 5.135073 1.661755)
RSL 16.04 0 (3.501272 7.072503 5.464767)
RSR 9.97 0 (3.388917 5.647983 0.930773)
RLR inf 1 (inf inf inf)
LRL inf 1 (inf inf inf)

# 3.141593 -1.178097 6.800000
# best = 3 = RSR
LSL 16.09 0 (3.318730 7.846663 4.927950)
LSR 10.78 0 (3.591583 5.559664 1.628088)
RSL 16.41 0 (3.482416 7.485947 5.445912)
RSR 10.36 0 (3.372694 6.036606 0.946996)
RLR inf 1 (inf inf inf)
LRL inf 1 (inf inf inf)

# 3.141593 -1.178097 7.200000
# best = 3 = RSR
LSL 16.49 0 (3.310177 8.240705 4.936504)
LSR 11.14 0 (3.562346 5.980867 1.598851)
RSL 16.79 0 (3.465450 7.898006 5.428945)
RSR 10.75 0 (3.358438 6.426625 0.961252)
RLR inf 1 (inf inf inf)
LRL inf 1 (inf inf inf)

# 3.141593 -1.178097 7.600000
# best = 3 = RSR
LSL 16.88 0 (3.302405 8.635296 4.944276)
LSR 11.51 0 (3.536710 6.399348 1.573215)
RSL 17.17 0 (3.450101 8.308887 5.413597)
RSR 11.14 0 (3.345815 6.817801 0.973875)
RLR inf 1 (inf inf inf)
LRL inf 1 (inf inf inf)

# 3.141593 -1.178097 8.000000
# best = 3 = RSR
LSL 17.28 0 (3.295312 9.030362 4.951369)
LSR 11.88 0 (3.514043 6.815611 1.550547)
RSL 17.55 0 (3.436148 8.718756 5.399644)
RSR 11.53 0 (3.334563 7.209945 0.985127)
RLR inf 1 (inf inf inf)
LRL inf 1 (inf inf inf)

# -3.141593 -0.785398 0.400000
# best = 5 = LRL
LSL 10.67 0 (4.137049 2.034674 4.502331)
LSR inf 1 (inf inf inf)
RSL inf 1 (inf inf inf)
RSR 11.94 0 (4.890384 1.734511 5.319792)
RLR 8.42 0 (1.300276 5.386156 1.729684)
LRL 6.50 0 (0.461819 5.215910 0.827101)

# -3.141593 -0.785398 0.800000
# best = 5 = LRL
LSL 10.92 0 (3.989135 2.277188 4.650246)
LSR inf 1 (inf inf inf)
RSL inf 1 (inf inf inf)
RSR 11.92 0 (4.658027 1.709632 5.552149)
RLR 8.44 0 (1.074810 5.399938 1.968932)
LRL 6.22 0 (0.241891 5.071884 0.903003)

# -3.141593 -0.785398 1.200000
# best = 5 = LRL
LSL 11.20 0 (3.871710 2.559545 4.767670)
LSR inf 1 (inf inf inf)
RSL inf 1 (inf inf inf)
RSR 11.99 0 (4.431303 1.776839 5.778873)
RLR 8.37 0 (0.829418 5.362601 2.176988)
LRL 5.86 0 (0.035768 4.894485 0.931727)

# -3.141593 -0.785398 1.600000
# best = 2 = RSL
LSL 11.51 0 (3.778621 2.870010 4.860760)
LSR inf 1 (inf inf inf)
RSL 5.87 0 (4.303108 1.186813 0.376118)
RSR 12.14 0 (4.230476 1.926518 5.979700)
RLR 8.20 0 (0.586370 5.278159 2.335594)
LRL 11.72 0 (6.120003 4.682765 0.918957)

# -3.141593 -0.785398 2.000000
# best = 2 = RSL
LSL 11.84 0 (3.704211 3.200413 4.935170)
LSR inf 1 (inf inf inf)
RSL 6.07 0 (4.074311 1.847758 0.147321)
RSR 12.35 0 (4.064194 2.141445 6.145981)
RLR 7.95 0 (0.357666 5.153315 2.439453)
LRL 11.21 0 (5.918336 4.428251 0.866110)

# -3.141593 -0.785398 2.400000
# best = 2 = RSL
LSL 12.18 0 (3.643991 3.545184 4.995389)
LSR inf 1 (inf inf inf)
RSL 6.33 0 (3.931178 2.395808 0.004188)
RSR 12.61 0 (3.931171 2.404184 6.279005)
RLR 7.63 0 (0.144769 4.993567 2.492603)
LRL 10.57 0 (5.696299 4.104616 0.764512)

# -3.141593 -0.785398 2.800000
# best = 3 = RSR
LSL 12.54 0 (3.594590 3.900515 5.044791)
LSR 7.37 0 (4.522514 0.682635 2.166319)
RSL 12.91 0 (3.829342 2.895787 6.185537)
RSR 6.63 0 (3.825814 2.700817 0.101176)
RLR 13.53 0 (6.226165 4.800702 2.501527)
LRL 9.53 0 (5.388882 3.588584 0.555897)

# -3.141593 -0.785398 3.200000
# best = 3 = RSR
LSL 12.90 0 (3.553519 4.263766 5.085861)
LSR 7.52 0 (4.180528 1.516676 1.824333)
RSL 13.23 0 (3.752131 3.369164 6.108326)
RSR 6.95 0 (3.742037 3.021379 0.184954)
RLR 13.07 0 (6.027449 4.570825 2.470366)
LRL inf 1 (inf inf inf)

# -3.141593 -0.785398 3.600000
# best = 3 = RSR
LSL 13.27 0 (3.518946 4.633075 5.120434)
LSR 7.76 0 (4.000994 2.110597 1.644799)
RSL 13.56 0 (3.691182 3.825827 6.047377)
RSR 7.29 0 (3.674703 3.359024 0.252287)
RLR 12.51 0 (5.819462 4.289518 2.397046)
LRL inf 1 (inf inf inf)

# -3.141593 -0.785398 4.000000
# best = 3 = RSR
LSL 13.65 0 (3.489507 5.007102 5.149874)
LSR 8.04 0 (3.880047 2.632287 1.523852)
RSL 13.91 0 (3.641670 4.271140 5.997865)
RSR 7.64 0 (3.619868 3.709091 0.307122)
RLR 11.75 0 (5.574400 3.909062 2.261653)
LRL inf 1 (inf inf inf)

# -3.141593 -0.785398 4.400000
# best = 3 = RSR
LSL 14.02 0 (3.464178 5.384864 5.175202)
LSR 8.34 0 (3.791041 3.118213 1.434846)
RSL 14.27 0 (3.600564 4.708325 5.956759)
RSR 8.00 0 (3.574601 4.068375 0.352389)
RLR inf 1 (inf inf inf)
LRL inf 1 (inf inf inf)

# -3.141593 -0.785398 4.800000
# best = 3 = RSR
LSL 14.41 0 (3.442183 5.765626 5.197198)
LSR 8.67 0 (3.722148 3.582955 1.365953)
RSL 14.63 0 (3.565842 5.139456 5.922037)
RSR 8.36 0 (3.536745 4.434635 0.390246)
RLR inf 1 (inf inf inf)
LRL inf 1 (inf inf inf)

# -3.141593 -0.785398 5.200000
# best = 3 = RSR
LSL 14.79 0 (3.422920 6.148831 5.216460)
LSR 9.01 0 (3.666977 4.033842 1.310782)
RSL 14.99 0 (3.536096 5.565940 5.892291)
RSR 8.73 0 (3.504702 4.806277 0.422288)
RLR inf 1 (inf inf inf)
LRL inf 1 (inf inf inf)

# -3.141593 -0.785398 5.600000
# best = 3 = RSR
LSL 15.17 0 (3.405924 6.534050 5.233457)
LSR 9.36 0 (3.621673 4.475064 1.265478)
RSL 15.37 0 (3.510311 5.988771 5.866506)
RSR 9.11 0 (3.477283 5.182144 0.449708)
RLR inf 1 (inf inf inf)
LRL inf 1 (inf inf inf)

# -3.141593 -0.785398 6.000000
# best = 3 = RSR
LSL 15.56 0 (3.390823 6.920946 5.248557)
LSR 9.72 0 (3.583740 4.909227 1.227545)
RSL 15.74 0 (3.487733 6.408671 5.843928)
RSR 9.49 0 (3.453587 5.561378 0.473403)
RLR inf 1 (inf inf inf)
LRL inf 1 (inf inf inf)

# -3.141593 -0.785398 6.400000
# best = 3 = RSR
LSL 15.95 0 (3.377324 7.309253 5.262056)
LSR 10.08 0 (3.551476 5.338054 1.195281)
RSL 16.12 0 (3.467793 6.826181 5.823988)
RSR 9.87 0 (3.432926 5.943336 0.494064)
RLR inf 1 (inf inf inf)
LRL inf 1 (inf inf inf)

# -3.141593 -0.785398 6.800000
# best = 3 = RSR
LSL 16.34 0 (3.365189 7.698758 5.274191)
LSR 10.45 0 (3.523678 5.762737 1.167483)
RSL 16.50 0 (3.450049 7.241715 5.806244)
RSR 10.25 0 (3.414768 6.327524 0.512222)
RLR inf 1 (inf inf inf)
LRL inf 1 (inf inf inf)

# -3.141593 -0.785398 7.200000
# best = 3 = RSR
LSL 16.73 0 (3.354225 8.089286 5.285156)
LSR 10.83 0 (3.499464 6.184129 1.143269)
RSL 16.88 0 (3.434153 7.655594 5.790348)
RSR 10.64 0 (3.398693 6.713559 0.528297)
RLR inf 1 (inf inf inf)
LRL inf 1 (inf inf inf)

# -3.141593 -0.785398 7.600000
# best = 3 = RSR
LSL 17.12 0 (3.344271 8.480698 5.295109)
LSR 11.20 0 (3.478174 6.602861 1.121979)
RSL 17.26 0 (3.419828 8.068073 5.776023)
RSR 11.03 0 (3.384369 7.101140 0.542621)
RLR inf 1 (inf inf inf)
LRL inf 1 (inf inf inf)

# -3.141593 -0.785398 8.000000
# best = 3 = RSR
LSL 17.51 0 (3.335196 8.872876 5.304184)
LSR 11.58 0 (3.459302 7.019408 1.103107)
RSL 17.65 0 (3.406851 8.479357 5.763046)
RSR 11.42 0 (3.371530 7.490027 0.555460)
RLR inf 1 (inf inf inf)
LRL inf 1 (inf inf inf)

# -2.748894 -0.785398 0.400000
# best = 5 = LRL
LSL 10.03 0 (3.901701 1.784631 4.344980)
LSR inf 1 (inf inf inf)
RSL inf 1 (inf inf inf)
RSR 12.24 0 (5.058783 1.632737 5.544092)
RLR 8.92 0 (1.496726 5.442257 1.982035)
LRL 6.40 0 (0.297641 5.358250 0.740920)

# -2.748894 -0.785398 0.800000
# best = 5 = LRL
LSL 10.23 0 (3.716105 1.981021 4.530576)
LSR inf 1 (inf inf inf)
RSL inf 1 (inf inf inf)
RSR 12.30 0 (4.821366 1.698909 5.781509)
RLR 8.85 0 (1.241113 5.405864 2.201256)
LRL 6.17 0 (0.056384 5.246928 0.870855)

# -2.748894 -0.785398 1.200000
# best = 2 = RSL
LSL 10.48 0 (3.568051 2.232484 4.678630)
LSR inf 1 (inf inf inf)
RSL 6.18 0 (4.682979 1.135838 0.363290)
RSR 12.45 0 (4.612405 1.851149 5.990469)
RLR 8.68 0 (0.989676 5.320912 2.367740)
LRL 12.16 0 (6.117524 5.098946 0.944918)

# -2.748894 -0.785398 1.600000
# best = 2 = RSL
LSL 10.77 0 (3.451946 2.522603 4.794735)
LSR inf 1 (inf inf inf)
RSL 6.39 0 (4.449490 1.811618 0.129800)
RSR 12.67 0 (4.441364 2.070558 6.161511)
RLR 8.43 0 (0.755681 5.195006 2.475828)
LRL 11.80 0 (5.911148 4.918403 0.970751)

# -2.748894 -0.785398 2.000000
# best = 3 = RSR
LSL 11.09 0 (3.360742 2.839553 4.885939)
LSR inf 1 (inf inf inf)
RSL 12.94 0 (4.306282 2.365120 6.269778)
RSR 6.66 0 (4.306205 2.338306 0.013484)
RLR 8.11 0 (0.540255 5.034470 2.530719)
LRL 11.37 0 (5.712995 4.704506 0.955007)

# -2.748894 -0.785398 2.400000
# best = 3 = RSR
LSL 11.42 0 (3.288323 3.175311 4.958358)
LSR inf 1 (inf inf inf)
RSL 13.24 0 (4.205268 2.868035 6.168764)
RSR 6.96 0 (4.200313 2.639722 0.119376)
RLR 7.72 0 (0.337994 4.841733 2.540242)
LRL 10.86 0 (5.512838 4.449030 0.899688)

# -2.748894 -0.785398 2.800000
# best = 4 = RLR
LSL 11.77 0 (3.229996 3.524506 5.016686)
LSR inf 1 (inf inf inf)
RSL 13.56 0 (4.129070 3.343270 6.092566)
RSR 7.28 0 (4.116850 2.964557 0.202840)
RLR 7.26 0 (0.140491 4.613654 2.509667)
LRL 10.22 0 (5.293349 4.126707 0.796854)

# -2.748894 -0.785398 3.200000
# best = 1 = LSR
LSL 12.13 0 (3.182314 3.883514 5.064367)
LSR 6.91 0 (4.082227 0.707091 2.118731)
RSL 13.90 0 (4.069126 3.801222 6.032622)
RSR 7.63 0 (4.050233 3.305912 0.269456)
RLR 12.99 0 (6.219003 4.337540 2.438226)
LRL 9.21 0 (4.995036 3.625444 0.593904)

# -2.748894 -0.785398 3.600000
# best = 1 = LSR
LSL 12.50 0 (3.142775 4.249849 5.103906)
LSR 7.07 0 (3.752055 1.532366 1.788559)
RSL 14.25 0 (4.020552 4.247484 5.984048)
RSR 7.98 0 (3.996276 3.659169 0.323413)
RLR 12.27 0 (5.982876 3.973199 2.310012)
LRL inf 1 (inf inf inf)

# -2.748894 -0.785398 4.000000
# best = 1 = LSR
LSL 12.87 0 (3.109554 4.621770 5.137127)
LSR 7.32 0 (3.578310 2.125162 1.614814)
RSL 14.61 0 (3.980299 4.685397 5.943795)
RSR 8.34 0 (3.951924 4.021191 0.367765)
RLR inf 1 (inf inf inf)
LRL inf 1 (inf inf inf)

# -2.748894 -0.785398 4.400000
# best = 1 = LSR
LSL 13.24 0 (3.081308 4.998029 5.165373)
LSR 7.61 0 (3.461418 2.646598 1.497922)
RSL 14.97 0 (3.946347 5.117107 5.909843)
RSR 8.71 0 (3.914958 4.389811 0.404732)
RLR inf 1 (inf inf inf)
LRL inf 1 (inf inf inf)

# -2.748894 -0.785398 4.800000
# best = 1 = LSR
LSL 13.62 0 (3.057033 5.377717 5.189648)
LSR 7.92 0 (3.375477 3.132515 1.411981)
RSL 15.34 0 (3.917296 5.544061 5.880792)
RSR 9.08 0 (3.883754 4.763497 0.435936)
RLR inf 1 (inf inf inf)
LRL inf 1 (inf inf inf)

# -2.748894 -0.785398 5.200000
# best = 1 = LSR
LSL 14.01 0 (3.035971 5.760154 5.210711)
LSR 8.25 0 (3.308998 3.597335 1.345502)
RSL 15.72 0 (3.892136 5.967281 5.855632)
RSR 9.46 0 (3.857111 5.141144 0.462578)
RLR inf 1 (inf inf inf)
LRL inf 1 (inf inf inf)

# -2.748894 -0.785398 5.600000
# best = 1 = LSR
LSL 14.39 0 (3.017538 6.144828 5.229143)
LSR 8.60 0 (3.255780 4.048331 1.292284)
RSL 16.09 0 (3.870125 6.387509 5.833621)
RSR 9.84 0 (3.834129 5.521940 0.485561)
RLR inf 1 (inf inf inf)
LRL inf 1 (inf inf inf)

# -2.748894 -0.785398 6.000000
# best = 1 = LSR
LSL 14.78 0 (3.001282 6.531344 5.245399)
LSR 8.95 0 (3.212090 4.489672 1.248594)
RSL 16.47 0 (3.850698 6.805300 5.814194)
RSR 10.22 0 (3.814120 5.905276 0.505569)
RLR inf 1 (inf inf inf)
LRL inf 1 (inf inf inf)

# -2.748894 -0.785398 6.400000
# best = 1 = LSR
LSL 15.17 0 (2.986846 6.919392 5.259836)
LSR 9.31 0 (3.175514 4.923954 1.212018)
RSL 16.85 0 (3.833420 7.221076 5.796916)
RSR 10.61 0 (3.796558 6.290687 0.523132)
RLR inf 1 (inf inf inf)
LRL inf 1 (inf inf inf)

# -2.748894 -0.785398 6.800000
# best = 1 = LSR
LSL 15.56 0 (2.973945 7.308730 5.272736)
LSR 9.68 0 (3.144407 5.352896 1.180911)
RSL 17.23 0 (3.817949 7.635167 5.781445)
RSR 11.00 0 (3.781027 6.677815 0.538663)
RLR inf 1 (inf inf inf)
LRL inf 1 (inf inf inf)

# -2.748894 -0.785398 7.200000
# best = 1 = LSR
LSL 15.95 0 (2.962351 7.699160 5.284330)
LSR 10.05 0 (3.117605 5.777686 1.154109)
RSL 17.62 0 (3.804014 8.047832 5.767510)
RSR 11.39 0 (3.767201 7.066376 0.552488)
RLR inf 1 (inf inf inf)
LRL inf 1 (inf inf inf)

# -2.748894 -0.785398 7.600000
# best = 1 = LSR
LSL 16.34 0 (2.951877 8.090526 5.294804)
LSR 10.42 0 (3.094260 6.199180 1.130764)
RSL 18.01 0 (3.791395 8.459281 5.754891)
RSR 11.78 0 (3.754818 7.456147 0.564871)
RLR inf 1 (inf inf inf)
LRL inf 1 (inf inf inf)

# -2.748894 -0.785398 8.000000
# best = 1 = LSR
LSL 16.73 0 (2.942371 8.482697 5.304310)
LSR 10.80 0 (3.073733 6.618006 1.110237)
RSL 18.39 0 (3.779913 8.869682 5.743409)
RSR 12.17 0 (3.743668 7.846948 0.576022)
RLR inf 1 (inf inf inf)
LRL inf 1 (inf inf inf)

# -2.356194 -0.785398 0.400000
# best = 5 = LRL
LSL 9.32 0 (3.651348 1.469693 4.202634)
LSR inf 1 (inf inf inf)
RSL inf 1 (inf inf inf)
RSR 12.47 0 (5.222144 1.469694 5.773430)
RLR 9.49 0 (1.704315 5.530711 2.255600)
LRL 6.35 0 (0.133518 5.530711 0.684804)

# -2.356194 -0.785398 0.800000
# best = 2 = RSL
LSL 9.48 0 (3.412185 1.624807 4.441797)
LSR inf 1 (inf inf inf)
RSL 6.35 0 (5.054287 0.950128 0.341898)
RSR 12.62 0 (4.982981 1.624808 6.012593)
RLR 9.32 0 (1.423095 5.446598 2.452707)
LRL 12.46 0 (6.135484 5.446598 0.881910)

# -2.356194 -0.785398 1.200000
# best = 2 = RSL
LSL 9.71 0 (3.223351 1.854723 4.630630)
LSR inf 1 (inf inf inf)
RSL 6.57 0 (4.798108 1.683483 0.085718)
RSR 12.85 0 (4.794148 1.854724 6.201426)
RLR 9.07 0 (1.170410 5.318895 2.577688)
LRL 12.21 0 (5.882799 5.318895 1.006892)

# -2.356194 -0.785398 1.600000
# best = 3 = RSR
LSL 9.99 0 (3.080033 2.135415 4.773948)
LSR inf 1 (inf inf inf)
RSL 13.13 0 (4.652509 2.255102 6.223305)
RSR 6.85 0 (4.650830 2.135416 0.061559)
RLR 8.74 0 (0.946086 5.156882 2.640000)
LRL 11.88 0 (5.658474 5.156882 1.069204)

# -2.356194 -0.785398 2.000000
# best = 3 = RSR
LSL 10.30 0 (2.971674 2.449489 4.882308)
LSR inf 1 (inf inf inf)
RSL 13.44 0 (4.552841 2.767102 6.123637)
RSR 7.16 0 (4.542471 2.449490 0.169918)
RLR 8.36 0 (0.741820 4.965069 2.652453)
LRL 11.50 0 (5.454209 4.965070 1.081657)

# -2.356194 -0.785398 2.400000
# best = 3 = RSR
LSL 10.64 0 (2.888676 2.785677 4.965306)
LSR inf 1 (inf inf inf)
RSL 13.78 0 (4.478948 3.247803 6.049744)
RSR 7.50 0 (4.459473 2.785678 0.252916)
RLR 7.91 0 (0.547484 4.742393 2.624113)
LRL 11.06 0 (5.259873 4.742394 1.053317)

# -2.356194 -0.785398 2.800000
# best = 4 = RLR
LSL 10.99 0 (2.823894 3.136877 5.030087)
LSR inf 1 (inf inf inf)
RSL 14.12 0 (4.421483 3.709393 5.992279)
RSR 7.85 0 (4.394692 3.136878 0.317698)
RLR 7.39 0 (0.351662 4.480311 2.557853)
LRL 10.53 0 (5.064050 4.480312 0.987057)

# -2.356194 -0.785398 3.200000
# best = 4 = RLR
LSL 11.35 0 (2.772326 3.498571 5.081655)
LSR inf 1 (inf inf inf)
RSL 14.48 0 (4.375301 4.158241 5.946097)
RSR 8.21 0 (4.343124 3.498571 0.369266)
RLR 6.74 0 (0.136832 4.153788 2.446160)
LRL 9.88 0 (4.849221 4.153789 0.875364)

# -2.356194 -0.785398 3.600000
# best = 1 = LSR
LSL 11.72 0 (2.730510 3.867815 5.123471)
LSR 6.33 0 (3.511708 0.881851 1.940912)
RSL 14.84 0 (4.337271 4.598080 5.908067)
RSR 8.58 0 (4.301307 3.867816 0.411082)
RLR 12.03 0 (6.129900 3.657186 2.239675)
LRL 8.89 0 (4.559104 3.657188 0.668880)

# -2.356194 -0.785398 4.000000
# best = 1 = LSR
LSL 12.10 0 (2.696031 4.242640 5.157950)
LSR 6.55 0 (3.240474 1.638991 1.669678)
RSL 15.21 0 (4.305352 5.031273 5.876148)
RSR 8.96 0 (4.266828 4.242641 0.445561)
RLR inf 1 (inf inf inf)
LRL inf 1 (inf inf inf)

# -2.356194 -0.785398 4.400000
# best = 1 = LSR
LSL 12.48 0 (2.667177 4.621687 5.186804)
LSR 6.83 0 (3.090188 2.216962 1.519392)
RSL 15.59 0 (4.278148 5.459403 5.848944)
RSR 9.33 0 (4.237975 4.621688 0.474415)
RLR inf 1 (inf inf inf)
LRL inf 1 (inf inf inf)

# -2.356194 -0.785398 4.800000
# best = 1 = LSR
LSL 12.86 0 (2.642715 5.003998 5.211266)
LSR 7.14 0 (2.988126 2.731950 1.417330)
RSL 15.96 0 (4.254666 5.883575 5.825462)
RSR 9.72 0 (4.213512 5.003999 0.498877)
RLR inf 1 (inf inf inf)
LRL inf 1 (inf inf inf)

# -2.356194 -0.785398 5.200000
# best = 1 = LSR
LSL 13.24 0 (2.621736 5.388877 5.232246)
LSR 7.47 0 (2.912781 3.214370 1.341985)
RSL 16.34 0 (4.234179 6.304588 5.804975)
RSR 10.10 0 (4.192533 5.388878 0.519856)
RLR inf 1 (inf inf inf)
LRL inf 1 (inf inf inf)

# -2.356194 -0.785398 5.600000
# best = 1 = LSR
LSL 13.63 0 (2.603560 5.775811 5.250421)
LSR 7.81 0 (2.854351 3.677065 1.283555)
RSL 16.73 0 (4.216139 6.723035 5.786935)
RSR 10.49 0 (4.174357 5.775812 0.538032)
RLR inf 1 (inf inf inf)
LRL inf 1 (inf inf inf)

# -2.356194 -0.785398 6.000000
# best = 1 = LSR
LSL 14.02 0 (2.587671 6.164414 5.266310)
LSR 8.17 0 (2.807488 4.126674 1.236692)
RSL 17.11 0 (4.200127 7.139367 5.770923)
RSR 10.88 0 (4.158469 6.164414 0.553921)
RLR inf 1 (inf inf inf)
LRL inf 1 (inf inf inf)

# -2.356194 -0.785398 6.400000
# best = 1 = LSR
LSL 14.41 0 (2.573670 6.554387 5.280311)
LSR 8.53 0 (2.768955 4.567063 1.198159)
RSL 17.50 0 (4.185815 7.553935 5.756611)
RSR 11.27 0 (4.144467 6.554388 0.567922)
RLR inf 1 (inf inf inf)
LRL inf 1 (inf inf inf)

# -2.356194 -0.785398 6.800000
# best = 1 = LSR
LSL 14.80 0 (2.561244 6.945502 5.292738)
LSR 8.90 0 (2.736654 5.000669 1.165858)
RSL 17.88 0 (4.172944 7.967014 5.743740)
RSR 11.66 0 (4.132041 6.945503 0.580348)
RLR inf 1 (inf inf inf)
LRL inf 1 (inf inf inf)

# -2.356194 -0.785398 7.200000
# best = 1 = LSR
LSL 15.19 0 (2.550143 7.337574 5.303838)
LSR 9.28 0 (2.709152 5.429118 1.138356)
RSL 18.27 0 (4.161304 8.378823 5.732100)
RSR 12.05 0 (4.120941 7.337575 0.591449)
RLR inf 1 (inf inf inf)
LRL inf 1 (inf inf inf)

# -2.356194 -0.785398 7.600000
# best = 1 = LSR
LSL 15.58 0 (2.540171 7.730459 5.313811)
LSR 9.65 0 (2.685432 5.853542 1.114636)
RSL 18.66 0 (4.150725 8.789542 5.721521)
RSR 12.44 0 (4.110968 7.730460 0.601422)
RLR inf 1 (inf inf inf)
LRL inf 1 (inf inf inf)

# -2.356194 -0.785398 8.000000
# best = 1 = LSR
LSL 15.98 0 (2.531163 8.124038 5.322818)
LSR 10.03 0 (2.664751 6.274757 1.093955)
RSL 19.05 0 (4.141067 9.199316 5.711863)
RSR 12.84 0 (4.101960 8.124039 0.610429)
RLR inf 1 (inf inf inf)
LRL inf 1 (inf inf inf)

# -1.963495 -0.785398 0.400000
# best = 2 = RSL
LSL 8.57 0 (3.367719 1.105086 4.093564)
LSR inf 1 (inf inf inf)
RSL 6.37 0 (5.496663 0.479746 0.391574)
RSR 12.64 0 (5.375476 1.252218 6.012798)
RLR 10.11 0 (1.915476 5.646370 2.552798)
LRL 12.62 0 (6.229399 5.723361 0.672059)

# -1.963495 -0.785398 0.800000
# best = 2 = RSL
LSL 8.70 0 (3.042902 1.236040 4.418380)
LSR inf 1 (inf inf inf)
RSL 6.60 0 (5.140581 1.419488 0.035493)
RSR 12.88 0 (5.139736 1.490459 6.248537)
RLR 9.86 0 (1.616318 5.519535 2.725119)
LRL 12.49 0 (5.870343 5.654881 0.962635)

# -1.963495 -0.785398 1.200000
# best = 3 = RSR
LSL 8.93 0 (2.800253 1.467780 4.661030)
LSR inf 1 (inf inf inf)
RSL 13.18 0 (4.983615 2.029713 6.161712)
RSR 6.89 0 (4.975370 1.787425 0.129718)
RLR 9.54 0 (1.370529 5.356689 2.808063)
LRL 12.24 0 (5.566123 5.531740 1.143714)

# -1.963495 -0.785398 1.600000
# best = 3 = RSR
LSL 9.22 0 (2.630790 1.760954 4.830492)
LSR inf 1 (inf inf inf)
RSL 13.50 0 (4.883155 2.558227 6.061252)
RSR 7.22 0 (4.859999 2.118562 0.245089)
RLR 9.16 0 (1.160230 5.166832 2.828505)
LRL 11.92 0 (5.316518 5.371457 1.233035)

# -1.963495 -0.785398 2.000000
# best = 3 = RSR
LSL 9.55 0 (2.512061 2.089866 4.949222)
LSR inf 1 (inf inf inf)
RSL 13.85 0 (4.811302 3.047837 5.989399)
RSR 7.58 0 (4.776604 2.470167 0.328484)
RLR 8.73 0 (0.969398 4.951958 2.804463)
LRL 11.55 0 (5.103912 5.183703 1.257888)

# -1.963495 -0.785398 2.400000
# best = 3 = RSR
LSL 9.90 0 (2.426474 2.440107 5.034808)
LSR inf 1 (inf inf inf)
RSL 14.21 0 (4.756706 3.514840 5.934803)
RSR 7.94 0 (4.714308 2.834633 0.390780)
RLR 8.24 0 (0.785121 4.707996 2.744778)
LRL 11.12 0 (4.911972 4.970997 1.237121)

# -1.963495 -0.785398 2.800000
# best = 4 = RLR
LSL 10.26 0 (2.362713 2.803695 5.098569)
LSR inf 1 (inf inf inf)
RSL 14.57 0 (4.713550 3.967227 5.891647)
RSR 8.31 0 (4.666346 3.207579 0.438742)
RLR 7.67 0 (0.594294 4.422266 2.649875)
LRL 10.64 0 (4.727614 4.729802 1.180285)

# -1.963495 -0.785398 3.200000
# best = 4 = RLR
LSL 10.64 0 (2.313740 3.176049 5.147543)
LSR inf 1 (inf inf inf)
RSL 14.94 0 (4.678452 4.409499 5.856549)
RSR 8.69 0 (4.628443 3.586360 0.476645)
RLR 6.94 0 (0.374842 4.059168 2.506229)
LRL 10.07 0 (4.537951 4.448424 1.088569)

# -1.963495 -0.785398 3.600000
# best = 4 = RLR
LSL 11.02 0 (2.275116 3.554415 5.186167)
LSR inf 1 (inf inf inf)
RSL 15.32 0 (4.649281 4.844427 5.827378)
RSR 9.07 0 (4.597816 3.969307 0.507272)
RLR 5.60 0 (0.009388 3.389513 2.202029)
LRL 9.37 0 (4.322416 4.094601 0.950282)

# -1.963495 -0.785398 4.000000
# best = 1 = LSR
LSL 11.40 0 (2.243960 3.937061 5.217322)
LSR 5.77 0 (2.818127 1.310525 1.640030)
RSL 15.70 0 (4.624615 5.273828 5.802712)
RSR 9.46 0 (4.572598 4.355321 0.532490)
RLR inf 1 (inf inf inf)
LRL 8.17 0 (3.992387 3.496853 0.682563)

# -1.963495 -0.785398 4.400000
# best = 1 = LSR
LSL 11.78 0 (2.218345 4.322850 5.242938)
LSR 6.06 0 (2.646887 1.942341 1.468790)
RSL 16.08 0 (4.603463 5.698951 5.781560)
RSR 9.85 0 (4.551497 4.743652 0.553591)
RLR inf 1 (inf inf inf)
LRL inf 1 (inf inf inf)

# -1.963495 -0.785398 4.800000
# best = 1 = LSR
LSL 12.17 0 (2.196938 4.711010 5.264344)
LSR 6.38 0 (2.540239 2.479496 1.362142)
RSL 16.47 0 (4.585110 6.120689 5.763207)
RSR 10.24 0 (4.533596 5.133776 0.571492)
RLR inf 1 (inf inf inf)
LRL inf 1 (inf inf inf)

# -1.963495 -0.785398 5.200000
# best = 1 = LSR
LSL 12.56 0 (2.178797 5.100999 5.282485)
LSR 6.73 0 (2.464912 2.973737 1.286815)
RSL 16.86 0 (4.569025 6.539696 5.747122)
RSR 10.63 0 (4.518228 5.525312 0.586860)
RLR inf 1 (inf inf inf)
LRL inf 1 (inf inf inf)

# -1.963495 -0.785398 5.600000
# best = 1 = LSR
LSL 12.95 0 (2.163237 5.492429 5.298045)
LSR 7.08 0 (2.408111 3.443591 1.230014)
RSL 17.24 0 (4.554807 6.956466 5.732904)
RSR 11.02 0 (4.504896 5.917980 0.600192)
RLR inf 1 (inf inf inf)
LRL inf 1 (inf inf inf)

# -1.963495 -0.785398 6.000000
# best = 1 = LSR
LSL 13.35 0 (2.149751 5.885011 5.311532)
LSR 7.45 0 (2.363447 3.897888 1.185350)
RSL 17.63 0 (4.542143 7.371377 5.720240)
RSR 11.42 0 (4.493225 6.311569 0.611863)
RLR inf 1 (inf inf inf)
LRL inf 1 (inf inf inf)

# -1.963495 -0.785398 6.400000
# best = 1 = LSR
LSL 13.74 0 (2.137953 6.278530 5.323330)
LSR 7.82 0 (2.327263 4.341514 1.149166)
RSL 18.02 0 (4.530790 7.784728 5.708887)
RSR 11.81 0 (4.482926 6.705917 0.622162)
RLR inf 1 (inf inf inf)
LRL inf 1 (inf inf inf)

# -1.963495 -0.785398 6.800000
# best = 1 = LSR
LSL 14.13 0 (2.127548 6.672819 5.333735)
LSR 8.19 0 (2.297280 4.777442 1.119183)
RSL 18.42 0 (4.520552 8.196754 5.698649)
RSR 12.21 0 (4.473771 7.100898 0.631317)
RLR inf 1 (inf inf inf)
LRL inf 1 (inf inf inf)

# -1.963495 -0.785398 7.200000
# best = 1 = LSR
LSL 14.53 0 (2.118305 7.067751 5.342978)
LSR 8.57 0 (2.271990 5.207606 1.093893)
RSL 18.81 0 (4.511270 8.607646 5.689367)
RSR 12.60 0 (4.465582 7.496410 0.639506)
RLR inf 1 (inf inf inf)
LRL inf 1 (inf inf inf)

# -1.963495 -0.785398 7.600000
# best = 1 = LSR
LSL 14.92 0 (2.110040 7.463222 5.351242)
LSR 8.96 0 (2.250346 5.633327 1.072249)
RSL 19.20 0 (4.502816 9.017558 5.680913)
RSR 13.00 0 (4.458214 7.892375 0.646874)
RLR inf 1 (inf inf inf)
LRL inf 1 (inf inf inf)

# -1.963495 -0.785398 8.000000
# best = 1 = LSR
LSL 15.32 0 (2.102608 7.859152 5.358674)
LSR 9.34 0 (2.231598 6.055542 1.053501)
RSL 19.59 0 (4.495083 9.426619 5.673180)
RSR 13.39 0 (4.451551 8.288727 0.653538)
RLR inf 1 (inf inf inf)
LRL inf 1 (inf inf inf)

# -1.570796 -0.785398 0.400000
# best = 2 = RSL
LSL 7.78 0 (2.991263 0.715172 4.077320)
LSR inf 1 (inf inf inf)
RSL 6.49 0 (5.508046 0.969484 0.010258)
RSR 12.77 0 (5.507939 0.990000 6.273033)
RLR 10.78 0 (2.116248 5.782987 2.881341)
LRL 12.63 0 (5.953096 5.923666 0.755968)

# -1.570796 -0.785398 0.800000
# best = 3 = RSR
LSL 7.94 0 (2.519444 0.870148 4.549139)
LSR inf 1 (inf inf inf)
RSL 13.08 0 (5.312857 1.669007 6.098255)
RSR 6.80 0 (5.286656 1.301697 0.211132)
RLR 10.46 0 (1.813603 5.620264 3.021264)
LRL 12.47 0 (5.441746 5.844605 1.188256)

# -1.570796 -0.785398 1.200000
# best = 3 = RSR
LSL 8.22 0 (2.232923 1.150149 4.835660)
LSR inf 1 (inf inf inf)
RSL 13.42 0 (5.205950 2.225145 5.991348)
RSR 7.15 0 (5.154734 1.651887 0.343053)
RLR 10.08 0 (1.587427 5.431756 3.058931)
LRL 12.19 0 (5.082861 5.699876 1.402413)

# -1.570796 -0.785398 1.600000
# best = 3 = RSR
LSL 8.55 0 (2.066681 1.486112 5.001903)
LSR inf 1 (inf inf inf)
RSL 13.78 0 (5.134529 2.727078 5.919927)
RSR 7.52 0 (5.069896 2.020655 0.427892)
RLR 9.66 0 (1.398731 5.224042 3.039913)
LRL 11.83 0 (4.827619 5.521877 1.479656)

# -1.570796 -0.785398 2.000000
# best = 3 = RSR
LSL 8.92 0 (1.963495 1.847759 5.105088)
LSR inf 1 (inf inf inf)
RSL 14.15 0 (5.082451 3.200413 5.867849)
RSR 7.90 0 (5.011526 2.399450 0.486261)
RLR 9.21 0 (1.226604 4.996527 2.984525)
LRL 11.43 0 (4.624907 5.322823 1.483315)

# -1.570796 -0.785398 2.400000
# best = 3 = RSR
LSL 9.29 0 (1.894569 2.222588 5.174015)
LSR inf 1 (inf inf inf)
RSL 14.53 0 (5.042435 3.656272 5.827833)
RSR 8.28 0 (4.969175 2.784183 0.528613)
RLR 8.70 0 (1.057707 4.743435 2.900330)
LRL 11.00 0 (4.447020 5.104903 1.443281)

# -1.570796 -0.785398 2.800000
# best = 4 = RLR
LSL 9.67 0 (1.845696 2.604915 5.222887)
LSR inf 1 (inf inf inf)
RSL 14.91 0 (5.010568 4.100489 5.795966)
RSR 8.67 0 (4.937149 3.172694 0.560638)
RLR 8.12 0 (0.879554 4.451180 2.786228)
LRL 10.51 0 (4.278086 4.864780 1.372092)

# -1.570796 -0.785398 3.200000
# best = 4 = RLR
LSL 10.06 0 (1.809396 2.991867 5.259187)
LSR inf 1 (inf inf inf)
RSL 15.29 0 (4.984511 4.536485 5.769909)
RSR 9.06 0 (4.912131 3.563749 0.585656)
RLR 7.38 0 (0.671134 4.084376 2.627844)
LRL 9.97 0 (4.105996 4.593198 1.272601)

# -1.570796 -0.785398 3.600000
# best = 1 = LSR
LSL 10.45 0 (1.781439 3.381857 5.287145)
LSR 4.78 0 (2.640982 0.288177 1.855584)
RSL 15.68 0 (4.962767 4.966425 5.748165)
RSR 9.45 0 (4.892071 3.956592 0.605717)
RLR 6.09 0 (0.327138 3.436506 2.323970)
LRL 9.32 0 (3.915597 4.268318 1.138118)

# -1.570796 -0.785398 4.000000
# best = 1 = LSR
LSL 10.84 0 (1.759275 3.773942 5.309308)
LSR 5.05 0 (2.257116 1.325655 1.471718)
RSL 16.07 0 (4.944321 5.391759 5.729719)
RSR 9.85 0 (4.875639 4.350739 0.622148)
RLR inf 1 (inf inf inf)
LRL 8.42 0 (3.667873 3.817196 0.934720)

# -1.570796 -0.785398 4.400000
# best = 1 = LSR
LSL 11.24 0 (1.741291 4.167532 5.327292)
LSR 5.38 0 (2.115429 1.936924 1.330031)
RSL 16.46 0 (4.928462 5.813497 5.713860)
RSR 10.24 0 (4.861940 4.745866 0.635847)
RLR inf 1 (inf inf inf)
LRL inf 1 (inf inf inf)

# -1.570796 -0.785398 4.800000
# best = 1 = LSR
LSL 11.63 0 (1.726415 4.562237 5.342169)
LSR 5.73 0 (2.028077 2.462923 1.242679)
RSL 16.85 0 (4.914671 6.232370 5.700069)
RSR 10.64 0 (4.850349 5.141747 0.647438)
RLR inf 1 (inf inf inf)
LRL inf 1 (inf inf inf)

# -1.570796 -0.785398 5.200000
# best = 1 = LSR
LSL 12.03 0 (1.713909 4.957791 5.354674)
LSR 6.10 0 (1.966897 2.949628 1.181499)
RSL 17.24 0 (4.902562 6.648919 5.687960)
RSR 11.04 0 (4.840416 5.538220 0.657371)
RLR inf 1 (inf inf inf)
LRL inf 1 (inf inf inf)

# -1.570796 -0.785398 5.600000
# best = 1 = LSR
LSL 12.42 0 (1.703254 5.354006 5.365330)
LSR 6.47 0 (1.921059 3.413886 1.135661)
RSL 17.63 0 (4.891841 7.063555 5.677239)
RSR 11.43 0 (4.831811 5.935166 0.665976)
RLR inf 1 (inf inf inf)
LRL inf 1 (inf inf inf)

# -1.570796 -0.785398 6.000000
# best = 1 = LSR
LSL 12.82 0 (1.694067 5.750745 5.374516)
LSR 6.85 0 (1.885194 3.863798 1.099796)
RSL 18.03 0 (4.882280 7.476596 5.667678)
RSR 11.83 0 (4.824286 6.332496 0.673501)
RLR inf 1 (inf inf inf)
LRL inf 1 (inf inf inf)

# -1.570796 -0.785398 6.400000
# best = 1 = LSR
LSL 13.22 0 (1.686067 6.147906 5.382516)
LSR 7.23 0 (1.856255 4.303864 1.070857)
RSL 18.42 0 (4.873697 7.888294 5.659095)
RSR 12.23 0 (4.817649 6.730143 0.680138)
RLR inf 1 (inf inf inf)
LRL inf 1 (inf inf inf)

# -1.570796 -0.785398 6.800000
# best = 1 = LSR
LSL 13.61 0 (1.679038 6.545413 5.389545)
LSR 7.62 0 (1.832352 4.736830 1.046954)
RSL 18.82 0 (4.865948 8.298847 5.651346)
RSR 12.63 0 (4.811753 7.128053 0.686034)
RLR inf 1 (inf inf inf)
LRL inf 1 (inf inf inf)

# -1.570796 -0.785398 7.200000
# best = 1 = LSR
LSL 14.01 0 (1.672814 6.943207 5.395769)
LSR 8.00 0 (1.812245 5.164482 1.026847)
RSL 19.21 0 (4.858917 8.708418 5.644315)
RSR 13.02 0 (4.806481 7.526184 0.691306)
RLR inf 1 (inf inf inf)
LRL inf 1 (inf inf inf)

# -1.570796 -0.785398 7.600000
# best = 1 = LSR
LSL 14.41 0 (1.667265 7.341240 5.401318)
LSR 8.39 0 (1.795075 5.588040 1.009677)
RSL 19.61 0 (4.852506 9.117140 5.637904)
RSR 13.42 0 (4.801739 7.924504 0.696049)
RLR inf 1 (inf inf inf)
LRL inf 1 (inf inf inf)

# -1.570796 -0.785398 8.000000
# best = 1 = LSR
LSL 14.81 0 (1.662287 7.739476 5.406296)
LSR 8.78 0 (1.780232 6.008370 0.994834)
RSL 20.00 0 (4.846638 9.525120 5.632036)
RSR 13.82 0 (4.797450 8.322985 0.700337)
RLR inf 1 (inf inf inf)
LRL inf 1 (inf inf inf)

# -1.178097 -0.785398 0.400000
# best = 3 = RSR
LSL 7.05 0 (2.234775 0.372589 4.441110)
LSR inf 1 (inf inf inf)
RSL 12.86 0 (5.663198 1.145665 6.055897)
RSR 6.59 0 (5.589320 0.696892 0.301166)
RLR 11.47 0 (2.272610 5.932952 3.267642)
LRL 12.59 0 (5.283085 6.096620 1.206234)

# -1.178097 -0.785398 0.800000
# best = 3 = RSR
LSL 7.34 0 (1.685730 0.667386 4.990154)
LSR inf 1 (inf inf inf)
RSL 13.22 0 (5.532819 1.759925 5.925518)
RSR 6.96 0 (5.413949 1.067276 0.476538)
RLR 11.09 0 (2.002265 5.743004 3.348039)
LRL 12.29 0 (4.659692 5.947924 1.680931)

# -1.178097 -0.785398 1.200000
# best = 3 = RSR
LSL 7.71 0 (1.496806 1.035368 5.179078)
LSR inf 1 (inf inf inf)
RSL 13.59 0 (5.457515 2.280817 5.850214)
RSR 7.34 0 (5.330195 1.453443 0.560291)
RLR 10.69 0 (1.816730 5.539440 3.330012)
LRL 11.91 0 (4.376576 5.759539 1.775662)

# -1.178097 -0.785398 1.600000
# best = 3 = RSR
LSL 8.10 0 (1.408474 1.420763 5.267411)
LSR inf 1 (inf inf inf)
RSL 13.97 0 (5.406558 2.761687 5.799257)
RSR 7.74 0 (5.281797 1.845512 0.608689)
RLR 10.26 0 (1.660657 5.324090 3.270734)
LRL 11.51 0 (4.186948 5.556949 1.762700)

# -1.178097 -0.785398 2.000000
# best = 3 = RSR
LSL 8.49 0 (1.358059 1.812498 5.317825)
LSR inf 1 (inf inf inf)
RSL 14.35 0 (5.369238 3.220513 5.761937)
RSR 8.13 0 (5.250406 2.240387 0.640080)
RLR 9.80 0 (1.514311 5.094180 3.187170)
LRL 11.08 0 (4.029385 5.342651 1.705965)

# -1.178097 -0.785398 2.400000
# best = 3 = RSR
LSL 8.88 0 (1.325616 2.207200 5.350269)
LSR inf 1 (inf inf inf)
RSL 14.74 0 (5.340518 3.665582 5.733217)
RSR 8.53 0 (5.228437 2.636807 0.662049)
RLR 9.29 0 (1.367088 4.843672 3.083885)
LRL 10.62 0 (3.882687 5.114143 1.624155)

# -1.178097 -0.785398 2.800000
# best = 4 = RLR
LSL 9.28 0 (1.303031 2.603519 5.372853)
LSR inf 1 (inf inf inf)
RSL 15.13 0 (5.317639 4.101376 5.710338)
RSR 8.92 0 (5.212216 3.034167 0.678270)
RLR 8.73 0 (1.209552 4.561041 2.958790)
LRL 10.12 0 (3.735881 4.865700 1.522518)

# -1.178097 -0.785398 3.200000
# best = 4 = RLR
LSL 9.68 0 (1.286420 3.000816 5.389464)
LSR inf 1 (inf inf inf)
RSL 15.52 0 (5.298936 4.530571 5.691635)
RSR 9.32 0 (5.199755 3.432140 0.690732)
RLR 8.05 0 (1.026731 4.220322 2.800893)
LRL 9.57 0 (3.579643 4.586444 1.399501)

# -1.178097 -0.785398 3.600000
# best = 1 = LSR
LSL 10.07 0 (1.273696 3.398746 5.402188)
LSR 4.17 0 (1.767094 1.031823 1.374395)
RSL 15.91 0 (5.283335 4.954882 5.676034)
RSR 9.72 0 (5.189884 3.830536 0.700602)
RLR 7.06 0 (0.769620 3.725843 2.563524)
LRL 8.90 0 (3.399898 4.252404 1.245205)

# -1.178097 -0.785398 4.000000
# best = 1 = LSR
LSL 10.47 0 (1.263641 3.797112 5.412244)
LSR 4.52 0 (1.621052 1.673281 1.228353)
RSL 16.31 0 (5.270108 5.375467 5.662807)
RSR 10.12 0 (5.181873 4.229234 0.708613)
RLR inf 1 (inf inf inf)
LRL 7.96 0 (3.154302 3.781322 1.019719)

# -1.178097 -0.785398 4.400000
# best = 1 = LSR
LSL 10.87 0 (1.255495 4.195788 5.420389)
LSR 4.89 0 (1.540190 2.203425 1.147491)
RSL 16.70 0 (5.258743 5.793137 5.651442)
RSR 10.52 0 (5.175244 4.628157 0.715243)
RLR inf 1 (inf inf inf)
LRL inf 1 (inf inf inf)

# -1.178097 -0.785398 4.800000
# best = 1 = LSR
LSL 11.27 0 (1.248764 4.594695 5.427120)
LSR 5.27 0 (1.486393 2.688920 1.093694)
RSL 17.10 0 (5.248867 6.208480 5.641566)
RSR 10.92 0 (5.169666 5.027252 0.720820)
RLR inf 1 (inf inf inf)
LRL inf 1 (inf inf inf)

# -1.178097 -0.785398 5.200000
# best = 1 = LSR
LSL 11.67 0 (1.243108 4.993777 5.432776)
LSR 5.65 0 (1.447374 3.150477 1.054675)
RSL 17.50 0 (5.240200 6.621934 5.632899)
RSR 11.32 0 (5.164909 5.426479 0.725577)
RLR inf 1 (inf inf inf)
LRL inf 1 (inf inf inf)

# -1.178097 -0.785398 5.600000
# best = 1 = LSR
LSL 12.07 0 (1.238290 5.392994 5.437595)
LSR 6.04 0 (1.417541 3.597320 1.024842)
RSL 17.89 0 (5.232532 7.033833 5.625231)
RSR 11.72 0 (5.160804 5.825813 0.729682)
RLR inf 1 (inf inf inf)
LRL inf 1 (inf inf inf)

# -1.178097 -0.785398 6.000000
# best = 1 = LSR
LSL 12.47 0 (1.234136 5.792320 5.441749)
LSR 6.43 0 (1.393886 4.034343 1.001187)
RSL 18.29 0 (5.225696 7.444434 5.618395)
RSR 12.12 0 (5.157226 6.225232 0.733260)
RLR inf 1 (inf inf inf)
LRL inf 1 (inf inf inf)

# -1.178097 -0.785398 6.400000
# best = 1 = LSR
LSL 12.87 0 (1.230517 6.191732 5.445367)
LSR 6.82 0 (1.374617 4.464430 0.981918)
RSL 18.69 0 (5.219564 7.853940 5.612263)
RSR 12.52 0 (5.154080 6.624721 0.736407)
RLR inf 1 (inf inf inf)
LRL inf 1 (inf inf inf)

# -1.178097 -0.785398 6.800000
# best = 1 = LSR
LSL 13.27 0 (1.227337 6.591216 5.448547)
LSR 7.21 0 (1.358590 4.889412 0.965891)
RSL 19.08 0 (5.214030 8.262516 5.606729)
RSR 12.91 0 (5.151291 7.024269 0.739196)
RLR inf 1 (inf inf inf)
LRL inf 1 (inf inf inf)

# -1.178097 -0.785398 7.200000
# best = 1 = LSR
LSL 13.67 0 (1.224521 6.990759 5.451363)
LSR 7.61 0 (1.345033 5.310514 0.952334)
RSL 19.48 0 (5.209011 8.670292 5.601710)
RSR 13.31 0 (5.148802 7.423865 0.741684)
RLR inf 1 (inf inf inf)
LRL inf 1 (inf inf inf)

# -1.178097 -0.785398 7.600000
# best = 1 = LSR
LSL 14.07 0 (1.222009 7.390351 5.453875)
LSR 8.00 0 (1.333407 5.728592 0.940708)
RSL 19.88 0 (5.204438 9.077376 5.597137)
RSR 13.71 0 (5.146568 7.823502 0.743918)
RLR inf 1 (inf inf inf)
LRL inf 1 (inf inf inf)

# -1.178097 -0.785398 8.000000
# best = 1 = LSR
LSL 14.47 0 (1.219755 7.789986 5.456129)
LSR 8.40 0 (1.323320 6.144264 0.930621)
RSL 20.28 0 (5.200252 9.483857 5.592951)
RSR 14.11 0 (5.144551 8.223175 0.745935)
RLR inf 1 (inf inf inf)
LRL inf 1 (inf inf inf)

# -0.785398 -0.785398 0.400000
# best = 0 = LSL
LSL 6.68 0 (0.785398 0.400000 5.497787)
LSR inf 1 (inf inf inf)
RSL 12.92 0 (5.889753 1.136385 5.889753)
RSR 6.68 0 (5.497787 0.400000 0.785398)
RLR 12.17 0 (2.256027 6.082850 3.826823)
LRL 12.17 0 (3.826823 6.082850 2.256027)

# -0.785398 -0.785398 0.800000
# best = 0 = LSL
LSL 7.08 0 (0.785398 0.800000 5.497787)
LSR inf 1 (inf inf inf)
RSL 13.29 0 (5.794615 1.703743 5.794615)
RSR 7.08 0 (5.497787 0.800000 0.785398)
RLR 11.76 0 (2.154837 5.880469 3.725633)
LRL 11.76 0 (3.725633 5.880469 2.154837)

# -0.785398 -0.785398 1.200000
# best = 0 = LSL
LSL 7.48 0 (0.785398 1.200000 5.497787)
LSR inf 1 (inf inf inf)
RSL 13.68 0 (5.740021 2.198661 5.740021)
RSR 7.48 0 (5.497787 1.200000 0.785398)
RLR 11.35 0 (2.051502 5.673800 3.622298)
LRL 11.35 0 (3.622298 5.673800 2.051502)

# -0.785398 -0.785398 1.600000
# best = 0 = LSL
LSL 7.88 0 (0.785398 1.600000 5.497787)
LSR inf 1 (inf inf inf)
RSL 14.07 0 (5.703465 2.661857 5.703465)
RSR 7.88 0 (5.497787 1.600000 0.785398)
RLR 10.92 0 (1.944678 5.460152 3.515474)
LRL 10.92 0 (3.515474 5.460152 1.944678)

# -0.785398 -0.785398 2.000000
# best = 0 = LSL
LSL 8.28 0 (0.785398 2.000000 5.497787)
LSR inf 1 (inf inf inf)
RSL 14.46 0 (5.676947 3.107548 5.676947)
RSR 8.28 0 (5.497787 2.000000 0.785398)
RLR 10.47 0 (1.832596 5.235988 3.403392)
LRL 10.47 0 (3.403392 5.235988 1.832596)

# -0.785398 -0.785398 2.400000
# best = 3 = RSR
LSL 8.68 0 (0.785398 2.400000 5.497787)
LSR inf 1 (inf inf inf)
RSL 14.86 0 (5.656707 3.542347 5.656707)
RSR 8.68 0 (5.497787 2.400000 0.785398)
RLR 9.99 0 (1.712694 4.996183 3.283490)
LRL 9.99 0 (3.283490 4.996183 1.712694)

# -0.785398 -0.785398 2.800000
# best = 0 = LSL
LSL 9.08 0 (0.785398 2.800000 5.497787)
LSR inf 1 (inf inf inf)
RSL 15.25 0 (5.640697 3.969836 5.640697)
RSR 9.08 0 (5.497787 2.800000 0.785398)
RLR 9.46 0 (1.580797 4.732390 3.151593)
LRL 9.46 0 (3.151593 4.732390 1.580797)

# -0.785398 -0.785398 3.200000
# best = 1 = LSR
LSL 9.48 0 (0.785398 3.200000 5.497787)
LSR 3.46 0 (1.187233 1.090429 1.187233)
RSL 15.65 0 (5.627687 4.392148 5.627687)
RSR 9.48 0 (5.497787 3.200000 0.785398)
RLR 8.86 0 (1.428899 4.428595 2.999695)
LRL 8.86 0 (2.999695 4.428595 1.428899)

# -0.785398 -0.785398 3.600000
# best = 1 = LSR
LSL 9.88 0 (0.785398 3.600000 5.497787)
LSR 3.84 0 (1.087200 1.666633 1.087200)
RSL 16.04 0 (5.616892 4.810648 5.616892)
RSR 9.88 0 (5.497787 3.600000 0.785398)
RLR 8.09 0 (1.236425 4.043646 2.807221)
LRL 8.09 0 (2.807221 4.043646 1.236425)

# -0.785398 -0.785398 4.000000
# best = 1 = LSR
LSL 10.28 0 (0.785398 4.000000 5.497787)
LSR 4.23 0 (1.030776 2.164785 1.030776)
RSL 16.44 0 (5.607782 5.226252 5.607782)
RSR 10.28 0 (5.497787 4.000000 0.785398)
RLR 6.28 0 (0.785398 3.141593 2.356194)
LRL 6.28 0 (2.356194 3.141593 0.785398)

# -0.785398 -0.785398 4.400000
# best = 1 = LSR
LSL 10.68 0 (0.785398 4.400000 5.497787)
LSR 4.62 0 (0.993281 2.629624 0.993281)
RSL 16.84 0 (5.599985 5.639599 5.599985)
RSR 10.68 0 (5.497787 4.400000 0.785398)
RLR inf 1 (inf inf inf)
LRL inf 1 (inf inf inf)

# -0.785398 -0.785398 4.800000
# best = 1 = LSR
LSL 11.08 0 (0.785398 4.800000 5.497787)
LSR 5.01 0 (0.966204 3.076289 0.966204)
RSL 17.24 0 (5.593234 6.051153 5.593234)
RSR 11.08 0 (5.497787 4.800000 0.785398)
RLR inf 1 (inf inf inf)
LRL inf 1 (inf inf inf)

# -0.785398 -0.785398 5.200000
# best = 1 = LSR
LSL 11.48 0 (0.785398 5.200000 5.497787)
LSR 5.40 0 (0.945599 3.511721 0.945599)
RSL 17.64 0 (5.587328 6.461255 5.587328)
RSR 11.48 0 (5.497787 5.200000 0.785398)
RLR inf 1 (inf inf inf)
LRL inf 1 (inf inf inf)

# -0.785398 -0.785398 5.600000
# best = 1 = LSR
LSL 11.88 0 (0.785398 5.600000 5.497787)
LSR 5.80 0 (0.929335 3.939646 0.929335)
RSL 18.03 0 (5.582118 6.870167 5.582118)
RSR 11.88 0 (5.497787 5.600000 0.785398)
RLR inf 1 (inf inf inf)
LRL inf 1 (inf inf inf)

# -0.785398 -0.785398 6.000000
# best = 1 = LSR
LSL 12.28 0 (0.785398 6.000000 5.497787)
LSR 6.19 0 (0.916142 4.362275 0.916142)
RSL 18.43 0 (5.577486 7.278088 5.577486)
RSR 12.28 0 (5.497787 6.000000 0.785398)
RLR inf 1 (inf inf inf)
LRL inf 1 (inf inf inf)

# -0.785398 -0.785398 6.400000
# best = 1 = LSR
LSL 12.68 0 (0.785398 6.400000 5.497787)
LSR 6.59 0 (0.905209 4.781011 0.905209)
RSL 18.83 0 (5.573340 7.685176 5.573340)
RSR 12.68 0 (5.497787 6.400000 0.785398)
RLR inf 1 (inf inf inf)
LRL inf 1 (inf inf inf)

# -0.785398 -0.785398 6.800000
# best = 1 = LSR
LSL 13.08 0 (0.785398 6.800000 5.497787)
LSR 6.99 0 (0.895993 5.196797 0.895993)
RSL 19.23 0 (5.569607 8.091557 5.569607)
RSR 13.08 0 (5.497787 6.800000 0.785398)
RLR inf 1 (inf inf inf)
LRL inf 1 (inf inf inf)

# -0.785398 -0.785398 7.200000
# best = 1 = LSR
LSL 13.48 0 (0.785398 7.200000 5.497787)
LSR 7.39 0 (0.888113 5.610288 0.888113)
RSL 19.63 0 (5.566227 8.497333 5.566227)
RSR 13.48 0 (5.497787 7.200000 0.785398)
RLR inf 1 (inf inf inf)
LRL inf 1 (inf inf inf)

# -0.785398 -0.785398 7.600000
# best = 1 = LSR
LSL 13.88 0 (0.785398 7.600000 5.497787)
LSR 7.78 0 (0.881294 6.021956 0.881294)
RSL 20.03 0 (5.563154 8.902586 5.563154)
RSR 13.88 0 (5.497787 7.600000 0.785398)
RLR inf 1 (inf inf inf)
LRL inf 1 (inf inf inf)

# -0.785398 -0.785398 8.000000
# best = 1 = LSR
LSL 14.28 0 (0.785398 8.000000 5.497787)
LSR 8.18 0 (0.875334 6.432153 0.875334)
RSL 20.43 0 (5.560346 9.307385 5.560346)
RSR 14.28 0 (5.497787 8.000000 0.785398)
RLR inf 1 (inf inf inf)
LRL inf 1 (inf inf inf)

# -0.392699 -0.785398 0.400000
# best = 0 = LSL
LSL 6.65 0 (0.101944 0.756161 5.788542)
LSR inf 1 (inf inf inf)
RSL 12.93 0 (6.192185 0.937865 5.799486)
RSR 6.91 0 (4.655157 0.229570 2.020727)
RLR 12.73 0 (1.456140 6.168337 5.104896)
LRL 11.41 0 (3.053352 5.902816 2.456765)

# -0.392699 -0.785398 0.800000
# best = 0 = LSL
LSL 7.04 0 (0.202250 1.145128 5.688236)
LSR inf 1 (inf inf inf)
RSL 13.32 0 (6.107748 1.493795 5.715049)
RSR 7.20 0 (5.462811 0.522651 1.213073)
RLR 12.43 0 (2.190181 6.021111 4.223628)
LRL 11.01 0 (3.053498 5.702497 2.256300)

# -0.392699 -0.785398 1.200000
# best = 0 = LSL
LSL 7.43 0 (0.251446 1.539759 5.639040)
LSR inf 1 (inf inf inf)
RSL 13.71 0 (6.063081 1.975666 5.670382)
RSR 7.58 0 (5.647789 0.902012 1.028095)
RLR 12.05 0 (2.278738 5.828267 3.942228)
LRL 10.59 0 (2.997896 5.492900 2.102305)

# -0.392699 -0.785398 1.600000
# best = 0 = LSL
LSL 7.83 0 (0.280529 1.936594 5.609957)
LSR inf 1 (inf inf inf)
RSL 14.10 0 (6.034446 2.427980 5.641747)
RSR 7.97 0 (5.722154 1.293865 0.953731)
RLR 11.64 0 (2.251171 5.624405 3.765933)
LRL 10.15 0 (2.916732 5.272406 1.962975)

# -0.392699 -0.785398 2.000000
# best = 0 = LSL
LSL 8.22 0 (0.299709 2.334509 5.590777)
LSR inf 1 (inf inf inf)
RSL 14.50 0 (6.014271 2.864772 5.621572)
RSR 8.37 0 (5.761829 1.689541 0.914055)
RLR 11.21 0 (2.184161 5.411035 3.619573)
LRL 9.68 0 (2.818113 5.036808 1.825996)

# -0.392699 -0.785398 2.400000
# best = 1 = LSR
LSL 8.62 0 (0.313300 2.733034 5.577186)
LSR 2.55 0 (0.771682 0.613814 1.164381)
RSL 14.90 0 (5.999200 3.292226 5.606501)
RSR 8.76 0 (5.786424 2.086866 0.889460)
RLR 10.76 0 (2.095969 5.185462 3.482191)
LRL 9.16 0 (2.702677 4.778754 1.683378)

# -0.392699 -0.785398 2.800000
# best = 1 = LSR
LSL 9.02 0 (0.323430 3.131934 5.567056)
LSR 2.93 0 (0.639996 1.258942 1.032695)
RSL 15.30 0 (5.987476 3.713567 5.594777)
RSR 9.16 0 (5.803145 2.485049 0.872740)
RLR 10.28 0 (1.991199 4.942480 3.343980)
LRL 8.58 0 (2.565575 4.484290 1.526016)

# -0.392699 -0.785398 3.200000
# best = 1 = LSR
LSL 9.42 0 (0.331271 3.531083 5.559216)
LSR 3.32 0 (0.582604 1.764399 0.975303)
RSL 15.69 0 (5.978077 4.130668 5.585378)
RSR 9.56 0 (5.815245 2.883736 0.860640)
RLR 9.74 0 (1.868503 4.672887 3.197083)
LRL 7.85 0 (2.391135 4.119730 1.335895)

# -0.392699 -0.785398 3.600000
# best = 1 = LSR
LSL 9.82 0 (0.337518 3.930406 5.552968)
LSR 3.72 0 (0.548166 2.227391 0.940865)
RSL 16.09 0 (5.970365 4.544694 5.577666)
RSR 9.96 0 (5.824404 3.282742 0.851480)
RLR 9.11 0 (1.720202 4.357966 3.030463)
LRL 6.64 0 (2.095126 3.515216 1.027391)

# -0.392699 -0.785398 4.000000
# best = 1 = LSR
LSL 10.22 0 (0.342613 4.329853 5.547873)
LSR 4.11 0 (0.524762 2.670101 0.917461)
RSL 16.49 0 (5.963917 4.956418 5.571218)
RSR 10.36 0 (5.831578 3.681963 0.844306)
RLR 8.28 0 (1.520651 3.944516 2.816564)
LRL inf 1 (inf inf inf)

# -0.392699 -0.785398 4.400000
# best = 1 = LSR
LSL 10.62 0 (0.346848 4.729394 5.543639)
LSR 4.51 0 (0.507683 3.101227 0.900382)
RSL 16.89 0 (5.958442 5.366369 5.565743)
RSR 10.76 0 (5.837348 4.081337 0.838536)
RLR inf 1 (inf inf inf)
LRL inf 1 (inf inf inf)

# -0.392699 -0.785398 4.800000
# best = 1 = LSR
LSL 11.02 0 (0.350422 5.129006 5.540064)
LSR 4.91 0 (0.494615 3.525021 0.887314)
RSL 17.29 0 (5.953735 5.774924 5.561036)
RSR 11.16 0 (5.842090 4.480823 0.833795)
RLR inf 1 (inf inf inf)
LRL inf 1 (inf inf inf)

# -0.392699 -0.785398 5.200000
# best = 1 = LSR
LSL 11.42 0 (0.353480 5.528675 5.537006)
LSR 5.31 0 (0.484269 3.943849 0.876968)
RSL 17.69 0 (5.949643 6.182360 5.556944)
RSR 11.56 0 (5.846055 4.880393 0.829830)
RLR inf 1 (inf inf inf)
LRL inf 1 (inf inf inf)

# -0.392699 -0.785398 5.600000
# best = 1 = LSR
LSL 11.82 0 (0.356126 5.928388 5.534361)
LSR 5.70 0 (0.475862 4.359141 0.868561)
RSL 18.09 0 (5.946052 6.588885 5.553353)
RSR 11.96 0 (5.849420 5.280028 0.826465)
RLR inf 1 (inf inf inf)
LRL inf 1 (inf inf inf)

# -0.392699 -0.785398 6.000000
# best = 1 = LSR
LSL 12.22 0 (0.358437 6.328137 5.532049)
LSR 6.10 0 (0.468889 4.771821 0.861588)
RSL 18.49 0 (5.942874 6.994658 5.550175)
RSR 12.36 0 (5.852311 5.679715 0.823573)
RLR inf 1 (inf inf inf)
LRL inf 1 (inf inf inf)

# -0.392699 -0.785398 6.400000
# best = 1 = LSR
LSL 12.62 0 (0.360474 6.727916 5.530013)
LSR 6.50 0 (0.463007 5.182514 0.855706)
RSL 18.89 0 (5.940043 7.399802 5.547344)
RSR 12.76 0 (5.854822 6.079443 0.821062)
RLR inf 1 (inf inf inf)
LRL inf 1 (inf inf inf)

# -0.392699 -0.785398 6.800000
# best = 1 = LSR
LSL 13.02 0 (0.362282 7.127720 5.528205)
LSR 6.90 0 (0.457977 5.591656 0.850676)
RSL 19.29 0 (5.937503 7.804416 5.544804)
RSR 13.16 0 (5.857023 6.479204 0.818861)
RLR inf 1 (inf inf inf)
LRL inf 1 (inf inf inf)

# -0.392699 -0.785398 7.200000
# best = 1 = LSR
LSL 13.42 0 (0.363898 7.527545 5.526589)
LSR 7.30 0 (0.453625 5.999565 0.846324)
RSL 19.69 0 (5.935212 8.208577 5.542513)
RSR 13.55 0 (5.858969 6.878993 0.816915)
RLR inf 1 (inf inf inf)
LRL inf 1 (inf inf inf)

# -0.392699 -0.785398 7.600000
# best = 1 = LSR
LSL 13.82 0 (0.365351 7.927388 5.525135)
LSR 7.70 0 (0.449821 6.406477 0.842520)
RSL 20.09 0 (5.933135 8.612350 5.540436)
RSR 13.95 0 (5.860701 7.278805 0.815184)
RLR inf 1 (inf inf inf)
LRL inf 1 (inf inf inf)

# -0.392699 -0.785398 8.000000
# best = 1 = LSR
LSL 14.22 0 (0.366664 8.327245 5.523822)
LSR 8.10 0 (0.446467 6.812571 0.839166)
RSL 20.49 0 (5.931243 9.015786 5.538544)
RSR 14.35 0 (5.862252 7.678637 0.813632)
RLR inf 1 (inf inf inf)
LRL inf 1 (inf inf inf)

# 0.000000 -0.785398 0.400000
# best = 2 = RSL
LSL 12.93 0 (6.024553 1.145195 5.756419)
LSR inf 1 (inf inf inf)
RSL 6.65 0 (0.390460 0.374031 5.888247)
RSR 7.49 0 (3.903306 0.424383 3.165277)
RLR 12.93 0 (0.655418 6.070594 6.200574)
LRL 10.62 0 (2.592599 5.702462 2.324465)

# 0.000000 -0.785398 0.800000
# best = 2 = RSL
LSL 13.32 0 (6.091237 1.535304 5.689736)
LSR inf 1 (inf inf inf)
RSL 7.04 0 (0.224703 1.088845 5.722491)
RSR 7.38 0 (5.019512 0.307271 2.049072)
RLR 13.04 0 (1.801025 6.129398 5.113771)
LRL 10.21 0 (2.555708 5.495313 2.154207)

# 0.000000 -0.785398 1.200000
# best = 2 = RSL
LSL 13.71 0 (6.130796 1.929467 5.650176)
LSR inf 1 (inf inf inf)
RSL 7.43 0 (0.166771 1.597269 5.664558)
RSR 7.64 0 (5.747018 0.573350 1.321566)
RLR 12.78 0 (2.461592 5.995519 4.319325)
LRL 9.77 0 (2.485849 5.276476 2.005229)

# 0.000000 -0.785398 1.600000
# best = 2 = RSL
LSL 14.11 0 (6.156908 2.325624 5.624064)
LSR inf 1 (inf inf inf)
RSL 7.82 0 (0.133985 2.058387 5.631772)
RSR 8.01 0 (5.966218 0.939705 1.102365)
RLR 12.40 0 (2.587483 5.808900 4.006815)
LRL 9.30 0 (2.394860 5.042274 1.862016)

# 0.000000 -0.785398 2.000000
# best = 1 = LSR
LSL 14.50 0 (6.175410 2.722905 5.605562)
LSR 2.12 0 (0.282705 0.765367 1.068103)
RSL 8.22 0 (0.112411 2.498528 5.610198)
RSR 8.39 0 (6.060405 1.325654 1.008179)
RLR 12.00 0 (2.581011 5.607582 3.811970)
LRL 8.79 0 (2.285064 4.785678 1.715216)

# 0.000000 -0.785398 2.400000
# best = 1 = LSR
LSL 14.90 0 (6.189197 3.120881 5.591775)
LSR 2.51 0 (0.192914 1.334205 0.978312)
RSL 8.62 0 (0.097000 2.927170 5.594788)
RSR 8.79 0 (6.111868 1.718044 0.956715)
RLR 11.58 0 (2.526324 5.395283 3.654357)
LRL 8.20 0 (2.152587 4.493150 1.555165)

# 0.000000 -0.785398 2.800000
# best = 1 = LSR
LSL 15.30 0 (6.199864 3.519316 5.581108)
LSR 2.90 0 (0.149616 1.815053 0.935014)
RSL 9.02 0 (0.085391 3.348733 5.583179)
RSR 9.18 0 (6.144142 2.113289 0.924441)
RLR 11.13 0 (2.445926 5.169939 3.509411)
LRL 7.48 0 (1.982770 4.132181 1.364013)

# 0.000000 -0.785398 3.200000
# best = 1 = LSR
LSL 15.70 0 (6.208361 3.918070 5.572612)
LSR 3.30 0 (0.122972 2.264670 0.908370)
RSL 9.42 0 (0.076310 3.765594 5.574097)
RSR 9.58 0 (6.166230 2.510041 0.902353)
RLR 10.64 0 (2.346286 4.926483 3.365594)
LRL 6.31 0 (1.698718 3.547084 1.062968)

# 0.000000 -0.785398 3.600000
# best = 1 = LSR
LSL 16.10 0 (6.215288 4.317054 5.565685)
LSR 3.69 0 (0.104666 2.698712 0.890064)
RSL 9.81 0 (0.069000 4.179160 5.566787)
RSR 9.98 0 (6.182283 2.907683 0.886300)
RLR 10.10 0 (2.226864 4.655531 3.214065)
LRL inf 1 (inf inf inf)

# 0.000000 -0.785398 4.000000
# best = 1 = LSR
LSL 16.50 0 (6.221042 4.716210 5.559931)
LSR 4.09 0 (0.091229 3.123677 0.876627)
RSL 10.21 0 (0.062984 4.590323 5.560772)
RSR 10.37 0 (6.194472 3.305894 0.874112)
RLR 9.46 0 (2.080065 4.337557 3.042890)
LRL inf 1 (inf inf inf)

# 0.000000 -0.785398 4.400000
# best = 1 = LSR
LSL 16.90 0 (6.225898 5.115498 5.555075)
LSR 4.49 0 (0.080913 3.542834 0.866311)
RSL 10.61 0 (0.057943 4.999675 5.555731)
RSR 10.77 0 (6.204038 3.704490 0.864545)
RLR 8.62 0 (1.878445 3.915184 2.822137)
LRL inf 1 (inf inf inf)

# 0.000000 -0.785398 4.800000
# best = 1 = LSR
LSL 17.30 0 (6.230051 5.514890 5.550922)
LSR 4.89 0 (0.072728 3.958029 0.858126)
RSL 11.01 0 (0.053656 5.407628 5.551444)
RSR 11.17 0 (6.211746 4.103360 0.856838)
RLR inf 1 (inf inf inf)
LRL inf 1 (inf inf inf)

# 0.000000 -0.785398 5.200000
# best = 1 = LSR
LSL 17.70 0 (6.233643 5.914363 5.547330)
LSR 5.29 0 (0.066067 4.370390 0.851465)
RSL 11.41 0 (0.049965 5.814475 5.547752)
RSR 11.57 0 (6.218087 4.502430 0.850496)
RLR inf 1 (inf inf inf)
LRL inf 1 (inf inf inf)

# 0.000000 -0.785398 5.600000
# best = 1 = LSR
LSL 18.09 0 (6.236780 6.313904 5.544193)
LSR 5.69 0 (0.060537 4.780650 0.845935)
RSL 11.81 0 (0.046751 6.220435 5.544539)
RSR 11.97 0 (6.223396 4.901652 0.845188)
RLR inf 1 (inf inf inf)
LRL inf 1 (inf inf inf)

# 0.000000 -0.785398 6.000000
# best = 1 = LSR
LSL 18.49 0 (6.239544 6.713499 5.541429)
LSR 6.09 0 (0.055869 5.189310 0.841267)
RSL 12.21 0 (0.043929 6.625669 5.541716)
RSR 12.37 0 (6.227905 5.300991 0.840679)
RLR inf 1 (inf inf inf)
LRL inf 1 (inf inf inf)

# 0.000000 -0.785398 6.400000
# best = 1 = LSR
LSL 18.89 0 (6.241997 7.113139 5.538975)
LSR 6.49 0 (0.051876 5.596718 0.837274)
RSL 12.61 0 (0.041429 7.030304 5.539217)
RSR 12.77 0 (6.231782 5.700423 0.836802)
RLR inf 1 (inf inf inf)
LRL inf 1 (inf inf inf)

# 0.000000 -0.785398 6.800000
# best = 1 = LSR
LSL 19.29 0 (6.244190 7.512818 5.536783)
LSR 6.89 0 (0.048419 6.003129 0.833817)
RSL 13.01 0 (0.039200 7.434438 5.536987)
RSR 13.17 0 (6.235151 6.099929 0.833432)
RLR inf 1 (inf inf inf)
LRL inf 1 (inf inf inf)

# 0.000000 -0.785398 7.200000
# best = 1 = LSR
LSL 19.69 0 (6.246160 7.912529 5.534812)
LSR 7.28 0 (0.045396 6.408734 0.830794)
RSL 13.41 0 (0.037200 7.838147 5.534987)
RSR 13.57 0 (6.238106 6.499496 0.830477)
RLR inf 1 (inf inf inf)
LRL inf 1 (inf inf inf)

# 0.000000 -0.785398 7.600000
# best = 1 = LSR
LSL 20.09 0 (6.247942 8.312268 5.533031)
LSR 7.68 0 (0.042731 6.813677 0.828129)
RSL 13.81 0 (0.035394 8.241495 5.533182)
RSR 13.97 0 (6.240719 6.899113 0.827864)
RLR inf 1 (inf inf inf)
LRL inf 1 (inf inf inf)

# 0.000000 -0.785398 8.000000
# best = 1 = LSR
LSL 20.49 0 (6.249560 8.712031 5.531413)
LSR 8.08 0 (0.040363 7.218068 0.825761)
RSL 14.21 0 (0.033757 8.644531 5.531544)
RSR 14.37 0 (6.243045 7.298772 0.825538)
RLR inf 1 (inf inf inf)
LRL inf 1 (inf inf inf)

# 0.392699 -0.785398 0.400000
# best = 4 = RLR
LSL 12.89 0 (5.745995 1.505478 5.642279)
LSR inf 1 (inf inf inf)
RSL inf 1 (inf inf inf)
RSR 8.18 0 (3.838778 0.723050 3.622504)
RLR 6.73 0 (0.515424 5.919662 0.299150)
LRL 9.84 0 (2.218528 5.511436 2.114812)

# 0.392699 -0.785398 0.800000
# best = 4 = RLR
LSL 13.29 0 (5.776278 1.902182 5.611995)
LSR inf 1 (inf inf inf)
RSL inf 1 (inf inf inf)
RSR 7.82 0 (4.176533 0.361896 3.284749)
RLR 7.10 0 (0.944343 6.101990 0.052559)
LRL 9.41 0 (2.139101 5.292017 1.974819)

# 0.392699 -0.785398 1.200000
# best = 2 = RSL
LSL 13.69 0 (5.796098 2.300028 5.592175)
LSR inf 1 (inf inf inf)
RSL 7.46 0 (0.683912 0.991959 5.789001)
RSR 7.70 0 (5.575443 0.243180 1.885839)
RLR 13.50 0 (2.373018 6.161520 4.966599)
LRL 8.94 0 (2.041893 5.057960 1.837970)

# 0.392699 -0.785398 1.600000
# best = 1 = LSR
LSL 14.09 0 (5.810069 2.698511 5.578204)
LSR 1.73 0 (0.009214 0.535922 1.187311)
RSL 7.85 0 (0.605089 1.537375 5.710177)
RSR 8.02 0 (6.274124 0.554351 1.187158)
RLR 13.19 0 (2.993496 6.005115 4.189716)
LRL 8.43 0 (1.928016 4.802265 1.696152)

# 0.392699 -0.785398 2.000000
# best = 3 = RSR
LSL 14.49 0 (5.820443 3.097385 5.567830)
LSR 8.40 0 (6.144741 1.211476 1.039653)
RSL 8.25 0 (0.562338 2.015703 5.667427)
RSR 2.11 0 (0.158898 0.935667 1.019199)
RLR 12.80 0 (3.064386 5.810977 3.924688)
LRL 7.85 0 (1.793169 4.511823 1.540556)

# 0.392699 -0.785398 2.400000
# best = 3 = RSR
LSL 14.88 0 (5.828450 3.496516 5.559824)
LSR 8.79 0 (6.084178 1.722828 0.979089)
RSL 8.64 0 (0.534642 2.466293 5.639731)
RSR 2.51 0 (0.228736 1.328021 0.949361)
RLR 12.39 0 (3.031899 5.606328 3.752525)
LRL 7.13 0 (1.623217 4.155906 1.354592)

# 0.392699 -0.785398 2.800000
# best = 3 = RSR
LSL 15.28 0 (5.834815 3.895826 5.553458)
LSR 9.18 0 (6.048401 2.188286 0.943313)
RSL 9.04 0 (0.515010 2.902092 5.620098)
RSR 2.90 0 (0.266619 1.723893 0.911478)
RLR 11.96 0 (2.962641 5.392043 3.607499)
LRL 6.02 0 (1.351151 3.599042 1.069794)

# 0.392699 -0.785398 3.200000
# best = 3 = RSR
LSL 15.68 0 (5.839997 4.295264 5.548277)
LSR 9.58 0 (6.024281 2.632310 0.919193)
RSL 9.43 0 (0.500284 3.328915 5.605372)
RSR 3.30 0 (0.290332 2.121315 0.887765)
RLR 11.51 0 (2.872937 5.165209 3.470369)
LRL inf 1 (inf inf inf)

# 0.392699 -0.785398 3.600000
# best = 3 = RSR
LSL 16.08 0 (5.844297 4.694797 5.543977)
LSR 9.97 0 (6.006767 3.064232 0.901678)
RSL 9.83 0 (0.488794 3.749829 5.593883)
RSR 3.70 0 (0.306556 2.519552 0.871541)
RLR 11.02 0 (2.766740 4.920367 3.331724)
LRL inf 1 (inf inf inf)

# 0.392699 -0.785398 4.000000
# best = 3 = RSR
LSL 16.48 0 (5.847922 5.094404 5.540351)
LSR 10.37 0 (5.993412 3.488550 0.888324)
RSL 10.23 0 (0.479563 4.166624 5.584651)
RSR 4.10 0 (0.318349 2.918272 0.859748)
RLR 10.47 0 (2.642252 4.647805 3.183650)
LRL inf 1 (inf inf inf)

# 0.392699 -0.785398 4.400000
# best = 3 = RSR
LSL 16.88 0 (5.851020 5.494068 5.537253)
LSR 10.77 0 (5.982867 3.907741 0.877778)
RSL 10.63 0 (0.471974 4.580425 5.577062)
RSR 4.50 0 (0.327306 3.317300 0.850791)
RLR 9.83 0 (2.491000 4.327388 3.014485)
LRL inf 1 (inf inf inf)

# 0.392699 -0.785398 4.800000
# best = 3 = RSR
LSL 17.28 0 (5.853698 5.893778 5.534576)
LSR 11.17 0 (5.974315 4.323298 0.869226)
RSL 11.03 0 (0.465620 4.991977 5.570709)
RSR 4.89 0 (0.334339 3.716537 0.843758)
RLR 8.98 0 (2.283867 3.899056 2.793286)
LRL inf 1 (inf inf inf)

# 0.392699 -0.785398 5.200000
# best = 3 = RSR
LSL 17.68 0 (5.856036 6.293524 5.532238)
LSR 11.57 0 (5.967232 4.736176 0.862144)
RSL 11.43 0 (0.460220 5.401793 5.565308)
RSR 5.29 0 (0.340008 4.115922 0.838089)
RLR inf 1 (inf inf inf)
LRL inf 1 (inf inf inf)

# 0.392699 -0.785398 5.600000
# best = 3 = RSR
LSL 18.08 0 (5.858094 6.693301 5.530179)
LSR 11.96 0 (5.961267 5.147021 0.856179)
RSL 11.83 0 (0.455571 5.810242 5.560659)
RSR 5.69 0 (0.344673 4.515416 0.833424)
RLR inf 1 (inf inf inf)
LRL inf 1 (inf inf inf)

# 0.392699 -0.785398 6.000000
# best = 3 = RSR
LSL 18.48 0 (5.859920 7.093103 5.528353)
LSR 12.36 0 (5.956171 5.556284 0.851083)
RSL 12.23 0 (0.451526 6.217592 5.556615)
RSR 6.09 0 (0.348580 4.914993 0.829517)
RLR inf 1 (inf inf inf)
LRL inf 1 (inf inf inf)

# 0.392699 -0.785398 6.400000
# best = 3 = RSR
LSL 18.88 0 (5.861552 7.492926 5.526722)
LSR 12.76 0 (5.951766 5.964289 0.846677)
RSL 12.63 0 (0.447974 6.624046 5.553062)
RSR 6.49 0 (0.351900 5.314633 0.826197)
RLR inf 1 (inf inf inf)
LRL inf 1 (inf inf inf)

# 0.392699 -0.785398 6.800000
# best = 3 = RSR
LSL 19.28 0 (5.863018 7.892767 5.525255)
LSR 13.16 0 (5.947919 6.371280 0.842830)
RSL 13.02 0 (0.444829 7.029760 5.549917)
RSR 6.89 0 (0.354755 5.714323 0.823342)
RLR inf 1 (inf inf inf)
LRL inf 1 (inf inf inf)

# 0.392699 -0.785398 7.200000
# best = 3 = RSR
LSL 19.68 0 (5.864343 8.292624 5.523931)
LSR 13.56 0 (5.944529 6.777438 0.839441)
RSL 13.42 0 (0.442025 7.434855 5.547113)
RSR 7.29 0 (0.357237 6.114054 0.820860)
RLR inf 1 (inf inf inf)
LRL inf 1 (inf inf inf)

# 0.392699 -0.785398 7.600000
# best = 3 = RSR
LSL 20.08 0 (5.865546 8.692493 5.522728)
LSR 13.96 0 (5.941520 7.182906 0.836431)
RSL 13.82 0 (0.439508 7.839426 5.544596)
RSR 7.69 0 (0.359414 6.513818 0.818683)
RLR inf 1 (inf inf inf)
LRL inf 1 (inf inf inf)

# 0.392699 -0.785398 8.000000
# best = 3 = RSR
LSL 20.48 0 (5.866643 9.092374 5.521631)
LSR 14.36 0 (5.938830 7.587792 0.833741)
RSL 14.22 0 (0.437237 8.243551 5.542325)
RSR 8.09 0 (0.361339 6.913609 0.816758)
RLR inf 1 (inf inf inf)
LRL inf 1 (inf inf inf)

# 0.785398 -0.785398 0.400000
# best = 4 = RLR
LSL 12.81 0 (5.497787 1.814213 5.497787)
LSR inf 1 (inf inf inf)
RSL inf 1 (inf inf inf)
RSR 8.87 0 (3.926991 1.014213 3.926991)
RLR 6.83 0 (0.529046 5.770482 0.529046)
LRL 9.11 0 (1.885446 5.341689 1.885446)

# 0.785398 -0.785398 0.800000
# best = 4 = RLR
LSL 13.21 0 (5.497787 2.214213 5.497787)
LSR inf 1 (inf inf inf)
RSL inf 1 (inf inf inf)
RSR 8.47 0 (3.926991 0.614213 3.926991)
RLR 7.24 0 (0.631235 5.974859 0.631235)
LRL 8.65 0 (1.769570 5.109936 1.769570)

# 0.785398 -0.785398 1.200000
# best = 4 = RLR
LSL 13.61 0 (5.497787 2.614213 5.497787)
LSR inf 1 (inf inf inf)
RSL inf 1 (inf inf inf)
RSR 8.07 0 (3.926991 0.214213 3.926991)
RLR 7.64 0 (0.731819 6.176027 0.731819)
LRL 8.15 0 (1.643925 4.858646 1.643925)

# 0.785398 -0.785398 1.600000
# best = 3 = RSR
LSL 14.01 0 (5.497787 3.014213 5.497787)
LSR 8.01 0 (5.986705 0.748332 1.274316)
RSL 8.01 0 (1.274316 0.748332 5.986705)
RSR 1.76 0 (0.785398 0.185787 0.785398)
RLR 13.95 0 (3.880527 6.190259 3.880527)
LRL 7.58 0 (1.502744 4.576284 1.502744)

# 0.785398 -0.785398 2.000000
# best = 3 = RSR
LSL 14.41 0 (5.497787 3.414213 5.497787)
LSR 8.38 0 (5.837624 1.414214 1.125235)
RSL 8.38 0 (1.125235 1.414214 5.837624)
RSR 2.16 0 (0.785398 0.585787 0.785398)
RLR 13.55 0 (3.780015 5.989235 3.780015)
LRL 6.90 0 (1.333427 4.237650 1.333427)

# 0.785398 -0.785398 2.400000
# best = 3 = RSR
LSL 14.81 0 (5.497787 3.814213 5.497787)
LSR 8.76 0 (5.766170 1.939072 1.053781)
RSL 8.76 0 (1.053781 1.939072 5.766170)
RSR 2.56 0 (0.785398 0.985787 0.785398)
RLR 13.14 0 (3.677979 5.785161 3.677979)
LRL 5.94 0 (1.091375 3.753545 1.091375)

# 0.785398 -0.785398 2.800000
# best = 3 = RSR
LSL 15.21 0 (5.497787 4.214213 5.497787)
LSR 9.15 0 (5.721435 2.416609 1.009046)
RSL 9.15 0 (1.009046 2.416609 5.721435)
RSR 2.96 0 (0.785398 1.385787 0.785398)
RLR 12.72 0 (3.573210 5.575624 3.573210)
LRL inf 1 (inf inf inf)

# 0.785398 -0.785398 3.200000
# best = 3 = RSR
LSL 15.61 0 (5.497787 4.614213 5.497787)
LSR 9.54 0 (5.690185 2.870540 0.977795)
RSL 9.54 0 (0.977795 2.870540 5.690185)
RSR 3.36 0 (0.785398 1.785787 0.785398)
RLR 12.29 0 (3.464200 5.357605 3.464200)
LRL inf 1 (inf inf inf)

# 0.785398 -0.785398 3.600000
# best = 3 = RSR
LSL 16.01 0 (5.497787 5.014213 5.497787)
LSR 9.93 0 (5.666916 3.310589 0.954527)
RSL 9.93 0 (0.954527 3.310589 5.666916)
RSR 3.76 0 (0.785398 2.185787 0.785398)
RLR 11.82 0 (3.348875 5.126954 3.348875)
LRL inf 1 (inf inf inf)

# 0.785398 -0.785398 4.000000
# best = 3 = RSR
LSL 16.41 0 (5.497787 5.414213 5.497787)
LSR 10.33 0 (5.648833 3.741657 0.936444)
RSL 10.33 0 (0.936444 3.741657 5.648833)
RSR 4.16 0 (0.785398 2.585787 0.785398)
RLR 11.33 0 (3.224073 4.877350 3.224073)
LRL inf 1 (inf inf inf)

# 0.785398 -0.785398 4.400000
# best = 3 = RSR
LSL 16.81 0 (5.497787 5.814213 5.497787)
LSR 10.72 0 (5.634336 4.166533 0.921947)
RSL 10.72 0 (0.921947 4.166533 5.634336)
RSR 4.56 0 (0.785398 2.985787 0.785398)
RLR 10.77 0 (3.084284 4.597773 3.084284)
LRL inf 1 (inf inf inf)

# 0.785398 -0.785398 4.800000
# best = 3 = RSR
LSL 17.21 0 (5.497787 6.214213 5.497787)
LSR 11.12 0 (5.622434 4.586938 0.910045)
RSL 11.12 0 (0.910045 4.586938 5.622434)
RSR 4.96 0 (0.785398 3.385787 0.785398)
RLR 10.10 0 (2.917714 4.264633 2.917714)
LRL inf 1 (inf inf inf)

# 0.785398 -0.785398 5.200000
# best = 3 = RSR
LSL 17.61 0 (5.497787 6.614213 5.497787)
LSR 11.52 0 (5.612476 5.003998 0.900087)
RSL 11.52 0 (0.900087 5.003998 5.612476)
RSR 5.36 0 (0.785398 3.785787 0.785398)
RLR 9.17 0 (2.684944 3.799093 2.684944)
LRL inf 1 (inf inf inf)

# 0.785398 -0.785398 5.600000
# best = 3 = RSR
LSL 18.01 0 (5.497787 7.014213 5.497787)
LSR 11.91 0 (5.604015 5.418487 0.891626)
RSL 11.91 0 (0.891626 5.418487 5.604015)
RSR 5.76 0 (0.785398 4.185787 0.785398)
RLR inf 1 (inf inf inf)
LRL inf 1 (inf inf inf)

# 0.785398 -0.785398 6.000000
# best = 3 = RSR
LSL 18.41 0 (5.497787 7.414213 5.497787)
LSR 12.31 0 (5.596733 5.830952 0.884343)
RSL 12.31 0 (0.884343 5.830952 5.596733)
RSR 6.16 0 (0.785398 4.585787 0.785398)
RLR inf 1 (inf inf inf)
LRL inf 1 (inf inf inf)

# 0.785398 -0.785398 6.400000
# best = 3 = RSR
LSL 18.81 0 (5.497787 7.814213 5.497787)
LSR 12.71 0 (5.590396 6.241795 0.878006)
RSL 12.71 0 (0.878006 6.241795 5.590396)
RSR 6.56 0 (0.785398 4.985787 0.785398)
RLR inf 1 (inf inf inf)
LRL inf 1 (inf inf inf)

# 0.785398 -0.785398 6.800000
# best = 3 = RSR
LSL 19.21 0 (5.497787 8.214213 5.497787)
LSR 13.11 0 (5.584830 6.651316 0.872440)
RSL 13.11 0 (0.872440 6.651316 5.584830)
RSR 6.96 0 (0.785398 5.385787 0.785398)
RLR inf 1 (inf inf inf)
LRL inf 1 (inf inf inf)

# 0.785398 -0.785398 7.200000
# best = 3 = RSR
LSL 19.61 0 (5.497787 8.614213 5.497787)
LSR 13.51 0 (5.579901 7.059745 0.867511)
RSL 13.51 0 (0.867511 7.059745 5.579901)
RSR 7.36 0 (0.785398 5.785787 0.785398)
RLR inf 1 (inf inf inf)
LRL inf 1 (inf inf inf)

# 0.785398 -0.785398 7.600000
# best = 3 = RSR
LSL 20.01 0 (5.497787 9.014213 5.497787)
LSR 13.91 0 (5.575504 7.467262 0.863115)
RSL 13.91 0 (0.863115 7.467262 5.575504)
RSR 7.76 0 (0.785398 6.185787 0.785398)
RLR inf 1 (inf inf inf)
LRL inf 1 (inf inf inf)

# 0.785398 -0.785398 8.000000
# best = 3 = RSR
LSL 20.41 0 (5.497787 9.414213 5.497787)
LSR 14.30 0 (5.571558 7.874008 0.859169)
RSL 14.30 0 (0.859169 7.874008 5.571558)
RSR 8.16 0 (0.785398 6.585787 0.785398)
RLR inf 1 (inf inf inf)
LRL inf 1 (inf inf inf)

# 1.178097 -0.785398 0.400000
# best = 4 = RLR
LSL 12.66 0 (5.263487 2.056734 5.339389)
LSR inf 1 (inf inf inf)
RSL inf 1 (inf inf inf)
RSR 9.52 0 (4.062002 1.273019 4.184679)
RLR 6.95 0 (0.596521 5.635409 0.719198)
LRL 8.44 0 (1.581839 5.203074 1.657741)

# 1.178097 -0.785398 0.800000
# best = 4 = RLR
LSL 13.06 0 (5.237758 2.452538 5.365118)
LSR inf 1 (inf inf inf)
RSL inf 1 (inf inf inf)
RSR 9.14 0 (3.947480 0.892070 4.299200)
RLR 7.35 0 (0.580978 5.833368 0.932699)
LRL 7.96 0 (1.436143 4.963140 1.563503)

# 1.178097 -0.785398 1.200000
# best = 5 = LRL
LSL 13.45 0 (5.219188 2.849514 5.383688)
LSR inf 1 (inf inf inf)
RSL inf 1 (inf inf inf)
RSR 8.79 0 (3.674433 0.539444 4.572247)
RLR 7.71 0 (0.397567 6.012639 1.295381)
LRL 7.43 0 (1.284713 4.697422 1.449213)

# 1.178097 -0.785398 1.600000
# best = 5 = LRL
LSL 13.85 0 (5.205163 3.247233 5.397713)
LSR 7.98 0 (5.799440 0.698789 1.479750)
RSL inf 1 (inf inf inf)
RSR 8.57 0 (2.844116 0.325900 5.402564)
RLR 14.20 0 (5.904143 6.120055 2.179406)
LRL 6.81 0 (1.116328 4.388701 1.308878)

# 1.178097 -0.785398 2.000000
# best = 3 = RSR
LSL 14.25 0 (5.194200 3.645451 5.408675)
LSR 8.31 0 (5.591750 1.449733 1.272060)
RSL 8.74 0 (1.906005 0.606253 6.225695)
RSR 2.45 0 (1.899280 0.491347 0.064215)
RLR 14.04 0 (4.917725 6.036890 3.082660)
LRL 6.02 0 (0.906025 3.990020 1.120500)

# 1.178097 -0.785398 2.400000
# best = 3 = RSR
LSL 14.65 0 (5.185398 4.044020 5.417478)
LSR 8.68 0 (5.493682 2.008767 1.173991)
RSL 9.07 0 (1.675893 1.397900 5.995583)
RSR 2.80 0 (1.577313 0.834645 0.386182)
RLR 13.69 0 (4.508699 5.862773 3.317569)
LRL inf 1 (inf inf inf)

# 1.178097 -0.785398 2.800000
# best = 3 = RSR
LSL 15.05 0 (5.178175 4.442847 5.424701)
LSR 9.05 0 (5.431673 2.507700 1.111983)
RSL 9.43 0 (1.573138 1.964868 5.892828)
RSR 3.18 0 (1.448803 1.213196 0.514692)
RLR 13.30 0 (4.282243 5.666880 3.348132)
LRL inf 1 (inf inf inf)

# 1.178097 -0.785398 3.200000
# best = 3 = RSR
LSL 15.44 0 (5.172142 4.841867 5.430733)
LSR 9.43 0 (5.387910 2.976908 1.068219)
RSL 9.81 0 (1.509036 2.467243 5.828726)
RSR 3.57 0 (1.381993 1.602203 0.581502)
RLR 12.88 0 (4.111467 5.458950 3.310977)
LRL inf 1 (inf inf inf)

# 1.178097 -0.785398 3.600000
# best = 3 = RSR
LSL 15.84 0 (5.167028 5.241037 5.435847)
LSR 9.82 0 (5.355031 3.428615 1.035341)
RSL 10.19 0 (1.464101 2.938345 5.783791)
RSR 3.96 0 (1.341394 1.995562 0.622101)
RLR 12.44 0 (3.960669 5.238549 3.241375)
LRL inf 1 (inf inf inf)

# 1.178097 -0.785398 4.000000
# best = 3 = RSR
LSL 16.24 0 (5.162639 5.640324 5.440237)
LSR 10.21 0 (5.329284 3.868955 1.009594)
RSL 10.57 0 (1.430485 3.391232 5.750175)
RSR 4.35 0 (1.314195 2.391125 0.649300)
RLR 11.97 0 (3.815057 5.001724 3.150162)
LRL inf 1 (inf inf inf)

# 1.178097 -0.785398 4.400000
# best = 3 = RSR
LSL 16.64 0 (5.158829 6.039706 5.444046)
LSR 10.60 0 (5.308508 4.301422 0.988818)
RSL 10.96 0 (1.404238 3.832367 5.723928)
RSR 4.75 0 (1.294727 2.787954 0.668768)
RLR 11.45 0 (3.665131 4.740807 3.039171)
LRL inf 1 (inf inf inf)

# 1.178097 -0.785398 4.800000
# best = 3 = RSR
LSL 17.04 0 (5.155492 6.439164 5.447383)
LSR 10.99 0 (5.291354 4.728176 0.971664)
RSL 11.35 0 (1.383105 4.265397 5.702795)
RSR 5.15 0 (1.280115 3.185577 0.683380)
RLR 10.84 0 (3.500398 4.440567 2.903663)
LRL inf 1 (inf inf inf)

# 1.178097 -0.785398 5.200000
# best = 3 = RSR
LSL 17.44 0 (5.152546 6.838686 5.450330)
LSR 11.38 0 (5.276931 5.150638 0.957241)
RSL 11.74 0 (1.365686 4.692568 5.685377)
RSR 5.55 0 (1.268748 3.583729 0.694747)
RLR 10.09 0 (3.299815 4.062135 2.725815)
LRL inf 1 (inf inf inf)

# 1.178097 -0.785398 5.600000
# best = 3 = RSR
LSL 17.84 0 (5.149924 7.238260 5.452952)
LSR 11.78 0 (5.264623 5.569784 0.944933)
RSL 12.14 0 (1.351061 5.115347 5.670752)
RSR 5.95 0 (1.259655 3.982251 0.703840)
RLR 8.62 0 (2.924691 3.330072 2.368877)
LRL inf 1 (inf inf inf)

# 1.178097 -0.785398 6.000000
# best = 3 = RSR
LSL 18.24 0 (5.147577 7.637879 5.455299)
LSR 12.17 0 (5.253990 5.986310 0.934299)
RSL 12.53 0 (1.338595 5.534741 5.658285)
RSR 6.34 0 (1.252216 4.381042 0.711279)
RLR inf 1 (inf inf inf)
LRL inf 1 (inf inf inf)

# 1.178097 -0.785398 6.400000
# best = 3 = RSR
LSL 18.64 0 (5.145463 8.037536 5.457413)
LSR 12.57 0 (5.244705 6.400729 0.925015)
RSL 12.93 0 (1.327834 5.951466 5.647525)
RSR 6.74 0 (1.246020 4.780036 0.717475)
RLR inf 1 (inf inf inf)
LRL inf 1 (inf inf inf)

# 1.178097 -0.785398 6.800000
# best = 3 = RSR
LSL 19.04 0 (5.143549 8.437226 5.459326)
LSR 12.97 0 (5.236525 6.813424 0.916835)
RSL 13.32 0 (1.318447 6.366045 5.638137)
RSR 7.14 0 (1.240778 5.179185 0.722717)
RLR inf 1 (inf inf inf)
LRL inf 1 (inf inf inf)

# 1.178097 -0.785398 7.200000
# best = 3 = RSR
LSL 19.44 0 (5.141809 8.836943 5.461067)
LSR 13.36 0 (5.229262 7.224691 0.909571)
RSL 13.72 0 (1.310182 6.778872 5.629873)
RSR 7.54 0 (1.236286 5.578456 0.727209)
RLR inf 1 (inf inf inf)
LRL inf 1 (inf inf inf)

# 1.178097 -0.785398 7.600000
# best = 3 = RSR
LSL 19.84 0 (5.140219 9.236685 5.462657)
LSR 13.76 0 (5.222767 7.634761 0.903077)
RSL 14.12 0 (1.302848 7.190249 5.622538)
RSR 7.94 0 (1.232395 5.977824 0.731100)
RLR inf 1 (inf inf inf)
LRL inf 1 (inf inf inf)

# 1.178097 -0.785398 8.000000
# best = 3 = RSR
LSL 20.24 0 (5.138761 9.636449 5.464115)
LSR 14.16 0 (5.216924 8.043817 0.897234)
RSL 14.51 0 (1.296294 7.600412 5.615984)
RSR 8.34 0 (1.228991 6.377271 0.734504)
RLR inf 1 (inf inf inf)
LRL inf 1 (inf inf inf)

# 1.570796 -0.785398 0.400000
# best = 4 = RLR
LSL 12.43 0 (5.036162 2.222588 5.174015)
LSR inf 1 (inf inf inf)
RSL inf 1 (inf inf inf)
RSR 10.13 0 (4.216504 1.486112 4.422875)
RLR 7.12 0 (0.694257 5.521877 0.900628)
LRL 7.85 0 (1.305428 5.104903 1.443281)

# 1.570796 -0.785398 0.800000
# best = 5 = LRL
LSL 12.82 0 (4.987290 2.604915 5.222887)
LSR inf 1 (inf inf inf)
RSL inf 1 (inf inf inf)
RSR 9.79 0 (4.050262 1.150149 4.589118)
RLR 7.47 0 (0.617015 5.699876 1.155871)
LRL 7.37 0 (1.136494 4.864780 1.372092)

# 1.570796 -0.785398 1.200000
# best = 5 = LRL
LSL 13.20 0 (4.950990 2.991867 5.259187)
LSR inf 1 (inf inf inf)
RSL inf 1 (inf inf inf)
RSR 9.51 0 (3.763741 0.870148 4.875639)
RLR 7.76 0 (0.402858 5.844605 1.514756)
LRL 6.83 0 (0.964404 4.593198 1.272601)

# 1.570796 -0.785398 1.600000
# best = 5 = LRL
LSL 13.59 0 (4.923032 3.381857 5.287145)
LSR 7.93 0 (5.782576 0.288177 1.855584)
RSL inf 1 (inf inf inf)
RSR 9.35 0 (3.291921 0.715172 5.347458)
RLR 14.20 0 (6.253754 5.923666 2.026106)
LRL 6.18 0 (0.774005 4.268318 1.138118)

# 1.570796 -0.785398 2.000000
# best = 5 = LRL
LSL 13.98 0 (4.900869 3.773942 5.309308)
LSR 8.20 0 (5.398709 1.325655 1.471718)
RSL inf 1 (inf inf inf)
RSR 9.40 0 (2.748893 0.765367 5.890486)
RLR 14.15 0 (5.697957 5.898128 2.556365)
LRL 5.28 0 (0.526281 3.817196 0.934720)

# 1.570796 -0.785398 2.400000
# best = 2 = RSL
LSL 14.38 0 (4.882884 4.167532 5.327292)
LSR 8.52 0 (5.257022 1.936924 1.330031)
RSL 3.35 0 (2.366452 0.969484 0.010258)
RSR 9.63 0 (2.366346 0.990000 6.273033)
RLR 13.92 0 (5.257840 5.782987 2.881341)
LRL inf 1 (inf inf inf)

# 1.570796 -0.785398 2.800000
# best = 3 = RSR
LSL 14.77 0 (4.868008 4.562237 5.342169)
LSR 8.88 0 (5.169670 2.462923 1.242679)
RSL 9.94 0 (2.171263 1.669007 6.098255)
RSR 3.66 0 (2.145062 1.301697 0.211132)
RLR 13.60 0 (4.955195 5.620264 3.021264)
LRL inf 1 (inf inf inf)

# 1.570796 -0.785398 3.200000
# best = 3 = RSR
LSL 15.17 0 (4.855503 4.957791 5.354674)
LSR 9.24 0 (5.108490 2.949628 1.181499)
RSL 10.28 0 (2.064357 2.225145 5.991348)
RSR 4.01 0 (2.013141 1.651887 0.343053)
RLR 13.22 0 (4.729019 5.431756 3.058931)
LRL inf 1 (inf inf inf)

# 1.570796 -0.785398 3.600000
# best = 3 = RSR
LSL 15.56 0 (4.844847 5.354006 5.365330)
LSR 9.61 0 (5.062652 3.413886 1.135661)
RSL 10.64 0 (1.992936 2.727078 5.919927)
RSR 4.38 0 (1.928302 2.020655 0.427892)
RLR 12.80 0 (4.540323 5.224042 3.039913)
LRL inf 1 (inf inf inf)

# 1.570796 -0.785398 4.000000
# best = 3 = RSR
LSL 15.96 0 (4.835660 5.750745 5.374516)
LSR 9.99 0 (5.026788 3.863798 1.099796)
RSL 11.01 0 (1.940858 3.200413 5.867849)
RSR 4.76 0 (1.869933 2.399450 0.486261)
RLR 12.35 0 (4.368196 4.996527 2.984525)
LRL inf 1 (inf inf inf)

# 1.570796 -0.785398 4.400000
# best = 3 = RSR
LSL 16.36 0 (4.827660 6.147906 5.382516)
LSR 10.37 0 (4.997848 4.303864 1.070857)
RSL 11.38 0 (1.900842 3.656272 5.827833)
RSR 5.14 0 (1.827581 2.784183 0.528613)
RLR 11.84 0 (4.199299 4.743435 2.900330)
LRL inf 1 (inf inf inf)

# 1.570796 -0.785398 4.800000
# best = 3 = RSR
LSL 16.76 0 (4.820631 6.545413 5.389545)
LSR 10.76 0 (4.973946 4.736830 1.046954)
RSL 11.77 0 (1.868974 4.100489 5.795966)
RSR 5.53 0 (1.795556 3.172694 0.560638)
RLR 11.26 0 (4.021146 4.451180 2.786228)
LRL inf 1 (inf inf inf)

# 1.570796 -0.785398 5.200000
# best = 3 = RSR
LSL 17.15 0 (4.814408 6.943207 5.395769)
LSR 11.15 0 (4.953838 5.164482 1.026847)
RSL 12.15 0 (1.842918 4.536485 5.769909)
RSR 5.92 0 (1.770538 3.563749 0.585656)
RLR 10.52 0 (3.812726 4.084376 2.627844)
LRL inf 1 (inf inf inf)

# 1.570796 -0.785398 5.600000
# best = 3 = RSR
LSL 17.55 0 (4.808859 7.341240 5.401318)
LSR 11.53 0 (4.936669 5.588040 1.009677)
RSL 12.54 0 (1.821174 4.966425 5.748165)
RSR 6.31 0 (1.750477 3.956592 0.605717)
RLR 9.23 0 (3.468730 3.436506 2.323970)
LRL inf 1 (inf inf inf)

# 1.570796 -0.785398 6.000000
# best = 3 = RSR
LSL 17.95 0 (4.803881 7.739476 5.406296)
LSR 11.93 0 (4.921825 6.008370 0.994834)
RSL 12.92 0 (1.802728 5.391759 5.729719)
RSR 6.71 0 (1.734046 4.350739 0.622148)
RLR inf 1 (inf inf inf)
LRL inf 1 (inf inf inf)

# 1.570796 -0.785398 6.400000
# best = 3 = RSR
LSL 18.35 0 (4.799390 8.137885 5.410787)
LSR 12.32 0 (4.908857 6.426105 0.981866)
RSL 13.31 0 (1.786869 5.813497 5.713860)
RSR 7.10 0 (1.720347 4.745866 0.635847)
RLR inf 1 (inf inf inf)
LRL inf 1 (inf inf inf)

# 1.570796 -0.785398 6.800000
# best = 3 = RSR
LSL 18.75 0 (4.795318 8.536443 5.414858)
LSR 12.71 0 (4.897425 6.841720 0.970434)
RSL 13.71 0 (1.773078 6.232370 5.700069)
RSR 7.50 0 (1.708756 5.141747 0.647438)
RLR inf 1 (inf inf inf)
LRL inf 1 (inf inf inf)

# 1.570796 -0.785398 7.200000
# best = 3 = RSR
LSL 19.15 0 (4.791610 8.935130 5.418567)
LSR 13.10 0 (4.887268 7.255581 0.960277)
RSL 14.10 0 (1.760969 6.648919 5.687960)
RSR 7.89 0 (1.698823 5.538220 0.657371)
RLR inf 1 (inf inf inf)
LRL inf 1 (inf inf inf)

# 1.570796 -0.785398 7.600000
# best = 3 = RSR
LSL 19.54 0 (4.788219 9.333929 5.421958)
LSR 13.50 0 (4.878181 7.667970 0.951190)
RSL 14.49 0 (1.750248 7.063555 5.677239)
RSR 8.29 0 (1.690218 5.935166 0.665976)
RLR inf 1 (inf inf inf)
LRL inf 1 (inf inf inf)

# 1.570796 -0.785398 8.000000
# best = 3 = RSR
LSL 19.94 0 (4.785105 9.732827 5.425072)
LSR 13.89 0 (4.870002 8.079114 0.943010)
RSL 14.88 0 (1.740686 7.476596 5.667678)
RSR 8.69 0 (1.682693 6.332496 0.673501)
RLR inf 1 (inf inf inf)
LRL inf 1 (inf inf inf)

# 1.963495 -0.785398 0.400000
# best = 4 = RLR
LSL 12.12 0 (4.812173 2.304896 5.005304)
LSR inf 1 (inf inf inf)
RSL inf 1 (inf inf inf)
RSR 10.68 0 (4.380455 1.644071 4.651624)
RLR 7.34 0 (0.815292 5.436045 1.086461)
LRL 7.36 0 (1.056479 5.054983 1.249611)

# 1.963495 -0.785398 0.800000
# best = 5 = LRL
LSL 12.48 0 (4.741122 2.664083 5.076355)
LSR inf 1 (inf inf inf)
RSL inf 1 (inf inf inf)
RSR 10.40 0 (4.185757 1.370467 4.846321)
RLR 7.63 0 (0.694464 5.583784 1.355028)
LRL 6.90 0 (0.870668 4.825463 1.205901)

# 1.963495 -0.785398 1.200000
# best = 5 = LRL
LSL 12.85 0 (4.687156 3.033501 5.130321)
LSR inf 1 (inf inf inf)
RSL inf 1 (inf inf inf)
RSR 10.20 0 (3.910892 1.171918 5.121186)
RLR 7.84 0 (0.471958 5.688502 1.682252)
LRL 6.37 0 (0.684747 4.561552 1.127912)

# 1.963495 -0.785398 1.600000
# best = 5 = LRL
LSL 13.23 0 (4.645001 3.409826 5.172477)
LSR inf 1 (inf inf inf)
RSL inf 1 (inf inf inf)
RSR 10.12 0 (3.562717 1.090230 5.469361)
RLR 7.93 0 (0.145074 5.731085 2.051718)
LRL 5.73 0 (0.482742 4.241853 1.010218)

# 1.963495 -0.785398 2.000000
# best = 5 = LRL
LSL 13.61 0 (4.611272 3.791003 5.206206)
LSR 8.03 0 (5.277680 1.009620 1.743388)
RSL inf 1 (inf inf inf)
RSR 10.18 0 (3.207799 1.150571 5.824279)
RLR 14.15 0 (6.057627 5.699656 2.390922)
LRL 4.83 0 (0.223570 3.790966 0.818503)

# 1.963495 -0.785398 2.400000
# best = 2 = RSL
LSL 13.99 0 (4.583731 4.175703 5.233746)
LSR 8.30 0 (5.057339 1.718357 1.523046)
RSL 4.08 0 (2.950009 0.933665 0.201116)
RSR 10.37 0 (2.919781 1.333801 6.112297)
RLR 13.96 0 (5.721413 5.603264 2.630743)
LRL inf 1 (inf inf inf)

# 1.963495 -0.785398 2.800000
# best = 3 = RSR
LSL 14.38 0 (4.560851 4.563034 5.256626)
LSR 8.61 0 (4.932262 2.281703 1.397970)
RSL 10.63 0 (2.714571 1.666827 6.248864)
RSR 4.35 0 (2.713834 1.598197 0.035059)
RLR 13.67 0 (5.444402 5.461135 2.765626)
LRL inf 1 (inf inf inf)

# 1.963495 -0.785398 3.200000
# best = 3 = RSR
LSL 14.77 0 (4.541560 4.952380 5.275918)
LSR 8.95 0 (4.847104 2.789191 1.312811)
RSL 10.94 0 (2.584656 2.237162 6.118948)
RSR 4.66 0 (2.570567 1.910352 0.178326)
RLR 13.32 0 (5.214253 5.287370 2.822011)
LRL inf 1 (inf inf inf)

# 1.963495 -0.785398 3.600000
# best = 3 = RSR
LSL 15.16 0 (4.525086 5.343301 5.292392)
LSR 9.30 0 (4.784230 3.266957 1.249937)
RSL 11.28 0 (2.497039 2.747995 6.031331)
RSR 5.00 0 (2.468998 2.250479 0.279895)
RLR 12.93 0 (5.013040 5.088083 2.823936)
LRL inf 1 (inf inf inf)

# 1.963495 -0.785398 4.000000
# best = 3 = RSR
LSL 15.55 0 (4.510861 5.735473 5.306616)
LSR 9.66 0 (4.735483 3.726449 1.201191)
RSL 11.63 0 (2.432684 3.227702 5.966976)
RSR 5.36 0 (2.394649 2.607656 0.354244)
RLR 12.47 0 (4.826136 4.862974 2.785731)
LRL inf 1 (inf inf inf)

# 1.963495 -0.785398 4.400000
# best = 3 = RSR
LSL 15.95 0 (4.498460 6.128657 5.319018)
LSR 10.03 0 (4.696396 4.173709 1.162104)
RSL 11.99 0 (2.382957 3.688447 5.917250)
RSR 5.72 0 (2.338443 2.975748 0.410450)
RLR 11.96 0 (4.641092 4.605300 2.713100)
LRL inf 1 (inf inf inf)

# 1.963495 -0.785398 4.800000
# best = 3 = RSR
LSL 16.34 0 (4.487555 6.522670 5.329923)
LSR 10.41 0 (4.664265 4.612295 1.129972)
RSL 12.36 0 (2.343182 4.136571 5.877475)
RSR 6.10 0 (2.294716 3.351162 0.454177)
RLR 11.34 0 (4.443084 4.296737 2.602546)
LRL inf 1 (inf inf inf)

# 1.963495 -0.785398 5.200000
# best = 3 = RSR
LSL 16.73 0 (4.477893 6.917371 5.339584)
LSR 10.78 0 (4.637332 5.044470 1.103040)
RSL 12.73 0 (2.310544 4.575784 5.844837)
RSR 6.48 0 (2.259851 3.731689 0.489042)
RLR 10.51 0 (4.198999 3.878296 2.428190)
LRL inf 1 (inf inf inf)

# 1.963495 -0.785398 5.600000
# best = 3 = RSR
LSL 17.13 0 (4.469276 7.312647 5.348202)
LSR 11.17 0 (4.614402 5.471755 1.080110)
RSL 13.11 0 (2.283228 5.008431 5.817520)
RSR 6.86 0 (2.231466 4.115910 0.517427)
RLR inf 1 (inf inf inf)
LRL inf 1 (inf inf inf)

# 1.963495 -0.785398 6.000000
# best = 3 = RSR
LSL 17.53 0 (4.461542 7.708411 5.355935)
LSR 11.55 0 (4.594626 5.895211 1.060334)
RSL 13.49 0 (2.259999 5.436080 5.794291)
RSR 7.25 0 (2.207943 4.502879 0.540950)
RLR inf 1 (inf inf inf)
LRL inf 1 (inf inf inf)

# 1.963495 -0.785398 6.400000
# best = 3 = RSR
LSL 17.92 0 (4.454565 8.104590 5.362913)
LSR 11.94 0 (4.577383 6.315611 1.043091)
RSL 13.87 0 (2.239984 5.859825 5.774277)
RSR 7.64 0 (2.188152 4.891946 0.560741)
RLR inf 1 (inf inf inf)
LRL inf 1 (inf inf inf)

# 1.963495 -0.785398 6.800000
# best = 3 = RSR
LSL 18.32 0 (4.448238 8.501128 5.369240)
LSR 12.32 0 (4.562210 6.733525 1.027917)
RSL 14.26 0 (2.222549 6.280456 5.756841)
RSR 8.03 0 (2.171283 5.282646 0.577610)
RLR inf 1 (inf inf inf)
LRL inf 1 (inf inf inf)

# 1.963495 -0.785398 7.200000
# best = 3 = RSR
LSL 18.72 0 (4.442475 8.897975 5.375003)
LSR 12.71 0 (4.548748 7.149390 1.014455)
RSL 14.65 0 (2.207217 6.698560 5.741509)
RSR 8.42 0 (2.156741 5.674641 0.592152)
RLR inf 1 (inf inf inf)
LRL inf 1 (inf inf inf)

# 1.963495 -0.785398 7.600000
# best = 3 = RSR
LSL 19.11 0 (4.437204 9.295093 5.380273)
LSR 13.10 0 (4.536720 7.563544 1.002428)
RSL 15.04 0 (2.193623 7.114583 5.727915)
RSR 8.82 0 (2.144081 6.067682 0.604812)
RLR inf 1 (inf inf inf)
LRL inf 1 (inf inf inf)

# 1.963495 -0.785398 8.000000
# best = 3 = RSR
LSL 19.51 0 (4.432366 9.692448 5.385112)
LSR 13.49 0 (4.525907 7.976253 0.991614)
RSL 15.43 0 (2.181484 7.528869 5.715776)
RSR 9.21 0 (2.132962 6.461577 0.615931)
RLR inf 1 (inf inf inf)
LRL inf 1 (inf inf inf)

# 2.356194 -0.785398 0.400000
# best = 5 = LRL
LSL 11.73 0 (4.589118 2.300298 4.835660)
LSR inf 1 (inf inf inf)
RSL inf 1 (inf inf inf)
RSR 11.17 0 (4.549139 1.740296 4.875638)
RLR 7.62 0 (0.957426 5.382945 1.283925)
LRL 6.97 0 (0.834830 5.057795 1.081373)

# 2.356194 -0.785398 0.800000
# best = 5 = LRL
LSL 12.05 0 (4.495380 2.627307 4.929399)
LSR inf 1 (inf inf inf)
RSL inf 1 (inf inf inf)
RSR 10.97 0 (4.336724 1.541836 5.088053)
RLR 7.84 0 (0.799426 5.491775 1.550755)
LRL 6.56 0 (0.637185 4.849980 1.071203)

# 2.356194 -0.785398 1.200000
# best = 5 = LRL
LSL 12.40 0 (4.422876 2.972224 5.001903)
LSR inf 1 (inf inf inf)
RSL inf 1 (inf inf inf)
RSR 10.86 0 (4.077320 1.430345 5.347458)
RLR 7.96 0 (0.570045 5.551821 1.840183)
LRL 6.07 0 (0.443658 4.607935 1.022685)

# 2.356194 -0.785398 1.600000
# best = 5 = LRL
LSL 12.75 0 (4.365682 3.329487 5.059097)
LSR inf 1 (inf inf inf)
RSL inf 1 (inf inf inf)
RSR 10.85 0 (3.796368 1.426365 5.628410)
RLR 7.97 0 (0.290158 5.553952 2.122200)
LRL 5.49 0 (0.240715 4.316438 0.934131)

# 2.356194 -0.785398 2.000000
# best = 5 = LRL
LSL 13.12 0 (4.319690 3.695518 5.105088)
LSR 7.85 0 (5.497108 0.001360 2.355514)
RSL inf 1 (inf inf inf)
RSR 10.96 0 (3.534291 1.530733 5.890486)
RLR 14.14 0 (6.283185 5.497787 2.356194)
LRL 4.71 0 (0.000000 3.926991 0.785398)

# 2.356194 -0.785398 2.400000
# best = 2 = RSL
LSL 13.49 0 (4.282052 4.067951 5.142726)
LSR 8.01 0 (4.912102 1.326651 1.770508)
RSL 4.87 0 (3.341305 1.326649 0.199713)
RSR 11.15 0 (3.318243 1.723883 6.106535)
RLR 13.93 0 (6.014267 5.392049 2.519373)
LRL inf 1 (inf inf inf)

# 2.356194 -0.785398 2.800000
# best = 2 = RSL
LSL 13.87 0 (4.250764 4.445177 5.174015)
LSR 8.26 0 (4.722594 1.959592 1.581001)
RSL 5.12 0 (3.151797 1.959591 0.010205)
RSR 11.40 0 (3.151744 1.980001 6.273033)
RLR 13.64 0 (5.775502 5.247515 2.613605)
LRL inf 1 (inf inf inf)

# 2.356194 -0.785398 3.200000
# best = 3 = RSR
LSL 14.25 0 (4.224392 4.826072 5.200386)
LSR 8.56 0 (4.602123 2.498000 1.460529)
RSL 11.70 0 (3.031326 2.497999 6.172919)
RSR 5.42 0 (3.025993 2.277945 0.115599)
RLR 13.28 0 (5.561705 5.071424 2.651311)
LRL inf 1 (inf inf inf)

# 2.356194 -0.785398 3.600000
# best = 3 = RSR
LSL 14.63 0 (4.201892 5.209831 5.222887)
LSR 8.88 0 (4.516022 2.993326 1.374429)
RSL 12.03 0 (2.945225 2.993325 6.086818)
RSR 5.74 0 (2.930460 2.603394 0.211132)
RLR 12.87 0 (5.363352 4.865782 2.644023)
LRL inf 1 (inf inf inf)

# 2.356194 -0.785398 4.000000
# best = 3 = RSR
LSL 15.02 0 (4.182487 5.595865 5.242292)
LSR 9.22 0 (4.450590 3.464102 1.308997)
RSL 12.37 0 (2.879793 3.464101 6.021386)
RSR 6.09 0 (2.856668 2.947251 0.284924)
RLR 12.39 0 (5.169917 4.626497 2.598173)
LRL inf 1 (inf inf inf)

# 2.356194 -0.785398 4.400000
# best = 3 = RSR
LSL 15.41 0 (4.165592 5.983735 5.259187)
LSR 9.58 0 (4.398853 3.919184 1.257260)
RSL 12.72 0 (2.828056 3.919183 5.969649)
RSR 6.45 0 (2.798539 3.303773 0.343053)
RLR 11.82 0 (4.968258 4.339438 2.512772)
LRL inf 1 (inf inf inf)

# 2.356194 -0.785398 4.800000
# best = 3 = RSR
LSL 15.80 0 (4.150757 6.373104 5.274021)
LSR 9.94 0 (4.356767 4.363485 1.215173)
RSL 13.08 0 (2.785969 4.363484 5.927563)
RSR 6.81 0 (2.751858 3.669271 0.389734)
RLR 11.06 0 (4.732160 3.960604 2.370036)
LRL inf 1 (inf inf inf)

# 2.356194 -0.785398 5.200000
# best = 3 = RSR
LSL 16.19 0 (4.137634 6.763714 5.287145)
LSR 10.30 0 (4.321782 4.800001 1.180189)
RSL 13.44 0 (2.750985 4.799999 5.892578)
RSR 7.18 0 (2.713700 4.041309 0.427892)
RLR inf 1 (inf inf inf)
LRL inf 1 (inf inf inf)

# 2.356194 -0.785398 5.600000
# best = 3 = RSR
LSL 16.58 0 (4.125945 7.155361 5.298834)
LSR 10.67 0 (4.292198 5.230679 1.150605)
RSL 13.82 0 (2.721401 5.230678 5.862994)
RSR 7.56 0 (2.682014 4.418236 0.459578)
RLR inf 1 (inf inf inf)
LRL inf 1 (inf inf inf)

# 2.356194 -0.785398 6.000000
# best = 3 = RSR
LSL 16.97 0 (4.115471 7.547885 5.309308)
LSR 11.05 0 (4.266828 5.656855 1.125235)
RSL 14.19 0 (2.696031 5.656854 5.837624)
RSR 7.94 0 (2.655331 4.798899 0.486261)
RLR inf 1 (inf inf inf)
LRL inf 1 (inf inf inf)

# 2.356194 -0.785398 6.400000
# best = 3 = RSR
LSL 17.37 0 (4.106033 7.941155 5.318746)
LSR 11.43 0 (4.244815 6.079474 1.103222)
RSL 14.57 0 (2.674018 6.079473 5.815611)
RSR 8.32 0 (2.632583 5.182477 0.509009)
RLR inf 1 (inf inf inf)
LRL inf 1 (inf inf inf)

# 2.356194 -0.785398 6.800000
# best = 3 = RSR
LSL 17.76 0 (4.097486 8.335065 5.327292)
LSR 11.81 0 (4.225523 6.499231 1.083930)
RSL 14.95 0 (2.654726 6.499230 5.796319)
RSR 8.71 0 (2.612980 5.568365 0.528612)
RLR inf 1 (inf inf inf)
LRL inf 1 (inf inf inf)

# 2.356194 -0.785398 7.200000
# best = 3 = RSR
LSL 18.15 0 (4.089712 8.729529 5.335067)
LSR 12.19 0 (4.208471 6.916647 1.066878)
RSL 15.33 0 (2.637674 6.916646 5.779267)
RSR 9.10 0 (2.595922 5.956116 0.545670)
RLR inf 1 (inf inf inf)
LRL inf 1 (inf inf inf)

# 2.356194 -0.785398 7.600000
# best = 3 = RSR
LSL 18.55 0 (4.082610 9.124475 5.342169)
LSR 12.58 0 (4.193285 7.332122 1.051692)
RSL 15.72 0 (2.622488 7.332121 5.764081)
RSR 9.49 0 (2.580954 6.345388 0.560638)
RLR inf 1 (inf inf inf)
LRL inf 1 (inf inf inf)

# 2.356194 -0.785398 8.000000
# best = 3 = RSR
LSL 18.94 0 (4.076097 9.519844 5.348681)
LSR 12.96 0 (4.179671 7.745967 1.038078)
RSL 16.11 0 (2.608874 7.745966 5.750468)
RSR 9.88 0 (2.567719 6.735917 0.573873)
RLR inf 1 (inf inf inf)
LRL inf 1 (inf inf inf)

# 2.748894 -0.785398 0.400000
# best = 5 = LRL
LSL 11.24 0 (4.364903 2.208980 4.667176)
LSR inf 1 (inf inf inf)
RSL inf 1 (inf inf inf)
RSR 11.59 0 (4.719805 1.770855 5.097673)
RLR 7.98 0 (1.119589 5.365940 1.497457)
LRL 6.69 0 (0.638256 5.113076 0.940529)

# 2.748894 -0.785398 0.800000
# best = 5 = LRL
LSL 11.53 0 (4.246314 2.496282 4.785765)
LSR inf 1 (inf inf inf)
RSL inf 1 (inf inf inf)
RSR 11.47 0 (4.495533 1.656531 5.321945)
RLR 8.11 0 (0.926950 5.429206 1.753362)
LRL 6.34 0 (0.430780 4.935303 0.970231)

# 2.748894 -0.785398 1.200000
# best = 5 = LRL
LSL 11.84 0 (4.153216 2.811273 4.878863)
LSR inf 1 (inf inf inf)
RSL inf 1 (inf inf inf)
RSR 11.45 0 (4.252220 1.634706 5.565257)
RLR 8.13 0 (0.689624 5.441178 2.002661)
LRL 5.91 0 (0.232272 4.724483 0.957919)

# 2.748894 -0.785398 1.600000
# best = 5 = LRL
LSL 12.18 0 (4.079376 3.145646 4.952703)
LSR inf 1 (inf inf inf)
RSL inf 1 (inf inf inf)
RSR 11.53 0 (4.016511 1.708927 5.800966)
RLR 8.05 0 (0.433490 5.400328 2.217945)
LRL 5.41 0 (0.032805 4.473230 0.906133)

# 2.748894 -0.785398 2.000000
# best = 2 = RSL
LSL 12.53 0 (4.019980 3.493840 5.012098)
LSR inf 1 (inf inf inf)
RSL 5.41 0 (3.870743 1.204133 0.336451)
RSR 11.69 0 (3.810670 1.867779 6.006807)
RLR 7.87 0 (0.183244 5.311520 2.379382)
LRL 11.07 0 (6.099309 4.158658 0.808242)

# 2.748894 -0.785398 2.400000
# best = 2 = RSL
LSL 12.88 0 (3.971487 3.852110 5.060591)
LSR 7.69 0 (4.919610 0.595825 2.170716)
RSL 5.63 0 (3.649234 1.862653 0.114942)
RSR 11.91 0 (3.642926 2.092073 6.174551)
RLR 13.90 0 (6.234130 5.182409 2.482570)
LRL 10.12 0 (5.815057 3.687139 0.620976)

# 2.748894 -0.785398 2.800000
# best = 3 = RSR
LSL 13.25 0 (3.931324 4.217888 5.100755)
LSR 7.84 0 (4.556994 1.474947 1.808100)
RSL 12.18 0 (3.510819 2.410190 6.259712)
RSR 5.90 0 (3.510585 2.363247 0.023707)
RLR 13.57 0 (6.020113 5.019056 2.533235)
LRL inf 1 (inf inf inf)

# 2.748894 -0.785398 3.200000
# best = 3 = RSR
LSL 13.62 0 (3.897615 4.589380 5.134464)
LSR 8.08 0 (4.375931 2.077482 1.627038)
RSL 12.48 0 (3.412452 2.910078 6.161345)
RSR 6.20 0 (3.406892 2.667040 0.127400)
RLR 13.18 0 (5.818632 4.823479 2.539139)
LRL inf 1 (inf inf inf)

# 2.748894 -0.785398 3.600000
# best = 3 = RSR
LSL 14.00 0 (3.868982 4.965304 5.163097)
LSR 8.37 0 (4.255484 2.603150 1.506591)
RSL 12.81 0 (3.337927 3.383503 6.086820)
RSR 6.53 0 (3.325087 2.993539 0.209205)
RLR 12.72 0 (5.621057 4.591939 2.505174)
LRL inf 1 (inf inf inf)

# 2.748894 -0.785398 4.000000
# best = 3 = RSR
LSL 14.38 0 (3.844396 5.344724 5.187683)
LSR 8.68 0 (4.167430 3.091416 1.418536)
RSL 13.15 0 (3.279126 3.840264 6.028020)
RSR 6.87 0 (3.259714 3.336082 0.274578)
RLR 12.16 0 (5.414952 4.310475 2.429816)
LRL inf 1 (inf inf inf)

# 2.748894 -0.785398 4.400000
# best = 3 = RSR
LSL 14.76 0 (3.823080 5.726946 5.208998)
LSR 9.01 0 (4.099560 3.557712 1.350667)
RSL 13.50 0 (3.231374 4.285694 5.980268)
RSR 7.22 0 (3.206696 3.690205 0.327596)
RLR 11.40 0 (5.173648 3.933905 2.294549)
LRL inf 1 (inf inf inf)

# 2.748894 -0.785398 4.800000
# best = 3 = RSR
LSL 15.14 0 (3.804439 6.111443 5.227639)
LSR 9.35 0 (4.045367 4.009710 1.296473)
RSL 13.86 0 (3.191736 4.722998 5.940629)
RSR 7.59 0 (3.163061 4.052873 0.371231)
RLR inf 1 (inf inf inf)
LRL inf 1 (inf inf inf)

# 2.748894 -0.785398 5.200000
# best = 3 = RSR
LSL 15.53 0 (3.788010 6.497813 5.244068)
LSR 9.70 0 (4.000961 4.451768 1.252068)
RSL 14.22 0 (3.158258 5.154246 5.907151)
RSR 7.96 0 (3.126650 4.421984 0.407642)
RLR inf 1 (inf inf inf)
LRL inf 1 (inf inf inf)

# 2.748894 -0.785398 5.600000
# best = 3 = RSR
LSL 15.92 0 (3.773428 6.885739 5.258650)
LSR 10.07 0 (3.963842 4.886583 1.214949)
RSL 14.59 0 (3.129578 5.580841 5.878472)
RSR 8.33 0 (3.095884 4.796052 0.438408)
RLR inf 1 (inf inf inf)
LRL inf 1 (inf inf inf)

# 2.748894 -0.785398 6.000000
# best = 3 = RSR
LSL 16.31 0 (3.760405 7.274973 5.271674)
LSR 10.43 0 (3.932313 5.315934 1.183420)
RSL 14.96 0 (3.104718 6.003776 5.853611)
RSR 8.71 0 (3.069590 5.174001 0.464702)
RLR inf 1 (inf inf inf)
LRL inf 1 (inf inf inf)

# 2.748894 -0.785398 6.400000
# best = 3 = RSR
LSL 16.70 0 (3.748705 7.665316 5.283373)
LSR 10.80 0 (3.905176 5.741047 1.156283)
RSL 15.34 0 (3.082950 6.423773 5.831844)
RSR 9.09 0 (3.046890 5.555038 0.487402)
RLR inf 1 (inf inf inf)
LRL inf 1 (inf inf inf)

# 2.748894 -0.785398 6.800000
# best = 3 = RSR
LSL 17.09 0 (3.738141 8.056606 5.293938)
LSR 11.18 0 (3.881559 6.162798 1.132666)
RSL 15.72 0 (3.063725 6.841374 5.812618)
RSR 9.47 0 (3.027112 5.938570 0.507180)
RLR inf 1 (inf inf inf)
LRL inf 1 (inf inf inf)

# 2.748894 -0.785398 7.200000
# best = 3 = RSR
LSL 17.48 0 (3.728556 8.448712 5.303522)
LSR 11.55 0 (3.860809 6.581834 1.111916)
RSL 16.10 0 (3.046616 7.256993 5.795509)
RSR 9.86 0 (3.009740 6.324143 0.524552)
RLR inf 1 (inf inf inf)
LRL inf 1 (inf inf inf)

# 2.748894 -0.785398 7.600000
# best = 3 = RSR
LSL 17.87 0 (3.719823 8.841525 5.312256)
LSR 11.93 0 (3.842428 6.998643 1.093535)
RSL 16.48 0 (3.031288 7.670950 5.780181)
RSR 10.25 0 (2.994369 6.711405 0.539923)
RLR inf 1 (inf inf inf)
LRL inf 1 (inf inf inf)

# 2.748894 -0.785398 8.000000
# best = 3 = RSR
LSL 18.27 0 (3.711833 9.234955 5.320246)
LSR 12.32 0 (3.826027 7.413600 1.077134)
RSL 16.87 0 (3.017475 8.083503 5.766369)
RSR 10.63 0 (2.980678 7.100079 0.553614)
RLR inf 1 (inf inf inf)
LRL inf 1 (inf inf inf)

# 3.141593 -0.785398 0.400000
# best = 5 = LRL
LSL 10.67 0 (4.137049 2.034674 4.502331)
LSR inf 1 (inf inf inf)
RSL inf 1 (inf inf inf)
RSR 11.94 0 (4.890384 1.734511 5.319792)
RLR 8.42 0 (1.300277 5.386156 1.729685)
LRL 6.50 0 (0.461819 5.215910 0.827100)

# 3.141593 -0.785398 0.800000
# best = 5 = LRL
LSL 10.92 0 (3.989134 2.277188 4.650245)
LSR inf 1 (inf inf inf)
RSL inf 1 (inf inf inf)
RSR 11.92 0 (4.658027 1.709632 5.552149)
RLR 8.44 0 (1.074811 5.399938 1.968933)
LRL 6.22 0 (0.241891 5.071885 0.903002)

# 3.141593 -0.785398 1.200000
# best = 5 = LRL
LSL 11.20 0 (3.871710 2.559545 4.767670)
LSR inf 1 (inf inf inf)
RSL inf 1 (inf inf inf)
RSR 11.99 0 (4.431303 1.776839 5.778873)
RLR 8.37 0 (0.829419 5.362601 2.176988)
LRL 5.86 0 (0.035767 4.894485 0.931727)

# 3.141593 -0.785398 1.600000
# best = 2 = RSL
LSL 11.51 0 (3.778620 2.870009 4.860759)
LSR inf 1 (inf inf inf)
RSL 5.87 0 (4.303108 1.186815 0.376117)
RSR 12.14 0 (4.230476 1.926518 5.979700)
RLR 8.20 0 (0.586370 5.278159 2.335594)
LRL 11.72 0 (6.120003 4.682765 0.918957)

# 3.141593 -0.785398 2.000000
# best = 2 = RSL
LSL 11.84 0 (3.704210 3.200412 4.935170)
LSR inf 1 (inf inf inf)
RSL 6.07 0 (4.074311 1.847759 0.147320)
RSR 12.35 0 (4.064195 2.141445 6.145982)
RLR 7.95 0 (0.357667 5.153314 2.439453)
LRL 11.21 0 (5.918336 4.428251 0.866110)

# 3.141593 -0.785398 2.400000
# best = 2 = RSL
LSL 12.18 0 (3.643990 3.545183 4.995389)
LSR inf 1 (inf inf inf)
RSL 6.33 0 (3.931179 2.395809 0.004188)
RSR 12.61 0 (3.931171 2.404184 6.279005)
RLR 7.63 0 (0.144769 4.993567 2.492603)
LRL 10.57 0 (5.696298 4.104616 0.764512)

# 3.141593 -0.785398 2.800000
# best = 3 = RSR
LSL 12.54 0 (3.594589 3.900514 5.044790)
LSR 7.37 0 (4.522514 0.682633 2.166320)
RSL 12.91 0 (3.829343 2.895788 6.185537)
RSR 6.63 0 (3.825815 2.700818 0.101176)
RLR 13.53 0 (6.226166 4.800701 2.501527)
LRL 9.53 0 (5.388882 3.588585 0.555898)

# 3.141593 -0.785398 3.200000
# best = 3 = RSR
LSL 12.90 0 (3.553519 4.263765 5.085861)
LSR 7.52 0 (4.180528 1.516675 1.824334)
RSL 13.23 0 (3.752132 3.369165 6.108326)
RSR 6.95 0 (3.742037 3.021379 0.184954)
RLR 13.07 0 (6.027450 4.570825 2.470366)
LRL inf 1 (inf inf inf)

# 3.141593 -0.785398 3.600000
# best = 3 = RSR
LSL 13.27 0 (3.518945 4.633074 5.120434)
LSR 7.76 0 (4.000994 2.110596 1.644799)
RSL 13.56 0 (3.691182 3.825828 6.047377)
RSR 7.29 0 (3.674704 3.359025 0.252287)
RLR 12.51 0 (5.819463 4.289517 2.397046)
LRL inf 1 (inf inf inf)

# 3.141593 -0.785398 4.000000
# best = 3 = RSR
LSL 13.65 0 (3.489506 5.007101 5.149874)
LSR 8.04 0 (3.880047 2.632286 1.523853)
RSL 13.91 0 (3.641670 4.271141 5.997865)
RSR 7.64 0 (3.619869 3.709092 0.307122)
RLR 11.75 0 (5.574400 3.909062 2.261653)
LRL inf 1 (inf inf inf)

# 3.141593 -0.785398 4.400000
# best = 3 = RSR
LSL 14.02 0 (3.464178 5.384863 5.175202)
LSR 8.34 0 (3.791040 3.118212 1.434846)
RSL 14.27 0 (3.600564 4.708325 5.956759)
RSR 8.00 0 (3.574602 4.068375 0.352389)
RLR inf 1 (inf inf inf)
LRL inf 1 (inf inf inf)

# 3.141593 -0.785398 4.800000
# best = 3 = RSR
LSL 14.41 0 (3.442182 5.765625 5.197198)
LSR 8.67 0 (3.722148 3.582954 1.365954)
RSL 14.63 0 (3.565842 5.139457 5.922037)
RSR 8.36 0 (3.536745 4.434636 0.390246)
RLR inf 1 (inf inf inf)
LRL inf 1 (inf inf inf)

# 3.141593 -0.785398 5.200000
# best = 3 = RSR
LSL 14.79 0 (3.422920 6.148831 5.216460)
LSR 9.01 0 (3.666977 4.033841 1.310782)
RSL 14.99 0 (3.536096 5.565941 5.892291)
RSR 8.73 0 (3.504703 4.806278 0.422288)
RLR inf 1 (inf inf inf)
LRL inf 1 (inf inf inf)

# 3.141593 -0.785398 5.600000
# best = 3 = RSR
LSL 15.17 0 (3.405923 6.534050 5.233457)
LSR 9.36 0 (3.621672 4.475063 1.265478)
RSL 15.37 0 (3.510311 5.988772 5.866505)
RSR 9.11 0 (3.477283 5.182145 0.449708)
RLR inf 1 (inf inf inf)
LRL inf 1 (inf inf inf)

# 3.141593 -0.785398 6.000000
# best = 3 = RSR
LSL 15.56 0 (3.390823 6.920946 5.248557)
LSR 9.72 0 (3.583739 4.909226 1.227545)
RSL 15.74 0 (3.487734 6.408672 5.843928)
RSR 9.49 0 (3.453588 5.561379 0.473403)
RLR inf 1 (inf inf inf)
LRL inf 1 (inf inf inf)

# 3.141593 -0.785398 6.400000
# best = 3 = RSR
LSL 15.95 0 (3.377324 7.309253 5.262056)
LSR 10.08 0 (3.551476 5.338054 1.195281)
RSL 16.12 0 (3.467794 6.826182 5.823988)
RSR 9.87 0 (3.432927 5.943337 0.494064)
RLR inf 1 (inf inf inf)
LRL inf 1 (inf inf inf)

# 3.141593 -0.785398 6.800000
# best = 3 = RSR
LSL 16.34 0 (3.365189 7.698757 5.274191)
LSR 10.45 0 (3.523677 5.762736 1.167483)
RSL 16.50 0 (3.450049 7.241715 5.806244)
RSR 10.25 0 (3.414769 6.327525 0.512222)
RLR inf 1 (inf inf inf)
LRL inf 1 (inf inf inf)

# 3.141593 -0.785398 7.200000
# best = 3 = RSR
LSL 16.73 0 (3.354224 8.089286 5.285156)
LSR 10.83 0 (3.499463 6.184129 1.143269)
RSL 16.88 0 (3.434153 7.655595 5.790348)
RSR 10.64 0 (3.398694 6.713560 0.528297)
RLR inf 1 (inf inf inf)
LRL inf 1 (inf inf inf)

# 3.141593 -0.785398 7.600000
# best = 3 = RSR
LSL 17.12 0 (3.344270 8.480697 5.295109)
LSR 11.20 0 (3.478173 6.602860 1.121979)
RSL 17.26 0 (3.419829 8.068074 5.776023)
RSR 11.03 0 (3.384370 7.101141 0.542621)
RLR inf 1 (inf inf inf)
LRL inf 1 (inf inf inf)

# 3.141593 -0.785398 8.000000
# best = 3 = RSR
LSL 17.51 0 (3.335196 8.872875 5.304184)
LSR 11.58 0 (3.459301 7.019407 1.103107)
RSL 17.65 0 (3.406852 8.479357 5.763046)
RSR 11.42 0 (3.371531 7.490028 0.555460)
RLR inf 1 (inf inf inf)
LRL inf 1 (inf inf inf)

# -3.141593 -0.392699 0.400000
# best = 5 = LRL
LSL 11.11 0 (4.326013 2.076995 4.706067)
LSR inf 1 (inf inf inf)
RSL inf 1 (inf inf inf)
RSR 11.74 0 (4.703388 1.923957 5.114088)
RLR 7.81 0 (1.060013 5.279620 1.470713)
LRL 6.85 0 (0.638448 5.191242 1.018503)

# -3.141593 -0.392699 0.800000
# best = 5 = LRL
LSL 11.29 0 (4.161203 2.258330 4.870877)
LSR inf 1 (inf inf inf)
RSL inf 1 (inf inf inf)
RSR 11.79 0 (4.498784 1.968620 5.318693)
RLR 7.76 0 (0.842628 5.254058 1.662536)
LRL 6.63 0 (0.419683 5.083331 1.129357)

# -3.141593 -0.392699 1.200000
# best = 5 = LRL
LSL 11.52 0 (4.023988 2.491225 5.008091)
LSR inf 1 (inf inf inf)
RSL inf 1 (inf inf inf)
RSR 11.91 0 (4.310664 2.090291 5.506812)
RLR 7.62 0 (0.619206 5.183454 1.815354)
LRL 6.34 0 (0.210071 4.938537 1.194174)

# -3.141593 -0.392699 1.600000
# best = 5 = LRL
LSL 11.79 0 (3.911940 2.762670 5.120140)
LSR inf 1 (inf inf inf)
RSL inf 1 (inf inf inf)
RSR 12.09 0 (4.148243 2.276658 5.669234)
RLR 7.40 0 (0.401161 5.072207 1.922152)
LRL 5.98 0 (0.007935 4.758362 1.216135)

# -3.141593 -0.392699 2.000000
# best = 2 = RSL
LSL 12.09 0 (3.820855 3.062433 5.211224)
LSR inf 1 (inf inf inf)
RSL 6.10 0 (4.168902 1.297294 0.634610)
RSR 12.33 0 (4.013346 2.513369 5.804131)
RLR 7.10 0 (0.192333 4.924344 1.983118)
LRL 11.83 0 (6.090462 4.539213 1.197645)

# -3.141593 -0.392699 2.400000
# best = 2 = RSL
LSL 12.42 0 (3.746507 3.382993 5.285572)
LSR 6.75 0 (4.613696 0.274522 1.864802)
RSL 6.34 0 (3.970529 1.936264 0.436238)
RSR 12.61 0 (3.903287 2.787629 5.914189)
RLR 13.02 0 (6.273804 4.741033 2.001521)
LRL 11.28 0 (5.880134 4.267254 1.136013)

# -3.141593 -0.392699 2.800000
# best = 2 = RSL
LSL 12.75 0 (3.685303 3.718977 5.346777)
LSR 6.90 0 (4.146740 1.359859 1.397846)
RSL 6.63 0 (3.844769 2.476947 0.310478)
RSR 12.91 0 (3.813812 3.089455 6.003664)
RLR 12.57 0 (6.072851 4.518077 1.979517)
LRL 10.54 0 (5.633178 3.895750 1.011467)

# -3.141593 -0.392699 3.200000
# best = 2 = RSL
LSL 13.10 0 (3.634396 4.066563 5.397683)
LSR 7.15 0 (3.957587 1.985716 1.208693)
RSL 6.95 0 (3.754948 2.973451 0.220657)
RSR 13.23 0 (3.740733 3.411537 6.076743)
RLR 12.01 0 (5.860841 4.240216 1.913666)
LRL inf 1 (inf inf inf)

# -3.141593 -0.392699 3.600000
# best = 2 = RSL
LSL 13.46 0 (3.591598 4.423017 5.440481)
LSR 7.44 0 (3.835856 2.521294 1.086962)
RSL 7.28 0 (3.686708 3.444932 0.152416)
RSR 13.57 0 (3.680523 3.748658 6.136954)
RLR 11.24 0 (5.607703 3.854361 1.780949)
LRL inf 1 (inf inf inf)

# -3.141593 -0.392699 4.000000
# best = 2 = RSL
LSL 13.82 0 (3.555239 4.786359 5.476840)
LSR 7.76 0 (3.748322 3.015091 0.999428)
RSL 7.63 0 (3.632761 3.900475 0.098470)
RSR 13.91 0 (3.630396 4.097107 6.187080)
RLR inf 1 (inf inf inf)
LRL inf 1 (inf inf inf)

# -3.141593 -0.392699 4.400000
# best = 2 = RSL
LSL 14.19 0 (3.524046 5.155131 5.508034)
LSR 8.10 0 (3.681548 3.484915 0.932654)
RSL 7.99 0 (3.588884 4.345095 0.054593)
RSR 14.27 0 (3.588215 4.454228 6.229261)
RLR inf 1 (inf inf inf)
LRL inf 1 (inf inf inf)

# -3.141593 -0.392699 4.800000
# best = 2 = RSL
LSL 14.56 0 (3.497039 5.528248 5.535040)
LSR 8.45 0 (3.628611 3.939351 0.879717)
RSL 8.35 0 (3.552417 4.781840 0.018126)
RSR 14.64 0 (3.552349 4.818090 6.265127)
RLR inf 1 (inf inf inf)
LRL inf 1 (inf inf inf)

# -3.141593 -0.392699 5.200000
# best = 3 = RSR
LSL 14.94 0 (3.473463 5.904885 5.558616)
LSR 8.81 0 (3.585465 4.383188 0.836571)
RSL 15.00 0 (3.521584 5.212691 6.270478)
RSR 8.72 0 (3.521553 5.187278 0.012738)
RLR inf 1 (inf inf inf)
LRL inf 1 (inf inf inf)

# -3.141593 -0.392699 5.600000
# best = 3 = RSR
LSL 15.32 0 (3.452724 6.284411 5.579356)
LSR 9.17 0 (3.549546 4.819356 0.800652)
RSL 15.38 0 (3.495147 5.638997 6.244041)
RSR 9.10 0 (3.494871 5.560729 0.039420)
RLR inf 1 (inf inf inf)
LRL inf 1 (inf inf inf)

# -3.141593 -0.392699 6.000000
# best = 3 = RSR
LSL 15.70 0 (3.434354 6.666331 5.597726)
LSR 9.54 0 (3.519137 5.249766 0.770243)
RSL 15.76 0 (3.472211 6.061719 6.221105)
RSR 9.47 0 (3.471562 5.937639 0.062729)
RLR inf 1 (inf inf inf)
LRL inf 1 (inf inf inf)

# -3.141593 -0.392699 6.400000
# best = 3 = RSR
LSL 16.08 0 (3.417979 7.050256 5.614100)
LSR 9.91 0 (3.493034 5.675729 0.744140)
RSL 16.13 0 (3.452113 6.481557 6.201007)
RSR 9.85 0 (3.451045 6.317389 0.083247)
RLR inf 1 (inf inf inf)
LRL inf 1 (inf inf inf)

# -3.141593 -0.392699 6.800000
# best = 3 = RSR
LSL 16.47 0 (3.403300 7.435876 5.628780)
LSR 10.29 0 (3.470367 6.098176 0.721473)
RSL 16.52 0 (3.434351 6.899038 6.183245)
RSR 10.23 0 (3.432861 6.699497 0.101430)
RLR inf 1 (inf inf inf)
LRL inf 1 (inf inf inf)

# -3.141593 -0.392699 7.200000
# best = 3 = RSR
LSL 16.86 0 (3.390070 7.822941 5.642009)
LSR 10.67 0 (3.450490 6.517791 0.701596)
RSL 16.90 0 (3.418534 7.314566 6.167428)
RSR 10.62 0 (3.416644 7.083581 0.117647)
RLR inf 1 (inf inf inf)
LRL inf 1 (inf inf inf)

# -3.141593 -0.392699 7.600000
# best = 3 = RSR
LSL 17.24 0 (3.378090 8.211245 5.653990)
LSR 11.05 0 (3.432910 6.935089 0.684016)
RSL 17.29 0 (3.404356 7.728455 6.153250)
RSR 11.00 0 (3.402099 7.469335 0.132192)
RLR inf 1 (inf inf inf)
LRL inf 1 (inf inf inf)

# -3.141593 -0.392699 8.000000
# best = 3 = RSR
LSL 17.63 0 (3.367193 8.600622 5.664887)
LSR 11.44 0 (3.417246 7.350463 0.668352)
RSL 17.67 0 (3.391573 8.140956 6.140467)
RSR 11.39 0 (3.388985 7.856515 0.145306)
RLR inf 1 (inf inf inf)
LRL inf 1 (inf inf inf)

# -2.748894 -0.392699 0.400000
# best = 5 = LRL
LSL 10.53 0 (4.106501 1.890559 4.532879)
LSR inf 1 (inf inf inf)
RSL inf 1 (inf inf inf)
RSR 12.10 0 (4.891899 1.890559 5.318277)
RLR 8.24 0 (1.258022 5.298618 1.684400)
LRL 6.67 0 (0.472625 5.298617 0.899002)

# -2.748894 -0.392699 0.800000
# best = 5 = LRL
LSL 10.65 0 (3.911099 2.013508 4.728281)
LSR inf 1 (inf inf inf)
RSL inf 1 (inf inf inf)
RSR 12.22 0 (4.696497 2.013508 5.513679)
RLR 8.10 0 (1.027402 5.228180 1.844583)
LRL 6.53 0 (0.242004 5.228180 1.059186)

# -2.748894 -0.392699 1.200000
# best = 5 = LRL
LSL 10.84 0 (3.743712 2.203228 4.895668)
LSR inf 1 (inf inf inf)
RSL inf 1 (inf inf inf)
RSR 12.41 0 (4.529110 2.203228 5.681066)
RLR 7.88 0 (0.804186 5.116524 1.956142)
LRL 6.31 0 (0.018789 5.116523 1.170745)

# -2.748894 -0.392699 1.600000
# best = 2 = RSL
LSL 11.08 0 (3.606030 2.444221 5.033351)
LSR inf 1 (inf inf inf)
RSL 6.42 0 (4.541858 1.262917 0.614867)
RSR 12.65 0 (4.391427 2.444220 5.818748)
RLR 7.58 0 (0.592442 4.968400 2.019763)
LRL 12.29 0 (6.090229 4.968399 1.234365)

# -2.748894 -0.392699 2.000000
# best = 2 = RSL
LSL 11.36 0 (3.494747 2.722906 5.144634)
LSR inf 1 (inf inf inf)
RSL 6.67 0 (4.342761 1.909778 0.415771)
RSR 12.93 0 (4.280144 2.722905 5.930032)
RLR 7.22 0 (0.389798 4.785678 2.039685)
LRL 11.93 0 (5.887585 4.785678 1.254287)

# -2.748894 -0.392699 2.400000
# best = 4 = RLR
LSL 11.67 0 (3.405010 3.028897 5.234371)
LSR inf 1 (inf inf inf)
RSL 6.96 0 (4.218214 2.453476 0.291224)
RSR 13.24 0 (4.190407 3.028896 6.019768)
RLR 6.77 0 (0.189762 4.565080 2.019123)
LRL 11.49 0 (5.687550 4.565080 1.233725)

# -2.748894 -0.392699 2.800000
# best = 1 = LSR
LSL 11.99 0 (3.332207 3.354730 5.307173)
LSR 6.29 0 (4.134917 0.373810 1.778722)
RSL 7.28 0 (4.129827 2.951582 0.202837)
RSR 13.56 0 (4.117604 3.354730 6.092571)
RLR 12.51 0 (6.264338 4.293466 1.956119)
LRL 10.94 0 (5.478940 4.293466 1.170721)

# -2.748894 -0.392699 3.200000
# best = 1 = LSR
LSL 12.33 0 (3.272549 3.695161 5.366832)
LSR 6.46 0 (3.712894 1.388323 1.356699)
RSL 7.62 0 (4.062940 3.424052 0.135950)
RSR 13.91 0 (4.057946 3.695161 6.152230)
RLR 11.78 0 (6.021675 3.927458 1.832773)
LRL 10.21 0 (5.236277 3.927457 1.047375)

# -2.748894 -0.392699 3.600000
# best = 1 = LSR
LSL 12.69 0 (3.223098 4.046507 5.416282)
LSR 6.72 0 (3.532105 2.008768 1.175910)
RSL 7.97 0 (4.010206 3.880261 0.083216)
RSR 14.26 0 (4.008496 4.046506 6.201680)
RLR inf 1 (inf inf inf)
LRL inf 1 (inf inf inf)

# -2.748894 -0.392699 4.000000
# best = 1 = LSR
LSL 13.05 0 (3.181633 4.406157 5.457748)
LSR 7.02 0 (3.415482 2.542215 1.059287)
RSL 8.33 0 (3.967400 4.325357 0.040410)
RSR 14.62 0 (3.967030 4.406156 6.243146)
RLR inf 1 (inf inf inf)
LRL inf 1 (inf inf inf)

# -2.748894 -0.392699 4.400000
# best = 1 = LSR
LSL 13.41 0 (3.146475 4.772234 5.492905)
LSR 7.34 0 (3.331572 3.034891 0.975377)
RSL 8.70 0 (3.931878 4.762458 0.004888)
RSR 14.98 0 (3.931873 4.772233 6.278303)
RLR inf 1 (inf inf inf)
LRL inf 1 (inf inf inf)

# -2.748894 -0.392699 4.800000
# best = 1 = LSR
LSL 13.78 0 (3.116359 5.143366 5.523021)
LSR 7.68 0 (3.267544 3.504036 0.911349)
RSL 15.35 0 (3.901879 5.193583 6.258074)
RSR 9.07 0 (3.901756 5.143366 0.025234)
RLR inf 1 (inf inf inf)
LRL inf 1 (inf inf inf)

# -2.748894 -0.392699 5.200000
# best = 1 = LSR
LSL 14.16 0 (3.090317 5.518534 5.549064)
LSR 8.04 0 (3.216774 3.958027 0.860579)
RSL 15.73 0 (3.876182 5.620106 6.232377)
RSR 9.45 0 (3.875714 5.518533 0.051276)
RLR inf 1 (inf inf inf)
LRL inf 1 (inf inf inf)

# -2.748894 -0.392699 5.600000
# best = 1 = LSR
LSL 14.54 0 (3.067603 5.896967 5.571778)
LSR 8.40 0 (3.175388 4.401555 0.819193)
RSL 16.11 0 (3.853905 6.043003 6.210100)
RSR 9.82 0 (3.853000 5.896966 0.073990)
RLR inf 1 (inf inf inf)
LRL inf 1 (inf inf inf)

# -2.748894 -0.392699 6.000000
# best = 1 = LSR
LSL 14.92 0 (3.047637 6.278074 5.591743)
LSR 8.76 0 (3.140930 4.837498 0.784735)
RSL 16.49 0 (3.834399 6.462986 6.190594)
RSR 10.21 0 (3.833035 6.278074 0.093956)
RLR inf 1 (inf inf inf)
LRL inf 1 (inf inf inf)

# -2.748894 -0.392699 6.400000
# best = 1 = LSR
LSL 15.30 0 (3.029963 6.661398 5.609417)
LSR 9.14 0 (3.111752 5.267741 0.755557)
RSL 16.87 0 (3.817169 6.880587 6.173364)
RSR 10.59 0 (3.815361 6.661397 0.111630)
RLR inf 1 (inf inf inf)
LRL inf 1 (inf inf inf)

# -2.748894 -0.392699 6.800000
# best = 1 = LSR
LSL 15.69 0 (3.014217 7.046575 5.625163)
LSR 9.51 0 (3.086703 5.693576 0.730508)
RSL 17.26 0 (3.801834 7.296216 6.158029)
RSR 10.97 0 (3.799614 7.046574 0.127376)
RLR inf 1 (inf inf inf)
LRL inf 1 (inf inf inf)

# -2.748894 -0.392699 7.200000
# best = 1 = LSR
LSL 16.07 0 (3.000106 7.433318 5.639274)
LSR 9.89 0 (3.064948 6.115923 0.708753)
RSL 17.64 0 (3.788094 7.710192 6.144289)
RSR 11.36 0 (3.785503 7.433318 0.141487)
RLR inf 1 (inf inf inf)
LRL inf 1 (inf inf inf)

# -2.748894 -0.392699 7.600000
# best = 1 = LSR
LSL 16.46 0 (2.987393 7.821395 5.651987)
LSR 10.27 0 (3.045867 6.535458 0.689672)
RSL 18.03 0 (3.775711 8.122768 6.131906)
RSR 11.75 0 (3.772790 7.821394 0.154200)
RLR inf 1 (inf inf inf)
LRL inf 1 (inf inf inf)

# -2.748894 -0.392699 8.000000
# best = 1 = LSR
LSL 16.85 0 (2.975883 8.210616 5.663497)
LSR 10.65 0 (3.028990 6.952692 0.672795)
RSL 18.42 0 (3.764490 8.534146 6.120685)
RSR 12.14 0 (3.761281 8.210616 0.165710)
RLR inf 1 (inf inf inf)
LRL inf 1 (inf inf inf)

# -2.356194 -0.392699 0.400000
# best = 5 = LRL
LSL 9.88 0 (3.880686 1.632736 4.365995)
LSR inf 1 (inf inf inf)
RSL inf 1 (inf inf inf)
RSR 12.39 0 (5.079798 1.784630 5.523077)
RLR 8.75 0 (1.475738 5.358251 1.919017)
LRL 6.56 0 (0.318629 5.442257 0.803938)

# -2.356194 -0.392699 0.800000
# best = 5 = LRL
LSL 9.95 0 (3.643269 1.698908 4.603412)
LSR inf 1 (inf inf inf)
RSL inf 1 (inf inf inf)
RSR 12.58 0 (4.894202 1.981021 5.708674)
RLR 8.53 0 (1.234481 5.246928 2.048952)
LRL 6.49 0 (0.063016 5.405865 1.023159)

# -2.356194 -0.392699 1.200000
# best = 2 = RSL
LSL 10.10 0 (3.434308 1.851148 4.812372)
LSR inf 1 (inf inf inf)
RSL 6.59 0 (4.886903 1.135839 0.567212)
RSR 12.84 0 (4.746148 2.232484 5.856728)
RLR 8.23 0 (1.012436 5.098946 2.123016)
LRL 12.61 0 (6.094764 5.320912 1.189643)

# -2.356194 -0.392699 1.600000
# best = 2 = RSL
LSL 10.32 0 (3.263267 2.070558 4.983414)
LSR inf 1 (inf inf inf)
RSL 6.85 0 (4.681355 1.811619 0.361665)
RSR 13.13 0 (4.630043 2.522602 5.972832)
RLR 7.87 0 (0.806059 4.918403 2.148848)
LRL 12.35 0 (5.860769 5.195006 1.297731)

# -2.356194 -0.392699 2.000000
# best = 2 = RSL
LSL 10.58 0 (3.128108 2.338305 5.118573)
LSR inf 1 (inf inf inf)
RSL 7.16 0 (4.558896 2.365121 0.239205)
RSR 13.44 0 (4.538839 2.839553 6.064036)
RLR 7.45 0 (0.607907 4.704506 2.133104)
LRL 12.03 0 (5.645343 5.034470 1.352622)

# -2.356194 -0.392699 2.400000
# best = 4 = RLR
LSL 10.89 0 (3.022216 2.639722 5.224465)
LSR inf 1 (inf inf inf)
RSL 7.50 0 (4.473894 2.868036 0.154204)
RSR 13.78 0 (4.466420 3.175311 6.136455)
RLR 6.93 0 (0.407750 4.449030 2.077785)
LRL 11.65 0 (5.443082 4.841733 1.362146)

# -2.356194 -0.392699 2.800000
# best = 4 = RLR
LSL 11.21 0 (2.938752 2.964556 5.307928)
LSR inf 1 (inf inf inf)
RSL 7.84 0 (4.410427 3.343271 0.090737)
RSR 14.13 0 (4.408093 3.524506 6.194783)
RLR 6.29 0 (0.188261 4.126708 1.974951)
LRL 11.19 0 (5.245579 4.613655 1.331570)

# -2.356194 -0.392699 3.200000
# best = 1 = LSR
LSL 11.55 0 (2.872136 3.305912 5.374544)
LSR 5.71 0 (3.484795 0.707089 1.521300)
RSL 8.20 0 (4.360847 3.801223 0.041157)
RSR 14.49 0 (4.360411 3.883514 6.242464)
RLR 11.57 0 (6.173133 3.625444 1.772001)
LRL 10.64 0 (5.040906 4.337540 1.260129)

# -2.356194 -0.392699 3.600000
# best = 1 = LSR
LSL 11.91 0 (2.818179 3.659169 5.428501)
LSR 5.94 0 (3.187070 1.532365 1.223575)
RSL 8.57 0 (4.320873 4.247485 0.001182)
RSR 14.85 0 (4.320872 4.249849 6.282003)
RLR inf 1 (inf inf inf)
LRL 9.91 0 (4.804779 3.973199 1.131916)

# -2.356194 -0.392699 4.000000
# best = 1 = LSR
LSL 12.27 0 (2.773827 4.021191 5.472854)
LSR 6.24 0 (3.036911 2.125161 1.073416)
RSL 15.22 0 (4.287871 4.685398 6.251366)
RSR 8.94 0 (4.287652 4.621770 0.032039)
RLR inf 1 (inf inf inf)
LRL inf 1 (inf inf inf)

# -2.356194 -0.392699 4.400000
# best = 1 = LSR
LSL 12.64 0 (2.736860 4.389811 5.509820)
LSR 6.56 0 (2.937932 2.646597 0.974437)
RSL 15.60 0 (4.260115 5.117108 6.223610)
RSR 9.32 0 (4.259405 4.998029 0.060285)
RLR inf 1 (inf inf inf)
LRL inf 1 (inf inf inf)

# -2.356194 -0.392699 4.800000
# best = 1 = LSR
LSL 13.01 0 (2.705656 4.763496 5.541024)
LSR 6.90 0 (2.866058 3.132514 0.902563)
RSL 15.98 0 (4.236419 5.544062 6.199914)
RSR 9.70 0 (4.235130 5.377716 0.084560)
RLR inf 1 (inf inf inf)
LRL inf 1 (inf inf inf)

# -2.356194 -0.392699 5.200000
# best = 1 = LSR
LSL 13.39 0 (2.679014 5.141144 5.567667)
LSR 7.26 0 (2.810916 3.597334 0.847421)
RSL 16.36 0 (4.215935 5.967282 6.179430)
RSR 10.08 0 (4.214068 5.760154 0.105622)
RLR inf 1 (inf inf inf)
LRL inf 1 (inf inf inf)

# -2.356194 -0.392699 5.600000
# best = 1 = LSR
LSL 13.77 0 (2.656031 5.521940 5.590649)
LSR 7.62 0 (2.767029 4.048331 0.803534)
RSL 16.75 0 (4.198041 6.387510 6.161536)
RSR 10.46 0 (4.195635 6.144828 0.124055)
RLR inf 1 (inf inf inf)
LRL inf 1 (inf inf inf)

# -2.356194 -0.392699 6.000000
# best = 1 = LSR
LSL 14.15 0 (2.636023 5.905276 5.610657)
LSR 7.99 0 (2.731153 4.489671 0.767658)
RSL 17.13 0 (4.182266 6.805301 6.145761)
RSR 10.85 0 (4.179379 6.531344 0.140311)
RLR inf 1 (inf inf inf)
LRL inf 1 (inf inf inf)

# -2.356194 -0.392699 6.400000
# best = 1 = LSR
LSL 14.54 0 (2.618460 6.290687 5.628220)
LSR 8.36 0 (2.701215 4.923953 0.737720)
RSL 17.52 0 (4.168251 7.221077 6.131746)
RSR 11.24 0 (4.164943 6.919392 0.154748)
RLR inf 1 (inf inf inf)
LRL inf 1 (inf inf inf)

# -2.356194 -0.392699 6.800000
# best = 1 = LSR
LSL 14.92 0 (2.602929 6.677814 5.643751)
LSR 8.74 0 (2.675819 5.352895 0.712324)
RSL 17.91 0 (4.155713 7.635168 6.119208)
RSR 11.63 0 (4.152042 7.308730 0.167648)
RLR inf 1 (inf inf inf)
LRL inf 1 (inf inf inf)

# -2.356194 -0.392699 7.200000
# best = 1 = LSR
LSL 15.31 0 (2.589103 7.066376 5.657577)
LSR 9.12 0 (2.653981 5.777686 0.690486)
RSL 18.30 0 (4.144428 8.047833 6.107923)
RSR 12.02 0 (4.140448 7.699160 0.179242)
RLR inf 1 (inf inf inf)
LRL inf 1 (inf inf inf)

# -2.356194 -0.392699 7.600000
# best = 1 = LSR
LSL 15.70 0 (2.576721 7.456147 5.669959)
LSR 9.51 0 (2.634990 6.199179 0.671495)
RSL 18.69 0 (4.134214 8.459282 6.097709)
RSR 12.41 0 (4.129974 8.090526 0.189716)
RLR inf 1 (inf inf inf)
LRL inf 1 (inf inf inf)

# -2.356194 -0.392699 8.000000
# best = 1 = LSR
LSL 16.09 0 (2.565570 7.846948 5.681110)
LSR 9.89 0 (2.618314 6.618005 0.654819)
RSL 19.08 0 (4.124926 8.869683 6.088421)
RSR 12.80 0 (4.120468 8.482697 0.199222)
RLR inf 1 (inf inf inf)
LRL inf 1 (inf inf inf)

# -1.963495 -0.392699 0.400000
# best = 5 = LRL
LSL 9.17 0 (3.641941 1.314170 4.212041)
LSR inf 1 (inf inf inf)
RSL inf 1 (inf inf inf)
RSR 12.61 0 (5.266226 1.610266 5.729349)
RLR 9.34 0 (1.710315 5.454548 2.173437)
LRL 6.51 0 (0.165588 5.613665 0.735688)

# -1.963495 -0.392699 0.800000
# best = 2 = RSL
LSL 9.19 0 (3.338743 1.331948 4.515239)
LSR inf 1 (inf inf inf)
RSL 6.61 0 (5.235159 0.854694 0.522769)
RSR 12.87 0 (5.092009 1.872408 5.903566)
RLR 9.05 0 (1.463274 5.308902 2.274831)
LRL 12.78 0 (6.140866 5.604246 1.034176)

# -1.963495 -0.392699 1.200000
# best = 2 = RSL
LSL 9.32 0 (3.067268 1.463259 4.786713)
LSR inf 1 (inf inf inf)
RSL 6.90 0 (5.001602 1.604915 0.289212)
RSR 13.17 0 (4.963436 2.176895 6.032139)
RLR 8.69 0 (1.246380 5.132258 2.315083)
LRL 12.64 0 (5.834353 5.534169 1.270612)

# -1.963495 -0.392699 1.600000
# best = 2 = RSL
LSL 9.54 0 (2.853257 1.681717 5.000724)
LSR inf 1 (inf inf inf)
RSL 7.22 0 (4.878561 2.177384 0.166172)
RSR 13.50 0 (4.867578 2.508352 6.127997)
RLR 8.28 0 (1.048176 4.927567 2.308595)
LRL 12.40 0 (5.560931 5.415349 1.425213)

# -1.963495 -0.392699 2.000000
# best = 2 = RSL
LSL 9.81 0 (2.693896 1.958370 5.160085)
LSR inf 1 (inf inf inf)
RSL 7.57 0 (4.797106 2.688169 0.084717)
RSR 13.85 0 (4.794596 2.857409 6.200979)
RLR 7.81 0 (0.857305 4.691789 2.263688)
LRL 12.09 0 (5.323866 5.259940 1.506870)

# -1.963495 -0.392699 2.400000
# best = 4 = RLR
LSL 10.13 0 (2.576168 2.272060 5.277813)
LSR inf 1 (inf inf inf)
RSL 7.93 0 (4.737937 3.167255 0.025548)
RSR 14.21 0 (4.737734 3.218345 6.257840)
RLR 7.26 0 (0.661163 4.413229 2.181270)
LRL 11.72 0 (5.113669 5.075001 1.532129)

# -1.963495 -0.392699 2.800000
# best = 4 = RLR
LSL 10.46 0 (2.487904 2.609464 5.366077)
LSR inf 1 (inf inf inf)
RSL 14.58 0 (4.692564 3.627224 6.263360)
RSR 8.30 0 (4.692454 3.587576 0.019935)
RLR 6.54 0 (0.438166 4.057795 2.048832)
LRL 11.29 0 (4.918795 4.861782 1.513783)

# -1.963495 -0.392699 3.200000
# best = 4 = RLR
LSL 10.82 0 (2.420247 2.962489 5.433734)
LSR inf 1 (inf inf inf)
RSL 14.96 0 (4.656474 4.074556 6.227270)
RSR 8.68 0 (4.655685 3.962784 0.056704)
RLR 5.26 0 (0.079813 3.414627 1.764018)
LRL 10.80 0 (4.727844 4.615193 1.458146)

# -1.963495 -0.392699 3.600000
# best = 1 = LSR
LSL 11.18 0 (2.367184 3.326167 5.486797)
LSR 5.17 0 (2.745361 1.246093 1.174565)
RSL 15.34 0 (4.626988 4.513009 6.197784)
RSR 9.05 0 (4.625309 4.342420 0.087080)
RLR inf 1 (inf inf inf)
LRL 10.21 0 (4.526899 4.319430 1.363327)

# -1.963495 -0.392699 4.000000
# best = 1 = LSR
LSL 11.55 0 (2.324674 3.697354 5.529307)
LSR 5.47 0 (2.580597 1.883480 1.009801)
RSL 15.72 0 (4.602395 4.944947 6.173191)
RSR 9.44 0 (4.599837 4.725417 0.112552)
RLR inf 1 (inf inf inf)
LRL 9.42 0 (4.286968 3.924588 1.208416)

# -1.963495 -0.392699 4.400000
# best = 1 = LSR
LSL 11.93 0 (2.289971 4.073999 5.564010)
LSR 5.81 0 (2.480713 2.421208 0.909917)
RSL 16.11 0 (4.581541 5.371941 6.152337)
RSR 9.82 0 (4.578196 5.111020 0.134193)
RLR inf 1 (inf inf inf)
LRL inf 1 (inf inf inf)

# -1.963495 -0.392699 4.800000
# best = 1 = LSR
LSL 12.31 0 (2.261170 4.454718 5.592811)
LSR 6.17 0 (2.411145 2.914961 0.840349)
RSL 16.49 0 (4.563617 5.795085 6.134413)
RSR 10.21 0 (4.559599 5.498680 0.152790)
RLR inf 1 (inf inf inf)
LRL inf 1 (inf inf inf)

# -1.963495 -0.392699 5.200000
# best = 1 = LSR
LSL 12.69 0 (2.236921 4.838549 5.617060)
LSR 6.53 0 (2.359160 3.384043 0.788364)
RSL 16.88 0 (4.548033 6.215163 6.118829)
RSR 10.60 0 (4.543456 5.887991 0.168933)
RLR inf 1 (inf inf inf)
LRL inf 1 (inf inf inf)

# -1.963495 -0.392699 5.600000
# best = 1 = LSR
LSL 13.08 0 (2.216247 5.224806 5.637735)
LSR 6.90 0 (2.318545 3.837512 0.747749)
RSL 17.27 0 (4.534354 6.632760 6.105150)
RSR 10.99 0 (4.529318 6.278646 0.183071)
RLR inf 1 (inf inf inf)
LRL inf 1 (inf inf inf)

# -1.963495 -0.392699 6.000000
# best = 1 = LSR
LSL 13.47 0 (2.198425 5.612989 5.655556)
LSR 7.28 0 (2.285802 4.280332 0.715006)
RSL 17.66 0 (4.522243 7.048316 6.093039)
RSR 11.38 0 (4.516839 6.670409 0.195550)
RLR inf 1 (inf inf inf)
LRL inf 1 (inf inf inf)

# -1.963495 -0.392699 6.400000
# best = 1 = LSR
LSL 13.86 0 (2.182913 6.002723 5.671068)
LSR 7.66 0 (2.258774 4.715506 0.687978)
RSL 18.06 0 (4.511444 7.462172 6.082240)
RSR 11.78 0 (4.505746 7.063095 0.206643)
RLR inf 1 (inf inf inf)
LRL inf 1 (inf inf inf)

# -1.963495 -0.392699 6.800000
# best = 1 = LSR
LSL 14.25 0 (2.169295 6.393726 5.684686)
LSR 8.05 0 (2.236047 5.144973 0.665251)
RSL 18.45 0 (4.501751 7.874596 6.072547)
RSR 12.17 0 (4.495823 7.456559 0.216566)
RLR inf 1 (inf inf inf)
LRL inf 1 (inf inf inf)

# -1.963495 -0.392699 7.200000
# best = 1 = LSR
LSL 14.64 0 (2.157249 6.785777 5.696732)
LSR 8.43 0 (2.216647 5.570053 0.645851)
RSL 18.84 0 (4.493001 8.285802 6.063797)
RSR 12.56 0 (4.486895 7.850683 0.225494)
RLR inf 1 (inf inf inf)
LRL inf 1 (inf inf inf)

# -1.963495 -0.392699 7.600000
# best = 1 = LSR
LSL 15.03 0 (2.146520 7.178706 5.707461)
LSR 8.82 0 (2.199879 5.991681 0.629083)
RSL 19.24 0 (4.485062 8.695962 6.055858)
RSR 12.96 0 (4.478821 8.245373 0.233568)
RLR inf 1 (inf inf inf)
LRL inf 1 (inf inf inf)

# -1.963495 -0.392699 8.000000
# best = 1 = LSR
LSL 15.43 0 (2.136906 7.572375 5.717075)
LSR 9.21 0 (2.185233 6.410538 0.614437)
RSL 19.63 0 (4.477824 9.105219 6.048620)
RSR 13.35 0 (4.471485 8.640552 0.240904)
RLR inf 1 (inf inf inf)
LRL inf 1 (inf inf inf)

# -1.570796 -0.392699 0.400000
# best = 2 = RSL
LSL 8.41 0 (3.372615 0.949094 4.088668)
LSR inf 1 (inf inf inf)
RSL 6.51 0 (5.716514 0.177522 0.611426)
RSR 12.76 0 (5.449691 1.374222 5.938583)
RLR 9.99 0 (1.957398 5.581785 2.446290)
LRL 12.79 0 (6.274649 5.804069 0.707517)

# -1.570796 -0.392699 0.800000
# best = 2 = RSL
LSL 8.40 0 (2.946375 0.941768 4.514907)
LSR inf 1 (inf inf inf)
RSL 6.80 0 (5.316350 1.271873 0.211262)
RSR 13.08 0 (5.290065 1.691845 6.098209)
RLR 9.64 0 (1.711761 5.409764 2.519906)
LRL 12.79 0 (5.850295 5.807839 1.135641)

# -1.570796 -0.392699 1.200000
# best = 2 = RSL
LSL 8.55 0 (2.578910 1.092279 4.882372)
LSR inf 1 (inf inf inf)
RSL 7.14 0 (5.185918 1.877181 0.080830)
RSR 13.43 0 (5.182715 2.038674 6.205559)
RLR 9.25 0 (1.506323 5.213586 2.529167)
LRL 12.64 0 (5.443920 5.730020 1.464197)

# -1.570796 -0.392699 1.600000
# best = 2 = RSL
LSL 8.81 0 (2.325361 1.348784 5.135921)
LSR inf 1 (inf inf inf)
RSL 7.51 0 (5.107181 2.397906 0.002093)
RSR 13.79 0 (5.107179 2.402092 6.281094)
RLR 8.81 0 (1.321432 4.994875 2.495347)
LRL 12.37 0 (5.123017 5.595311 1.650392)

# -1.570796 -0.392699 2.000000
# best = 3 = RSR
LSL 9.12 0 (2.159844 1.662939 5.301438)
LSR inf 1 (inf inf inf)
RSL 14.16 0 (5.052711 2.880295 6.230808)
RSR 7.88 0 (5.051723 2.775590 0.053365)
RLR 8.32 0 (1.143243 4.749410 2.428070)
LRL 12.03 0 (4.872687 5.425684 1.731095)

# -1.570796 -0.392699 2.400000
# best = 4 = RLR
LSL 9.47 0 (2.048938 2.007863 5.412344)
LSR inf 1 (inf inf inf)
RSL 14.54 0 (5.012247 3.340995 6.190344)
RSR 8.26 0 (5.009517 3.155591 0.095571)
RLR 7.75 0 (0.958912 4.465159 2.328150)
LRL 11.64 0 (4.664661 5.231445 1.744881)

# -1.570796 -0.392699 2.800000
# best = 4 = RLR
LSL 9.83 0 (1.971206 2.370160 5.490076)
LSR inf 1 (inf inf inf)
RSL 14.93 0 (4.980788 3.787927 6.158885)
RSR 8.65 0 (4.976429 3.540001 0.128659)
RLR 7.04 0 (0.748342 4.110196 2.183757)
LRL 11.21 0 (4.478590 5.014768 1.714275)

# -1.570796 -0.392699 3.200000
# best = 1 = LSR
LSL 10.20 0 (1.914332 2.742956 5.546950)
LSR 4.17 0 (2.476173 0.395214 1.298076)
RSL 15.31 0 (4.955531 4.225463 6.133628)
RSR 9.03 0 (4.949846 3.927526 0.155242)
RLR 5.87 0 (0.428106 3.522891 1.916687)
LRL 10.72 0 (4.300307 4.771948 1.649739)

# -1.570796 -0.392699 3.600000
# best = 1 = LSR
LSL 10.58 0 (1.871171 3.122491 5.590111)
LSR 4.47 0 (2.159805 1.330431 0.981708)
RSL 15.70 0 (4.934755 4.656253 6.112852)
RSR 9.42 0 (4.928050 4.317327 0.177038)
RLR inf 1 (inf inf inf)
LRL 10.16 0 (4.117102 4.491862 1.552856)

# -1.570796 -0.392699 4.000000
# best = 1 = LSR
LSL 10.97 0 (1.837414 3.506579 5.623869)
LSR 4.82 0 (2.036083 1.924552 0.857986)
RSL 16.09 0 (4.917336 5.082011 6.095433)
RSR 9.81 0 (4.909871 4.708839 0.195217)
RLR inf 1 (inf inf inf)
LRL 9.47 0 (3.910162 4.145497 1.413432)

# -1.570796 -0.392699 4.400000
# best = 1 = LSR
LSL 11.36 0 (1.810345 3.893873 5.650937)
LSR 5.18 0 (1.960118 2.440851 0.782021)
RSL 16.49 0 (4.902505 5.503906 6.080602)
RSR 10.21 0 (4.894488 5.101668 0.210601)
RLR inf 1 (inf inf inf)
LRL 8.38 0 (3.612009 3.603328 1.169416)

# -1.570796 -0.392699 4.800000
# best = 1 = LSR
LSL 11.74 0 (1.788187 4.283502 5.673095)
LSR 5.56 0 (1.907155 2.920891 0.729058)
RSL 16.88 0 (4.889714 5.922764 6.067811)
RSR 10.60 0 (4.881306 5.495532 0.223782)
RLR inf 1 (inf inf inf)
LRL inf 1 (inf inf inf)

# -1.570796 -0.392699 5.200000
# best = 1 = LSR
LSL 12.14 0 (1.769732 4.674884 5.691551)
LSR 5.94 0 (1.867624 3.380157 0.689527)
RSL 17.27 0 (4.878564 6.339186 6.056661)
RSR 11.00 0 (4.869889 5.890223 0.235199)
RLR inf 1 (inf inf inf)
LRL inf 1 (inf inf inf)

# -1.570796 -0.392699 5.600000
# best = 1 = LSR
LSL 12.53 0 (1.754132 5.067611 5.707150)
LSR 6.32 0 (1.836793 3.826136 0.658696)
RSL 17.67 0 (4.868753 6.753623 6.046850)
RSR 11.39 0 (4.859908 6.285585 0.245181)
RLR inf 1 (inf inf inf)
LRL inf 1 (inf inf inf)

# -1.570796 -0.392699 6.000000
# best = 1 = LSR
LSL 12.92 0 (1.740779 5.461395 5.720503)
LSR 6.71 0 (1.811981 4.263000 0.633884)
RSL 18.06 0 (4.860050 7.166419 6.038147)
RSR 11.79 0 (4.851108 6.681499 0.253980)
RLR inf 1 (inf inf inf)
LRL inf 1 (inf inf inf)

# -1.570796 -0.392699 6.400000
# best = 1 = LSR
LSL 13.32 0 (1.729224 5.856021 5.732059)
LSR 7.10 0 (1.791533 4.693295 0.613436)
RSL 18.46 0 (4.852276 7.577844 6.030373)
RSR 12.18 0 (4.843293 7.077873 0.261795)
RLR inf 1 (inf inf inf)
LRL inf 1 (inf inf inf)

# -1.570796 -0.392699 6.800000
# best = 1 = LSR
LSL 13.71 0 (1.719129 6.251330 5.742154)
LSR 7.49 0 (1.774365 5.118679 0.596268)
RSL 18.86 0 (4.845288 7.988107 6.023385)
RSR 12.58 0 (4.836308 7.474633 0.268780)
RLR inf 1 (inf inf inf)
LRL inf 1 (inf inf inf)

# -1.570796 -0.392699 7.200000
# best = 1 = LSR
LSL 14.11 0 (1.710235 6.647200 5.751047)
LSR 7.88 0 (1.759730 5.540282 0.581633)
RSL 19.25 0 (4.838971 8.397381 6.017068)
RSR 12.98 0 (4.830027 7.871721 0.275061)
RLR inf 1 (inf inf inf)
LRL inf 1 (inf inf inf)

# -1.570796 -0.392699 7.600000
# best = 1 = LSR
LSL 14.50 0 (1.702342 7.043537 5.758940)
LSR 8.28 0 (1.747096 5.958908 0.568999)
RSL 19.65 0 (4.833233 8.805802 6.011330)
RSR 13.37 0 (4.824350 8.269090 0.280738)
RLR inf 1 (inf inf inf)
LRL inf 1 (inf inf inf)

# -1.570796 -0.392699 8.000000
# best = 1 = LSR
LSL 14.90 0 (1.695290 7.440267 5.765992)
LSR 8.67 0 (1.736072 6.375142 0.557975)
RSL 20.05 0 (4.827996 9.213485 6.006093)
RSR 13.77 0 (4.819193 8.666701 0.285895)
RLR inf 1 (inf inf inf)
LRL inf 1 (inf inf inf)

# -1.178097 -0.392699 0.400000
# best = 2 = RSL
LSL 7.63 0 (3.004101 0.559311 4.064482)
LSR inf 1 (inf inf inf)
RSL 6.58 0 (5.647551 0.787060 0.149763)
RSR 12.87 0 (5.626929 1.085699 6.154044)
RLR 10.68 0 (2.210463 5.733439 2.737578)
LRL 12.79 0 (6.005406 6.002610 0.782602)

# -1.178097 -0.392699 0.800000
# best = 3 = RSR
LSL 7.67 0 (2.302831 0.599894 4.765752)
LSR inf 1 (inf inf inf)
RSL 13.23 0 (5.488681 1.464484 6.274079)
RSR 6.94 0 (5.488623 1.446271 0.009164)
RLR 10.30 0 (1.977082 5.543288 2.780808)
LRL 12.75 0 (5.293883 5.982103 1.473618)

# -1.178097 -0.392699 1.200000
# best = 3 = RSR
LSL 7.92 0 (1.865800 0.852593 5.202783)
LSR inf 1 (inf inf inf)
RSL 13.60 0 (5.410606 1.997490 6.196004)
RSR 7.32 0 (5.406441 1.823364 0.091347)
RLR 9.89 0 (1.791531 5.336551 2.759623)
LRL 12.49 0 (4.792597 5.853593 1.846394)

# -1.178097 -0.392699 1.600000
# best = 3 = RSR
LSL 8.26 0 (1.650616 1.189100 5.417967)
LSR inf 1 (inf inf inf)
RSL 13.99 0 (5.361103 2.480971 6.146501)
RSR 7.71 0 (5.352657 2.208532 0.145130)
RLR 9.44 0 (1.626144 5.113345 2.701802)
LRL 12.14 0 (4.490371 5.679511 1.974537)

# -1.178097 -0.392699 2.000000
# best = 3 = RSR
LSL 8.62 0 (1.533344 1.555957 5.535239)
LSR inf 1 (inf inf inf)
RSL 14.38 0 (5.326224 2.939467 6.111622)
RSR 8.10 0 (5.314922 2.598186 0.182865)
RLR 8.95 0 (1.466342 4.869210 2.617470)
LRL 11.75 0 (4.275402 5.484117 1.994113)

# -1.178097 -0.392699 2.400000
# best = 4 = RLR
LSL 9.00 0 (1.461417 1.935987 5.607166)
LSR inf 1 (inf inf inf)
RSL 14.77 0 (5.300086 3.383152 6.085484)
RSR 8.49 0 (5.287058 2.990573 0.210729)
RLR 8.40 0 (1.300959 4.594173 2.507816)
LRL 11.33 0 (4.097794 5.272753 1.960357)

# -1.178097 -0.392699 2.800000
# best = 4 = RLR
LSL 9.39 0 (1.413258 2.322733 5.655325)
LSR inf 1 (inf inf inf)
RSL 15.16 0 (5.279671 3.817193 6.065069)
RSR 8.88 0 (5.265670 3.384743 0.232117)
RLR 7.75 0 (1.115291 4.265613 2.364923)
LRL 10.87 0 (3.935283 5.044050 1.894165)

# -1.178097 -0.392699 3.200000
# best = 1 = LSR
LSL 9.78 0 (1.378902 2.713325 5.689681)
LSR 3.61 0 (1.628035 1.136755 0.842637)
RSL 15.56 0 (5.263238 4.244551 6.048636)
RSR 9.28 0 (5.248750 3.780138 0.249037)
RLR 6.83 0 (0.869458 3.807786 2.152930)
LRL 10.37 0 (3.775006 4.792207 1.802599)

# -1.178097 -0.392699 3.600000
# best = 1 = LSR
LSL 10.17 0 (1.353215 3.106312 5.715368)
LSR 3.98 0 (1.520068 1.722487 0.734670)
RSL 15.95 0 (5.249700 4.667062 6.035098)
RSR 9.67 0 (5.235038 4.176410 0.262750)
RLR inf 1 (inf inf inf)
LRL 9.79 0 (3.605592 4.504753 1.684559)

# -1.178097 -0.392699 4.000000
# best = 1 = LSR
LSL 10.57 0 (1.333308 3.500888 5.735276)
LSR 4.36 0 (1.458085 2.227490 0.672687)
RSL 16.35 0 (5.238340 5.085933 6.023738)
RSR 10.07 0 (5.223704 4.573331 0.274084)
RLR inf 1 (inf inf inf)
LRL 9.09 0 (3.409006 4.151396 1.527788)

# -1.178097 -0.392699 4.400000
# best = 1 = LSR
LSL 10.97 0 (1.317438 3.896570 5.751146)
LSR 4.74 0 (1.416453 2.697492 0.631055)
RSL 16.74 0 (5.228664 5.501997 6.014062)
RSR 10.47 0 (5.214181 4.970746 0.283607)
RLR inf 1 (inf inf inf)
LRL 7.98 0 (3.116136 3.597396 1.266658)

# -1.178097 -0.392699 4.800000
# best = 1 = LSR
LSL 11.36 0 (1.304496 4.293053 5.764087)
LSR 5.14 0 (1.386158 3.148208 0.600760)
RSL 17.14 0 (5.220318 5.915845 6.005716)
RSR 10.87 0 (5.206069 5.368544 0.291719)
RLR inf 1 (inf inf inf)
LRL inf 1 (inf inf inf)

# -1.178097 -0.392699 5.200000
# best = 1 = LSR
LSL 11.76 0 (1.293745 4.690133 5.774838)
LSR 5.53 0 (1.362971 3.586915 0.577573)
RSL 17.54 0 (5.213042 6.327912 5.998440)
RSR 11.26 0 (5.199076 5.766648 0.298711)
RLR inf 1 (inf inf inf)
LRL inf 1 (inf inf inf)

# -1.178097 -0.392699 5.600000
# best = 1 = LSR
LSL 12.16 0 (1.284673 5.087670 5.783911)
LSR 5.92 0 (1.344584 4.017550 0.559186)
RSL 17.94 0 (5.206640 6.738525 5.992038)
RSR 11.66 0 (5.192987 6.164997 0.304801)
RLR inf 1 (inf inf inf)
LRL inf 1 (inf inf inf)

# -1.178097 -0.392699 6.000000
# best = 1 = LSR
LSL 12.55 0 (1.276916 5.485566 5.791667)
LSR 6.32 0 (1.329611 4.442461 0.544213)
RSL 18.34 0 (5.200962 7.147934 5.986360)
RSR 12.06 0 (5.187637 6.563546 0.310150)
RLR inf 1 (inf inf inf)
LRL inf 1 (inf inf inf)

# -1.178097 -0.392699 6.400000
# best = 1 = LSR
LSL 12.95 0 (1.270209 5.883747 5.798375)
LSR 6.71 0 (1.317165 4.863148 0.531767)
RSL 18.73 0 (5.195892 7.556336 5.981290)
RSR 12.46 0 (5.182900 6.962262 0.314888)
RLR inf 1 (inf inf inf)
LRL inf 1 (inf inf inf)

# -1.178097 -0.392699 6.800000
# best = 1 = LSR
LSL 13.35 0 (1.264352 6.282159 5.804231)
LSR 7.11 0 (1.306643 5.280621 0.521245)
RSL 19.13 0 (5.191334 7.963885 5.976732)
RSR 12.86 0 (5.178676 7.361118 0.319112)
RLR inf 1 (inf inf inf)
LRL inf 1 (inf inf inf)

# -1.178097 -0.392699 7.200000
# best = 1 = LSR
LSL 13.75 0 (1.259194 6.680761 5.809389)
LSR 7.51 0 (1.297626 5.695587 0.512228)
RSL 19.53 0 (5.187216 8.370706 5.972614)
RSR 13.26 0 (5.174886 7.760091 0.322901)
RLR inf 1 (inf inf inf)
LRL inf 1 (inf inf inf)

# -1.178097 -0.392699 7.600000
# best = 1 = LSR
LSL 14.15 0 (1.254617 7.079520 5.813966)
LSR 7.90 0 (1.289807 6.108556 0.504409)
RSL 19.93 0 (5.183476 8.776900 5.968874)
RSR 13.66 0 (5.171467 8.159165 0.326320)
RLR inf 1 (inf inf inf)
LRL inf 1 (inf inf inf)

# -1.178097 -0.392699 8.000000
# best = 1 = LSR
LSL 14.55 0 (1.250528 7.478412 5.818055)
LSR 8.30 0 (1.282961 6.519909 0.497563)
RSL 20.33 0 (5.180063 9.182550 5.965461)
RSR 14.06 0 (5.168367 8.558325 0.329421)
RLR inf 1 (inf inf inf)
LRL inf 1 (inf inf inf)

# -0.785398 -0.392699 0.400000
# best = 3 = RSR
LSL 6.91 0 (2.020727 0.229570 4.655157)
LSR inf 1 (inf inf inf)
RSL 12.93 0 (5.799486 0.937865 6.192185)
RSR 6.65 0 (5.788542 0.756161 0.101944)
RLR 11.41 0 (2.456765 5.902816 3.053352)
LRL 12.73 0 (5.104896 6.168337 1.456140)

# -0.785398 -0.392699 0.800000
# best = 3 = RSR
LSL 7.20 0 (1.213073 0.522651 5.462811)
LSR inf 1 (inf inf inf)
RSL 13.32 0 (5.715049 1.493795 6.107748)
RSR 7.04 0 (5.688236 1.145128 0.202250)
RLR 11.01 0 (2.256300 5.702497 3.053498)
LRL 12.43 0 (4.223628 6.021111 2.190181)

# -0.785398 -0.392699 1.200000
# best = 3 = RSR
LSL 7.58 0 (1.028095 0.902012 5.647789)
LSR inf 1 (inf inf inf)
RSL 13.71 0 (5.670382 1.975666 6.063081)
RSR 7.43 0 (5.639040 1.539759 0.251446)
RLR 10.59 0 (2.102305 5.492900 2.997896)
LRL 12.05 0 (3.942228 5.828267 2.278738)

# -0.785398 -0.392699 1.600000
# best = 3 = RSR
LSL 7.97 0 (0.953731 1.293865 5.722154)
LSR inf 1 (inf inf inf)
RSL 14.10 0 (5.641747 2.427980 6.034446)
RSR 7.83 0 (5.609957 1.936594 0.280529)
RLR 10.15 0 (1.962975 5.272406 2.916732)
LRL 11.64 0 (3.765933 5.624405 2.251171)

# -0.785398 -0.392699 2.000000
# best = 3 = RSR
LSL 8.37 0 (0.914055 1.689541 5.761829)
LSR inf 1 (inf inf inf)
RSL 14.50 0 (5.621572 2.864772 6.014271)
RSR 8.22 0 (5.590777 2.334509 0.299709)
RLR 9.68 0 (1.825996 5.036808 2.818113)
LRL 11.21 0 (3.619573 5.411035 2.184161)

# -0.785398 -0.392699 2.400000
# best = 1 = LSR
LSL 8.76 0 (0.889460 2.086866 5.786424)
LSR 2.55 0 (1.164381 0.613814 0.771682)
RSL 14.90 0 (5.606501 3.292226 5.999200)
RSR 8.62 0 (5.577186 2.733034 0.313300)
RLR 9.16 0 (1.683378 4.778754 2.702677)
LRL 10.76 0 (3.482191 5.185462 2.095969)

# -0.785398 -0.392699 2.800000
# best = 1 = LSR
LSL 9.16 0 (0.872740 2.485049 5.803145)
LSR 2.93 0 (1.032695 1.258942 0.639996)
RSL 15.30 0 (5.594777 3.713567 5.987476)
RSR 9.02 0 (5.567056 3.131934 0.323430)
RLR 8.58 0 (1.526016 4.484290 2.565575)
LRL 10.28 0 (3.343980 4.942480 1.991199)

# -0.785398 -0.392699 3.200000
# best = 1 = LSR
LSL 9.56 0 (0.860640 2.883736 5.815245)
LSR 3.32 0 (0.975303 1.764399 0.582604)
RSL 15.69 0 (5.585378 4.130668 5.978077)
RSR 9.42 0 (5.559216 3.531083 0.331271)
RLR 7.85 0 (1.335895 4.119730 2.391135)
LRL 9.74 0 (3.197083 4.672887 1.868503)

# -0.785398 -0.392699 3.600000
# best = 1 = LSR
LSL 9.96 0 (0.851480 3.282742 5.824404)
LSR 3.72 0 (0.940865 2.227391 0.548166)
RSL 16.09 0 (5.577666 4.544694 5.970365)
RSR 9.82 0 (5.552968 3.930406 0.337518)
RLR 6.64 0 (1.027391 3.515216 2.095126)
LRL 9.11 0 (3.030463 4.357966 1.720202)

# -0.785398 -0.392699 4.000000
# best = 1 = LSR
LSL 10.36 0 (0.844306 3.681963 5.831578)
LSR 4.11 0 (0.917461 2.670101 0.524762)
RSL 16.49 0 (5.571218 4.956418 5.963917)
RSR 10.22 0 (5.547873 4.329853 0.342613)
RLR inf 1 (inf inf inf)
LRL 8.28 0 (2.816564 3.944516 1.520651)

# -0.785398 -0.392699 4.400000
# best = 1 = LSR
LSL 10.76 0 (0.838536 4.081337 5.837348)
LSR 4.51 0 (0.900382 3.101227 0.507683)
RSL 16.89 0 (5.565743 5.366369 5.958442)
RSR 10.62 0 (5.543639 4.729394 0.346848)
RLR inf 1 (inf inf inf)
LRL inf 1 (inf inf inf)

# -0.785398 -0.392699 4.800000
# best = 1 = LSR
LSL 11.16 0 (0.833795 4.480823 5.842090)
LSR 4.91 0 (0.887314 3.525021 0.494615)
RSL 17.29 0 (5.561036 5.774924 5.953735)
RSR 11.02 0 (5.540064 5.129006 0.350422)
RLR inf 1 (inf inf inf)
LRL inf 1 (inf inf inf)

# -0.785398 -0.392699 5.200000
# best = 1 = LSR
LSL 11.56 0 (0.829830 4.880393 5.846055)
LSR 5.31 0 (0.876968 3.943849 0.484269)
RSL 17.69 0 (5.556944 6.182360 5.949643)
RSR 11.42 0 (5.537006 5.528675 0.353480)
RLR inf 1 (inf inf inf)
LRL inf 1 (inf inf inf)

# -0.785398 -0.392699 5.600000
# best = 1 = LSR
LSL 11.96 0 (0.826465 5.280028 5.849420)
LSR 5.70 0 (0.868561 4.359141 0.475862)
RSL 18.09 0 (5.553353 6.588885 5.946052)
RSR 11.82 0 (5.534361 5.928388 0.356126)
RLR inf 1 (inf inf inf)
LRL inf 1 (inf inf inf)

# -0.785398 -0.392699 6.000000
# best = 1 = LSR
LSL 12.36 0 (0.823573 5.679715 5.852311)
LSR 6.10 0 (0.861588 4.771821 0.468889)
RSL 18.49 0 (5.550175 6.994658 5.942874)
RSR 12.22 0 (5.532049 6.328137 0.358437)
RLR inf 1 (inf inf inf)
LRL inf 1 (inf inf inf)

# -0.785398 -0.392699 6.400000
# best = 1 = LSR
LSL 12.76 0 (0.821062 6.079443 5.854822)
LSR 6.50 0 (0.855706 5.182514 0.463007)
RSL 18.89 0 (5.547344 7.399802 5.940043)
RSR 12.62 0 (5.530013 6.727916 0.360474)
RLR inf 1 (inf inf inf)
LRL inf 1 (inf inf inf)

# -0.785398 -0.392699 6.800000
# best = 1 = LSR
LSL 13.16 0 (0.818861 6.479204 5.857023)
LSR 6.90 0 (0.850676 5.591656 0.457977)
RSL 19.29 0 (5.544804 7.804416 5.937503)
RSR 13.02 0 (5.528205 7.127720 0.362282)
RLR inf 1 (inf inf inf)
LRL inf 1 (inf inf inf)

# -0.785398 -0.392699 7.200000
# best = 1 = LSR
LSL 13.55 0 (0.816915 6.878993 5.858969)
LSR 7.30 0 (0.846324 5.999565 0.453625)
RSL 19.69 0 (5.542513 8.208577 5.935212)
RSR 13.42 0 (5.526589 7.527545 0.363898)
RLR inf 1 (inf inf inf)
LRL inf 1 (inf inf inf)

# -0.785398 -0.392699 7.600000
# best = 1 = LSR
LSL 13.95 0 (0.815184 7.278805 5.860701)
LSR 7.70 0 (0.842520 6.406477 0.449821)
RSL 20.09 0 (5.540436 8.612350 5.933135)
RSR 13.82 0 (5.525135 7.927388 0.365351)
RLR inf 1 (inf inf inf)
LRL inf 1 (inf inf inf)

# -0.785398 -0.392699 8.000000
# best = 1 = LSR
LSL 14.35 0 (0.813632 7.678637 5.862252)
LSR 8.10 0 (0.839166 6.812571 0.446467)
RSL 20.49 0 (5.538544 9.015786 5.931243)
RSR 14.22 0 (5.523822 8.327245 0.366664)
RLR inf 1 (inf inf inf)
LRL inf 1 (inf inf inf)

# -0.392699 -0.392699 0.400000
# best = 0 = LSL
LSL 6.68 0 (0.392699 0.400000 5.890486)
LSR inf 1 (inf inf inf)
RSL 12.96 0 (6.039163 0.878802 6.039163)
RSR 6.68 0 (5.890486 0.400000 0.392699)
RLR 12.17 0 (2.648726 6.082850 3.434124)
LRL 12.17 0 (3.434124 6.082850 2.648726)

# -0.392699 -0.392699 0.800000
# best = 0 = LSL
LSL 7.08 0 (0.392699 0.800000 5.890486)
LSR inf 1 (inf inf inf)
RSL 13.35 0 (5.994281 1.365499 5.994281)
RSR 7.08 0 (5.890486 0.800000 0.392699)
RLR 11.76 0 (2.547536 5.880469 3.332934)
LRL 11.76 0 (3.332934 5.880469 2.547536)

# -0.392699 -0.392699 1.200000
# best = 0 = LSL
LSL 7.48 0 (0.392699 1.200000 5.890486)
LSR inf 1 (inf inf inf)
RSL 13.75 0 (5.971088 1.810215 5.971088)
RSR 7.48 0 (5.890486 1.200000 0.392699)
RLR 11.35 0 (2.444201 5.673800 3.229599)
LRL 11.35 0 (3.229599 5.673800 2.444201)

# -0.392699 -0.392699 1.600000
# best = 1 = LSR
LSL 7.88 0 (0.392699 1.600000 5.890486)
LSR 1.64 0 (0.652025 0.332906 0.652025)
RSL 14.15 0 (5.956604 2.238118 5.956604)
RSR 7.88 0 (5.890486 1.600000 0.392699)
RLR 10.92 0 (2.337377 5.460152 3.122775)
LRL 10.92 0 (3.122775 5.460152 2.337377)

# -0.392699 -0.392699 2.000000
# best = 1 = LSR
LSL 8.28 0 (0.392699 2.000000 5.890486)
LSR 2.03 0 (0.530666 0.968779 0.530666)
RSL 14.55 0 (5.946621 2.657342 5.946621)
RSR 8.28 0 (5.890486 2.000000 0.392699)
RLR 10.47 0 (2.225295 5.235988 3.010693)
LRL 10.47 0 (3.010693 5.235988 2.225295)

# -0.392699 -0.392699 2.400000
# best = 1 = LSR
LSL 8.68 0 (0.392699 2.400000 5.890486)
LSR 2.43 0 (0.491508 1.444382 0.491508)
RSL 14.95 0 (5.939297 3.071443 5.939297)
RSR 8.68 0 (5.890486 2.400000 0.392699)
RLR 9.99 0 (2.105393 4.996183 2.890791)
LRL 9.99 0 (2.890791 4.996183 2.105393)

# -0.392699 -0.392699 2.800000
# best = 1 = LSR
LSL 9.08 0 (0.392699 2.800000 5.890486)
LSR 2.83 0 (0.470337 1.885191 0.470337)
RSL 15.35 0 (5.933683 3.482248 5.933683)
RSR 9.08 0 (5.890486 2.800000 0.392699)
RLR 9.46 0 (1.973496 4.732390 2.758894)
LRL 9.46 0 (2.758894 4.732390 1.973496)

# -0.392699 -0.392699 3.200000
# best = 1 = LSR
LSL 9.48 0 (0.392699 3.200000 5.890486)
LSR 3.22 0 (0.456835 2.311202 0.456835)
RSL 15.75 0 (5.929238 3.890803 5.929238)
RSR 9.48 0 (5.890486 3.200000 0.392699)
RLR 8.86 0 (1.821598 4.428595 2.606996)
LRL 8.86 0 (2.606996 4.428595 1.821598)

# -0.392699 -0.392699 3.600000
# best = 1 = LSR
LSL 9.88 0 (0.392699 3.600000 5.890486)
LSR 3.62 0 (0.447409 2.729352 0.447409)
RSL 16.15 0 (5.925630 4.297748 5.925630)
RSR 9.88 0 (5.890486 3.600000 0.392699)
RLR 8.09 0 (1.629124 4.043646 2.414522)
LRL 8.09 0 (2.414522 4.043646 1.629124)

# -0.392699 -0.392699 4.000000
# best = 1 = LSR
LSL 10.28 0 (0.392699 4.000000 5.890486)
LSR 4.02 0 (0.440434 3.142780 0.440434)
RSL 16.55 0 (5.922640 4.703502 5.922640)
RSR 10.28 0 (5.890486 4.000000 0.392699)
RLR 6.28 0 (1.178097 3.141593 1.963495)
LRL 6.28 0 (1.963495 3.141593 1.178097)

# -0.392699 -0.392699 4.400000
# best = 1 = LSR
LSL 10.68 0 (0.392699 4.400000 5.890486)
LSR 4.42 0 (0.435054 3.553136 0.435054)
RSL 16.95 0 (5.920121 5.108349 5.920121)
RSR 10.68 0 (5.890486 4.400000 0.392699)
RLR inf 1 (inf inf inf)
LRL inf 1 (inf inf inf)

# -0.392699 -0.392699 4.800000
# best = 1 = LSR
LSL 11.08 0 (0.392699 4.800000 5.890486)
LSR 4.82 0 (0.430774 3.961373 0.430774)
RSL 17.35 0 (5.917970 5.512488 5.917970)
RSR 11.08 0 (5.890486 4.800000 0.392699)
RLR inf 1 (inf inf inf)
LRL inf 1 (inf inf inf)

# -0.392699 -0.392699 5.200000
# best = 1 = LSR
LSL 11.48 0 (0.392699 5.200000 5.890486)
LSR 5.22 0 (0.427285 4.368087 0.427285)
RSL 17.75 0 (5.916112 5.916064 5.916112)
RSR 11.48 0 (5.890486 5.200000 0.392699)
RLR inf 1 (inf inf inf)
LRL inf 1 (inf inf inf)

# -0.392699 -0.392699 5.600000
# best = 1 = LSR
LSL 11.88 0 (0.392699 5.600000 5.890486)
LSR 5.62 0 (0.424386 4.773667 0.424386)
RSL 18.15 0 (5.914489 6.319186 5.914489)
RSR 11.88 0 (5.890486 5.600000 0.392699)
RLR inf 1 (inf inf inf)
LRL inf 1 (inf inf inf)

# -0.392699 -0.392699 6.000000
# best = 1 = LSR
LSL 12.28 0 (0.392699 6.000000 5.890486)
LSR 6.02 0 (0.421937 5.178378 0.421937)
RSL 18.55 0 (5.913061 6.721934 5.913061)
RSR 12.28 0 (5.890486 6.000000 0.392699)
RLR inf 1 (inf inf inf)
LRL inf 1 (inf inf inf)

# -0.392699 -0.392699 6.400000
# best = 1 = LSR
LSL 12.68 0 (0.392699 6.400000 5.890486)
LSR 6.42 0 (0.419842 5.582410 0.419842)
RSL 18.95 0 (5.911793 7.124373 5.911793)
RSR 12.68 0 (5.890486 6.400000 0.392699)
RLR inf 1 (inf inf inf)
LRL inf 1 (inf inf inf)

# -0.392699 -0.392699 6.800000
# best = 1 = LSR
LSL 13.08 0 (0.392699 6.800000 5.890486)
LSR 6.82 0 (0.418028 5.985901 0.418028)
RSL 19.35 0 (5.910661 7.526552 5.910661)
RSR 13.08 0 (5.890486 6.800000 0.392699)
RLR inf 1 (inf inf inf)
LRL inf 1 (inf inf inf)

# -0.392699 -0.392699 7.200000
# best = 1 = LSR
LSL 13.48 0 (0.392699 7.200000 5.890486)
LSR 7.22 0 (0.416442 6.388953 0.416442)
RSL 19.75 0 (5.909643 7.928511 5.909643)
RSR 13.48 0 (5.890486 7.200000 0.392699)
RLR inf 1 (inf inf inf)
LRL inf 1 (inf inf inf)

# -0.392699 -0.392699 7.600000
# best = 1 = LSR
LSL 13.88 0 (0.392699 7.600000 5.890486)
LSR 7.62 0 (0.415043 6.791644 0.415043)
RSL 20.15 0 (5.908723 8.330281 5.908723)
RSR 13.88 0 (5.890486 7.600000 0.392699)
RLR inf 1 (inf inf inf)
LRL inf 1 (inf inf inf)

# -0.392699 -0.392699 8.000000
# best = 1 = LSR
LSL 14.28 0 (0.392699 8.000000 5.890486)
LSR 8.02 0 (0.413801 7.194035 0.413801)
RSL 20.55 0 (5.907888 8.731888 5.907888)
RSR 14.28 0 (5.890486 8.000000 0.392699)
RLR inf 1 (inf inf inf)
LRL inf 1 (inf inf inf)

# 0.000000 -0.392699 0.400000
# best = 2 = RSL
LSL 12.96 0 (6.186234 0.786376 5.987437)
LSR inf 1 (inf inf inf)
RSL 6.68 0 (0.113241 0.560273 6.003728)
RSR 6.75 0 (4.936072 0.078065 1.739812)
RLR 12.88 0 (1.774962 6.244150 4.861887)
LRL 11.38 0 (2.846759 5.887419 2.647962)

# 0.000000 -0.392699 0.800000
# best = 2 = RSL
LSL 13.36 0 (6.218911 1.185130 5.954760)
LSR inf 1 (inf inf inf)
RSL 7.08 0 (0.068197 1.048834 5.958683)
RSR 7.10 0 (6.102764 0.424202 0.573120)
RLR 12.53 0 (2.854921 6.070685 3.608462)
LRL 10.97 0 (2.776521 5.681589 2.512369)

# 0.000000 -0.392699 1.200000
# best = 1 = LSR
LSL 13.76 0 (6.235127 1.584513 5.938545)
LSR 1.21 0 (0.106732 0.607716 0.499431)
RSL 7.48 0 (0.049612 1.485328 5.940098)
RSR 7.50 0 (6.190319 0.820854 0.485566)
RLR 12.13 0 (2.842044 5.869822 3.420477)
LRL 10.54 0 (2.686238 5.468593 2.389656)

# 0.000000 -0.392699 1.600000
# best = 1 = LSR
LSL 14.16 0 (6.244812 1.984144 5.928860)
LSR 1.61 0 (0.066023 1.087737 0.458722)
RSL 7.87 0 (0.039146 1.905871 5.929632)
RSR 7.90 0 (6.220735 1.219694 0.455149)
RLR 11.72 0 (2.769284 5.663469 3.286884)
LRL 10.10 0 (2.584191 5.245130 2.268240)

# 0.000000 -0.392699 2.000000
# best = 1 = LSR
LSL 14.56 0 (6.251249 2.383899 5.922423)
LSR 2.01 0 (0.048483 1.522178 0.441182)
RSL 8.27 0 (0.032376 2.319158 5.922862)
RSR 8.29 0 (6.236154 1.619107 0.439730)
RLR 11.29 0 (2.677827 5.449716 3.164588)
LRL 9.62 0 (2.471177 5.006227 2.142351)

# 0.000000 -0.392699 2.400000
# best = 1 = LSR
LSL 14.96 0 (6.255837 2.783724 5.917835)
LSR 2.41 0 (0.038448 1.941875 0.431147)
RSL 8.67 0 (0.027622 2.728487 5.918109)
RSR 8.69 0 (6.245470 2.018752 0.430415)
RLR 10.84 0 (2.574856 5.225144 3.042987)
LRL 9.09 0 (2.344529 4.743754 2.006526)

# 0.000000 -0.392699 2.800000
# best = 1 = LSR
LSL 15.36 0 (6.259273 3.183594 5.914399)
LSR 2.81 0 (0.031900 2.354726 0.424599)
RSL 9.07 0 (0.024095 3.135408 5.914581)
RSR 9.09 0 (6.251706 2.418515 0.424178)
RLR 10.36 0 (2.460814 4.984586 2.916471)
LRL 8.49 0 (2.197190 4.442205 1.852316)

# 0.000000 -0.392699 3.200000
# best = 1 = LSR
LSL 15.76 0 (6.261942 3.583492 5.911730)
LSR 3.21 0 (0.027276 2.763799 0.419975)
RSL 9.47 0 (0.021371 3.540753 5.911857)
RSR 9.49 0 (6.256173 2.818345 0.419711)
RLR 9.83 0 (2.332741 4.719506 2.779464)
LRL 7.73 0 (2.009957 4.062401 1.659745)

# 0.000000 -0.392699 3.600000
# best = 1 = LSR
LSL 16.16 0 (6.264075 3.983411 5.909597)
LSR 3.61 0 (0.023832 3.170558 0.416531)
RSL 9.87 0 (0.019203 3.945007 5.909689)
RSR 9.89 0 (6.259530 3.218217 0.416354)
RLR 9.22 0 (2.183013 4.413336 2.623022)
LRL 6.25 0 (1.642792 3.323805 1.288314)

# 0.000000 -0.392699 4.000000
# best = 1 = LSR
LSL 16.56 0 (6.265819 4.383344 5.907853)
LSR 4.01 0 (0.021164 3.575793 0.413863)
RSL 10.27 0 (0.017436 4.348474 5.907922)
RSR 10.29 0 (6.262145 3.618117 0.413739)
RLR 8.44 0 (1.990278 4.022636 2.425057)
LRL inf 1 (inf inf inf)

# 0.000000 -0.392699 4.400000
# best = 1 = LSR
LSL 16.96 0 (6.267271 4.783289 5.906401)
LSR 4.41 0 (0.019036 3.979968 0.411735)
RSL 10.67 0 (0.015968 4.751355 5.906454)
RSR 10.69 0 (6.264239 4.018038 0.411645)
RLR inf 1 (inf inf inf)
LRL inf 1 (inf inf inf)

# 0.000000 -0.392699 4.800000
# best = 1 = LSR
LSL 17.36 0 (6.268499 5.183242 5.905173)
LSR 4.81 0 (0.017298 4.383378 0.409997)
RSL 11.07 0 (0.014728 5.153787 5.905215)
RSR 11.09 0 (6.265955 4.417972 0.409930)
RLR inf 1 (inf inf inf)
LRL inf 1 (inf inf inf)

# 0.000000 -0.392699 5.200000
# best = 1 = LSR
LSL 17.76 0 (6.269551 5.583202 5.904121)
LSR 5.21 0 (0.015852 4.786215 0.408551)
RSL 11.47 0 (0.013668 5.555868 5.904154)
RSR 11.49 0 (6.267385 4.817918 0.408499)
RLR inf 1 (inf inf inf)
LRL inf 1 (inf inf inf)

# 0.000000 -0.392699 5.600000
# best = 1 = LSR
LSL 18.16 0 (6.270463 5.983168 5.903209)
LSR 5.61 0 (0.014630 5.188613 0.407329)
RSL 11.87 0 (0.012750 5.957668 5.903236)
RSR 11.89 0 (6.268596 5.217872 0.407288)
RLR inf 1 (inf inf inf)
LRL inf 1 (inf inf inf)

# 0.000000 -0.392699 6.000000
# best = 1 = LSR
LSL 18.56 0 (6.271260 6.383137 5.902412)
LSR 6.01 0 (0.013583 5.590667 0.406282)
RSL 12.27 0 (0.011948 6.359242 5.902434)
RSR 12.29 0 (6.269635 5.617832 0.406249)
RLR inf 1 (inf inf inf)
LRL inf 1 (inf inf inf)

# 0.000000 -0.392699 6.400000
# best = 1 = LSR
LSL 18.96 0 (6.271963 6.783110 5.901709)
LSR 6.41 0 (0.012676 5.992446 0.405375)
RSL 12.67 0 (0.011241 6.760629 5.901727)
RSR 12.69 0 (6.270536 6.017798 0.405349)
RLR inf 1 (inf inf inf)
LRL inf 1 (inf inf inf)

# 0.000000 -0.392699 6.800000
# best = 1 = LSR
LSL 19.36 0 (6.272588 7.183087 5.901084)
LSR 6.81 0 (0.011883 6.394002 0.404582)
RSL 13.07 0 (0.010613 7.161861 5.901099)
RSR 13.09 0 (6.271324 6.417768 0.404560)
RLR inf 1 (inf inf inf)
LRL inf 1 (inf inf inf)

# 0.000000 -0.392699 7.200000
# best = 1 = LSR
LSL 19.76 0 (6.273147 7.583065 5.900525)
LSR 7.21 0 (0.011184 6.795375 0.403883)
RSL 13.47 0 (0.010052 7.562962 5.900538)
RSR 13.49 0 (6.272020 6.817742 0.403864)
RLR inf 1 (inf inf inf)
LRL inf 1 (inf inf inf)

# 0.000000 -0.392699 7.600000
# best = 1 = LSR
LSL 20.16 0 (6.273650 7.983046 5.900022)
LSR 7.61 0 (0.010562 7.196594 0.403261)
RSL 13.87 0 (0.009547 7.963953 5.900033)
RSR 13.89 0 (6.272639 7.217718 0.403246)
RLR inf 1 (inf inf inf)
LRL inf 1 (inf inf inf)

# 0.000000 -0.392699 8.000000
# best = 1 = LSR
LSL 20.56 0 (6.274105 8.383029 5.899567)
LSR 8.01 0 (0.010006 7.597686 0.402705)
RSL 14.27 0 (0.009090 8.364849 5.899577)
RSR 14.29 0 (6.273193 7.617697 0.402692)
RLR inf 1 (inf inf inf)
LRL inf 1 (inf inf inf)

# 0.392699 -0.392699 0.400000
# best = 4 = RLR
LSL 12.95 0 (5.890486 1.165367 5.890486)
LSR inf 1 (inf inf inf)
RSL inf 1 (inf inf inf)
RSR 7.43 0 (3.534292 0.365367 3.534292)
RLR 6.70 0 (0.301230 6.100247 0.301230)
LRL 10.60 0 (2.453265 5.691927 2.453265)

# 0.392699 -0.392699 0.800000
# best = 3 = RSR
LSL 13.35 0 (5.890486 1.565367 5.890486)
LSR 7.10 0 (6.183180 0.232839 0.685392)
RSL 7.10 0 (0.685392 0.232839 6.183180)
RSR 0.82 0 (0.392699 0.034633 0.392699)
RLR 13.32 0 (3.525633 6.265868 3.525633)
LRL 10.17 0 (2.346805 5.479007 2.346805)

# 0.392699 -0.392699 1.200000
# best = 3 = RSR
LSL 13.75 0 (5.890486 1.965367 5.890486)
LSR 7.49 0 (6.033579 0.924237 0.535791)
RSL 7.49 0 (0.535791 0.924237 6.033579)
RSR 1.22 0 (0.392699 0.434633 0.392699)
RLR 12.92 0 (3.425418 6.065439 3.425418)
LRL 9.73 0 (2.235264 5.255926 2.235264)

# 0.392699 -0.392699 1.600000
# best = 3 = RSR
LSL 14.15 0 (5.890486 2.365367 5.890486)
LSR 7.89 0 (5.991723 1.405067 0.493935)
RSL 7.89 0 (0.493935 1.405067 5.991723)
RSR 1.62 0 (0.392699 0.834633 0.392699)
RLR 12.51 0 (3.324089 5.862780 3.324089)
LRL 9.25 0 (2.116172 5.017742 2.116172)

# 0.392699 -0.392699 2.000000
# best = 3 = RSR
LSL 14.55 0 (5.890486 2.765367 5.890486)
LSR 8.29 0 (5.969577 1.847759 0.471790)
RSL 8.29 0 (0.471790 1.847759 5.969577)
RSR 2.02 0 (0.392699 1.234633 0.392699)
RLR 12.10 0 (3.220509 5.655621 3.220509)
LRL 8.73 0 (1.985549 4.756497 1.985549)

# 0.392699 -0.392699 2.400000
# best = 3 = RSR
LSL 14.95 0 (5.890486 3.165367 5.890486)
LSR 8.69 0 (5.955597 2.274690 0.457810)
RSL 8.69 0 (0.457810 2.274690 5.955597)
RSR 2.42 0 (0.392699 1.634633 0.392699)
RLR 11.67 0 (3.113308 5.441218 3.113308)
LRL 8.13 0 (1.835893 4.457184 1.835893)

# 0.392699 -0.392699 2.800000
# best = 3 = RSR
LSL 15.35 0 (5.890486 3.565367 5.890486)
LSR 9.09 0 (5.945899 2.693365 0.448112)
RSL 9.09 0 (0.448112 2.693365 5.945899)
RSR 2.82 0 (0.392699 2.034633 0.392699)
RLR 11.22 0 (3.000666 5.215934 3.000666)
LRL 7.38 0 (1.648597 4.082593 1.648597)

# 0.392699 -0.392699 3.200000
# best = 3 = RSR
LSL 15.75 0 (5.890486 3.965367 5.890486)
LSR 9.49 0 (5.938753 3.107123 0.440965)
RSL 9.49 0 (0.440965 3.107123 5.938753)
RSR 3.22 0 (0.392699 2.434633 0.392699)
RLR 10.73 0 (2.879923 4.974448 2.879923)
LRL 6.02 0 (1.309785 3.404968 1.309785)

# 0.392699 -0.392699 3.600000
# best = 3 = RSR
LSL 16.15 0 (5.890486 4.365367 5.890486)
LSR 9.89 0 (5.933258 3.517700 0.435471)
RSL 9.89 0 (0.435471 3.517700 5.933258)
RSR 3.62 0 (0.392699 2.834633 0.392699)
RLR 10.20 0 (2.746697 4.707996 2.746697)
LRL inf 1 (inf inf inf)

# 0.392699 -0.392699 4.000000
# best = 3 = RSR
LSL 16.55 0 (5.890486 4.765367 5.890486)
LSR 10.29 0 (5.928897 3.926094 0.431109)
RSL 10.29 0 (0.431109 3.926094 5.928897)
RSR 4.02 0 (0.392699 3.234633 0.392699)
RLR 9.58 0 (2.592424 4.399450 2.592424)
LRL inf 1 (inf inf inf)

# 0.392699 -0.392699 4.400000
# best = 3 = RSR
LSL 16.95 0 (5.890486 5.165367 5.890486)
LSR 10.69 0 (5.925349 4.332922 0.427561)
RSL 10.69 0 (0.427561 4.332922 5.925349)
RSR 4.42 0 (0.392699 3.634633 0.392699)
RLR 8.79 0 (2.394232 4.003066 2.394232)
LRL inf 1 (inf inf inf)

# 0.392699 -0.392699 4.800000
# best = 3 = RSR
LSL 17.35 0 (5.890486 5.565367 5.890486)
LSR 11.09 0 (5.922405 4.738588 0.424617)
RSL 11.09 0 (0.424617 4.738588 5.922405)
RSR 4.82 0 (0.392699 4.034633 0.392699)
RLR inf 1 (inf inf inf)
LRL inf 1 (inf inf inf)

# 0.392699 -0.392699 5.200000
# best = 3 = RSR
LSL 17.75 0 (5.890486 5.965367 5.890486)
LSR 11.49 0 (5.919922 5.143366 0.422134)
RSL 11.49 0 (0.422134 5.143366 5.919922)
RSR 5.22 0 (0.392699 4.434633 0.392699)
RLR inf 1 (inf inf inf)
LRL inf 1 (inf inf inf)

# 0.392699 -0.392699 5.600000
# best = 3 = RSR
LSL 18.15 0 (5.890486 6.365367 5.890486)
LSR 11.89 0 (5.917799 5.547451 0.420011)
RSL 11.89 0 (0.420011 5.547451 5.917799)
RSR 5.62 0 (0.392699 4.834633 0.392699)
RLR inf 1 (inf inf inf)
LRL inf 1 (inf inf inf)

# 0.392699 -0.392699 6.000000
# best = 3 = RSR
LSL 18.55 0 (5.890486 6.765367 5.890486)
LSR 12.29 0 (5.915962 5.950984 0.418175)
RSL 12.29 0 (0.418175 5.950984 5.915962)
RSR 6.02 0 (0.392699 5.234633 0.392699)
RLR inf 1 (inf inf inf)
LRL inf 1 (inf inf inf)

# 0.392699 -0.392699 6.400000
# best = 3 = RSR
LSL 18.95 0 (5.890486 7.165367 5.890486)
LSR 12.69 0 (5.914358 6.354071 0.416571)
RSL 12.69 0 (0.416571 6.354071 5.914358)
RSR 6.42 0 (0.392699 5.634633 0.392699)
RLR inf 1 (inf inf inf)
LRL inf 1 (inf inf inf)

# 0.392699 -0.392699 6.800000
# best = 3 = RSR
LSL 19.35 0 (5.890486 7.565367 5.890486)
LSR 13.08 0 (5.912945 6.756790 0.415158)
RSL 13.08 0 (0.415158 6.756790 5.912945)
RSR 6.82 0 (0.392699 6.034633 0.392699)
RLR inf 1 (inf inf inf)
LRL inf 1 (inf inf inf)

# 0.392699 -0.392699 7.200000
# best = 3 = RSR
LSL 19.75 0 (5.890486 7.965367 5.890486)
LSR 13.48 0 (5.911690 7.159205 0.413903)
RSL 13.48 0 (0.413903 7.159205 5.911690)
RSR 7.22 0 (0.392699 6.434633 0.392699)
RLR inf 1 (inf inf inf)
LRL inf 1 (inf inf inf)

# 0.392699 -0.392699 7.600000
# best = 3 = RSR
LSL 20.15 0 (5.890486 8.365367 5.890486)
LSR 13.88 0 (5.910568 7.561363 0.412781)
RSL 13.88 0 (0.412781 7.561363 5.910568)
RSR 7.62 0 (0.392699 6.834633 0.392699)
RLR inf 1 (inf inf inf)
LRL inf 1 (inf inf inf)

# 0.392699 -0.392699 8.000000
# best = 3 = RSR
LSL 20.55 0 (5.890486 8.765367 5.890486)
LSR 14.28 0 (5.909560 7.963304 0.411772)
RSL 14.28 0 (0.411772 7.963304 5.909560)
RSR 8.02 0 (0.392699 7.234633 0.392699)
RLR inf 1 (inf inf inf)
LRL inf 1 (inf inf inf)

# 0.785398 -0.392699 0.400000
# best = 4 = RLR
LSL 12.89 0 (5.642279 1.505478 5.745995)
LSR inf 1 (inf inf inf)
RSL inf 1 (inf inf inf)
RSR 8.18 0 (3.622504 0.723050 3.838778)
RLR 6.73 0 (0.299150 5.919662 0.515424)
LRL 9.84 0 (2.114812 5.511436 2.218528)

# 0.785398 -0.392699 0.800000
# best = 4 = RLR
LSL 13.29 0 (5.611995 1.902182 5.776278)
LSR inf 1 (inf inf inf)
RSL inf 1 (inf inf inf)
RSR 7.82 0 (3.284749 0.361896 4.176533)
RLR 7.10 0 (0.052559 6.101990 0.944343)
LRL 9.41 0 (1.974819 5.292017 2.139101)

# 0.785398 -0.392699 1.200000
# best = 1 = LSR
LSL 13.69 0 (5.592175 2.300028 5.796098)
LSR 7.46 0 (5.789001 0.991959 0.683912)
RSL inf 1 (inf inf inf)
RSR 7.70 0 (1.885839 0.243180 5.575443)
RLR 13.50 0 (4.966599 6.161520 2.373018)
LRL 8.94 0 (1.837970 5.057960 2.041893)

# 0.785398 -0.392699 1.600000
# best = 2 = RSL
LSL 14.09 0 (5.578204 2.698511 5.810069)
LSR 7.85 0 (5.710177 1.537375 0.605089)
RSL 1.73 0 (1.187311 0.535922 0.009214)
RSR 8.02 0 (1.187158 0.554351 6.274124)
RLR 13.19 0 (4.189716 6.005115 2.993496)
LRL 8.43 0 (1.696152 4.802265 1.928016)

# 0.785398 -0.392699 2.000000
# best = 3 = RSR
LSL 14.49 0 (5.567830 3.097385 5.820443)
LSR 8.25 0 (5.667427 2.015703 0.562338)
RSL 8.40 0 (1.039653 1.211476 6.144741)
RSR 2.11 0 (1.019199 0.935667 0.158898)
RLR 12.80 0 (3.924688 5.810977 3.064386)
LRL 7.85 0 (1.540556 4.511823 1.793169)

# 0.785398 -0.392699 2.400000
# best = 3 = RSR
LSL 14.88 0 (5.559824 3.496516 5.828450)
LSR 8.64 0 (5.639731 2.466293 0.534642)
RSL 8.79 0 (0.979089 1.722828 6.084178)
RSR 2.51 0 (0.949361 1.328021 0.228736)
RLR 12.39 0 (3.752525 5.606328 3.031899)
LRL 7.13 0 (1.354592 4.155906 1.623217)

# 0.785398 -0.392699 2.800000
# best = 3 = RSR
LSL 15.28 0 (5.553458 3.895826 5.834815)
LSR 9.04 0 (5.620098 2.902092 0.515010)
RSL 9.18 0 (0.943313 2.188286 6.048401)
RSR 2.90 0 (0.911478 1.723893 0.266619)
RLR 11.96 0 (3.607499 5.392043 2.962641)
LRL 6.02 0 (1.069794 3.599042 1.351151)

# 0.785398 -0.392699 3.200000
# best = 3 = RSR
LSL 15.68 0 (5.548277 4.295264 5.839997)
LSR 9.43 0 (5.605372 3.328915 0.500284)
RSL 9.58 0 (0.919193 2.632310 6.024281)
RSR 3.30 0 (0.887765 2.121315 0.290332)
RLR 11.51 0 (3.470369 5.165209 2.872937)
LRL inf 1 (inf inf inf)

# 0.785398 -0.392699 3.600000
# best = 3 = RSR
LSL 16.08 0 (5.543977 4.694797 5.844297)
LSR 9.83 0 (5.593883 3.749829 0.488794)
RSL 9.97 0 (0.901678 3.064232 6.006767)
RSR 3.70 0 (0.871541 2.519552 0.306556)
RLR 11.02 0 (3.331724 4.920367 2.766740)
LRL inf 1 (inf inf inf)

# 0.785398 -0.392699 4.000000
# best = 3 = RSR
LSL 16.48 0 (5.540351 5.094404 5.847922)
LSR 10.23 0 (5.584651 4.166624 0.479563)
RSL 10.37 0 (0.888324 3.488550 5.993412)
RSR 4.10 0 (0.859748 2.918272 0.318349)
RLR 10.47 0 (3.183650 4.647805 2.642252)
LRL inf 1 (inf inf inf)

# 0.785398 -0.392699 4.400000
# best = 3 = RSR
LSL 16.88 0 (5.537253 5.494068 5.851020)
LSR 10.63 0 (5.577062 4.580425 0.471974)
RSL 10.77 0 (0.877778 3.907741 5.982867)
RSR 4.50 0 (0.850791 3.317300 0.327306)
RLR 9.83 0 (3.014485 4.327388 2.491000)
LRL inf 1 (inf inf inf)

# 0.785398 -0.392699 4.800000
# best = 3 = RSR
LSL 17.28 0 (5.534576 5.893778 5.853698)
LSR 11.03 0 (5.570709 4.991977 0.465620)
RSL 11.17 0 (0.869226 4.323298 5.974315)
RSR 4.89 0 (0.843758 3.716537 0.334339)
RLR 8.98 0 (2.793286 3.899056 2.283867)
LRL inf 1 (inf inf inf)

# 0.785398 -0.392699 5.200000
# best = 3 = RSR
LSL 17.68 0 (5.532238 6.293524 5.856036)
LSR 11.43 0 (5.565308 5.401793 0.460220)
RSL 11.57 0 (0.862144 4.736176 5.967232)
RSR 5.29 0 (0.838089 4.115922 0.340008)
RLR inf 1 (inf inf inf)
LRL inf 1 (inf inf inf)

# 0.785398 -0.392699 5.600000
# best = 3 = RSR
LSL 18.08 0 (5.530179 6.693301 5.858094)
LSR 11.83 0 (5.560659 5.810242 0.455571)
RSL 11.96 0 (0.856179 5.147021 5.961267)
RSR 5.69 0 (0.833424 4.515416 0.344673)
RLR inf 1 (inf inf inf)
LRL inf 1 (inf inf inf)

# 0.785398 -0.392699 6.000000
# best = 3 = RSR
LSL 18.48 0 (5.528353 7.093103 5.859920)
LSR 12.23 0 (5.556615 6.217592 0.451526)
RSL 12.36 0 (0.851083 5.556284 5.956171)
RSR 6.09 0 (0.829517 4.914993 0.348580)
RLR inf 1 (inf inf inf)
LRL inf 1 (inf inf inf)

# 0.785398 -0.392699 6.400000
# best = 3 = RSR
LSL 18.88 0 (5.526722 7.492926 5.861552)
LSR 12.63 0 (5.553062 6.624046 0.447974)
RSL 12.76 0 (0.846677 5.964289 5.951766)
RSR 6.49 0 (0.826197 5.314633 0.351900)
RLR inf 1 (inf inf inf)
LRL inf 1 (inf inf inf)

# 0.785398 -0.392699 6.800000
# best = 3 = RSR
LSL 19.28 0 (5.525255 7.892767 5.863018)
LSR 13.02 0 (5.549917 7.029760 0.444829)
RSL 13.16 0 (0.842830 6.371280 5.947919)
RSR 6.89 0 (0.823342 5.714323 0.354755)
RLR inf 1 (inf inf inf)
LRL inf 1 (inf inf inf)

# 0.785398 -0.392699 7.200000
# best = 3 = RSR
LSL 19.68 0 (5.523931 8.292624 5.864343)
LSR 13.42 0 (5.547113 7.434855 0.442025)
RSL 13.56 0 (0.839441 6.777438 5.944529)
RSR 7.29 0 (0.820860 6.114054 0.357237)
RLR inf 1 (inf inf inf)
LRL inf 1 (inf inf inf)

# 0.785398 -0.392699 7.600000
# best = 3 = RSR
LSL 20.08 0 (5.522728 8.692493 5.865546)
LSR 13.82 0 (5.544596 7.839426 0.439508)
RSL 13.96 0 (0.836431 7.182906 5.941520)
RSR 7.69 0 (0.818683 6.513818 0.359414)
RLR inf 1 (inf inf inf)
LRL inf 1 (inf inf inf)

# 0.785398 -0.392699 8.000000
# best = 3 = RSR
LSL 20.48 0 (5.521631 9.092374 5.866643)
LSR 14.22 0 (5.542325 8.243551 0.437237)
RSL 14.36 0 (0.833741 7.587792 5.938830)
RSR 8.09 0 (0.816758 6.913609 0.361339)
RLR inf 1 (inf inf inf)
LRL inf 1 (inf inf inf)

# 1.178097 -0.392699 0.400000
# best = 4 = RLR
LSL 12.79 0 (5.412182 1.790321 5.583392)
LSR inf 1 (inf inf inf)
RSL inf 1 (inf inf inf)
RSR 8.91 0 (3.781497 1.055817 4.072484)
RLR 6.79 0 (0.372785 5.748946 0.663772)
LRL 9.14 0 (1.806532 5.355070 1.977742)

# 1.178097 -0.392699 0.800000
# best = 4 = RLR
LSL 13.17 0 (5.356559 2.174971 5.639015)
LSR inf 1 (inf inf inf)
RSL inf 1 (inf inf inf)
RSR 8.60 0 (3.501249 0.741282 4.352732)
RLR 7.11 0 (0.173258 5.910389 1.024742)
LRL 8.70 0 (1.640076 5.133405 1.922532)

# 1.178097 -0.392699 1.200000
# best = 1 = LSR
LSL 13.56 0 (5.317736 2.564323 5.677839)
LSR 7.40 0 (5.626220 0.859576 0.913830)
RSL inf 1 (inf inf inf)
RSR 8.41 0 (2.943309 0.551587 4.910673)
RLR 13.58 0 (5.946564 6.006510 1.630742)
LRL 8.21 0 (1.480237 4.891374 1.840341)

# 1.178097 -0.392699 1.600000
# best = 5 = LRL
LSL 13.95 0 (5.289178 2.956518 5.706397)
LSR 7.76 0 (5.480070 1.513879 0.767680)
RSL inf 1 (inf inf inf)
RSR 8.47 0 (2.252057 0.615628 5.601924)
RLR 13.52 0 (5.239129 5.974143 2.305810)
LRL 7.67 0 (1.315808 4.619631 1.733027)

# 1.178097 -0.392699 2.000000
# best = 5 = LRL
LSL 14.35 0 (5.267323 3.350560 5.728252)
LSR 8.14 0 (5.405489 2.040780 0.693100)
RSL inf 1 (inf inf inf)
RSR 8.73 0 (1.840806 0.879630 6.013176)
RLR 13.25 0 (4.760679 5.839746 2.649864)
LRL 7.02 0 (1.132782 4.297289 1.593711)

# 1.178097 -0.392699 2.400000
# best = 2 = RSL
LSL 14.74 0 (5.250074 3.745864 5.745501)
LSR 8.52 0 (5.357620 2.521456 0.645231)
RSL 2.79 0 (1.641830 1.078081 0.071034)
RSR 9.07 0 (1.637696 1.220040 6.216285)
RLR 12.90 0 (4.469340 5.663287 2.764744)
LRL 6.15 0 (0.896065 3.858354 1.391492)

# 1.178097 -0.392699 2.800000
# best = 3 = RSR
LSL 15.14 0 (5.236121 4.142071 5.759453)
LSR 8.91 0 (5.323671 2.978372 0.611282)
RSL 9.44 0 (1.526969 1.676097 6.239359)
RSR 3.16 0 (1.525760 1.588473 0.045036)
RLR 12.50 0 (4.258978 5.466436 2.778253)
LRL inf 1 (inf inf inf)

# 1.178097 -0.392699 3.200000
# best = 3 = RSR
LSL 15.53 0 (5.224607 4.538943 5.770968)
LSR 9.30 0 (5.298123 3.421061 0.585734)
RSL 9.82 0 (1.462456 2.185485 6.174845)
RSR 3.54 0 (1.456501 1.969263 0.114295)
RLR 12.08 0 (4.083345 5.253689 2.741139)
LRL inf 1 (inf inf inf)

# 1.178097 -0.392699 3.600000
# best = 3 = RSR
LSL 15.93 0 (5.214945 4.936320 5.780630)
LSR 9.70 0 (5.278109 3.854428 0.565720)
RSL 10.21 0 (1.419526 2.657704 6.131915)
RSR 3.93 0 (1.409834 2.356427 0.160962)
RLR 11.62 0 (3.921473 5.023280 2.672602)
LRL inf 1 (inf inf inf)

# 1.178097 -0.392699 4.000000
# best = 3 = RSR
LSL 16.33 0 (5.206723 5.334089 5.788852)
LSR 10.09 0 (5.261963 4.281305 0.549574)
RSL 10.60 0 (1.388457 3.109732 6.100846)
RSR 4.32 0 (1.376388 2.747271 0.194408)
RLR 11.11 0 (3.760879 4.768982 2.578899)
LRL inf 1 (inf inf inf)

# 1.178097 -0.392699 4.400000
# best = 3 = RSR
LSL 16.73 0 (5.199643 5.732168 5.795932)
LSR 10.49 0 (5.248638 4.703459 0.536249)
RSL 10.99 0 (1.364764 3.549292 6.077153)
RSR 4.71 0 (1.351294 3.140421 0.219502)
RLR 10.53 0 (3.590020 4.477453 2.458229)
LRL inf 1 (inf inf inf)

# 1.178097 -0.392699 4.800000
# best = 3 = RSR
LSL 17.13 0 (5.193483 6.130498 5.802092)
LSR 10.88 0 (5.237442 5.122058 0.525053)
RSL 11.38 0 (1.346025 3.980517 6.058414)
RSR 5.11 0 (1.331793 3.535109 0.239003)
RLR 9.80 0 (3.389511 4.115437 2.296721)
LRL inf 1 (inf inf inf)

# 1.178097 -0.392699 5.200000
# best = 3 = RSR
LSL 17.52 0 (5.188074 6.529032 5.807500)
LSR 11.28 0 (5.227893 5.537909 0.515504)
RSL 11.78 0 (1.330797 4.405855 6.043187)
RSR 5.50 0 (1.316214 3.930871 0.254582)
RLR 8.60 0 (3.073195 3.513961 2.011562)
LRL inf 1 (inf inf inf)

# 1.178097 -0.392699 5.600000
# best = 3 = RSR
LSL 17.92 0 (5.183288 6.927734 5.812286)
LSR 11.68 0 (5.219649 5.951588 0.507260)
RSL 12.18 0 (1.318159 4.826863 6.030548)
RSR 5.90 0 (1.303488 4.327412 0.267308)
RLR inf 1 (inf inf inf)
LRL inf 1 (inf inf inf)

# 1.178097 -0.392699 6.000000
# best = 3 = RSR
LSL 18.32 0 (5.179023 7.326579 5.816551)
LSR 12.08 0 (5.212455 6.363517 0.500066)
RSL 12.57 0 (1.307490 5.244583 6.019879)
RSR 6.30 0 (1.292899 4.724537 0.277897)
RLR inf 1 (inf inf inf)
LRL inf 1 (inf inf inf)

# 1.178097 -0.392699 6.400000
# best = 3 = RSR
LSL 18.72 0 (5.175199 7.725542 5.820376)
LSR 12.47 0 (5.206122 6.774017 0.493732)
RSL 12.97 0 (1.298355 5.659743 6.010745)
RSR 6.69 0 (1.283953 5.122109 0.286843)
RLR inf 1 (inf inf inf)
LRL inf 1 (inf inf inf)

# 1.178097 -0.392699 6.800000
# best = 3 = RSR
LSL 19.12 0 (5.171750 8.124608 5.823825)
LSR 12.87 0 (5.200501 7.183333 0.488111)
RSL 13.37 0 (1.290443 6.072869 6.002832)
RSR 7.09 0 (1.276297 5.520031 0.294499)
RLR inf 1 (inf inf inf)
LRL inf 1 (inf inf inf)

# 1.178097 -0.392699 7.200000
# best = 3 = RSR
LSL 19.52 0 (5.168624 8.523761 5.826951)
LSR 13.27 0 (5.195478 7.591655 0.483089)
RSL 13.76 0 (1.283520 6.484349 5.995909)
RSR 7.49 0 (1.269670 5.918234 0.301126)
RLR inf 1 (inf inf inf)
LRL inf 1 (inf inf inf)

# 1.178097 -0.392699 7.600000
# best = 3 = RSR
LSL 19.92 0 (5.165777 8.922990 5.829797)
LSR 13.67 0 (5.190961 7.999136 0.478572)
RSL 14.16 0 (1.277409 6.894478 5.989799)
RSR 7.89 0 (1.263880 6.316664 0.306916)
RLR inf 1 (inf inf inf)
LRL inf 1 (inf inf inf)

# 1.178097 -0.392699 8.000000
# best = 3 = RSR
LSL 20.32 0 (5.163175 9.322285 5.832400)
LSR 14.07 0 (5.186878 8.405899 0.474489)
RSL 14.56 0 (1.271975 7.303483 5.984364)
RSR 8.29 0 (1.258776 6.715281 0.312020)
RLR inf 1 (inf inf inf)
LRL inf 1 (inf inf inf)

# 1.570796 -0.392699 0.400000
# best = 4 = RLR
LSL 12.61 0 (5.190532 2.007863 5.412344)
LSR inf 1 (inf inf inf)
RSL inf 1 (inf inf inf)
RSR 9.60 0 (3.957824 1.348784 4.288857)
RLR 6.87 0 (0.472294 5.595311 0.803327)
LRL 8.50 0 (1.523069 5.231445 1.744881)

# 1.570796 -0.392699 0.800000
# best = 4 = RLR
LSL 12.97 0 (5.112799 2.370160 5.490076)
LSR inf 1 (inf inf inf)
RSL inf 1 (inf inf inf)
RSR 9.34 0 (3.704274 1.092279 4.542406)
RLR 7.14 0 (0.286099 5.730020 1.124231)
LRL 8.07 0 (1.336998 5.014768 1.714275)

# 1.570796 -0.392699 1.200000
# best = 1 = LSR
LSL 13.35 0 (5.055926 2.742956 5.546950)
LSR 7.31 0 (5.617766 0.395214 1.298076)
RSL inf 1 (inf inf inf)
RSR 9.19 0 (3.336809 0.941768 4.909871)
RLR 13.58 0 (6.240729 5.807839 1.530605)
LRL 7.58 0 (1.158715 4.771948 1.649739)

# 1.570796 -0.392699 1.600000
# best = 5 = LRL
LSL 13.73 0 (5.012765 3.122491 5.590111)
LSR 7.61 0 (5.301398 1.330431 0.981708)
RSL inf 1 (inf inf inf)
RSR 9.20 0 (2.910570 0.949094 5.336110)
RLR 13.57 0 (5.812605 5.804069 1.954959)
LRL 7.02 0 (0.975510 4.491862 1.552856)

# 1.570796 -0.392699 2.000000
# best = 5 = LRL
LSL 14.11 0 (4.979007 3.506579 5.623869)
LSR 7.96 0 (5.177676 1.924552 0.857986)
RSL inf 1 (inf inf inf)
RSR 9.36 0 (2.552543 1.111140 5.694137)
RLR 13.40 0 (5.412648 5.720210 2.271056)
LRL 6.33 0 (0.768570 4.145497 1.413432)

# 1.570796 -0.392699 2.400000
# best = 2 = RSL
LSL 14.50 0 (4.951939 3.893873 5.650937)
LSR 8.32 0 (5.101712 2.440851 0.782021)
RSL 3.36 0 (2.574921 0.177522 0.611426)
RSR 9.62 0 (2.308097 1.374222 5.938583)
RLR 13.13 0 (5.098990 5.581785 2.446290)
LRL 5.24 0 (0.470417 3.603328 1.169416)

# 1.570796 -0.392699 2.800000
# best = 2 = RSL
LSL 14.89 0 (4.929781 4.283502 5.673095)
LSR 8.70 0 (5.048748 2.920891 0.729058)
RSL 3.66 0 (2.174757 1.271873 0.211262)
RSR 9.94 0 (2.148471 1.691845 6.098209)
RLR 12.78 0 (4.853353 5.409764 2.519906)
LRL inf 1 (inf inf inf)

# 1.570796 -0.392699 3.200000
# best = 2 = RSL
LSL 15.28 0 (4.911325 4.674884 5.691551)
LSR 9.08 0 (5.009218 3.380157 0.689527)
RSL 4.00 0 (2.044325 1.877181 0.080830)
RSR 10.29 0 (2.041122 2.038674 6.205559)
RLR 12.39 0 (4.647915 5.213586 2.529167)
LRL inf 1 (inf inf inf)

# 1.570796 -0.392699 3.600000
# best = 2 = RSL
LSL 15.67 0 (4.895725 5.067611 5.707150)
LSR 9.46 0 (4.978386 3.826136 0.658696)
RSL 4.37 0 (1.965588 2.397906 0.002093)
RSR 10.65 0 (1.965586 2.402092 6.281094)
RLR 11.95 0 (4.463024 4.994875 2.495347)
LRL inf 1 (inf inf inf)

# 1.570796 -0.392699 4.000000
# best = 3 = RSR
LSL 16.06 0 (4.882372 5.461395 5.720503)
LSR 9.85 0 (4.953574 4.263000 0.633884)
RSL 11.02 0 (1.911118 2.880295 6.230808)
RSR 4.74 0 (1.910130 2.775590 0.053365)
RLR 11.46 0 (4.284835 4.749410 2.428070)
LRL inf 1 (inf inf inf)

# 1.570796 -0.392699 4.400000
# best = 3 = RSR
LSL 16.46 0 (4.870817 5.856021 5.732059)
LSR 10.24 0 (4.933127 4.693295 0.613436)
RSL 11.40 0 (1.870654 3.340995 6.190344)
RSR 5.12 0 (1.867924 3.155591 0.095571)
RLR 10.89 0 (4.100504 4.465159 2.328150)
LRL inf 1 (inf inf inf)

# 1.570796 -0.392699 4.800000
# best = 3 = RSR
LSL 16.85 0 (4.860722 6.251330 5.742154)
LSR 10.63 0 (4.915958 5.118679 0.596268)
RSL 11.79 0 (1.839195 3.787927 6.158885)
RSR 5.50 0 (1.834836 3.540001 0.128659)
RLR 10.18 0 (3.889934 4.110196 2.183757)
LRL inf 1 (inf inf inf)

# 1.570796 -0.392699 5.200000
# best = 3 = RSR
LSL 17.25 0 (4.851828 6.647200 5.751047)
LSR 11.02 0 (4.901323 5.540282 0.581633)
RSL 12.17 0 (1.813938 4.225463 6.133628)
RSR 5.89 0 (1.808253 3.927526 0.155242)
RLR 9.01 0 (3.569698 3.522891 1.916687)
LRL inf 1 (inf inf inf)

# 1.570796 -0.392699 5.600000
# best = 3 = RSR
LSL 17.65 0 (4.843935 7.043537 5.758940)
LSR 11.42 0 (4.888689 5.958908 0.568999)
RSL 12.56 0 (1.793161 4.656253 6.112852)
RSR 6.28 0 (1.786457 4.317327 0.177038)
RLR inf 1 (inf inf inf)
LRL inf 1 (inf inf inf)

# 1.570796 -0.392699 6.000000
# best = 3 = RSR
LSL 18.04 0 (4.836884 7.440267 5.765992)
LSR 11.81 0 (4.877665 6.375142 0.557975)
RSL 12.95 0 (1.775742 5.082011 6.095433)
RSR 6.67 0 (1.768278 4.708839 0.195217)
RLR inf 1 (inf inf inf)
LRL inf 1 (inf inf inf)

# 1.570796 -0.392699 6.400000
# best = 3 = RSR
LSL 18.44 0 (4.830546 7.837328 5.772330)
LSR 12.21 0 (4.867958 6.789425 0.548268)
RSL 13.35 0 (1.760911 5.503906 6.080602)
RSR 7.07 0 (1.752894 5.101668 0.210601)
RLR inf 1 (inf inf inf)
LRL inf 1 (inf inf inf)

# 1.570796 -0.392699 6.800000
# best = 3 = RSR
LSL 18.84 0 (4.824820 8.234674 5.778056)
LSR 12.60 0 (4.859342 7.202093 0.539652)
RSL 13.74 0 (1.748121 5.922764 6.067811)
RSR 7.46 0 (1.739713 5.495532 0.223782)
RLR inf 1 (inf inf inf)
LRL inf 1 (inf inf inf)

# 1.570796 -0.392699 7.200000
# best = 3 = RSR
LSL 19.24 0 (4.819621 8.632265 5.783255)
LSR 13.00 0 (4.851641 7.613409 0.531951)
RSL 14.13 0 (1.736971 6.339186 6.056661)
RSR 7.85 0 (1.728296 5.890223 0.235199)
RLR inf 1 (inf inf inf)
LRL inf 1 (inf inf inf)

# 1.570796 -0.392699 7.600000
# best = 3 = RSR
LSL 19.63 0 (4.814880 9.030069 5.787996)
LSR 13.39 0 (4.844716 8.023581 0.525025)
RSL 14.53 0 (1.727159 6.753623 6.046850)
RSR 8.25 0 (1.718314 6.285585 0.245181)
RLR inf 1 (inf inf inf)
LRL inf 1 (inf inf inf)

# 1.570796 -0.392699 8.000000
# best = 3 = RSR
LSL 20.03 0 (4.810539 9.428059 5.792336)
LSR 13.79 0 (4.838453 8.432775 0.518762)
RSL 14.92 0 (1.718457 7.166419 6.038147)
RSR 8.64 0 (1.709515 6.681499 0.253980)
RLR inf 1 (inf inf inf)
LRL inf 1 (inf inf inf)

# 1.963495 -0.392699 0.400000
# best = 4 = RLR
LSL 12.36 0 (4.973108 2.149294 5.237069)
LSR inf 1 (inf inf inf)
RSL inf 1 (inf inf inf)
RSR 10.23 0 (4.140880 1.590271 4.498499)
RLR 7.00 0 (0.590423 5.465456 0.948042)
LRL 7.94 0 (1.264255 5.148665 1.528216)

# 1.963495 -0.392699 0.800000
# best = 4 = RLR
LSL 12.69 0 (4.874855 2.478853 5.335321)
LSR inf 1 (inf inf inf)
RSL inf 1 (inf inf inf)
RSR 10.04 0 (3.904155 1.401325 4.735224)
RLR 7.21 0 (0.404638 5.567336 1.235707)
LRL 7.54 0 (1.064885 4.946431 1.525351)

# 1.963495 -0.392699 1.200000
# best = 5 = LRL
LSL 13.04 0 (4.800198 2.826652 5.409978)
LSR inf 1 (inf inf inf)
RSL inf 1 (inf inf inf)
RSR 9.95 0 (3.615671 1.310901 5.023708)
RLR 7.30 0 (0.140184 5.615396 1.548221)
LRL 7.07 0 (0.873835 4.713643 1.483615)

# 1.963495 -0.392699 1.600000
# best = 5 = LRL
LSL 13.40 0 (4.742146 3.186725 5.468030)
LSR 7.42 0 (5.204863 0.936811 1.277872)
RSL inf 1 (inf inf inf)
RSR 9.98 0 (3.313370 1.339108 5.326009)
RLR 13.56 0 (6.113594 5.600448 1.843048)
LRL 6.52 0 (0.678770 4.439617 1.404654)

# 1.963495 -0.392699 2.000000
# best = 5 = LRL
LSL 13.77 0 (4.696002 3.555343 5.514175)
LSR 7.71 0 (4.988333 1.658485 1.061342)
RSL inf 1 (inf inf inf)
RSR 10.12 0 (3.046360 1.479176 5.593019)
RLR 13.41 0 (5.809165 5.525611 2.072639)
LRL 5.83 0 (0.459611 4.093589 1.277784)

# 1.963495 -0.392699 2.400000
# best = 5 = LRL
LSL 14.14 0 (4.658590 3.930104 5.551586)
LSR 8.04 0 (4.870271 2.223405 0.943279)
RSL inf 1 (inf inf inf)
RSR 10.34 0 (2.837463 1.703734 5.801916)
RLR 13.16 0 (5.539062 5.403198 2.220330)
LRL 4.68 0 (0.133419 3.516028 1.026415)

# 1.963495 -0.392699 2.800000
# best = 2 = RSL
LSL 14.52 0 (4.627727 4.309404 5.582449)
LSR 8.39 0 (4.791266 2.730657 0.864274)
RSL 4.36 0 (2.765674 1.181138 0.409480)
RSR 10.62 0 (2.682251 1.984303 5.957128)
RLR 12.85 0 (5.304770 5.245038 2.296462)
LRL inf 1 (inf inf inf)

# 1.963495 -0.392699 3.200000
# best = 2 = RSL
LSL 14.90 0 (4.601878 4.692144 5.608299)
LSR 8.75 0 (4.733546 3.207716 0.806554)
RSL 4.66 0 (2.591463 1.833611 0.235269)
RSR 10.94 0 (2.567511 2.300480 6.071869)
RLR 12.47 0 (5.096352 5.057684 2.317525)
LRL inf 1 (inf inf inf)

# 1.963495 -0.392699 3.600000
# best = 2 = RSL
LSL 15.29 0 (4.579940 5.077545 5.630237)
LSR 9.12 0 (4.689119 3.666388 0.762128)
RSL 5.00 0 (2.487896 2.376799 0.131702)
RSR 11.28 0 (2.481334 2.639500 6.158045)
RLR 12.04 0 (4.902275 4.841881 2.295800)
LRL inf 1 (inf inf inf)

# 1.963495 -0.392699 4.000000
# best = 2 = RSL
LSL 15.68 0 (4.561105 5.465045 5.649072)
LSR 9.49 0 (4.653689 4.112828 0.726698)
RSL 5.35 0 (2.416353 2.873363 0.060159)
RSR 11.63 0 (2.415145 2.993611 6.224235)
RLR 11.54 0 (4.711087 4.591884 2.236991)
LRL inf 1 (inf inf inf)

# 1.963495 -0.392699 4.400000
# best = 2 = RSL
LSL 16.06 0 (4.544769 5.854226 5.665408)
LSR 9.87 0 (4.624685 4.550639 0.697693)
RSL 5.71 0 (2.363147 3.344138 0.006953)
RSR 12.00 0 (2.363133 3.358044 6.276247)
RLR 10.94 0 (4.508343 4.290420 2.138272)
LRL inf 1 (inf inf inf)

# 1.963495 -0.392699 4.800000
# best = 3 = RSR
LSL 16.45 0 (4.530473 6.244775 5.679704)
LSR 10.26 0 (4.600455 4.982095 0.673464)
RSL 12.37 0 (2.321712 3.798724 6.248703)
RSR 6.09 0 (2.321393 3.729773 0.034801)
RLR 10.12 0 (4.261869 3.880951 1.975277)
LRL inf 1 (inf inf inf)

# 1.963495 -0.392699 5.200000
# best = 3 = RSR
LSL 16.85 0 (4.517862 6.636450 5.692315)
LSR 10.64 0 (4.579883 5.408718 0.652892)
RSL 12.75 0 (2.288386 4.242328 6.215377)
RSR 6.46 0 (2.287267 4.106818 0.068927)
RLR inf 1 (inf inf inf)
LRL inf 1 (inf inf inf)

# 1.963495 -0.392699 5.600000
# best = 3 = RSR
LSL 17.24 0 (4.506658 7.029062 5.703519)
LSR 11.03 0 (4.562182 5.831568 0.635191)
RSL 13.13 0 (2.260928 4.678075 6.187919)
RSR 6.84 0 (2.258907 4.487840 0.097287)
RLR inf 1 (inf inf inf)
LRL inf 1 (inf inf inf)

# 1.963495 -0.392699 6.000000
# best = 3 = RSR
LSL 17.63 0 (4.496640 7.422464 5.713536)
LSR 11.42 0 (4.546779 6.251411 0.619788)
RSL 13.51 0 (2.237872 5.107977 6.164863)
RSR 7.23 0 (2.235002 4.871905 0.121192)
RLR inf 1 (inf inf inf)
LRL inf 1 (inf inf inf)

# 1.963495 -0.392699 6.400000
# best = 3 = RSR
LSL 18.03 0 (4.487632 7.816535 5.722544)
LSR 11.81 0 (4.533247 6.668816 0.606256)
RSL 13.90 0 (2.218214 5.533396 6.145206)
RSR 7.61 0 (2.214600 5.258346 0.141594)
RLR inf 1 (inf inf inf)
LRL inf 1 (inf inf inf)

# 1.963495 -0.392699 6.800000
# best = 3 = RSR
LSL 18.42 0 (4.479490 8.211180 5.730687)
LSR 12.20 0 (4.521260 7.084212 0.594268)
RSL 14.28 0 (2.201241 5.955293 6.128232)
RSR 8.00 0 (2.196997 5.646676 0.159197)
RLR inf 1 (inf inf inf)
LRL inf 1 (inf inf inf)

# 1.963495 -0.392699 7.200000
# best = 3 = RSR
LSL 18.82 0 (4.472094 8.606319 5.738083)
LSR 12.59 0 (4.510564 7.497934 0.583572)
RSL 14.67 0 (2.186427 6.374367 6.113419)
RSR 8.39 0 (2.181664 6.036531 0.174530)
RLR inf 1 (inf inf inf)
LRL inf 1 (inf inf inf)

# 1.963495 -0.392699 7.600000
# best = 3 = RSR
LSL 19.21 0 (4.465348 9.001887 5.744829)
LSR 12.99 0 (4.500958 7.910245 0.573967)
RSL 15.06 0 (2.173379 6.791142 6.100371)
RSR 8.78 0 (2.168194 6.427632 0.188000)
RLR inf 1 (inf inf inf)
LRL inf 1 (inf inf inf)

# 1.963495 -0.392699 8.000000
# best = 3 = RSR
LSL 19.61 0 (4.459170 9.397831 5.751006)
LSR 13.38 0 (4.492283 8.321354 0.565292)
RSL 15.46 0 (2.161795 7.206015 6.088787)
RSR 9.18 0 (2.156271 6.819766 0.199923)
RLR inf 1 (inf inf inf)
LRL inf 1 (inf inf inf)

# 2.356194 -0.392699 0.400000
# best = 4 = RLR
LSL 12.03 0 (4.757602 2.208980 5.059875)
LSR inf 1 (inf inf inf)
RSL inf 1 (inf inf inf)
RSR 10.80 0 (4.327105 1.770855 4.704973)
RLR 7.20 0 (0.726890 5.365940 1.104758)
LRL 7.48 0 (1.030955 5.113076 1.333228)

# 2.356194 -0.392699 0.800000
# best = 5 = LRL
LSL 12.31 0 (4.639014 2.496282 5.178464)
LSR inf 1 (inf inf inf)
RSL inf 1 (inf inf inf)
RSR 10.69 0 (4.102833 1.656531 4.929245)
RLR 7.32 0 (0.534251 5.429206 1.360663)
LRL 7.12 0 (0.823480 4.935303 1.362930)

# 2.356194 -0.392699 1.200000
# best = 5 = LRL
LSL 12.63 0 (4.545915 2.811273 5.271562)
LSR inf 1 (inf inf inf)
RSL inf 1 (inf inf inf)
RSR 10.67 0 (3.859521 1.634705 5.172558)
RLR 7.35 0 (0.296925 5.441179 1.609962)
LRL 6.70 0 (0.624971 4.724482 1.350618)

# 2.356194 -0.392699 1.600000
# best = 5 = LRL
LSL 12.96 0 (4.472075 3.145646 5.345402)
LSR inf 1 (inf inf inf)
RSL inf 1 (inf inf inf)
RSR 10.74 0 (3.623811 1.708926 5.408267)
RLR 7.27 0 (0.040790 5.400328 1.825246)
LRL 6.20 0 (0.425505 4.473230 1.298832)

# 2.356194 -0.392699 2.000000
# best = 5 = LRL
LSL 13.31 0 (4.412680 3.493840 5.404798)
LSR 7.40 0 (4.862860 1.204133 1.328568)
RSL inf 1 (inf inf inf)
RSR 10.90 0 (3.417970 1.867779 5.614108)
RLR 13.37 0 (6.073730 5.311520 1.986683)
LRL 5.57 0 (0.208823 4.158657 1.200941)

# 2.356194 -0.392699 2.400000
# best = 2 = RSL
LSL 13.67 0 (4.364187 3.852110 5.453291)
LSR 7.67 0 (4.668533 1.862653 1.134241)
RSL 4.91 0 (3.533387 0.595825 0.784494)
RSR 11.12 0 (3.250226 2.092072 5.781852)
RLR 13.11 0 (5.841431 5.182409 2.089872)
LRL 10.91 0 (6.207756 3.687139 1.013675)

# 2.356194 -0.392699 2.800000
# best = 2 = RSL
LSL 14.04 0 (4.324023 4.217889 5.493454)
LSR 7.98 0 (4.550378 2.410190 1.016085)
RSL 5.13 0 (3.204213 1.474947 0.455320)
RSR 11.40 0 (3.117885 2.363246 5.914193)
RLR 12.79 0 (5.627414 5.019057 2.140536)
LRL inf 1 (inf inf inf)

# 2.356194 -0.392699 3.200000
# best = 2 = RSL
LSL 14.41 0 (4.290315 4.589381 5.527163)
LSR 8.31 0 (4.467692 2.910078 0.933399)
RSL 5.42 0 (3.047350 2.077481 0.298457)
RSR 11.70 0 (3.014192 2.667039 6.017886)
RLR 12.40 0 (5.425932 4.823480 2.146441)
LRL inf 1 (inf inf inf)

# 2.356194 -0.392699 3.600000
# best = 2 = RSL
LSL 14.78 0 (4.261681 4.965305 5.555796)
LSR 8.66 0 (4.405663 3.383503 0.871370)
RSL 5.74 0 (2.945222 2.603150 0.196329)
RSR 12.03 0 (2.932387 2.993538 6.099691)
RLR 11.93 0 (5.228357 4.591940 2.112476)
LRL inf 1 (inf inf inf)

# 2.356194 -0.392699 4.000000
# best = 2 = RSL
LSL 15.16 0 (4.237096 5.344725 5.580382)
LSR 9.02 0 (4.357052 3.840265 0.822760)
RSL 6.09 0 (2.871516 3.091416 0.122623)
RSR 12.37 0 (2.867014 3.336081 6.165064)
RLR 11.37 0 (5.022252 4.310476 2.037117)
LRL inf 1 (inf inf inf)

# 2.356194 -0.392699 4.400000
# best = 2 = RSL
LSL 15.54 0 (4.215780 5.726946 5.601697)
LSR 9.39 0 (4.317769 4.285694 0.783477)
RSL 6.44 0 (2.815186 3.557712 0.066293)
RSR 12.72 0 (2.813996 3.690204 6.218083)
RLR 10.62 0 (4.780949 3.933906 1.901850)
LRL inf 1 (inf inf inf)

# 2.356194 -0.392699 4.800000
# best = 2 = RSL
LSL 15.93 0 (4.197139 6.111444 5.620338)
LSR 9.76 0 (4.285280 4.722998 0.750988)
RSL 6.80 0 (2.770476 4.009710 0.021583)
RSR 13.08 0 (2.770361 4.052872 6.261718)
RLR inf 1 (inf inf inf)
LRL inf 1 (inf inf inf)

# 2.356194 -0.392699 5.200000
# best = 3 = RSR
LSL 16.32 0 (4.180710 6.497813 5.636768)
LSR 10.14 0 (4.257917 5.154246 0.723625)
RSL 13.45 0 (2.734000 4.451768 6.268293)
RSR 7.17 0 (2.733950 4.421983 0.014943)
RLR inf 1 (inf inf inf)
LRL inf 1 (inf inf inf)

# 2.356194 -0.392699 5.600000
# best = 3 = RSR
LSL 16.70 0 (4.166128 6.885740 5.651349)
LSR 10.52 0 (4.234529 5.580841 0.700236)
RSL 13.83 0 (2.703611 4.886583 6.237904)
RSR 7.54 0 (2.703184 4.796051 0.045709)
RLR inf 1 (inf inf inf)
LRL inf 1 (inf inf inf)

# 2.356194 -0.392699 6.000000
# best = 3 = RSR
LSL 17.09 0 (4.153104 7.274974 5.664373)
LSR 10.90 0 (4.214291 6.003776 0.679999)
RSL 14.21 0 (2.677865 5.315934 6.212157)
RSR 7.92 0 (2.676890 5.174000 0.072003)
RLR inf 1 (inf inf inf)
LRL inf 1 (inf inf inf)

# 2.356194 -0.392699 6.400000
# best = 3 = RSR
LSL 17.48 0 (4.141405 7.665316 5.676072)
LSR 11.28 0 (4.196597 6.423773 0.662304)
RSL 14.59 0 (2.655750 5.741047 6.190043)
RSR 8.30 0 (2.654190 5.555037 0.094703)
RLR inf 1 (inf inf inf)
LRL inf 1 (inf inf inf)

# 2.356194 -0.392699 6.800000
# best = 3 = RSR
LSL 17.87 0 (4.130841 8.056607 5.686637)
LSR 11.67 0 (4.180987 6.841374 0.646695)
RSL 14.97 0 (2.636536 6.162798 6.170828)
RSR 8.69 0 (2.634412 5.938570 0.114481)
RLR inf 1 (inf inf inf)
LRL inf 1 (inf inf inf)

# 2.356194 -0.392699 7.200000
# best = 3 = RSR
LSL 18.27 0 (4.121256 8.448712 5.696221)
LSR 12.06 0 (4.167110 7.256993 0.632818)
RSL 15.36 0 (2.619677 6.581834 6.153969)
RSR 9.07 0 (2.617040 6.324142 0.131853)
RLR inf 1 (inf inf inf)
LRL inf 1 (inf inf inf)

# 2.356194 -0.392699 7.600000
# best = 3 = RSR
LSL 18.66 0 (4.112523 8.841526 5.704955)
LSR 12.45 0 (4.154689 7.670951 0.620397)
RSL 15.74 0 (2.604759 6.998643 6.139051)
RSR 9.46 0 (2.601669 6.711404 0.147224)
RLR inf 1 (inf inf inf)
LRL inf 1 (inf inf inf)

# 2.356194 -0.392699 8.000000
# best = 3 = RSR
LSL 19.05 0 (4.104533 9.234956 5.712945)
LSR 12.84 0 (4.143503 8.083503 0.609211)
RSL 16.13 0 (2.591461 7.413600 6.125754)
RSR 9.85 0 (2.587978 7.100078 0.160915)
RLR inf 1 (inf inf inf)
LRL inf 1 (inf inf inf)

# 2.748894 -0.392699 0.400000
# best = 5 = LRL
LSL 11.61 0 (4.542406 2.184558 4.882372)
LSR inf 1 (inf inf inf)
RSL inf 1 (inf inf inf)
RSR 11.31 0 (4.514907 1.883536 4.909871)
RLR 7.46 0 (0.883022 5.302600 1.277986)
LRL 7.11 0 (0.823064 5.127688 1.163030)

# 2.748894 -0.392699 0.800000
# best = 5 = LRL
LSL 11.85 0 (4.402239 2.421691 5.022539)
LSR inf 1 (inf inf inf)
RSL inf 1 (inf inf inf)
RSR 11.27 0 (4.300949 1.848084 5.123829)
RLR 7.50 0 (0.679084 5.322640 1.501964)
LRL 6.82 0 (0.610349 4.982592 1.230649)

# 2.748894 -0.392699 1.200000
# best = 5 = LRL
LSL 12.12 0 (4.288857 2.697569 5.135921)
LSR inf 1 (inf inf inf)
RSL inf 1 (inf inf inf)
RSR 11.32 0 (4.088668 1.898189 5.336110)
RLR 7.45 0 (0.452626 5.294286 1.700068)
LRL 6.46 0 (0.407123 4.802903 1.254187)

# 2.748894 -0.392699 1.600000
# best = 5 = LRL
LSL 12.43 0 (4.197446 3.001528 5.227331)
LSR inf 1 (inf inf inf)
RSL inf 1 (inf inf inf)
RSR 11.45 0 (3.895423 2.027518 5.529355)
RLR 7.30 0 (0.222270 5.220064 1.856202)
LRL 6.03 0 (0.207214 4.585905 1.237099)

# 2.748894 -0.392699 2.000000
# best = 2 = RSL
LSL 12.75 0 (4.123340 3.325878 5.301438)
LSR inf 1 (inf inf inf)
RSL 5.50 0 (4.319125 0.001131 1.177532)
RSR 11.65 0 (3.730642 2.222281 5.694137)
RLR 7.07 0 (0.000000 5.105088 1.963495)
LRL 11.78 0 (6.283185 4.319690 1.178097)

# 2.748894 -0.392699 2.400000
# best = 2 = RSL
LSL 13.09 0 (4.062671 3.665209 5.362107)
LSR 7.22 0 (4.519402 1.326649 1.377810)
RSL 5.65 0 (3.734005 1.326650 0.592412)
RSR 11.89 0 (3.595417 2.467031 5.829361)
RLR 13.05 0 (6.072392 4.953951 2.023152)
LRL 11.07 0 (6.045516 3.965690 1.061766)

# 2.748894 -0.392699 2.800000
# best = 2 = RSL
LSL 13.44 0 (4.012434 4.015726 5.412344)
LSR 7.48 0 (4.329894 1.959591 1.188302)
RSL 5.91 0 (3.544497 1.959592 0.402904)
RSR 12.17 0 (3.486195 2.748445 5.938583)
RLR 12.68 0 (5.870283 4.768174 2.039485)
LRL inf 1 (inf inf inf)

# 2.748894 -0.392699 3.200000
# best = 2 = RSL
LSL 13.80 0 (3.970350 4.374739 5.454428)
LSR 7.78 0 (4.209423 2.497999 1.067831)
RSL 6.20 0 (3.424025 2.498000 0.282432)
RSR 12.48 0 (3.398097 3.056412 6.026681)
RLR 12.23 0 (5.670040 4.543886 2.015439)
LRL inf 1 (inf inf inf)

# 2.748894 -0.392699 3.600000
# best = 2 = RSL
LSL 14.17 0 (3.934702 4.740320 5.490076)
LSR 8.10 0 (4.123322 2.993326 0.981730)
RSL 6.53 0 (3.337925 2.993326 0.196332)
RSR 12.81 0 (3.326569 3.383691 6.098209)
RLR 11.67 0 (5.459869 4.266600 1.948323)
LRL inf 1 (inf inf inf)

# 2.748894 -0.392699 4.000000
# best = 2 = RSL
LSL 14.54 0 (3.904191 5.111060 5.520587)
LSR 8.44 0 (4.057890 3.464101 0.916298)
RSL 6.87 0 (3.272493 3.464102 0.130900)
RSR 13.15 0 (3.267900 3.725194 6.156879)
RLR 10.92 0 (5.211531 3.887262 1.817325)
LRL inf 1 (inf inf inf)

# 2.748894 -0.392699 4.400000
# best = 2 = RSL
LSL 14.91 0 (3.877828 5.485911 5.546950)
LSR 8.79 0 (4.006153 3.919183 0.864561)
RSL 7.22 0 (3.220756 3.919184 0.079163)
RSR 13.50 0 (3.219220 4.077349 6.205559)
RLR inf 1 (inf inf inf)
LRL inf 1 (inf inf inf)

# 2.748894 -0.392699 4.800000
# best = 2 = RSL
LSL 15.29 0 (3.854851 5.864087 5.569927)
LSR 9.15 0 (3.964067 4.363484 0.822474)
RSL 7.58 0 (3.178669 4.363485 0.037076)
RSR 13.86 0 (3.178360 4.437621 6.246419)
RLR inf 1 (inf inf inf)
LRL inf 1 (inf inf inf)

# 2.748894 -0.392699 5.200000
# best = 2 = RSL
LSL 15.67 0 (3.834667 6.244983 5.590111)
LSR 9.52 0 (3.929082 4.800000 0.787490)
RSL 7.95 0 (3.143685 4.800000 0.002092)
RSR 14.23 0 (3.143684 4.804185 6.281094)
RLR inf 1 (inf inf inf)
LRL inf 1 (inf inf inf)

# 2.748894 -0.392699 5.600000
# best = 3 = RSR
LSL 16.05 0 (3.816810 6.628130 5.607968)
LSR 9.89 0 (3.899499 5.230678 0.757906)
RSL 14.60 0 (3.114101 5.230679 6.255694)
RSR 8.32 0 (3.113955 5.175703 0.027638)
RLR inf 1 (inf inf inf)
LRL inf 1 (inf inf inf)

# 2.748894 -0.392699 6.000000
# best = 3 = RSR
LSL 16.44 0 (3.800909 7.013159 5.623868)
LSR 10.26 0 (3.874128 5.656854 0.732536)
RSL 14.98 0 (3.088731 5.656855 6.230323)
RSR 8.69 0 (3.088228 5.551180 0.053365)
RLR inf 1 (inf inf inf)
LRL inf 1 (inf inf inf)

# 2.748894 -0.392699 6.400000
# best = 3 = RSR
LSL 16.82 0 (3.786667 7.399776 5.638111)
LSR 10.64 0 (3.852115 6.079473 0.710523)
RSL 15.35 0 (3.066718 6.079474 6.208310)
RSR 9.07 0 (3.065773 5.929866 0.075820)
RLR inf 1 (inf inf inf)
LRL inf 1 (inf inf inf)

# 2.748894 -0.392699 6.800000
# best = 3 = RSR
LSL 17.21 0 (3.773841 7.787746 5.650937)
LSR 11.02 0 (3.832824 6.499230 0.691231)
RSL 15.74 0 (3.047426 6.499231 6.189019)
RSR 9.45 0 (3.046022 6.311182 0.095571)
RLR inf 1 (inf inf inf)
LRL inf 1 (inf inf inf)

# 2.748894 -0.392699 7.200000
# best = 3 = RSR
LSL 17.60 0 (3.762234 8.176874 5.662544)
LSR 11.41 0 (3.815771 6.916646 0.674179)
RSL 16.12 0 (3.030374 6.916647 6.171966)
RSR 9.84 0 (3.028528 6.694679 0.113065)
RLR inf 1 (inf inf inf)
LRL inf 1 (inf inf inf)

# 2.748894 -0.392699 7.600000
# best = 3 = RSR
LSL 17.99 0 (3.751683 8.567005 5.673095)
LSR 11.79 0 (3.800585 7.332121 0.658993)
RSL 16.50 0 (3.015188 7.332121 6.156780)
RSR 10.22 0 (3.012934 7.080002 0.128659)
RLR inf 1 (inf inf inf)
LRL inf 1 (inf inf inf)

# 2.748894 -0.392699 8.000000
# best = 3 = RSR
LSL 18.38 0 (3.742052 8.958005 5.682726)
LSR 12.18 0 (3.786972 7.745966 0.645379)
RSL 16.89 0 (3.001574 7.745967 6.143167)
RSR 10.61 0 (2.998953 7.466869 0.142640)
RLR inf 1 (inf inf inf)
LRL inf 1 (inf inf inf)

# 3.141593 -0.392699 0.400000
# best = 5 = LRL
LSL 11.11 0 (4.326012 2.076994 4.706066)
LSR inf 1 (inf inf inf)
RSL inf 1 (inf inf inf)
RSR 11.74 0 (4.703388 1.923957 5.114089)
RLR 7.81 0 (1.060013 5.279620 1.470713)
LRL 6.85 0 (0.638448 5.191242 1.018502)

# 3.141593 -0.392699 0.800000
# best = 5 = LRL
LSL 11.29 0 (4.161202 2.258329 4.870876)
LSR inf 1 (inf inf inf)
RSL inf 1 (inf inf inf)
RSR 11.79 0 (4.498784 1.968620 5.318693)
RLR 7.76 0 (0.842628 5.254058 1.662537)
LRL 6.63 0 (0.419683 5.083331 1.129356)

# 3.141593 -0.392699 1.200000
# best = 5 = LRL
LSL 11.52 0 (4.023987 2.491224 5.008091)
LSR inf 1 (inf inf inf)
RSL inf 1 (inf inf inf)
RSR 11.91 0 (4.310665 2.090292 5.506813)
RLR 7.62 0 (0.619206 5.183453 1.815354)
LRL 6.34 0 (0.210071 4.938537 1.194174)

# 3.141593 -0.392699 1.600000
# best = 5 = LRL
LSL 11.79 0 (3.911939 2.762670 5.120139)
LSR inf 1 (inf inf inf)
RSL inf 1 (inf inf inf)
RSR 12.09 0 (4.148243 2.276658 5.669234)
RLR 7.40 0 (0.401161 5.072206 1.922152)
LRL 5.98 0 (0.007935 4.758362 1.216135)

# 3.141593 -0.392699 2.000000
# best = 2 = RSL
LSL 12.09 0 (3.820855 3.062432 5.211224)
LSR inf 1 (inf inf inf)
RSL 6.10 0 (4.168902 1.297296 0.634610)
RSR 12.33 0 (4.013346 2.513370 5.804131)
RLR 7.10 0 (0.192333 4.924344 1.983118)
LRL 11.83 0 (6.090462 4.539213 1.197645)

# 3.141593 -0.392699 2.400000
# best = 2 = RSL
LSL 12.42 0 (3.746507 3.382992 5.285572)
LSR 6.75 0 (4.613698 0.274517 1.864805)
RSL 6.34 0 (3.970530 1.936265 0.436238)
RSR 12.61 0 (3.903288 2.787630 5.914190)
RLR 13.02 0 (6.273804 4.741033 2.001521)
LRL 11.28 0 (5.880134 4.267254 1.136014)

# 3.141593 -0.392699 2.800000
# best = 2 = RSL
LSL 12.75 0 (3.685302 3.718976 5.346777)
LSR 6.90 0 (4.146740 1.359857 1.397847)
RSL 6.63 0 (3.844770 2.476948 0.310478)
RSR 12.91 0 (3.813813 3.089455 6.003664)
RLR 12.57 0 (6.072851 4.518077 1.979517)
LRL 10.54 0 (5.633178 3.895751 1.011467)

# 3.141593 -0.392699 3.200000
# best = 2 = RSL
LSL 13.10 0 (3.634395 4.066562 5.397683)
LSR 7.15 0 (3.957587 1.985715 1.208693)
RSL 6.95 0 (3.754949 2.973452 0.220657)
RSR 13.23 0 (3.740734 3.411537 6.076743)
RLR 12.01 0 (5.860842 4.240215 1.913666)
LRL inf 1 (inf inf inf)

# 3.141593 -0.392699 3.600000
# best = 2 = RSL
LSL 13.46 0 (3.591597 4.423017 5.440481)
LSR 7.44 0 (3.835855 2.521293 1.086962)
RSL 7.28 0 (3.686708 3.444933 0.152416)
RSR 13.57 0 (3.680523 3.748659 6.136954)
RLR 11.24 0 (5.607703 3.854360 1.780949)
LRL inf 1 (inf inf inf)

# 3.141593 -0.392699 4.000000
# best = 2 = RSL
LSL 13.82 0 (3.555238 4.786358 5.476840)
LSR 7.76 0 (3.748322 3.015091 0.999428)
RSL 7.63 0 (3.632762 3.900476 0.098470)
RSR 13.91 0 (3.630397 4.097108 6.187080)
RLR inf 1 (inf inf inf)
LRL inf 1 (inf inf inf)

# 3.141593 -0.392699 4.400000
# best = 2 = RSL
LSL 14.19 0 (3.524045 5.155130 5.508034)
LSR 8.10 0 (3.681547 3.484914 0.932654)
RSL 7.99 0 (3.588885 4.345096 0.054593)
RSR 14.27 0 (3.588216 4.454228 6.229261)
RLR inf 1 (inf inf inf)
LRL inf 1 (inf inf inf)

# 3.141593 -0.392699 4.800000
# best = 2 = RSL
LSL 14.56 0 (3.497039 5.528247 5.535040)
LSR 8.45 0 (3.628610 3.939350 0.879717)
RSL 8.35 0 (3.552418 4.781841 0.018126)
RSR 14.64 0 (3.552350 4.818091 6.265128)
RLR inf 1 (inf inf inf)
LRL inf 1 (inf inf inf)

# 3.141593 -0.392699 5.200000
# best = 3 = RSR
LSL 14.94 0 (3.473462 5.904885 5.558616)
LSR 8.81 0 (3.585464 4.383187 0.836571)
RSL 15.00 0 (3.521585 5.212691 6.270478)
RSR 8.72 0 (3.521554 5.187278 0.012738)
RLR inf 1 (inf inf inf)
LRL inf 1 (inf inf inf)

# 3.141593 -0.392699 5.600000
# best = 3 = RSR
LSL 15.32 0 (3.452723 6.284410 5.579356)
LSR 9.17 0 (3.549546 4.819355 0.800652)
RSL 15.38 0 (3.495147 5.638998 6.244041)
RSR 9.10 0 (3.494872 5.560729 0.039420)
RLR inf 1 (inf inf inf)
LRL inf 1 (inf inf inf)

# 3.141593 -0.392699 6.000000
# best = 3 = RSR
LSL 15.70 0 (3.434353 6.666330 5.597726)
LSR 9.54 0 (3.519136 5.249765 0.770243)
RSL 15.76 0 (3.472211 6.061720 6.221105)
RSR 9.47 0 (3.471563 5.937639 0.062729)
RLR inf 1 (inf inf inf)
LRL inf 1 (inf inf inf)

# 3.141593 -0.392699 6.400000
# best = 3 = RSR
LSL 16.08 0 (3.417979 7.050255 5.614100)
LSR 9.91 0 (3.493033 5.675728 0.744140)
RSL 16.13 0 (3.452114 6.481558 6.201007)
RSR 9.85 0 (3.451045 6.317390 0.083247)
RLR inf 1 (inf inf inf)
LRL inf 1 (inf inf inf)

# 3.141593 -0.392699 6.800000
# best = 3 = RSR
LSL 16.47 0 (3.403299 7.435876 5.628780)
LSR 10.29 0 (3.470367 6.098175 0.721473)
RSL 16.52 0 (3.434351 6.899039 6.183245)
RSR 10.23 0 (3.432862 6.699498 0.101430)
RLR inf 1 (inf inf inf)
LRL inf 1 (inf inf inf)

# 3.141593 -0.392699 7.200000
# best = 3 = RSR
LSL 16.86 0 (3.390069 7.822940 5.642009)
LSR 10.67 0 (3.450489 6.517791 0.701596)
RSL 16.90 0 (3.418535 7.314567 6.167428)
RSR 10.62 0 (3.416645 7.083581 0.117647)
RLR inf 1 (inf inf inf)
LRL inf 1 (inf inf inf)

# 3.141593 -0.392699 7.600000
# best = 3 = RSR
LSL 17.24 0 (3.378089 8.211245 5.653990)
LSR 11.05 0 (3.432909 6.935088 0.684016)
RSL 17.29 0 (3.404357 7.728456 6.153250)
RSR 11.00 0 (3.402100 7.469336 0.132192)
RLR inf 1 (inf inf inf)
LRL inf 1 (inf inf inf)

# 3.141593 -0.392699 8.000000
# best = 3 = RSR
LSL 17.63 0 (3.367192 8.600621 5.664887)
LSR 11.44 0 (3.417245 7.350463 0.668352)
RSL 17.67 0 (3.391574 8.140957 6.140467)
RSR 11.39 0 (3.388986 7.856515 0.145306)
RLR inf 1 (inf inf inf)
LRL inf 1 (inf inf inf)

# -3.141593 0.000000 0.400000
# best = 4 = RLR
LSL 11.46 0 (4.514994 2.039608 4.909785)
LSR inf 1 (inf inf inf)
RSL inf 1 (inf inf inf)
RSR 11.46 0 (4.514993 2.039608 4.909784)
RLR 7.28 0 (0.838330 5.213044 1.233121)
LRL 7.28 0 (0.838330 5.213044 1.233121)

# -3.141593 0.000000 0.800000
# best = 4 = RLR
LSL 11.58 0 (4.331883 2.154066 5.092896)
LSR inf 1 (inf inf inf)
RSL inf 1 (inf inf inf)
RSR 11.58 0 (4.331882 2.154066 5.092895)
RLR 7.15 0 (0.621614 5.145834 1.382627)
LRL 7.15 0 (0.621615 5.145834 1.382627)

# -3.141593 0.000000 1.200000
# best = 4 = RLR
LSL 11.76 0 (4.171970 2.332381 5.252809)
LSR inf 1 (inf inf inf)
RSL inf 1 (inf inf inf)
RSR 11.76 0 (4.171969 2.332381 5.252808)
RLR 6.93 0 (0.407843 5.038119 1.488682)
LRL 6.93 0 (0.407844 5.038118 1.488682)

# -3.141593 0.000000 1.600000
# best = 4 = RLR
LSL 11.99 0 (4.037648 2.561250 5.387130)
LSR inf 1 (inf inf inf)
RSL inf 1 (inf inf inf)
RSR 11.99 0 (4.037648 2.561249 5.387130)
RLR 6.65 0 (0.201150 4.893376 1.550632)
LRL 6.65 0 (0.201151 4.893375 1.550632)

# -3.141593 0.000000 2.000000
# best = 5 = LRL
LSL 12.25 0 (3.926991 2.828427 5.497787)
LSR 6.28 0 (4.711801 0.001177 1.570208)
RSL inf 1 (inf inf inf)
RSR 12.25 0 (3.926991 2.828427 5.497787)
RLR 12.57 0 (6.283185 4.712389 1.570796)
LRL 6.28 0 (0.000000 4.712389 1.570796)

# -3.141593 0.000000 2.400000
# best = 2 = RSL
LSL 12.55 0 (3.836331 3.124100 5.588447)
LSR 6.44 0 (4.126704 1.326651 0.985111)
RSL 6.44 0 (4.126703 1.326649 0.985111)
RSR 12.55 0 (3.836331 3.124100 5.588447)
RLR 12.12 0 (6.081618 4.490575 1.550549)
LRL 12.12 0 (6.081618 4.490574 1.550549)

# -3.141593 0.000000 2.800000
# best = 2 = RSL
LSL 12.87 0 (3.761842 3.440930 5.662936)
LSR 6.69 0 (3.937196 1.959592 0.795603)
RSL 6.69 0 (3.937195 1.959591 0.795603)
RSR 12.87 0 (3.761842 3.440930 5.662936)
RLR 11.57 0 (5.867709 4.211735 1.485618)
LRL 11.57 0 (5.867709 4.211734 1.485618)

# -3.141593 0.000000 3.200000
# best = 2 = RSL
LSL 13.20 0 (3.700192 3.773593 5.724586)
LSR 6.99 0 (3.816724 2.498000 0.675131)
RSL 6.99 0 (3.816724 2.497999 0.675132)
RSR 13.20 0 (3.700192 3.773592 5.724586)
RLR 10.78 0 (5.609053 3.817724 1.350262)
LRL 10.78 0 (5.609054 3.817723 1.350262)

# -3.141593 0.000000 3.600000
# best = 2 = RSL
LSL 13.54 0 (3.648691 4.118252 5.776087)
LSR 7.31 0 (3.730624 2.993326 0.589031)
RSL 7.31 0 (3.730623 2.993325 0.589031)
RSR 13.54 0 (3.648691 4.118252 5.776087)
RLR inf 1 (inf inf inf)
LRL inf 1 (inf inf inf)

# -3.141593 0.000000 4.000000
# best = 2 = RSL
LSL 13.90 0 (3.605241 4.472136 5.819538)
LSR 7.65 0 (3.665192 3.464102 0.523599)
RSL 7.65 0 (3.665191 3.464101 0.523599)
RSR 13.90 0 (3.605240 4.472136 5.819538)
RLR inf 1 (inf inf inf)
LRL inf 1 (inf inf inf)

# -3.141593 0.000000 4.400000
# best = 2 = RSL
LSL 14.26 0 (3.568220 4.833219 5.856558)
LSR 8.00 0 (3.613455 3.919184 0.471862)
RSL 8.00 0 (3.613454 3.919183 0.471862)
RSR 14.26 0 (3.568220 4.833218 5.856558)
RLR inf 1 (inf inf inf)
LRL inf 1 (inf inf inf)

# -3.141593 0.000000 4.800000
# best = 2 = RSL
LSL 14.62 0 (3.536384 5.200000 5.888394)
LSR 8.36 0 (3.571368 4.363485 0.429775)
RSL 8.36 0 (3.571368 4.363484 0.429775)
RSR 14.62 0 (3.536383 5.200000 5.888394)
RLR inf 1 (inf inf inf)
LRL inf 1 (inf inf inf)

# -3.141593 0.000000 5.200000
# best = 2 = RSL
LSL 15.00 0 (3.508767 5.571356 5.916011)
LSR 8.73 0 (3.536384 4.800000 0.394791)
RSL 8.73 0 (3.536383 4.800000 0.394791)
RSR 15.00 0 (3.508766 5.571355 5.916011)
RLR inf 1 (inf inf inf)
LRL inf 1 (inf inf inf)

# -3.141593 0.000000 5.600000
# best = 2 = RSL
LSL 15.37 0 (3.484617 5.946428 5.940161)
LSR 9.10 0 (3.506800 5.230679 0.365207)
RSL 9.10 0 (3.506800 5.230678 0.365207)
RSR 15.37 0 (3.484616 5.946427 5.940161)
RLR inf 1 (inf inf inf)
LRL inf 1 (inf inf inf)

# -3.141593 0.000000 6.000000
# best = 2 = RSL
LSL 15.75 0 (3.463344 6.324556 5.961435)
LSR 9.48 0 (3.481430 5.656855 0.339837)
RSL 9.48 0 (3.481429 5.656854 0.339837)
RSR 15.75 0 (3.463343 6.324555 5.961435)
RLR inf 1 (inf inf inf)
LRL inf 1 (inf inf inf)

# -3.141593 0.000000 6.400000
# best = 2 = RSL
LSL 16.13 0 (3.444478 6.705222 5.980300)
LSR 9.86 0 (3.459417 6.079474 0.317824)
RSL 9.86 0 (3.459416 6.079473 0.317824)
RSR 16.13 0 (3.444477 6.705222 5.980300)
RLR inf 1 (inf inf inf)
LRL inf 1 (inf inf inf)

# -3.141593 0.000000 6.800000
# best = 2 = RSL
LSL 16.51 0 (3.427644 7.088018 5.997134)
LSR 10.24 0 (3.440125 6.499231 0.298532)
RSL 10.24 0 (3.440125 6.499230 0.298532)
RSR 16.51 0 (3.427644 7.088018 5.997134)
RLR inf 1 (inf inf inf)
LRL inf 1 (inf inf inf)

# -3.141593 0.000000 7.200000
# best = 2 = RSL
LSL 16.90 0 (3.412540 7.472617 6.012238)
LSR 10.62 0 (3.423073 6.916647 0.281480)
RSL 10.62 0 (3.423072 6.916646 0.281480)
RSR 16.90 0 (3.412539 7.472616 6.012238)
RLR inf 1 (inf inf inf)
LRL inf 1 (inf inf inf)

# -3.141593 0.000000 7.600000
# best = 2 = RSL
LSL 17.28 0 (3.398917 7.858753 6.025862)
LSR 11.01 0 (3.407887 7.332121 0.266294)
RSL 11.01 0 (3.407886 7.332121 0.266294)
RSR 17.28 0 (3.398916 7.858753 6.025862)
RLR inf 1 (inf inf inf)
LRL inf 1 (inf inf inf)

# -3.141593 0.000000 8.000000
# best = 2 = RSL
LSL 17.67 0 (3.386572 8.246212 6.038207)
LSR 11.39 0 (3.394273 7.745967 0.252680)
RSL 11.39 0 (3.394273 7.745966 0.252680)
RSR 17.67 0 (3.386571 8.246211 6.038207)
RLR inf 1 (inf inf inf)
LRL inf 1 (inf inf inf)

# -2.748894 0.000000 0.400000
# best = 5 = LRL
LSL 10.96 0 (4.310690 1.923958 4.721390)
LSR inf 1 (inf inf inf)
RSL inf 1 (inf inf inf)
RSR 11.89 0 (4.718711 2.076994 5.098765)
RLR 7.63 0 (1.031147 5.191242 1.411201)
LRL 7.02 0 (0.667314 5.279620 1.078014)

# -2.748894 0.000000 0.800000
# best = 5 = LRL
LSL 11.00 0 (4.106085 1.968620 4.925994)
LSR inf 1 (inf inf inf)
RSL inf 1 (inf inf inf)
RSR 12.08 0 (4.553901 2.258330 5.263575)
RLR 7.42 0 (0.812382 5.083331 1.522055)
LRL 6.97 0 (0.449929 5.254058 1.269838)

# -2.748894 0.000000 1.200000
# best = 5 = LRL
LSL 11.12 0 (3.917966 2.090292 5.114113)
LSR inf 1 (inf inf inf)
RSL inf 1 (inf inf inf)
RSR 12.31 0 (4.416686 2.491224 5.400790)
RLR 7.13 0 (0.602770 4.938537 1.586873)
LRL 6.83 0 (0.226507 5.183453 1.422655)

# -2.748894 0.000000 1.600000
# best = 5 = LRL
LSL 11.31 0 (3.755544 2.276658 5.276535)
LSR inf 1 (inf inf inf)
RSL inf 1 (inf inf inf)
RSR 12.58 0 (4.304638 2.762670 5.512838)
RLR 6.77 0 (0.400634 4.758362 1.608834)
LRL 6.61 0 (0.008462 5.072206 1.529453)

# -2.748894 0.000000 2.000000
# best = 4 = RLR
LSL 11.55 0 (3.620647 2.513370 5.411432)
LSR inf 1 (inf inf inf)
RSL 6.76 0 (4.497728 1.297294 0.963436)
RSR 12.88 0 (4.213554 3.062432 5.603923)
RLR 6.33 0 (0.199975 4.539213 1.590344)
LRL 12.60 0 (6.082819 4.924344 1.590419)

# -2.748894 0.000000 2.400000
# best = 1 = LSR
LSL 11.82 0 (3.510589 2.787630 5.521491)
LSR 5.82 0 (4.145566 0.274521 1.396672)
RSL 7.02 0 (4.308532 1.936264 0.774241)
RSR 13.20 0 (4.139206 3.382992 5.678271)
RLR 12.07 0 (6.272833 4.267254 1.528713)
LRL 12.23 0 (5.881105 4.741033 1.608822)

# -2.748894 0.000000 2.800000
# best = 1 = LSR
LSL 12.12 0 (3.421114 3.089455 5.610965)
LSR 5.99 0 (3.691083 1.359859 0.942189)
RSL 7.32 0 (4.189643 2.476947 0.655352)
RSR 13.54 0 (4.078001 3.718976 5.739476)
RLR 11.33 0 (6.025877 3.895751 1.404166)
LRL 11.79 0 (5.680152 4.518077 1.586818)

# -2.748894 0.000000 3.200000
# best = 1 = LSR
LSL 12.44 0 (3.348035 3.411537 5.684044)
LSR 6.26 0 (3.510864 1.985716 0.761970)
RSL 7.65 0 (4.105160 2.973451 0.570869)
RSR 13.88 0 (4.027094 4.066563 5.790382)
RLR inf 1 (inf inf inf)
LRL 11.23 0 (5.468143 4.240215 1.520966)

# -2.748894 0.000000 3.600000
# best = 1 = LSR
LSL 12.78 0 (3.287824 3.748659 5.744255)
LSR 6.56 0 (3.395846 2.521294 0.646952)
RSL 7.99 0 (4.041186 3.444932 0.506894)
RSR 14.24 0 (3.984296 4.423017 5.833180)
RLR inf 1 (inf inf inf)
LRL 10.46 0 (5.215004 3.854360 1.388250)

# -2.748894 0.000000 4.000000
# best = 1 = LSR
LSL 13.13 0 (3.237698 4.097108 5.794381)
LSR 6.89 0 (3.313543 3.015091 0.564649)
RSL 8.35 0 (3.990727 3.900475 0.456435)
RSR 14.60 0 (3.947937 4.786358 5.869539)
RLR inf 1 (inf inf inf)
LRL inf 1 (inf inf inf)

# -2.748894 0.000000 4.400000
# best = 1 = LSR
LSL 13.49 0 (3.195517 4.454228 5.836562)
LSR 7.24 0 (3.250957 3.484915 0.502063)
RSL 8.71 0 (3.949754 4.345095 0.415463)
RSR 14.97 0 (3.916744 5.155130 5.900733)
RLR inf 1 (inf inf inf)
LRL inf 1 (inf inf inf)

# -2.748894 0.000000 4.800000
# best = 1 = LSR
LSL 13.85 0 (3.159651 4.818091 5.872428)
LSR 7.59 0 (3.201450 3.939351 0.452556)
RSL 9.08 0 (3.915744 4.781840 0.381452)
RSR 15.35 0 (3.889738 5.528247 5.927739)
RLR inf 1 (inf inf inf)
LRL inf 1 (inf inf inf)

# -2.748894 0.000000 5.200000
# best = 1 = LSR
LSL 14.22 0 (3.128855 5.187278 5.903224)
LSR 7.96 0 (3.161165 4.383188 0.412271)
RSL 9.45 0 (3.887015 5.212691 0.352724)
RSR 15.72 0 (3.866161 5.904885 5.951315)
RLR inf 1 (inf inf inf)
LRL inf 1 (inf inf inf)

# -2.748894 0.000000 5.600000
# best = 1 = LSR
LSL 14.59 0 (3.102173 5.560729 5.929906)
LSR 8.33 0 (3.127669 4.819356 0.378775)
RSL 9.83 0 (3.862400 5.638997 0.328109)
RSR 16.10 0 (3.845422 6.284410 5.972055)
RLR inf 1 (inf inf inf)
LRL inf 1 (inf inf inf)

# -2.748894 0.000000 6.000000
# best = 1 = LSR
LSL 14.97 0 (3.078864 5.937640 5.953216)
LSR 8.70 0 (3.099338 5.249766 0.350444)
RSL 10.21 0 (3.841059 6.061719 0.306767)
RSR 16.48 0 (3.827052 6.666330 5.990425)
RLR inf 1 (inf inf inf)
LRL inf 1 (inf inf inf)

# -2.748894 0.000000 6.400000
# best = 1 = LSR
LSL 15.35 0 (3.058346 6.317390 5.973733)
LSR 9.08 0 (3.075036 5.675729 0.326142)
RSL 10.59 0 (3.822368 6.481557 0.288076)
RSR 16.87 0 (3.810678 7.050255 6.006799)
RLR inf 1 (inf inf inf)
LRL inf 1 (inf inf inf)

# -2.748894 0.000000 6.800000
# best = 1 = LSR
LSL 15.73 0 (3.040163 6.699498 5.991917)
LSR 9.46 0 (3.053946 6.098176 0.305052)
RSL 10.98 0 (3.805855 6.899038 0.271564)
RSR 17.25 0 (3.795998 7.435876 6.021479)
RLR inf 1 (inf inf inf)
LRL inf 1 (inf inf inf)

# -2.748894 0.000000 7.200000
# best = 1 = LSR
LSL 16.12 0 (3.023946 7.083581 6.008133)
LSR 9.84 0 (3.035460 6.517791 0.286566)
RSL 11.36 0 (3.791156 7.314566 0.256865)
RSR 17.64 0 (3.782768 7.822940 6.034708)
RLR inf 1 (inf inf inf)
LRL inf 1 (inf inf inf)

# -2.748894 0.000000 7.600000
# best = 1 = LSR
LSL 16.50 0 (3.009401 7.469336 6.022678)
LSR 10.22 0 (3.019118 6.935089 0.270224)
RSL 11.75 0 (3.777985 7.728455 0.243693)
RSR 18.03 0 (3.770788 8.211245 6.046689)
RLR inf 1 (inf inf inf)
LRL inf 1 (inf inf inf)

# -2.748894 0.000000 8.000000
# best = 1 = LSR
LSL 16.89 0 (2.996287 7.856515 6.035793)
LSR 10.61 0 (3.004562 7.350463 0.255668)
RSL 12.14 0 (3.766111 8.140956 0.231820)
RSR 18.42 0 (3.759891 8.600621 6.057586)
RLR inf 1 (inf inf inf)
LRL inf 1 (inf inf inf)

# -2.356194 0.000000 0.400000
# best = 5 = LRL
LSL 10.37 0 (4.104986 1.734511 4.534394)
LSR inf 1 (inf inf inf)
RSL inf 1 (inf inf inf)
RSR 12.24 0 (4.922448 2.034674 5.287729)
RLR 8.08 0 (1.247217 5.215910 1.612499)
LRL 6.85 0 (0.514878 5.386156 0.944286)

# -2.356194 0.000000 0.800000
# best = 5 = LRL
LSL 10.35 0 (3.872629 1.709632 4.766751)
LSR inf 1 (inf inf inf)
RSL inf 1 (inf inf inf)
RSR 12.49 0 (4.774533 2.277188 5.435644)
RLR 7.79 0 (1.027290 5.071884 1.688401)
LRL 6.87 0 (0.289412 5.399938 1.183534)

# -2.356194 0.000000 1.200000
# best = 5 = LRL
LSL 10.42 0 (3.645905 1.776839 4.993475)
LSR inf 1 (inf inf inf)
RSL inf 1 (inf inf inf)
RSR 12.77 0 (4.657109 2.559545 5.553068)
RLR 7.43 0 (0.821166 4.894485 1.717125)
LRL 6.80 0 (0.044020 5.362601 1.391590)

# -2.356194 0.000000 1.600000
# best = 2 = RSL
LSL 10.57 0 (3.445077 1.926518 5.194302)
LSR inf 1 (inf inf inf)
RSL 6.93 0 (4.835952 1.186815 0.908961)
RSR 13.08 0 (4.564019 2.870010 5.646158)
RLR 7.01 0 (0.622216 4.682765 1.704355)
LRL 12.91 0 (6.084157 5.278159 1.550196)

# -2.356194 0.000000 2.000000
# best = 4 = RLR
LSL 10.78 0 (3.278796 2.141444 5.360583)
LSR inf 1 (inf inf inf)
RSL 7.21 0 (4.644160 1.847760 0.717168)
RSR 13.41 0 (4.489609 3.200413 5.720568)
RLR 6.50 0 (0.420549 4.428251 1.651508)
LRL 12.66 0 (5.855453 5.153315 1.654056)

# -2.356194 0.000000 2.400000
# best = 4 = RLR
LSL 11.04 0 (3.145773 2.404184 5.493607)
LSR inf 1 (inf inf inf)
RSL 7.53 0 (4.528601 2.395809 0.601610)
RSR 13.76 0 (4.429389 3.545184 5.780788)
RLR 5.85 0 (0.198512 4.104616 1.549910)
LRL 12.34 0 (5.642556 4.993567 1.707205)

# -2.356194 0.000000 2.800000
# best = 1 = LSR
LSL 11.34 0 (3.040416 2.700817 5.598963)
LSR 5.24 0 (3.459029 0.682633 1.102835)
RSL 7.86 0 (4.448099 2.895788 0.521108)
RSR 14.11 0 (4.379988 3.900514 5.830189)
RLR 11.10 0 (6.174280 3.588584 1.341295)
LRL 11.96 0 (5.440767 4.800702 1.716129)

# -2.356194 0.000000 3.200000
# best = 1 = LSR
LSL 11.66 0 (2.956638 3.021378 5.682741)
LSR 5.48 0 (3.161219 1.516674 0.805025)
RSL 8.22 0 (4.387881 3.369165 0.460890)
RSR 14.47 0 (4.338918 4.263766 5.871259)
RLR inf 1 (inf inf inf)
LRL 11.50 0 (5.242051 4.570826 1.684969)

# -2.356194 0.000000 3.600000
# best = 1 = LSR
LSL 12.00 0 (2.889305 3.359024 5.750074)
LSR 5.78 0 (3.013791 2.110596 0.657597)
RSL 8.58 0 (4.340785 3.825828 0.413794)
RSR 14.84 0 (4.304344 4.633075 5.905833)
RLR inf 1 (inf inf inf)
LRL 10.94 0 (5.034064 4.289518 1.611648)

# -2.356194 0.000000 4.000000
# best = 1 = LSR
LSL 12.35 0 (2.834470 3.709091 5.804909)
LSR 6.11 0 (2.917221 2.632286 0.561027)
RSL 8.95 0 (4.302782 4.271141 0.375790)
RSR 15.22 0 (4.274905 5.007102 5.935272)
RLR inf 1 (inf inf inf)
LRL 10.17 0 (4.789001 3.909063 1.476255)

# -2.356194 0.000000 4.400000
# best = 1 = LSR
LSL 12.71 0 (2.789203 4.068374 5.850176)
LSR 6.46 0 (2.847348 3.118212 0.491154)
RSL 9.32 0 (4.271388 4.708326 0.344396)
RSR 15.60 0 (4.249576 5.384864 5.960600)
RLR inf 1 (inf inf inf)
LRL inf 1 (inf inf inf)

# -2.356194 0.000000 4.800000
# best = 1 = LSR
LSL 13.07 0 (2.751346 4.434635 5.888033)
LSR 6.81 0 (2.793870 3.582954 0.437676)
RSL 9.70 0 (4.244971 5.139457 0.317980)
RSR 15.98 0 (4.227581 5.765626 5.982596)
RLR inf 1 (inf inf inf)
LRL inf 1 (inf inf inf)

# -2.356194 0.000000 5.200000
# best = 1 = LSR
LSL 13.45 0 (2.719304 4.806277 5.920076)
LSR 7.18 0 (2.751382 4.033841 0.395188)
RSL 10.08 0 (4.222409 5.565941 0.295418)
RSR 16.36 0 (4.208319 6.148831 6.001858)
RLR inf 1 (inf inf inf)
LRL inf 1 (inf inf inf)

# -2.356194 0.000000 5.600000
# best = 1 = LSR
LSL 13.82 0 (2.691884 5.182144 5.947495)
LSR 7.55 0 (2.716695 4.475063 0.360501)
RSL 10.47 0 (4.202899 5.988772 0.275908)
RSR 16.74 0 (4.191322 6.534050 6.018855)
RLR inf 1 (inf inf inf)
LRL inf 1 (inf inf inf)

# -2.356194 0.000000 6.000000
# best = 1 = LSR
LSL 14.20 0 (2.668188 5.561378 5.971191)
LSR 7.93 0 (2.687779 4.909226 0.331585)
RSL 10.85 0 (4.185849 6.408672 0.258858)
RSR 17.13 0 (4.176221 6.920946 6.033955)
RLR inf 1 (inf inf inf)
LRL inf 1 (inf inf inf)

# -2.356194 0.000000 6.400000
# best = 1 = LSR
LSL 14.58 0 (2.647528 5.943336 5.991851)
LSR 8.31 0 (2.663270 5.338054 0.307076)
RSL 11.24 0 (4.170816 6.826182 0.243825)
RSR 17.52 0 (4.162723 7.309253 6.047454)
RLR inf 1 (inf inf inf)
LRL inf 1 (inf inf inf)

# -2.356194 0.000000 6.800000
# best = 1 = LSR
LSL 14.97 0 (2.629370 6.327524 6.010010)
LSR 8.69 0 (2.642211 5.762736 0.286017)
RSL 11.63 0 (4.157456 7.241716 0.230465)
RSR 17.91 0 (4.150588 7.698758 6.059589)
RLR inf 1 (inf inf inf)
LRL inf 1 (inf inf inf)

# -2.356194 0.000000 7.200000
# best = 1 = LSR
LSL 15.35 0 (2.613295 6.713559 6.026085)
LSR 9.08 0 (2.623907 6.184128 0.267713)
RSL 12.02 0 (4.145502 7.655595 0.218511)
RSR 18.30 0 (4.139623 8.089286 6.070554)
RLR inf 1 (inf inf inf)
LRL inf 1 (inf inf inf)

# -2.356194 0.000000 7.600000
# best = 1 = LSR
LSL 15.74 0 (2.598971 7.101140 6.040408)
LSR 9.46 0 (2.607842 6.602860 0.251648)
RSL 12.41 0 (4.134740 8.068074 0.207749)
RSR 18.69 0 (4.129669 8.480698 6.080507)
RLR inf 1 (inf inf inf)
LRL inf 1 (inf inf inf)

# -2.356194 0.000000 8.000000
# best = 1 = LSR
LSL 16.13 0 (2.586132 7.490027 6.053247)
LSR 9.85 0 (2.593623 7.019407 0.237429)
RSL 12.80 0 (4.124999 8.479357 0.198008)
RSR 19.08 0 (4.120595 8.872876 6.089582)
RLR inf 1 (inf inf inf)
LRL inf 1 (inf inf inf)

# -1.963495 0.000000 0.400000
# best = 5 = LRL
LSL 9.73 0 (3.896465 1.478601 4.350215)
LSR inf 1 (inf inf inf)
RSL inf 1 (inf inf inf)
RSR 12.52 0 (5.126811 1.914281 5.476064)
RLR 8.61 0 (1.486193 5.285134 1.835446)
LRL 6.73 0 (0.376239 5.525920 0.829990)

# -1.963495 0.000000 0.800000
# best = 5 = LRL
LSL 9.63 0 (3.623646 1.388221 4.623034)
LSR inf 1 (inf inf inf)
RSL inf 1 (inf inf inf)
RSR 12.81 0 (4.995696 2.209881 5.607180)
RLR 8.26 0 (1.268778 5.112536 1.880262)
LRL 6.83 0 (0.127624 5.574326 1.127012)

# -1.963495 0.000000 1.200000
# best = 2 = RSL
LSL 9.66 0 (3.337185 1.409984 4.909495)
LSR inf 1 (inf inf inf)
RSL 6.96 0 (5.166452 0.944428 0.846762)
RSR 13.14 0 (4.896781 2.534300 5.706095)
RLR 7.86 0 (1.069023 4.910855 1.878337)
LRL 13.09 0 (6.118541 5.562711 1.407665)

# -1.963495 0.000000 1.600000
# best = 2 = RSL
LSL 9.79 0 (3.079489 1.539140 5.167191)
LSR inf 1 (inf inf inf)
RSL 7.26 0 (4.958244 1.658629 0.638554)
RSR 13.48 0 (4.820874 2.877808 5.782002)
RLR 7.39 0 (0.876268 4.677159 1.837396)
LRL 12.95 0 (5.826107 5.493236 1.630624)

# -1.963495 0.000000 2.000000
# best = 4 = RLR
LSL 10.00 0 (2.872933 1.752098 5.373748)
LSR inf 1 (inf inf inf)
RSL 7.59 0 (4.844841 2.220395 0.525151)
RSR 13.84 0 (4.761418 3.234329 5.841457)
RLR 6.84 0 (0.678087 4.399708 1.758126)
LRL 12.72 0 (5.561125 5.376385 1.778755)

# -1.963495 0.000000 2.400000
# best = 4 = RLR
LSL 10.27 0 (2.716221 2.022559 5.530460)
LSR inf 1 (inf inf inf)
RSL 7.94 0 (4.769091 2.725666 0.449400)
RSR 14.20 0 (4.713900 3.599998 5.888975)
RLR 6.12 0 (0.452539 4.043648 1.627614)
LRL 12.41 0 (5.327690 5.222939 1.858744)

# -1.963495 0.000000 2.800000
# best = 4 = RLR
LSL 10.58 0 (2.598618 2.330588 5.648062)
LSR inf 1 (inf inf inf)
RSL 8.31 0 (4.713828 3.201306 0.394137)
RSR 14.58 0 (4.675215 3.972291 5.927661)
RLR 4.79 0 (0.080600 3.377141 1.333046)
LRL 12.04 0 (5.118229 5.039222 1.884488)

# -1.963495 0.000000 3.200000
# best = 1 = LSR
LSL 10.91 0 (2.509392 2.663182 5.737289)
LSR 4.71 0 (2.710949 1.249722 0.747454)
RSL 8.68 0 (4.671340 3.658888 0.351650)
RSR 14.95 0 (4.643198 4.349505 5.959678)
RLR inf 1 (inf inf inf)
LRL 11.62 0 (4.922425 4.826067 1.867137)

# -1.963495 0.000000 3.600000
# best = 1 = LSR
LSL 11.26 0 (2.440393 3.012214 5.806287)
LSR 5.02 0 (2.552515 1.882206 0.589020)
RSL 9.06 0 (4.637487 4.104457 0.317796)
RSR 15.33 0 (4.616314 4.730465 5.986561)
RLR inf 1 (inf inf inf)
LRL 11.12 0 (4.729295 4.577804 1.812004)

# -1.963495 0.000000 4.000000
# best = 1 = LSR
LSL 11.62 0 (2.385924 3.372585 5.860756)
LSR 5.37 0 (2.456643 2.417353 0.493148)
RSL 9.44 0 (4.609793 4.541549 0.290102)
RSR 15.72 0 (4.593452 5.114333 6.009424)
RLR inf 1 (inf inf inf)
LRL 10.52 0 (4.524409 4.276969 1.716055)

# -1.963495 0.000000 4.400000
# best = 1 = LSR
LSL 11.99 0 (2.342074 3.741019 5.904606)
LSR 5.73 0 (2.389980 2.909380 0.426485)
RSL 9.83 0 (4.586672 4.972401 0.266982)
RSR 16.10 0 (4.573790 5.500501 6.029086)
RLR inf 1 (inf inf inf)
LRL 9.69 0 (4.274689 3.865229 1.554035)

# -1.963495 0.000000 4.800000
# best = 1 = LSR
LSL 12.36 0 (2.306142 4.115352 5.940538)
LSR 6.09 0 (2.340231 3.377187 0.376736)
RSL 10.21 0 (4.567052 5.398507 0.247362)
RSR 16.49 0 (4.556714 5.888515 6.046162)
RLR inf 1 (inf inf inf)
LRL inf 1 (inf inf inf)

# -1.963495 0.000000 5.200000
# best = 1 = LSR
LSL 12.74 0 (2.276234 4.494109 5.970447)
LSR 6.47 0 (2.301402 3.829659 0.337907)
RSL 10.60 0 (4.550177 5.820909 0.230487)
RSR 16.88 0 (4.541752 6.278034 6.061123)
RLR inf 1 (inf inf inf)
LRL inf 1 (inf inf inf)

# -1.963495 0.000000 5.600000
# best = 1 = LSR
LSL 13.12 0 (2.250993 4.876260 5.995687)
LSR 6.85 0 (2.270125 4.271672 0.306630)
RSL 10.99 0 (4.535498 6.240359 0.215808)
RSR 17.27 0 (4.528542 6.668794 6.074334)
RLR inf 1 (inf inf inf)
LRL inf 1 (inf inf inf)

# -1.963495 0.000000 6.000000
# best = 1 = LSR
LSL 13.51 0 (2.229433 5.261065 6.017247)
LSR 7.23 0 (2.244326 4.706174 0.280831)
RSL 11.38 0 (4.522607 6.657416 0.202917)
RSR 17.66 0 (4.516795 7.060589 6.086080)
RLR inf 1 (inf inf inf)
LRL inf 1 (inf inf inf)

# -1.963495 0.000000 6.400000
# best = 1 = LSR
LSL 13.89 0 (2.210819 5.647982 6.035861)
LSR 7.62 0 (2.222643 5.135073 0.259148)
RSL 11.78 0 (4.511190 7.072503 0.191500)
RSR 18.06 0 (4.506285 7.453256 6.096590)
RLR inf 1 (inf inf inf)
LRL inf 1 (inf inf inf)

# -1.963495 0.000000 6.800000
# best = 1 = LSR
LSL 14.28 0 (2.194596 6.036605 6.052084)
LSR 8.00 0 (2.204144 5.559665 0.240649)
RSL 12.17 0 (4.501006 7.485947 0.181316)
RSR 18.45 0 (4.496828 7.846664 6.106048)
RLR inf 1 (inf inf inf)
LRL inf 1 (inf inf inf)

# -1.963495 0.000000 7.200000
# best = 1 = LSR
LSL 14.67 0 (2.180340 6.426624 6.066341)
LSR 8.39 0 (2.188161 5.980867 0.224666)
RSL 12.56 0 (4.491863 7.898006 0.172173)
RSR 18.84 0 (4.488275 8.240706 6.114601)
RLR inf 1 (inf inf inf)
LRL inf 1 (inf inf inf)

# -1.963495 0.000000 7.600000
# best = 1 = LSR
LSL 15.06 0 (2.167716 6.817800 6.078964)
LSR 8.78 0 (2.174205 6.399349 0.210710)
RSL 12.96 0 (4.483607 8.308887 0.163917)
RSR 19.24 0 (4.480502 8.635296 6.122373)
RLR inf 1 (inf inf inf)
LRL inf 1 (inf inf inf)

# -1.963495 0.000000 8.000000
# best = 1 = LSR
LSL 15.46 0 (2.156465 7.209944 6.090215)
LSR 9.18 0 (2.161907 6.815611 0.198412)
RSL 13.35 0 (4.476114 8.718756 0.156424)
RSR 19.63 0 (4.473410 9.030362 6.129466)
RLR inf 1 (inf inf inf)
LRL inf 1 (inf inf inf)

# -1.570796 0.000000 0.400000
# best = 5 = LRL
LSL 9.02 0 (3.682012 1.166190 4.171969)
LSR inf 1 (inf inf inf)
RSL inf 1 (inf inf inf)
RSR 12.72 0 (5.332639 1.720465 5.662936)
RLR 9.22 0 (1.746424 5.393942 2.076722)
LRL 6.67 0 (0.244575 5.691497 0.734532)

# -1.570796 0.000000 0.800000
# best = 2 = RSL
LSL 8.87 0 (3.338988 1.019804 4.514993)
LSR inf 1 (inf inf inf)
RSL 6.85 0 (5.535868 0.489899 0.823478)
RSR 13.05 0 (5.219488 2.059126 5.776087)
RLR 8.83 0 (1.537142 5.201680 2.093742)
LRL 13.11 0 (6.222784 5.767591 1.115604)

# -1.570796 0.000000 1.200000
# best = 2 = RSL
LSL 8.87 0 (2.944197 1.019804 4.909785)
LSR inf 1 (inf inf inf)
RSL 7.17 0 (5.260591 1.356466 0.548201)
RSR 13.41 0 (5.139017 2.416609 5.856558)
RLR 8.40 0 (1.348722 4.985782 2.066264)
LRL 13.11 0 (5.827992 5.767591 1.510395)

# -1.570796 0.000000 1.600000
# best = 2 = RSL
LSL 9.02 0 (2.601173 1.166190 5.252809)
LSR inf 1 (inf inf inf)
RSL 7.52 0 (5.146080 1.939072 0.433691)
RSR 13.78 0 (5.079563 2.785678 5.916012)
RLR 7.91 0 (1.167575 4.742394 2.004023)
LRL 12.95 0 (5.446921 5.691497 1.815372)

# -1.570796 0.000000 2.000000
# best = 4 = RLR
LSL 9.27 0 (2.356194 1.414213 5.497787)
LSR inf 1 (inf inf inf)
RSL 7.89 0 (5.075358 2.449490 0.362969)
RSR 14.16 0 (5.034140 3.162278 5.961435)
RLR 7.35 0 (0.980809 4.459709 1.908104)
LRL 12.69 0 (5.136420 5.560451 1.994828)

# -1.570796 0.000000 2.400000
# best = 4 = RLR
LSL 9.57 0 (2.191045 1.720465 5.662936)
LSR inf 1 (inf inf inf)
RSL 8.27 0 (5.025962 2.925748 0.313573)
RSR 14.54 0 (4.998441 3.544009 5.997134)
RLR 6.64 0 (0.768197 4.105883 1.766890)
LRL 12.36 0 (4.888016 5.393942 2.076722)

# -1.570796 0.000000 2.800000
# best = 1 = LSR
LSL 9.91 0 (2.077894 2.059126 5.776087)
LSR 3.71 0 (2.394274 0.489899 0.823478)
RSL 8.65 0 (4.989073 3.382307 0.276683)
RSR 14.92 0 (4.969713 3.929376 6.025862)
RLR 5.47 0 (0.445516 3.517976 1.501665)
LRL 11.97 0 (4.678734 5.201680 2.093742)

# -1.570796 0.000000 3.200000
# best = 1 = LSR
LSL 10.27 0 (1.997423 2.416609 5.856558)
LSR 4.02 0 (2.118997 1.356466 0.548201)
RSL 9.03 0 (4.960295 3.826225 0.247906)
RSR 15.31 0 (4.946132 4.317407 6.049442)
RLR inf 1 (inf inf inf)
LRL 11.54 0 (4.490314 4.985782 2.066264)

# -1.570796 0.000000 3.600000
# best = 1 = LSR
LSL 10.64 0 (1.937970 2.785678 5.916012)
LSR 4.38 0 (2.004487 1.939072 0.433691)
RSL 9.42 0 (4.937135 4.261455 0.224746)
RSR 15.70 0 (4.926450 4.707441 6.069125)
RLR inf 1 (inf inf inf)
LRL 11.06 0 (4.309167 4.742394 2.004023)

# -1.570796 0.000000 4.000000
# best = 1 = LSR
LSL 11.02 0 (1.892546 3.162278 5.961435)
LSR 4.75 0 (1.933765 2.449490 0.362969)
RSL 9.81 0 (4.918051 4.690416 0.205661)
RSR 16.09 0 (4.909785 5.099019 6.085790)
RLR inf 1 (inf inf inf)
LRL 10.49 0 (4.122401 4.459709 1.908104)

# -1.570796 0.000000 4.400000
# best = 1 = LSR
LSL 11.40 0 (1.856847 3.544009 5.997134)
LSR 5.12 0 (1.884369 2.925748 0.313573)
RSL 10.21 0 (4.902029 5.114685 0.189640)
RSR 16.49 0 (4.895500 5.491812 6.100075)
RLR inf 1 (inf inf inf)
LRL 9.78 0 (3.909789 4.105883 1.766890)

# -1.570796 0.000000 4.800000
# best = 1 = LSR
LSL 11.78 0 (1.828120 3.929376 6.025862)
LSR 5.51 0 (1.847479 3.382307 0.276683)
RSL 10.60 0 (4.888373 5.535341 0.175984)
RSR 16.88 0 (4.883124 5.885576 6.112450)
RLR inf 1 (inf inf inf)
LRL 8.61 0 (3.587108 3.517976 1.501665)

# -1.570796 0.000000 5.200000
# best = 1 = LSR
LSL 12.17 0 (1.804539 4.317407 6.049442)
LSR 5.89 0 (1.818702 3.826225 0.247906)
RSL 10.99 0 (4.876586 5.953150 0.164196)
RSR 17.28 0 (4.872302 6.280127 6.123272)
RLR inf 1 (inf inf inf)
LRL inf 1 (inf inf inf)

# -1.570796 0.000000 5.600000
# best = 1 = LSR
LSL 12.56 0 (1.784857 4.707441 6.069125)
LSR 6.28 0 (1.795542 4.261455 0.224746)
RSL 11.39 0 (4.866302 6.368673 0.153913)
RSR 17.67 0 (4.862761 6.675328 6.132814)
RLR inf 1 (inf inf inf)
LRL inf 1 (inf inf inf)

# -1.570796 0.000000 6.000000
# best = 1 = LSR
LSL 12.95 0 (1.768191 5.099019 6.085790)
LSR 6.67 0 (1.776457 4.690416 0.205661)
RSL 11.78 0 (4.857249 6.782330 0.144859)
RSR 18.07 0 (4.854286 7.071068 6.141288)
RLR inf 1 (inf inf inf)
LRL inf 1 (inf inf inf)

# -1.570796 0.000000 6.400000
# best = 1 = LSR
LSL 13.35 0 (1.753907 5.491812 6.100075)
LSR 7.06 0 (1.760436 5.114685 0.189640)
RSL 12.18 0 (4.849214 7.194442 0.136825)
RSR 18.46 0 (4.846711 7.467262 6.148864)
RLR inf 1 (inf inf inf)
LRL inf 1 (inf inf inf)

# -1.570796 0.000000 6.800000
# best = 1 = LSR
LSL 13.74 0 (1.741531 5.885576 6.112450)
LSR 7.46 0 (1.746780 5.535341 0.175984)
RSL 12.58 0 (4.842033 7.605261 0.129644)
RSR 18.86 0 (4.839899 7.863841 6.155676)
RLR inf 1 (inf inf inf)
LRL inf 1 (inf inf inf)

# -1.570796 0.000000 7.200000
# best = 1 = LSR
LSL 14.13 0 (1.730709 6.280127 6.123272)
LSR 7.85 0 (1.734992 5.953150 0.164196)
RSL 12.97 0 (4.835576 8.014986 0.123187)
RSR 19.26 0 (4.833741 8.260751 6.161833)
RLR inf 1 (inf inf inf)
LRL inf 1 (inf inf inf)

# -1.570796 0.000000 7.600000
# best = 1 = LSR
LSL 14.53 0 (1.721167 6.675328 6.132814)
LSR 8.25 0 (1.724709 6.368673 0.153913)
RSL 13.37 0 (4.829737 8.423776 0.117348)
RSR 19.65 0 (4.828148 8.657944 6.167426)
RLR inf 1 (inf inf inf)
LRL inf 1 (inf inf inf)

# -1.570796 0.000000 8.000000
# best = 1 = LSR
LSL 14.93 0 (1.712693 7.071068 6.141288)
LSR 8.64 0 (1.715655 6.782330 0.144859)
RSL 13.77 0 (4.824431 8.831761 0.112042)
RSR 20.05 0 (4.823046 9.055385 6.172528)
RLR inf 1 (inf inf inf)
LRL inf 1 (inf inf inf)

# -1.178097 0.000000 0.400000
# best = 5 = LRL
LSL 8.27 0 (3.452597 0.809648 4.008685)
LSR inf 1 (inf inf inf)
RSL inf 1 (inf inf inf)
RSR 12.85 0 (5.541409 1.460731 5.846865)
RLR 9.89 0 (2.025987 5.535527 2.331443)
LRL 6.65 0 (0.107185 5.875545 0.663272)

# -1.178097 0.000000 0.800000
# best = 2 = RSL
LSL 8.09 0 (2.946937 0.629623 4.514345)
LSR inf 1 (inf inf inf)
RSL 6.96 0 (5.560523 0.939986 0.455435)
RSR 13.22 0 (5.448958 1.831076 5.939315)
RLR 9.49 0 (1.831881 5.332217 2.322238)
LRL 13.11 0 (5.930466 5.967059 1.214689)

# -1.178097 0.000000 1.200000
# best = 2 = RSL
LSL 8.14 0 (2.328294 0.676256 5.132989)
LSR inf 1 (inf inf inf)
RSL 7.33 0 (5.437458 1.556495 0.332370)
RSR 13.60 0 (5.387950 2.211774 6.000324)
RLR 9.04 0 (1.660464 5.111400 2.272838)
LRL 13.06 0 (5.300007 5.943426 1.821516)

# -1.178097 0.000000 1.600000
# best = 2 = RSL
LSL 8.38 0 (1.918063 0.915543 5.543219)
LSR inf 1 (inf inf inf)
RSL 7.71 0 (5.372287 2.069247 0.267199)
RSR 13.99 0 (5.344969 2.598278 6.043305)
RLR 8.56 0 (1.496358 4.869149 2.194694)
LRL 12.82 0 (4.828723 5.821320 2.170694)

# -1.178097 0.000000 2.000000
# best = 4 = RLR
LSL 8.70 0 (1.698916 1.240611 5.762366)
LSR inf 1 (inf inf inf)
RSL 8.10 0 (5.330022 2.541827 0.224934)
RSR 14.38 0 (5.313162 2.988336 6.075112)
RLR 8.01 0 (1.327905 4.595857 2.089855)
LRL 12.48 0 (4.525155 5.652478 2.305420)

# -1.178097 0.000000 2.400000
# best = 1 = LSR
LSL 9.06 0 (1.574195 1.600004 5.887087)
LSR 2.82 0 (1.846671 0.301241 0.668574)
RSL 8.49 0 (5.299910 2.993324 0.194821)
RSR 14.77 0 (5.288718 3.380718 6.099556)
RLR 7.36 0 (1.140224 4.269384 1.951062)
LRL 12.10 0 (4.304270 5.460150 2.333976)

# -1.178097 0.000000 2.800000
# best = 1 = LSR
LSL 9.44 0 (1.495977 1.975072 5.965305)
LSR 3.17 0 (1.574634 1.196513 0.396537)
RSL 8.88 0 (5.277195 3.432068 0.172106)
RSR 15.16 0 (5.269367 3.774700 6.118907)
RLR 6.45 0 (0.894207 3.816052 1.743748)
LRL 11.68 0 (4.121153 5.250351 2.307295)

# -1.178097 0.000000 3.200000
# best = 1 = LSR
LSL 9.82 0 (1.442940 2.358348 6.018342)
LSR 3.54 0 (1.481747 1.758562 0.303650)
RSL 9.28 0 (5.259376 3.862408 0.154287)
RSR 15.56 0 (5.253678 4.169827 6.134596)
RLR inf 1 (inf inf inf)
LRL 11.22 0 (3.953986 5.022091 2.246202)

# -1.178097 0.000000 3.600000
# best = 1 = LSR
LSL 10.21 0 (1.404807 2.746398 6.056475)
LSR 3.93 0 (1.427305 2.252429 0.249208)
RSL 9.67 0 (5.244988 4.286875 0.139899)
RSR 15.95 0 (5.240708 4.565804 6.147566)
RLR inf 1 (inf inf inf)
LRL 10.72 0 (3.789598 4.769583 2.158081)

# -1.178097 0.000000 4.000000
# best = 1 = LSR
LSL 10.60 0 (1.376146 3.137451 6.085136)
LSR 4.32 0 (1.390468 2.715572 0.212371)
RSL 10.07 0 (5.233108 4.707059 0.128019)
RSR 16.35 0 (5.229810 4.962426 6.158464)
RLR inf 1 (inf inf inf)
LRL 10.14 0 (3.616071 4.479849 2.041875)

# -1.178097 0.000000 4.400000
# best = 1 = LSR
LSL 10.99 0 (1.353852 3.530509 6.107430)
LSR 4.71 0 (1.363568 3.161523 0.185471)
RSL 10.47 0 (5.223122 5.124013 0.118033)
RSR 16.75 0 (5.220525 5.359550 6.167748)
RLR inf 1 (inf inf inf)
LRL 9.42 0 (3.414023 4.120341 1.884415)

# -1.178097 0.000000 4.800000
# best = 1 = LSR
LSL 11.39 0 (1.336032 3.924970 6.125250)
LSR 5.10 0 (1.342940 3.596682 0.164843)
RSL 10.86 0 (5.214604 5.538466 0.109515)
RSR 17.15 0 (5.212522 5.757072 6.175751)
RLR inf 1 (inf inf inf)
LRL 8.24 0 (3.100820 3.529576 1.606853)

# -1.178097 0.000000 5.200000
# best = 1 = LSR
LSL 11.78 0 (1.321470 4.320450 6.139812)
LSR 5.50 0 (1.326563 4.024552 0.148466)
RSL 11.26 0 (5.207248 5.950942 0.102160)
RSR 17.54 0 (5.205554 6.154915 6.182720)
RLR inf 1 (inf inf inf)
LRL inf 1 (inf inf inf)

# -1.178097 0.000000 5.600000
# best = 1 = LSR
LSL 12.18 0 (1.309353 4.716692 6.151930)
LSR 5.90 0 (1.313218 4.447237 0.135121)
RSL 11.66 0 (5.200829 6.361825 0.095741)
RSR 17.94 0 (5.199432 6.553021 6.188842)
RLR inf 1 (inf inf inf)
LRL inf 1 (inf inf inf)

# -1.178097 0.000000 6.000000
# best = 1 = LSR
LSL 12.57 0 (1.299115 5.113519 6.162168)
LSR 6.29 0 (1.302119 4.866088 0.124022)
RSL 12.06 0 (5.195178 6.771405 0.090089)
RSR 18.34 0 (5.194011 6.951344 6.194263)
RLR inf 1 (inf inf inf)
LRL inf 1 (inf inf inf)

# -1.178097 0.000000 6.400000
# best = 1 = LSR
LSL 12.97 0 (1.290352 5.510805 6.170930)
LSR 6.69 0 (1.292734 5.282018 0.114637)
RSL 12.46 0 (5.190162 7.179904 0.085074)
RSR 18.74 0 (5.189178 7.349850 6.199096)
RLR inf 1 (inf inf inf)
LRL inf 1 (inf inf inf)

# -1.178097 0.000000 6.800000
# best = 1 = LSR
LSL 13.37 0 (1.282768 5.908458 6.178514)
LSR 7.09 0 (1.284689 5.695666 0.106592)
RSL 12.85 0 (5.185680 7.587498 0.080591)
RSR 19.14 0 (5.184842 7.748509 6.203432)
RLR inf 1 (inf inf inf)
LRL inf 1 (inf inf inf)

# -1.178097 0.000000 7.200000
# best = 1 = LSR
LSL 13.77 0 (1.276141 6.306407 6.185141)
LSR 7.48 0 (1.277713 6.107496 0.099616)
RSL 13.25 0 (5.181650 7.994325 0.076561)
RSR 19.54 0 (5.180930 8.147300 6.207343)
RLR inf 1 (inf inf inf)
LRL inf 1 (inf inf inf)

# -1.178097 0.000000 7.600000
# best = 1 = LSR
LSL 14.17 0 (1.270301 6.704600 6.190981)
LSR 7.88 0 (1.271604 6.517852 0.093507)
RSL 13.65 0 (5.178006 8.400496 0.072918)
RSR 19.93 0 (5.177384 8.546204 6.210890)
RLR inf 1 (inf inf inf)
LRL inf 1 (inf inf inf)

# -1.178097 0.000000 8.000000
# best = 1 = LSR
LSL 14.56 0 (1.265116 7.102997 6.196166)
LSR 8.28 0 (1.266208 6.926998 0.088111)
RSL 14.05 0 (5.174695 8.806102 0.069607)
RSR 20.33 0 (5.174154 8.945206 6.214120)
RLR inf 1 (inf inf inf)
LRL inf 1 (inf inf inf)

# -0.785398 0.000000 0.400000
# best = 2 = RSL
LSL 7.49 0 (3.165277 0.424383 3.903306)
LSR inf 1 (inf inf inf)
RSL 6.65 0 (5.888247 0.374031 0.390460)
RSR 12.93 0 (5.756419 1.145195 6.024553)
RLR 10.62 0 (2.324465 5.702462 2.592599)
LRL 12.93 0 (6.200574 6.070594 0.655418)

# -0.785398 0.000000 0.800000
# best = 2 = RSL
LSL 7.38 0 (2.049072 0.307271 5.019512)
LSR inf 1 (inf inf inf)
RSL 7.04 0 (5.722491 1.088845 0.224703)
RSR 13.32 0 (5.689736 1.535304 6.091237)
RLR 10.21 0 (2.154207 5.495313 2.555708)
LRL 13.04 0 (5.113771 6.129398 1.801025)

# -0.785398 0.000000 1.200000
# best = 2 = RSL
LSL 7.64 0 (1.321566 0.573350 5.747018)
LSR inf 1 (inf inf inf)
RSL 7.43 0 (5.664558 1.597269 0.166771)
RSR 13.71 0 (5.650176 1.929467 6.130796)
RLR 9.77 0 (2.005229 5.276476 2.485849)
LRL 12.78 0 (4.319325 5.995519 2.461592)

# -0.785398 0.000000 1.600000
# best = 2 = RSL
LSL 8.01 0 (1.102365 0.939705 5.966218)
LSR inf 1 (inf inf inf)
RSL 7.82 0 (5.631772 2.058387 0.133985)
RSR 14.11 0 (5.624064 2.325624 6.156908)
RLR 9.30 0 (1.862016 5.042274 2.394860)
LRL 12.40 0 (4.006815 5.808900 2.587483)

# -0.785398 0.000000 2.000000
# best = 1 = LSR
LSL 8.39 0 (1.008179 1.325654 6.060405)
LSR 2.12 0 (1.068103 0.765367 0.282705)
RSL 8.22 0 (5.610198 2.498528 0.112411)
RSR 14.50 0 (5.605562 2.722905 6.175410)
RLR 8.79 0 (1.715216 4.785678 2.285064)
LRL 12.00 0 (3.811970 5.607582 2.581011)

# -0.785398 0.000000 2.400000
# best = 1 = LSR
LSL 8.79 0 (0.956715 1.718044 6.111868)
LSR 2.51 0 (0.978312 1.334205 0.192914)
RSL 8.62 0 (5.594788 2.927170 0.097000)
RSR 14.90 0 (5.591775 3.120881 6.189197)
RLR 8.20 0 (1.555165 4.493150 2.152587)
LRL 11.58 0 (3.654357 5.395283 2.526324)

# -0.785398 0.000000 2.800000
# best = 1 = LSR
LSL 9.18 0 (0.924441 2.113289 6.144142)
LSR 2.90 0 (0.935014 1.815053 0.149616)
RSL 9.02 0 (5.583179 3.348733 0.085391)
RSR 15.30 0 (5.581108 3.519316 6.199864)
RLR 7.48 0 (1.364013 4.132181 1.982770)
LRL 11.13 0 (3.509411 5.169939 2.445926)

# -0.785398 0.000000 3.200000
# best = 1 = LSR
LSL 9.58 0 (0.902353 2.510041 6.166230)
LSR 3.30 0 (0.908370 2.264670 0.122972)
RSL 9.42 0 (5.574097 3.765594 0.076310)
RSR 15.70 0 (5.572612 3.918070 6.208361)
RLR 6.31 0 (1.062968 3.547084 1.698718)
LRL 10.64 0 (3.365594 4.926483 2.346286)

# -0.785398 0.000000 3.600000
# best = 1 = LSR
LSL 9.98 0 (0.886300 2.907683 6.182283)
LSR 3.69 0 (0.890064 2.698712 0.104666)
RSL 9.81 0 (5.566787 4.179160 0.069000)
RSR 16.10 0 (5.565685 4.317054 6.215288)
RLR inf 1 (inf inf inf)
LRL 10.10 0 (3.214065 4.655531 2.226864)

# -0.785398 0.000000 4.000000
# best = 1 = LSR
LSL 10.37 0 (0.874112 3.305894 6.194472)
LSR 4.09 0 (0.876627 3.123677 0.091229)
RSL 10.21 0 (5.560772 4.590323 0.062984)
RSR 16.50 0 (5.559931 4.716210 6.221042)
RLR inf 1 (inf inf inf)
LRL 9.46 0 (3.042890 4.337557 2.080065)

# -0.785398 0.000000 4.400000
# best = 1 = LSR
LSL 10.77 0 (0.864545 3.704490 6.204038)
LSR 4.49 0 (0.866311 3.542834 0.080913)
RSL 10.61 0 (5.555731 4.999675 0.057943)
RSR 16.90 0 (5.555075 5.115498 6.225898)
RLR inf 1 (inf inf inf)
LRL 8.62 0 (2.822137 3.915184 1.878445)

# -0.785398 0.000000 4.800000
# best = 1 = LSR
LSL 11.17 0 (0.856838 4.103360 6.211746)
LSR 4.89 0 (0.858126 3.958029 0.072728)
RSL 11.01 0 (5.551444 5.407628 0.053656)
RSR 17.30 0 (5.550922 5.514890 6.230051)
RLR inf 1 (inf inf inf)
LRL inf 1 (inf inf inf)

# -0.785398 0.000000 5.200000
# best = 1 = LSR
LSL 11.57 0 (0.850496 4.502430 6.218087)
LSR 5.29 0 (0.851465 4.370390 0.066067)
RSL 11.41 0 (5.547752 5.814475 0.049965)
RSR 17.70 0 (5.547330 5.914363 6.233643)
RLR inf 1 (inf inf inf)
LRL inf 1 (inf inf inf)

# -0.785398 0.000000 5.600000
# best = 1 = LSR
LSL 11.97 0 (0.845188 4.901652 6.223396)
LSR 5.69 0 (0.845935 4.780650 0.060537)
RSL 11.81 0 (5.544539 6.220435 0.046751)
RSR 18.09 0 (5.544193 6.313904 6.236780)
RLR inf 1 (inf inf inf)
LRL inf 1 (inf inf inf)

# -0.785398 0.000000 6.000000
# best = 1 = LSR
LSL 12.37 0 (0.840679 5.300991 6.227905)
LSR 6.09 0 (0.841267 5.189310 0.055869)
RSL 12.21 0 (5.541716 6.625669 0.043929)
RSR 18.49 0 (5.541429 6.713499 6.239544)
RLR inf 1 (inf inf inf)
LRL inf 1 (inf inf inf)

# -0.785398 0.000000 6.400000
# best = 1 = LSR
LSL 12.77 0 (0.836802 5.700423 6.231782)
LSR 6.49 0 (0.837274 5.596718 0.051876)
RSL 12.61 0 (5.539217 7.030304 0.041429)
RSR 18.89 0 (5.538975 7.113139 6.241997)
RLR inf 1 (inf inf inf)
LRL inf 1 (inf inf inf)

# -0.785398 0.000000 6.800000
# best = 1 = LSR
LSL 13.17 0 (0.833432 6.099929 6.235151)
LSR 6.89 0 (0.833817 6.003129 0.048419)
RSL 13.01 0 (5.536987 7.434438 0.039200)
RSR 19.29 0 (5.536783 7.512818 6.244190)
RLR inf 1 (inf inf inf)
LRL inf 1 (inf inf inf)

# -0.785398 0.000000 7.200000
# best = 1 = LSR
LSL 13.57 0 (0.830477 6.499496 6.238106)
LSR 7.28 0 (0.830794 6.408734 0.045396)
RSL 13.41 0 (5.534987 7.838147 0.037200)
RSR 19.69 0 (5.534812 7.912529 6.246160)
RLR inf 1 (inf inf inf)
LRL inf 1 (inf inf inf)

# -0.785398 0.000000 7.600000
# best = 1 = LSR
LSL 13.97 0 (0.827864 6.899113 6.240719)
LSR 7.68 0 (0.828129 6.813677 0.042731)
RSL 13.81 0 (5.533182 8.241495 0.035394)
RSR 20.09 0 (5.533031 8.312268 6.247942)
RLR inf 1 (inf inf inf)
LRL inf 1 (inf inf inf)

# -0.785398 0.000000 8.000000
# best = 1 = LSR
LSL 14.37 0 (0.825538 7.298772 6.243045)
LSR 8.08 0 (0.825761 7.218068 0.040363)
RSL 14.21 0 (5.531544 8.644531 0.033757)
RSR 20.49 0 (5.531413 8.712031 6.249560)
RLR inf 1 (inf inf inf)
LRL inf 1 (inf inf inf)

# -0.392699 0.000000 0.400000
# best = 2 = RSL
LSL 6.75 0 (1.739812 0.078065 4.936072)
LSR inf 1 (inf inf inf)
RSL 6.68 0 (6.003728 0.560273 0.113241)
RSR 12.96 0 (5.987437 0.786376 6.186234)
RLR 11.38 0 (2.647962 5.887419 2.846759)
LRL 12.88 0 (4.861887 6.244150 1.774962)

# -0.392699 0.000000 0.800000
# best = 2 = RSL
LSL 7.10 0 (0.573120 0.424202 6.102764)
LSR inf 1 (inf inf inf)
RSL 7.08 0 (5.958683 1.048834 0.068197)
RSR 13.36 0 (5.954760 1.185130 6.218911)
RLR 10.97 0 (2.512369 5.681589 2.776521)
LRL 12.53 0 (3.608462 6.070685 2.854921)

# -0.392699 0.000000 1.200000
# best = 1 = LSR
LSL 7.50 0 (0.485566 0.820854 6.190319)
LSR 1.21 0 (0.499431 0.607716 0.106732)
RSL 7.48 0 (5.940098 1.485328 0.049612)
RSR 13.76 0 (5.938545 1.584513 6.235127)
RLR 10.54 0 (2.389656 5.468593 2.686238)
LRL 12.13 0 (3.420477 5.869822 2.842044)

# -0.392699 0.000000 1.600000
# best = 1 = LSR
LSL 7.90 0 (0.455149 1.219694 6.220735)
LSR 1.61 0 (0.458722 1.087737 0.066023)
RSL 7.87 0 (5.929632 1.905871 0.039146)
RSR 14.16 0 (5.928860 1.984144 6.244812)
RLR 10.10 0 (2.268240 5.245130 2.584191)
LRL 11.72 0 (3.286884 5.663469 2.769284)

# -0.392699 0.000000 2.000000
# best = 1 = LSR
LSL 8.29 0 (0.439730 1.619107 6.236154)
LSR 2.01 0 (0.441182 1.522178 0.048483)
RSL 8.27 0 (5.922862 2.319158 0.032376)
RSR 14.56 0 (5.922423 2.383899 6.251249)
RLR 9.62 0 (2.142351 5.006227 2.471177)
LRL 11.29 0 (3.164588 5.449716 2.677827)

# -0.392699 0.000000 2.400000
# best = 1 = LSR
LSL 8.69 0 (0.430415 2.018752 6.245470)
LSR 2.41 0 (0.431147 1.941875 0.038448)
RSL 8.67 0 (5.918109 2.728487 0.027622)
RSR 14.96 0 (5.917835 2.783724 6.255837)
RLR 9.09 0 (2.006526 4.743754 2.344529)
LRL 10.84 0 (3.042987 5.225144 2.574856)

# -0.392699 0.000000 2.800000
# best = 1 = LSR
LSL 9.09 0 (0.424178 2.418515 6.251706)
LSR 2.81 0 (0.424599 2.354726 0.031900)
RSL 9.07 0 (5.914581 3.135408 0.024095)
RSR 15.36 0 (5.914399 3.183594 6.259273)
RLR 8.49 0 (1.852316 4.442205 2.197190)
LRL 10.36 0 (2.916471 4.984586 2.460814)

# -0.392699 0.000000 3.200000
# best = 1 = LSR
LSL 9.49 0 (0.419711 2.818345 6.256173)
LSR 3.21 0 (0.419975 2.763799 0.027276)
RSL 9.47 0 (5.911857 3.540753 0.021371)
RSR 15.76 0 (5.911730 3.583492 6.261942)
RLR 7.73 0 (1.659745 4.062401 2.009957)
LRL 9.83 0 (2.779464 4.719506 2.332741)

# -0.392699 0.000000 3.600000
# best = 1 = LSR
LSL 9.89 0 (0.416354 3.218217 6.259530)
LSR 3.61 0 (0.416531 3.170558 0.023832)
RSL 9.87 0 (5.909689 3.945007 0.019203)
RSR 16.16 0 (5.909597 3.983411 6.264075)
RLR 6.25 0 (1.288314 3.323805 1.642792)
LRL 9.22 0 (2.623022 4.413336 2.183013)

# -0.392699 0.000000 4.000000
# best = 1 = LSR
LSL 10.29 0 (0.413739 3.618117 6.262145)
LSR 4.01 0 (0.413863 3.575793 0.021164)
RSL 10.27 0 (5.907922 4.348474 0.017436)
RSR 16.56 0 (5.907853 4.383344 6.265819)
RLR inf 1 (inf inf inf)
LRL 8.44 0 (2.425057 4.022636 1.990278)

# -0.392699 0.000000 4.400000
# best = 1 = LSR
LSL 10.69 0 (0.411645 4.018038 6.264239)
LSR 4.41 0 (0.411735 3.979968 0.019036)
RSL 10.67 0 (5.906454 4.751355 0.015968)
RSR 16.96 0 (5.906401 4.783289 6.267271)
RLR inf 1 (inf inf inf)
LRL inf 1 (inf inf inf)

# -0.392699 0.000000 4.800000
# best = 1 = LSR
LSL 11.09 0 (0.409930 4.417972 6.265955)
LSR 4.81 0 (0.409997 4.383378 0.017298)
RSL 11.07 0 (5.905215 5.153787 0.014728)
RSR 17.36 0 (5.905173 5.183242 6.268499)
RLR inf 1 (inf inf inf)
LRL inf 1 (inf inf inf)

# -0.392699 0.000000 5.200000
# best = 1 = LSR
LSL 11.49 0 (0.408499 4.817918 6.267385)
LSR 5.21 0 (0.408551 4.786215 0.015852)
RSL 11.47 0 (5.904154 5.555868 0.013668)
RSR 17.76 0 (5.904121 5.583202 6.269551)
RLR inf 1 (inf inf inf)
LRL inf 1 (inf inf inf)

# -0.392699 0.000000 5.600000
# best = 1 = LSR
LSL 11.89 0 (0.407288 5.217872 6.268596)
LSR 5.61 0 (0.407329 5.188613 0.014630)
RSL 11.87 0 (5.903236 5.957668 0.012750)
RSR 18.16 0 (5.903209 5.983168 6.270463)
RLR inf 1 (inf inf inf)
LRL inf 1 (inf inf inf)

# -0.392699 0.000000 6.000000
# best = 1 = LSR
LSL 12.29 0 (0.406249 5.617832 6.269635)
LSR 6.01 0 (0.406282 5.590667 0.013583)
RSL 12.27 0 (5.902434 6.359242 0.011948)
RSR 18.56 0 (5.902412 6.383137 6.271260)
RLR inf 1 (inf inf inf)
LRL inf 1 (inf inf inf)

# -0.392699 0.000000 6.400000
# best = 1 = LSR
LSL 12.69 0 (0.405349 6.017798 6.270536)
LSR 6.41 0 (0.405375 5.992446 0.012676)
RSL 12.67 0 (5.901727 6.760629 0.011241)
RSR 18.96 0 (5.901709 6.783110 6.271963)
RLR inf 1 (inf inf inf)
LRL inf 1 (inf inf inf)

# -0.392699 0.000000 6.800000
# best = 1 = LSR
LSL 13.09 0 (0.404560 6.417768 6.271324)
LSR 6.81 0 (0.404582 6.394002 0.011883)
RSL 13.07 0 (5.901099 7.161861 0.010613)
RSR 19.36 0 (5.901084 7.183087 6.272588)
RLR inf 1 (inf inf inf)
LRL inf 1 (inf inf inf)

# -0.392699 0.000000 7.200000
# best = 1 = LSR
LSL 13.49 0 (0.403864 6.817742 6.272020)
LSR 7.21 0 (0.403883 6.795375 0.011184)
RSL 13.47 0 (5.900538 7.562962 0.010052)
RSR 19.76 0 (5.900525 7.583065 6.273147)
RLR inf 1 (inf inf inf)
LRL inf 1 (inf inf inf)

# -0.392699 0.000000 7.600000
# best = 1 = LSR
LSL 13.89 0 (0.403246 7.217718 6.272639)
LSR 7.61 0 (0.403261 7.196594 0.010562)
RSL 13.87 0 (5.900033 7.963953 0.009547)
RSR 20.16 0 (5.900022 7.983046 6.273650)
RLR inf 1 (inf inf inf)
LRL inf 1 (inf inf inf)

# -0.392699 0.000000 8.000000
# best = 1 = LSR
LSL 14.29 0 (0.402692 7.617697 6.273193)
LSR 8.01 0 (0.402705 7.597686 0.010006)
RSL 14.27 0 (5.899577 8.364849 0.009090)
RSR 20.56 0 (5.899567 8.383029 6.274105)
RLR inf 1 (inf inf inf)
LRL inf 1 (inf inf inf)

# 0.000000 0.000000 0.400000
# best = 0 = LSL
LSL 0.40 0 (0.000000 0.400000 0.000000)
LSR 12.97 0 (6.283185 0.400000 6.283185)
RSL 12.97 0 (6.283185 0.400000 6.283185)
RSR 0.40 0 (0.000000 0.400000 0.000000)
RLR 12.17 0 (3.041425 6.082850 3.041425)
LRL 12.17 0 (3.041425 6.082850 3.041425)

# 0.000000 0.000000 0.800000
# best = 0 = LSL
LSL 0.80 0 (0.000000 0.800000 0.000000)
LSR 0.80 0 (0.000000 0.800000 0.000000)
RSL 0.80 0 (0.000000 0.800000 0.000000)
RSR 0.80 0 (0.000000 0.800000 0.000000)
RLR 11.76 0 (2.940235 5.880469 2.940235)
LRL 11.76 0 (2.940235 5.880469 2.940235)

# 0.000000 0.000000 1.200000
# best = 0 = LSL
LSL 1.20 0 (0.000000 1.200000 0.000000)
LSR 1.20 0 (0.000000 1.200000 0.000000)
RSL 1.20 0 (0.000000 1.200000 0.000000)
RSR 1.20 0 (0.000000 1.200000 0.000000)
RLR 11.35 0 (2.836900 5.673800 2.836900)
LRL 11.35 0 (2.836900 5.673800 2.836900)

# 0.000000 0.000000 1.600000
# best = 0 = LSL
LSL 1.60 0 (0.000000 1.600000 0.000000)
LSR 1.60 0 (0.000000 1.600000 0.000000)
RSL 1.60 0 (0.000000 1.600000 0.000000)
RSR 1.60 0 (0.000000 1.600000 0.000000)
RLR 10.92 0 (2.730076 5.460152 2.730076)
LRL 10.92 0 (2.730076 5.460152 2.730076)

# 0.000000 0.000000 2.000000
# best = 0 = LSL
LSL 2.00 0 (0.000000 2.000000 0.000000)
LSR 2.00 0 (0.000000 2.000000 0.000000)
RSL 2.00 0 (0.000000 2.000000 0.000000)
RSR 2.00 0 (0.000000 2.000000 0.000000)
RLR 10.47 0 (2.617994 5.235988 2.617994)
LRL 10.47 0 (2.617994 5.235988 2.617994)

# 0.000000 0.000000 2.400000
# best = 0 = LSL
LSL 2.40 0 (0.000000 2.400000 0.000000)
LSR 2.40 0 (0.000000 2.400000 0.000000)
RSL 2.40 0 (0.000000 2.400000 0.000000)
RSR 2.40 0 (0.000000 2.400000 0.000000)
RLR 9.99 0 (2.498092 4.996183 2.498092)
LRL 9.99 0 (2.498092 4.996183 2.498092)

# 0.000000 0.000000 2.800000
# best = 0 = LSL
LSL 2.80 0 (0.000000 2.800000 0.000000)
LSR 2.80 0 (0.000000 2.800000 0.000000)
RSL 2.80 0 (0.000000 2.800000 0.000000)
RSR 2.80 0 (0.000000 2.800000 0.000000)
RLR 9.46 0 (2.366195 4.732390 2.366195)
LRL 9.46 0 (2.366195 4.732390 2.366195)

# 0.000000 0.000000 3.200000
# best = 0 = LSL
LSL 3.20 0 (0.000000 3.200000 0.000000)
LSR 3.20 0 (0.000000 3.200000 0.000000)
RSL 3.20 0 (0.000000 3.200000 0.000000)
RSR 3.20 0 (0.000000 3.200000 0.000000)
RLR 8.86 0 (2.214297 4.428595 2.214297)
LRL 8.86 0 (2.214297 4.428595 2.214297)

# 0.000000 0.000000 3.600000
# best = 0 = LSL
LSL 3.60 0 (0.000000 3.600000 0.000000)
LSR 3.60 0 (0.000000 3.600000 0.000000)
RSL 3.60 0 (0.000000 3.600000 0.000000)
RSR 3.60 0 (0.000000 3.600000 0.000000)
RLR 8.09 0 (2.021823 4.043646 2.021823)
LRL 8.09 0 (2.021823 4.043646 2.021823)

# 0.000000 0.000000 4.000000
# best = 0 = LSL
LSL 4.00 0 (0.000000 4.000000 0.000000)
LSR 4.00 0 (0.000000 4.000000 0.000000)
RSL 4.00 0 (0.000000 4.000000 0.000000)
RSR 4.00 0 (0.000000 4.000000 0.000000)
RLR 6.28 0 (1.570796 3.141593 1.570796)
LRL 6.28 0 (1.570796 3.141593 1.570796)

# 0.000000 0.000000 4.400000
# best = 0 = LSL
LSL 4.40 0 (0.000000 4.400000 0.000000)
LSR 4.40 0 (0.000000 4.400000 0.000000)
RSL 4.40 0 (0.000000 4.400000 0.000000)
RSR 4.40 0 (0.000000 4.400000 0.000000)
RLR inf 1 (inf inf inf)
LRL inf 1 (inf inf inf)

# 0.000000 0.000000 4.800000
# best = 0 = LSL
LSL 4.80 0 (0.000000 4.800000 0.000000)
LSR 4.80 0 (0.000000 4.800000 0.000000)
RSL 4.80 0 (0.000000 4.800000 0.000000)
RSR 4.80 0 (0.000000 4.800000 0.000000)
RLR inf 1 (inf inf inf)
LRL inf 1 (inf inf inf)

# 0.000000 0.000000 5.200000
# best = 0 = LSL
LSL 5.20 0 (0.000000 5.200000 0.000000)
LSR 5.20 0 (0.000000 5.200000 0.000000)
RSL 5.20 0 (0.000000 5.200000 0.000000)
RSR 5.20 0 (0.000000 5.200000 0.000000)
RLR inf 1 (inf inf inf)
LRL inf 1 (inf inf inf)

# 0.000000 0.000000 5.600000
# best = 0 = LSL
LSL 5.60 0 (0.000000 5.600000 0.000000)
LSR 5.60 0 (0.000000 5.600000 0.000000)
RSL 5.60 0 (0.000000 5.600000 0.000000)
RSR 5.60 0 (0.000000 5.600000 0.000000)
RLR inf 1 (inf inf inf)
LRL inf 1 (inf inf inf)

# 0.000000 0.000000 6.000000
# best = 0 = LSL
LSL 6.00 0 (0.000000 6.000000 0.000000)
LSR 6.00 0 (0.000000 6.000000 0.000000)
RSL 6.00 0 (0.000000 6.000000 0.000000)
RSR 6.00 0 (0.000000 6.000000 0.000000)
RLR inf 1 (inf inf inf)
LRL inf 1 (inf inf inf)

# 0.000000 0.000000 6.400000
# best = 0 = LSL
LSL 6.40 0 (0.000000 6.400000 0.000000)
LSR 6.40 0 (0.000000 6.400000 0.000000)
RSL 6.40 0 (0.000000 6.400000 0.000000)
RSR 6.40 0 (0.000000 6.400000 0.000000)
RLR inf 1 (inf inf inf)
LRL inf 1 (inf inf inf)

# 0.000000 0.000000 6.800000
# best = 0 = LSL
LSL 6.80 0 (0.000000 6.800000 0.000000)
LSR 6.80 0 (0.000000 6.800000 0.000000)
RSL 6.80 0 (0.000000 6.800000 0.000000)
RSR 6.80 0 (0.000000 6.800000 0.000000)
RLR inf 1 (inf inf inf)
LRL inf 1 (inf inf inf)

# 0.000000 0.000000 7.200000
# best = 0 = LSL
LSL 7.20 0 (0.000000 7.200000 0.000000)
LSR 7.20 0 (0.000000 7.200000 0.000000)
RSL 7.20 0 (0.000000 7.200000 0.000000)
RSR 7.20 0 (0.000000 7.200000 0.000000)
RLR inf 1 (inf inf inf)
LRL inf 1 (inf inf inf)

# 0.000000 0.000000 7.600000
# best = 0 = LSL
LSL 7.60 0 (0.000000 7.600000 0.000000)
LSR 7.60 0 (0.000000 7.600000 0.000000)
RSL 7.60 0 (0.000000 7.600000 0.000000)
RSR 7.60 0 (0.000000 7.600000 0.000000)
RLR inf 1 (inf inf inf)
LRL inf 1 (inf inf inf)

# 0.000000 0.000000 8.000000
# best = 0 = LSL
LSL 8.00 0 (0.000000 8.000000 0.000000)
LSR 8.00 0 (0.000000 8.000000 0.000000)
RSL 8.00 0 (0.000000 8.000000 0.000000)
RSR 8.00 0 (0.000000 8.000000 0.000000)
RLR inf 1 (inf inf inf)
LRL inf 1 (inf inf inf)

# 0.392699 0.000000 0.400000
# best = 1 = LSR
LSL 12.96 0 (5.987437 0.786376 6.186234)
LSR 6.68 0 (6.003728 0.560273 0.113241)
RSL inf 1 (inf inf inf)
RSR 6.75 0 (1.739812 0.078065 4.936072)
RLR 12.88 0 (4.861887 6.244150 1.774962)
LRL 11.38 0 (2.647962 5.887419 2.846759)

# 0.392699 0.000000 0.800000
# best = 1 = LSR
LSL 13.36 0 (5.954760 1.185130 6.218911)
LSR 7.08 0 (5.958683 1.048834 0.068197)
RSL inf 1 (inf inf inf)
RSR 7.10 0 (0.573120 0.424202 6.102764)
RLR 12.53 0 (3.608462 6.070685 2.854921)
LRL 10.97 0 (2.512369 5.681589 2.776521)

# 0.392699 0.000000 1.200000
# best = 2 = RSL
LSL 13.76 0 (5.938545 1.584513 6.235127)
LSR 7.48 0 (5.940098 1.485328 0.049612)
RSL 1.21 0 (0.499431 0.607716 0.106732)
RSR 7.50 0 (0.485566 0.820854 6.190319)
RLR 12.13 0 (3.420477 5.869822 2.842044)
LRL 10.54 0 (2.389656 5.468593 2.686238)

# 0.392699 0.000000 1.600000
# best = 2 = RSL
LSL 14.16 0 (5.928860 1.984144 6.244812)
LSR 7.87 0 (5.929632 1.905871 0.039146)
RSL 1.61 0 (0.458722 1.087737 0.066023)
RSR 7.90 0 (0.455149 1.219694 6.220735)
RLR 11.72 0 (3.286884 5.663469 2.769284)
LRL 10.10 0 (2.268240 5.245130 2.584191)

# 0.392699 0.000000 2.000000
# best = 2 = RSL
LSL 14.56 0 (5.922423 2.383899 6.251249)
LSR 8.27 0 (5.922862 2.319158 0.032376)
RSL 2.01 0 (0.441182 1.522178 0.048483)
RSR 8.29 0 (0.439730 1.619107 6.236154)
RLR 11.29 0 (3.164588 5.449716 2.677827)
LRL 9.62 0 (2.142351 5.006227 2.471177)

# 0.392699 0.000000 2.400000
# best = 2 = RSL
LSL 14.96 0 (5.917835 2.783724 6.255837)
LSR 8.67 0 (5.918109 2.728487 0.027622)
RSL 2.41 0 (0.431147 1.941875 0.038448)
RSR 8.69 0 (0.430415 2.018752 6.245470)
RLR 10.84 0 (3.042987 5.225144 2.574856)
LRL 9.09 0 (2.006526 4.743754 2.344529)

# 0.392699 0.000000 2.800000
# best = 2 = RSL
LSL 15.36 0 (5.914399 3.183594 6.259273)
LSR 9.07 0 (5.914581 3.135408 0.024095)
RSL 2.81 0 (0.424599 2.354726 0.031900)
RSR 9.09 0 (0.424178 2.418515 6.251706)
RLR 10.36 0 (2.916471 4.984586 2.460814)
LRL 8.49 0 (1.852316 4.442205 2.197190)

# 0.392699 0.000000 3.200000
# best = 2 = RSL
LSL 15.76 0 (5.911730 3.583492 6.261942)
LSR 9.47 0 (5.911857 3.540753 0.021371)
RSL 3.21 0 (0.419975 2.763799 0.027276)
RSR 9.49 0 (0.419711 2.818345 6.256173)
RLR 9.83 0 (2.779464 4.719506 2.332741)
LRL 7.73 0 (1.659745 4.062401 2.009957)

# 0.392699 0.000000 3.600000
# best = 2 = RSL
LSL 16.16 0 (5.909597 3.983411 6.264075)
LSR 9.87 0 (5.909689 3.945007 0.019203)
RSL 3.61 0 (0.416531 3.170558 0.023832)
RSR 9.89 0 (0.416354 3.218217 6.259530)
RLR 9.22 0 (2.623022 4.413336 2.183013)
LRL 6.25 0 (1.288314 3.323805 1.642792)

# 0.392699 0.000000 4.000000
# best = 2 = RSL
LSL 16.56 0 (5.907853 4.383344 6.265819)
LSR 10.27 0 (5.907922 4.348474 0.017436)
RSL 4.01 0 (0.413863 3.575793 0.021164)
RSR 10.29 0 (0.413739 3.618117 6.262145)
RLR 8.44 0 (2.425057 4.022636 1.990278)
LRL inf 1 (inf inf inf)

# 0.392699 0.000000 4.400000
# best = 2 = RSL
LSL 16.96 0 (5.906401 4.783289 6.267271)
LSR 10.67 0 (5.906454 4.751355 0.015968)
RSL 4.41 0 (0.411735 3.979968 0.019036)
RSR 10.69 0 (0.411645 4.018038 6.264239)
RLR inf 1 (inf inf inf)
LRL inf 1 (inf inf inf)

# 0.392699 0.000000 4.800000
# best = 2 = RSL
LSL 17.36 0 (5.905173 5.183242 6.268499)
LSR 11.07 0 (5.905215 5.153787 0.014728)
RSL 4.81 0 (0.409997 4.383378 0.017298)
RSR 11.09 0 (0.409930 4.417972 6.265955)
RLR inf 1 (inf inf inf)
LRL inf 1 (inf inf inf)

# 0.392699 0.000000 5.200000
# best = 2 = RSL
LSL 17.76 0 (5.904121 5.583202 6.269551)
LSR 11.47 0 (5.904154 5.555868 0.013668)
RSL 5.21 0 (0.408551 4.786215 0.015852)
RSR 11.49 0 (0.408499 4.817918 6.267385)
RLR inf 1 (inf inf inf)
LRL inf 1 (inf inf inf)

# 0.392699 0.000000 5.600000
# best = 2 = RSL
LSL 18.16 0 (5.903209 5.983168 6.270463)
LSR 11.87 0 (5.903236 5.957668 0.012750)
RSL 5.61 0 (0.407329 5.188613 0.014630)
RSR 11.89 0 (0.407288 5.217872 6.268596)
RLR inf 1 (inf inf inf)
LRL inf 1 (inf inf inf)

# 0.392699 0.000000 6.000000
# best = 2 = RSL
LSL 18.56 0 (5.902412 6.383137 6.271260)
LSR 12.27 0 (5.902434 6.359242 0.011948)
RSL 6.01 0 (0.406282 5.590667 0.013583)
RSR 12.29 0 (0.406249 5.617832 6.269635)
RLR inf 1 (inf inf inf)
LRL inf 1 (inf inf inf)

# 0.392699 0.000000 6.400000
# best = 2 = RSL
LSL 18.96 0 (5.901709 6.783110 6.271963)
LSR 12.67 0 (5.901727 6.760629 0.011241)
RSL 6.41 0 (0.405375 5.992446 0.012676)
RSR 12.69 0 (0.405349 6.017798 6.270536)
RLR inf 1 (inf inf inf)
LRL inf 1 (inf inf inf)

# 0.392699 0.000000 6.800000
# best = 2 = RSL
LSL 19.36 0 (5.901084 7.183087 6.272588)
LSR 13.07 0 (5.901099 7.161861 0.010613)
RSL 6.81 0 (0.404582 6.394002 0.011883)
RSR 13.09 0 (0.404560 6.417768 6.271324)
RLR inf 1 (inf inf inf)
LRL inf 1 (inf inf inf)

# 0.392699 0.000000 7.200000
# best = 2 = RSL
LSL 19.76 0 (5.900525 7.583065 6.273147)
LSR 13.47 0 (5.900538 7.562962 0.010052)
RSL 7.21 0 (0.403883 6.795375 0.011184)
RSR 13.49 0 (0.403864 6.817742 6.272020)
RLR inf 1 (inf inf inf)
LRL inf 1 (inf inf inf)

# 0.392699 0.000000 7.600000
# best = 2 = RSL
LSL 20.16 0 (5.900022 7.983046 6.273650)
LSR 13.87 0 (5.900033 7.963953 0.009547)
RSL 7.61 0 (0.403261 7.196594 0.010562)
RSR 13.89 0 (0.403246 7.217718 6.272639)
RLR inf 1 (inf inf inf)
LRL inf 1 (inf inf inf)

# 0.392699 0.000000 8.000000
# best = 2 = RSL
LSL 20.56 0 (5.899567 8.383029 6.274105)
LSR 14.27 0 (5.899577 8.364849 0.009090)
RSL 8.01 0 (0.402705 7.597686 0.010006)
RSR 14.29 0 (0.402692 7.617697 6.273193)
RLR inf 1 (inf inf inf)
LRL inf 1 (inf inf inf)

# 0.785398 0.000000 0.400000
# best = 1 = LSR
LSL 12.93 0 (5.756419 1.145195 6.024553)
LSR 6.65 0 (5.888247 0.374031 0.390460)
RSL inf 1 (inf inf inf)
RSR 7.49 0 (3.165277 0.424383 3.903306)
RLR 12.93 0 (6.200574 6.070594 0.655418)
LRL 10.62 0 (2.324465 5.702462 2.592599)

# 0.785398 0.000000 0.800000
# best = 1 = LSR
LSL 13.32 0 (5.689736 1.535304 6.091237)
LSR 7.04 0 (5.722491 1.088845 0.224703)
RSL inf 1 (inf inf inf)
RSR 7.38 0 (2.049072 0.307271 5.019512)
RLR 13.04 0 (5.113771 6.129398 1.801025)
LRL 10.21 0 (2.154207 5.495313 2.555708)

# 0.785398 0.000000 1.200000
# best = 1 = LSR
LSL 13.71 0 (5.650176 1.929467 6.130796)
LSR 7.43 0 (5.664558 1.597269 0.166771)
RSL inf 1 (inf inf inf)
RSR 7.64 0 (1.321566 0.573350 5.747018)
RLR 12.78 0 (4.319325 5.995519 2.461592)
LRL 9.77 0 (2.005229 5.276476 2.485849)

# 0.785398 0.000000 1.600000
# best = 1 = LSR
LSL 14.11 0 (5.624064 2.325624 6.156908)
LSR 7.82 0 (5.631772 2.058387 0.133985)
RSL inf 1 (inf inf inf)
RSR 8.01 0 (1.102365 0.939705 5.966218)
RLR 12.40 0 (4.006815 5.808900 2.587483)
LRL 9.30 0 (1.862016 5.042274 2.394860)

# 0.785398 0.000000 2.000000
# best = 2 = RSL
LSL 14.50 0 (5.605562 2.722905 6.175410)
LSR 8.22 0 (5.610198 2.498528 0.112411)
RSL 2.12 0 (1.068103 0.765367 0.282705)
RSR 8.39 0 (1.008179 1.325654 6.060405)
RLR 12.00 0 (3.811970 5.607582 2.581011)
LRL 8.79 0 (1.715216 4.785678 2.285064)

# 0.785398 0.000000 2.400000
# best = 2 = RSL
LSL 14.90 0 (5.591775 3.120881 6.189197)
LSR 8.62 0 (5.594788 2.927170 0.097000)
RSL 2.51 0 (0.978312 1.334205 0.192914)
RSR 8.79 0 (0.956715 1.718044 6.111868)
RLR 11.58 0 (3.654357 5.395283 2.526324)
LRL 8.20 0 (1.555165 4.493150 2.152587)

# 0.785398 0.000000 2.800000
# best = 2 = RSL
LSL 15.30 0 (5.581108 3.519316 6.199864)
LSR 9.02 0 (5.583179 3.348733 0.085391)
RSL 2.90 0 (0.935014 1.815053 0.149616)
RSR 9.18 0 (0.924441 2.113289 6.144142)
RLR 11.13 0 (3.509411 5.169939 2.445926)
LRL 7.48 0 (1.364013 4.132181 1.982770)

# 0.785398 0.000000 3.200000
# best = 2 = RSL
LSL 15.70 0 (5.572612 3.918070 6.208361)
LSR 9.42 0 (5.574097 3.765594 0.076310)
RSL 3.30 0 (0.908370 2.264670 0.122972)
RSR 9.58 0 (0.902353 2.510041 6.166230)
RLR 10.64 0 (3.365594 4.926483 2.346286)
LRL 6.31 0 (1.062968 3.547084 1.698718)

# 0.785398 0.000000 3.600000
# best = 2 = RSL
LSL 16.10 0 (5.565685 4.317054 6.215288)
LSR 9.81 0 (5.566787 4.179160 0.069000)
RSL 3.69 0 (0.890064 2.698712 0.104666)
RSR 9.98 0 (0.886300 2.907683 6.182283)
RLR 10.10 0 (3.214065 4.655531 2.226864)
LRL inf 1 (inf inf inf)

# 0.785398 0.000000 4.000000
# best = 2 = RSL
LSL 16.50 0 (5.559931 4.716210 6.221042)
LSR 10.21 0 (5.560772 4.590323 0.062984)
RSL 4.09 0 (0.876627 3.123677 0.091229)
RSR 10.37 0 (0.874112 3.305894 6.194472)
RLR 9.46 0 (3.042890 4.337557 2.080065)
LRL inf 1 (inf inf inf)

# 0.785398 0.000000 4.400000
# best = 2 = RSL
LSL 16.90 0 (5.555075 5.115498 6.225898)
LSR 10.61 0 (5.555731 4.999675 0.057943)
RSL 4.49 0 (0.866311 3.542834 0.080913)
RSR 10.77 0 (0.864545 3.704490 6.204038)
RLR 8.62 0 (2.822137 3.915184 1.878445)
LRL inf 1 (inf inf inf)

# 0.785398 0.000000 4.800000
# best = 2 = RSL
LSL 17.30 0 (5.550922 5.514890 6.230051)
LSR 11.01 0 (5.551444 5.407628 0.053656)
RSL 4.89 0 (0.858126 3.958029 0.072728)
RSR 11.17 0 (0.856838 4.103360 6.211746)
RLR inf 1 (inf inf inf)
LRL inf 1 (inf inf inf)

# 0.785398 0.000000 5.200000
# best = 2 = RSL
LSL 17.70 0 (5.547330 5.914363 6.233643)
LSR 11.41 0 (5.547752 5.814475 0.049965)
RSL 5.29 0 (0.851465 4.370390 0.066067)
RSR 11.57 0 (0.850496 4.502430 6.218087)
RLR inf 1 (inf inf inf)
LRL inf 1 (inf inf inf)

# 0.785398 0.000000 5.600000
# best = 2 = RSL
LSL 18.09 0 (5.544193 6.313904 6.236780)
LSR 11.81 0 (5.544539 6.220435 0.046751)
RSL 5.69 0 (0.845935 4.780650 0.060537)
RSR 11.97 0 (0.845188 4.901652 6.223396)
RLR inf 1 (inf inf inf)
LRL inf 1 (inf inf inf)

# 0.785398 0.000000 6.000000
# best = 2 = RSL
LSL 18.49 0 (5.541429 6.713499 6.239544)
LSR 12.21 0 (5.541716 6.625669 0.043929)
RSL 6.09 0 (0.841267 5.189310 0.055869)
RSR 12.37 0 (0.840679 5.300991 6.227905)
RLR inf 1 (inf inf inf)
LRL inf 1 (inf inf inf)

# 0.785398 0.000000 6.400000
# best = 2 = RSL
LSL 18.89 0 (5.538975 7.113139 6.241997)
LSR 12.61 0 (5.539217 7.030304 0.041429)
RSL 6.49 0 (0.837274 5.596718 0.051876)
RSR 12.77 0 (0.836802 5.700423 6.231782)
RLR inf 1 (inf inf inf)
LRL inf 1 (inf inf inf)

# 0.785398 0.000000 6.800000
# best = 2 = RSL
LSL 19.29 0 (5.536783 7.512818 6.244190)
LSR 13.01 0 (5.536987 7.434438 0.039200)
RSL 6.89 0 (0.833817 6.003129 0.048419)
RSR 13.17 0 (0.833432 6.099929 6.235151)
RLR inf 1 (inf inf inf)
LRL inf 1 (inf inf inf)

# 0.785398 0.000000 7.200000
# best = 2 = RSL
LSL 19.69 0 (5.534812 7.912529 6.246160)
LSR 13.41 0 (5.534987 7.838147 0.037200)
RSL 7.28 0 (0.830794 6.408734 0.045396)
RSR 13.57 0 (0.830477 6.499496 6.238106)
RLR inf 1 (inf inf inf)
LRL inf 1 (inf inf inf)

# 0.785398 0.000000 7.600000
# best = 2 = RSL
LSL 20.09 0 (5.533031 8.312268 6.247942)
LSR 13.81 0 (5.533182 8.241495 0.035394)
RSL 7.68 0 (0.828129 6.813677 0.042731)
RSR 13.97 0 (0.827864 6.899113 6.240719)
RLR inf 1 (inf inf inf)
LRL inf 1 (inf inf inf)

# 0.785398 0.000000 8.000000
# best = 2 = RSL
LSL 20.49 0 (5.531413 8.712031 6.249560)
LSR 14.21 0 (5.531544 8.644531 0.033757)
RSL 8.08 0 (0.825761 7.218068 0.040363)
RSR 14.37 0 (0.825538 7.298772 6.243045)
RLR inf 1 (inf inf inf)
LRL inf 1 (inf inf inf)

# 1.178097 0.000000 0.400000
# best = 4 = RLR
LSL 12.85 0 (5.541409 1.460731 5.846865)
LSR inf 1 (inf inf inf)
RSL inf 1 (inf inf inf)
RSR 8.27 0 (3.452597 0.809648 4.008685)
RLR 6.65 0 (0.107185 5.875545 0.663272)
LRL 9.89 0 (2.025987 5.535527 2.331443)

# 1.178097 0.000000 0.800000
# best = 1 = LSR
LSL 13.22 0 (5.448958 1.831076 5.939315)
LSR 6.96 0 (5.560523 0.939986 0.455435)
RSL inf 1 (inf inf inf)
RSR 8.09 0 (2.946937 0.629623 4.514345)
RLR 13.11 0 (5.930466 5.967059 1.214689)
LRL 9.49 0 (1.831881 5.332217 2.322238)

# 1.178097 0.000000 1.200000
# best = 1 = LSR
LSL 13.60 0 (5.387950 2.211774 6.000324)
LSR 7.33 0 (5.437458 1.556495 0.332370)
RSL inf 1 (inf inf inf)
RSR 8.14 0 (2.328294 0.676256 5.132989)
RLR 13.06 0 (5.300007 5.943426 1.821516)
LRL 9.04 0 (1.660464 5.111400 2.272838)

# 1.178097 0.000000 1.600000
# best = 1 = LSR
LSL 13.99 0 (5.344969 2.598278 6.043305)
LSR 7.71 0 (5.372287 2.069247 0.267199)
RSL inf 1 (inf inf inf)
RSR 8.38 0 (1.918063 0.915543 5.543219)
RLR 12.82 0 (4.828723 5.821320 2.170694)
LRL 8.56 0 (1.496358 4.869149 2.194694)

# 1.178097 0.000000 2.000000
# best = 5 = LRL
LSL 14.38 0 (5.313162 2.988336 6.075112)
LSR 8.10 0 (5.330022 2.541827 0.224934)
RSL inf 1 (inf inf inf)
RSR 8.70 0 (1.698916 1.240611 5.762366)
RLR 12.48 0 (4.525155 5.652478 2.305420)
LRL 8.01 0 (1.327905 4.595857 2.089855)

# 1.178097 0.000000 2.400000
# best = 2 = RSL
LSL 14.77 0 (5.288718 3.380718 6.099556)
LSR 8.49 0 (5.299910 2.993324 0.194821)
RSL 2.82 0 (1.846671 0.301241 0.668574)
RSR 9.06 0 (1.574195 1.600004 5.887087)
RLR 12.10 0 (4.304270 5.460150 2.333976)
LRL 7.36 0 (1.140224 4.269384 1.951062)

# 1.178097 0.000000 2.800000
# best = 2 = RSL
LSL 15.16 0 (5.269367 3.774700 6.118907)
LSR 8.88 0 (5.277195 3.432068 0.172106)
RSL 3.17 0 (1.574634 1.196513 0.396537)
RSR 9.44 0 (1.495977 1.975072 5.965305)
RLR 11.68 0 (4.121153 5.250351 2.307295)
LRL 6.45 0 (0.894207 3.816052 1.743748)

# 1.178097 0.000000 3.200000
# best = 2 = RSL
LSL 15.56 0 (5.253678 4.169827 6.134596)
LSR 9.28 0 (5.259376 3.862408 0.154287)
RSL 3.54 0 (1.481747 1.758562 0.303650)
RSR 9.82 0 (1.442940 2.358348 6.018342)
RLR 11.22 0 (3.953986 5.022091 2.246202)
LRL inf 1 (inf inf inf)

# 1.178097 0.000000 3.600000
# best = 2 = RSL
LSL 15.95 0 (5.240708 4.565804 6.147566)
LSR 9.67 0 (5.244988 4.286875 0.139899)
RSL 3.93 0 (1.427305 2.252429 0.249208)
RSR 10.21 0 (1.404807 2.746398 6.056475)
RLR 10.72 0 (3.789598 4.769583 2.158081)
LRL inf 1 (inf inf inf)

# 1.178097 0.000000 4.000000
# best = 2 = RSL
LSL 16.35 0 (5.229810 4.962426 6.158464)
LSR 10.07 0 (5.233108 4.707059 0.128019)
RSL 4.32 0 (1.390468 2.715572 0.212371)
RSR 10.60 0 (1.376146 3.137451 6.085136)
RLR 10.14 0 (3.616071 4.479849 2.041875)
LRL inf 1 (inf inf inf)

# 1.178097 0.000000 4.400000
# best = 2 = RSL
LSL 16.75 0 (5.220525 5.359550 6.167748)
LSR 10.47 0 (5.223122 5.124013 0.118033)
RSL 4.71 0 (1.363568 3.161523 0.185471)
RSR 10.99 0 (1.353852 3.530509 6.107430)
RLR 9.42 0 (3.414023 4.120341 1.884415)
LRL inf 1 (inf inf inf)

# 1.178097 0.000000 4.800000
# best = 2 = RSL
LSL 17.15 0 (5.212522 5.757072 6.175751)
LSR 10.86 0 (5.214604 5.538466 0.109515)
RSL 5.10 0 (1.342940 3.596682 0.164843)
RSR 11.39 0 (1.336032 3.924970 6.125250)
RLR 8.24 0 (3.100820 3.529576 1.606853)
LRL inf 1 (inf inf inf)

# 1.178097 0.000000 5.200000
# best = 2 = RSL
LSL 17.54 0 (5.205554 6.154915 6.182720)
LSR 11.26 0 (5.207248 5.950942 0.102160)
RSL 5.50 0 (1.326563 4.024552 0.148466)
RSR 11.78 0 (1.321470 4.320450 6.139812)
RLR inf 1 (inf inf inf)
LRL inf 1 (inf inf inf)

# 1.178097 0.000000 5.600000
# best = 2 = RSL
LSL 17.94 0 (5.199432 6.553021 6.188842)
LSR 11.66 0 (5.200829 6.361825 0.095741)
RSL 5.90 0 (1.313218 4.447237 0.135121)
RSR 12.18 0 (1.309353 4.716692 6.151930)
RLR inf 1 (inf inf inf)
LRL inf 1 (inf inf inf)

# 1.178097 0.000000 6.000000
# best = 2 = RSL
LSL 18.34 0 (5.194011 6.951344 6.194263)
LSR 12.06 0 (5.195178 6.771405 0.090089)
RSL 6.29 0 (1.302119 4.866088 0.124022)
RSR 12.57 0 (1.299115 5.113519 6.162168)
RLR inf 1 (inf inf inf)
LRL inf 1 (inf inf inf)

# 1.178097 0.000000 6.400000
# best = 2 = RSL
LSL 18.74 0 (5.189178 7.349850 6.199096)
LSR 12.46 0 (5.190162 7.179904 0.085074)
RSL 6.69 0 (1.292734 5.282018 0.114637)
RSR 12.97 0 (1.290352 5.510805 6.170930)
RLR inf 1 (inf inf inf)
LRL inf 1 (inf inf inf)

# 1.178097 0.000000 6.800000
# best = 2 = RSL
LSL 19.14 0 (5.184842 7.748509 6.203432)
LSR 12.85 0 (5.185680 7.587498 0.080591)
RSL 7.09 0 (1.284689 5.695666 0.106592)
RSR 13.37 0 (1.282768 5.908458 6.178514)
RLR inf 1 (inf inf inf)
LRL inf 1 (inf inf inf)

# 1.178097 0.000000 7.200000
# best = 2 = RSL
LSL 19.54 0 (5.180930 8.147300 6.207343)
LSR 13.25 0 (5.181650 7.994325 0.076561)
RSL 7.48 0 (1.277713 6.107496 0.099616)
RSR 13.77 0 (1.276141 6.306407 6.185141)
RLR inf 1 (inf inf inf)
LRL inf 1 (inf inf inf)

# 1.178097 0.000000 7.600000
# best = 2 = RSL
LSL 19.93 0 (5.177384 8.546204 6.210890)
LSR 13.65 0 (5.178006 8.400496 0.072918)
RSL 7.88 0 (1.271604 6.517852 0.093507)
RSR 14.17 0 (1.270301 6.704600 6.190981)
RLR inf 1 (inf inf inf)
LRL inf 1 (inf inf inf)

# 1.178097 0.000000 8.000000
# best = 2 = RSL
LSL 20.33 0 (5.174154 8.945206 6.214120)
LSR 14.05 0 (5.174695 8.806102 0.069607)
RSL 8.28 0 (1.266208 6.926998 0.088111)
RSR 14.56 0 (1.265116 7.102997 6.196166)
RLR inf 1 (inf inf inf)
LRL inf 1 (inf inf inf)

# 1.570796 0.000000 0.400000
# best = 4 = RLR
LSL 12.72 0 (5.332639 1.720465 5.662936)
LSR inf 1 (inf inf inf)
RSL inf 1 (inf inf inf)
RSR 9.02 0 (3.682012 1.166190 4.171969)
RLR 6.67 0 (0.244575 5.691497 0.734532)
LRL 9.22 0 (1.746424 5.393942 2.076722)

# 1.570796 0.000000 0.800000
# best = 1 = LSR
LSL 13.05 0 (5.219488 2.059126 5.776087)
LSR 6.85 0 (5.535868 0.489899 0.823478)
RSL inf 1 (inf inf inf)
RSR 8.87 0 (3.338988 1.019804 4.514993)
RLR 13.11 0 (6.222784 5.767591 1.115604)
LRL 8.83 0 (1.537142 5.201680 2.093742)

# 1.570796 0.000000 1.200000
# best = 1 = LSR
LSL 13.41 0 (5.139017 2.416609 5.856558)
LSR 7.17 0 (5.260591 1.356466 0.548201)
RSL inf 1 (inf inf inf)
RSR 8.87 0 (2.944197 1.019804 4.909785)
RLR 13.11 0 (5.827992 5.767591 1.510395)
LRL 8.40 0 (1.348722 4.985782 2.066264)

# 1.570796 0.000000 1.600000
# best = 1 = LSR
LSL 13.78 0 (5.079563 2.785678 5.916012)
LSR 7.52 0 (5.146080 1.939072 0.433691)
RSL inf 1 (inf inf inf)
RSR 9.02 0 (2.601173 1.166190 5.252809)
RLR 12.95 0 (5.446921 5.691497 1.815372)
LRL 7.91 0 (1.167575 4.742394 2.004023)

# 1.570796 0.000000 2.000000
# best = 5 = LRL
LSL 14.16 0 (5.034140 3.162278 5.961435)
LSR 7.89 0 (5.075358 2.449490 0.362969)
RSL inf 1 (inf inf inf)
RSR 9.27 0 (2.356194 1.414213 5.497787)
RLR 12.69 0 (5.136420 5.560451 1.994828)
LRL 7.35 0 (0.980809 4.459709 1.908104)

# 1.570796 0.000000 2.400000
# best = 5 = LRL
LSL 14.54 0 (4.998441 3.544009 5.997134)
LSR 8.27 0 (5.025962 2.925748 0.313573)
RSL inf 1 (inf inf inf)
RSR 9.57 0 (2.191045 1.720465 5.662936)
RLR 12.36 0 (4.888016 5.393942 2.076722)
LRL 6.64 0 (0.768197 4.105883 1.766890)

# 1.570796 0.000000 2.800000
# best = 2 = RSL
LSL 14.92 0 (4.969713 3.929376 6.025862)
LSR 8.65 0 (4.989073 3.382307 0.276683)
RSL 3.71 0 (2.394274 0.489899 0.823478)
RSR 9.91 0 (2.077894 2.059126 5.776087)
RLR 11.97 0 (4.678734 5.201680 2.093742)
LRL 5.47 0 (0.445516 3.517976 1.501665)

# 1.570796 0.000000 3.200000
# best = 2 = RSL
LSL 15.31 0 (4.946132 4.317407 6.049442)
LSR 9.03 0 (4.960295 3.826225 0.247906)
RSL 4.02 0 (2.118997 1.356466 0.548201)
RSR 10.27 0 (1.997423 2.416609 5.856558)
RLR 11.54 0 (4.490314 4.985782 2.066264)
LRL inf 1 (inf inf inf)

# 1.570796 0.000000 3.600000
# best = 2 = RSL
LSL 15.70 0 (4.926450 4.707441 6.069125)
LSR 9.42 0 (4.937135 4.261455 0.224746)
RSL 4.38 0 (2.004487 1.939072 0.433691)
RSR 10.64 0 (1.937970 2.785678 5.916012)
RLR 11.06 0 (4.309167 4.742394 2.004023)
LRL inf 1 (inf inf inf)

# 1.570796 0.000000 4.000000
# best = 2 = RSL
LSL 16.09 0 (4.909785 5.099019 6.085790)
LSR 9.81 0 (4.918051 4.690416 0.205661)
RSL 4.75 0 (1.933765 2.449490 0.362969)
RSR 11.02 0 (1.892546 3.162278 5.961435)
RLR 10.49 0 (4.122401 4.459709 1.908104)
LRL inf 1 (inf inf inf)

# 1.570796 0.000000 4.400000
# best = 2 = RSL
LSL 16.49 0 (4.895500 5.491812 6.100075)
LSR 10.21 0 (4.902029 5.114685 0.189640)
RSL 5.12 0 (1.884369 2.925748 0.313573)
RSR 11.40 0 (1.856847 3.544009 5.997134)
RLR 9.78 0 (3.909789 4.105883 1.766890)
LRL inf 1 (inf inf inf)

# 1.570796 0.000000 4.800000
# best = 2 = RSL
LSL 16.88 0 (4.883124 5.885576 6.112450)
LSR 10.60 0 (4.888373 5.535341 0.175984)
RSL 5.51 0 (1.847479 3.382307 0.276683)
RSR 11.78 0 (1.828120 3.929376 6.025862)
RLR 8.61 0 (3.587108 3.517976 1.501665)
LRL inf 1 (inf inf inf)

# 1.570796 0.000000 5.200000
# best = 2 = RSL
LSL 17.28 0 (4.872302 6.280127 6.123272)
LSR 10.99 0 (4.876586 5.953150 0.164196)
RSL 5.89 0 (1.818702 3.826225 0.247906)
RSR 12.17 0 (1.804539 4.317407 6.049442)
RLR inf 1 (inf inf inf)
LRL inf 1 (inf inf inf)

# 1.570796 0.000000 5.600000
# best = 2 = RSL
LSL 17.67 0 (4.862761 6.675328 6.132814)
LSR 11.39 0 (4.866302 6.368673 0.153913)
RSL 6.28 0 (1.795542 4.261455 0.224746)
RSR 12.56 0 (1.784857 4.707441 6.069125)
RLR inf 1 (inf inf inf)
LRL inf 1 (inf inf inf)

# 1.570796 0.000000 6.000000
# best = 2 = RSL
LSL 18.07 0 (4.854286 7.071068 6.141288)
LSR 11.78 0 (4.857249 6.782330 0.144859)
RSL 6.67 0 (1.776457 4.690416 0.205661)
RSR 12.95 0 (1.768191 5.099019 6.085790)
RLR inf 1 (inf inf inf)
LRL inf 1 (inf inf inf)

# 1.570796 0.000000 6.400000
# best = 2 = RSL
LSL 18.46 0 (4.846711 7.467262 6.148864)
LSR 12.18 0 (4.849214 7.194442 0.136825)
RSL 7.06 0 (1.760436 5.114685 0.189640)
RSR 13.35 0 (1.753907 5.491812 6.100075)
RLR inf 1 (inf inf inf)
LRL inf 1 (inf inf inf)

# 1.570796 0.000000 6.800000
# best = 2 = RSL
LSL 18.86 0 (4.839899 7.863841 6.155676)
LSR 12.58 0 (4.842033 7.605261 0.129644)
RSL 7.46 0 (1.746780 5.535341 0.175984)
RSR 13.74 0 (1.741531 5.885576 6.112450)
RLR inf 1 (inf inf inf)
LRL inf 1 (inf inf inf)

# 1.570796 0.000000 7.200000
# best = 2 = RSL
LSL 19.26 0 (4.833741 8.260751 6.161833)
LSR 12.97 0 (4.835576 8.014986 0.123187)
RSL 7.85 0 (1.734992 5.953150 0.164196)
RSR 14.13 0 (1.730709 6.280127 6.123272)
RLR inf 1 (inf inf inf)
LRL inf 1 (inf inf inf)

# 1.570796 0.000000 7.600000
# best = 2 = RSL
LSL 19.65 0 (4.828148 8.657944 6.167426)
LSR 13.37 0 (4.829737 8.423776 0.117348)
RSL 8.25 0 (1.724709 6.368673 0.153913)
RSR 14.53 0 (1.721167 6.675328 6.132814)
RLR inf 1 (inf inf inf)
LRL inf 1 (inf inf inf)

# 1.570796 0.000000 8.000000
# best = 2 = RSL
LSL 20.05 0 (4.823046 9.055385 6.172528)
LSR 13.77 0 (4.824431 8.831761 0.112042)
RSL 8.64 0 (1.715655 6.782330 0.144859)
RSR 14.93 0 (1.712693 7.071068 6.141288)
RLR inf 1 (inf inf inf)
LRL inf 1 (inf inf inf)

# 1.963495 0.000000 0.400000
# best = 4 = RLR
LSL 12.52 0 (5.126811 1.914281 5.476064)
LSR inf 1 (inf inf inf)
RSL inf 1 (inf inf inf)
RSR 9.73 0 (3.896465 1.478601 4.350215)
RLR 6.73 0 (0.376239 5.525920 0.829990)
LRL 8.61 0 (1.486193 5.285134 1.835446)

# 1.963495 0.000000 0.800000
# best = 4 = RLR
LSL 12.81 0 (4.995696 2.209881 5.607180)
LSR inf 1 (inf inf inf)
RSL inf 1 (inf inf inf)
RSR 9.63 0 (3.623646 1.388221 4.623034)
RLR 6.83 0 (0.127624 5.574326 1.127012)
LRL 8.26 0 (1.268778 5.112536 1.880262)

# 1.963495 0.000000 1.200000
# best = 1 = LSR
LSL 13.14 0 (4.896781 2.534300 5.706095)
LSR 6.96 0 (5.166452 0.944428 0.846762)
RSL inf 1 (inf inf inf)
RSR 9.66 0 (3.337185 1.409984 4.909495)
RLR 13.09 0 (6.118541 5.562711 1.407665)
LRL 7.86 0 (1.069023 4.910855 1.878337)

# 1.963495 0.000000 1.600000
# best = 1 = LSR
LSL 13.48 0 (4.820874 2.877808 5.782002)
LSR 7.26 0 (4.958244 1.658629 0.638554)
RSL inf 1 (inf inf inf)
RSR 9.79 0 (3.079489 1.539140 5.167191)
RLR 12.95 0 (5.826107 5.493236 1.630624)
LRL 7.39 0 (0.876268 4.677159 1.837396)

# 1.963495 0.000000 2.000000
# best = 5 = LRL
LSL 13.84 0 (4.761418 3.234329 5.841457)
LSR 7.59 0 (4.844841 2.220395 0.525151)
RSL inf 1 (inf inf inf)
RSR 10.00 0 (2.872933 1.752098 5.373748)
RLR 12.72 0 (5.561125 5.376385 1.778755)
LRL 6.84 0 (0.678087 4.399708 1.758126)

# 1.963495 0.000000 2.400000
# best = 5 = LRL
LSL 14.20 0 (4.713900 3.599998 5.888975)
LSR 7.94 0 (4.769091 2.725666 0.449400)
RSL inf 1 (inf inf inf)
RSR 10.27 0 (2.716221 2.022559 5.530460)
RLR 12.41 0 (5.327690 5.222939 1.858744)
LRL 6.12 0 (0.452539 4.043648 1.627614)

# 1.963495 0.000000 2.800000
# best = 5 = LRL
LSL 14.58 0 (4.675215 3.972291 5.927661)
LSR 8.31 0 (4.713828 3.201306 0.394137)
RSL inf 1 (inf inf inf)
RSR 10.58 0 (2.598618 2.330588 5.648062)
RLR 12.04 0 (5.118229 5.039222 1.884488)
LRL 4.79 0 (0.080600 3.377141 1.333046)

# 1.963495 0.000000 3.200000
# best = 2 = RSL
LSL 14.95 0 (4.643198 4.349505 5.959678)
LSR 8.68 0 (4.671340 3.658888 0.351650)
RSL 4.71 0 (2.710949 1.249722 0.747454)
RSR 10.91 0 (2.509392 2.663182 5.737289)
RLR 11.62 0 (4.922425 4.826067 1.867137)
LRL inf 1 (inf inf inf)

# 1.963495 0.000000 3.600000
# best = 2 = RSL
LSL 15.33 0 (4.616314 4.730465 5.986561)
LSR 9.06 0 (4.637487 4.104457 0.317796)
RSL 5.02 0 (2.552515 1.882206 0.589020)
RSR 11.26 0 (2.440393 3.012214 5.806287)
RLR 11.12 0 (4.729295 4.577804 1.812004)
LRL inf 1 (inf inf inf)

# 1.963495 0.000000 4.000000
# best = 2 = RSL
LSL 15.72 0 (4.593452 5.114333 6.009424)
LSR 9.44 0 (4.609793 4.541549 0.290102)
RSL 5.37 0 (2.456643 2.417353 0.493148)
RSR 11.62 0 (2.385924 3.372585 5.860756)
RLR 10.52 0 (4.524409 4.276969 1.716055)
LRL inf 1 (inf inf inf)

# 1.963495 0.000000 4.400000
# best = 2 = RSL
LSL 16.10 0 (4.573790 5.500501 6.029086)
LSR 9.83 0 (4.586672 4.972401 0.266982)
RSL 5.73 0 (2.389980 2.909380 0.426485)
RSR 11.99 0 (2.342074 3.741019 5.904606)
RLR 9.69 0 (4.274689 3.865229 1.554035)
LRL inf 1 (inf inf inf)

# 1.963495 0.000000 4.800000
# best = 2 = RSL
LSL 16.49 0 (4.556714 5.888515 6.046162)
LSR 10.21 0 (4.567052 5.398507 0.247362)
RSL 6.09 0 (2.340231 3.377187 0.376736)
RSR 12.36 0 (2.306142 4.115352 5.940538)
RLR inf 1 (inf inf inf)
LRL inf 1 (inf inf inf)

# 1.963495 0.000000 5.200000
# best = 2 = RSL
LSL 16.88 0 (4.541752 6.278034 6.061123)
LSR 10.60 0 (4.550177 5.820909 0.230487)
RSL 6.47 0 (2.301402 3.829659 0.337907)
RSR 12.74 0 (2.276234 4.494109 5.970447)
RLR inf 1 (inf inf inf)
LRL inf 1 (inf inf inf)

# 1.963495 0.000000 5.600000
# best = 2 = RSL
LSL 17.27 0 (4.528542 6.668794 6.074334)
LSR 10.99 0 (4.535498 6.240359 0.215808)
RSL 6.85 0 (2.270125 4.271672 0.306630)
RSR 13.12 0 (2.250993 4.876260 5.995687)
RLR inf 1 (inf inf inf)
LRL inf 1 (inf inf inf)

# 1.963495 0.000000 6.000000
# best = 2 = RSL
LSL 17.66 0 (4.516795 7.060589 6.086080)
LSR 11.38 0 (4.522607 6.657416 0.202917)
RSL 7.23 0 (2.244326 4.706174 0.280831)
RSR 13.51 0 (2.229433 5.261065 6.017247)
RLR inf 1 (inf inf inf)
LRL inf 1 (inf inf inf)

# 1.963495 0.000000 6.400000
# best = 2 = RSL
LSL 18.06 0 (4.506285 7.453256 6.096590)
LSR 11.78 0 (4.511190 7.072503 0.191500)
RSL 7.62 0 (2.222643 5.135073 0.259148)
RSR 13.89 0 (2.210819 5.647982 6.035861)
RLR inf 1 (inf inf inf)
LRL inf 1 (inf inf inf)

# 1.963495 0.000000 6.800000
# best = 2 = RSL
LSL 18.45 0 (4.496828 7.846664 6.106048)
LSR 12.17 0 (4.501006 7.485947 0.181316)
RSL 8.00 0 (2.204144 5.559665 0.240649)
RSR 14.28 0 (2.194596 6.036605 6.052084)
RLR inf 1 (inf inf inf)
LRL inf 1 (inf inf inf)

# 1.963495 0.000000 7.200000
# best = 2 = RSL
LSL 18.84 0 (4.488275 8.240706 6.114601)
LSR 12.56 0 (4.491863 7.898006 0.172173)
RSL 8.39 0 (2.188161 5.980867 0.224666)
RSR 14.67 0 (2.180340 6.426624 6.066341)
RLR inf 1 (inf inf inf)
LRL inf 1 (inf inf inf)

# 1.963495 0.000000 7.600000
# best = 2 = RSL
LSL 19.24 0 (4.480502 8.635296 6.122373)
LSR 12.96 0 (4.483607 8.308887 0.163917)
RSL 8.78 0 (2.174205 6.399349 0.210710)
RSR 15.06 0 (2.167716 6.817800 6.078964)
RLR inf 1 (inf inf inf)
LRL inf 1 (inf inf inf)

# 1.963495 0.000000 8.000000
# best = 2 = RSL
LSL 19.63 0 (4.473410 9.030362 6.129466)
LSR 13.35 0 (4.476114 8.718756 0.156424)
RSL 9.18 0 (2.161907 6.815611 0.198412)
RSR 15.46 0 (2.156465 7.209944 6.090215)
RLR inf 1 (inf inf inf)
LRL inf 1 (inf inf inf)

# 2.356194 0.000000 0.400000
# best = 4 = RLR
LSL 12.24 0 (4.922448 2.034674 5.287729)
LSR inf 1 (inf inf inf)
RSL inf 1 (inf inf inf)
RSR 10.37 0 (4.104986 1.734511 4.534394)
RLR 6.85 0 (0.514878 5.386156 0.944286)
LRL 8.08 0 (1.247217 5.215910 1.612499)

# 2.356194 0.000000 0.800000
# best = 4 = RLR
LSL 12.49 0 (4.774533 2.277188 5.435644)
LSR inf 1 (inf inf inf)
RSL inf 1 (inf inf inf)
RSR 10.35 0 (3.872629 1.709632 4.766751)
RLR 6.87 0 (0.289412 5.399938 1.183534)
LRL 7.79 0 (1.027290 5.071884 1.688401)

# 2.356194 0.000000 1.200000
# best = 4 = RLR
LSL 12.77 0 (4.657109 2.559545 5.553068)
LSR inf 1 (inf inf inf)
RSL inf 1 (inf inf inf)
RSR 10.42 0 (3.645905 1.776839 4.993475)
RLR 6.80 0 (0.044020 5.362601 1.391590)
LRL 7.43 0 (0.821166 4.894485 1.717125)

# 2.356194 0.000000 1.600000
# best = 1 = LSR
LSL 13.08 0 (4.564019 2.870010 5.646158)
LSR 6.93 0 (4.835952 1.186815 0.908961)
RSL inf 1 (inf inf inf)
RSR 10.57 0 (3.445077 1.926518 5.194302)
RLR 12.91 0 (6.084157 5.278159 1.550196)
LRL 7.01 0 (0.622216 4.682765 1.704355)

# 2.356194 0.000000 2.000000
# best = 5 = LRL
LSL 13.41 0 (4.489609 3.200413 5.720568)
LSR 7.21 0 (4.644160 1.847760 0.717168)
RSL inf 1 (inf inf inf)
RSR 10.78 0 (3.278796 2.141444 5.360583)
RLR 12.66 0 (5.855453 5.153315 1.654056)
LRL 6.50 0 (0.420549 4.428251 1.651508)

# 2.356194 0.000000 2.400000
# best = 5 = LRL
LSL 13.76 0 (4.429389 3.545184 5.780788)
LSR 7.53 0 (4.528601 2.395809 0.601610)
RSL inf 1 (inf inf inf)
RSR 11.04 0 (3.145773 2.404184 5.493607)
RLR 12.34 0 (5.642556 4.993567 1.707205)
LRL 5.85 0 (0.198512 4.104616 1.549910)

# 2.356194 0.000000 2.800000
# best = 2 = RSL
LSL 14.11 0 (4.379988 3.900514 5.830189)
LSR 7.86 0 (4.448099 2.895788 0.521108)
RSL 5.24 0 (3.459029 0.682633 1.102835)
RSR 11.34 0 (3.040416 2.700817 5.598963)
RLR 11.96 0 (5.440767 4.800702 1.716129)
LRL 11.10 0 (6.174280 3.588584 1.341295)

# 2.356194 0.000000 3.200000
# best = 2 = RSL
LSL 14.47 0 (4.338918 4.263766 5.871259)
LSR 8.22 0 (4.387881 3.369165 0.460890)
RSL 5.48 0 (3.161219 1.516674 0.805025)
RSR 11.66 0 (2.956638 3.021378 5.682741)
RLR 11.50 0 (5.242051 4.570826 1.684969)
LRL inf 1 (inf inf inf)

# 2.356194 0.000000 3.600000
# best = 2 = RSL
LSL 14.84 0 (4.304344 4.633075 5.905833)
LSR 8.58 0 (4.340785 3.825828 0.413794)
RSL 5.78 0 (3.013791 2.110596 0.657597)
RSR 12.00 0 (2.889305 3.359024 5.750074)
RLR 10.94 0 (5.034064 4.289518 1.611648)
LRL inf 1 (inf inf inf)

# 2.356194 0.000000 4.000000
# best = 2 = RSL
LSL 15.22 0 (4.274905 5.007102 5.935272)
LSR 8.95 0 (4.302782 4.271141 0.375790)
RSL 6.11 0 (2.917221 2.632286 0.561027)
RSR 12.35 0 (2.834470 3.709091 5.804909)
RLR 10.17 0 (4.789001 3.909063 1.476255)
LRL inf 1 (inf inf inf)

# 2.356194 0.000000 4.400000
# best = 2 = RSL
LSL 15.60 0 (4.249576 5.384864 5.960600)
LSR 9.32 0 (4.271388 4.708326 0.344396)
RSL 6.46 0 (2.847348 3.118212 0.491154)
RSR 12.71 0 (2.789203 4.068374 5.850176)
RLR inf 1 (inf inf inf)
LRL inf 1 (inf inf inf)

# 2.356194 0.000000 4.800000
# best = 2 = RSL
LSL 15.98 0 (4.227581 5.765626 5.982596)
LSR 9.70 0 (4.244971 5.139457 0.317980)
RSL 6.81 0 (2.793870 3.582954 0.437676)
RSR 13.07 0 (2.751346 4.434635 5.888033)
RLR inf 1 (inf inf inf)
LRL inf 1 (inf inf inf)

# 2.356194 0.000000 5.200000
# best = 2 = RSL
LSL 16.36 0 (4.208319 6.148831 6.001858)
LSR 10.08 0 (4.222409 5.565941 0.295418)
RSL 7.18 0 (2.751382 4.033841 0.395188)
RSR 13.45 0 (2.719304 4.806277 5.920076)
RLR inf 1 (inf inf inf)
LRL inf 1 (inf inf inf)

# 2.356194 0.000000 5.600000
# best = 2 = RSL
LSL 16.74 0 (4.191322 6.534050 6.018855)
LSR 10.47 0 (4.202899 5.988772 0.275908)
RSL 7.55 0 (2.716695 4.475063 0.360501)
RSR 13.82 0 (2.691884 5.182144 5.947495)
RLR inf 1 (inf inf inf)
LRL inf 1 (inf inf inf)

# 2.356194 0.000000 6.000000
# best = 2 = RSL
LSL 17.13 0 (4.176221 6.920946 6.033955)
LSR 10.85 0 (4.185849 6.408672 0.258858)
RSL 7.93 0 (2.687779 4.909226 0.331585)
RSR 14.20 0 (2.668188 5.561378 5.971191)
RLR inf 1 (inf inf inf)
LRL inf 1 (inf inf inf)

# 2.356194 0.000000 6.400000
# best = 2 = RSL
LSL 17.52 0 (4.162723 7.309253 6.047454)
LSR 11.24 0 (4.170816 6.826182 0.243825)
RSL 8.31 0 (2.663270 5.338054 0.307076)
RSR 14.58 0 (2.647528 5.943336 5.991851)
RLR inf 1 (inf inf inf)
LRL inf 1 (inf inf inf)

# 2.356194 0.000000 6.800000
# best = 2 = RSL
LSL 17.91 0 (4.150588 7.698758 6.059589)
LSR 11.63 0 (4.157456 7.241716 0.230465)
RSL 8.69 0 (2.642211 5.762736 0.286017)
RSR 14.97 0 (2.629370 6.327524 6.010010)
RLR inf 1 (inf inf inf)
LRL inf 1 (inf inf inf)

# 2.356194 0.000000 7.200000
# best = 2 = RSL
LSL 18.30 0 (4.139623 8.089286 6.070554)
LSR 12.02 0 (4.145502 7.655595 0.218511)
RSL 9.08 0 (2.623907 6.184128 0.267713)
RSR 15.35 0 (2.613295 6.713559 6.026085)
RLR inf 1 (inf inf inf)
LRL inf 1 (inf inf inf)

# 2.356194 0.000000 7.600000
# best = 2 = RSL
LSL 18.69 0 (4.129669 8.480698 6.080507)
LSR 12.41 0 (4.134740 8.068074 0.207749)
RSL 9.46 0 (2.607842 6.602860 0.251648)
RSR 15.74 0 (2.598971 7.101140 6.040408)
RLR inf 1 (inf inf inf)
LRL inf 1 (inf inf inf)

# 2.356194 0.000000 8.000000
# best = 2 = RSL
LSL 19.08 0 (4.120595 8.872876 6.089582)
LSR 12.80 0 (4.124999 8.479357 0.198008)
RSL 9.85 0 (2.593623 7.019407 0.237429)
RSR 16.13 0 (2.586132 7.490027 6.053247)
RLR inf 1 (inf inf inf)
LRL inf 1 (inf inf inf)

# 2.748894 0.000000 0.400000
# best = 4 = RLR
LSL 11.89 0 (4.718711 2.076994 5.098765)
LSR inf 1 (inf inf inf)
RSL inf 1 (inf inf inf)
RSR 10.96 0 (4.310690 1.923958 4.721390)
RLR 7.02 0 (0.667314 5.279620 1.078014)
LRL 7.63 0 (1.031147 5.191242 1.411201)

# 2.748894 0.000000 0.800000
# best = 4 = RLR
LSL 12.08 0 (4.553901 2.258330 5.263575)
LSR inf 1 (inf inf inf)
RSL inf 1 (inf inf inf)
RSR 11.00 0 (4.106085 1.968620 4.925994)
RLR 6.97 0 (0.449929 5.254058 1.269838)
LRL 7.42 0 (0.812382 5.083331 1.522055)

# 2.748894 0.000000 1.200000
# best = 4 = RLR
LSL 12.31 0 (4.416686 2.491224 5.400790)
LSR inf 1 (inf inf inf)
RSL inf 1 (inf inf inf)
RSR 11.12 0 (3.917966 2.090292 5.114113)
RLR 6.83 0 (0.226507 5.183453 1.422655)
LRL 7.13 0 (0.602770 4.938537 1.586873)

# 2.748894 0.000000 1.600000
# best = 4 = RLR
LSL 12.58 0 (4.304638 2.762670 5.512838)
LSR inf 1 (inf inf inf)
RSL inf 1 (inf inf inf)
RSR 11.31 0 (3.755544 2.276658 5.276535)
RLR 6.61 0 (0.008462 5.072206 1.529453)
LRL 6.77 0 (0.400634 4.758362 1.608834)

# 2.748894 0.000000 2.000000
# best = 5 = LRL
LSL 12.88 0 (4.213554 3.062432 5.603923)
LSR 6.76 0 (4.497728 1.297294 0.963436)
RSL inf 1 (inf inf inf)
RSR 11.55 0 (3.620647 2.513370 5.411432)
RLR 12.60 0 (6.082819 4.924344 1.590419)
LRL 6.33 0 (0.199975 4.539213 1.590344)

# 2.748894 0.000000 2.400000
# best = 2 = RSL
LSL 13.20 0 (4.139206 3.382992 5.678271)
LSR 7.02 0 (4.308532 1.936264 0.774241)
RSL 5.82 0 (4.145566 0.274521 1.396672)
RSR 11.82 0 (3.510589 2.787630 5.521491)
RLR 12.23 0 (5.881105 4.741033 1.608822)
LRL 12.07 0 (6.272833 4.267254 1.528713)

# 2.748894 0.000000 2.800000
# best = 2 = RSL
LSL 13.54 0 (4.078001 3.718976 5.739476)
LSR 7.32 0 (4.189643 2.476947 0.655352)
RSL 5.99 0 (3.691083 1.359859 0.942189)
RSR 12.12 0 (3.421114 3.089455 5.610965)
RLR 11.79 0 (5.680152 4.518077 1.586818)
LRL 11.33 0 (6.025877 3.895751 1.404166)

# 2.748894 0.000000 3.200000
# best = 2 = RSL
LSL 13.88 0 (4.027094 4.066563 5.790382)
LSR 7.65 0 (4.105160 2.973451 0.570869)
RSL 6.26 0 (3.510864 1.985716 0.761970)
RSR 12.44 0 (3.348035 3.411537 5.684044)
RLR 11.23 0 (5.468143 4.240215 1.520966)
LRL inf 1 (inf inf inf)

# 2.748894 0.000000 3.600000
# best = 2 = RSL
LSL 14.24 0 (3.984296 4.423017 5.833180)
LSR 7.99 0 (4.041186 3.444932 0.506894)
RSL 6.56 0 (3.395846 2.521294 0.646952)
RSR 12.78 0 (3.287824 3.748659 5.744255)
RLR 10.46 0 (5.215004 3.854360 1.388250)
LRL inf 1 (inf inf inf)

# 2.748894 0.000000 4.000000
# best = 2 = RSL
LSL 14.60 0 (3.947937 4.786358 5.869539)
LSR 8.35 0 (3.990727 3.900475 0.456435)
RSL 6.89 0 (3.313543 3.015091 0.564649)
RSR 13.13 0 (3.237698 4.097108 5.794381)
RLR inf 1 (inf inf inf)
LRL inf 1 (inf inf inf)

# 2.748894 0.000000 4.400000
# best = 2 = RSL
LSL 14.97 0 (3.916744 5.155130 5.900733)
LSR 8.71 0 (3.949754 4.345095 0.415463)
RSL 7.24 0 (3.250957 3.484915 0.502063)
RSR 13.49 0 (3.195517 4.454228 5.836562)
RLR inf 1 (inf inf inf)
LRL inf 1 (inf inf inf)

# 2.748894 0.000000 4.800000
# best = 2 = RSL
LSL 15.35 0 (3.889738 5.528247 5.927739)
LSR 9.08 0 (3.915744 4.781840 0.381452)
RSL 7.59 0 (3.201450 3.939351 0.452556)
RSR 13.85 0 (3.159651 4.818091 5.872428)
RLR inf 1 (inf inf inf)
LRL inf 1 (inf inf inf)

# 2.748894 0.000000 5.200000
# best = 2 = RSL
LSL 15.72 0 (3.866161 5.904885 5.951315)
LSR 9.45 0 (3.887015 5.212691 0.352724)
RSL 7.96 0 (3.161165 4.383188 0.412271)
RSR 14.22 0 (3.128855 5.187278 5.903224)
RLR inf 1 (inf inf inf)
LRL inf 1 (inf inf inf)

# 2.748894 0.000000 5.600000
# best = 2 = RSL
LSL 16.10 0 (3.845422 6.284410 5.972055)
LSR 9.83 0 (3.862400 5.638997 0.328109)
RSL 8.33 0 (3.127669 4.819356 0.378775)
RSR 14.59 0 (3.102173 5.560729 5.929906)
RLR inf 1 (inf inf inf)
LRL inf 1 (inf inf inf)

# 2.748894 0.000000 6.000000
# best = 2 = RSL
LSL 16.48 0 (3.827052 6.666330 5.990425)
LSR 10.21 0 (3.841059 6.061719 0.306767)
RSL 8.70 0 (3.099338 5.249766 0.350444)
RSR 14.97 0 (3.078864 5.937640 5.953216)
RLR inf 1 (inf inf inf)
LRL inf 1 (inf inf inf)

# 2.748894 0.000000 6.400000
# best = 2 = RSL
LSL 16.87 0 (3.810678 7.050255 6.006799)
LSR 10.59 0 (3.822368 6.481557 0.288076)
RSL 9.08 0 (3.075036 5.675729 0.326142)
RSR 15.35 0 (3.058346 6.317390 5.973733)
RLR inf 1 (inf inf inf)
LRL inf 1 (inf inf inf)

# 2.748894 0.000000 6.800000
# best = 2 = RSL
LSL 17.25 0 (3.795998 7.435876 6.021479)
LSR 10.98 0 (3.805855 6.899038 0.271564)
RSL 9.46 0 (3.053946 6.098176 0.305052)
RSR 15.73 0 (3.040163 6.699498 5.991917)
RLR inf 1 (inf inf inf)
LRL inf 1 (inf inf inf)

# 2.748894 0.000000 7.200000
# best = 2 = RSL
LSL 17.64 0 (3.782768 7.822940 6.034708)
LSR 11.36 0 (3.791156 7.314566 0.256865)
RSL 9.84 0 (3.035460 6.517791 0.286566)
RSR 16.12 0 (3.023946 7.083581 6.008133)
RLR inf 1 (inf inf inf)
LRL inf 1 (inf inf inf)

# 2.748894 0.000000 7.600000
# best = 2 = RSL
LSL 18.03 0 (3.770788 8.211245 6.046689)
LSR 11.75 0 (3.777985 7.728455 0.243693)
RSL 10.22 0 (3.019118 6.935089 0.270224)
RSR 16.50 0 (3.009401 7.469336 6.022678)
RLR inf 1 (inf inf inf)
LRL inf 1 (inf inf inf)

# 2.748894 0.000000 8.000000
# best = 2 = RSL
LSL 18.42 0 (3.759891 8.600621 6.057586)
LSR 12.14 0 (3.766111 8.140956 0.231820)
RSL 10.61 0 (3.004562 7.350463 0.255668)
RSR 16.89 0 (2.996287 7.856515 6.035793)
RLR inf 1 (inf inf inf)
LRL inf 1 (inf inf inf)

# 3.141593 0.000000 0.400000
# best = 5 = LRL
LSL 11.46 0 (4.514993 2.039608 4.909784)
LSR inf 1 (inf inf inf)
RSL inf 1 (inf inf inf)
RSR 11.46 0 (4.514994 2.039608 4.909785)
RLR 7.28 0 (0.838330 5.213044 1.233121)
LRL 7.28 0 (0.838330 5.213044 1.233121)

# 3.141593 0.000000 0.800000
# best = 5 = LRL
LSL 11.58 0 (4.331882 2.154066 5.092895)
LSR inf 1 (inf inf inf)
RSL inf 1 (inf inf inf)
RSR 11.58 0 (4.331883 2.154066 5.092896)
RLR 7.15 0 (0.621615 5.145834 1.382627)
LRL 7.15 0 (0.621614 5.145834 1.382627)

# 3.141593 0.000000 1.200000
# best = 5 = LRL
LSL 11.76 0 (4.171969 2.332381 5.252808)
LSR inf 1 (inf inf inf)
RSL inf 1 (inf inf inf)
RSR 11.76 0 (4.171970 2.332381 5.252809)
RLR 6.93 0 (0.407844 5.038118 1.488682)
LRL 6.93 0 (0.407843 5.038119 1.488682)

# 3.141593 0.000000 1.600000
# best = 5 = LRL
LSL 11.99 0 (4.037648 2.561249 5.387130)
LSR inf 1 (inf inf inf)
RSL inf 1 (inf inf inf)
RSR 11.99 0 (4.037648 2.561250 5.387130)
RLR 6.65 0 (0.201151 4.893375 1.550632)
LRL 6.65 0 (0.201150 4.893376 1.550632)

# 3.141593 0.000000 2.000000
# best = 4 = RLR
LSL 12.25 0 (3.926991 2.828427 5.497787)
LSR inf 1 (inf inf inf)
RSL 6.28 0 (4.711801 0.001177 1.570208)
RSR 12.25 0 (3.926991 2.828427 5.497787)
RLR 6.28 0 (0.000000 4.712389 1.570796)
LRL 12.57 0 (6.283185 4.712389 1.570796)

# 3.141593 0.000000 2.400000
# best = 1 = LSR
LSL 12.55 0 (3.836331 3.124100 5.588447)
LSR 6.44 0 (4.126703 1.326649 0.985111)
RSL 6.44 0 (4.126704 1.326651 0.985111)
RSR 12.55 0 (3.836331 3.124100 5.588447)
RLR 12.12 0 (6.081618 4.490574 1.550549)
LRL 12.12 0 (6.081618 4.490575 1.550549)

# 3.141593 0.000000 2.800000
# best = 1 = LSR
LSL 12.87 0 (3.761842 3.440930 5.662936)
LSR 6.69 0 (3.937195 1.959591 0.795603)
RSL 6.69 0 (3.937196 1.959592 0.795603)
RSR 12.87 0 (3.761842 3.440930 5.662936)
RLR 11.57 0 (5.867709 4.211734 1.485618)
LRL 11.57 0 (5.867709 4.211735 1.485618)

# 3.141593 0.000000 3.200000
# best = 1 = LSR
LSL 13.20 0 (3.700192 3.773592 5.724586)
LSR 6.99 0 (3.816724 2.497999 0.675132)
RSL 6.99 0 (3.816724 2.498000 0.675131)
RSR 13.20 0 (3.700192 3.773593 5.724586)
RLR 10.78 0 (5.609054 3.817723 1.350262)
LRL 10.78 0 (5.609053 3.817724 1.350262)

# 3.141593 0.000000 3.600000
# best = 1 = LSR
LSL 13.54 0 (3.648691 4.118252 5.776087)
LSR 7.31 0 (3.730623 2.993325 0.589031)
RSL 7.31 0 (3.730624 2.993326 0.589031)
RSR 13.54 0 (3.648691 4.118252 5.776087)
RLR inf 1 (inf inf inf)
LRL inf 1 (inf inf inf)

# 3.141593 0.000000 4.000000
# best = 1 = LSR
LSL 13.90 0 (3.605240 4.472136 5.819538)
LSR 7.65 0 (3.665191 3.464101 0.523599)
RSL 7.65 0 (3.665192 3.464102 0.523599)
RSR 13.90 0 (3.605241 4.472136 5.819538)
RLR inf 1 (inf inf inf)
LRL inf 1 (inf inf inf)

# 3.141593 0.000000 4.400000
# best = 1 = LSR
LSL 14.26 0 (3.568220 4.833218 5.856558)
LSR 8.00 0 (3.613454 3.919183 0.471862)
RSL 8.00 0 (3.613455 3.919184 0.471862)
RSR 14.26 0 (3.568220 4.833219 5.856558)
RLR inf 1 (inf inf inf)
LRL inf 1 (inf inf inf)

# 3.141593 0.000000 4.800000
# best = 1 = LSR
LSL 14.62 0 (3.536383 5.200000 5.888394)
LSR 8.36 0 (3.571368 4.363484 0.429775)
RSL 8.36 0 (3.571368 4.363485 0.429775)
RSR 14.62 0 (3.536384 5.200000 5.888394)
RLR inf 1 (inf inf inf)
LRL inf 1 (inf inf inf)

# 3.141593 0.000000 5.200000
# best = 1 = LSR
LSL 15.00 0 (3.508766 5.571355 5.916011)
LSR 8.73 0 (3.536383 4.800000 0.394791)
RSL 8.73 0 (3.536384 4.800000 0.394791)
RSR 15.00 0 (3.508767 5.571356 5.916011)
RLR inf 1 (inf inf inf)
LRL inf 1 (inf inf inf)

# 3.141593 0.000000 5.600000
# best = 1 = LSR
LSL 15.37 0 (3.484616 5.946427 5.940161)
LSR 9.10 0 (3.506800 5.230678 0.365207)
RSL 9.10 0 (3.506800 5.230679 0.365207)
RSR 15.37 0 (3.484617 5.946428 5.940161)
RLR inf 1 (inf inf inf)
LRL inf 1 (inf inf inf)

# 3.141593 0.000000 6.000000
# best = 1 = LSR
LSL 15.75 0 (3.463343 6.324555 5.961435)
LSR 9.48 0 (3.481429 5.656854 0.339837)
RSL 9.48 0 (3.481430 5.656855 0.339837)
RSR 15.75 0 (3.463344 6.324556 5.961435)
RLR inf 1 (inf inf inf)
LRL inf 1 (inf inf inf)

# 3.141593 0.000000 6.400000
# best = 1 = LSR
LSL 16.13 0 (3.444477 6.705222 5.980300)
LSR 9.86 0 (3.459416 6.079473 0.317824)
RSL 9.86 0 (3.459417 6.079474 0.317824)
RSR 16.13 0 (3.444478 6.705222 5.980300)
RLR inf 1 (inf inf inf)
LRL inf 1 (inf inf inf)

# 3.141593 0.000000 6.800000
# best = 1 = LSR
LSL 16.51 0 (3.427644 7.088018 5.997134)
LSR 10.24 0 (3.440125 6.499230 0.298532)
RSL 10.24 0 (3.440125 6.499231 0.298532)
RSR 16.51 0 (3.427644 7.088018 5.997134)
RLR inf 1 (inf inf inf)
LRL inf 1 (inf inf inf)

# 3.141593 0.000000 7.200000
# best = 1 = LSR
LSL 16.90 0 (3.412539 7.472616 6.012238)
LSR 10.62 0 (3.423072 6.916646 0.281480)
RSL 10.62 0 (3.423073 6.916647 0.281480)
RSR 16.90 0 (3.412540 7.472617 6.012238)
RLR inf 1 (inf inf inf)
LRL inf 1 (inf inf inf)

# 3.141593 0.000000 7.600000
# best = 1 = LSR
LSL 17.28 0 (3.398916 7.858753 6.025862)
LSR 11.01 0 (3.407886 7.332121 0.266294)
RSL 11.01 0 (3.407887 7.332121 0.266294)
RSR 17.28 0 (3.398917 7.858753 6.025862)
RLR inf 1 (inf inf inf)
LRL inf 1 (inf inf inf)

# 3.141593 0.000000 8.000000
# best = 1 = LSR
LSL 17.67 0 (3.386571 8.246211 6.038207)
LSR 11.39 0 (3.394273 7.745966 0.252680)
RSL 11.39 0 (3.394273 7.745967 0.252680)
RSR 17.67 0 (3.386572 8.246212 6.038207)
RLR inf 1 (inf inf inf)
LRL inf 1 (inf inf inf)

# -3.141593 0.392699 0.400000
# best = 4 = RLR
LSL 11.74 0 (4.703388 1.923957 5.114089)
LSR inf 1 (inf inf inf)
RSL inf 1 (inf inf inf)
RSR 11.11 0 (4.326012 2.076994 4.706066)
RLR 6.85 0 (0.638448 5.191242 1.018502)
LRL 7.81 0 (1.060013 5.279620 1.470713)

# -3.141593 0.392699 0.800000
# best = 4 = RLR
LSL 11.79 0 (4.498784 1.968620 5.318693)
LSR inf 1 (inf inf inf)
RSL inf 1 (inf inf inf)
RSR 11.29 0 (4.161202 2.258329 4.870876)
RLR 6.63 0 (0.419683 5.083331 1.129356)
LRL 7.76 0 (0.842628 5.254058 1.662537)

# -3.141593 0.392699 1.200000
# best = 4 = RLR
LSL 11.91 0 (4.310665 2.090292 5.506813)
LSR inf 1 (inf inf inf)
RSL inf 1 (inf inf inf)
RSR 11.52 0 (4.023987 2.491224 5.008091)
RLR 6.34 0 (0.210071 4.938537 1.194174)
LRL 7.62 0 (0.619206 5.183453 1.815354)

# -3.141593 0.392699 1.600000
# best = 4 = RLR
LSL 12.09 0 (4.148243 2.276658 5.669234)
LSR inf 1 (inf inf inf)
RSL inf 1 (inf inf inf)
RSR 11.79 0 (3.911939 2.762670 5.120139)
RLR 5.98 0 (0.007935 4.758362 1.216135)
LRL 7.40 0 (0.401161 5.072206 1.922152)

# -3.141593 0.392699 2.000000
# best = 1 = LSR
LSL 12.33 0 (4.013346 2.513370 5.804131)
LSR 6.10 0 (4.168902 1.297296 0.634610)
RSL inf 1 (inf inf inf)
RSR 12.09 0 (3.820855 3.062432 5.211224)
RLR 11.83 0 (6.090462 4.539213 1.197645)
LRL 7.10 0 (0.192333 4.924344 1.983118)

# -3.141593 0.392699 2.400000
# best = 1 = LSR
LSL 12.61 0 (3.903288 2.787630 5.914190)
LSR 6.34 0 (3.970530 1.936265 0.436238)
RSL 6.75 0 (4.613698 0.274517 1.864805)
RSR 12.42 0 (3.746507 3.382992 5.285572)
RLR 11.28 0 (5.880134 4.267254 1.136014)
LRL 13.02 0 (6.273804 4.741033 2.001521)

# -3.141593 0.392699 2.800000
# best = 1 = LSR
LSL 12.91 0 (3.813813 3.089455 6.003664)
LSR 6.63 0 (3.844770 2.476948 0.310478)
RSL 6.90 0 (4.146740 1.359857 1.397847)
RSR 12.75 0 (3.685302 3.718976 5.346777)
RLR 10.54 0 (5.633178 3.895751 1.011467)
LRL 12.57 0 (6.072851 4.518077 1.979517)

# -3.141593 0.392699 3.200000
# best = 1 = LSR
LSL 13.23 0 (3.740734 3.411537 6.076743)
LSR 6.95 0 (3.754949 2.973452 0.220657)
RSL 7.15 0 (3.957587 1.985715 1.208693)
RSR 13.10 0 (3.634395 4.066562 5.397683)
RLR inf 1 (inf inf inf)
LRL 12.01 0 (5.860842 4.240215 1.913666)

# -3.141593 0.392699 3.600000
# best = 1 = LSR
LSL 13.57 0 (3.680523 3.748659 6.136954)
LSR 7.28 0 (3.686708 3.444933 0.152416)
RSL 7.44 0 (3.835855 2.521293 1.086962)
RSR 13.46 0 (3.591597 4.423017 5.440481)
RLR inf 1 (inf inf inf)
LRL 11.24 0 (5.607703 3.854360 1.780949)

# -3.141593 0.392699 4.000000
# best = 1 = LSR
LSL 13.91 0 (3.630397 4.097108 6.187080)
LSR 7.63 0 (3.632762 3.900476 0.098470)
RSL 7.76 0 (3.748322 3.015091 0.999428)
RSR 13.82 0 (3.555238 4.786358 5.476840)
RLR inf 1 (inf inf inf)
LRL inf 1 (inf inf inf)

# -3.141593 0.392699 4.400000
# best = 1 = LSR
LSL 14.27 0 (3.588216 4.454228 6.229261)
LSR 7.99 0 (3.588885 4.345096 0.054593)
RSL 8.10 0 (3.681547 3.484914 0.932654)
RSR 14.19 0 (3.524045 5.155130 5.508034)
RLR inf 1 (inf inf inf)
LRL inf 1 (inf inf inf)

# -3.141593 0.392699 4.800000
# best = 1 = LSR
LSL 14.64 0 (3.552350 4.818091 6.265128)
LSR 8.35 0 (3.552418 4.781841 0.018126)
RSL 8.45 0 (3.628610 3.939350 0.879717)
RSR 14.56 0 (3.497039 5.528247 5.535040)
RLR inf 1 (inf inf inf)
LRL inf 1 (inf inf inf)

# -3.141593 0.392699 5.200000
# best = 0 = LSL
LSL 8.72 0 (3.521554 5.187278 0.012738)
LSR 15.00 0 (3.521585 5.212691 6.270478)
RSL 8.81 0 (3.585464 4.383187 0.836571)
RSR 14.94 0 (3.473462 5.904885 5.558616)
RLR inf 1 (inf inf inf)
LRL inf 1 (inf inf inf)

# -3.141593 0.392699 5.600000
# best = 0 = LSL
LSL 9.10 0 (3.494872 5.560729 0.039420)
LSR 15.38 0 (3.495147 5.638998 6.244041)
RSL 9.17 0 (3.549546 4.819355 0.800652)
RSR 15.32 0 (3.452723 6.284410 5.579356)
RLR inf 1 (inf inf inf)
LRL inf 1 (inf inf inf)

# -3.141593 0.392699 6.000000
# best = 0 = LSL
LSL 9.47 0 (3.471563 5.937639 0.062729)
LSR 15.76 0 (3.472211 6.061720 6.221105)
RSL 9.54 0 (3.519136 5.249765 0.770243)
RSR 15.70 0 (3.434353 6.666330 5.597726)
RLR inf 1 (inf inf inf)
LRL inf 1 (inf inf inf)

# -3.141593 0.392699 6.400000
# best = 0 = LSL
LSL 9.85 0 (3.451045 6.317390 0.083247)
LSR 16.13 0 (3.452114 6.481558 6.201007)
RSL 9.91 0 (3.493033 5.675728 0.744140)
RSR 16.08 0 (3.417979 7.050255 5.614100)
RLR inf 1 (inf inf inf)
LRL inf 1 (inf inf inf)

# -3.141593 0.392699 6.800000
# best = 0 = LSL
LSL 10.23 0 (3.432862 6.699498 0.101430)
LSR 16.52 0 (3.434351 6.899039 6.183245)
RSL 10.29 0 (3.470367 6.098175 0.721473)
RSR 16.47 0 (3.403299 7.435876 5.628780)
RLR inf 1 (inf inf inf)
LRL inf 1 (inf inf inf)

# -3.141593 0.392699 7.200000
# best = 0 = LSL
LSL 10.62 0 (3.416645 7.083581 0.117647)
LSR 16.90 0 (3.418535 7.314567 6.167428)
RSL 10.67 0 (3.450489 6.517791 0.701596)
RSR 16.86 0 (3.390069 7.822940 5.642009)
RLR inf 1 (inf inf inf)
LRL inf 1 (inf inf inf)

# -3.141593 0.392699 7.600000
# best = 0 = LSL
LSL 11.00 0 (3.402100 7.469336 0.132192)
LSR 17.29 0 (3.404357 7.728456 6.153250)
RSL 11.05 0 (3.432909 6.935088 0.684016)
RSR 17.24 0 (3.378089 8.211245 5.653990)
RLR inf 1 (inf inf inf)
LRL inf 1 (inf inf inf)

# -3.141593 0.392699 8.000000
# best = 0 = LSL
LSL 11.39 0 (3.388986 7.856515 0.145306)
LSR 17.67 0 (3.391574 8.140957 6.140467)
RSL 11.44 0 (3.417245 7.350463 0.668352)
RSR 17.63 0 (3.367192 8.600621 5.664887)
RLR inf 1 (inf inf inf)
LRL inf 1 (inf inf inf)

# -2.748894 0.392699 0.400000
# best = 4 = RLR
LSL 11.31 0 (4.514907 1.883536 4.909871)
LSR inf 1 (inf inf inf)
RSL inf 1 (inf inf inf)
RSR 11.61 0 (4.542406 2.184558 4.882372)
RLR 7.11 0 (0.823064 5.127688 1.163030)
LRL 7.46 0 (0.883022 5.302600 1.277986)

# -2.748894 0.392699 0.800000
# best = 4 = RLR
LSL 11.27 0 (4.300949 1.848084 5.123829)
LSR inf 1 (inf inf inf)
RSL inf 1 (inf inf inf)
RSR 11.85 0 (4.402239 2.421691 5.022539)
RLR 6.82 0 (0.610349 4.982592 1.230649)
LRL 7.50 0 (0.679084 5.322640 1.501964)

# -2.748894 0.392699 1.200000
# best = 4 = RLR
LSL 11.32 0 (4.088668 1.898189 5.336110)
LSR inf 1 (inf inf inf)
RSL inf 1 (inf inf inf)
RSR 12.12 0 (4.288857 2.697569 5.135921)
RLR 6.46 0 (0.407123 4.802903 1.254187)
LRL 7.45 0 (0.452626 5.294286 1.700068)

# -2.748894 0.392699 1.600000
# best = 4 = RLR
LSL 11.45 0 (3.895423 2.027518 5.529355)
LSR inf 1 (inf inf inf)
RSL inf 1 (inf inf inf)
RSR 12.43 0 (4.197446 3.001528 5.227331)
RLR 6.03 0 (0.207214 4.585905 1.237099)
LRL 7.30 0 (0.222270 5.220064 1.856202)

# -2.748894 0.392699 2.000000
# best = 1 = LSR
LSL 11.65 0 (3.730642 2.222281 5.694137)
LSR 5.50 0 (4.319125 0.001131 1.177532)
RSL inf 1 (inf inf inf)
RSR 12.75 0 (4.123340 3.325878 5.301438)
RLR 11.78 0 (6.283185 4.319690 1.178097)
LRL 7.07 0 (0.000000 5.105088 1.963495)

# -2.748894 0.392699 2.400000
# best = 1 = LSR
LSL 11.89 0 (3.595417 2.467031 5.829361)
LSR 5.65 0 (3.734005 1.326650 0.592412)
RSL 7.22 0 (4.519402 1.326649 1.377810)
RSR 13.09 0 (4.062671 3.665209 5.362107)
RLR 11.07 0 (6.045516 3.965690 1.061766)
LRL 13.05 0 (6.072392 4.953951 2.023152)

# -2.748894 0.392699 2.800000
# best = 1 = LSR
LSL 12.17 0 (3.486195 2.748445 5.938583)
LSR 5.91 0 (3.544497 1.959592 0.402904)
RSL 7.48 0 (4.329894 1.959591 1.188302)
RSR 13.44 0 (4.012434 4.015726 5.412344)
RLR inf 1 (inf inf inf)
LRL 12.68 0 (5.870283 4.768174 2.039485)

# -2.748894 0.392699 3.200000
# best = 1 = LSR
LSL 12.48 0 (3.398097 3.056412 6.026681)
LSR 6.20 0 (3.424025 2.498000 0.282432)
RSL 7.78 0 (4.209423 2.497999 1.067831)
RSR 13.80 0 (3.970350 4.374739 5.454428)
RLR inf 1 (inf inf inf)
LRL 12.23 0 (5.670040 4.543886 2.015439)

# -2.748894 0.392699 3.600000
# best = 1 = LSR
LSL 12.81 0 (3.326569 3.383691 6.098209)
LSR 6.53 0 (3.337925 2.993326 0.196332)
RSL 8.10 0 (4.123322 2.993326 0.981730)
RSR 14.17 0 (3.934702 4.740320 5.490076)
RLR inf 1 (inf inf inf)
LRL 11.67 0 (5.459869 4.266600 1.948323)

# -2.748894 0.392699 4.000000
# best = 1 = LSR
LSL 13.15 0 (3.267900 3.725194 6.156879)
LSR 6.87 0 (3.272493 3.464102 0.130900)
RSL 8.44 0 (4.057890 3.464101 0.916298)
RSR 14.54 0 (3.904191 5.111060 5.520587)
RLR inf 1 (inf inf inf)
LRL 10.92 0 (5.211531 3.887262 1.817325)

# -2.748894 0.392699 4.400000
# best = 1 = LSR
LSL 13.50 0 (3.219220 4.077349 6.205559)
LSR 7.22 0 (3.220756 3.919184 0.079163)
RSL 8.79 0 (4.006153 3.919183 0.864561)
RSR 14.91 0 (3.877828 5.485911 5.546950)
RLR inf 1 (inf inf inf)
LRL inf 1 (inf inf inf)

# -2.748894 0.392699 4.800000
# best = 1 = LSR
LSL 13.86 0 (3.178360 4.437621 6.246419)
LSR 7.58 0 (3.178669 4.363485 0.037076)
RSL 9.15 0 (3.964067 4.363484 0.822474)
RSR 15.29 0 (3.854851 5.864087 5.569927)
RLR inf 1 (inf inf inf)
LRL inf 1 (inf inf inf)

# -2.748894 0.392699 5.200000
# best = 1 = LSR
LSL 14.23 0 (3.143684 4.804185 6.281094)
LSR 7.95 0 (3.143685 4.800000 0.002092)
RSL 9.52 0 (3.929082 4.800000 0.787490)
RSR 15.67 0 (3.834667 6.244983 5.590111)
RLR inf 1 (inf inf inf)
LRL inf 1 (inf inf inf)

# -2.748894 0.392699 5.600000
# best = 0 = LSL
LSL 8.32 0 (3.113955 5.175703 0.027638)
LSR 14.60 0 (3.114101 5.230679 6.255694)
RSL 9.89 0 (3.899499 5.230678 0.757906)
RSR 16.05 0 (3.816810 6.628130 5.607968)
RLR inf 1 (inf inf inf)
LRL inf 1 (inf inf inf)

# -2.748894 0.392699 6.000000
# best = 0 = LSL
LSL 8.69 0 (3.088228 5.551180 0.053365)
LSR 14.98 0 (3.088731 5.656855 6.230323)
RSL 10.26 0 (3.874128 5.656854 0.732536)
RSR 16.44 0 (3.800909 7.013159 5.623868)
RLR inf 1 (inf inf inf)
LRL inf 1 (inf inf inf)

# -2.748894 0.392699 6.400000
# best = 0 = LSL
LSL 9.07 0 (3.065773 5.929866 0.075820)
LSR 15.35 0 (3.066718 6.079474 6.208310)
RSL 10.64 0 (3.852115 6.079473 0.710523)
RSR 16.82 0 (3.786667 7.399776 5.638111)
RLR inf 1 (inf inf inf)
LRL inf 1 (inf inf inf)

# -2.748894 0.392699 6.800000
# best = 0 = LSL
LSL 9.45 0 (3.046022 6.311182 0.095571)
LSR 15.74 0 (3.047426 6.499231 6.189019)
RSL 11.02 0 (3.832824 6.499230 0.691231)
RSR 17.21 0 (3.773841 7.787746 5.650937)
RLR inf 1 (inf inf inf)
LRL inf 1 (inf inf inf)

# -2.748894 0.392699 7.200000
# best = 0 = LSL
LSL 9.84 0 (3.028528 6.694679 0.113065)
LSR 16.12 0 (3.030374 6.916647 6.171966)
RSL 11.41 0 (3.815771 6.916646 0.674179)
RSR 17.60 0 (3.762234 8.176874 5.662544)
RLR inf 1 (inf inf inf)
LRL inf 1 (inf inf inf)

# -2.748894 0.392699 7.600000
# best = 0 = LSL
LSL 10.22 0 (3.012934 7.080002 0.128659)
LSR 16.50 0 (3.015188 7.332121 6.156780)
RSL 11.79 0 (3.800585 7.332121 0.658993)
RSR 17.99 0 (3.751683 8.567005 5.673095)
RLR inf 1 (inf inf inf)
LRL inf 1 (inf inf inf)

# -2.748894 0.392699 8.000000
# best = 0 = LSL
LSL 10.61 0 (2.998953 7.466869 0.142640)
LSR 16.89 0 (3.001574 7.745967 6.143167)
RSL 12.18 0 (3.786972 7.745966 0.645379)
RSR 18.38 0 (3.742052 8.958005 5.682726)
RLR inf 1 (inf inf inf)
LRL inf 1 (inf inf inf)

# -2.356194 0.392699 0.400000
# best = 5 = LRL
LSL 10.80 0 (4.327105 1.770855 4.704973)
LSR inf 1 (inf inf inf)
RSL inf 1 (inf inf inf)
RSR 12.03 0 (4.757602 2.208980 5.059875)
RLR 7.48 0 (1.030955 5.113076 1.333228)
LRL 7.20 0 (0.726890 5.365940 1.104758)

# -2.356194 0.392699 0.800000
# best = 4 = RLR
LSL 10.69 0 (4.102833 1.656531 4.929245)
LSR inf 1 (inf inf inf)
RSL inf 1 (inf inf inf)
RSR 12.31 0 (4.639014 2.496282 5.178464)
RLR 7.12 0 (0.823480 4.935303 1.362930)
LRL 7.32 0 (0.534251 5.429206 1.360663)

# -2.356194 0.392699 1.200000
# best = 4 = RLR
LSL 10.67 0 (3.859521 1.634705 5.172558)
LSR inf 1 (inf inf inf)
RSL inf 1 (inf inf inf)
RSR 12.63 0 (4.545915 2.811273 5.271562)
RLR 6.70 0 (0.624971 4.724482 1.350618)
LRL 7.35 0 (0.296925 5.441179 1.609962)

# -2.356194 0.392699 1.600000
# best = 4 = RLR
LSL 10.74 0 (3.623811 1.708926 5.408267)
LSR inf 1 (inf inf inf)
RSL inf 1 (inf inf inf)
RSR 12.96 0 (4.472075 3.145646 5.345402)
RLR 6.20 0 (0.425505 4.473230 1.298832)
LRL 7.27 0 (0.040790 5.400328 1.825246)

# -2.356194 0.392699 2.000000
# best = 4 = RLR
LSL 10.90 0 (3.417970 1.867779 5.614108)
LSR inf 1 (inf inf inf)
RSL 7.40 0 (4.862860 1.204133 1.328568)
RSR 13.31 0 (4.412680 3.493840 5.404798)
RLR 5.57 0 (0.208823 4.158657 1.200941)
LRL 13.37 0 (6.073730 5.311520 1.986683)

# -2.356194 0.392699 2.400000
# best = 1 = LSR
LSL 11.12 0 (3.250226 2.092072 5.781852)
LSR 4.91 0 (3.533387 0.595825 0.784494)
RSL 7.67 0 (4.668533 1.862653 1.134241)
RSR 13.67 0 (4.364187 3.852110 5.453291)
RLR 10.91 0 (6.207756 3.687139 1.013675)
LRL 13.11 0 (5.841431 5.182409 2.089872)

# -2.356194 0.392699 2.800000
# best = 1 = LSR
LSL 11.40 0 (3.117885 2.363246 5.914193)
LSR 5.13 0 (3.204213 1.474947 0.455320)
RSL 7.98 0 (4.550378 2.410190 1.016085)
RSR 14.04 0 (4.324023 4.217889 5.493454)
RLR inf 1 (inf inf inf)
LRL 12.79 0 (5.627414 5.019057 2.140536)

# -2.356194 0.392699 3.200000
# best = 1 = LSR
LSL 11.70 0 (3.014192 2.667039 6.017886)
LSR 5.42 0 (3.047350 2.077481 0.298457)
RSL 8.31 0 (4.467692 2.910078 0.933399)
RSR 14.41 0 (4.290315 4.589381 5.527163)
RLR inf 1 (inf inf inf)
LRL 12.40 0 (5.425932 4.823480 2.146441)

# -2.356194 0.392699 3.600000
# best = 1 = LSR
LSL 12.03 0 (2.932387 2.993538 6.099691)
LSR 5.74 0 (2.945222 2.603150 0.196329)
RSL 8.66 0 (4.405663 3.383503 0.871370)
RSR 14.78 0 (4.261681 4.965305 5.555796)
RLR inf 1 (inf inf inf)
LRL 11.93 0 (5.228357 4.591940 2.112476)

# -2.356194 0.392699 4.000000
# best = 1 = LSR
LSL 12.37 0 (2.867014 3.336081 6.165064)
LSR 6.09 0 (2.871516 3.091416 0.122623)
RSL 9.02 0 (4.357052 3.840265 0.822760)
RSR 15.16 0 (4.237096 5.344725 5.580382)
RLR inf 1 (inf inf inf)
LRL 11.37 0 (5.022252 4.310476 2.037117)

# -2.356194 0.392699 4.400000
# best = 1 = LSR
LSL 12.72 0 (2.813996 3.690204 6.218083)
LSR 6.44 0 (2.815186 3.557712 0.066293)
RSL 9.39 0 (4.317769 4.285694 0.783477)
RSR 15.54 0 (4.215780 5.726946 5.601697)
RLR inf 1 (inf inf inf)
LRL 10.62 0 (4.780949 3.933906 1.901850)

# -2.356194 0.392699 4.800000
# best = 1 = LSR
LSL 13.08 0 (2.770361 4.052872 6.261718)
LSR 6.80 0 (2.770476 4.009710 0.021583)
RSL 9.76 0 (4.285280 4.722998 0.750988)
RSR 15.93 0 (4.197139 6.111444 5.620338)
RLR inf 1 (inf inf inf)
LRL inf 1 (inf inf inf)

# -2.356194 0.392699 5.200000
# best = 0 = LSL
LSL 7.17 0 (2.733950 4.421983 0.014943)
LSR 13.45 0 (2.734000 4.451768 6.268293)
RSL 10.14 0 (4.257917 5.154246 0.723625)
RSR 16.32 0 (4.180710 6.497813 5.636768)
RLR inf 1 (inf inf inf)
LRL inf 1 (inf inf inf)

# -2.356194 0.392699 5.600000
# best = 0 = LSL
LSL 7.54 0 (2.703184 4.796051 0.045709)
LSR 13.83 0 (2.703611 4.886583 6.237904)
RSL 10.52 0 (4.234529 5.580841 0.700236)
RSR 16.70 0 (4.166128 6.885740 5.651349)
RLR inf 1 (inf inf inf)
LRL inf 1 (inf inf inf)

# -2.356194 0.392699 6.000000
# best = 0 = LSL
LSL 7.92 0 (2.676890 5.174000 0.072003)
LSR 14.21 0 (2.677865 5.315934 6.212157)
RSL 10.90 0 (4.214291 6.003776 0.679999)
RSR 17.09 0 (4.153104 7.274974 5.664373)
RLR inf 1 (inf inf inf)
LRL inf 1 (inf inf inf)

# -2.356194 0.392699 6.400000
# best = 0 = LSL
LSL 8.30 0 (2.654190 5.555037 0.094703)
LSR 14.59 0 (2.655750 5.741047 6.190043)
RSL 11.28 0 (4.196597 6.423773 0.662304)
RSR 17.48 0 (4.141405 7.665316 5.676072)
RLR inf 1 (inf inf inf)
LRL inf 1 (inf inf inf)

# -2.356194 0.392699 6.800000
# best = 0 = LSL
LSL 8.69 0 (2.634412 5.938570 0.114481)
LSR 14.97 0 (2.636536 6.162798 6.170828)
RSL 11.67 0 (4.180987 6.841374 0.646695)
RSR 17.87 0 (4.130841 8.056607 5.686637)
RLR inf 1 (inf inf inf)
LRL inf 1 (inf inf inf)

# -2.356194 0.392699 7.200000
# best = 0 = LSL
LSL 9.07 0 (2.617040 6.324142 0.131853)
LSR 15.36 0 (2.619677 6.581834 6.153969)
RSL 12.06 0 (4.167110 7.256993 0.632818)
RSR 18.27 0 (4.121256 8.448712 5.696221)
RLR inf 1 (inf inf inf)
LRL inf 1 (inf inf inf)

# -2.356194 0.392699 7.600000
# best = 0 = LSL
LSL 9.46 0 (2.601669 6.711404 0.147224)
LSR 15.74 0 (2.604759 6.998643 6.139051)
RSL 12.45 0 (4.154689 7.670951 0.620397)
RSR 18.66 0 (4.112523 8.841526 5.704955)
RLR inf 1 (inf inf inf)
LRL inf 1 (inf inf inf)

# -2.356194 0.392699 8.000000
# best = 0 = LSL
LSL 9.85 0 (2.587978 7.100078 0.160915)
LSR 16.13 0 (2.591461 7.413600 6.125754)
RSL 12.84 0 (4.143503 8.083503 0.609211)
RSR 19.05 0 (4.104533 9.234956 5.712945)
RLR inf 1 (inf inf inf)
LRL inf 1 (inf inf inf)

# -1.963495 0.392699 0.400000
# best = 5 = LRL
LSL 10.23 0 (4.140880 1.590271 4.498499)
LSR inf 1 (inf inf inf)
RSL inf 1 (inf inf inf)
RSR 12.36 0 (4.973108 2.149294 5.237069)
RLR 7.94 0 (1.264255 5.148665 1.528216)
LRL 7.00 0 (0.590423 5.465456 0.948042)

# -1.963495 0.392699 0.800000
# best = 5 = LRL
LSL 10.04 0 (3.904155 1.401325 4.735224)
LSR inf 1 (inf inf inf)
RSL inf 1 (inf inf inf)
RSR 12.69 0 (4.874855 2.478853 5.335321)
RLR 7.54 0 (1.064885 4.946431 1.525351)
LRL 7.21 0 (0.404638 5.567336 1.235707)

# -1.963495 0.392699 1.200000
# best = 4 = RLR
LSL 9.95 0 (3.615671 1.310901 5.023708)
LSR inf 1 (inf inf inf)
RSL inf 1 (inf inf inf)
RSR 13.04 0 (4.800198 2.826652 5.409978)
RLR 7.07 0 (0.873835 4.713643 1.483615)
LRL 7.30 0 (0.140184 5.615396 1.548221)

# -1.963495 0.392699 1.600000
# best = 4 = RLR
LSL 9.98 0 (3.313370 1.339108 5.326009)
LSR inf 1 (inf inf inf)
RSL 7.42 0 (5.204863 0.936811 1.277872)
RSR 13.40 0 (4.742146 3.186725 5.468030)
RLR 6.52 0 (0.678770 4.439617 1.404654)
LRL 13.56 0 (6.113594 5.600448 1.843048)

# -1.963495 0.392699 2.000000
# best = 4 = RLR
LSL 10.12 0 (3.046360 1.479176 5.593019)
LSR inf 1 (inf inf inf)
RSL 7.71 0 (4.988333 1.658485 1.061342)
RSR 13.77 0 (4.696002 3.555343 5.514175)
RLR 5.83 0 (0.459611 4.093589 1.277784)
LRL 13.41 0 (5.809165 5.525611 2.072639)

# -1.963495 0.392699 2.400000
# best = 4 = RLR
LSL 10.34 0 (2.837463 1.703734 5.801916)
LSR inf 1 (inf inf inf)
RSL 8.04 0 (4.870271 2.223405 0.943279)
RSR 14.14 0 (4.658590 3.930104 5.551586)
RLR 4.68 0 (0.133419 3.516028 1.026415)
LRL 13.16 0 (5.539062 5.403198 2.220330)

# -1.963495 0.392699 2.800000
# best = 1 = LSR
LSL 10.62 0 (2.682251 1.984303 5.957128)
LSR 4.36 0 (2.765674 1.181138 0.409480)
RSL 8.39 0 (4.791266 2.730657 0.864274)
RSR 14.52 0 (4.627727 4.309404 5.582449)
RLR inf 1 (inf inf inf)
LRL 12.85 0 (5.304770 5.245038 2.296462)

# -1.963495 0.392699 3.200000
# best = 1 = LSR
LSL 10.94 0 (2.567511 2.300480 6.071869)
LSR 4.66 0 (2.591463 1.833611 0.235269)
RSL 8.75 0 (4.733546 3.207716 0.806554)
RSR 14.90 0 (4.601878 4.692144 5.608299)
RLR inf 1 (inf inf inf)
LRL 12.47 0 (5.096352 5.057684 2.317525)

# -1.963495 0.392699 3.600000
# best = 1 = LSR
LSL 11.28 0 (2.481334 2.639500 6.158045)
LSR 5.00 0 (2.487896 2.376799 0.131702)
RSL 9.12 0 (4.689119 3.666388 0.762128)
RSR 15.29 0 (4.579940 5.077545 5.630237)
RLR inf 1 (inf inf inf)
LRL 12.04 0 (4.902275 4.841881 2.295800)

# -1.963495 0.392699 4.000000
# best = 1 = LSR
LSL 11.63 0 (2.415145 2.993611 6.224235)
LSR 5.35 0 (2.416353 2.873363 0.060159)
RSL 9.49 0 (4.653689 4.112828 0.726698)
RSR 15.68 0 (4.561105 5.465045 5.649072)
RLR inf 1 (inf inf inf)
LRL 11.54 0 (4.711087 4.591884 2.236991)

# -1.963495 0.392699 4.400000
# best = 1 = LSR
LSL 12.00 0 (2.363133 3.358044 6.276247)
LSR 5.71 0 (2.363147 3.344138 0.006953)
RSL 9.87 0 (4.624685 4.550639 0.697693)
RSR 16.06 0 (4.544769 5.854226 5.665408)
RLR inf 1 (inf inf inf)
LRL 10.94 0 (4.508343 4.290420 2.138272)

# -1.963495 0.392699 4.800000
# best = 0 = LSL
LSL 6.09 0 (2.321393 3.729773 0.034801)
LSR 12.37 0 (2.321712 3.798724 6.248703)
RSL 10.26 0 (4.600455 4.982095 0.673464)
RSR 16.45 0 (4.530473 6.244775 5.679704)
RLR inf 1 (inf inf inf)
LRL 10.12 0 (4.261869 3.880951 1.975277)

# -1.963495 0.392699 5.200000
# best = 0 = LSL
LSL 6.46 0 (2.287267 4.106818 0.068927)
LSR 12.75 0 (2.288386 4.242328 6.215377)
RSL 10.64 0 (4.579883 5.408718 0.652892)
RSR 16.85 0 (4.517862 6.636450 5.692315)
RLR inf 1 (inf inf inf)
LRL inf 1 (inf inf inf)

# -1.963495 0.392699 5.600000
# best = 0 = LSL
LSL 6.84 0 (2.258907 4.487840 0.097287)
LSR 13.13 0 (2.260928 4.678075 6.187919)
RSL 11.03 0 (4.562182 5.831568 0.635191)
RSR 17.24 0 (4.506658 7.029062 5.703519)
RLR inf 1 (inf inf inf)
LRL inf 1 (inf inf inf)

# -1.963495 0.392699 6.000000
# best = 0 = LSL
LSL 7.23 0 (2.235002 4.871905 0.121192)
LSR 13.51 0 (2.237872 5.107977 6.164863)
RSL 11.42 0 (4.546779 6.251411 0.619788)
RSR 17.63 0 (4.496640 7.422464 5.713536)
RLR inf 1 (inf inf inf)
LRL inf 1 (inf inf inf)

# -1.963495 0.392699 6.400000
# best = 0 = LSL
LSL 7.61 0 (2.214600 5.258346 0.141594)
LSR 13.90 0 (2.218214 5.533396 6.145206)
RSL 11.81 0 (4.533247 6.668816 0.606256)
RSR 18.03 0 (4.487632 7.816535 5.722544)
RLR inf 1 (inf inf inf)
LRL inf 1 (inf inf inf)

# -1.963495 0.392699 6.800000
# best = 0 = LSL
LSL 8.00 0 (2.196997 5.646676 0.159197)
LSR 14.28 0 (2.201241 5.955293 6.128232)
RSL 12.20 0 (4.521260 7.084212 0.594268)
RSR 18.42 0 (4.479490 8.211180 5.730687)
RLR inf 1 (inf inf inf)
LRL inf 1 (inf inf inf)

# -1.963495 0.392699 7.200000
# best = 0 = LSL
LSL 8.39 0 (2.181664 6.036531 0.174530)
LSR 14.67 0 (2.186427 6.374367 6.113419)
RSL 12.59 0 (4.510564 7.497934 0.583572)
RSR 18.82 0 (4.472094 8.606319 5.738083)
RLR inf 1 (inf inf inf)
LRL inf 1 (inf inf inf)

# -1.963495 0.392699 7.600000
# best = 0 = LSL
LSL 8.78 0 (2.168194 6.427632 0.188000)
LSR 15.06 0 (2.173379 6.791142 6.100371)
RSL 12.99 0 (4.500958 7.910245 0.573967)
RSR 19.21 0 (4.465348 9.001887 5.744829)
RLR inf 1 (inf inf inf)
LRL inf 1 (inf inf inf)

# -1.963495 0.392699 8.000000
# best = 0 = LSL
LSL 9.18 0 (2.156271 6.819766 0.199923)
LSR 15.46 0 (2.161795 7.206015 6.088787)
RSL 13.38 0 (4.492283 8.321354 0.565292)
RSR 19.61 0 (4.459170 9.397831 5.751006)
RLR inf 1 (inf inf inf)
LRL inf 1 (inf inf inf)

# -1.570796 0.392699 0.400000
# best = 5 = LRL
LSL 9.60 0 (3.957824 1.348784 4.288857)
LSR inf 1 (inf inf inf)
RSL inf 1 (inf inf inf)
RSR 12.61 0 (5.190532 2.007863 5.412344)
RLR 8.50 0 (1.523069 5.231445 1.744881)
LRL 6.87 0 (0.472294 5.595311 0.803327)

# -1.570796 0.392699 0.800000
# best = 5 = LRL
LSL 9.34 0 (3.704274 1.092279 4.542406)
LSR inf 1 (inf inf inf)
RSL inf 1 (inf inf inf)
RSR 12.97 0 (5.112799 2.370160 5.490076)
RLR 8.07 0 (1.336998 5.014768 1.714275)
LRL 7.14 0 (0.286099 5.730020 1.124231)

# -1.570796 0.392699 1.200000
# best = 2 = RSL
LSL 9.19 0 (3.336809 0.941768 4.909871)
LSR inf 1 (inf inf inf)
RSL 7.31 0 (5.617766 0.395214 1.298076)
RSR 13.35 0 (5.055926 2.742956 5.546950)
RLR 7.58 0 (1.158715 4.771948 1.649739)
LRL 13.58 0 (6.240729 5.807839 1.530605)

# -1.570796 0.392699 1.600000
# best = 4 = RLR
LSL 9.20 0 (2.910570 0.949094 5.336110)
LSR inf 1 (inf inf inf)
RSL 7.61 0 (5.301398 1.330431 0.981708)
RSR 13.73 0 (5.012765 3.122491 5.590111)
RLR 7.02 0 (0.975510 4.491862 1.552856)
LRL 13.57 0 (5.812605 5.804069 1.954959)

# -1.570796 0.392699 2.000000
# best = 4 = RLR
LSL 9.36 0 (2.552543 1.111140 5.694137)
LSR inf 1 (inf inf inf)
RSL 7.96 0 (5.177676 1.924552 0.857986)
RSR 14.11 0 (4.979007 3.506579 5.623869)
RLR 6.33 0 (0.768570 4.145497 1.413432)
LRL 13.40 0 (5.412648 5.720210 2.271056)

# -1.570796 0.392699 2.400000
# best = 1 = LSR
LSL 9.62 0 (2.308097 1.374222 5.938583)
LSR 3.36 0 (2.574921 0.177522 0.611426)
RSL 8.32 0 (5.101712 2.440851 0.782021)
RSR 14.50 0 (4.951939 3.893873 5.650937)
RLR 5.24 0 (0.470417 3.603328 1.169416)
LRL 13.13 0 (5.098990 5.581785 2.446290)

# -1.570796 0.392699 2.800000
# best = 1 = LSR
LSL 9.94 0 (2.148471 1.691845 6.098209)
LSR 3.66 0 (2.174757 1.271873 0.211262)
RSL 8.70 0 (5.048748 2.920891 0.729058)
RSR 14.89 0 (4.929781 4.283502 5.673095)
RLR inf 1 (inf inf inf)
LRL 12.78 0 (4.853353 5.409764 2.519906)

# -1.570796 0.392699 3.200000
# best = 1 = LSR
LSL 10.29 0 (2.041122 2.038674 6.205559)
LSR 4.00 0 (2.044325 1.877181 0.080830)
RSL 9.08 0 (5.009218 3.380157 0.689527)
RSR 15.28 0 (4.911325 4.674884 5.691551)
RLR inf 1 (inf inf inf)
LRL 12.39 0 (4.647915 5.213586 2.529167)

# -1.570796 0.392699 3.600000
# best = 1 = LSR
LSL 10.65 0 (1.965586 2.402092 6.281094)
LSR 4.37 0 (1.965588 2.397906 0.002093)
RSL 9.46 0 (4.978386 3.826136 0.658696)
RSR 15.67 0 (4.895725 5.067611 5.707150)
RLR inf 1 (inf inf inf)
LRL 11.95 0 (4.463024 4.994875 2.495347)

# -1.570796 0.392699 4.000000
# best = 0 = LSL
LSL 4.74 0 (1.910130 2.775590 0.053365)
LSR 11.02 0 (1.911118 2.880295 6.230808)
RSL 9.85 0 (4.953574 4.263000 0.633884)
RSR 16.06 0 (4.882372 5.461395 5.720503)
RLR inf 1 (inf inf inf)
LRL 11.46 0 (4.284835 4.749410 2.428070)

# -1.570796 0.392699 4.400000
# best = 0 = LSL
LSL 5.12 0 (1.867924 3.155591 0.095571)
LSR 11.40 0 (1.870654 3.340995 6.190344)
RSL 10.24 0 (4.933127 4.693295 0.613436)
RSR 16.46 0 (4.870817 5.856021 5.732059)
RLR inf 1 (inf inf inf)
LRL 10.89 0 (4.100504 4.465159 2.328150)

# -1.570796 0.392699 4.800000
# best = 0 = LSL
LSL 5.50 0 (1.834836 3.540001 0.128659)
LSR 11.79 0 (1.839195 3.787927 6.158885)
RSL 10.63 0 (4.915958 5.118679 0.596268)
RSR 16.85 0 (4.860722 6.251330 5.742154)
RLR inf 1 (inf inf inf)
LRL 10.18 0 (3.889934 4.110196 2.183757)

# -1.570796 0.392699 5.200000
# best = 0 = LSL
LSL 5.89 0 (1.808253 3.927526 0.155242)
LSR 12.17 0 (1.813938 4.225463 6.133628)
RSL 11.02 0 (4.901323 5.540282 0.581633)
RSR 17.25 0 (4.851828 6.647200 5.751047)
RLR inf 1 (inf inf inf)
LRL 9.01 0 (3.569698 3.522891 1.916687)

# -1.570796 0.392699 5.600000
# best = 0 = LSL
LSL 6.28 0 (1.786457 4.317327 0.177038)
LSR 12.56 0 (1.793161 4.656253 6.112852)
RSL 11.42 0 (4.888689 5.958908 0.568999)
RSR 17.65 0 (4.843935 7.043537 5.758940)
RLR inf 1 (inf inf inf)
LRL inf 1 (inf inf inf)

# -1.570796 0.392699 6.000000
# best = 0 = LSL
LSL 6.67 0 (1.768278 4.708839 0.195217)
LSR 12.95 0 (1.775742 5.082011 6.095433)
RSL 11.81 0 (4.877665 6.375142 0.557975)
RSR 18.04 0 (4.836884 7.440267 5.765992)
RLR inf 1 (inf inf inf)
LRL inf 1 (inf inf inf)

# -1.570796 0.392699 6.400000
# best = 0 = LSL
LSL 7.07 0 (1.752894 5.101668 0.210601)
LSR 13.35 0 (1.760911 5.503906 6.080602)
RSL 12.21 0 (4.867958 6.789425 0.548268)
RSR 18.44 0 (4.830546 7.837328 5.772330)
RLR inf 1 (inf inf inf)
LRL inf 1 (inf inf inf)

# -1.570796 0.392699 6.800000
# best = 0 = LSL
LSL 7.46 0 (1.739713 5.495532 0.223782)
LSR 13.74 0 (1.748121 5.922764 6.067811)
RSL 12.60 0 (4.859342 7.202093 0.539652)
RSR 18.84 0 (4.824820 8.234674 5.778056)
RLR inf 1 (inf inf inf)
LRL inf 1 (inf inf inf)

# -1.570796 0.392699 7.200000
# best = 0 = LSL
LSL 7.85 0 (1.728296 5.890223 0.235199)
LSR 14.13 0 (1.736971 6.339186 6.056661)
RSL 13.00 0 (4.851641 7.613409 0.531951)
RSR 19.24 0 (4.819621 8.632265 5.783255)
RLR inf 1 (inf inf inf)
LRL inf 1 (inf inf inf)

# -1.570796 0.392699 7.600000
# best = 0 = LSL
LSL 8.25 0 (1.718314 6.285585 0.245181)
LSR 14.53 0 (1.727159 6.753623 6.046850)
RSL 13.39 0 (4.844716 8.023581 0.525025)
RSR 19.63 0 (4.814880 9.030069 5.787996)
RLR inf 1 (inf inf inf)
LRL inf 1 (inf inf inf)

# -1.570796 0.392699 8.000000
# best = 0 = LSL
LSL 8.64 0 (1.709515 6.681499 0.253980)
LSR 14.92 0 (1.718457 7.166419 6.038147)
RSL 13.79 0 (4.838453 8.432775 0.518762)
RSR 20.03 0 (4.810539 9.428059 5.792336)
RLR inf 1 (inf inf inf)
LRL inf 1 (inf inf inf)

# -1.178097 0.392699 0.400000
# best = 5 = LRL
LSL 8.91 0 (3.781497 1.055817 4.072484)
LSR inf 1 (inf inf inf)
RSL inf 1 (inf inf inf)
RSR 12.79 0 (5.412182 1.790321 5.583392)
RLR 9.14 0 (1.806532 5.355070 1.977742)
LRL 6.79 0 (0.372785 5.748946 0.663772)

# -1.178097 0.392699 0.800000
# best = 5 = LRL
LSL 8.60 0 (3.501249 0.741282 4.352732)
LSR inf 1 (inf inf inf)
RSL inf 1 (inf inf inf)
RSR 13.17 0 (5.356559 2.174971 5.639015)
RLR 8.70 0 (1.640076 5.133405 1.922532)
LRL 7.11 0 (0.173258 5.910389 1.024742)

# -1.178097 0.392699 1.200000
# best = 2 = RSL
LSL 8.41 0 (2.943309 0.551587 4.910673)
LSR inf 1 (inf inf inf)
RSL 7.40 0 (5.626220 0.859576 0.913830)
RSR 13.56 0 (5.317736 2.564323 5.677839)
RLR 8.21 0 (1.480237 4.891374 1.840341)
LRL 13.58 0 (5.946564 6.006510 1.630742)

# -1.178097 0.392699 1.600000
# best = 4 = RLR
LSL 8.47 0 (2.252057 0.615628 5.601924)
LSR inf 1 (inf inf inf)
RSL 7.76 0 (5.480070 1.513879 0.767680)
RSR 13.95 0 (5.289178 2.956518 5.706397)
RLR 7.67 0 (1.315808 4.619631 1.733027)
LRL 13.52 0 (5.239129 5.974143 2.305810)

# -1.178097 0.392699 2.000000
# best = 4 = RLR
LSL 8.73 0 (1.840806 0.879630 6.013176)
LSR inf 1 (inf inf inf)
RSL 8.14 0 (5.405489 2.040780 0.693100)
RSR 14.35 0 (5.267323 3.350560 5.728252)
RLR 7.02 0 (1.132782 4.297289 1.593711)
LRL 13.25 0 (4.760679 5.839746 2.649864)

# -1.178097 0.392699 2.400000
# best = 1 = LSR
LSL 9.07 0 (1.637696 1.220040 6.216285)
LSR 2.79 0 (1.641830 1.078081 0.071034)
RSL 8.52 0 (5.357620 2.521456 0.645231)
RSR 14.74 0 (5.250074 3.745864 5.745501)
RLR 6.15 0 (0.896065 3.858354 1.391492)
LRL 12.90 0 (4.469340 5.663287 2.764744)

# -1.178097 0.392699 2.800000
# best = 0 = LSL
LSL 3.16 0 (1.525760 1.588473 0.045036)
LSR 9.44 0 (1.526969 1.676097 6.239359)
RSL 8.91 0 (5.323671 2.978372 0.611282)
RSR 15.14 0 (5.236121 4.142071 5.759453)
RLR inf 1 (inf inf inf)
LRL 12.50 0 (4.258978 5.466436 2.778253)

# -1.178097 0.392699 3.200000
# best = 0 = LSL
LSL 3.54 0 (1.456501 1.969263 0.114295)
LSR 9.82 0 (1.462456 2.185485 6.174845)
RSL 9.30 0 (5.298123 3.421061 0.585734)
RSR 15.53 0 (5.224607 4.538943 5.770968)
RLR inf 1 (inf inf inf)
LRL 12.08 0 (4.083345 5.253689 2.741139)

# -1.178097 0.392699 3.600000
# best = 0 = LSL
LSL 3.93 0 (1.409834 2.356427 0.160962)
LSR 10.21 0 (1.419526 2.657704 6.131915)
RSL 9.70 0 (5.278109 3.854428 0.565720)
RSR 15.93 0 (5.214945 4.936320 5.780630)
RLR inf 1 (inf inf inf)
LRL 11.62 0 (3.921473 5.023280 2.672602)

# -1.178097 0.392699 4.000000
# best = 0 = LSL
LSL 4.32 0 (1.376388 2.747271 0.194408)
LSR 10.60 0 (1.388457 3.109732 6.100846)
RSL 10.09 0 (5.261963 4.281305 0.549574)
RSR 16.33 0 (5.206723 5.334089 5.788852)
RLR inf 1 (inf inf inf)
LRL 11.11 0 (3.760879 4.768982 2.578899)

# -1.178097 0.392699 4.400000
# best = 0 = LSL
LSL 4.71 0 (1.351294 3.140421 0.219502)
LSR 10.99 0 (1.364764 3.549292 6.077153)
RSL 10.49 0 (5.248638 4.703459 0.536249)
RSR 16.73 0 (5.199643 5.732168 5.795932)
RLR inf 1 (inf inf inf)
LRL 10.53 0 (3.590020 4.477453 2.458229)

# -1.178097 0.392699 4.800000
# best = 0 = LSL
LSL 5.11 0 (1.331793 3.535109 0.239003)
LSR 11.38 0 (1.346025 3.980517 6.058414)
RSL 10.88 0 (5.237442 5.122058 0.525053)
RSR 17.13 0 (5.193483 6.130498 5.802092)
RLR inf 1 (inf inf inf)
LRL 9.80 0 (3.389511 4.115437 2.296721)

# -1.178097 0.392699 5.200000
# best = 0 = LSL
LSL 5.50 0 (1.316214 3.930871 0.254582)
LSR 11.78 0 (1.330797 4.405855 6.043187)
RSL 11.28 0 (5.227893 5.537909 0.515504)
RSR 17.52 0 (5.188074 6.529032 5.807500)
RLR inf 1 (inf inf inf)
LRL 8.60 0 (3.073195 3.513961 2.011562)

# -1.178097 0.392699 5.600000
# best = 0 = LSL
LSL 5.90 0 (1.303488 4.327412 0.267308)
LSR 12.18 0 (1.318159 4.826863 6.030548)
RSL 11.68 0 (5.219649 5.951588 0.507260)
RSR 17.92 0 (5.183288 6.927734 5.812286)
RLR inf 1 (inf inf inf)
LRL inf 1 (inf inf inf)

# -1.178097 0.392699 6.000000
# best = 0 = LSL
LSL 6.30 0 (1.292899 4.724537 0.277897)
LSR 12.57 0 (1.307490 5.244583 6.019879)
RSL 12.08 0 (5.212455 6.363517 0.500066)
RSR 18.32 0 (5.179023 7.326579 5.816551)
RLR inf 1 (inf inf inf)
LRL inf 1 (inf inf inf)

# -1.178097 0.392699 6.400000
# best = 0 = LSL
LSL 6.69 0 (1.283953 5.122109 0.286843)
LSR 12.97 0 (1.298355 5.659743 6.010745)
RSL 12.47 0 (5.206122 6.774017 0.493732)
RSR 18.72 0 (5.175199 7.725542 5.820376)
RLR inf 1 (inf inf inf)
LRL inf 1 (inf inf inf)

# -1.178097 0.392699 6.800000
# best = 0 = LSL
LSL 7.09 0 (1.276297 5.520031 0.294499)
LSR 13.37 0 (1.290443 6.072869 6.002832)
RSL 12.87 0 (5.200501 7.183333 0.488111)
RSR 19.12 0 (5.171750 8.124608 5.823825)
RLR inf 1 (inf inf inf)
LRL inf 1 (inf inf inf)

# -1.178097 0.392699 7.200000
# best = 0 = LSL
LSL 7.49 0 (1.269670 5.918234 0.301126)
LSR 13.76 0 (1.283520 6.484349 5.995909)
RSL 13.27 0 (5.195478 7.591655 0.483089)
RSR 19.52 0 (5.168624 8.523761 5.826951)
RLR inf 1 (inf inf inf)
LRL inf 1 (inf inf inf)

# -1.178097 0.392699 7.600000
# best = 0 = LSL
LSL 7.89 0 (1.263880 6.316664 0.306916)
LSR 14.16 0 (1.277409 6.894478 5.989799)
RSL 13.67 0 (5.190961 7.999136 0.478572)
RSR 19.92 0 (5.165777 8.922990 5.829797)
RLR inf 1 (inf inf inf)
LRL inf 1 (inf inf inf)

# -1.178097 0.392699 8.000000
# best = 0 = LSL
LSL 8.29 0 (1.258776 6.715281 0.312020)
LSR 14.56 0 (1.271975 7.303483 5.984364)
RSL 14.07 0 (5.186878 8.405899 0.474489)
RSR 20.32 0 (5.163175 9.322285 5.832400)
RLR inf 1 (inf inf inf)
LRL inf 1 (inf inf inf)

# -0.785398 0.392699 0.400000
# best = 5 = LRL
LSL 8.18 0 (3.622504 0.723050 3.838778)
LSR inf 1 (inf inf inf)
RSL inf 1 (inf inf inf)
RSR 12.89 0 (5.642279 1.505478 5.745995)
RLR 9.84 0 (2.114812 5.511436 2.218528)
LRL 6.73 0 (0.299150 5.919662 0.515424)

# -0.785398 0.392699 0.800000
# best = 5 = LRL
LSL 7.82 0 (3.284749 0.361896 4.176533)
LSR inf 1 (inf inf inf)
RSL inf 1 (inf inf inf)
RSR 13.29 0 (5.611995 1.902182 5.776278)
RLR 9.41 0 (1.974819 5.292017 2.139101)
LRL 7.10 0 (0.052559 6.101990 0.944343)

# -0.785398 0.392699 1.200000
# best = 2 = RSL
LSL 7.70 0 (1.885839 0.243180 5.575443)
LSR inf 1 (inf inf inf)
RSL 7.46 0 (5.789001 0.991959 0.683912)
RSR 13.69 0 (5.592175 2.300028 5.796098)
RLR 8.94 0 (1.837970 5.057960 2.041893)
LRL 13.50 0 (4.966599 6.161520 2.373018)

# -0.785398 0.392699 1.600000
# best = 1 = LSR
LSL 8.02 0 (1.187158 0.554351 6.274124)
LSR 1.73 0 (1.187311 0.535922 0.009214)
RSL 7.85 0 (5.710177 1.537375 0.605089)
RSR 14.09 0 (5.578204 2.698511 5.810069)
RLR 8.43 0 (1.696152 4.802265 1.928016)
LRL 13.19 0 (4.189716 6.005115 2.993496)

# -0.785398 0.392699 2.000000
# best = 0 = LSL
LSL 2.11 0 (1.019199 0.935667 0.158898)
LSR 8.40 0 (1.039653 1.211476 6.144741)
RSL 8.25 0 (5.667427 2.015703 0.562338)
RSR 14.49 0 (5.567830 3.097385 5.820443)
RLR 7.85 0 (1.540556 4.511823 1.793169)
LRL 12.80 0 (3.924688 5.810977 3.064386)

# -0.785398 0.392699 2.400000
# best = 0 = LSL
LSL 2.51 0 (0.949361 1.328021 0.228736)
LSR 8.79 0 (0.979089 1.722828 6.084178)
RSL 8.64 0 (5.639731 2.466293 0.534642)
RSR 14.88 0 (5.559824 3.496516 5.828450)
RLR 7.13 0 (1.354592 4.155906 1.623217)
LRL 12.39 0 (3.752525 5.606328 3.031899)

# -0.785398 0.392699 2.800000
# best = 0 = LSL
LSL 2.90 0 (0.911478 1.723893 0.266619)
LSR 9.18 0 (0.943313 2.188286 6.048401)
RSL 9.04 0 (5.620098 2.902092 0.515010)
RSR 15.28 0 (5.553458 3.895826 5.834815)
RLR 6.02 0 (1.069794 3.599042 1.351151)
LRL 11.96 0 (3.607499 5.392043 2.962641)

# -0.785398 0.392699 3.200000
# best = 0 = LSL
LSL 3.30 0 (0.887765 2.121315 0.290332)
LSR 9.58 0 (0.919193 2.632310 6.024281)
RSL 9.43 0 (5.605372 3.328915 0.500284)
RSR 15.68 0 (5.548277 4.295264 5.839997)
RLR inf 1 (inf inf inf)
LRL 11.51 0 (3.470369 5.165209 2.872937)

# -0.785398 0.392699 3.600000
# best = 0 = LSL
LSL 3.70 0 (0.871541 2.519552 0.306556)
LSR 9.97 0 (0.901678 3.064232 6.006767)
RSL 9.83 0 (5.593883 3.749829 0.488794)
RSR 16.08 0 (5.543977 4.694797 5.844297)
RLR inf 1 (inf inf inf)
LRL 11.02 0 (3.331724 4.920367 2.766740)

# -0.785398 0.392699 4.000000
# best = 0 = LSL
LSL 4.10 0 (0.859748 2.918272 0.318349)
LSR 10.37 0 (0.888324 3.488550 5.993412)
RSL 10.23 0 (5.584651 4.166624 0.479563)
RSR 16.48 0 (5.540351 5.094404 5.847922)
RLR inf 1 (inf inf inf)
LRL 10.47 0 (3.183650 4.647805 2.642252)

# -0.785398 0.392699 4.400000
# best = 0 = LSL
LSL 4.50 0 (0.850791 3.317300 0.327306)
LSR 10.77 0 (0.877778 3.907741 5.982867)
RSL 10.63 0 (5.577062 4.580425 0.471974)
RSR 16.88 0 (5.537253 5.494068 5.851020)
RLR inf 1 (inf inf inf)
LRL 9.83 0 (3.014485 4.327388 2.491000)

# -0.785398 0.392699 4.800000
# best = 0 = LSL
LSL 4.89 0 (0.843758 3.716537 0.334339)
LSR 11.17 0 (0.869226 4.323298 5.974315)
RSL 11.03 0 (5.570709 4.991977 0.465620)
RSR 17.28 0 (5.534576 5.893778 5.853698)
RLR inf 1 (inf inf inf)
LRL 8.98 0 (2.793286 3.899056 2.283867)

# -0.785398 0.392699 5.200000
# best = 0 = LSL
LSL 5.29 0 (0.838089 4.115922 0.340008)
LSR 11.57 0 (0.862144 4.736176 5.967232)
RSL 11.43 0 (5.565308 5.401793 0.460220)
RSR 17.68 0 (5.532238 6.293524 5.856036)
RLR inf 1 (inf inf inf)
LRL inf 1 (inf inf inf)

# -0.785398 0.392699 5.600000
# best = 0 = LSL
LSL 5.69 0 (0.833424 4.515416 0.344673)
LSR 11.96 0 (0.856179 5.147021 5.961267)
RSL 11.83 0 (5.560659 5.810242 0.455571)
RSR 18.08 0 (5.530179 6.693301 5.858094)
RLR inf 1 (inf inf inf)
LRL inf 1 (inf inf inf)

# -0.785398 0.392699 6.000000
# best = 0 = LSL
LSL 6.09 0 (0.829517 4.914993 0.348580)
LSR 12.36 0 (0.851083 5.556284 5.956171)
RSL 12.23 0 (5.556615 6.217592 0.451526)
RSR 18.48 0 (5.528353 7.093103 5.859920)
RLR inf 1 (inf inf inf)
LRL inf 1 (inf inf inf)

# -0.785398 0.392699 6.400000
# best = 0 = LSL
LSL 6.49 0 (0.826197 5.314633 0.351900)
LSR 12.76 0 (0.846677 5.964289 5.951766)
RSL 12.63 0 (5.553062 6.624046 0.447974)
RSR 18.88 0 (5.526722 7.492926 5.861552)
RLR inf 1 (inf inf inf)
LRL inf 1 (inf inf inf)

# -0.785398 0.392699 6.800000
# best = 0 = LSL
LSL 6.89 0 (0.823342 5.714323 0.354755)
LSR 13.16 0 (0.842830 6.371280 5.947919)
RSL 13.02 0 (5.549917 7.029760 0.444829)
RSR 19.28 0 (5.525255 7.892767 5.863018)
RLR inf 1 (inf inf inf)
LRL inf 1 (inf inf inf)

# -0.785398 0.392699 7.200000
# best = 0 = LSL
LSL 7.29 0 (0.820860 6.114054 0.357237)
LSR 13.56 0 (0.839441 6.777438 5.944529)
RSL 13.42 0 (5.547113 7.434855 0.442025)
RSR 19.68 0 (5.523931 8.292624 5.864343)
RLR inf 1 (inf inf inf)
LRL inf 1 (inf inf inf)

# -0.785398 0.392699 7.600000
# best = 0 = LSL
LSL 7.69 0 (0.818683 6.513818 0.359414)
LSR 13.96 0 (0.836431 7.182906 5.941520)
RSL 13.82 0 (5.544596 7.839426 0.439508)
RSR 20.08 0 (5.522728 8.692493 5.865546)
RLR inf 1 (inf inf inf)
LRL inf 1 (inf inf inf)

# -0.785398 0.392699 8.000000
# best = 0 = LSL
LSL 8.09 0 (0.816758 6.913609 0.361339)
LSR 14.36 0 (0.833741 7.587792 5.938830)
RSL 14.22 0 (5.542325 8.243551 0.437237)
RSR 20.48 0 (5.521631 9.092374 5.866643)
RLR inf 1 (inf inf inf)
LRL inf 1 (inf inf inf)

# -0.392699 0.392699 0.400000
# best = 5 = LRL
LSL 7.43 0 (3.534292 0.365367 3.534292)
LSR inf 1 (inf inf inf)
RSL inf 1 (inf inf inf)
RSR 12.95 0 (5.890486 1.165367 5.890486)
RLR 10.60 0 (2.453265 5.691927 2.453265)
LRL 6.70 0 (0.301230 6.100247 0.301230)

# -0.392699 0.392699 0.800000
# best = 0 = LSL
LSL 0.82 0 (0.392699 0.034633 0.392699)
LSR 7.10 0 (0.685392 0.232839 6.183180)
RSL 7.10 0 (6.183180 0.232839 0.685392)
RSR 13.35 0 (5.890486 1.565367 5.890486)
RLR 10.17 0 (2.346805 5.479007 2.346805)
LRL 13.32 0 (3.525633 6.265868 3.525633)

# -0.392699 0.392699 1.200000
# best = 0 = LSL
LSL 1.22 0 (0.392699 0.434633 0.392699)
LSR 7.49 0 (0.535791 0.924237 6.033579)
RSL 7.49 0 (6.033579 0.924237 0.535791)
RSR 13.75 0 (5.890486 1.965367 5.890486)
RLR 9.73 0 (2.235264 5.255926 2.235264)
LRL 12.92 0 (3.425418 6.065439 3.425418)

# -0.392699 0.392699 1.600000
# best = 0 = LSL
LSL 1.62 0 (0.392699 0.834633 0.392699)
LSR 7.89 0 (0.493935 1.405067 5.991723)
RSL 7.89 0 (5.991723 1.405067 0.493935)
RSR 14.15 0 (5.890486 2.365367 5.890486)
RLR 9.25 0 (2.116172 5.017742 2.116172)
LRL 12.51 0 (3.324089 5.862780 3.324089)

# -0.392699 0.392699 2.000000
# best = 0 = LSL
LSL 2.02 0 (0.392699 1.234633 0.392699)
LSR 8.29 0 (0.471790 1.847759 5.969577)
RSL 8.29 0 (5.969577 1.847759 0.471790)
RSR 14.55 0 (5.890486 2.765367 5.890486)
RLR 8.73 0 (1.985549 4.756497 1.985549)
LRL 12.10 0 (3.220509 5.655621 3.220509)

# -0.392699 0.392699 2.400000
# best = 0 = LSL
LSL 2.42 0 (0.392699 1.634633 0.392699)
LSR 8.69 0 (0.457810 2.274690 5.955597)
RSL 8.69 0 (5.955597 2.274690 0.457810)
RSR 14.95 0 (5.890486 3.165367 5.890486)
RLR 8.13 0 (1.835893 4.457184 1.835893)
LRL 11.67 0 (3.113308 5.441218 3.113308)

# -0.392699 0.392699 2.800000
# best = 0 = LSL
LSL 2.82 0 (0.392699 2.034633 0.392699)
LSR 9.09 0 (0.448112 2.693365 5.945899)
RSL 9.09 0 (5.945899 2.693365 0.448112)
RSR 15.35 0 (5.890486 3.565367 5.890486)
RLR 7.38 0 (1.648597 4.082593 1.648597)
LRL 11.22 0 (3.000666 5.215934 3.000666)

# -0.392699 0.392699 3.200000
# best = 0 = LSL
LSL 3.22 0 (0.392699 2.434633 0.392699)
LSR 9.49 0 (0.440965 3.107123 5.938753)
RSL 9.49 0 (5.938753 3.107123 0.440965)
RSR 15.75 0 (5.890486 3.965367 5.890486)
RLR 6.02 0 (1.309785 3.404968 1.309785)
LRL 10.73 0 (2.879923 4.974448 2.879923)

# -0.392699 0.392699 3.600000
# best = 0 = LSL
LSL 3.62 0 (0.392699 2.834633 0.392699)
LSR 9.89 0 (0.435471 3.517700 5.933258)
RSL 9.89 0 (5.933258 3.517700 0.435471)
RSR 16.15 0 (5.890486 4.365367 5.890486)
RLR inf 1 (inf inf inf)
LRL 10.20 0 (2.746697 4.707996 2.746697)

# -0.392699 0.392699 4.000000
# best = 0 = LSL
LSL 4.02 0 (0.392699 3.234633 0.392699)
LSR 10.29 0 (0.431109 3.926094 5.928897)
RSL 10.29 0 (5.928897 3.926094 0.431109)
RSR 16.55 0 (5.890486 4.765367 5.890486)
RLR inf 1 (inf inf inf)
LRL 9.58 0 (2.592424 4.399450 2.592424)

# -0.392699 0.392699 4.400000
# best = 0 = LSL
LSL 4.42 0 (0.392699 3.634633 0.392699)
LSR 10.69 0 (0.427561 4.332922 5.925349)
RSL 10.69 0 (5.925349 4.332922 0.427561)
RSR 16.95 0 (5.890486 5.165367 5.890486)
RLR inf 1 (inf inf inf)
LRL 8.79 0 (2.394232 4.003066 2.394232)

# -0.392699 0.392699 4.800000
# best = 0 = LSL
LSL 4.82 0 (0.392699 4.034633 0.392699)
LSR 11.09 0 (0.424617 4.738588 5.922405)
RSL 11.09 0 (5.922405 4.738588 0.424617)
RSR 17.35 0 (5.890486 5.565367 5.890486)
RLR inf 1 (inf inf inf)
LRL inf 1 (inf inf inf)

# -0.392699 0.392699 5.200000
# best = 0 = LSL
LSL 5.22 0 (0.392699 4.434633 0.392699)
LSR 11.49 0 (0.422134 5.143366 5.919922)
RSL 11.49 0 (5.919922 5.143366 0.422134)
RSR 17.75 0 (5.890486 5.965367 5.890486)
RLR inf 1 (inf inf inf)
LRL inf 1 (inf inf inf)

# -0.392699 0.392699 5.600000
# best = 0 = LSL
LSL 5.62 0 (0.392699 4.834633 0.392699)
LSR 11.89 0 (0.420011 5.547451 5.917799)
RSL 11.89 0 (5.917799 5.547451 0.420011)
RSR 18.15 0 (5.890486 6.365367 5.890486)
RLR inf 1 (inf inf inf)
LRL inf 1 (inf inf inf)

# -0.392699 0.392699 6.000000
# best = 0 = LSL
LSL 6.02 0 (0.392699 5.234633 0.392699)
LSR 12.29 0 (0.418175 5.950984 5.915962)
RSL 12.29 0 (5.915962 5.950984 0.418175)
RSR 18.55 0 (5.890486 6.765367 5.890486)
RLR inf 1 (inf inf inf)
LRL inf 1 (inf inf inf)

# -0.392699 0.392699 6.400000
# best = 0 = LSL
LSL 6.42 0 (0.392699 5.634633 0.392699)
LSR 12.69 0 (0.416571 6.354071 5.914358)
RSL 12.69 0 (5.914358 6.354071 0.416571)
RSR 18.95 0 (5.890486 7.165367 5.890486)
RLR inf 1 (inf inf inf)
LRL inf 1 (inf inf inf)

# -0.392699 0.392699 6.800000
# best = 0 = LSL
LSL 6.82 0 (0.392699 6.034633 0.392699)
LSR 13.08 0 (0.415158 6.756790 5.912945)
RSL 13.08 0 (5.912945 6.756790 0.415158)
RSR 19.35 0 (5.890486 7.565367 5.890486)
RLR inf 1 (inf inf inf)
LRL inf 1 (inf inf inf)

# -0.392699 0.392699 7.200000
# best = 0 = LSL
LSL 7.22 0 (0.392699 6.434633 0.392699)
LSR 13.48 0 (0.413903 7.159205 5.911690)
RSL 13.48 0 (5.911690 7.159205 0.413903)
RSR 19.75 0 (5.890486 7.965367 5.890486)
RLR inf 1 (inf inf inf)
LRL inf 1 (inf inf inf)

# -0.392699 0.392699 7.600000
# best = 0 = LSL
LSL 7.62 0 (0.392699 6.834633 0.392699)
LSR 13.88 0 (0.412781 7.561363 5.910568)
RSL 13.88 0 (5.910568 7.561363 0.412781)
RSR 20.15 0 (5.890486 8.365367 5.890486)
RLR inf 1 (inf inf inf)
LRL inf 1 (inf inf inf)

# -0.392699 0.392699 8.000000
# best = 0 = LSL
LSL 8.02 0 (0.392699 7.234633 0.392699)
LSR 14.28 0 (0.411772 7.963304 5.909560)
RSL 14.28 0 (5.909560 7.963304 0.411772)
RSR 20.55 0 (5.890486 8.765367 5.890486)
RLR inf 1 (inf inf inf)
LRL inf 1 (inf inf inf)

# 0.000000 0.392699 0.400000
# best = 1 = LSR
LSL 6.75 0 (4.936072 0.078065 1.739812)
LSR 6.68 0 (0.113241 0.560273 6.003728)
RSL inf 1 (inf inf inf)
RSR 12.96 0 (6.186234 0.786376 5.987437)
RLR 11.38 0 (2.846759 5.887419 2.647962)
LRL 12.88 0 (1.774962 6.244150 4.861887)

# 0.000000 0.392699 0.800000
# best = 1 = LSR
LSL 7.10 0 (6.102764 0.424202 0.573120)
LSR 7.08 0 (0.068197 1.048834 5.958683)
RSL inf 1 (inf inf inf)
RSR 13.36 0 (6.218911 1.185130 5.954760)
RLR 10.97 0 (2.776521 5.681589 2.512369)
LRL 12.53 0 (2.854921 6.070685 3.608462)

# 0.000000 0.392699 1.200000
# best = 2 = RSL
LSL 7.50 0 (6.190319 0.820854 0.485566)
LSR 7.48 0 (0.049612 1.485328 5.940098)
RSL 1.21 0 (0.106732 0.607716 0.499431)
RSR 13.76 0 (6.235127 1.584513 5.938545)
RLR 10.54 0 (2.686238 5.468593 2.389656)
LRL 12.13 0 (2.842044 5.869822 3.420477)

# 0.000000 0.392699 1.600000
# best = 2 = RSL
LSL 7.90 0 (6.220735 1.219694 0.455149)
LSR 7.87 0 (0.039146 1.905871 5.929632)
RSL 1.61 0 (0.066023 1.087737 0.458722)
RSR 14.16 0 (6.244812 1.984144 5.928860)
RLR 10.10 0 (2.584191 5.245130 2.268240)
LRL 11.72 0 (2.769284 5.663469 3.286884)

# 0.000000 0.392699 2.000000
# best = 2 = RSL
LSL 8.29 0 (6.236154 1.619107 0.439730)
LSR 8.27 0 (0.032376 2.319158 5.922862)
RSL 2.01 0 (0.048483 1.522178 0.441182)
RSR 14.56 0 (6.251249 2.383899 5.922423)
RLR 9.62 0 (2.471177 5.006227 2.142351)
LRL 11.29 0 (2.677827 5.449716 3.164588)

# 0.000000 0.392699 2.400000
# best = 2 = RSL
LSL 8.69 0 (6.245470 2.018752 0.430415)
LSR 8.67 0 (0.027622 2.728487 5.918109)
RSL 2.41 0 (0.038448 1.941875 0.431147)
RSR 14.96 0 (6.255837 2.783724 5.917835)
RLR 9.09 0 (2.344529 4.743754 2.006526)
LRL 10.84 0 (2.574856 5.225144 3.042987)

# 0.000000 0.392699 2.800000
# best = 2 = RSL
LSL 9.09 0 (6.251706 2.418515 0.424178)
LSR 9.07 0 (0.024095 3.135408 5.914581)
RSL 2.81 0 (0.031900 2.354726 0.424599)
RSR 15.36 0 (6.259273 3.183594 5.914399)
RLR 8.49 0 (2.197190 4.442205 1.852316)
LRL 10.36 0 (2.460814 4.984586 2.916471)

# 0.000000 0.392699 3.200000
# best = 2 = RSL
LSL 9.49 0 (6.256173 2.818345 0.419711)
LSR 9.47 0 (0.021371 3.540753 5.911857)
RSL 3.21 0 (0.027276 2.763799 0.419975)
RSR 15.76 0 (6.261942 3.583492 5.911730)
RLR 7.73 0 (2.009957 4.062401 1.659745)
LRL 9.83 0 (2.332741 4.719506 2.779464)

# 0.000000 0.392699 3.600000
# best = 2 = RSL
LSL 9.89 0 (6.259530 3.218217 0.416354)
LSR 9.87 0 (0.019203 3.945007 5.909689)
RSL 3.61 0 (0.023832 3.170558 0.416531)
RSR 16.16 0 (6.264075 3.983411 5.909597)
RLR 6.25 0 (1.642792 3.323805 1.288314)
LRL 9.22 0 (2.183013 4.413336 2.623022)

# 0.000000 0.392699 4.000000
# best = 2 = RSL
LSL 10.29 0 (6.262145 3.618117 0.413739)
LSR 10.27 0 (0.017436 4.348474 5.907922)
RSL 4.01 0 (0.021164 3.575793 0.413863)
RSR 16.56 0 (6.265819 4.383344 5.907853)
RLR inf 1 (inf inf inf)
LRL 8.44 0 (1.990278 4.022636 2.425057)

# 0.000000 0.392699 4.400000
# best = 2 = RSL
LSL 10.69 0 (6.264239 4.018038 0.411645)
LSR 10.67 0 (0.015968 4.751355 5.906454)
RSL 4.41 0 (0.019036 3.979968 0.411735)
RSR 16.96 0 (6.267271 4.783289 5.906401)
RLR inf 1 (inf inf inf)
LRL inf 1 (inf inf inf)

# 0.000000 0.392699 4.800000
# best = 2 = RSL
LSL 11.09 0 (6.265955 4.417972 0.409930)
LSR 11.07 0 (0.014728 5.153787 5.905215)
RSL 4.81 0 (0.017298 4.383378 0.409997)
RSR 17.36 0 (6.268499 5.183242 5.905173)
RLR inf 1 (inf inf inf)
LRL inf 1 (inf inf inf)

# 0.000000 0.392699 5.200000
# best = 2 = RSL
LSL 11.49 0 (6.267385 4.817918 0.408499)
LSR 11.47 0 (0.013668 5.555868 5.904154)
RSL 5.21 0 (0.015852 4.786215 0.408551)
RSR 17.76 0 (6.269551 5.583202 5.904121)
RLR inf 1 (inf inf inf)
LRL inf 1 (inf inf inf)

# 0.000000 0.392699 5.600000
# best = 2 = RSL
LSL 11.89 0 (6.268596 5.217872 0.407288)
LSR 11.87 0 (0.012750 5.957668 5.903236)
RSL 5.61 0 (0.014630 5.188613 0.407329)
RSR 18.16 0 (6.270463 5.983168 5.903209)
RLR inf 1 (inf inf inf)
LRL inf 1 (inf inf inf)

# 0.000000 0.392699 6.000000
# best = 2 = RSL
LSL 12.29 0 (6.269635 5.617832 0.406249)
LSR 12.27 0 (0.011948 6.359242 5.902434)
RSL 6.01 0 (0.013583 5.590667 0.406282)
RSR 18.56 0 (6.271260 6.383137 5.902412)
RLR inf 1 (inf inf inf)
LRL inf 1 (inf inf inf)

# 0.000000 0.392699 6.400000
# best = 2 = RSL
LSL 12.69 0 (6.270536 6.017798 0.405349)
LSR 12.67 0 (0.011241 6.760629 5.901727)
RSL 6.41 0 (0.012676 5.992446 0.405375)
RSR 18.96 0 (6.271963 6.783110 5.901709)
RLR inf 1 (inf inf inf)
LRL inf 1 (inf inf inf)

# 0.000000 0.392699 6.800000
# best = 2 = RSL
LSL 13.09 0 (6.271324 6.417768 0.404560)
LSR 13.07 0 (0.010613 7.161861 5.901099)
RSL 6.81 0 (0.011883 6.394002 0.404582)
RSR 19.36 0 (6.272588 7.183087 5.901084)
RLR inf 1 (inf inf inf)
LRL inf 1 (inf inf inf)

# 0.000000 0.392699 7.200000
# best = 2 = RSL
LSL 13.49 0 (6.272020 6.817742 0.403864)
LSR 13.47 0 (0.010052 7.562962 5.900538)
RSL 7.21 0 (0.011184 6.795375 0.403883)
RSR 19.76 0 (6.273147 7.583065 5.900525)
RLR inf 1 (inf inf inf)
LRL inf 1 (inf inf inf)

# 0.000000 0.392699 7.600000
# best = 2 = RSL
LSL 13.89 0 (6.272639 7.217718 0.403246)
LSR 13.87 0 (0.009547 7.963953 5.900033)
RSL 7.61 0 (0.010562 7.196594 0.403261)
RSR 20.16 0 (6.273650 7.983046 5.900022)
RLR inf 1 (inf inf inf)
LRL inf 1 (inf inf inf)

# 0.000000 0.392699 8.000000
# best = 2 = RSL
LSL 14.29 0 (6.273193 7.617697 0.402692)
LSR 14.27 0 (0.009090 8.364849 5.899577)
RSL 8.01 0 (0.010006 7.597686 0.402705)
RSR 20.56 0 (6.274105 8.383029 5.899567)
RLR inf 1 (inf inf inf)
LRL inf 1 (inf inf inf)

# 0.392699 0.392699 0.400000
# best = 0 = LSL
LSL 6.68 0 (5.890486 0.400000 0.392699)
LSR 12.96 0 (6.039163 0.878802 6.039163)
RSL inf 1 (inf inf inf)
RSR 6.68 0 (0.392699 0.400000 5.890486)
RLR 12.17 0 (3.434124 6.082850 2.648726)
LRL 12.17 0 (2.648726 6.082850 3.434124)

# 0.392699 0.392699 0.800000
# best = 0 = LSL
LSL 7.08 0 (5.890486 0.800000 0.392699)
LSR 13.35 0 (5.994281 1.365499 5.994281)
RSL inf 1 (inf inf inf)
RSR 7.08 0 (0.392699 0.800000 5.890486)
RLR 11.76 0 (3.332934 5.880469 2.547536)
LRL 11.76 0 (2.547536 5.880469 3.332934)

# 0.392699 0.392699 1.200000
# best = 3 = RSR
LSL 7.48 0 (5.890486 1.200000 0.392699)
LSR 13.75 0 (5.971088 1.810215 5.971088)
RSL inf 1 (inf inf inf)
RSR 7.48 0 (0.392699 1.200000 5.890486)
RLR 11.35 0 (3.229599 5.673800 2.444201)
LRL 11.35 0 (2.444201 5.673800 3.229599)

# 0.392699 0.392699 1.600000
# best = 2 = RSL
LSL 7.88 0 (5.890486 1.600000 0.392699)
LSR 14.15 0 (5.956604 2.238118 5.956604)
RSL 1.64 0 (0.652025 0.332906 0.652025)
RSR 7.88 0 (0.392699 1.600000 5.890486)
RLR 10.92 0 (3.122775 5.460152 2.337377)
LRL 10.92 0 (2.337377 5.460152 3.122775)

# 0.392699 0.392699 2.000000
# best = 2 = RSL
LSL 8.28 0 (5.890486 2.000000 0.392699)
LSR 14.55 0 (5.946621 2.657342 5.946621)
RSL 2.03 0 (0.530666 0.968779 0.530666)
RSR 8.28 0 (0.392699 2.000000 5.890486)
RLR 10.47 0 (3.010693 5.235988 2.225295)
LRL 10.47 0 (2.225295 5.235988 3.010693)

# 0.392699 0.392699 2.400000
# best = 2 = RSL
LSL 8.68 0 (5.890486 2.400000 0.392699)
LSR 14.95 0 (5.939297 3.071443 5.939297)
RSL 2.43 0 (0.491508 1.444382 0.491508)
RSR 8.68 0 (0.392699 2.400000 5.890486)
RLR 9.99 0 (2.890791 4.996183 2.105393)
LRL 9.99 0 (2.105393 4.996183 2.890791)

# 0.392699 0.392699 2.800000
# best = 2 = RSL
LSL 9.08 0 (5.890486 2.800000 0.392699)
LSR 15.35 0 (5.933683 3.482248 5.933683)
RSL 2.83 0 (0.470337 1.885191 0.470337)
RSR 9.08 0 (0.392699 2.800000 5.890486)
RLR 9.46 0 (2.758894 4.732390 1.973496)
LRL 9.46 0 (1.973496 4.732390 2.758894)

# 0.392699 0.392699 3.200000
# best = 2 = RSL
LSL 9.48 0 (5.890486 3.200000 0.392699)
LSR 15.75 0 (5.929238 3.890803 5.929238)
RSL 3.22 0 (0.456835 2.311202 0.456835)
RSR 9.48 0 (0.392699 3.200000 5.890486)
RLR 8.86 0 (2.606996 4.428595 1.821598)
LRL 8.86 0 (1.821598 4.428595 2.606996)

# 0.392699 0.392699 3.600000
# best = 2 = RSL
LSL 9.88 0 (5.890486 3.600000 0.392699)
LSR 16.15 0 (5.925630 4.297748 5.925630)
RSL 3.62 0 (0.447409 2.729352 0.447409)
RSR 9.88 0 (0.392699 3.600000 5.890486)
RLR 8.09 0 (2.414522 4.043646 1.629124)
LRL 8.09 0 (1.629124 4.043646 2.414522)

# 0.392699 0.392699 4.000000
# best = 2 = RSL
LSL 10.28 0 (5.890486 4.000000 0.392699)
LSR 16.55 0 (5.922640 4.703502 5.922640)
RSL 4.02 0 (0.440434 3.142780 0.440434)
RSR 10.28 0 (0.392699 4.000000 5.890486)
RLR 6.28 0 (1.963495 3.141593 1.178097)
LRL 6.28 0 (1.178097 3.141593 1.963495)

# 0.392699 0.392699 4.400000
# best = 2 = RSL
LSL 10.68 0 (5.890486 4.400000 0.392699)
LSR 16.95 0 (5.920121 5.108349 5.920121)
RSL 4.42 0 (0.435054 3.553136 0.435054)
RSR 10.68 0 (0.392699 4.400000 5.890486)
RLR inf 1 (inf inf inf)
LRL inf 1 (inf inf inf)

# 0.392699 0.392699 4.800000
# best = 2 = RSL
LSL 11.08 0 (5.890486 4.800000 0.392699)
LSR 17.35 0 (5.917970 5.512488 5.917970)
RSL 4.82 0 (0.430774 3.961373 0.430774)
RSR 11.08 0 (0.392699 4.800000 5.890486)
RLR inf 1 (inf inf inf)
LRL inf 1 (inf inf inf)

# 0.392699 0.392699 5.200000
# best = 2 = RSL
LSL 11.48 0 (5.890486 5.200000 0.392699)
LSR 17.75 0 (5.916112 5.916064 5.916112)
RSL 5.22 0 (0.427285 4.368087 0.427285)
RSR 11.48 0 (0.392699 5.200000 5.890486)
RLR inf 1 (inf inf inf)
LRL inf 1 (inf inf inf)

# 0.392699 0.392699 5.600000
# best = 2 = RSL
LSL 11.88 0 (5.890486 5.600000 0.392699)
LSR 18.15 0 (5.914489 6.319186 5.914489)
RSL 5.62 0 (0.424386 4.773667 0.424386)
RSR 11.88 0 (0.392699 5.600000 5.890486)
RLR inf 1 (inf inf inf)
LRL inf 1 (inf inf inf)

# 0.392699 0.392699 6.000000
# best = 2 = RSL
LSL 12.28 0 (5.890486 6.000000 0.392699)
LSR 18.55 0 (5.913061 6.721934 5.913061)
RSL 6.02 0 (0.421937 5.178378 0.421937)
RSR 12.28 0 (0.392699 6.000000 5.890486)
RLR inf 1 (inf inf inf)
LRL inf 1 (inf inf inf)

# 0.392699 0.392699 6.400000
# best = 2 = RSL
LSL 12.68 0 (5.890486 6.400000 0.392699)
LSR 18.95 0 (5.911793 7.124373 5.911793)
RSL 6.42 0 (0.419842 5.582410 0.419842)
RSR 12.68 0 (0.392699 6.400000 5.890486)
RLR inf 1 (inf inf inf)
LRL inf 1 (inf inf inf)

# 0.392699 0.392699 6.800000
# best = 2 = RSL
LSL 13.08 0 (5.890486 6.800000 0.392699)
LSR 19.35 0 (5.910661 7.526552 5.910661)
RSL 6.82 0 (0.418028 5.985901 0.418028)
RSR 13.08 0 (0.392699 6.800000 5.890486)
RLR inf 1 (inf inf inf)
LRL inf 1 (inf inf inf)

# 0.392699 0.392699 7.200000
# best = 2 = RSL
LSL 13.48 0 (5.890486 7.200000 0.392699)
LSR 19.75 0 (5.909643 7.928511 5.909643)
RSL 7.22 0 (0.416442 6.388953 0.416442)
RSR 13.48 0 (0.392699 7.200000 5.890486)
RLR inf 1 (inf inf inf)
LRL inf 1 (inf inf inf)

# 0.392699 0.392699 7.600000
# best = 2 = RSL
LSL 13.88 0 (5.890486 7.600000 0.392699)
LSR 20.15 0 (5.908723 8.330281 5.908723)
RSL 7.62 0 (0.415043 6.791644 0.415043)
RSR 13.88 0 (0.392699 7.600000 5.890486)
RLR inf 1 (inf inf inf)
LRL inf 1 (inf inf inf)

# 0.392699 0.392699 8.000000
# best = 2 = RSL
LSL 14.28 0 (5.890486 8.000000 0.392699)
LSR 20.55 0 (5.907888 8.731888 5.907888)
RSL 8.02 0 (0.413801 7.194035 0.413801)
RSR 14.28 0 (0.392699 8.000000 5.890486)
RLR inf 1 (inf inf inf)
LRL inf 1 (inf inf inf)

# 0.785398 0.392699 0.400000
# best = 0 = LSL
LSL 6.65 0 (5.788542 0.756161 0.101944)
LSR 12.93 0 (5.799486 0.937865 6.192185)
RSL inf 1 (inf inf inf)
RSR 6.91 0 (2.020727 0.229570 4.655157)
RLR 12.73 0 (5.104896 6.168337 1.456140)
LRL 11.41 0 (2.456765 5.902816 3.053352)

# 0.785398 0.392699 0.800000
# best = 0 = LSL
LSL 7.04 0 (5.688236 1.145128 0.202250)
LSR 13.32 0 (5.715049 1.493795 6.107748)
RSL inf 1 (inf inf inf)
RSR 7.20 0 (1.213073 0.522651 5.462811)
RLR 12.43 0 (4.223628 6.021111 2.190181)
LRL 11.01 0 (2.256300 5.702497 3.053498)

# 0.785398 0.392699 1.200000
# best = 0 = LSL
LSL 7.43 0 (5.639040 1.539759 0.251446)
LSR 13.71 0 (5.670382 1.975666 6.063081)
RSL inf 1 (inf inf inf)
RSR 7.58 0 (1.028095 0.902012 5.647789)
RLR 12.05 0 (3.942228 5.828267 2.278738)
LRL 10.59 0 (2.102305 5.492900 2.997896)

# 0.785398 0.392699 1.600000
# best = 0 = LSL
LSL 7.83 0 (5.609957 1.936594 0.280529)
LSR 14.10 0 (5.641747 2.427980 6.034446)
RSL inf 1 (inf inf inf)
RSR 7.97 0 (0.953731 1.293865 5.722154)
RLR 11.64 0 (3.765933 5.624405 2.251171)
LRL 10.15 0 (1.962975 5.272406 2.916732)

# 0.785398 0.392699 2.000000
# best = 0 = LSL
LSL 8.22 0 (5.590777 2.334509 0.299709)
LSR 14.50 0 (5.621572 2.864772 6.014271)
RSL inf 1 (inf inf inf)
RSR 8.37 0 (0.914055 1.689541 5.761829)
RLR 11.21 0 (3.619573 5.411035 2.184161)
LRL 9.68 0 (1.825996 5.036808 2.818113)

# 0.785398 0.392699 2.400000
# best = 2 = RSL
LSL 8.62 0 (5.577186 2.733034 0.313300)
LSR 14.90 0 (5.606501 3.292226 5.999200)
RSL 2.55 0 (1.164381 0.613814 0.771682)
RSR 8.76 0 (0.889460 2.086866 5.786424)
RLR 10.76 0 (3.482191 5.185462 2.095969)
LRL 9.16 0 (1.683378 4.778754 2.702677)

# 0.785398 0.392699 2.800000
# best = 2 = RSL
LSL 9.02 0 (5.567056 3.131934 0.323430)
LSR 15.30 0 (5.594777 3.713567 5.987476)
RSL 2.93 0 (1.032695 1.258942 0.639996)
RSR 9.16 0 (0.872740 2.485049 5.803145)
RLR 10.28 0 (3.343980 4.942480 1.991199)
LRL 8.58 0 (1.526016 4.484290 2.565575)

# 0.785398 0.392699 3.200000
# best = 2 = RSL
LSL 9.42 0 (5.559216 3.531083 0.331271)
LSR 15.69 0 (5.585378 4.130668 5.978077)
RSL 3.32 0 (0.975303 1.764399 0.582604)
RSR 9.56 0 (0.860640 2.883736 5.815245)
RLR 9.74 0 (3.197083 4.672887 1.868503)
LRL 7.85 0 (1.335895 4.119730 2.391135)

# 0.785398 0.392699 3.600000
# best = 2 = RSL
LSL 9.82 0 (5.552968 3.930406 0.337518)
LSR 16.09 0 (5.577666 4.544694 5.970365)
RSL 3.72 0 (0.940865 2.227391 0.548166)
RSR 9.96 0 (0.851480 3.282742 5.824404)
RLR 9.11 0 (3.030463 4.357966 1.720202)
LRL 6.64 0 (1.027391 3.515216 2.095126)

# 0.785398 0.392699 4.000000
# best = 2 = RSL
LSL 10.22 0 (5.547873 4.329853 0.342613)
LSR 16.49 0 (5.571218 4.956418 5.963917)
RSL 4.11 0 (0.917461 2.670101 0.524762)
RSR 10.36 0 (0.844306 3.681963 5.831578)
RLR 8.28 0 (2.816564 3.944516 1.520651)
LRL inf 1 (inf inf inf)

# 0.785398 0.392699 4.400000
# best = 2 = RSL
LSL 10.62 0 (5.543639 4.729394 0.346848)
LSR 16.89 0 (5.565743 5.366369 5.958442)
RSL 4.51 0 (0.900382 3.101227 0.507683)
RSR 10.76 0 (0.838536 4.081337 5.837348)
RLR inf 1 (inf inf inf)
LRL inf 1 (inf inf inf)

# 0.785398 0.392699 4.800000
# best = 2 = RSL
LSL 11.02 0 (5.540064 5.129006 0.350422)
LSR 17.29 0 (5.561036 5.774924 5.953735)
RSL 4.91 0 (0.887314 3.525021 0.494615)
RSR 11.16 0 (0.833795 4.480823 5.842090)
RLR inf 1 (inf inf inf)
LRL inf 1 (inf inf inf)

# 0.785398 0.392699 5.200000
# best = 2 = RSL
LSL 11.42 0 (5.537006 5.528675 0.353480)
LSR 17.69 0 (5.556944 6.182360 5.949643)
RSL 5.31 0 (0.876968 3.943849 0.484269)
RSR 11.56 0 (0.829830 4.880393 5.846055)
RLR inf 1 (inf inf inf)
LRL inf 1 (inf inf inf)

# 0.785398 0.392699 5.600000
# best = 2 = RSL
LSL 11.82 0 (5.534361 5.928388 0.356126)
LSR 18.09 0 (5.553353 6.588885 5.946052)
RSL 5.70 0 (0.868561 4.359141 0.475862)
RSR 11.96 0 (0.826465 5.280028 5.849420)
RLR inf 1 (inf inf inf)
LRL inf 1 (inf inf inf)

# 0.785398 0.392699 6.000000
# best = 2 = RSL
LSL 12.22 0 (5.532049 6.328137 0.358437)
LSR 18.49 0 (5.550175 6.994658 5.942874)
RSL 6.10 0 (0.861588 4.771821 0.468889)
RSR 12.36 0 (0.823573 5.679715 5.852311)
RLR inf 1 (inf inf inf)
LRL inf 1 (inf inf inf)

# 0.785398 0.392699 6.400000
# best = 2 = RSL
LSL 12.62 0 (5.530013 6.727916 0.360474)
LSR 18.89 0 (5.547344 7.399802 5.940043)
RSL 6.50 0 (0.855706 5.182514 0.463007)
RSR 12.76 0 (0.821062 6.079443 5.854822)
RLR inf 1 (inf inf inf)
LRL inf 1 (inf inf inf)

# 0.785398 0.392699 6.800000
# best = 2 = RSL
LSL 13.02 0 (5.528205 7.127720 0.362282)
LSR 19.29 0 (5.544804 7.804416 5.937503)
RSL 6.90 0 (0.850676 5.591656 0.457977)
RSR 13.16 0 (0.818861 6.479204 5.857023)
RLR inf 1 (inf inf inf)
LRL inf 1 (inf inf inf)

# 0.785398 0.392699 7.200000
# best = 2 = RSL
LSL 13.42 0 (5.526589 7.527545 0.363898)
LSR 19.69 0 (5.542513 8.208577 5.935212)
RSL 7.30 0 (0.846324 5.999565 0.453625)
RSR 13.55 0 (0.816915 6.878993 5.858969)
RLR inf 1 (inf inf inf)
LRL inf 1 (inf inf inf)

# 0.785398 0.392699 7.600000
# best = 2 = RSL
LSL 13.82 0 (5.525135 7.927388 0.365351)
LSR 20.09 0 (5.540436 8.612350 5.933135)
RSL 7.70 0 (0.842520 6.406477 0.449821)
RSR 13.95 0 (0.815184 7.278805 5.860701)
RLR inf 1 (inf inf inf)
LRL inf 1 (inf inf inf)

# 0.785398 0.392699 8.000000
# best = 2 = RSL
LSL 14.22 0 (5.523822 8.327245 0.366664)
LSR 20.49 0 (5.538544 9.015786 5.931243)
RSL 8.10 0 (0.839166 6.812571 0.446467)
RSR 14.35 0 (0.813632 7.678637 5.862252)
RLR inf 1 (inf inf inf)
LRL inf 1 (inf inf inf)

# 1.178097 0.392699 0.400000
# best = 1 = LSR
LSL 12.87 0 (5.626929 1.085699 6.154044)
LSR 6.58 0 (5.647551 0.787060 0.149763)
RSL inf 1 (inf inf inf)
RSR 7.63 0 (3.004101 0.559311 4.064482)
RLR 12.79 0 (6.005406 6.002610 0.782602)
LRL 10.68 0 (2.210463 5.733439 2.737578)

# 1.178097 0.392699 0.800000
# best = 0 = LSL
LSL 6.94 0 (5.488623 1.446271 0.009164)
LSR 13.23 0 (5.488681 1.464484 6.274079)
RSL inf 1 (inf inf inf)
RSR 7.67 0 (2.302831 0.599894 4.765752)
RLR 12.75 0 (5.293883 5.982103 1.473618)
LRL 10.30 0 (1.977082 5.543288 2.780808)

# 1.178097 0.392699 1.200000
# best = 0 = LSL
LSL 7.32 0 (5.406441 1.823364 0.091347)
LSR 13.60 0 (5.410606 1.997490 6.196004)
RSL inf 1 (inf inf inf)
RSR 7.92 0 (1.865800 0.852593 5.202783)
RLR 12.49 0 (4.792597 5.853593 1.846394)
LRL 9.89 0 (1.791531 5.336551 2.759623)

# 1.178097 0.392699 1.600000
# best = 0 = LSL
LSL 7.71 0 (5.352657 2.208532 0.145130)
LSR 13.99 0 (5.361103 2.480971 6.146501)
RSL inf 1 (inf inf inf)
RSR 8.26 0 (1.650616 1.189100 5.417967)
RLR 12.14 0 (4.490371 5.679511 1.974537)
LRL 9.44 0 (1.626144 5.113345 2.701802)

# 1.178097 0.392699 2.000000
# best = 0 = LSL
LSL 8.10 0 (5.314922 2.598186 0.182865)
LSR 14.38 0 (5.326224 2.939467 6.111622)
RSL inf 1 (inf inf inf)
RSR 8.62 0 (1.533344 1.555957 5.535239)
RLR 11.75 0 (4.275402 5.484117 1.994113)
LRL 8.95 0 (1.466342 4.869210 2.617470)

# 1.178097 0.392699 2.400000
# best = 5 = LRL
LSL 8.49 0 (5.287058 2.990573 0.210729)
LSR 14.77 0 (5.300086 3.383152 6.085484)
RSL inf 1 (inf inf inf)
RSR 9.00 0 (1.461417 1.935987 5.607166)
RLR 11.33 0 (4.097794 5.272753 1.960357)
LRL 8.40 0 (1.300959 4.594173 2.507816)

# 1.178097 0.392699 2.800000
# best = 5 = LRL
LSL 8.88 0 (5.265670 3.384743 0.232117)
LSR 15.16 0 (5.279671 3.817193 6.065069)
RSL inf 1 (inf inf inf)
RSR 9.39 0 (1.413258 2.322733 5.655325)
RLR 10.87 0 (3.935283 5.044050 1.894165)
LRL 7.75 0 (1.115291 4.265613 2.364923)

# 1.178097 0.392699 3.200000
# best = 2 = RSL
LSL 9.28 0 (5.248750 3.780138 0.249037)
LSR 15.56 0 (5.263238 4.244551 6.048636)
RSL 3.61 0 (1.628035 1.136755 0.842637)
RSR 9.78 0 (1.378902 2.713325 5.689681)
RLR 10.37 0 (3.775006 4.792207 1.802599)
LRL 6.83 0 (0.869458 3.807786 2.152930)

# 1.178097 0.392699 3.600000
# best = 2 = RSL
LSL 9.67 0 (5.235038 4.176410 0.262750)
LSR 15.95 0 (5.249700 4.667062 6.035098)
RSL 3.98 0 (1.520068 1.722487 0.734670)
RSR 10.17 0 (1.353215 3.106312 5.715368)
RLR 9.79 0 (3.605592 4.504753 1.684559)
LRL inf 1 (inf inf inf)

# 1.178097 0.392699 4.000000
# best = 2 = RSL
LSL 10.07 0 (5.223704 4.573331 0.274084)
LSR 16.35 0 (5.238340 5.085933 6.023738)
RSL 4.36 0 (1.458085 2.227490 0.672687)
RSR 10.57 0 (1.333308 3.500888 5.735276)
RLR 9.09 0 (3.409006 4.151396 1.527788)
LRL inf 1 (inf inf inf)

# 1.178097 0.392699 4.400000
# best = 2 = RSL
LSL 10.47 0 (5.214181 4.970746 0.283607)
LSR 16.74 0 (5.228664 5.501997 6.014062)
RSL 4.74 0 (1.416453 2.697492 0.631055)
RSR 10.97 0 (1.317438 3.896570 5.751146)
RLR 7.98 0 (3.116136 3.597396 1.266658)
LRL inf 1 (inf inf inf)

# 1.178097 0.392699 4.800000
# best = 2 = RSL
LSL 10.87 0 (5.206069 5.368544 0.291719)
LSR 17.14 0 (5.220318 5.915845 6.005716)
RSL 5.14 0 (1.386158 3.148208 0.600760)
RSR 11.36 0 (1.304496 4.293053 5.764087)
RLR inf 1 (inf inf inf)
LRL inf 1 (inf inf inf)

# 1.178097 0.392699 5.200000
# best = 2 = RSL
LSL 11.26 0 (5.199076 5.766648 0.298711)
LSR 17.54 0 (5.213042 6.327912 5.998440)
RSL 5.53 0 (1.362971 3.586915 0.577573)
RSR 11.76 0 (1.293745 4.690133 5.774838)
RLR inf 1 (inf inf inf)
LRL inf 1 (inf inf inf)

# 1.178097 0.392699 5.600000
# best = 2 = RSL
LSL 11.66 0 (5.192987 6.164997 0.304801)
LSR 17.94 0 (5.206640 6.738525 5.992038)
RSL 5.92 0 (1.344584 4.017550 0.559186)
RSR 12.16 0 (1.284673 5.087670 5.783911)
RLR inf 1 (inf inf inf)
LRL inf 1 (inf inf inf)

# 1.178097 0.392699 6.000000
# best = 2 = RSL
LSL 12.06 0 (5.187637 6.563546 0.310150)
LSR 18.34 0 (5.200962 7.147934 5.986360)
RSL 6.32 0 (1.329611 4.442461 0.544213)
RSR 12.55 0 (1.276916 5.485566 5.791667)
RLR inf 1 (inf inf inf)
LRL inf 1 (inf inf inf)

# 1.178097 0.392699 6.400000
# best = 2 = RSL
LSL 12.46 0 (5.182900 6.962262 0.314888)
LSR 18.73 0 (5.195892 7.556336 5.981290)
RSL 6.71 0 (1.317165 4.863148 0.531767)
RSR 12.95 0 (1.270209 5.883747 5.798375)
RLR inf 1 (inf inf inf)
LRL inf 1 (inf inf inf)

# 1.178097 0.392699 6.800000
# best = 2 = RSL
LSL 12.86 0 (5.178676 7.361118 0.319112)
LSR 19.13 0 (5.191334 7.963885 5.976732)
RSL 7.11 0 (1.306643 5.280621 0.521245)
RSR 13.35 0 (1.264352 6.282159 5.804231)
RLR inf 1 (inf inf inf)
LRL inf 1 (inf inf inf)

# 1.178097 0.392699 7.200000
# best = 2 = RSL
LSL 13.26 0 (5.174886 7.760091 0.322901)
LSR 19.53 0 (5.187216 8.370706 5.972614)
RSL 7.51 0 (1.297626 5.695587 0.512228)
RSR 13.75 0 (1.259194 6.680761 5.809389)
RLR inf 1 (inf inf inf)
LRL inf 1 (inf inf inf)

# 1.178097 0.392699 7.600000
# best = 2 = RSL
LSL 13.66 0 (5.171467 8.159165 0.326320)
LSR 19.93 0 (5.183476 8.776900 5.968874)
RSL 7.90 0 (1.289807 6.108556 0.504409)
RSR 14.15 0 (1.254617 7.079520 5.813966)
RLR inf 1 (inf inf inf)
LRL inf 1 (inf inf inf)

# 1.178097 0.392699 8.000000
# best = 2 = RSL
LSL 14.06 0 (5.168367 8.558325 0.329421)
LSR 20.33 0 (5.180063 9.182550 5.965461)
RSL 8.30 0 (1.282961 6.519909 0.497563)
RSR 14.55 0 (1.250528 7.478412 5.818055)
RLR inf 1 (inf inf inf)
LRL inf 1 (inf inf inf)

# 1.570796 0.392699 0.400000
# best = 1 = LSR
LSL 12.76 0 (5.449691 1.374222 5.938583)
LSR 6.51 0 (5.716514 0.177522 0.611426)
RSL inf 1 (inf inf inf)
RSR 8.41 0 (3.372615 0.949094 4.088668)
RLR 12.79 0 (6.274649 5.804069 0.707517)
LRL 9.99 0 (1.957398 5.581785 2.446290)

# 1.570796 0.392699 0.800000
# best = 1 = LSR
LSL 13.08 0 (5.290065 1.691845 6.098209)
LSR 6.80 0 (5.316350 1.271873 0.211262)
RSL inf 1 (inf inf inf)
RSR 8.40 0 (2.946375 0.941768 4.514907)
RLR 12.79 0 (5.850295 5.807839 1.135641)
LRL 9.64 0 (1.711761 5.409764 2.519906)

# 1.570796 0.392699 1.200000
# best = 1 = LSR
LSL 13.43 0 (5.182715 2.038674 6.205559)
LSR 7.14 0 (5.185918 1.877181 0.080830)
RSL inf 1 (inf inf inf)
RSR 8.55 0 (2.578910 1.092279 4.882372)
RLR 12.64 0 (5.443920 5.730020 1.464197)
LRL 9.25 0 (1.506323 5.213586 2.529167)

# 1.570796 0.392699 1.600000
# best = 1 = LSR
LSL 13.79 0 (5.107179 2.402092 6.281094)
LSR 7.51 0 (5.107181 2.397906 0.002093)
RSL inf 1 (inf inf inf)
RSR 8.81 0 (2.325361 1.348784 5.135921)
RLR 12.37 0 (5.123017 5.595311 1.650392)
LRL 8.81 0 (1.321432 4.994875 2.495347)

# 1.570796 0.392699 2.000000
# best = 0 = LSL
LSL 7.88 0 (5.051723 2.775590 0.053365)
LSR 14.16 0 (5.052711 2.880295 6.230808)
RSL inf 1 (inf inf inf)
RSR 9.12 0 (2.159844 1.662939 5.301438)
RLR 12.03 0 (4.872687 5.425684 1.731095)
LRL 8.32 0 (1.143243 4.749410 2.428070)

# 1.570796 0.392699 2.400000
# best = 5 = LRL
LSL 8.26 0 (5.009517 3.155591 0.095571)
LSR 14.54 0 (5.012247 3.340995 6.190344)
RSL inf 1 (inf inf inf)
RSR 9.47 0 (2.048938 2.007863 5.412344)
RLR 11.64 0 (4.664661 5.231445 1.744881)
LRL 7.75 0 (0.958912 4.465159 2.328150)

# 1.570796 0.392699 2.800000
# best = 5 = LRL
LSL 8.65 0 (4.976429 3.540001 0.128659)
LSR 14.93 0 (4.980788 3.787927 6.158885)
RSL inf 1 (inf inf inf)
RSR 9.83 0 (1.971206 2.370160 5.490076)
RLR 11.21 0 (4.478590 5.014768 1.714275)
LRL 7.04 0 (0.748342 4.110196 2.183757)

# 1.570796 0.392699 3.200000
# best = 2 = RSL
LSL 9.03 0 (4.949846 3.927526 0.155242)
LSR 15.31 0 (4.955531 4.225463 6.133628)
RSL 4.17 0 (2.476173 0.395214 1.298076)
RSR 10.20 0 (1.914332 2.742956 5.546950)
RLR 10.72 0 (4.300307 4.771948 1.649739)
LRL 5.87 0 (0.428106 3.522891 1.916687)

# 1.570796 0.392699 3.600000
# best = 2 = RSL
LSL 9.42 0 (4.928050 4.317327 0.177038)
LSR 15.70 0 (4.934755 4.656253 6.112852)
RSL 4.47 0 (2.159805 1.330431 0.981708)
RSR 10.58 0 (1.871171 3.122491 5.590111)
RLR 10.16 0 (4.117102 4.491862 1.552856)
LRL inf 1 (inf inf inf)

# 1.570796 0.392699 4.000000
# best = 2 = RSL
LSL 9.81 0 (4.909871 4.708839 0.195217)
LSR 16.09 0 (4.917336 5.082011 6.095433)
RSL 4.82 0 (2.036083 1.924552 0.857986)
RSR 10.97 0 (1.837414 3.506579 5.623869)
RLR 9.47 0 (3.910162 4.145497 1.413432)
LRL inf 1 (inf inf inf)

# 1.570796 0.392699 4.400000
# best = 2 = RSL
LSL 10.21 0 (4.894488 5.101668 0.210601)
LSR 16.49 0 (4.902505 5.503906 6.080602)
RSL 5.18 0 (1.960118 2.440851 0.782021)
RSR 11.36 0 (1.810345 3.893873 5.650937)
RLR 8.38 0 (3.612009 3.603328 1.169416)
LRL inf 1 (inf inf inf)

# 1.570796 0.392699 4.800000
# best = 2 = RSL
LSL 10.60 0 (4.881306 5.495532 0.223782)
LSR 16.88 0 (4.889714 5.922764 6.067811)
RSL 5.56 0 (1.907155 2.920891 0.729058)
RSR 11.74 0 (1.788187 4.283502 5.673095)
RLR inf 1 (inf inf inf)
LRL inf 1 (inf inf inf)

# 1.570796 0.392699 5.200000
# best = 2 = RSL
LSL 11.00 0 (4.869889 5.890223 0.235199)
LSR 17.27 0 (4.878564 6.339186 6.056661)
RSL 5.94 0 (1.867624 3.380157 0.689527)
RSR 12.14 0 (1.769732 4.674884 5.691551)
RLR inf 1 (inf inf inf)
LRL inf 1 (inf inf inf)

# 1.570796 0.392699 5.600000
# best = 2 = RSL
LSL 11.39 0 (4.859908 6.285585 0.245181)
LSR 17.67 0 (4.868753 6.753623 6.046850)
RSL 6.32 0 (1.836793 3.826136 0.658696)
RSR 12.53 0 (1.754132 5.067611 5.707150)
RLR inf 1 (inf inf inf)
LRL inf 1 (inf inf inf)

# 1.570796 0.392699 6.000000
# best = 2 = RSL
LSL 11.79 0 (4.851108 6.681499 0.253980)
LSR 18.06 0 (4.860050 7.166419 6.038147)
RSL 6.71 0 (1.811981 4.263000 0.633884)
RSR 12.92 0 (1.740779 5.461395 5.720503)
RLR inf 1 (inf inf inf)
LRL inf 1 (inf inf inf)

# 1.570796 0.392699 6.400000
# best = 2 = RSL
LSL 12.18 0 (4.843293 7.077873 0.261795)
LSR 18.46 0 (4.852276 7.577844 6.030373)
RSL 7.10 0 (1.791533 4.693295 0.613436)
RSR 13.32 0 (1.729224 5.856021 5.732059)
RLR inf 1 (inf inf inf)
LRL inf 1 (inf inf inf)

# 1.570796 0.392699 6.800000
# best = 2 = RSL
LSL 12.58 0 (4.836308 7.474633 0.268780)
LSR 18.86 0 (4.845288 7.988107 6.023385)
RSL 7.49 0 (1.774365 5.118679 0.596268)
RSR 13.71 0 (1.719129 6.251330 5.742154)
RLR inf 1 (inf inf inf)
LRL inf 1 (inf inf inf)

# 1.570796 0.392699 7.200000
# best = 2 = RSL
LSL 12.98 0 (4.830027 7.871721 0.275061)
LSR 19.25 0 (4.838971 8.397381 6.017068)
RSL 7.88 0 (1.759730 5.540282 0.581633)
RSR 14.11 0 (1.710235 6.647200 5.751047)
RLR inf 1 (inf inf inf)
LRL inf 1 (inf inf inf)

# 1.570796 0.392699 7.600000
# best = 2 = RSL
LSL 13.37 0 (4.824350 8.269090 0.280738)
LSR 19.65 0 (4.833233 8.805802 6.011330)
RSL 8.28 0 (1.747096 5.958908 0.568999)
RSR 14.50 0 (1.702342 7.043537 5.758940)
RLR inf 1 (inf inf inf)
LRL inf 1 (inf inf inf)

# 1.570796 0.392699 8.000000
# best = 2 = RSL
LSL 13.77 0 (4.819193 8.666701 0.285895)
LSR 20.05 0 (4.827996 9.213485 6.006093)
RSL 8.67 0 (1.736072 6.375142 0.557975)
RSR 14.90 0 (1.695290 7.440267 5.765992)
RLR inf 1 (inf inf inf)
LRL inf 1 (inf inf inf)

# 1.963495 0.392699 0.400000
# best = 4 = RLR
LSL 12.61 0 (5.266226 1.610266 5.729349)
LSR inf 1 (inf inf inf)
RSL inf 1 (inf inf inf)
RSR 9.17 0 (3.641941 1.314170 4.212041)
RLR 6.51 0 (0.165588 5.613665 0.735688)
LRL 9.34 0 (1.710315 5.454548 2.173437)

# 1.963495 0.392699 0.800000
# best = 1 = LSR
LSL 12.87 0 (5.092009 1.872408 5.903566)
LSR 6.61 0 (5.235159 0.854694 0.522769)
RSL inf 1 (inf inf inf)
RSR 9.19 0 (3.338743 1.331948 4.515239)
RLR 12.78 0 (6.140866 5.604246 1.034176)
LRL 9.05 0 (1.463274 5.308902 2.274831)

# 1.963495 0.392699 1.200000
# best = 1 = LSR
LSL 13.17 0 (4.963436 2.176895 6.032139)
LSR 6.90 0 (5.001602 1.604915 0.289212)
RSL inf 1 (inf inf inf)
RSR 9.32 0 (3.067268 1.463259 4.786713)
RLR 12.64 0 (5.834353 5.534169 1.270612)
LRL 8.69 0 (1.246380 5.132258 2.315083)

# 1.963495 0.392699 1.600000
# best = 1 = LSR
LSL 13.50 0 (4.867578 2.508352 6.127997)
LSR 7.22 0 (4.878561 2.177384 0.166172)
RSL inf 1 (inf inf inf)
RSR 9.54 0 (2.853257 1.681717 5.000724)
RLR 12.40 0 (5.560931 5.415349 1.425213)
LRL 8.28 0 (1.048176 4.927567 2.308595)

# 1.963495 0.392699 2.000000
# best = 1 = LSR
LSL 13.85 0 (4.794596 2.857409 6.200979)
LSR 7.57 0 (4.797106 2.688169 0.084717)
RSL inf 1 (inf inf inf)
RSR 9.81 0 (2.693896 1.958370 5.160085)
RLR 12.09 0 (5.323866 5.259940 1.506870)
LRL 7.81 0 (0.857305 4.691789 2.263688)

# 1.963495 0.392699 2.400000
# best = 5 = LRL
LSL 14.21 0 (4.737734 3.218345 6.257840)
LSR 7.93 0 (4.737937 3.167255 0.025548)
RSL inf 1 (inf inf inf)
RSR 10.13 0 (2.576168 2.272060 5.277813)
RLR 11.72 0 (5.113669 5.075001 1.532129)
LRL 7.26 0 (0.661163 4.413229 2.181270)

# 1.963495 0.392699 2.800000
# best = 5 = LRL
LSL 8.30 0 (4.692454 3.587576 0.019935)
LSR 14.58 0 (4.692564 3.627224 6.263360)
RSL inf 1 (inf inf inf)
RSR 10.46 0 (2.487904 2.609464 5.366077)
RLR 11.29 0 (4.918795 4.861782 1.513783)
LRL 6.54 0 (0.438166 4.057795 2.048832)

# 1.963495 0.392699 3.200000
# best = 5 = LRL
LSL 8.68 0 (4.655685 3.962784 0.056704)
LSR 14.96 0 (4.656474 4.074556 6.227270)
RSL inf 1 (inf inf inf)
RSR 10.82 0 (2.420247 2.962489 5.433734)
RLR 10.80 0 (4.727844 4.615193 1.458146)
LRL 5.26 0 (0.079813 3.414627 1.764018)

# 1.963495 0.392699 3.600000
# best = 2 = RSL
LSL 9.05 0 (4.625309 4.342420 0.087080)
LSR 15.34 0 (4.626988 4.513009 6.197784)
RSL 5.17 0 (2.745361 1.246093 1.174565)
RSR 11.18 0 (2.367184 3.326167 5.486797)
RLR 10.21 0 (4.526899 4.319430 1.363327)
LRL inf 1 (inf inf inf)

# 1.963495 0.392699 4.000000
# best = 2 = RSL
LSL 9.44 0 (4.599837 4.725417 0.112552)
LSR 15.72 0 (4.602395 4.944947 6.173191)
RSL 5.47 0 (2.580597 1.883480 1.009801)
RSR 11.55 0 (2.324674 3.697354 5.529307)
RLR 9.42 0 (4.286968 3.924588 1.208416)
LRL inf 1 (inf inf inf)

# 1.963495 0.392699 4.400000
# best = 2 = RSL
LSL 9.82 0 (4.578196 5.111020 0.134193)
LSR 16.11 0 (4.581541 5.371941 6.152337)
RSL 5.81 0 (2.480713 2.421208 0.909917)
RSR 11.93 0 (2.289971 4.073999 5.564010)
RLR inf 1 (inf inf inf)
LRL inf 1 (inf inf inf)

# 1.963495 0.392699 4.800000
# best = 2 = RSL
LSL 10.21 0 (4.559599 5.498680 0.152790)
LSR 16.49 0 (4.563617 5.795085 6.134413)
RSL 6.17 0 (2.411145 2.914961 0.840349)
RSR 12.31 0 (2.261170 4.454718 5.592811)
RLR inf 1 (inf inf inf)
LRL inf 1 (inf inf inf)

# 1.963495 0.392699 5.200000
# best = 2 = RSL
LSL 10.60 0 (4.543456 5.887991 0.168933)
LSR 16.88 0 (4.548033 6.215163 6.118829)
RSL 6.53 0 (2.359160 3.384043 0.788364)
RSR 12.69 0 (2.236921 4.838549 5.617060)
RLR inf 1 (inf inf inf)
LRL inf 1 (inf inf inf)

# 1.963495 0.392699 5.600000
# best = 2 = RSL
LSL 10.99 0 (4.529318 6.278646 0.183071)
LSR 17.27 0 (4.534354 6.632760 6.105150)
RSL 6.90 0 (2.318545 3.837512 0.747749)
RSR 13.08 0 (2.216247 5.224806 5.637735)
RLR inf 1 (inf inf inf)
LRL inf 1 (inf inf inf)

# 1.963495 0.392699 6.000000
# best = 2 = RSL
LSL 11.38 0 (4.516839 6.670409 0.195550)
LSR 17.66 0 (4.522243 7.048316 6.093039)
RSL 7.28 0 (2.285802 4.280332 0.715006)
RSR 13.47 0 (2.198425 5.612989 5.655556)
RLR inf 1 (inf inf inf)
LRL inf 1 (inf inf inf)

# 1.963495 0.392699 6.400000
# best = 2 = RSL
LSL 11.78 0 (4.505746 7.063095 0.206643)
LSR 18.06 0 (4.511444 7.462172 6.082240)
RSL 7.66 0 (2.258774 4.715506 0.687978)
RSR 13.86 0 (2.182913 6.002723 5.671068)
RLR inf 1 (inf inf inf)
LRL inf 1 (inf inf inf)

# 1.963495 0.392699 6.800000
# best = 2 = RSL
LSL 12.17 0 (4.495823 7.456559 0.216566)
LSR 18.45 0 (4.501751 7.874596 6.072547)
RSL 8.05 0 (2.236047 5.144973 0.665251)
RSR 14.25 0 (2.169295 6.393726 5.684686)
RLR inf 1 (inf inf inf)
LRL inf 1 (inf inf inf)

# 1.963495 0.392699 7.200000
# best = 2 = RSL
LSL 12.56 0 (4.486895 7.850683 0.225494)
LSR 18.84 0 (4.493001 8.285802 6.063797)
RSL 8.43 0 (2.216647 5.570053 0.645851)
RSR 14.64 0 (2.157249 6.785777 5.696732)
RLR inf 1 (inf inf inf)
LRL inf 1 (inf inf inf)

# 1.963495 0.392699 7.600000
# best = 2 = RSL
LSL 12.96 0 (4.478821 8.245373 0.233568)
LSR 19.24 0 (4.485062 8.695962 6.055858)
RSL 8.82 0 (2.199879 5.991681 0.629083)
RSR 15.03 0 (2.146520 7.178706 5.707461)
RLR inf 1 (inf inf inf)
LRL inf 1 (inf inf inf)

# 1.963495 0.392699 8.000000
# best = 2 = RSL
LSL 13.35 0 (4.471485 8.640552 0.240904)
LSR 19.63 0 (4.477824 9.105219 6.048620)
RSL 9.21 0 (2.185233 6.410538 0.614437)
RSR 15.43 0 (2.136906 7.572375 5.717075)
RLR inf 1 (inf inf inf)
LRL inf 1 (inf inf inf)

# 2.356194 0.392699 0.400000
# best = 4 = RLR
LSL 12.39 0 (5.079798 1.784630 5.523077)
LSR inf 1 (inf inf inf)
RSL inf 1 (inf inf inf)
RSR 9.88 0 (3.880686 1.632736 4.365995)
RLR 6.56 0 (0.318629 5.442257 0.803938)
LRL 8.75 0 (1.475738 5.358251 1.919017)

# 2.356194 0.392699 0.800000
# best = 4 = RLR
LSL 12.58 0 (4.894202 1.981021 5.708674)
LSR inf 1 (inf inf inf)
RSL inf 1 (inf inf inf)
RSR 9.95 0 (3.643269 1.698908 4.603412)
RLR 6.49 0 (0.063016 5.405865 1.023159)
LRL 8.53 0 (1.234481 5.246928 2.048952)

# 2.356194 0.392699 1.200000
# best = 1 = LSR
LSL 12.84 0 (4.746148 2.232484 5.856728)
LSR 6.59 0 (4.886903 1.135839 0.567212)
RSL inf 1 (inf inf inf)
RSR 10.10 0 (3.434308 1.851148 4.812372)
RLR 12.61 0 (6.094764 5.320912 1.189643)
LRL 8.23 0 (1.012436 5.098946 2.123016)

# 2.356194 0.392699 1.600000
# best = 1 = LSR
LSL 13.13 0 (4.630043 2.522602 5.972832)
LSR 6.85 0 (4.681355 1.811619 0.361665)
RSL inf 1 (inf inf inf)
RSR 10.32 0 (3.263267 2.070558 4.983414)
RLR 12.35 0 (5.860769 5.195006 1.297731)
LRL 7.87 0 (0.806059 4.918403 2.148848)

# 2.356194 0.392699 2.000000
# best = 1 = LSR
LSL 13.44 0 (4.538839 2.839553 6.064036)
LSR 7.16 0 (4.558896 2.365121 0.239205)
RSL inf 1 (inf inf inf)
RSR 10.58 0 (3.128108 2.338305 5.118573)
RLR 12.03 0 (5.645343 5.034470 1.352622)
LRL 7.45 0 (0.607907 4.704506 2.133104)

# 2.356194 0.392699 2.400000
# best = 5 = LRL
LSL 13.78 0 (4.466420 3.175311 6.136455)
LSR 7.50 0 (4.473894 2.868036 0.154204)
RSL inf 1 (inf inf inf)
RSR 10.89 0 (3.022216 2.639722 5.224465)
RLR 11.65 0 (5.443082 4.841733 1.362146)
LRL 6.93 0 (0.407750 4.449030 2.077785)

# 2.356194 0.392699 2.800000
# best = 5 = LRL
LSL 14.13 0 (4.408093 3.524506 6.194783)
LSR 7.84 0 (4.410427 3.343271 0.090737)
RSL inf 1 (inf inf inf)
RSR 11.21 0 (2.938752 2.964556 5.307928)
RLR 11.19 0 (5.245579 4.613655 1.331570)
LRL 6.29 0 (0.188261 4.126708 1.974951)

# 2.356194 0.392699 3.200000
# best = 2 = RSL
LSL 14.49 0 (4.360411 3.883514 6.242464)
LSR 8.20 0 (4.360847 3.801223 0.041157)
RSL 5.71 0 (3.484795 0.707089 1.521300)
RSR 11.55 0 (2.872136 3.305912 5.374544)
RLR 10.64 0 (5.040906 4.337540 1.260129)
LRL 11.57 0 (6.173133 3.625444 1.772001)

# 2.356194 0.392699 3.600000
# best = 2 = RSL
LSL 14.85 0 (4.320872 4.249849 6.282003)
LSR 8.57 0 (4.320873 4.247485 0.001182)
RSL 5.94 0 (3.187070 1.532365 1.223575)
RSR 11.91 0 (2.818179 3.659169 5.428501)
RLR 9.91 0 (4.804779 3.973199 1.131916)
LRL inf 1 (inf inf inf)

# 2.356194 0.392699 4.000000
# best = 2 = RSL
LSL 8.94 0 (4.287652 4.621770 0.032039)
LSR 15.22 0 (4.287871 4.685398 6.251366)
RSL 6.24 0 (3.036911 2.125161 1.073416)
RSR 12.27 0 (2.773827 4.021191 5.472854)
RLR inf 1 (inf inf inf)
LRL inf 1 (inf inf inf)

# 2.356194 0.392699 4.400000
# best = 2 = RSL
LSL 9.32 0 (4.259405 4.998029 0.060285)
LSR 15.60 0 (4.260115 5.117108 6.223610)
RSL 6.56 0 (2.937932 2.646597 0.974437)
RSR 12.64 0 (2.736860 4.389811 5.509820)
RLR inf 1 (inf inf inf)
LRL inf 1 (inf inf inf)

# 2.356194 0.392699 4.800000
# best = 2 = RSL
LSL 9.70 0 (4.235130 5.377716 0.084560)
LSR 15.98 0 (4.236419 5.544062 6.199914)
RSL 6.90 0 (2.866058 3.132514 0.902563)
RSR 13.01 0 (2.705656 4.763496 5.541024)
RLR inf 1 (inf inf inf)
LRL inf 1 (inf inf inf)

# 2.356194 0.392699 5.200000
# best = 2 = RSL
LSL 10.08 0 (4.214068 5.760154 0.105622)
LSR 16.36 0 (4.215935 5.967282 6.179430)
RSL 7.26 0 (2.810916 3.597334 0.847421)
RSR 13.39 0 (2.679014 5.141144 5.567667)
RLR inf 1 (inf inf inf)
LRL inf 1 (inf inf inf)

# 2.356194 0.392699 5.600000
# best = 2 = RSL
LSL 10.46 0 (4.195635 6.144828 0.124055)
LSR 16.75 0 (4.198041 6.387510 6.161536)
RSL 7.62 0 (2.767029 4.048331 0.803534)
RSR 13.77 0 (2.656031 5.521940 5.590649)
RLR inf 1 (inf inf inf)
LRL inf 1 (inf inf inf)

# 2.356194 0.392699 6.000000
# best = 2 = RSL
LSL 10.85 0 (4.179379 6.531344 0.140311)
LSR 17.13 0 (4.182266 6.805301 6.145761)
RSL 7.99 0 (2.731153 4.489671 0.767658)
RSR 14.15 0 (2.636023 5.905276 5.610657)
RLR inf 1 (inf inf inf)
LRL inf 1 (inf inf inf)

# 2.356194 0.392699 6.400000
# best = 2 = RSL
LSL 11.24 0 (4.164943 6.919392 0.154748)
LSR 17.52 0 (4.168251 7.221077 6.131746)
RSL 8.36 0 (2.701215 4.923953 0.737720)
RSR 14.54 0 (2.618460 6.290687 5.628220)
RLR inf 1 (inf inf inf)
LRL inf 1 (inf inf inf)

# 2.356194 0.392699 6.800000
# best = 2 = RSL
LSL 11.63 0 (4.152042 7.308730 0.167648)
LSR 17.91 0 (4.155713 7.635168 6.119208)
RSL 8.74 0 (2.675819 5.352895 0.712324)
RSR 14.92 0 (2.602929 6.677814 5.643751)
RLR inf 1 (inf inf inf)
LRL inf 1 (inf inf inf)

# 2.356194 0.392699 7.200000
# best = 2 = RSL
LSL 12.02 0 (4.140448 7.699160 0.179242)
LSR 18.30 0 (4.144428 8.047833 6.107923)
RSL 9.12 0 (2.653981 5.777686 0.690486)
RSR 15.31 0 (2.589103 7.066376 5.657577)
RLR inf 1 (inf inf inf)
LRL inf 1 (inf inf inf)

# 2.356194 0.392699 7.600000
# best = 2 = RSL
LSL 12.41 0 (4.129974 8.090526 0.189716)
LSR 18.69 0 (4.134214 8.459282 6.097709)
RSL 9.51 0 (2.634990 6.199179 0.671495)
RSR 15.70 0 (2.576721 7.456147 5.669959)
RLR inf 1 (inf inf inf)
LRL inf 1 (inf inf inf)

# 2.356194 0.392699 8.000000
# best = 2 = RSL
LSL 12.80 0 (4.120468 8.482697 0.199222)
LSR 19.08 0 (4.124926 8.869683 6.088421)
RSL 9.89 0 (2.618314 6.618005 0.654819)
RSR 16.09 0 (2.565570 7.846948 5.681110)
RLR inf 1 (inf inf inf)
LRL inf 1 (inf inf inf)

# 2.748894 0.392699 0.400000
# best = 4 = RLR
LSL 12.10 0 (4.891899 1.890559 5.318277)
LSR inf 1 (inf inf inf)
RSL inf 1 (inf inf inf)
RSR 10.53 0 (4.106501 1.890559 4.532879)
RLR 6.67 0 (0.472625 5.298617 0.899002)
LRL 8.24 0 (1.258022 5.298618 1.684400)

# 2.748894 0.392699 0.800000
# best = 4 = RLR
LSL 12.22 0 (4.696497 2.013508 5.513679)
LSR inf 1 (inf inf inf)
RSL inf 1 (inf inf inf)
RSR 10.65 0 (3.911099 2.013508 4.728281)
RLR 6.53 0 (0.242004 5.228180 1.059186)
LRL 8.10 0 (1.027402 5.228180 1.844583)

# 2.748894 0.392699 1.200000
# best = 4 = RLR
LSL 12.41 0 (4.529110 2.203228 5.681066)
LSR inf 1 (inf inf inf)
RSL inf 1 (inf inf inf)
RSR 10.84 0 (3.743712 2.203228 4.895668)
RLR 6.31 0 (0.018789 5.116523 1.170745)
LRL 7.88 0 (0.804186 5.116524 1.956142)

# 2.748894 0.392699 1.600000
# best = 1 = LSR
LSL 12.65 0 (4.391427 2.444220 5.818748)
LSR 6.42 0 (4.541858 1.262917 0.614867)
RSL inf 1 (inf inf inf)
RSR 11.08 0 (3.606030 2.444221 5.033351)
RLR 12.29 0 (6.090229 4.968399 1.234365)
LRL 7.58 0 (0.592442 4.968400 2.019763)

# 2.748894 0.392699 2.000000
# best = 1 = LSR
LSL 12.93 0 (4.280144 2.722905 5.930032)
LSR 6.67 0 (4.342761 1.909778 0.415771)
RSL inf 1 (inf inf inf)
RSR 11.36 0 (3.494747 2.722906 5.144634)
RLR 11.93 0 (5.887585 4.785678 1.254287)
LRL 7.22 0 (0.389798 4.785678 2.039685)

# 2.748894 0.392699 2.400000
# best = 5 = LRL
LSL 13.24 0 (4.190407 3.028896 6.019768)
LSR 6.96 0 (4.218214 2.453476 0.291224)
RSL inf 1 (inf inf inf)
RSR 11.67 0 (3.405010 3.028897 5.234371)
RLR 11.49 0 (5.687550 4.565080 1.233725)
LRL 6.77 0 (0.189762 4.565080 2.019123)

# 2.748894 0.392699 2.800000
# best = 2 = RSL
LSL 13.56 0 (4.117604 3.354730 6.092571)
LSR 7.28 0 (4.129827 2.951582 0.202837)
RSL 6.29 0 (4.134917 0.373810 1.778722)
RSR 11.99 0 (3.332207 3.354730 5.307173)
RLR 10.94 0 (5.478940 4.293466 1.170721)
LRL 12.51 0 (6.264338 4.293466 1.956119)

# 2.748894 0.392699 3.200000
# best = 2 = RSL
LSL 13.91 0 (4.057946 3.695161 6.152230)
LSR 7.62 0 (4.062940 3.424052 0.135950)
RSL 6.46 0 (3.712894 1.388323 1.356699)
RSR 12.33 0 (3.272549 3.695161 5.366832)
RLR 10.21 0 (5.236277 3.927457 1.047375)
LRL 11.78 0 (6.021675 3.927458 1.832773)

# 2.748894 0.392699 3.600000
# best = 2 = RSL
LSL 14.26 0 (4.008496 4.046506 6.201680)
LSR 7.97 0 (4.010206 3.880261 0.083216)
RSL 6.72 0 (3.532105 2.008768 1.175910)
RSR 12.69 0 (3.223098 4.046507 5.416282)
RLR inf 1 (inf inf inf)
LRL inf 1 (inf inf inf)

# 2.748894 0.392699 4.000000
# best = 2 = RSL
LSL 14.62 0 (3.967030 4.406156 6.243146)
LSR 8.33 0 (3.967400 4.325357 0.040410)
RSL 7.02 0 (3.415482 2.542215 1.059287)
RSR 13.05 0 (3.181633 4.406157 5.457748)
RLR inf 1 (inf inf inf)
LRL inf 1 (inf inf inf)

# 2.748894 0.392699 4.400000
# best = 2 = RSL
LSL 14.98 0 (3.931873 4.772233 6.278303)
LSR 8.70 0 (3.931878 4.762458 0.004888)
RSL 7.34 0 (3.331572 3.034891 0.975377)
RSR 13.41 0 (3.146475 4.772234 5.492905)
RLR inf 1 (inf inf inf)
LRL inf 1 (inf inf inf)

# 2.748894 0.392699 4.800000
# best = 2 = RSL
LSL 9.07 0 (3.901756 5.143366 0.025234)
LSR 15.35 0 (3.901879 5.193583 6.258074)
RSL 7.68 0 (3.267544 3.504036 0.911349)
RSR 13.78 0 (3.116359 5.143366 5.523021)
RLR inf 1 (inf inf inf)
LRL inf 1 (inf inf inf)

# 2.748894 0.392699 5.200000
# best = 2 = RSL
LSL 9.45 0 (3.875714 5.518533 0.051276)
LSR 15.73 0 (3.876182 5.620106 6.232377)
RSL 8.04 0 (3.216774 3.958027 0.860579)
RSR 14.16 0 (3.090317 5.518534 5.549064)
RLR inf 1 (inf inf inf)
LRL inf 1 (inf inf inf)

# 2.748894 0.392699 5.600000
# best = 2 = RSL
LSL 9.82 0 (3.853000 5.896966 0.073990)
LSR 16.11 0 (3.853905 6.043003 6.210100)
RSL 8.40 0 (3.175388 4.401555 0.819193)
RSR 14.54 0 (3.067603 5.896967 5.571778)
RLR inf 1 (inf inf inf)
LRL inf 1 (inf inf inf)

# 2.748894 0.392699 6.000000
# best = 2 = RSL
LSL 10.21 0 (3.833035 6.278074 0.093956)
LSR 16.49 0 (3.834399 6.462986 6.190594)
RSL 8.76 0 (3.140930 4.837498 0.784735)
RSR 14.92 0 (3.047637 6.278074 5.591743)
RLR inf 1 (inf inf inf)
LRL inf 1 (inf inf inf)

# 2.748894 0.392699 6.400000
# best = 2 = RSL
LSL 10.59 0 (3.815361 6.661397 0.111630)
LSR 16.87 0 (3.817169 6.880587 6.173364)
RSL 9.14 0 (3.111752 5.267741 0.755557)
RSR 15.30 0 (3.029963 6.661398 5.609417)
RLR inf 1 (inf inf inf)
LRL inf 1 (inf inf inf)

# 2.748894 0.392699 6.800000
# best = 2 = RSL
LSL 10.97 0 (3.799614 7.046574 0.127376)
LSR 17.26 0 (3.801834 7.296216 6.158029)
RSL 9.51 0 (3.086703 5.693576 0.730508)
RSR 15.69 0 (3.014217 7.046575 5.625163)
RLR inf 1 (inf inf inf)
LRL inf 1 (inf inf inf)

# 2.748894 0.392699 7.200000
# best = 2 = RSL
LSL 11.36 0 (3.785503 7.433318 0.141487)
LSR 17.64 0 (3.788094 7.710192 6.144289)
RSL 9.89 0 (3.064948 6.115923 0.708753)
RSR 16.07 0 (3.000106 7.433318 5.639274)
RLR inf 1 (inf inf inf)
LRL inf 1 (inf inf inf)

# 2.748894 0.392699 7.600000
# best = 2 = RSL
LSL 11.75 0 (3.772790 7.821394 0.154200)
LSR 18.03 0 (3.775711 8.122768 6.131906)
RSL 10.27 0 (3.045867 6.535458 0.689672)
RSR 16.46 0 (2.987393 7.821395 5.651987)
RLR inf 1 (inf inf inf)
LRL inf 1 (inf inf inf)

# 2.748894 0.392699 8.000000
# best = 2 = RSL
LSL 12.14 0 (3.761281 8.210616 0.165710)
LSR 18.42 0 (3.764490 8.534146 6.120685)
RSL 10.65 0 (3.028990 6.952692 0.672795)
RSR 16.85 0 (2.975883 8.210616 5.663497)
RLR inf 1 (inf inf inf)
LRL inf 1 (inf inf inf)

# 3.141593 0.392699 0.400000
# best = 4 = RLR
LSL 11.74 0 (4.703388 1.923957 5.114088)
LSR inf 1 (inf inf inf)
RSL inf 1 (inf inf inf)
RSR 11.11 0 (4.326013 2.076995 4.706067)
RLR 6.85 0 (0.638448 5.191242 1.018503)
LRL 7.81 0 (1.060013 5.279620 1.470713)

# 3.141593 0.392699 0.800000
# best = 4 = RLR
LSL 11.79 0 (4.498784 1.968620 5.318693)
LSR inf 1 (inf inf inf)
RSL inf 1 (inf inf inf)
RSR 11.29 0 (4.161203 2.258330 4.870877)
RLR 6.63 0 (0.419683 5.083331 1.129357)
LRL 7.76 0 (0.842628 5.254058 1.662536)

# 3.141593 0.392699 1.200000
# best = 4 = RLR
LSL 11.91 0 (4.310664 2.090291 5.506812)
LSR inf 1 (inf inf inf)
RSL inf 1 (inf inf inf)
RSR 11.52 0 (4.023988 2.491225 5.008091)
RLR 6.34 0 (0.210071 4.938537 1.194174)
LRL 7.62 0 (0.619206 5.183454 1.815354)

# 3.141593 0.392699 1.600000
# best = 4 = RLR
LSL 12.09 0 (4.148243 2.276658 5.669234)
LSR inf 1 (inf inf inf)
RSL inf 1 (inf inf inf)
RSR 11.79 0 (3.911940 2.762670 5.120140)
RLR 5.98 0 (0.007935 4.758362 1.216135)
LRL 7.40 0 (0.401161 5.072207 1.922152)

# 3.141593 0.392699 2.000000
# best = 1 = LSR
LSL 12.33 0 (4.013346 2.513369 5.804131)
LSR 6.10 0 (4.168902 1.297294 0.634610)
RSL inf 1 (inf inf inf)
RSR 12.09 0 (3.820855 3.062433 5.211224)
RLR 11.83 0 (6.090462 4.539213 1.197645)
LRL 7.10 0 (0.192333 4.924344 1.983118)

# 3.141593 0.392699 2.400000
# best = 1 = LSR
LSL 12.61 0 (3.903287 2.787629 5.914189)
LSR 6.34 0 (3.970529 1.936264 0.436238)
RSL 6.75 0 (4.613696 0.274522 1.864802)
RSR 12.42 0 (3.746507 3.382993 5.285572)
RLR 11.28 0 (5.880134 4.267254 1.136013)
LRL 13.02 0 (6.273804 4.741033 2.001521)

# 3.141593 0.392699 2.800000
# best = 1 = LSR
LSL 12.91 0 (3.813812 3.089455 6.003664)
LSR 6.63 0 (3.844769 2.476947 0.310478)
RSL 6.90 0 (4.146740 1.359859 1.397846)
RSR 12.75 0 (3.685303 3.718977 5.346777)
RLR 10.54 0 (5.633178 3.895750 1.011467)
LRL 12.57 0 (6.072851 4.518077 1.979517)

# 3.141593 0.392699 3.200000
# best = 1 = LSR
LSL 13.23 0 (3.740733 3.411537 6.076743)
LSR 6.95 0 (3.754948 2.973451 0.220657)
RSL 7.15 0 (3.957587 1.985716 1.208693)
RSR 13.10 0 (3.634396 4.066563 5.397683)
RLR inf 1 (inf inf inf)
LRL 12.01 0 (5.860841 4.240216 1.913666)

# 3.141593 0.392699 3.600000
# best = 1 = LSR
LSL 13.57 0 (3.680523 3.748658 6.136954)
LSR 7.28 0 (3.686708 3.444932 0.152416)
RSL 7.44 0 (3.835856 2.521294 1.086962)
RSR 13.46 0 (3.591598 4.423017 5.440481)
RLR inf 1 (inf inf inf)
LRL 11.24 0 (5.607703 3.854361 1.780949)

# 3.141593 0.392699 4.000000
# best = 1 = LSR
LSL 13.91 0 (3.630396 4.097107 6.187080)
LSR 7.63 0 (3.632761 3.900475 0.098470)
RSL 7.76 0 (3.748322 3.015091 0.999428)
RSR 13.82 0 (3.555239 4.786359 5.476840)
RLR inf 1 (inf inf inf)
LRL inf 1 (inf inf inf)

# 3.141593 0.392699 4.400000
# best = 1 = LSR
LSL 14.27 0 (3.588215 4.454228 6.229261)
LSR 7.99 0 (3.588884 4.345095 0.054593)
RSL 8.10 0 (3.681548 3.484915 0.932654)
RSR 14.19 0 (3.524046 5.155131 5.508034)
RLR inf 1 (inf inf inf)
LRL inf 1 (inf inf inf)

# 3.141593 0.392699 4.800000
# best = 1 = LSR
LSL 14.64 0 (3.552349 4.818090 6.265127)
LSR 8.35 0 (3.552417 4.781840 0.018126)
RSL 8.45 0 (3.628611 3.939351 0.879717)
RSR 14.56 0 (3.497039 5.528248 5.535040)
RLR inf 1 (inf inf inf)
LRL inf 1 (inf inf inf)

# 3.141593 0.392699 5.200000
# best = 0 = LSL
LSL 8.72 0 (3.521553 5.187278 0.012738)
LSR 15.00 0 (3.521584 5.212691 6.270478)
RSL 8.81 0 (3.585465 4.383188 0.836571)
RSR 14.94 0 (3.473463 5.904885 5.558616)
RLR inf 1 (inf inf inf)
LRL inf 1 (inf inf inf)

# 3.141593 0.392699 5.600000
# best = 0 = LSL
LSL 9.10 0 (3.494871 5.560729 0.039420)
LSR 15.38 0 (3.495147 5.638997 6.244041)
RSL 9.17 0 (3.549546 4.819356 0.800652)
RSR 15.32 0 (3.452724 6.284411 5.579356)
RLR inf 1 (inf inf inf)
LRL inf 1 (inf inf inf)

# 3.141593 0.392699 6.000000
# best = 0 = LSL
LSL 9.47 0 (3.471562 5.937639 0.062729)
LSR 15.76 0 (3.472211 6.061719 6.221105)
RSL 9.54 0 (3.519137 5.249766 0.770243)
RSR 15.70 0 (3.434354 6.666331 5.597726)
RLR inf 1 (inf inf inf)
LRL inf 1 (inf inf inf)

# 3.141593 0.392699 6.400000
# best = 0 = LSL
LSL 9.85 0 (3.451045 6.317389 0.083247)
LSR 16.13 0 (3.452113 6.481557 6.201007)
RSL 9.91 0 (3.493034 5.675729 0.744140)
RSR 16.08 0 (3.417979 7.050256 5.614100)
RLR inf 1 (inf inf inf)
LRL inf 1 (inf inf inf)

# 3.141593 0.392699 6.800000
# best = 0 = LSL
LSL 10.23 0 (3.432861 6.699497 0.101430)
LSR 16.52 0 (3.434351 6.899038 6.183245)
RSL 10.29 0 (3.470367 6.098176 0.721473)
RSR 16.47 0 (3.403300 7.435876 5.628780)
RLR inf 1 (inf inf inf)
LRL inf 1 (inf inf inf)

# 3.141593 0.392699 7.200000
# best = 0 = LSL
LSL 10.62 0 (3.416644 7.083581 0.117647)
LSR 16.90 0 (3.418534 7.314566 6.167428)
RSL 10.67 0 (3.450490 6.517791 0.701596)
RSR 16.86 0 (3.390070 7.822941 5.642009)
RLR inf 1 (inf inf inf)
LRL inf 1 (inf inf inf)

# 3.141593 0.392699 7.600000
# best = 0 = LSL
LSL 11.00 0 (3.402099 7.469335 0.132192)
LSR 17.29 0 (3.404356 7.728455 6.153250)
RSL 11.05 0 (3.432910 6.935089 0.684016)
RSR 17.24 0 (3.378090 8.211245 5.653990)
RLR inf 1 (inf inf inf)
LRL inf 1 (inf inf inf)

# 3.141593 0.392699 8.000000
# best = 0 = LSL
LSL 11.39 0 (3.388985 7.856515 0.145306)
LSR 17.67 0 (3.391573 8.140956 6.140467)
RSL 11.44 0 (3.417246 7.350463 0.668352)
RSR 17.63 0 (3.367193 8.600622 5.664887)
RLR inf 1 (inf inf inf)
LRL inf 1 (inf inf inf)

# -3.141593 0.785398 0.400000
# best = 4 = RLR
LSL 11.94 0 (4.890384 1.734511 5.319792)
LSR inf 1 (inf inf inf)
RSL inf 1 (inf inf inf)
RSR 10.67 0 (4.137049 2.034674 4.502331)
RLR 6.50 0 (0.461819 5.215910 0.827100)
LRL 8.42 0 (1.300277 5.386156 1.729685)

# -3.141593 0.785398 0.800000
# best = 4 = RLR
LSL 11.92 0 (4.658027 1.709632 5.552149)
LSR inf 1 (inf inf inf)
RSL inf 1 (inf inf inf)
RSR 10.92 0 (3.989134 2.277188 4.650245)
RLR 6.22 0 (0.241891 5.071885 0.903002)
LRL 8.44 0 (1.074811 5.399938 1.968933)

# -3.141593 0.785398 1.200000
# best = 4 = RLR
LSL 11.99 0 (4.431303 1.776839 5.778873)
LSR inf 1 (inf inf inf)
RSL inf 1 (inf inf inf)
RSR 11.20 0 (3.871710 2.559545 4.767670)
RLR 5.86 0 (0.035767 4.894485 0.931727)
LRL 8.37 0 (0.829419 5.362601 2.176988)

# -3.141593 0.785398 1.600000
# best = 1 = LSR
LSL 12.14 0 (4.230476 1.926518 5.979700)
LSR 5.87 0 (4.303108 1.186815 0.376117)
RSL inf 1 (inf inf inf)
RSR 11.51 0 (3.778620 2.870009 4.860759)
RLR 11.72 0 (6.120003 4.682765 0.918957)
LRL 8.20 0 (0.586370 5.278159 2.335594)

# -3.141593 0.785398 2.000000
# best = 1 = LSR
LSL 12.35 0 (4.064195 2.141445 6.145982)
LSR 6.07 0 (4.074311 1.847759 0.147320)
RSL inf 1 (inf inf inf)
RSR 11.84 0 (3.704210 3.200412 4.935170)
RLR 11.21 0 (5.918336 4.428251 0.866110)
LRL 7.95 0 (0.357667 5.153314 2.439453)

# -3.141593 0.785398 2.400000
# best = 1 = LSR
LSL 12.61 0 (3.931171 2.404184 6.279005)
LSR 6.33 0 (3.931179 2.395809 0.004188)
RSL inf 1 (inf inf inf)
RSR 12.18 0 (3.643990 3.545183 4.995389)
RLR 10.57 0 (5.696298 4.104616 0.764512)
LRL 7.63 0 (0.144769 4.993567 2.492603)

# -3.141593 0.785398 2.800000
# best = 0 = LSL
LSL 6.63 0 (3.825815 2.700818 0.101176)
LSR 12.91 0 (3.829343 2.895788 6.185537)
RSL 7.37 0 (4.522514 0.682633 2.166320)
RSR 12.54 0 (3.594589 3.900514 5.044790)
RLR 9.53 0 (5.388882 3.588585 0.555898)
LRL 13.53 0 (6.226166 4.800701 2.501527)

# -3.141593 0.785398 3.200000
# best = 0 = LSL
LSL 6.95 0 (3.742037 3.021379 0.184954)
LSR 13.23 0 (3.752132 3.369165 6.108326)
RSL 7.52 0 (4.180528 1.516675 1.824334)
RSR 12.90 0 (3.553519 4.263765 5.085861)
RLR inf 1 (inf inf inf)
LRL 13.07 0 (6.027450 4.570825 2.470366)

# -3.141593 0.785398 3.600000
# best = 0 = LSL
LSL 7.29 0 (3.674704 3.359025 0.252287)
LSR 13.56 0 (3.691182 3.825828 6.047377)
RSL 7.76 0 (4.000994 2.110596 1.644799)
RSR 13.27 0 (3.518945 4.633074 5.120434)
RLR inf 1 (inf inf inf)
LRL 12.51 0 (5.819463 4.289517 2.397046)

# -3.141593 0.785398 4.000000
# best = 0 = LSL
LSL 7.64 0 (3.619869 3.709092 0.307122)
LSR 13.91 0 (3.641670 4.271141 5.997865)
RSL 8.04 0 (3.880047 2.632286 1.523853)
RSR 13.65 0 (3.489506 5.007101 5.149874)
RLR inf 1 (inf inf inf)
LRL 11.75 0 (5.574400 3.909062 2.261653)

# -3.141593 0.785398 4.400000
# best = 0 = LSL
LSL 8.00 0 (3.574602 4.068375 0.352389)
LSR 14.27 0 (3.600564 4.708325 5.956759)
RSL 8.34 0 (3.791040 3.118212 1.434846)
RSR 14.02 0 (3.464178 5.384863 5.175202)
RLR inf 1 (inf inf inf)
LRL inf 1 (inf inf inf)

# -3.141593 0.785398 4.800000
# best = 0 = LSL
LSL 8.36 0 (3.536745 4.434636 0.390246)
LSR 14.63 0 (3.565842 5.139457 5.922037)
RSL 8.67 0 (3.722148 3.582954 1.365954)
RSR 14.41 0 (3.442182 5.765625 5.197198)
RLR inf 1 (inf inf inf)
LRL inf 1 (inf inf inf)

# -3.141593 0.785398 5.200000
# best = 0 = LSL
LSL 8.73 0 (3.504703 4.806278 0.422288)
LSR 14.99 0 (3.536096 5.565941 5.892291)
RSL 9.01 0 (3.666977 4.033841 1.310782)
RSR 14.79 0 (3.422920 6.148831 5.216460)
RLR inf 1 (inf inf inf)
LRL inf 1 (inf inf inf)

# -3.141593 0.785398 5.600000
# best = 0 = LSL
LSL 9.11 0 (3.477283 5.182145 0.449708)
LSR 15.37 0 (3.510311 5.988772 5.866505)
RSL 9.36 0 (3.621672 4.475063 1.265478)
RSR 15.17 0 (3.405923 6.534050 5.233457)
RLR inf 1 (inf inf inf)
LRL inf 1 (inf inf inf)

# -3.141593 0.785398 6.000000
# best = 0 = LSL
LSL 9.49 0 (3.453588 5.561379 0.473403)
LSR 15.74 0 (3.487734 6.408672 5.843928)
RSL 9.72 0 (3.583739 4.909226 1.227545)
RSR 15.56 0 (3.390823 6.920946 5.248557)
RLR inf 1 (inf inf inf)
LRL inf 1 (inf inf inf)

# -3.141593 0.785398 6.400000
# best = 0 = LSL
LSL 9.87 0 (3.432927 5.943337 0.494064)
LSR 16.12 0 (3.467794 6.826182 5.823988)
RSL 10.08 0 (3.551476 5.338054 1.195281)
RSR 15.95 0 (3.377324 7.309253 5.262056)
RLR inf 1 (inf inf inf)
LRL inf 1 (inf inf inf)

# -3.141593 0.785398 6.800000
# best = 0 = LSL
LSL 10.25 0 (3.414769 6.327525 0.512222)
LSR 16.50 0 (3.450049 7.241715 5.806244)
RSL 10.45 0 (3.523677 5.762736 1.167483)
RSR 16.34 0 (3.365189 7.698757 5.274191)
RLR inf 1 (inf inf inf)
LRL inf 1 (inf inf inf)

# -3.141593 0.785398 7.200000
# best = 0 = LSL
LSL 10.64 0 (3.398694 6.713560 0.528297)
LSR 16.88 0 (3.434153 7.655595 5.790348)
RSL 10.83 0 (3.499463 6.184129 1.143269)
RSR 16.73 0 (3.354224 8.089286 5.285156)
RLR inf 1 (inf inf inf)
LRL inf 1 (inf inf inf)

# -3.141593 0.785398 7.600000
# best = 0 = LSL
LSL 11.03 0 (3.384370 7.101141 0.542621)
LSR 17.26 0 (3.419829 8.068074 5.776023)
RSL 11.20 0 (3.478173 6.602860 1.121979)
RSR 17.12 0 (3.344270 8.480697 5.295109)
RLR inf 1 (inf inf inf)
LRL inf 1 (inf inf inf)

# -3.141593 0.785398 8.000000
# best = 0 = LSL
LSL 11.42 0 (3.371531 7.490028 0.555460)
LSR 17.65 0 (3.406852 8.479357 5.763046)
RSL 11.58 0 (3.459301 7.019407 1.103107)
RSR 17.51 0 (3.335196 8.872875 5.304184)
RLR inf 1 (inf inf inf)
LRL inf 1 (inf inf inf)

# -2.748894 0.785398 0.400000
# best = 4 = RLR
LSL 11.59 0 (4.719805 1.770855 5.097673)
LSR inf 1 (inf inf inf)
RSL inf 1 (inf inf inf)
RSR 11.24 0 (4.364903 2.208980 4.667176)
RLR 6.69 0 (0.638256 5.113076 0.940529)
LRL 7.98 0 (1.119589 5.365940 1.497457)

# -2.748894 0.785398 0.800000
# best = 4 = RLR
LSL 11.47 0 (4.495533 1.656531 5.321945)
LSR inf 1 (inf inf inf)
RSL inf 1 (inf inf inf)
RSR 11.53 0 (4.246314 2.496282 4.785765)
RLR 6.34 0 (0.430780 4.935303 0.970231)
LRL 8.11 0 (0.926950 5.429206 1.753362)

# -2.748894 0.785398 1.200000
# best = 4 = RLR
LSL 11.45 0 (4.252220 1.634706 5.565257)
LSR inf 1 (inf inf inf)
RSL inf 1 (inf inf inf)
RSR 11.84 0 (4.153216 2.811273 4.878863)
RLR 5.91 0 (0.232272 4.724483 0.957919)
LRL 8.13 0 (0.689624 5.441178 2.002661)

# -2.748894 0.785398 1.600000
# best = 4 = RLR
LSL 11.53 0 (4.016511 1.708927 5.800966)
LSR inf 1 (inf inf inf)
RSL inf 1 (inf inf inf)
RSR 12.18 0 (4.079376 3.145646 4.952703)
RLR 5.41 0 (0.032805 4.473230 0.906133)
LRL 8.05 0 (0.433490 5.400328 2.217945)

# -2.748894 0.785398 2.000000
# best = 1 = LSR
LSL 11.69 0 (3.810670 1.867779 6.006807)
LSR 5.41 0 (3.870743 1.204133 0.336451)
RSL inf 1 (inf inf inf)
RSR 12.53 0 (4.019980 3.493840 5.012098)
RLR 11.07 0 (6.099309 4.158658 0.808242)
LRL 7.87 0 (0.183244 5.311520 2.379382)

# -2.748894 0.785398 2.400000
# best = 1 = LSR
LSL 11.91 0 (3.642926 2.092073 6.174551)
LSR 5.63 0 (3.649234 1.862653 0.114942)
RSL 7.69 0 (4.919610 0.595825 2.170716)
RSR 12.88 0 (3.971487 3.852110 5.060591)
RLR 10.12 0 (5.815057 3.687139 0.620976)
LRL 13.90 0 (6.234130 5.182409 2.482570)

# -2.748894 0.785398 2.800000
# best = 0 = LSL
LSL 5.90 0 (3.510585 2.363247 0.023707)
LSR 12.18 0 (3.510819 2.410190 6.259712)
RSL 7.84 0 (4.556994 1.474947 1.808100)
RSR 13.25 0 (3.931324 4.217888 5.100755)
RLR inf 1 (inf inf inf)
LRL 13.57 0 (6.020113 5.019056 2.533235)

# -2.748894 0.785398 3.200000
# best = 0 = LSL
LSL 6.20 0 (3.406892 2.667040 0.127400)
LSR 12.48 0 (3.412452 2.910078 6.161345)
RSL 8.08 0 (4.375931 2.077482 1.627038)
RSR 13.62 0 (3.897615 4.589380 5.134464)
RLR inf 1 (inf inf inf)
LRL 13.18 0 (5.818632 4.823479 2.539139)

# -2.748894 0.785398 3.600000
# best = 0 = LSL
LSL 6.53 0 (3.325087 2.993539 0.209205)
LSR 12.81 0 (3.337927 3.383503 6.086820)
RSL 8.37 0 (4.255484 2.603150 1.506591)
RSR 14.00 0 (3.868982 4.965304 5.163097)
RLR inf 1 (inf inf inf)
LRL 12.72 0 (5.621057 4.591939 2.505174)

# -2.748894 0.785398 4.000000
# best = 0 = LSL
LSL 6.87 0 (3.259714 3.336082 0.274578)
LSR 13.15 0 (3.279126 3.840264 6.028020)
RSL 8.68 0 (4.167430 3.091416 1.418536)
RSR 14.38 0 (3.844396 5.344724 5.187683)
RLR inf 1 (inf inf inf)
LRL 12.16 0 (5.414952 4.310475 2.429816)

# -2.748894 0.785398 4.400000
# best = 0 = LSL
LSL 7.22 0 (3.206696 3.690205 0.327596)
LSR 13.50 0 (3.231374 4.285694 5.980268)
RSL 9.01 0 (4.099560 3.557712 1.350667)
RSR 14.76 0 (3.823080 5.726946 5.208998)
RLR inf 1 (inf inf inf)
LRL 11.40 0 (5.173648 3.933905 2.294549)

# -2.748894 0.785398 4.800000
# best = 0 = LSL
LSL 7.59 0 (3.163061 4.052873 0.371231)
LSR 13.86 0 (3.191736 4.722998 5.940629)
RSL 9.35 0 (4.045367 4.009710 1.296473)
RSR 15.14 0 (3.804439 6.111443 5.227639)
RLR inf 1 (inf inf inf)
LRL inf 1 (inf inf inf)

# -2.748894 0.785398 5.200000
# best = 0 = LSL
LSL 7.96 0 (3.126650 4.421984 0.407642)
LSR 14.22 0 (3.158258 5.154246 5.907151)
RSL 9.70 0 (4.000961 4.451768 1.252068)
RSR 15.53 0 (3.788010 6.497813 5.244068)
RLR inf 1 (inf inf inf)
LRL inf 1 (inf inf inf)

# -2.748894 0.785398 5.600000
# best = 0 = LSL
LSL 8.33 0 (3.095884 4.796052 0.438408)
LSR 14.59 0 (3.129578 5.580841 5.878472)
RSL 10.07 0 (3.963842 4.886583 1.214949)
RSR 15.92 0 (3.773428 6.885739 5.258650)
RLR inf 1 (inf inf inf)
LRL inf 1 (inf inf inf)

# -2.748894 0.785398 6.000000
# best = 0 = LSL
LSL 8.71 0 (3.069590 5.174001 0.464702)
LSR 14.96 0 (3.104718 6.003776 5.853611)
RSL 10.43 0 (3.932313 5.315934 1.183420)
RSR 16.31 0 (3.760405 7.274973 5.271674)
RLR inf 1 (inf inf inf)
LRL inf 1 (inf inf inf)

# -2.748894 0.785398 6.400000
# best = 0 = LSL
LSL 9.09 0 (3.046890 5.555038 0.487402)
LSR 15.34 0 (3.082950 6.423773 5.831844)
RSL 10.80 0 (3.905176 5.741047 1.156283)
RSR 16.70 0 (3.748705 7.665316 5.283373)
RLR inf 1 (inf inf inf)
LRL inf 1 (inf inf inf)

# -2.748894 0.785398 6.800000
# best = 0 = LSL
LSL 9.47 0 (3.027112 5.938570 0.507180)
LSR 15.72 0 (3.063725 6.841374 5.812618)
RSL 11.18 0 (3.881559 6.162798 1.132666)
RSR 17.09 0 (3.738141 8.056606 5.293938)
RLR inf 1 (inf inf inf)
LRL inf 1 (inf inf inf)

# -2.748894 0.785398 7.200000
# best = 0 = LSL
LSL 9.86 0 (3.009740 6.324143 0.524552)
LSR 16.10 0 (3.046616 7.256993 5.795509)
RSL 11.55 0 (3.860809 6.581834 1.111916)
RSR 17.48 0 (3.728556 8.448712 5.303522)
RLR inf 1 (inf inf inf)
LRL inf 1 (inf inf inf)

# -2.748894 0.785398 7.600000
# best = 0 = LSL
LSL 10.25 0 (2.994369 6.711405 0.539923)
LSR 16.48 0 (3.031288 7.670950 5.780181)
RSL 11.93 0 (3.842428 6.998643 1.093535)
RSR 17.87 0 (3.719823 8.841525 5.312256)
RLR inf 1 (inf inf inf)
LRL inf 1 (inf inf inf)

# -2.748894 0.785398 8.000000
# best = 0 = LSL
LSL 10.63 0 (2.980678 7.100079 0.553614)
LSR 16.87 0 (3.017475 8.083503 5.766369)
RSL 12.32 0 (3.826027 7.413600 1.077134)
RSR 18.27 0 (3.711833 9.234955 5.320246)
RLR inf 1 (inf inf inf)
LRL inf 1 (inf inf inf)

# -2.356194 0.785398 0.400000
# best = 4 = RLR
LSL 11.17 0 (4.549139 1.740296 4.875638)
LSR inf 1 (inf inf inf)
RSL inf 1 (inf inf inf)
RSR 11.73 0 (4.589118 2.300298 4.835660)
RLR 6.97 0 (0.834830 5.057795 1.081373)
LRL 7.62 0 (0.957426 5.382945 1.283925)

# -2.356194 0.785398 0.800000
# best = 4 = RLR
LSL 10.97 0 (4.336724 1.541836 5.088053)
LSR inf 1 (inf inf inf)
RSL inf 1 (inf inf inf)
RSR 12.05 0 (4.495380 2.627307 4.929399)
RLR 6.56 0 (0.637185 4.849980 1.071203)
LRL 7.84 0 (0.799426 5.491775 1.550755)

# -2.356194 0.785398 1.200000
# best = 4 = RLR
LSL 10.86 0 (4.077320 1.430345 5.347458)
LSR inf 1 (inf inf inf)
RSL inf 1 (inf inf inf)
RSR 12.40 0 (4.422876 2.972224 5.001903)
RLR 6.07 0 (0.443658 4.607935 1.022685)
LRL 7.96 0 (0.570045 5.551821 1.840183)

# -2.356194 0.785398 1.600000
# best = 4 = RLR
LSL 10.85 0 (3.796368 1.426365 5.628410)
LSR inf 1 (inf inf inf)
RSL inf 1 (inf inf inf)
RSR 12.75 0 (4.365682 3.329487 5.059097)
RLR 5.49 0 (0.240715 4.316438 0.934131)
LRL 7.97 0 (0.290158 5.553952 2.122200)

# -2.356194 0.785398 2.000000
# best = 4 = RLR
LSL 10.96 0 (3.534291 1.530733 5.890486)
LSR inf 1 (inf inf inf)
RSL 7.85 0 (5.497108 0.001360 2.355514)
RSR 13.12 0 (4.319690 3.695518 5.105088)
RLR 4.71 0 (0.000000 3.926991 0.785398)
LRL 14.14 0 (6.283185 5.497787 2.356194)

# -2.356194 0.785398 2.400000
# best = 1 = LSR
LSL 11.15 0 (3.318243 1.723883 6.106535)
LSR 4.87 0 (3.341305 1.326649 0.199713)
RSL 8.01 0 (4.912102 1.326651 1.770508)
RSR 13.49 0 (4.282052 4.067951 5.142726)
RLR inf 1 (inf inf inf)
LRL 13.93 0 (6.014267 5.392049 2.519373)

# -2.356194 0.785398 2.800000
# best = 1 = LSR
LSL 11.40 0 (3.151744 1.980001 6.273033)
LSR 5.12 0 (3.151797 1.959591 0.010205)
RSL 8.26 0 (4.722594 1.959592 1.581001)
RSR 13.87 0 (4.250764 4.445177 5.174015)
RLR inf 1 (inf inf inf)
LRL 13.64 0 (5.775502 5.247515 2.613605)

# -2.356194 0.785398 3.200000
# best = 0 = LSL
LSL 5.42 0 (3.025993 2.277945 0.115599)
LSR 11.70 0 (3.031326 2.497999 6.172919)
RSL 8.56 0 (4.602123 2.498000 1.460529)
RSR 14.25 0 (4.224392 4.826072 5.200386)
RLR inf 1 (inf inf inf)
LRL 13.28 0 (5.561705 5.071424 2.651311)

# -2.356194 0.785398 3.600000
# best = 0 = LSL
LSL 5.74 0 (2.930460 2.603394 0.211132)
LSR 12.03 0 (2.945225 2.993325 6.086818)
RSL 8.88 0 (4.516022 2.993326 1.374429)
RSR 14.63 0 (4.201892 5.209831 5.222887)
RLR inf 1 (inf inf inf)
LRL 12.87 0 (5.363352 4.865782 2.644023)

# -2.356194 0.785398 4.000000
# best = 0 = LSL
LSL 6.09 0 (2.856668 2.947251 0.284924)
LSR 12.37 0 (2.879793 3.464101 6.021386)
RSL 9.22 0 (4.450590 3.464102 1.308997)
RSR 15.02 0 (4.182487 5.595865 5.242292)
RLR inf 1 (inf inf inf)
LRL 12.39 0 (5.169917 4.626497 2.598173)

# -2.356194 0.785398 4.400000
# best = 0 = LSL
LSL 6.45 0 (2.798539 3.303773 0.343053)
LSR 12.72 0 (2.828056 3.919183 5.969649)
RSL 9.58 0 (4.398853 3.919184 1.257260)
RSR 15.41 0 (4.165592 5.983735 5.259187)
RLR inf 1 (inf inf inf)
LRL 11.82 0 (4.968258 4.339438 2.512772)

# -2.356194 0.785398 4.800000
# best = 0 = LSL
LSL 6.81 0 (2.751858 3.669271 0.389734)
LSR 13.08 0 (2.785969 4.363484 5.927563)
RSL 9.94 0 (4.356767 4.363485 1.215173)
RSR 15.80 0 (4.150757 6.373104 5.274021)
RLR inf 1 (inf inf inf)
LRL 11.06 0 (4.732160 3.960604 2.370036)

# -2.356194 0.785398 5.200000
# best = 0 = LSL
LSL 7.18 0 (2.713700 4.041309 0.427892)
LSR 13.44 0 (2.750985 4.799999 5.892578)
RSL 10.30 0 (4.321782 4.800001 1.180189)
RSR 16.19 0 (4.137634 6.763714 5.287145)
RLR inf 1 (inf inf inf)
LRL inf 1 (inf inf inf)

# -2.356194 0.785398 5.600000
# best = 0 = LSL
LSL 7.56 0 (2.682014 4.418236 0.459578)
LSR 13.82 0 (2.721401 5.230678 5.862994)
RSL 10.67 0 (4.292198 5.230679 1.150605)
RSR 16.58 0 (4.125945 7.155361 5.298834)
RLR inf 1 (inf inf inf)
LRL inf 1 (inf inf inf)

# -2.356194 0.785398 6.000000
# best = 0 = LSL
LSL 7.94 0 (2.655331 4.798899 0.486261)
LSR 14.19 0 (2.696031 5.656854 5.837624)
RSL 11.05 0 (4.266828 5.656855 1.125235)
RSR 16.97 0 (4.115471 7.547885 5.309308)
RLR inf 1 (inf inf inf)
LRL inf 1 (inf inf inf)

# -2.356194 0.785398 6.400000
# best = 0 = LSL
LSL 8.32 0 (2.632583 5.182477 0.509009)
LSR 14.57 0 (2.674018 6.079473 5.815611)
RSL 11.43 0 (4.244815 6.079474 1.103222)
RSR 17.37 0 (4.106033 7.941155 5.318746)
RLR inf 1 (inf inf inf)
LRL inf 1 (inf inf inf)

# -2.356194 0.785398 6.800000
# best = 0 = LSL
LSL 8.71 0 (2.612980 5.568365 0.528612)
LSR 14.95 0 (2.654726 6.499230 5.796319)
RSL 11.81 0 (4.225523 6.499231 1.083930)
RSR 17.76 0 (4.097486 8.335065 5.327292)
RLR inf 1 (inf inf inf)
LRL inf 1 (inf inf inf)

# -2.356194 0.785398 7.200000
# best = 0 = LSL
LSL 9.10 0 (2.595922 5.956116 0.545670)
LSR 15.33 0 (2.637674 6.916646 5.779267)
RSL 12.19 0 (4.208471 6.916647 1.066878)
RSR 18.15 0 (4.089712 8.729529 5.335067)
RLR inf 1 (inf inf inf)
LRL inf 1 (inf inf inf)

# -2.356194 0.785398 7.600000
# best = 0 = LSL
LSL 9.49 0 (2.580954 6.345388 0.560638)
LSR 15.72 0 (2.622488 7.332121 5.764081)
RSL 12.58 0 (4.193285 7.332122 1.051692)
RSR 18.55 0 (4.082610 9.124475 5.342169)
RLR inf 1 (inf inf inf)
LRL inf 1 (inf inf inf)

# -2.356194 0.785398 8.000000
# best = 0 = LSL
LSL 9.88 0 (2.567719 6.735917 0.573873)
LSR 16.11 0 (2.608874 7.745966 5.750468)
RSL 12.96 0 (4.179671 7.745967 1.038078)
RSR 18.94 0 (4.076097 9.519844 5.348681)
RLR inf 1 (inf inf inf)
LRL inf 1 (inf inf inf)

# -1.963495 0.785398 0.400000
# best = 5 = LRL
LSL 10.68 0 (4.380455 1.644071 4.651624)
LSR inf 1 (inf inf inf)
RSL inf 1 (inf inf inf)
RSR 12.12 0 (4.812173 2.304896 5.005304)
RLR 7.36 0 (1.056479 5.054983 1.249611)
LRL 7.34 0 (0.815292 5.436045 1.086461)

# -1.963495 0.785398 0.800000
# best = 4 = RLR
LSL 10.40 0 (4.185757 1.370467 4.846321)
LSR inf 1 (inf inf inf)
RSL inf 1 (inf inf inf)
RSR 12.48 0 (4.741122 2.664083 5.076355)
RLR 6.90 0 (0.870668 4.825463 1.205901)
LRL 7.63 0 (0.694464 5.583784 1.355028)

# -1.963495 0.785398 1.200000
# best = 4 = RLR
LSL 10.20 0 (3.910892 1.171918 5.121186)
LSR inf 1 (inf inf inf)
RSL inf 1 (inf inf inf)
RSR 12.85 0 (4.687156 3.033501 5.130321)
RLR 6.37 0 (0.684747 4.561552 1.127912)
LRL 7.84 0 (0.471958 5.688502 1.682252)

# -1.963495 0.785398 1.600000
# best = 4 = RLR
LSL 10.12 0 (3.562717 1.090230 5.469361)
LSR inf 1 (inf inf inf)
RSL inf 1 (inf inf inf)
RSR 13.23 0 (4.645001 3.409826 5.172477)
RLR 5.73 0 (0.482742 4.241853 1.010218)
LRL 7.93 0 (0.145074 5.731085 2.051718)

# -1.963495 0.785398 2.000000
# best = 4 = RLR
LSL 10.18 0 (3.207799 1.150571 5.824279)
LSR inf 1 (inf inf inf)
RSL 8.03 0 (5.277680 1.009620 1.743388)
RSR 13.61 0 (4.611272 3.791003 5.206206)
RLR 4.83 0 (0.223570 3.790966 0.818503)
LRL 14.15 0 (6.057627 5.699656 2.390922)

# -1.963495 0.785398 2.400000
# best = 1 = LSR
LSL 10.37 0 (2.919781 1.333801 6.112297)
LSR 4.08 0 (2.950009 0.933665 0.201116)
RSL 8.30 0 (5.057339 1.718357 1.523046)
RSR 13.99 0 (4.583731 4.175703 5.233746)
RLR inf 1 (inf inf inf)
LRL 13.96 0 (5.721413 5.603264 2.630743)

# -1.963495 0.785398 2.800000
# best = 0 = LSL
LSL 4.35 0 (2.713834 1.598197 0.035059)
LSR 10.63 0 (2.714571 1.666827 6.248864)
RSL 8.61 0 (4.932262 2.281703 1.397970)
RSR 14.38 0 (4.560851 4.563034 5.256626)
RLR inf 1 (inf inf inf)
LRL 13.67 0 (5.444402 5.461135 2.765626)

# -1.963495 0.785398 3.200000
# best = 0 = LSL
LSL 4.66 0 (2.570567 1.910352 0.178326)
LSR 10.94 0 (2.584656 2.237162 6.118948)
RSL 8.95 0 (4.847104 2.789191 1.312811)
RSR 14.77 0 (4.541560 4.952380 5.275918)
RLR inf 1 (inf inf inf)
LRL 13.32 0 (5.214253 5.287370 2.822011)

# -1.963495 0.785398 3.600000
# best = 0 = LSL
LSL 5.00 0 (2.468998 2.250479 0.279895)
LSR 11.28 0 (2.497039 2.747995 6.031331)
RSL 9.30 0 (4.784230 3.266957 1.249937)
RSR 15.16 0 (4.525086 5.343301 5.292392)
RLR inf 1 (inf inf inf)
LRL 12.93 0 (5.013040 5.088083 2.823936)

# -1.963495 0.785398 4.000000
# best = 0 = LSL
LSL 5.36 0 (2.394649 2.607656 0.354244)
LSR 11.63 0 (2.432684 3.227702 5.966976)
RSL 9.66 0 (4.735483 3.726449 1.201191)
RSR 15.55 0 (4.510861 5.735473 5.306616)
RLR inf 1 (inf inf inf)
LRL 12.47 0 (4.826136 4.862974 2.785731)

# -1.963495 0.785398 4.400000
# best = 0 = LSL
LSL 5.72 0 (2.338443 2.975748 0.410450)
LSR 11.99 0 (2.382957 3.688447 5.917250)
RSL 10.03 0 (4.696396 4.173709 1.162104)
RSR 15.95 0 (4.498460 6.128657 5.319018)
RLR inf 1 (inf inf inf)
LRL 11.96 0 (4.641092 4.605300 2.713100)

# -1.963495 0.785398 4.800000
# best = 0 = LSL
LSL 6.10 0 (2.294716 3.351162 0.454177)
LSR 12.36 0 (2.343182 4.136571 5.877475)
RSL 10.41 0 (4.664265 4.612295 1.129972)
RSR 16.34 0 (4.487555 6.522670 5.329923)
RLR inf 1 (inf inf inf)
LRL 11.34 0 (4.443084 4.296737 2.602546)

# -1.963495 0.785398 5.200000
# best = 0 = LSL
LSL 6.48 0 (2.259851 3.731689 0.489042)
LSR 12.73 0 (2.310544 4.575784 5.844837)
RSL 10.78 0 (4.637332 5.044470 1.103040)
RSR 16.73 0 (4.477893 6.917371 5.339584)
RLR inf 1 (inf inf inf)
LRL 10.51 0 (4.198999 3.878296 2.428190)

# -1.963495 0.785398 5.600000
# best = 0 = LSL
LSL 6.86 0 (2.231466 4.115910 0.517427)
LSR 13.11 0 (2.283228 5.008431 5.817520)
RSL 11.17 0 (4.614402 5.471755 1.080110)
RSR 17.13 0 (4.469276 7.312647 5.348202)
RLR inf 1 (inf inf inf)
LRL inf 1 (inf inf inf)

# -1.963495 0.785398 6.000000
# best = 0 = LSL
LSL 7.25 0 (2.207943 4.502879 0.540950)
LSR 13.49 0 (2.259999 5.436080 5.794291)
RSL 11.55 0 (4.594626 5.895211 1.060334)
RSR 17.53 0 (4.461542 7.708411 5.355935)
RLR inf 1 (inf inf inf)
LRL inf 1 (inf inf inf)

# -1.963495 0.785398 6.400000
# best = 0 = LSL
LSL 7.64 0 (2.188152 4.891946 0.560741)
LSR 13.87 0 (2.239984 5.859825 5.774277)
RSL 11.94 0 (4.577383 6.315611 1.043091)
RSR 17.92 0 (4.454565 8.104590 5.362913)
RLR inf 1 (inf inf inf)
LRL inf 1 (inf inf inf)

# -1.963495 0.785398 6.800000
# best = 0 = LSL
LSL 8.03 0 (2.171283 5.282646 0.577610)
LSR 14.26 0 (2.222549 6.280456 5.756841)
RSL 12.32 0 (4.562210 6.733525 1.027917)
RSR 18.32 0 (4.448238 8.501128 5.369240)
RLR inf 1 (inf inf inf)
LRL inf 1 (inf inf inf)

# -1.963495 0.785398 7.200000
# best = 0 = LSL
LSL 8.42 0 (2.156741 5.674641 0.592152)
LSR 14.65 0 (2.207217 6.698560 5.741509)
RSL 12.71 0 (4.548748 7.149390 1.014455)
RSR 18.72 0 (4.442475 8.897975 5.375003)
RLR inf 1 (inf inf inf)
LRL inf 1 (inf inf inf)

# -1.963495 0.785398 7.600000
# best = 0 = LSL
LSL 8.82 0 (2.144081 6.067682 0.604812)
LSR 15.04 0 (2.193623 7.114583 5.727915)
RSL 13.10 0 (4.536720 7.563544 1.002428)
RSR 19.11 0 (4.437204 9.295093 5.380273)
RLR inf 1 (inf inf inf)
LRL inf 1 (inf inf inf)

# -1.963495 0.785398 8.000000
# best = 0 = LSL
LSL 9.21 0 (2.132962 6.461577 0.615931)
LSR 15.43 0 (2.181484 7.528869 5.715776)
RSL 13.49 0 (4.525907 7.976253 0.991614)
RSR 19.51 0 (4.432366 9.692448 5.385112)
RLR inf 1 (inf inf inf)
LRL inf 1 (inf inf inf)

# -1.570796 0.785398 0.400000
# best = 5 = LRL
LSL 10.13 0 (4.216504 1.486112 4.422875)
LSR inf 1 (inf inf inf)
RSL inf 1 (inf inf inf)
RSR 12.43 0 (5.036162 2.222588 5.174015)
RLR 7.85 0 (1.305428 5.104903 1.443281)
LRL 7.12 0 (0.694257 5.521877 0.900628)

# -1.570796 0.785398 0.800000
# best = 4 = RLR
LSL 9.79 0 (4.050262 1.150149 4.589118)
LSR inf 1 (inf inf inf)
RSL inf 1 (inf inf inf)
RSR 12.82 0 (4.987290 2.604915 5.222887)
RLR 7.37 0 (1.136494 4.864780 1.372092)
LRL 7.47 0 (0.617015 5.699876 1.155871)

# -1.570796 0.785398 1.200000
# best = 4 = RLR
LSL 9.51 0 (3.763741 0.870148 4.875639)
LSR inf 1 (inf inf inf)
RSL inf 1 (inf inf inf)
RSR 13.20 0 (4.950990 2.991867 5.259187)
RLR 6.83 0 (0.964404 4.593198 1.272601)
LRL 7.76 0 (0.402858 5.844605 1.514756)

# -1.570796 0.785398 1.600000
# best = 4 = RLR
LSL 9.35 0 (3.291921 0.715172 5.347458)
LSR inf 1 (inf inf inf)
RSL 7.93 0 (5.782576 0.288177 1.855584)
RSR 13.59 0 (4.923032 3.381857 5.287145)
RLR 6.18 0 (0.774005 4.268318 1.138118)
LRL 14.20 0 (6.253754 5.923666 2.026106)

# -1.570796 0.785398 2.000000
# best = 4 = RLR
LSL 9.40 0 (2.748893 0.765367 5.890486)
LSR inf 1 (inf inf inf)
RSL 8.20 0 (5.398709 1.325655 1.471718)
RSR 13.98 0 (4.900869 3.773942 5.309308)
RLR 5.28 0 (0.526281 3.817196 0.934720)
LRL 14.15 0 (5.697957 5.898128 2.556365)

# -1.570796 0.785398 2.400000
# best = 1 = LSR
LSL 9.63 0 (2.366346 0.990000 6.273033)
LSR 3.35 0 (2.366452 0.969484 0.010258)
RSL 8.52 0 (5.257022 1.936924 1.330031)
RSR 14.38 0 (4.882884 4.167532 5.327292)
RLR inf 1 (inf inf inf)
LRL 13.92 0 (5.257840 5.782987 2.881341)

# -1.570796 0.785398 2.800000
# best = 0 = LSL
LSL 3.66 0 (2.145062 1.301697 0.211132)
LSR 9.94 0 (2.171263 1.669007 6.098255)
RSL 8.88 0 (5.169670 2.462923 1.242679)
RSR 14.77 0 (4.868008 4.562237 5.342169)
RLR inf 1 (inf inf inf)
LRL 13.60 0 (4.955195 5.620264 3.021264)

# -1.570796 0.785398 3.200000
# best = 0 = LSL
LSL 4.01 0 (2.013141 1.651887 0.343053)
LSR 10.28 0 (2.064357 2.225145 5.991348)
RSL 9.24 0 (5.108490 2.949628 1.181499)
RSR 15.17 0 (4.855503 4.957791 5.354674)
RLR inf 1 (inf inf inf)
LRL 13.22 0 (4.729019 5.431756 3.058931)

# -1.570796 0.785398 3.600000
# best = 0 = LSL
LSL 4.38 0 (1.928302 2.020655 0.427892)
LSR 10.64 0 (1.992936 2.727078 5.919927)
RSL 9.61 0 (5.062652 3.413886 1.135661)
RSR 15.56 0 (4.844847 5.354006 5.365330)
RLR inf 1 (inf inf inf)
LRL 12.80 0 (4.540323 5.224042 3.039913)

# -1.570796 0.785398 4.000000
# best = 0 = LSL
LSL 4.76 0 (1.869933 2.399450 0.486261)
LSR 11.01 0 (1.940858 3.200413 5.867849)
RSL 9.99 0 (5.026788 3.863798 1.099796)
RSR 15.96 0 (4.835660 5.750745 5.374516)
RLR inf 1 (inf inf inf)
LRL 12.35 0 (4.368196 4.996527 2.984525)

# -1.570796 0.785398 4.400000
# best = 0 = LSL
LSL 5.14 0 (1.827581 2.784183 0.528613)
LSR 11.38 0 (1.900842 3.656272 5.827833)
RSL 10.37 0 (4.997848 4.303864 1.070857)
RSR 16.36 0 (4.827660 6.147906 5.382516)
RLR inf 1 (inf inf inf)
LRL 11.84 0 (4.199299 4.743435 2.900330)

# -1.570796 0.785398 4.800000
# best = 0 = LSL
LSL 5.53 0 (1.795556 3.172694 0.560638)
LSR 11.77 0 (1.868974 4.100489 5.795966)
RSL 10.76 0 (4.973946 4.736830 1.046954)
RSR 16.76 0 (4.820631 6.545413 5.389545)
RLR inf 1 (inf inf inf)
LRL 11.26 0 (4.021146 4.451180 2.786228)

# -1.570796 0.785398 5.200000
# best = 0 = LSL
LSL 5.92 0 (1.770538 3.563749 0.585656)
LSR 12.15 0 (1.842918 4.536485 5.769909)
RSL 11.15 0 (4.953838 5.164482 1.026847)
RSR 17.15 0 (4.814408 6.943207 5.395769)
RLR inf 1 (inf inf inf)
LRL 10.52 0 (3.812726 4.084376 2.627844)

# -1.570796 0.785398 5.600000
# best = 0 = LSL
LSL 6.31 0 (1.750477 3.956592 0.605717)
LSR 12.54 0 (1.821174 4.966425 5.748165)
RSL 11.53 0 (4.936669 5.588040 1.009677)
RSR 17.55 0 (4.808859 7.341240 5.401318)
RLR inf 1 (inf inf inf)
LRL 9.23 0 (3.468730 3.436506 2.323970)

# -1.570796 0.785398 6.000000
# best = 0 = LSL
LSL 6.71 0 (1.734046 4.350739 0.622148)
LSR 12.92 0 (1.802728 5.391759 5.729719)
RSL 11.93 0 (4.921825 6.008370 0.994834)
RSR 17.95 0 (4.803881 7.739476 5.406296)
RLR inf 1 (inf inf inf)
LRL inf 1 (inf inf inf)

# -1.570796 0.785398 6.400000
# best = 0 = LSL
LSL 7.10 0 (1.720347 4.745866 0.635847)
LSR 13.31 0 (1.786869 5.813497 5.713860)
RSL 12.32 0 (4.908857 6.426105 0.981866)
RSR 18.35 0 (4.799390 8.137885 5.410787)
RLR inf 1 (inf inf inf)
LRL inf 1 (inf inf inf)

# -1.570796 0.785398 6.800000
# best = 0 = LSL
LSL 7.50 0 (1.708756 5.141747 0.647438)
LSR 13.71 0 (1.773078 6.232370 5.700069)
RSL 12.71 0 (4.897425 6.841720 0.970434)
RSR 18.75 0 (4.795318 8.536443 5.414858)
RLR inf 1 (inf inf inf)
LRL inf 1 (inf inf inf)

# -1.570796 0.785398 7.200000
# best = 0 = LSL
LSL 7.89 0 (1.698823 5.538220 0.657371)
LSR 14.10 0 (1.760969 6.648919 5.687960)
RSL 13.10 0 (4.887268 7.255581 0.960277)
RSR 19.15 0 (4.791610 8.935130 5.418567)
RLR inf 1 (inf inf inf)
LRL inf 1 (inf inf inf)

# -1.570796 0.785398 7.600000
# best = 0 = LSL
LSL 8.29 0 (1.690218 5.935166 0.665976)
LSR 14.49 0 (1.750248 7.063555 5.677239)
RSL 13.50 0 (4.878181 7.667970 0.951190)
RSR 19.54 0 (4.788219 9.333929 5.421958)
RLR inf 1 (inf inf inf)
LRL inf 1 (inf inf inf)

# -1.570796 0.785398 8.000000
# best = 0 = LSL
LSL 8.69 0 (1.682693 6.332496 0.673501)
LSR 14.88 0 (1.740686 7.476596 5.667678)
RSL 13.89 0 (4.870002 8.079114 0.943010)
RSR 19.94 0 (4.785105 9.732827 5.425072)
RLR inf 1 (inf inf inf)
LRL inf 1 (inf inf inf)

# -1.178097 0.785398 0.400000
# best = 5 = LRL
LSL 9.52 0 (4.062002 1.273019 4.184679)
LSR inf 1 (inf inf inf)
RSL inf 1 (inf inf inf)
RSR 12.66 0 (5.263487 2.056734 5.339389)
RLR 8.44 0 (1.581839 5.203074 1.657741)
LRL 6.95 0 (0.596521 5.635409 0.719198)

# -1.178097 0.785398 0.800000
# best = 5 = LRL
LSL 9.14 0 (3.947480 0.892070 4.299200)
LSR inf 1 (inf inf inf)
RSL inf 1 (inf inf inf)
RSR 13.06 0 (5.237758 2.452538 5.365118)
RLR 7.96 0 (1.436143 4.963140 1.563503)
LRL 7.35 0 (0.580978 5.833368 0.932699)

# -1.178097 0.785398 1.200000
# best = 4 = RLR
LSL 8.79 0 (3.674433 0.539444 4.572247)
LSR inf 1 (inf inf inf)
RSL inf 1 (inf inf inf)
RSR 13.45 0 (5.219188 2.849514 5.383688)
RLR 7.43 0 (1.284713 4.697422 1.449213)
LRL 7.71 0 (0.397567 6.012639 1.295381)

# -1.178097 0.785398 1.600000
# best = 4 = RLR
LSL 8.57 0 (2.844116 0.325900 5.402564)
LSR inf 1 (inf inf inf)
RSL 7.98 0 (5.799440 0.698789 1.479750)
RSR 13.85 0 (5.205163 3.247233 5.397713)
RLR 6.81 0 (1.116328 4.388701 1.308878)
LRL 14.20 0 (5.904143 6.120055 2.179406)

# -1.178097 0.785398 2.000000
# best = 0 = LSL
LSL 2.45 0 (1.899280 0.491347 0.064215)
LSR 8.74 0 (1.906005 0.606253 6.225695)
RSL 8.31 0 (5.591750 1.449733 1.272060)
RSR 14.25 0 (5.194200 3.645451 5.408675)
RLR 6.02 0 (0.906025 3.990020 1.120500)
LRL 14.04 0 (4.917725 6.036890 3.082660)

# -1.178097 0.785398 2.400000
# best = 0 = LSL
LSL 2.80 0 (1.577313 0.834645 0.386182)
LSR 9.07 0 (1.675893 1.397900 5.995583)
RSL 8.68 0 (5.493682 2.008767 1.173991)
RSR 14.65 0 (5.185398 4.044020 5.417478)
RLR inf 1 (inf inf inf)
LRL 13.69 0 (4.508699 5.862773 3.317569)

# -1.178097 0.785398 2.800000
# best = 0 = LSL
LSL 3.18 0 (1.448803 1.213196 0.514692)
LSR 9.43 0 (1.573138 1.964868 5.892828)
RSL 9.05 0 (5.431673 2.507700 1.111983)
RSR 15.05 0 (5.178175 4.442847 5.424701)
RLR inf 1 (inf inf inf)
LRL 13.30 0 (4.282243 5.666880 3.348132)

# -1.178097 0.785398 3.200000
# best = 0 = LSL
LSL 3.57 0 (1.381993 1.602203 0.581502)
LSR 9.81 0 (1.509036 2.467243 5.828726)
RSL 9.43 0 (5.387910 2.976908 1.068219)
RSR 15.44 0 (5.172142 4.841867 5.430733)
RLR inf 1 (inf inf inf)
LRL 12.88 0 (4.111467 5.458950 3.310977)

# -1.178097 0.785398 3.600000
# best = 0 = LSL
LSL 3.96 0 (1.341394 1.995562 0.622101)
LSR 10.19 0 (1.464101 2.938345 5.783791)
RSL 9.82 0 (5.355031 3.428615 1.035341)
RSR 15.84 0 (5.167028 5.241037 5.435847)
RLR inf 1 (inf inf inf)
LRL 12.44 0 (3.960669 5.238549 3.241375)

# -1.178097 0.785398 4.000000
# best = 0 = LSL
LSL 4.35 0 (1.314195 2.391125 0.649300)
LSR 10.57 0 (1.430485 3.391232 5.750175)
RSL 10.21 0 (5.329284 3.868955 1.009594)
RSR 16.24 0 (5.162639 5.640324 5.440237)
RLR inf 1 (inf inf inf)
LRL 11.97 0 (3.815057 5.001724 3.150162)

# -1.178097 0.785398 4.400000
# best = 0 = LSL
LSL 4.75 0 (1.294727 2.787954 0.668768)
LSR 10.96 0 (1.404238 3.832367 5.723928)
RSL 10.60 0 (5.308508 4.301422 0.988818)
RSR 16.64 0 (5.158829 6.039706 5.444046)
RLR inf 1 (inf inf inf)
LRL 11.45 0 (3.665131 4.740807 3.039171)

# -1.178097 0.785398 4.800000
# best = 0 = LSL
LSL 5.15 0 (1.280115 3.185577 0.683380)
LSR 11.35 0 (1.383105 4.265397 5.702795)
RSL 10.99 0 (5.291354 4.728176 0.971664)
RSR 17.04 0 (5.155492 6.439164 5.447383)
RLR inf 1 (inf inf inf)
LRL 10.84 0 (3.500398 4.440567 2.903663)

# -1.178097 0.785398 5.200000
# best = 0 = LSL
LSL 5.55 0 (1.268748 3.583729 0.694747)
LSR 11.74 0 (1.365686 4.692568 5.685377)
RSL 11.38 0 (5.276931 5.150638 0.957241)
RSR 17.44 0 (5.152546 6.838686 5.450330)
RLR inf 1 (inf inf inf)
LRL 10.09 0 (3.299815 4.062135 2.725815)

# -1.178097 0.785398 5.600000
# best = 0 = LSL
LSL 5.95 0 (1.259655 3.982251 0.703840)
LSR 12.14 0 (1.351061 5.115347 5.670752)
RSL 11.78 0 (5.264623 5.569784 0.944933)
RSR 17.84 0 (5.149924 7.238260 5.452952)
RLR inf 1 (inf inf inf)
LRL 8.62 0 (2.924691 3.330072 2.368877)

# -1.178097 0.785398 6.000000
# best = 0 = LSL
LSL 6.34 0 (1.252216 4.381042 0.711279)
LSR 12.53 0 (1.338595 5.534741 5.658285)
RSL 12.17 0 (5.253990 5.986310 0.934299)
RSR 18.24 0 (5.147577 7.637879 5.455299)
RLR inf 1 (inf inf inf)
LRL inf 1 (inf inf inf)

# -1.178097 0.785398 6.400000
# best = 0 = LSL
LSL 6.74 0 (1.246020 4.780036 0.717475)
LSR 12.93 0 (1.327834 5.951466 5.647525)
RSL 12.57 0 (5.244705 6.400729 0.925015)
RSR 18.64 0 (5.145463 8.037536 5.457413)
RLR inf 1 (inf inf inf)
LRL inf 1 (inf inf inf)

# -1.178097 0.785398 6.800000
# best = 0 = LSL
LSL 7.14 0 (1.240778 5.179185 0.722717)
LSR 13.32 0 (1.318447 6.366045 5.638137)
RSL 12.97 0 (5.236525 6.813424 0.916835)
RSR 19.04 0 (5.143549 8.437226 5.459326)
RLR inf 1 (inf inf inf)
LRL inf 1 (inf inf inf)

# -1.178097 0.785398 7.200000
# best = 0 = LSL
LSL 7.54 0 (1.236286 5.578456 0.727209)
LSR 13.72 0 (1.310182 6.778872 5.629873)
RSL 13.36 0 (5.229262 7.224691 0.909571)
RSR 19.44 0 (5.141809 8.836943 5.461067)
RLR inf 1 (inf inf inf)
LRL inf 1 (inf inf inf)

# -1.178097 0.785398 7.600000
# best = 0 = LSL
LSL 7.94 0 (1.232395 5.977824 0.731100)
LSR 14.12 0 (1.302848 7.190249 5.622538)
RSL 13.76 0 (5.222767 7.634761 0.903077)
RSR 19.84 0 (5.140219 9.236685 5.462657)
RLR inf 1 (inf inf inf)
LRL inf 1 (inf inf inf)

# -1.178097 0.785398 8.000000
# best = 0 = LSL
LSL 8.34 0 (1.228991 6.377271 0.734504)
LSR 14.51 0 (1.296294 7.600412 5.615984)
RSL 14.16 0 (5.216924 8.043817 0.897234)
RSR 20.24 0 (5.138761 9.636449 5.464115)
RLR inf 1 (inf inf inf)
LRL inf 1 (inf inf inf)

# -0.785398 0.785398 0.400000
# best = 5 = LRL
LSL 8.87 0 (3.926991 1.014213 3.926991)
LSR inf 1 (inf inf inf)
RSL inf 1 (inf inf inf)
RSR 12.81 0 (5.497787 1.814213 5.497787)
RLR 9.11 0 (1.885446 5.341689 1.885446)
LRL 6.83 0 (0.529046 5.770482 0.529046)

# -0.785398 0.785398 0.800000
# best = 5 = LRL
LSL 8.47 0 (3.926991 0.614213 3.926991)
LSR inf 1 (inf inf inf)
RSL inf 1 (inf inf inf)
RSR 13.21 0 (5.497787 2.214213 5.497787)
RLR 8.65 0 (1.769570 5.109936 1.769570)
LRL 7.24 0 (0.631235 5.974859 0.631235)

# -0.785398 0.785398 1.200000
# best = 5 = LRL
LSL 8.07 0 (3.926991 0.214213 3.926991)
LSR inf 1 (inf inf inf)
RSL inf 1 (inf inf inf)
RSR 13.61 0 (5.497787 2.614213 5.497787)
RLR 8.15 0 (1.643925 4.858646 1.643925)
LRL 7.64 0 (0.731819 6.176027 0.731819)

# -0.785398 0.785398 1.600000
# best = 0 = LSL
LSL 1.76 0 (0.785398 0.185787 0.785398)
LSR 8.01 0 (1.274316 0.748332 5.986705)
RSL 8.01 0 (5.986705 0.748332 1.274316)
RSR 14.01 0 (5.497787 3.014213 5.497787)
RLR 7.58 0 (1.502744 4.576284 1.502744)
LRL 13.95 0 (3.880527 6.190259 3.880527)

# -0.785398 0.785398 2.000000
# best = 0 = LSL
LSL 2.16 0 (0.785398 0.585787 0.785398)
LSR 8.38 0 (1.125235 1.414214 5.837624)
RSL 8.38 0 (5.837624 1.414214 1.125235)
RSR 14.41 0 (5.497787 3.414213 5.497787)
RLR 6.90 0 (1.333427 4.237650 1.333427)
LRL 13.55 0 (3.780015 5.989235 3.780015)

# -0.785398 0.785398 2.400000
# best = 0 = LSL
LSL 2.56 0 (0.785398 0.985787 0.785398)
LSR 8.76 0 (1.053781 1.939072 5.766170)
RSL 8.76 0 (5.766170 1.939072 1.053781)
RSR 14.81 0 (5.497787 3.814213 5.497787)
RLR 5.94 0 (1.091375 3.753545 1.091375)
LRL 13.14 0 (3.677979 5.785161 3.677979)

# -0.785398 0.785398 2.800000
# best = 0 = LSL
LSL 2.96 0 (0.785398 1.385787 0.785398)
LSR 9.15 0 (1.009046 2.416609 5.721435)
RSL 9.15 0 (5.721435 2.416609 1.009046)
RSR 15.21 0 (5.497787 4.214213 5.497787)
RLR inf 1 (inf inf inf)
LRL 12.72 0 (3.573210 5.575624 3.573210)

# -0.785398 0.785398 3.200000
# best = 0 = LSL
LSL 3.36 0 (0.785398 1.785787 0.785398)
LSR 9.54 0 (0.977795 2.870540 5.690185)
RSL 9.54 0 (5.690185 2.870540 0.977795)
RSR 15.61 0 (5.497787 4.614213 5.497787)
RLR inf 1 (inf inf inf)
LRL 12.29 0 (3.464200 5.357605 3.464200)

# -0.785398 0.785398 3.600000
# best = 0 = LSL
LSL 3.76 0 (0.785398 2.185787 0.785398)
LSR 9.93 0 (0.954527 3.310589 5.666916)
RSL 9.93 0 (5.666916 3.310589 0.954527)
RSR 16.01 0 (5.497787 5.014213 5.497787)
RLR inf 1 (inf inf inf)
LRL 11.82 0 (3.348875 5.126954 3.348875)

# -0.785398 0.785398 4.000000
# best = 0 = LSL
LSL 4.16 0 (0.785398 2.585787 0.785398)
LSR 10.33 0 (0.936444 3.741657 5.648833)
RSL 10.33 0 (5.648833 3.741657 0.936444)
RSR 16.41 0 (5.497787 5.414213 5.497787)
RLR inf 1 (inf inf inf)
LRL 11.33 0 (3.224073 4.877350 3.224073)

# -0.785398 0.785398 4.400000
# best = 0 = LSL
LSL 4.56 0 (0.785398 2.985787 0.785398)
LSR 10.72 0 (0.921947 4.166533 5.634336)
RSL 10.72 0 (5.634336 4.166533 0.921947)
RSR 16.81 0 (5.497787 5.814213 5.497787)
RLR inf 1 (inf inf inf)
LRL 10.77 0 (3.084284 4.597773 3.084284)

# -0.785398 0.785398 4.800000
# best = 0 = LSL
LSL 4.96 0 (0.785398 3.385787 0.785398)
LSR 11.12 0 (0.910045 4.586938 5.622434)
RSL 11.12 0 (5.622434 4.586938 0.910045)
RSR 17.21 0 (5.497787 6.214213 5.497787)
RLR inf 1 (inf inf inf)
LRL 10.10 0 (2.917714 4.264633 2.917714)

# -0.785398 0.785398 5.200000
# best = 0 = LSL
LSL 5.36 0 (0.785398 3.785787 0.785398)
LSR 11.52 0 (0.900087 5.003998 5.612476)
RSL 11.52 0 (5.612476 5.003998 0.900087)
RSR 17.61 0 (5.497787 6.614213 5.497787)
RLR inf 1 (inf inf inf)
LRL 9.17 0 (2.684944 3.799093 2.684944)

# -0.785398 0.785398 5.600000
# best = 0 = LSL
LSL 5.76 0 (0.785398 4.185787 0.785398)
LSR 11.91 0 (0.891626 5.418487 5.604015)
RSL 11.91 0 (5.604015 5.418487 0.891626)
RSR 18.01 0 (5.497787 7.014213 5.497787)
RLR inf 1 (inf inf inf)
LRL inf 1 (inf inf inf)

# -0.785398 0.785398 6.000000
# best = 0 = LSL
LSL 6.16 0 (0.785398 4.585787 0.785398)
LSR 12.31 0 (0.884343 5.830952 5.596733)
RSL 12.31 0 (5.596733 5.830952 0.884343)
RSR 18.41 0 (5.497787 7.414213 5.497787)
RLR inf 1 (inf inf inf)
LRL inf 1 (inf inf inf)

# -0.785398 0.785398 6.400000
# best = 0 = LSL
LSL 6.56 0 (0.785398 4.985787 0.785398)
LSR 12.71 0 (0.878006 6.241795 5.590396)
RSL 12.71 0 (5.590396 6.241795 0.878006)
RSR 18.81 0 (5.497787 7.814213 5.497787)
RLR inf 1 (inf inf inf)
LRL inf 1 (inf inf inf)

# -0.785398 0.785398 6.800000
# best = 0 = LSL
LSL 6.96 0 (0.785398 5.385787 0.785398)
LSR 13.11 0 (0.872440 6.651316 5.584830)
RSL 13.11 0 (5.584830 6.651316 0.872440)
RSR 19.21 0 (5.497787 8.214213 5.497787)
RLR inf 1 (inf inf inf)
LRL inf 1 (inf inf inf)

# -0.785398 0.785398 7.200000
# best = 0 = LSL
LSL 7.36 0 (0.785398 5.785787 0.785398)
LSR 13.51 0 (0.867511 7.059745 5.579901)
RSL 13.51 0 (5.579901 7.059745 0.867511)
RSR 19.61 0 (5.497787 8.614213 5.497787)
RLR inf 1 (inf inf inf)
LRL inf 1 (inf inf inf)

# -0.785398 0.785398 7.600000
# best = 0 = LSL
LSL 7.76 0 (0.785398 6.185787 0.785398)
LSR 13.91 0 (0.863115 7.467262 5.575504)
RSL 13.91 0 (5.575504 7.467262 0.863115)
RSR 20.01 0 (5.497787 9.014213 5.497787)
RLR inf 1 (inf inf inf)
LRL inf 1 (inf inf inf)

# -0.785398 0.785398 8.000000
# best = 0 = LSL
LSL 8.16 0 (0.785398 6.585787 0.785398)
LSR 14.30 0 (0.859169 7.874008 5.571558)
RSL 14.30 0 (5.571558 7.874008 0.859169)
RSR 20.41 0 (5.497787 9.414213 5.497787)
RLR inf 1 (inf inf inf)
LRL inf 1 (inf inf inf)

# -0.392699 0.785398 0.400000
# best = 5 = LRL
LSL 8.18 0 (3.838778 0.723050 3.622504)
LSR inf 1 (inf inf inf)
RSL inf 1 (inf inf inf)
RSR 12.89 0 (5.745995 1.505478 5.642279)
RLR 9.84 0 (2.218528 5.511436 2.114812)
LRL 6.73 0 (0.515424 5.919662 0.299150)

# -0.392699 0.785398 0.800000
# best = 5 = LRL
LSL 7.82 0 (4.176533 0.361896 3.284749)
LSR inf 1 (inf inf inf)
RSL inf 1 (inf inf inf)
RSR 13.29 0 (5.776278 1.902182 5.611995)
RLR 9.41 0 (2.139101 5.292017 1.974819)
LRL 7.10 0 (0.944343 6.101990 0.052559)

# -0.392699 0.785398 1.200000
# best = 1 = LSR
LSL 7.70 0 (5.575443 0.243180 1.885839)
LSR 7.46 0 (0.683912 0.991959 5.789001)
RSL inf 1 (inf inf inf)
RSR 13.69 0 (5.796098 2.300028 5.592175)
RLR 8.94 0 (2.041893 5.057960 1.837970)
LRL 13.50 0 (2.373018 6.161520 4.966599)

# -0.392699 0.785398 1.600000
# best = 2 = RSL
LSL 8.02 0 (6.274124 0.554351 1.187158)
LSR 7.85 0 (0.605089 1.537375 5.710177)
RSL 1.73 0 (0.009214 0.535922 1.187311)
RSR 14.09 0 (5.810069 2.698511 5.578204)
RLR 8.43 0 (1.928016 4.802265 1.696152)
LRL 13.19 0 (2.993496 6.005115 4.189716)

# -0.392699 0.785398 2.000000
# best = 0 = LSL
LSL 2.11 0 (0.158898 0.935667 1.019199)
LSR 8.25 0 (0.562338 2.015703 5.667427)
RSL 8.40 0 (6.144741 1.211476 1.039653)
RSR 14.49 0 (5.820443 3.097385 5.567830)
RLR 7.85 0 (1.793169 4.511823 1.540556)
LRL 12.80 0 (3.064386 5.810977 3.924688)

# -0.392699 0.785398 2.400000
# best = 0 = LSL
LSL 2.51 0 (0.228736 1.328021 0.949361)
LSR 8.64 0 (0.534642 2.466293 5.639731)
RSL 8.79 0 (6.084178 1.722828 0.979089)
RSR 14.88 0 (5.828450 3.496516 5.559824)
RLR 7.13 0 (1.623217 4.155906 1.354592)
LRL 12.39 0 (3.031899 5.606328 3.752525)

# -0.392699 0.785398 2.800000
# best = 0 = LSL
LSL 2.90 0 (0.266619 1.723893 0.911478)
LSR 9.04 0 (0.515010 2.902092 5.620098)
RSL 9.18 0 (6.048401 2.188286 0.943313)
RSR 15.28 0 (5.834815 3.895826 5.553458)
RLR 6.02 0 (1.351151 3.599042 1.069794)
LRL 11.96 0 (2.962641 5.392043 3.607499)

# -0.392699 0.785398 3.200000
# best = 0 = LSL
LSL 3.30 0 (0.290332 2.121315 0.887765)
LSR 9.43 0 (0.500284 3.328915 5.605372)
RSL 9.58 0 (6.024281 2.632310 0.919193)
RSR 15.68 0 (5.839997 4.295264 5.548277)
RLR inf 1 (inf inf inf)
LRL 11.51 0 (2.872937 5.165209 3.470369)

# -0.392699 0.785398 3.600000
# best = 0 = LSL
LSL 3.70 0 (0.306556 2.519552 0.871541)
LSR 9.83 0 (0.488794 3.749829 5.593883)
RSL 9.97 0 (6.006767 3.064232 0.901678)
RSR 16.08 0 (5.844297 4.694797 5.543977)
RLR inf 1 (inf inf inf)
LRL 11.02 0 (2.766740 4.920367 3.331724)

# -0.392699 0.785398 4.000000
# best = 0 = LSL
LSL 4.10 0 (0.318349 2.918272 0.859748)
LSR 10.23 0 (0.479563 4.166624 5.584651)
RSL 10.37 0 (5.993412 3.488550 0.888324)
RSR 16.48 0 (5.847922 5.094404 5.540351)
RLR inf 1 (inf inf inf)
LRL 10.47 0 (2.642252 4.647805 3.183650)

# -0.392699 0.785398 4.400000
# best = 0 = LSL
LSL 4.50 0 (0.327306 3.317300 0.850791)
LSR 10.63 0 (0.471974 4.580425 5.577062)
RSL 10.77 0 (5.982867 3.907741 0.877778)
RSR 16.88 0 (5.851020 5.494068 5.537253)
RLR inf 1 (inf inf inf)
LRL 9.83 0 (2.491000 4.327388 3.014485)

# -0.392699 0.785398 4.800000
# best = 0 = LSL
LSL 4.89 0 (0.334339 3.716537 0.843758)
LSR 11.03 0 (0.465620 4.991977 5.570709)
RSL 11.17 0 (5.974315 4.323298 0.869226)
RSR 17.28 0 (5.853698 5.893778 5.534576)
RLR inf 1 (inf inf inf)
LRL 8.98 0 (2.283867 3.899056 2.793286)

# -0.392699 0.785398 5.200000
# best = 0 = LSL
LSL 5.29 0 (0.340008 4.115922 0.838089)
LSR 11.43 0 (0.460220 5.401793 5.565308)
RSL 11.57 0 (5.967232 4.736176 0.862144)
RSR 17.68 0 (5.856036 6.293524 5.532238)
RLR inf 1 (inf inf inf)
LRL inf 1 (inf inf inf)

# -0.392699 0.785398 5.600000
# best = 0 = LSL
LSL 5.69 0 (0.344673 4.515416 0.833424)
LSR 11.83 0 (0.455571 5.810242 5.560659)
RSL 11.96 0 (5.961267 5.147021 0.856179)
RSR 18.08 0 (5.858094 6.693301 5.530179)
RLR inf 1 (inf inf inf)
LRL inf 1 (inf inf inf)

# -0.392699 0.785398 6.000000
# best = 0 = LSL
LSL 6.09 0 (0.348580 4.914993 0.829517)
LSR 12.23 0 (0.451526 6.217592 5.556615)
RSL 12.36 0 (5.956171 5.556284 0.851083)
RSR 18.48 0 (5.859920 7.093103 5.528353)
RLR inf 1 (inf inf inf)
LRL inf 1 (inf inf inf)

# -0.392699 0.785398 6.400000
# best = 0 = LSL
LSL 6.49 0 (0.351900 5.314633 0.826197)
LSR 12.63 0 (0.447974 6.624046 5.553062)
RSL 12.76 0 (5.951766 5.964289 0.846677)
RSR 18.88 0 (5.861552 7.492926 5.526722)
RLR inf 1 (inf inf inf)
LRL inf 1 (inf inf inf)

# -0.392699 0.785398 6.800000
# best = 0 = LSL
LSL 6.89 0 (0.354755 5.714323 0.823342)
LSR 13.02 0 (0.444829 7.029760 5.549917)
RSL 13.16 0 (5.947919 6.371280 0.842830)
RSR 19.28 0 (5.863018 7.892767 5.525255)
RLR inf 1 (inf inf inf)
LRL inf 1 (inf inf inf)

# -0.392699 0.785398 7.200000
# best = 0 = LSL
LSL 7.29 0 (0.357237 6.114054 0.820860)
LSR 13.42 0 (0.442025 7.434855 5.547113)
RSL 13.56 0 (5.944529 6.777438 0.839441)
RSR 19.68 0 (5.864343 8.292624 5.523931)
RLR inf 1 (inf inf inf)
LRL inf 1 (inf inf inf)

# -0.392699 0.785398 7.600000
# best = 0 = LSL
LSL 7.69 0 (0.359414 6.513818 0.818683)
LSR 13.82 0 (0.439508 7.839426 5.544596)
RSL 13.96 0 (5.941520 7.182906 0.836431)
RSR 20.08 0 (5.865546 8.692493 5.522728)
RLR inf 1 (inf inf inf)
LRL inf 1 (inf inf inf)

# -0.392699 0.785398 8.000000
# best = 0 = LSL
LSL 8.09 0 (0.361339 6.913609 0.816758)
LSR 14.22 0 (0.437237 8.243551 5.542325)
RSL 14.36 0 (5.938830 7.587792 0.833741)
RSR 20.48 0 (5.866643 9.092374 5.521631)
RLR inf 1 (inf inf inf)
LRL inf 1 (inf inf inf)

# 0.000000 0.785398 0.400000
# best = 1 = LSR
LSL 7.49 0 (3.903306 0.424383 3.165277)
LSR 6.65 0 (0.390460 0.374031 5.888247)
RSL inf 1 (inf inf inf)
RSR 12.93 0 (6.024553 1.145195 5.756419)
RLR 10.62 0 (2.592599 5.702462 2.324465)
LRL 12.93 0 (0.655418 6.070594 6.200574)

# 0.000000 0.785398 0.800000
# best = 1 = LSR
LSL 7.38 0 (5.019512 0.307271 2.049072)
LSR 7.04 0 (0.224703 1.088845 5.722491)
RSL inf 1 (inf inf inf)
RSR 13.32 0 (6.091237 1.535304 5.689736)
RLR 10.21 0 (2.555708 5.495313 2.154207)
LRL 13.04 0 (1.801025 6.129398 5.113771)

# 0.000000 0.785398 1.200000
# best = 1 = LSR
LSL 7.64 0 (5.747018 0.573350 1.321566)
LSR 7.43 0 (0.166771 1.597269 5.664558)
RSL inf 1 (inf inf inf)
RSR 13.71 0 (6.130796 1.929467 5.650176)
RLR 9.77 0 (2.485849 5.276476 2.005229)
LRL 12.78 0 (2.461592 5.995519 4.319325)

# 0.000000 0.785398 1.600000
# best = 1 = LSR
LSL 8.01 0 (5.966218 0.939705 1.102365)
LSR 7.82 0 (0.133985 2.058387 5.631772)
RSL inf 1 (inf inf inf)
RSR 14.11 0 (6.156908 2.325624 5.624064)
RLR 9.30 0 (2.394860 5.042274 1.862016)
LRL 12.40 0 (2.587483 5.808900 4.006815)

# 0.000000 0.785398 2.000000
# best = 2 = RSL
LSL 8.39 0 (6.060405 1.325654 1.008179)
LSR 8.22 0 (0.112411 2.498528 5.610198)
RSL 2.12 0 (0.282705 0.765367 1.068103)
RSR 14.50 0 (6.175410 2.722905 5.605562)
RLR 8.79 0 (2.285064 4.785678 1.715216)
LRL 12.00 0 (2.581011 5.607582 3.811970)

# 0.000000 0.785398 2.400000
# best = 2 = RSL
LSL 8.79 0 (6.111868 1.718044 0.956715)
LSR 8.62 0 (0.097000 2.927170 5.594788)
RSL 2.51 0 (0.192914 1.334205 0.978312)
RSR 14.90 0 (6.189197 3.120881 5.591775)
RLR 8.20 0 (2.152587 4.493150 1.555165)
LRL 11.58 0 (2.526324 5.395283 3.654357)

# 0.000000 0.785398 2.800000
# best = 2 = RSL
LSL 9.18 0 (6.144142 2.113289 0.924441)
LSR 9.02 0 (0.085391 3.348733 5.583179)
RSL 2.90 0 (0.149616 1.815053 0.935014)
RSR 15.30 0 (6.199864 3.519316 5.581108)
RLR 7.48 0 (1.982770 4.132181 1.364013)
LRL 11.13 0 (2.445926 5.169939 3.509411)

# 0.000000 0.785398 3.200000
# best = 2 = RSL
LSL 9.58 0 (6.166230 2.510041 0.902353)
LSR 9.42 0 (0.076310 3.765594 5.574097)
RSL 3.30 0 (0.122972 2.264670 0.908370)
RSR 15.70 0 (6.208361 3.918070 5.572612)
RLR 6.31 0 (1.698718 3.547084 1.062968)
LRL 10.64 0 (2.346286 4.926483 3.365594)

# 0.000000 0.785398 3.600000
# best = 2 = RSL
LSL 9.98 0 (6.182283 2.907683 0.886300)
LSR 9.81 0 (0.069000 4.179160 5.566787)
RSL 3.69 0 (0.104666 2.698712 0.890064)
RSR 16.10 0 (6.215288 4.317054 5.565685)
RLR inf 1 (inf inf inf)
LRL 10.10 0 (2.226864 4.655531 3.214065)

# 0.000000 0.785398 4.000000
# best = 2 = RSL
LSL 10.37 0 (6.194472 3.305894 0.874112)
LSR 10.21 0 (0.062984 4.590323 5.560772)
RSL 4.09 0 (0.091229 3.123677 0.876627)
RSR 16.50 0 (6.221042 4.716210 5.559931)
RLR inf 1 (inf inf inf)
LRL 9.46 0 (2.080065 4.337557 3.042890)

# 0.000000 0.785398 4.400000
# best = 2 = RSL
LSL 10.77 0 (6.204038 3.704490 0.864545)
LSR 10.61 0 (0.057943 4.999675 5.555731)
RSL 4.49 0 (0.080913 3.542834 0.866311)
RSR 16.90 0 (6.225898 5.115498 5.555075)
RLR inf 1 (inf inf inf)
LRL 8.62 0 (1.878445 3.915184 2.822137)

# 0.000000 0.785398 4.800000
# best = 2 = RSL
LSL 11.17 0 (6.211746 4.103360 0.856838)
LSR 11.01 0 (0.053656 5.407628 5.551444)
RSL 4.89 0 (0.072728 3.958029 0.858126)
RSR 17.30 0 (6.230051 5.514890 5.550922)
RLR inf 1 (inf inf inf)
LRL inf 1 (inf inf inf)

# 0.000000 0.785398 5.200000
# best = 2 = RSL
LSL 11.57 0 (6.218087 4.502430 0.850496)
LSR 11.41 0 (0.049965 5.814475 5.547752)
RSL 5.29 0 (0.066067 4.370390 0.851465)
RSR 17.70 0 (6.233643 5.914363 5.547330)
RLR inf 1 (inf inf inf)
LRL inf 1 (inf inf inf)

# 0.000000 0.785398 5.600000
# best = 2 = RSL
LSL 11.97 0 (6.223396 4.901652 0.845188)
LSR 11.81 0 (0.046751 6.220435 5.544539)
RSL 5.69 0 (0.060537 4.780650 0.845935)
RSR 18.09 0 (6.236780 6.313904 5.544193)
RLR inf 1 (inf inf inf)
LRL inf 1 (inf inf inf)

# 0.000000 0.785398 6.000000
# best = 2 = RSL
LSL 12.37 0 (6.227905 5.300991 0.840679)
LSR 12.21 0 (0.043929 6.625669 5.541716)
RSL 6.09 0 (0.055869 5.189310 0.841267)
RSR 18.49 0 (6.239544 6.713499 5.541429)
RLR inf 1 (inf inf inf)
LRL inf 1 (inf inf inf)

# 0.000000 0.785398 6.400000
# best = 2 = RSL
LSL 12.77 0 (6.231782 5.700423 0.836802)
LSR 12.61 0 (0.041429 7.030304 5.539217)
RSL 6.49 0 (0.051876 5.596718 0.837274)
RSR 18.89 0 (6.241997 7.113139 5.538975)
RLR inf 1 (inf inf inf)
LRL inf 1 (inf inf inf)

# 0.000000 0.785398 6.800000
# best = 2 = RSL
LSL 13.17 0 (6.235151 6.099929 0.833432)
LSR 13.01 0 (0.039200 7.434438 5.536987)
RSL 6.89 0 (0.048419 6.003129 0.833817)
RSR 19.29 0 (6.244190 7.512818 5.536783)
RLR inf 1 (inf inf inf)
LRL inf 1 (inf inf inf)

# 0.000000 0.785398 7.200000
# best = 2 = RSL
LSL 13.57 0 (6.238106 6.499496 0.830477)
LSR 13.41 0 (0.037200 7.838147 5.534987)
RSL 7.28 0 (0.045396 6.408734 0.830794)
RSR 19.69 0 (6.246160 7.912529 5.534812)
RLR inf 1 (inf inf inf)
LRL inf 1 (inf inf inf)

# 0.000000 0.785398 7.600000
# best = 2 = RSL
LSL 13.97 0 (6.240719 6.899113 0.827864)
LSR 13.81 0 (0.035394 8.241495 5.533182)
RSL 7.68 0 (0.042731 6.813677 0.828129)
RSR 20.09 0 (6.247942 8.312268 5.533031)
RLR inf 1 (inf inf inf)
LRL inf 1 (inf inf inf)

# 0.000000 0.785398 8.000000
# best = 2 = RSL
LSL 14.37 0 (6.243045 7.298772 0.825538)
LSR 14.21 0 (0.033757 8.644531 5.531544)
RSL 8.08 0 (0.040363 7.218068 0.825761)
RSR 20.49 0 (6.249560 8.712031 5.531413)
RLR inf 1 (inf inf inf)
LRL inf 1 (inf inf inf)

# 0.392699 0.785398 0.400000
# best = 3 = RSR
LSL 6.91 0 (4.655157 0.229570 2.020727)
LSR 12.93 0 (6.192185 0.937865 5.799486)
RSL inf 1 (inf inf inf)
RSR 6.65 0 (0.101944 0.756161 5.788542)
RLR 11.41 0 (3.053352 5.902816 2.456765)
LRL 12.73 0 (1.456140 6.168337 5.104896)

# 0.392699 0.785398 0.800000
# best = 3 = RSR
LSL 7.20 0 (5.462811 0.522651 1.213073)
LSR 13.32 0 (6.107748 1.493795 5.715049)
RSL inf 1 (inf inf inf)
RSR 7.04 0 (0.202250 1.145128 5.688236)
RLR 11.01 0 (3.053498 5.702497 2.256300)
LRL 12.43 0 (2.190181 6.021111 4.223628)

# 0.392699 0.785398 1.200000
# best = 3 = RSR
LSL 7.58 0 (5.647789 0.902012 1.028095)
LSR 13.71 0 (6.063081 1.975666 5.670382)
RSL inf 1 (inf inf inf)
RSR 7.43 0 (0.251446 1.539759 5.639040)
RLR 10.59 0 (2.997896 5.492900 2.102305)
LRL 12.05 0 (2.278738 5.828267 3.942228)

# 0.392699 0.785398 1.600000
# best = 3 = RSR
LSL 7.97 0 (5.722154 1.293865 0.953731)
LSR 14.10 0 (6.034446 2.427980 5.641747)
RSL inf 1 (inf inf inf)
RSR 7.83 0 (0.280529 1.936594 5.609957)
RLR 10.15 0 (2.916732 5.272406 1.962975)
LRL 11.64 0 (2.251171 5.624405 3.765933)

# 0.392699 0.785398 2.000000
# best = 3 = RSR
LSL 8.37 0 (5.761829 1.689541 0.914055)
LSR 14.50 0 (6.014271 2.864772 5.621572)
RSL inf 1 (inf inf inf)
RSR 8.22 0 (0.299709 2.334509 5.590777)
RLR 9.68 0 (2.818113 5.036808 1.825996)
LRL 11.21 0 (2.184161 5.411035 3.619573)

# 0.392699 0.785398 2.400000
# best = 2 = RSL
LSL 8.76 0 (5.786424 2.086866 0.889460)
LSR 14.90 0 (5.999200 3.292226 5.606501)
RSL 2.55 0 (0.771682 0.613814 1.164381)
RSR 8.62 0 (0.313300 2.733034 5.577186)
RLR 9.16 0 (2.702677 4.778754 1.683378)
LRL 10.76 0 (2.095969 5.185462 3.482191)

# 0.392699 0.785398 2.800000
# best = 2 = RSL
LSL 9.16 0 (5.803145 2.485049 0.872740)
LSR 15.30 0 (5.987476 3.713567 5.594777)
RSL 2.93 0 (0.639996 1.258942 1.032695)
RSR 9.02 0 (0.323430 3.131934 5.567056)
RLR 8.58 0 (2.565575 4.484290 1.526016)
LRL 10.28 0 (1.991199 4.942480 3.343980)

# 0.392699 0.785398 3.200000
# best = 2 = RSL
LSL 9.56 0 (5.815245 2.883736 0.860640)
LSR 15.69 0 (5.978077 4.130668 5.585378)
RSL 3.32 0 (0.582604 1.764399 0.975303)
RSR 9.42 0 (0.331271 3.531083 5.559216)
RLR 7.85 0 (2.391135 4.119730 1.335895)
LRL 9.74 0 (1.868503 4.672887 3.197083)

# 0.392699 0.785398 3.600000
# best = 2 = RSL
LSL 9.96 0 (5.824404 3.282742 0.851480)
LSR 16.09 0 (5.970365 4.544694 5.577666)
RSL 3.72 0 (0.548166 2.227391 0.940865)
RSR 9.82 0 (0.337518 3.930406 5.552968)
RLR 6.64 0 (2.095126 3.515216 1.027391)
LRL 9.11 0 (1.720202 4.357966 3.030463)

# 0.392699 0.785398 4.000000
# best = 2 = RSL
LSL 10.36 0 (5.831578 3.681963 0.844306)
LSR 16.49 0 (5.963917 4.956418 5.571218)
RSL 4.11 0 (0.524762 2.670101 0.917461)
RSR 10.22 0 (0.342613 4.329853 5.547873)
RLR inf 1 (inf inf inf)
LRL 8.28 0 (1.520651 3.944516 2.816564)

# 0.392699 0.785398 4.400000
# best = 2 = RSL
LSL 10.76 0 (5.837348 4.081337 0.838536)
LSR 16.89 0 (5.958442 5.366369 5.565743)
RSL 4.51 0 (0.507683 3.101227 0.900382)
RSR 10.62 0 (0.346848 4.729394 5.543639)
RLR inf 1 (inf inf inf)
LRL inf 1 (inf inf inf)

# 0.392699 0.785398 4.800000
# best = 2 = RSL
LSL 11.16 0 (5.842090 4.480823 0.833795)
LSR 17.29 0 (5.953735 5.774924 5.561036)
RSL 4.91 0 (0.494615 3.525021 0.887314)
RSR 11.02 0 (0.350422 5.129006 5.540064)
RLR inf 1 (inf inf inf)
LRL inf 1 (inf inf inf)

# 0.392699 0.785398 5.200000
# best = 2 = RSL
LSL 11.56 0 (5.846055 4.880393 0.829830)
LSR 17.69 0 (5.949643 6.182360 5.556944)
RSL 5.31 0 (0.484269 3.943849 0.876968)
RSR 11.42 0 (0.353480 5.528675 5.537006)
RLR inf 1 (inf inf inf)
LRL inf 1 (inf inf inf)

# 0.392699 0.785398 5.600000
# best = 2 = RSL
LSL 11.96 0 (5.849420 5.280028 0.826465)
LSR 18.09 0 (5.946052 6.588885 5.553353)
RSL 5.70 0 (0.475862 4.359141 0.868561)
RSR 11.82 0 (0.356126 5.928388 5.534361)
RLR inf 1 (inf inf inf)
LRL inf 1 (inf inf inf)

# 0.392699 0.785398 6.000000
# best = 2 = RSL
LSL 12.36 0 (5.852311 5.679715 0.823573)
LSR 18.49 0 (5.942874 6.994658 5.550175)
RSL 6.10 0 (0.468889 4.771821 0.861588)
RSR 12.22 0 (0.358437 6.328137 5.532049)
RLR inf 1 (inf inf inf)
LRL inf 1 (inf inf inf)

# 0.392699 0.785398 6.400000
# best = 2 = RSL
LSL 12.76 0 (5.854822 6.079443 0.821062)
LSR 18.89 0 (5.940043 7.399802 5.547344)
RSL 6.50 0 (0.463007 5.182514 0.855706)
RSR 12.62 0 (0.360474 6.727916 5.530013)
RLR inf 1 (inf inf inf)
LRL inf 1 (inf inf inf)

# 0.392699 0.785398 6.800000
# best = 2 = RSL
LSL 13.16 0 (5.857023 6.479204 0.818861)
LSR 19.29 0 (5.937503 7.804416 5.544804)
RSL 6.90 0 (0.457977 5.591656 0.850676)
RSR 13.02 0 (0.362282 7.127720 5.528205)
RLR inf 1 (inf inf inf)
LRL inf 1 (inf inf inf)

# 0.392699 0.785398 7.200000
# best = 2 = RSL
LSL 13.55 0 (5.858969 6.878993 0.816915)
LSR 19.69 0 (5.935212 8.208577 5.542513)
RSL 7.30 0 (0.453625 5.999565 0.846324)
RSR 13.42 0 (0.363898 7.527545 5.526589)
RLR inf 1 (inf inf inf)
LRL inf 1 (inf inf inf)

# 0.392699 0.785398 7.600000
# best = 2 = RSL
LSL 13.95 0 (5.860701 7.278805 0.815184)
LSR 20.09 0 (5.933135 8.612350 5.540436)
RSL 7.70 0 (0.449821 6.406477 0.842520)
RSR 13.82 0 (0.365351 7.927388 5.525135)
RLR inf 1 (inf inf inf)
LRL inf 1 (inf inf inf)

# 0.392699 0.785398 8.000000
# best = 2 = RSL
LSL 14.35 0 (5.862252 7.678637 0.813632)
LSR 20.49 0 (5.931243 9.015786 5.538544)
RSL 8.10 0 (0.446467 6.812571 0.839166)
RSR 14.22 0 (0.366664 8.327245 5.523822)
RLR inf 1 (inf inf inf)
LRL inf 1 (inf inf inf)

# 0.785398 0.785398 0.400000
# best = 0 = LSL
LSL 6.68 0 (5.497787 0.400000 0.785398)
LSR 12.92 0 (5.889753 1.136385 5.889753)
RSL inf 1 (inf inf inf)
RSR 6.68 0 (0.785398 0.400000 5.497787)
RLR 12.17 0 (3.826823 6.082850 2.256027)
LRL 12.17 0 (2.256027 6.082850 3.826823)

# 0.785398 0.785398 0.800000
# best = 0 = LSL
LSL 7.08 0 (5.497787 0.800000 0.785398)
LSR 13.29 0 (5.794615 1.703743 5.794615)
RSL inf 1 (inf inf inf)
RSR 7.08 0 (0.785398 0.800000 5.497787)
RLR 11.76 0 (3.725633 5.880469 2.154837)
LRL 11.76 0 (2.154837 5.880469 3.725633)

# 0.785398 0.785398 1.200000
# best = 0 = LSL
LSL 7.48 0 (5.497787 1.200000 0.785398)
LSR 13.68 0 (5.740021 2.198661 5.740021)
RSL inf 1 (inf inf inf)
RSR 7.48 0 (0.785398 1.200000 5.497787)
RLR 11.35 0 (3.622298 5.673800 2.051502)
LRL 11.35 0 (2.051502 5.673800 3.622298)

# 0.785398 0.785398 1.600000
# best = 0 = LSL
LSL 7.88 0 (5.497787 1.600000 0.785398)
LSR 14.07 0 (5.703465 2.661857 5.703465)
RSL inf 1 (inf inf inf)
RSR 7.88 0 (0.785398 1.600000 5.497787)
RLR 10.92 0 (3.515474 5.460152 1.944678)
LRL 10.92 0 (1.944678 5.460152 3.515474)

# 0.785398 0.785398 2.000000
# best = 0 = LSL
LSL 8.28 0 (5.497787 2.000000 0.785398)
LSR 14.46 0 (5.676947 3.107548 5.676947)
RSL inf 1 (inf inf inf)
RSR 8.28 0 (0.785398 2.000000 5.497787)
RLR 10.47 0 (3.403392 5.235988 1.832596)
LRL 10.47 0 (1.832596 5.235988 3.403392)

# 0.785398 0.785398 2.400000
# best = 0 = LSL
LSL 8.68 0 (5.497787 2.400000 0.785398)
LSR 14.86 0 (5.656707 3.542347 5.656707)
RSL inf 1 (inf inf inf)
RSR 8.68 0 (0.785398 2.400000 5.497787)
RLR 9.99 0 (3.283490 4.996183 1.712694)
LRL 9.99 0 (1.712694 4.996183 3.283490)

# 0.785398 0.785398 2.800000
# best = 0 = LSL
LSL 9.08 0 (5.497787 2.800000 0.785398)
LSR 15.25 0 (5.640697 3.969836 5.640697)
RSL inf 1 (inf inf inf)
RSR 9.08 0 (0.785398 2.800000 5.497787)
RLR 9.46 0 (3.151593 4.732390 1.580797)
LRL 9.46 0 (1.580797 4.732390 3.151593)

# 0.785398 0.785398 3.200000
# best = 2 = RSL
LSL 9.48 0 (5.497787 3.200000 0.785398)
LSR 15.65 0 (5.627687 4.392148 5.627687)
RSL 3.46 0 (1.187233 1.090429 1.187233)
RSR 9.48 0 (0.785398 3.200000 5.497787)
RLR 8.86 0 (2.999695 4.428595 1.428899)
LRL 8.86 0 (1.428899 4.428595 2.999695)

# 0.785398 0.785398 3.600000
# best = 2 = RSL
LSL 9.88 0 (5.497787 3.600000 0.785398)
LSR 16.04 0 (5.616892 4.810648 5.616892)
RSL 3.84 0 (1.087200 1.666633 1.087200)
RSR 9.88 0 (0.785398 3.600000 5.497787)
RLR 8.09 0 (2.807221 4.043646 1.236425)
LRL 8.09 0 (1.236425 4.043646 2.807221)

# 0.785398 0.785398 4.000000
# best = 2 = RSL
LSL 10.28 0 (5.497787 4.000000 0.785398)
LSR 16.44 0 (5.607782 5.226252 5.607782)
RSL 4.23 0 (1.030776 2.164785 1.030776)
RSR 10.28 0 (0.785398 4.000000 5.497787)
RLR 6.28 0 (2.356194 3.141593 0.785398)
LRL 6.28 0 (0.785398 3.141593 2.356194)

# 0.785398 0.785398 4.400000
# best = 2 = RSL
LSL 10.68 0 (5.497787 4.400000 0.785398)
LSR 16.84 0 (5.599985 5.639599 5.599985)
RSL 4.62 0 (0.993281 2.629624 0.993281)
RSR 10.68 0 (0.785398 4.400000 5.497787)
RLR inf 1 (inf inf inf)
LRL inf 1 (inf inf inf)

# 0.785398 0.785398 4.800000
# best = 2 = RSL
LSL 11.08 0 (5.497787 4.800000 0.785398)
LSR 17.24 0 (5.593234 6.051153 5.593234)
RSL 5.01 0 (0.966204 3.076289 0.966204)
RSR 11.08 0 (0.785398 4.800000 5.497787)
RLR inf 1 (inf inf inf)
LRL inf 1 (inf inf inf)

# 0.785398 0.785398 5.200000
# best = 2 = RSL
LSL 11.48 0 (5.497787 5.200000 0.785398)
LSR 17.64 0 (5.587328 6.461255 5.587328)
RSL 5.40 0 (0.945599 3.511721 0.945599)
RSR 11.48 0 (0.785398 5.200000 5.497787)
RLR inf 1 (inf inf inf)
LRL inf 1 (inf inf inf)

# 0.785398 0.785398 5.600000
# best = 2 = RSL
LSL 11.88 0 (5.497787 5.600000 0.785398)
LSR 18.03 0 (5.582118 6.870167 5.582118)
RSL 5.80 0 (0.929335 3.939646 0.929335)
RSR 11.88 0 (0.785398 5.600000 5.497787)
RLR inf 1 (inf inf inf)
LRL inf 1 (inf inf inf)

# 0.785398 0.785398 6.000000
# best = 2 = RSL
LSL 12.28 0 (5.497787 6.000000 0.785398)
LSR 18.43 0 (5.577486 7.278088 5.577486)
RSL 6.19 0 (0.916142 4.362275 0.916142)
RSR 12.28 0 (0.785398 6.000000 5.497787)
RLR inf 1 (inf inf inf)
LRL inf 1 (inf inf inf)

# 0.785398 0.785398 6.400000
# best = 2 = RSL
LSL 12.68 0 (5.497787 6.400000 0.785398)
LSR 18.83 0 (5.573340 7.685176 5.573340)
RSL 6.59 0 (0.905209 4.781011 0.905209)
RSR 12.68 0 (0.785398 6.400000 5.497787)
RLR inf 1 (inf inf inf)
LRL inf 1 (inf inf inf)

# 0.785398 0.785398 6.800000
# best = 2 = RSL
LSL 13.08 0 (5.497787 6.800000 0.785398)
LSR 19.23 0 (5.569607 8.091557 5.569607)
RSL 6.99 0 (0.895993 5.196797 0.895993)
RSR 13.08 0 (0.785398 6.800000 5.497787)
RLR inf 1 (inf inf inf)
LRL inf 1 (inf inf inf)

# 0.785398 0.785398 7.200000
# best = 2 = RSL
LSL 13.48 0 (5.497787 7.200000 0.785398)
LSR 19.63 0 (5.566227 8.497333 5.566227)
RSL 7.39 0 (0.888113 5.610288 0.888113)
RSR 13.48 0 (0.785398 7.200000 5.497787)
RLR inf 1 (inf inf inf)
LRL inf 1 (inf inf inf)

# 0.785398 0.785398 7.600000
# best = 2 = RSL
LSL 13.88 0 (5.497787 7.600000 0.785398)
LSR 20.03 0 (5.563154 8.902586 5.563154)
RSL 7.78 0 (0.881294 6.021956 0.881294)
RSR 13.88 0 (0.785398 7.600000 5.497787)
RLR inf 1 (inf inf inf)
LRL inf 1 (inf inf inf)

# 0.785398 0.785398 8.000000
# best = 2 = RSL
LSL 14.28 0 (5.497787 8.000000 0.785398)
LSR 20.43 0 (5.560346 9.307385 5.560346)
RSL 8.18 0 (0.875334 6.432153 0.875334)
RSR 14.28 0 (0.785398 8.000000 5.497787)
RLR inf 1 (inf inf inf)
LRL inf 1 (inf inf inf)

# 1.178097 0.785398 0.400000
# best = 0 = LSL
LSL 6.59 0 (5.589320 0.696892 0.301166)
LSR 12.86 0 (5.663198 1.145665 6.055897)
RSL inf 1 (inf inf inf)
RSR 7.05 0 (2.234775 0.372589 4.441110)
RLR 12.59 0 (5.283085 6.096620 1.206234)
LRL 11.47 0 (2.272610 5.932952 3.267642)

# 1.178097 0.785398 0.800000
# best = 0 = LSL
LSL 6.96 0 (5.413949 1.067276 0.476538)
LSR 13.22 0 (5.532819 1.759925 5.925518)
RSL inf 1 (inf inf inf)
RSR 7.34 0 (1.685730 0.667386 4.990154)
RLR 12.29 0 (4.659692 5.947924 1.680931)
LRL 11.09 0 (2.002265 5.743004 3.348039)

# 1.178097 0.785398 1.200000
# best = 0 = LSL
LSL 7.34 0 (5.330195 1.453443 0.560291)
LSR 13.59 0 (5.457515 2.280817 5.850214)
RSL inf 1 (inf inf inf)
RSR 7.71 0 (1.496806 1.035368 5.179078)
RLR 11.91 0 (4.376576 5.759539 1.775662)
LRL 10.69 0 (1.816730 5.539440 3.330012)

# 1.178097 0.785398 1.600000
# best = 0 = LSL
LSL 7.74 0 (5.281797 1.845512 0.608689)
LSR 13.97 0 (5.406558 2.761687 5.799257)
RSL inf 1 (inf inf inf)
RSR 8.10 0 (1.408474 1.420763 5.267411)
RLR 11.51 0 (4.186948 5.556949 1.762700)
LRL 10.26 0 (1.660657 5.324090 3.270734)

# 1.178097 0.785398 2.000000
# best = 0 = LSL
LSL 8.13 0 (5.250406 2.240387 0.640080)
LSR 14.35 0 (5.369238 3.220513 5.761937)
RSL inf 1 (inf inf inf)
RSR 8.49 0 (1.358059 1.812498 5.317825)
RLR 11.08 0 (4.029385 5.342651 1.705965)
LRL 9.80 0 (1.514311 5.094180 3.187170)

# 1.178097 0.785398 2.400000
# best = 0 = LSL
LSL 8.53 0 (5.228437 2.636807 0.662049)
LSR 14.74 0 (5.340518 3.665582 5.733217)
RSL inf 1 (inf inf inf)
RSR 8.88 0 (1.325616 2.207200 5.350269)
RLR 10.62 0 (3.882687 5.114143 1.624155)
LRL 9.29 0 (1.367088 4.843672 3.083885)

# 1.178097 0.785398 2.800000
# best = 5 = LRL
LSL 8.92 0 (5.212216 3.034167 0.678270)
LSR 15.13 0 (5.317639 4.101376 5.710338)
RSL inf 1 (inf inf inf)
RSR 9.28 0 (1.303031 2.603519 5.372853)
RLR 10.12 0 (3.735881 4.865700 1.522518)
LRL 8.73 0 (1.209552 4.561041 2.958790)

# 1.178097 0.785398 3.200000
# best = 5 = LRL
LSL 9.32 0 (5.199755 3.432140 0.690732)
LSR 15.52 0 (5.298936 4.530571 5.691635)
RSL inf 1 (inf inf inf)
RSR 9.68 0 (1.286420 3.000816 5.389464)
RLR 9.57 0 (3.579643 4.586444 1.399501)
LRL 8.05 0 (1.026731 4.220322 2.800893)

# 1.178097 0.785398 3.600000
# best = 2 = RSL
LSL 9.72 0 (5.189884 3.830536 0.700602)
LSR 15.91 0 (5.283335 4.954882 5.676034)
RSL 4.17 0 (1.767094 1.031823 1.374395)
RSR 10.07 0 (1.273696 3.398746 5.402188)
RLR 8.90 0 (3.399898 4.252404 1.245205)
LRL 7.06 0 (0.769620 3.725843 2.563524)

# 1.178097 0.785398 4.000000
# best = 2 = RSL
LSL 10.12 0 (5.181873 4.229234 0.708613)
LSR 16.31 0 (5.270108 5.375467 5.662807)
RSL 4.52 0 (1.621052 1.673281 1.228353)
RSR 10.47 0 (1.263641 3.797112 5.412244)
RLR 7.96 0 (3.154302 3.781322 1.019719)
LRL inf 1 (inf inf inf)

# 1.178097 0.785398 4.400000
# best = 2 = RSL
LSL 10.52 0 (5.175244 4.628157 0.715243)
LSR 16.70 0 (5.258743 5.793137 5.651442)
RSL 4.89 0 (1.540190 2.203425 1.147491)
RSR 10.87 0 (1.255495 4.195788 5.420389)
RLR inf 1 (inf inf inf)
LRL inf 1 (inf inf inf)

# 1.178097 0.785398 4.800000
# best = 2 = RSL
LSL 10.92 0 (5.169666 5.027252 0.720820)
LSR 17.10 0 (5.248867 6.208480 5.641566)
RSL 5.27 0 (1.486393 2.688920 1.093694)
RSR 11.27 0 (1.248764 4.594695 5.427120)
RLR inf 1 (inf inf inf)
LRL inf 1 (inf inf inf)

# 1.178097 0.785398 5.200000
# best = 2 = RSL
LSL 11.32 0 (5.164909 5.426479 0.725577)
LSR 17.50 0 (5.240200 6.621934 5.632899)
RSL 5.65 0 (1.447374 3.150477 1.054675)
RSR 11.67 0 (1.243108 4.993777 5.432776)
RLR inf 1 (inf inf inf)
LRL inf 1 (inf inf inf)

# 1.178097 0.785398 5.600000
# best = 2 = RSL
LSL 11.72 0 (5.160804 5.825813 0.729682)
LSR 17.89 0 (5.232532 7.033833 5.625231)
RSL 6.04 0 (1.417541 3.597320 1.024842)
RSR 12.07 0 (1.238290 5.392994 5.437595)
RLR inf 1 (inf inf inf)
LRL inf 1 (inf inf inf)

# 1.178097 0.785398 6.000000
# best = 2 = RSL
LSL 12.12 0 (5.157226 6.225232 0.733260)
LSR 18.29 0 (5.225696 7.444434 5.618395)
RSL 6.43 0 (1.393886 4.034343 1.001187)
RSR 12.47 0 (1.234136 5.792320 5.441749)
RLR inf 1 (inf inf inf)
LRL inf 1 (inf inf inf)

# 1.178097 0.785398 6.400000
# best = 2 = RSL
LSL 12.52 0 (5.154080 6.624721 0.736407)
LSR 18.69 0 (5.219564 7.853940 5.612263)
RSL 6.82 0 (1.374617 4.464430 0.981918)
RSR 12.87 0 (1.230517 6.191732 5.445367)
RLR inf 1 (inf inf inf)
LRL inf 1 (inf inf inf)

# 1.178097 0.785398 6.800000
# best = 2 = RSL
LSL 12.91 0 (5.151291 7.024269 0.739196)
LSR 19.08 0 (5.214030 8.262516 5.606729)
RSL 7.21 0 (1.358590 4.889412 0.965891)
RSR 13.27 0 (1.227337 6.591216 5.448547)
RLR inf 1 (inf inf inf)
LRL inf 1 (inf inf inf)

# 1.178097 0.785398 7.200000
# best = 2 = RSL
LSL 13.31 0 (5.148802 7.423865 0.741684)
LSR 19.48 0 (5.209011 8.670292 5.601710)
RSL 7.61 0 (1.345033 5.310514 0.952334)
RSR 13.67 0 (1.224521 6.990759 5.451363)
RLR inf 1 (inf inf inf)
LRL inf 1 (inf inf inf)

# 1.178097 0.785398 7.600000
# best = 2 = RSL
LSL 13.71 0 (5.146568 7.823502 0.743918)
LSR 19.88 0 (5.204438 9.077376 5.597137)
RSL 8.00 0 (1.333407 5.728592 0.940708)
RSR 14.07 0 (1.222009 7.390351 5.453875)
RLR inf 1 (inf inf inf)
LRL inf 1 (inf inf inf)

# 1.178097 0.785398 8.000000
# best = 2 = RSL
LSL 14.11 0 (5.144551 8.223175 0.745935)
LSR 20.28 0 (5.200252 9.483857 5.592951)
RSL 8.40 0 (1.323320 6.144264 0.930621)
RSR 14.47 0 (1.219755 7.789986 5.456129)
RLR inf 1 (inf inf inf)
LRL inf 1 (inf inf inf)

# 1.570796 0.785398 0.400000
# best = 1 = LSR
LSL 12.77 0 (5.507939 0.990000 6.273033)
LSR 6.49 0 (5.508046 0.969484 0.010258)
RSL inf 1 (inf inf inf)
RSR 7.78 0 (2.991263 0.715172 4.077320)
RLR 12.63 0 (5.953096 5.923666 0.755968)
LRL 10.78 0 (2.116248 5.782987 2.881341)

# 1.570796 0.785398 0.800000
# best = 0 = LSL
LSL 6.80 0 (5.286656 1.301697 0.211132)
LSR 13.08 0 (5.312857 1.669007 6.098255)
RSL inf 1 (inf inf inf)
RSR 7.94 0 (2.519444 0.870148 4.549139)
RLR 12.47 0 (5.441746 5.844605 1.188256)
LRL 10.46 0 (1.813603 5.620264 3.021264)

# 1.570796 0.785398 1.200000
# best = 0 = LSL
LSL 7.15 0 (5.154734 1.651887 0.343053)
LSR 13.42 0 (5.205950 2.225145 5.991348)
RSL inf 1 (inf inf inf)
RSR 8.22 0 (2.232923 1.150149 4.835660)
RLR 12.19 0 (5.082861 5.699876 1.402413)
LRL 10.08 0 (1.587427 5.431756 3.058931)

# 1.570796 0.785398 1.600000
# best = 0 = LSL
LSL 7.52 0 (5.069896 2.020655 0.427892)
LSR 13.78 0 (5.134529 2.727078 5.919927)
RSL inf 1 (inf inf inf)
RSR 8.55 0 (2.066681 1.486112 5.001903)
RLR 11.83 0 (4.827619 5.521877 1.479656)
LRL 9.66 0 (1.398731 5.224042 3.039913)

# 1.570796 0.785398 2.000000
# best = 0 = LSL
LSL 7.90 0 (5.011526 2.399450 0.486261)
LSR 14.15 0 (5.082451 3.200413 5.867849)
RSL inf 1 (inf inf inf)
RSR 8.92 0 (1.963495 1.847759 5.105088)
RLR 11.43 0 (4.624907 5.322823 1.483315)
LRL 9.21 0 (1.226604 4.996527 2.984525)

# 1.570796 0.785398 2.400000
# best = 0 = LSL
LSL 8.28 0 (4.969175 2.784183 0.528613)
LSR 14.53 0 (5.042435 3.656272 5.827833)
RSL inf 1 (inf inf inf)
RSR 9.29 0 (1.894569 2.222588 5.174015)
RLR 11.00 0 (4.447020 5.104903 1.443281)
LRL 8.70 0 (1.057707 4.743435 2.900330)

# 1.570796 0.785398 2.800000
# best = 5 = LRL
LSL 8.67 0 (4.937149 3.172694 0.560638)
LSR 14.91 0 (5.010568 4.100489 5.795966)
RSL inf 1 (inf inf inf)
RSR 9.67 0 (1.845696 2.604915 5.222887)
RLR 10.51 0 (4.278086 4.864780 1.372092)
LRL 8.12 0 (0.879554 4.451180 2.786228)

# 1.570796 0.785398 3.200000
# best = 5 = LRL
LSL 9.06 0 (4.912131 3.563749 0.585656)
LSR 15.29 0 (4.984511 4.536485 5.769909)
RSL inf 1 (inf inf inf)
RSR 10.06 0 (1.809396 2.991867 5.259187)
RLR 9.97 0 (4.105996 4.593198 1.272601)
LRL 7.38 0 (0.671134 4.084376 2.627844)

# 1.570796 0.785398 3.600000
# best = 2 = RSL
LSL 9.45 0 (4.892071 3.956592 0.605717)
LSR 15.68 0 (4.962767 4.966425 5.748165)
RSL 4.78 0 (2.640982 0.288177 1.855584)
RSR 10.45 0 (1.781439 3.381857 5.287145)
RLR 9.32 0 (3.915597 4.268318 1.138118)
LRL 6.09 0 (0.327138 3.436506 2.323970)

# 1.570796 0.785398 4.000000
# best = 2 = RSL
LSL 9.85 0 (4.875639 4.350739 0.622148)
LSR 16.07 0 (4.944321 5.391759 5.729719)
RSL 5.05 0 (2.257116 1.325655 1.471718)
RSR 10.84 0 (1.759275 3.773942 5.309308)
RLR 8.42 0 (3.667873 3.817196 0.934720)
LRL inf 1 (inf inf inf)

# 1.570796 0.785398 4.400000
# best = 2 = RSL
LSL 10.24 0 (4.861940 4.745866 0.635847)
LSR 16.46 0 (4.928462 5.813497 5.713860)
RSL 5.38 0 (2.115429 1.936924 1.330031)
RSR 11.24 0 (1.741291 4.167532 5.327292)
RLR inf 1 (inf inf inf)
LRL inf 1 (inf inf inf)

# 1.570796 0.785398 4.800000
# best = 2 = RSL
LSL 10.64 0 (4.850349 5.141747 0.647438)
LSR 16.85 0 (4.914671 6.232370 5.700069)
RSL 5.73 0 (2.028077 2.462923 1.242679)
RSR 11.63 0 (1.726415 4.562237 5.342169)
RLR inf 1 (inf inf inf)
LRL inf 1 (inf inf inf)

# 1.570796 0.785398 5.200000
# best = 2 = RSL
LSL 11.04 0 (4.840416 5.538220 0.657371)
LSR 17.24 0 (4.902562 6.648919 5.687960)
RSL 6.10 0 (1.966897 2.949628 1.181499)
RSR 12.03 0 (1.713909 4.957791 5.354674)
RLR inf 1 (inf inf inf)
LRL inf 1 (inf inf inf)

# 1.570796 0.785398 5.600000
# best = 2 = RSL
LSL 11.43 0 (4.831811 5.935166 0.665976)
LSR 17.63 0 (4.891841 7.063555 5.677239)
RSL 6.47 0 (1.921059 3.413886 1.135661)
RSR 12.42 0 (1.703254 5.354006 5.365330)
RLR inf 1 (inf inf inf)
LRL inf 1 (inf inf inf)

# 1.570796 0.785398 6.000000
# best = 2 = RSL
LSL 11.83 0 (4.824286 6.332496 0.673501)
LSR 18.03 0 (4.882280 7.476596 5.667678)
RSL 6.85 0 (1.885194 3.863798 1.099796)
RSR 12.82 0 (1.694067 5.750745 5.374516)
RLR inf 1 (inf inf inf)
LRL inf 1 (inf inf inf)

# 1.570796 0.785398 6.400000
# best = 2 = RSL
LSL 12.23 0 (4.817649 6.730143 0.680138)
LSR 18.42 0 (4.873697 7.888294 5.659095)
RSL 7.23 0 (1.856255 4.303864 1.070857)
RSR 13.22 0 (1.686067 6.147906 5.382516)
RLR inf 1 (inf inf inf)
LRL inf 1 (inf inf inf)

# 1.570796 0.785398 6.800000
# best = 2 = RSL
LSL 12.63 0 (4.811753 7.128053 0.686034)
LSR 18.82 0 (4.865948 8.298847 5.651346)
RSL 7.62 0 (1.832352 4.736830 1.046954)
RSR 13.61 0 (1.679038 6.545413 5.389545)
RLR inf 1 (inf inf inf)
LRL inf 1 (inf inf inf)

# 1.570796 0.785398 7.200000
# best = 2 = RSL
LSL 13.02 0 (4.806481 7.526184 0.691306)
LSR 19.21 0 (4.858917 8.708418 5.644315)
RSL 8.00 0 (1.812245 5.164482 1.026847)
RSR 14.01 0 (1.672814 6.943207 5.395769)
RLR inf 1 (inf inf inf)
LRL inf 1 (inf inf inf)

# 1.570796 0.785398 7.600000
# best = 2 = RSL
LSL 13.42 0 (4.801739 7.924504 0.696049)
LSR 19.61 0 (4.852506 9.117140 5.637904)
RSL 8.39 0 (1.795075 5.588040 1.009677)
RSR 14.41 0 (1.667265 7.341240 5.401318)
RLR inf 1 (inf inf inf)
LRL inf 1 (inf inf inf)

# 1.570796 0.785398 8.000000
# best = 2 = RSL
LSL 13.82 0 (4.797450 8.322985 0.700337)
LSR 20.00 0 (4.846638 9.525120 5.632036)
RSL 8.78 0 (1.780232 6.008370 0.994834)
RSR 14.81 0 (1.662287 7.739476 5.406296)
RLR inf 1 (inf inf inf)
LRL inf 1 (inf inf inf)

# 1.963495 0.785398 0.400000
# best = 1 = LSR
LSL 12.64 0 (5.375476 1.252218 6.012798)
LSR 6.37 0 (5.496663 0.479746 0.391574)
RSL inf 1 (inf inf inf)
RSR 8.57 0 (3.367719 1.105086 4.093564)
RLR 12.62 0 (6.229399 5.723361 0.672059)
LRL 10.11 0 (1.915476 5.646370 2.552798)

# 1.963495 0.785398 0.800000
# best = 1 = LSR
LSL 12.88 0 (5.139736 1.490459 6.248537)
LSR 6.60 0 (5.140581 1.419488 0.035493)
RSL inf 1 (inf inf inf)
RSR 8.70 0 (3.042902 1.236040 4.418380)
RLR 12.49 0 (5.870343 5.654881 0.962635)
LRL 9.86 0 (1.616318 5.519535 2.725119)

# 1.963495 0.785398 1.200000
# best = 0 = LSL
LSL 6.89 0 (4.975370 1.787425 0.129718)
LSR 13.18 0 (4.983615 2.029713 6.161712)
RSL inf 1 (inf inf inf)
RSR 8.93 0 (2.800253 1.467780 4.661030)
RLR 12.24 0 (5.566123 5.531740 1.143714)
LRL 9.54 0 (1.370529 5.356689 2.808063)

# 1.963495 0.785398 1.600000
# best = 0 = LSL
LSL 7.22 0 (4.859999 2.118562 0.245089)
LSR 13.50 0 (4.883155 2.558227 6.061252)
RSL inf 1 (inf inf inf)
RSR 9.22 0 (2.630790 1.760954 4.830492)
RLR 11.92 0 (5.316518 5.371457 1.233035)
LRL 9.16 0 (1.160230 5.166832 2.828505)

# 1.963495 0.785398 2.000000
# best = 0 = LSL
LSL 7.58 0 (4.776604 2.470167 0.328484)
LSR 13.85 0 (4.811302 3.047837 5.989399)
RSL inf 1 (inf inf inf)
RSR 9.55 0 (2.512061 2.089866 4.949222)
RLR 11.55 0 (5.103912 5.183703 1.257888)
LRL 8.73 0 (0.969398 4.951958 2.804463)

# 1.963495 0.785398 2.400000
# best = 0 = LSL
LSL 7.94 0 (4.714308 2.834633 0.390780)
LSR 14.21 0 (4.756706 3.514840 5.934803)
RSL inf 1 (inf inf inf)
RSR 9.90 0 (2.426474 2.440107 5.034808)
RLR 11.12 0 (4.911972 4.970997 1.237121)
LRL 8.24 0 (0.785121 4.707996 2.744778)

# 1.963495 0.785398 2.800000
# best = 5 = LRL
LSL 8.31 0 (4.666346 3.207579 0.438742)
LSR 14.57 0 (4.713550 3.967227 5.891647)
RSL inf 1 (inf inf inf)
RSR 10.26 0 (2.362713 2.803695 5.098569)
RLR 10.64 0 (4.727614 4.729802 1.180285)
LRL 7.67 0 (0.594294 4.422266 2.649875)

# 1.963495 0.785398 3.200000
# best = 5 = LRL
LSL 8.69 0 (4.628443 3.586360 0.476645)
LSR 14.94 0 (4.678452 4.409499 5.856549)
RSL inf 1 (inf inf inf)
RSR 10.64 0 (2.313740 3.176049 5.147543)
RLR 10.07 0 (4.537951 4.448424 1.088569)
LRL 6.94 0 (0.374842 4.059168 2.506229)

# 1.963495 0.785398 3.600000
# best = 5 = LRL
LSL 9.07 0 (4.597816 3.969307 0.507272)
LSR 15.32 0 (4.649281 4.844427 5.827378)
RSL inf 1 (inf inf inf)
RSR 11.02 0 (2.275116 3.554415 5.186167)
RLR 9.37 0 (4.322416 4.094601 0.950282)
LRL 5.60 0 (0.009388 3.389513 2.202029)

# 1.963495 0.785398 4.000000
# best = 2 = RSL
LSL 9.46 0 (4.572598 4.355321 0.532490)
LSR 15.70 0 (4.624615 5.273828 5.802712)
RSL 5.77 0 (2.818127 1.310525 1.640030)
RSR 11.40 0 (2.243960 3.937061 5.217322)
RLR 8.17 0 (3.992387 3.496853 0.682563)
LRL inf 1 (inf inf inf)

# 1.963495 0.785398 4.400000
# best = 2 = RSL
LSL 9.85 0 (4.551497 4.743652 0.553591)
LSR 16.08 0 (4.603463 5.698951 5.781560)
RSL 6.06 0 (2.646887 1.942341 1.468790)
RSR 11.78 0 (2.218345 4.322850 5.242938)
RLR inf 1 (inf inf inf)
LRL inf 1 (inf inf inf)

# 1.963495 0.785398 4.800000
# best = 2 = RSL
LSL 10.24 0 (4.533596 5.133776 0.571492)
LSR 16.47 0 (4.585110 6.120689 5.763207)
RSL 6.38 0 (2.540239 2.479496 1.362142)
RSR 12.17 0 (2.196938 4.711010 5.264344)
RLR inf 1 (inf inf inf)
LRL inf 1 (inf inf inf)

# 1.963495 0.785398 5.200000
# best = 2 = RSL
LSL 10.63 0 (4.518228 5.525312 0.586860)
LSR 16.86 0 (4.569025 6.539696 5.747122)
RSL 6.73 0 (2.464912 2.973737 1.286815)
RSR 12.56 0 (2.178797 5.100999 5.282485)
RLR inf 1 (inf inf inf)
LRL inf 1 (inf inf inf)

# 1.963495 0.785398 5.600000
# best = 2 = RSL
LSL 11.02 0 (4.504896 5.917980 0.600192)
LSR 17.24 0 (4.554807 6.956466 5.732904)
RSL 7.08 0 (2.408111 3.443591 1.230014)
RSR 12.95 0 (2.163237 5.492429 5.298045)
RLR inf 1 (inf inf inf)
LRL inf 1 (inf inf inf)

# 1.963495 0.785398 6.000000
# best = 2 = RSL
LSL 11.42 0 (4.493225 6.311569 0.611863)
LSR 17.63 0 (4.542143 7.371377 5.720240)
RSL 7.45 0 (2.363447 3.897888 1.185350)
RSR 13.35 0 (2.149751 5.885011 5.311532)
RLR inf 1 (inf inf inf)
LRL inf 1 (inf inf inf)

# 1.963495 0.785398 6.400000
# best = 2 = RSL
LSL 11.81 0 (4.482926 6.705917 0.622162)
LSR 18.02 0 (4.530790 7.784728 5.708887)
RSL 7.82 0 (2.327263 4.341514 1.149166)
RSR 13.74 0 (2.137953 6.278530 5.323330)
RLR inf 1 (inf inf inf)
LRL inf 1 (inf inf inf)

# 1.963495 0.785398 6.800000
# best = 2 = RSL
LSL 12.21 0 (4.473771 7.100898 0.631317)
LSR 18.42 0 (4.520552 8.196754 5.698649)
RSL 8.19 0 (2.297280 4.777442 1.119183)
RSR 14.13 0 (2.127548 6.672819 5.333735)
RLR inf 1 (inf inf inf)
LRL inf 1 (inf inf inf)

# 1.963495 0.785398 7.200000
# best = 2 = RSL
LSL 12.60 0 (4.465582 7.496410 0.639506)
LSR 18.81 0 (4.511270 8.607646 5.689367)
RSL 8.57 0 (2.271990 5.207606 1.093893)
RSR 14.53 0 (2.118305 7.067751 5.342978)
RLR inf 1 (inf inf inf)
LRL inf 1 (inf inf inf)

# 1.963495 0.785398 7.600000
# best = 2 = RSL
LSL 13.00 0 (4.458214 7.892375 0.646874)
LSR 19.20 0 (4.502816 9.017558 5.680913)
RSL 8.96 0 (2.250346 5.633327 1.072249)
RSR 14.92 0 (2.110040 7.463222 5.351242)
RLR inf 1 (inf inf inf)
LRL inf 1 (inf inf inf)

# 1.963495 0.785398 8.000000
# best = 2 = RSL
LSL 13.39 0 (4.451551 8.288727 0.653538)
LSR 19.59 0 (4.495083 9.426619 5.673180)
RSL 9.34 0 (2.231598 6.055542 1.053501)
RSR 15.32 0 (2.102608 7.859152 5.358674)
RLR inf 1 (inf inf inf)
LRL inf 1 (inf inf inf)

# 2.356194 0.785398 0.400000
# best = 4 = RLR
LSL 12.47 0 (5.222144 1.469694 5.773430)
LSR inf 1 (inf inf inf)
RSL inf 1 (inf inf inf)
RSR 9.32 0 (3.651348 1.469693 4.202634)
RLR 6.35 0 (0.133518 5.530711 0.684804)
LRL 9.49 0 (1.704315 5.530711 2.255600)

# 2.356194 0.785398 0.800000
# best = 1 = LSR
LSL 12.62 0 (4.982981 1.624808 6.012593)
LSR 6.35 0 (5.054287 0.950128 0.341898)
RSL inf 1 (inf inf inf)
RSR 9.48 0 (3.412185 1.624807 4.441797)
RLR 12.46 0 (6.135484 5.446598 0.881910)
LRL 9.32 0 (1.423095 5.446598 2.452707)

# 2.356194 0.785398 1.200000
# best = 1 = LSR
LSL 12.85 0 (4.794148 1.854724 6.201426)
LSR 6.57 0 (4.798108 1.683483 0.085718)
RSL inf 1 (inf inf inf)
RSR 9.71 0 (3.223351 1.854723 4.630630)
RLR 12.21 0 (5.882799 5.318895 1.006892)
LRL 9.07 0 (1.170410 5.318895 2.577688)

# 2.356194 0.785398 1.600000
# best = 0 = LSL
LSL 6.85 0 (4.650830 2.135416 0.061559)
LSR 13.13 0 (4.652509 2.255102 6.223305)
RSL inf 1 (inf inf inf)
RSR 9.99 0 (3.080033 2.135415 4.773948)
RLR 11.88 0 (5.658474 5.156882 1.069204)
LRL 8.74 0 (0.946086 5.156882 2.640000)

# 2.356194 0.785398 2.000000
# best = 0 = LSL
LSL 7.16 0 (4.542471 2.449490 0.169918)
LSR 13.44 0 (4.552841 2.767102 6.123637)
RSL inf 1 (inf inf inf)
RSR 10.30 0 (2.971674 2.449489 4.882308)
RLR 11.50 0 (5.454209 4.965070 1.081657)
LRL 8.36 0 (0.741820 4.965069 2.652453)

# 2.356194 0.785398 2.400000
# best = 0 = LSL
LSL 7.50 0 (4.459473 2.785678 0.252916)
LSR 13.78 0 (4.478948 3.247803 6.049744)
RSL inf 1 (inf inf inf)
RSR 10.64 0 (2.888676 2.785677 4.965306)
RLR 11.06 0 (5.259873 4.742394 1.053317)
LRL 7.91 0 (0.547484 4.742393 2.624113)

# 2.356194 0.785398 2.800000
# best = 5 = LRL
LSL 7.85 0 (4.394692 3.136878 0.317698)
LSR 14.12 0 (4.421483 3.709393 5.992279)
RSL inf 1 (inf inf inf)
RSR 10.99 0 (2.823894 3.136877 5.030087)
RLR 10.53 0 (5.064050 4.480312 0.987057)
LRL 7.39 0 (0.351662 4.480311 2.557853)

# 2.356194 0.785398 3.200000
# best = 5 = LRL
LSL 8.21 0 (4.343124 3.498571 0.369266)
LSR 14.48 0 (4.375301 4.158241 5.946097)
RSL inf 1 (inf inf inf)
RSR 11.35 0 (2.772326 3.498571 5.081655)
RLR 9.88 0 (4.849221 4.153789 0.875364)
LRL 6.74 0 (0.136832 4.153788 2.446160)

# 2.356194 0.785398 3.600000
# best = 2 = RSL
LSL 8.58 0 (4.301307 3.867816 0.411082)
LSR 14.84 0 (4.337271 4.598080 5.908067)
RSL 6.33 0 (3.511708 0.881851 1.940912)
RSR 11.72 0 (2.730510 3.867815 5.123471)
RLR 8.89 0 (4.559104 3.657188 0.668880)
LRL 12.03 0 (6.129900 3.657186 2.239675)

# 2.356194 0.785398 4.000000
# best = 2 = RSL
LSL 8.96 0 (4.266828 4.242641 0.445561)
LSR 15.21 0 (4.305352 5.031273 5.876148)
RSL 6.55 0 (3.240474 1.638991 1.669678)
RSR 12.10 0 (2.696031 4.242640 5.157950)
RLR inf 1 (inf inf inf)
LRL inf 1 (inf inf inf)

# 2.356194 0.785398 4.400000
# best = 2 = RSL
LSL 9.33 0 (4.237975 4.621688 0.474415)
LSR 15.59 0 (4.278148 5.459403 5.848944)
RSL 6.83 0 (3.090188 2.216962 1.519392)
RSR 12.48 0 (2.667177 4.621687 5.186804)
RLR inf 1 (inf inf inf)
LRL inf 1 (inf inf inf)

# 2.356194 0.785398 4.800000
# best = 2 = RSL
LSL 9.72 0 (4.213512 5.003999 0.498877)
LSR 15.96 0 (4.254666 5.883575 5.825462)
RSL 7.14 0 (2.988126 2.731950 1.417330)
RSR 12.86 0 (2.642715 5.003998 5.211266)
RLR inf 1 (inf inf inf)
LRL inf 1 (inf inf inf)

# 2.356194 0.785398 5.200000
# best = 2 = RSL
LSL 10.10 0 (4.192533 5.388878 0.519856)
LSR 16.34 0 (4.234179 6.304588 5.804975)
RSL 7.47 0 (2.912781 3.214370 1.341985)
RSR 13.24 0 (2.621736 5.388877 5.232246)
RLR inf 1 (inf inf inf)
LRL inf 1 (inf inf inf)

# 2.356194 0.785398 5.600000
# best = 2 = RSL
LSL 10.49 0 (4.174357 5.775812 0.538032)
LSR 16.73 0 (4.216139 6.723035 5.786935)
RSL 7.81 0 (2.854351 3.677065 1.283555)
RSR 13.63 0 (2.603560 5.775811 5.250421)
RLR inf 1 (inf inf inf)
LRL inf 1 (inf inf inf)

# 2.356194 0.785398 6.000000
# best = 2 = RSL
LSL 10.88 0 (4.158469 6.164414 0.553921)
LSR 17.11 0 (4.200127 7.139367 5.770923)
RSL 8.17 0 (2.807488 4.126674 1.236692)
RSR 14.02 0 (2.587671 6.164414 5.266310)
RLR inf 1 (inf inf inf)
LRL inf 1 (inf inf inf)

# 2.356194 0.785398 6.400000
# best = 2 = RSL
LSL 11.27 0 (4.144467 6.554388 0.567922)
LSR 17.50 0 (4.185815 7.553935 5.756611)
RSL 8.53 0 (2.768955 4.567063 1.198159)
RSR 14.41 0 (2.573670 6.554387 5.280311)
RLR inf 1 (inf inf inf)
LRL inf 1 (inf inf inf)

# 2.356194 0.785398 6.800000
# best = 2 = RSL
LSL 11.66 0 (4.132041 6.945503 0.580348)
LSR 17.88 0 (4.172944 7.967014 5.743740)
RSL 8.90 0 (2.736654 5.000669 1.165858)
RSR 14.80 0 (2.561244 6.945502 5.292738)
RLR inf 1 (inf inf inf)
LRL inf 1 (inf inf inf)

# 2.356194 0.785398 7.200000
# best = 2 = RSL
LSL 12.05 0 (4.120941 7.337575 0.591449)
LSR 18.27 0 (4.161304 8.378823 5.732100)
RSL 9.28 0 (2.709152 5.429118 1.138356)
RSR 15.19 0 (2.550143 7.337574 5.303838)
RLR inf 1 (inf inf inf)
LRL inf 1 (inf inf inf)

# 2.356194 0.785398 7.600000
# best = 2 = RSL
LSL 12.44 0 (4.110968 7.730460 0.601422)
LSR 18.66 0 (4.150725 8.789542 5.721521)
RSL 9.65 0 (2.685432 5.853542 1.114636)
RSR 15.58 0 (2.540171 7.730459 5.313811)
RLR inf 1 (inf inf inf)
LRL inf 1 (inf inf inf)

# 2.356194 0.785398 8.000000
# best = 2 = RSL
LSL 12.84 0 (4.101960 8.124039 0.610429)
LSR 19.05 0 (4.141067 9.199316 5.711863)
RSL 10.03 0 (2.664751 6.274757 1.093955)
RSR 15.98 0 (2.531163 8.124038 5.322818)
RLR inf 1 (inf inf inf)
LRL inf 1 (inf inf inf)

# 2.748894 0.785398 0.400000
# best = 4 = RLR
LSL 12.24 0 (5.058783 1.632737 5.544092)
LSR inf 1 (inf inf inf)
RSL inf 1 (inf inf inf)
RSR 10.03 0 (3.901701 1.784631 4.344980)
RLR 6.40 0 (0.297641 5.358250 0.740920)
LRL 8.92 0 (1.496726 5.442257 1.982035)

# 2.748894 0.785398 0.800000
# best = 4 = RLR
LSL 12.30 0 (4.821366 1.698909 5.781509)
LSR inf 1 (inf inf inf)
RSL inf 1 (inf inf inf)
RSR 10.23 0 (3.716105 1.981021 4.530576)
RLR 6.17 0 (0.056384 5.246928 0.870855)
LRL 8.85 0 (1.241113 5.405864 2.201256)

# 2.748894 0.785398 1.200000
# best = 1 = LSR
LSL 12.45 0 (4.612405 1.851149 5.990469)
LSR 6.18 0 (4.682979 1.135838 0.363290)
RSL inf 1 (inf inf inf)
RSR 10.48 0 (3.568051 2.232484 4.678630)
RLR 12.16 0 (6.117524 5.098946 0.944918)
LRL 8.68 0 (0.989676 5.320912 2.367740)

# 2.748894 0.785398 1.600000
# best = 1 = LSR
LSL 12.67 0 (4.441364 2.070558 6.161511)
LSR 6.39 0 (4.449490 1.811618 0.129800)
RSL inf 1 (inf inf inf)
RSR 10.77 0 (3.451946 2.522603 4.794735)
RLR 11.80 0 (5.911148 4.918403 0.970751)
LRL 8.43 0 (0.755681 5.195006 2.475828)

# 2.748894 0.785398 2.000000
# best = 0 = LSL
LSL 6.66 0 (4.306205 2.338306 0.013484)
LSR 12.94 0 (4.306282 2.365120 6.269778)
RSL inf 1 (inf inf inf)
RSR 11.09 0 (3.360742 2.839553 4.885939)
RLR 11.37 0 (5.712995 4.704506 0.955007)
LRL 8.11 0 (0.540255 5.034470 2.530719)

# 2.748894 0.785398 2.400000
# best = 0 = LSL
LSL 6.96 0 (4.200313 2.639722 0.119376)
LSR 13.24 0 (4.205268 2.868035 6.168764)
RSL inf 1 (inf inf inf)
RSR 11.42 0 (3.288323 3.175311 4.958358)
RLR 10.86 0 (5.512838 4.449030 0.899688)
LRL 7.72 0 (0.337994 4.841733 2.540242)

# 2.748894 0.785398 2.800000
# best = 5 = LRL
LSL 7.28 0 (4.116850 2.964557 0.202840)
LSR 13.56 0 (4.129070 3.343270 6.092566)
RSL inf 1 (inf inf inf)
RSR 11.77 0 (3.229996 3.524506 5.016686)
RLR 10.22 0 (5.293349 4.126707 0.796854)
LRL 7.26 0 (0.140491 4.613654 2.509667)

# 2.748894 0.785398 3.200000
# best = 2 = RSL
LSL 7.63 0 (4.050233 3.305912 0.269456)
LSR 13.90 0 (4.069126 3.801222 6.032622)
RSL 6.91 0 (4.082227 0.707091 2.118731)
RSR 12.13 0 (3.182314 3.883514 5.064367)
RLR 9.21 0 (4.995036 3.625444 0.593904)
LRL 12.99 0 (6.219003 4.337540 2.438226)

# 2.748894 0.785398 3.600000
# best = 2 = RSL
LSL 7.98 0 (3.996276 3.659169 0.323413)
LSR 14.25 0 (4.020552 4.247484 5.984048)
RSL 7.07 0 (3.752055 1.532366 1.788559)
RSR 12.50 0 (3.142775 4.249849 5.103906)
RLR inf 1 (inf inf inf)
LRL 12.27 0 (5.982876 3.973199 2.310012)

# 2.748894 0.785398 4.000000
# best = 2 = RSL
LSL 8.34 0 (3.951924 4.021191 0.367765)
LSR 14.61 0 (3.980299 4.685397 5.943795)
RSL 7.32 0 (3.578310 2.125162 1.614814)
RSR 12.87 0 (3.109554 4.621770 5.137127)
RLR inf 1 (inf inf inf)
LRL inf 1 (inf inf inf)

# 2.748894 0.785398 4.400000
# best = 2 = RSL
LSL 8.71 0 (3.914958 4.389811 0.404732)
LSR 14.97 0 (3.946347 5.117107 5.909843)
RSL 7.61 0 (3.461418 2.646598 1.497922)
RSR 13.24 0 (3.081308 4.998029 5.165373)
RLR inf 1 (inf inf inf)
LRL inf 1 (inf inf inf)

# 2.748894 0.785398 4.800000
# best = 2 = RSL
LSL 9.08 0 (3.883754 4.763497 0.435936)
LSR 15.34 0 (3.917296 5.544061 5.880792)
RSL 7.92 0 (3.375477 3.132515 1.411981)
RSR 13.62 0 (3.057033 5.377717 5.189648)
RLR inf 1 (inf inf inf)
LRL inf 1 (inf inf inf)

# 2.748894 0.785398 5.200000
# best = 2 = RSL
LSL 9.46 0 (3.857111 5.141144 0.462578)
LSR 15.72 0 (3.892136 5.967281 5.855632)
RSL 8.25 0 (3.308998 3.597335 1.345502)
RSR 14.01 0 (3.035971 5.760154 5.210711)
RLR inf 1 (inf inf inf)
LRL inf 1 (inf inf inf)

# 2.748894 0.785398 5.600000
# best = 2 = RSL
LSL 9.84 0 (3.834129 5.521940 0.485561)
LSR 16.09 0 (3.870125 6.387509 5.833621)
RSL 8.60 0 (3.255780 4.048331 1.292284)
RSR 14.39 0 (3.017538 6.144828 5.229143)
RLR inf 1 (inf inf inf)
LRL inf 1 (inf inf inf)

# 2.748894 0.785398 6.000000
# best = 2 = RSL
LSL 10.22 0 (3.814120 5.905276 0.505569)
LSR 16.47 0 (3.850698 6.805300 5.814194)
RSL 8.95 0 (3.212090 4.489672 1.248594)
RSR 14.78 0 (3.001282 6.531344 5.245399)
RLR inf 1 (inf inf inf)
LRL inf 1 (inf inf inf)

# 2.748894 0.785398 6.400000
# best = 2 = RSL
LSL 10.61 0 (3.796558 6.290687 0.523132)
LSR 16.85 0 (3.833420 7.221076 5.796916)
RSL 9.31 0 (3.175514 4.923954 1.212018)
RSR 15.17 0 (2.986846 6.919392 5.259836)
RLR inf 1 (inf inf inf)
LRL inf 1 (inf inf inf)

# 2.748894 0.785398 6.800000
# best = 2 = RSL
LSL 11.00 0 (3.781027 6.677815 0.538663)
LSR 17.23 0 (3.817949 7.635167 5.781445)
RSL 9.68 0 (3.144407 5.352896 1.180911)
RSR 15.56 0 (2.973945 7.308730 5.272736)
RLR inf 1 (inf inf inf)
LRL inf 1 (inf inf inf)

# 2.748894 0.785398 7.200000
# best = 2 = RSL
LSL 11.39 0 (3.767201 7.066376 0.552488)
LSR 17.62 0 (3.804014 8.047832 5.767510)
RSL 10.05 0 (3.117605 5.777686 1.154109)
RSR 15.95 0 (2.962351 7.699160 5.284330)
RLR inf 1 (inf inf inf)
LRL inf 1 (inf inf inf)

# 2.748894 0.785398 7.600000
# best = 2 = RSL
LSL 11.78 0 (3.754818 7.456147 0.564871)
LSR 18.01 0 (3.791395 8.459281 5.754891)
RSL 10.42 0 (3.094260 6.199180 1.130764)
RSR 16.34 0 (2.951877 8.090526 5.294804)
RLR inf 1 (inf inf inf)
LRL inf 1 (inf inf inf)

# 2.748894 0.785398 8.000000
# best = 2 = RSL
LSL 12.17 0 (3.743668 7.846948 0.576022)
LSR 18.39 0 (3.779913 8.869682 5.743409)
RSL 10.80 0 (3.073733 6.618006 1.110237)
RSR 16.73 0 (2.942371 8.482697 5.304310)
RLR inf 1 (inf inf inf)
LRL inf 1 (inf inf inf)

# 3.141593 0.785398 0.400000
# best = 4 = RLR
LSL 11.94 0 (4.890384 1.734511 5.319792)
LSR inf 1 (inf inf inf)
RSL inf 1 (inf inf inf)
RSR 10.67 0 (4.137049 2.034674 4.502331)
RLR 6.50 0 (0.461819 5.215910 0.827101)
LRL 8.42 0 (1.300276 5.386156 1.729684)

# 3.141593 0.785398 0.800000
# best = 4 = RLR
LSL 11.92 0 (4.658027 1.709632 5.552149)
LSR inf 1 (inf inf inf)
RSL inf 1 (inf inf inf)
RSR 10.92 0 (3.989135 2.277188 4.650246)
RLR 6.22 0 (0.241891 5.071884 0.903003)
LRL 8.44 0 (1.074810 5.399938 1.968932)

# 3.141593 0.785398 1.200000
# best = 4 = RLR
LSL 11.99 0 (4.431303 1.776839 5.778873)
LSR inf 1 (inf inf inf)
RSL inf 1 (inf inf inf)
RSR 11.20 0 (3.871710 2.559545 4.767670)
RLR 5.86 0 (0.035768 4.894485 0.931727)
LRL 8.37 0 (0.829418 5.362601 2.176988)

# 3.141593 0.785398 1.600000
# best = 1 = LSR
LSL 12.14 0 (4.230476 1.926518 5.979700)
LSR 5.87 0 (4.303108 1.186813 0.376118)
RSL inf 1 (inf inf inf)
RSR 11.51 0 (3.778621 2.870010 4.860760)
RLR 11.72 0 (6.120003 4.682765 0.918957)
LRL 8.20 0 (0.586370 5.278159 2.335594)

# 3.141593 0.785398 2.000000
# best = 1 = LSR
LSL 12.35 0 (4.064194 2.141445 6.145981)
LSR 6.07 0 (4.074311 1.847758 0.147321)
RSL inf 1 (inf inf inf)
RSR 11.84 0 (3.704211 3.200413 4.935170)
RLR 11.21 0 (5.918336 4.428251 0.866110)
LRL 7.95 0 (0.357666 5.153315 2.439453)

# 3.141593 0.785398 2.400000
# best = 1 = LSR
LSL 12.61 0 (3.931171 2.404184 6.279005)
LSR 6.33 0 (3.931178 2.395808 0.004188)
RSL inf 1 (inf inf inf)
RSR 12.18 0 (3.643991 3.545184 4.995389)
RLR 10.57 0 (5.696299 4.104616 0.764512)
LRL 7.63 0 (0.144769 4.993567 2.492603)

# 3.141593 0.785398 2.800000
# best = 0 = LSL
LSL 6.63 0 (3.825814 2.700817 0.101176)
LSR 12.91 0 (3.829342 2.895787 6.185537)
RSL 7.37 0 (4.522514 0.682635 2.166319)
RSR 12.54 0 (3.594590 3.900515 5.044791)
RLR 9.53 0 (5.388882 3.588584 0.555897)
LRL 13.53 0 (6.226165 4.800702 2.501527)

# 3.141593 0.785398 3.200000
# best = 0 = LSL
LSL 6.95 0 (3.742037 3.021379 0.184954)
LSR 13.23 0 (3.752131 3.369164 6.108326)
RSL 7.52 0 (4.180528 1.516676 1.824333)
RSR 12.90 0 (3.553519 4.263766 5.085861)
RLR inf 1 (inf inf inf)
LRL 13.07 0 (6.027449 4.570825 2.470366)

# 3.141593 0.785398 3.600000
# best = 0 = LSL
LSL 7.29 0 (3.674703 3.359024 0.252287)
LSR 13.56 0 (3.691182 3.825827 6.047377)
RSL 7.76 0 (4.000994 2.110597 1.644799)
RSR 13.27 0 (3.518946 4.633075 5.120434)
RLR inf 1 (inf inf inf)
LRL 12.51 0 (5.819462 4.289518 2.397046)

# 3.141593 0.785398 4.000000
# best = 0 = LSL
LSL 7.64 0 (3.619868 3.709091 0.307122)
LSR 13.91 0 (3.641670 4.271140 5.997865)
RSL 8.04 0 (3.880047 2.632287 1.523852)
RSR 13.65 0 (3.489507 5.007102 5.149874)
RLR inf 1 (inf inf inf)
LRL 11.75 0 (5.574400 3.909062 2.261653)

# 3.141593 0.785398 4.400000
# best = 0 = LSL
LSL 8.00 0 (3.574601 4.068375 0.352389)
LSR 14.27 0 (3.600564 4.708325 5.956759)
RSL 8.34 0 (3.791041 3.118213 1.434846)
RSR 14.02 0 (3.464178 5.384864 5.175202)
RLR inf 1 (inf inf inf)
LRL inf 1 (inf inf inf)

# 3.141593 0.785398 4.800000
# best = 0 = LSL
LSL 8.36 0 (3.536745 4.434635 0.390246)
LSR 14.63 0 (3.565842 5.139456 5.922037)
RSL 8.67 0 (3.722148 3.582955 1.365953)
RSR 14.41 0 (3.442183 5.765626 5.197198)
RLR inf 1 (inf inf inf)
LRL inf 1 (inf inf inf)

# 3.141593 0.785398 5.200000
# best = 0 = LSL
LSL 8.73 0 (3.504702 4.806277 0.422288)
LSR 14.99 0 (3.536096 5.565940 5.892291)
RSL 9.01 0 (3.666977 4.033842 1.310782)
RSR 14.79 0 (3.422920 6.148831 5.216460)
RLR inf 1 (inf inf inf)
LRL inf 1 (inf inf inf)

# 3.141593 0.785398 5.600000
# best = 0 = LSL
LSL 9.11 0 (3.477283 5.182144 0.449708)
LSR 15.37 0 (3.510311 5.988771 5.866506)
RSL 9.36 0 (3.621673 4.475064 1.265478)
RSR 15.17 0 (3.405924 6.534050 5.233457)
RLR inf 1 (inf inf inf)
LRL inf 1 (inf inf inf)

# 3.141593 0.785398 6.000000
# best = 0 = LSL
LSL 9.49 0 (3.453587 5.561378 0.473403)
LSR 15.74 0 (3.487733 6.408671 5.843928)
RSL 9.72 0 (3.583740 4.909227 1.227545)
RSR 15.56 0 (3.390823 6.920946 5.248557)
RLR inf 1 (inf inf inf)
LRL inf 1 (inf inf inf)

# 3.141593 0.785398 6.400000
# best = 0 = LSL
LSL 9.87 0 (3.432926 5.943336 0.494064)
LSR 16.12 0 (3.467793 6.826181 5.823988)
RSL 10.08 0 (3.551476 5.338054 1.195281)
RSR 15.95 0 (3.377324 7.309253 5.262056)
RLR inf 1 (inf inf inf)
LRL inf 1 (inf inf inf)

# 3.141593 0.785398 6.800000
# best = 0 = LSL
LSL 10.25 0 (3.414768 6.327524 0.512222)
LSR 16.50 0 (3.450049 7.241715 5.806244)
RSL 10.45 0 (3.523678 5.762737 1.167483)
RSR 16.34 0 (3.365189 7.698758 5.274191)
RLR inf 1 (inf inf inf)
LRL inf 1 (inf inf inf)

# 3.141593 0.785398 7.200000
# best = 0 = LSL
LSL 10.64 0 (3.398693 6.713559 0.528297)
LSR 16.88 0 (3.434153 7.655594 5.790348)
RSL 10.83 0 (3.499464 6.184129 1.143269)
RSR 16.73 0 (3.354225 8.089286 5.285156)
RLR inf 1 (inf inf inf)
LRL inf 1 (inf inf inf)

# 3.141593 0.785398 7.600000
# best = 0 = LSL
LSL 11.03 0 (3.384369 7.101140 0.542621)
LSR 17.26 0 (3.419828 8.068073 5.776023)
RSL 11.20 0 (3.478174 6.602861 1.121979)
RSR 17.12 0 (3.344271 8.480698 5.295109)
RLR inf 1 (inf inf inf)
LRL inf 1 (inf inf inf)

# 3.141593 0.785398 8.000000
# best = 0 = LSL
LSL 11.42 0 (3.371530 7.490027 0.555460)
LSR 17.65 0 (3.406851 8.479357 5.763046)
RSL 11.58 0 (3.459302 7.019408 1.103107)
RSR 17.51 0 (3.335196 8.872876 5.304184)
RLR inf 1 (inf inf inf)
LRL inf 1 (inf inf inf)

# -3.141593 1.178097 0.400000
# best = 4 = RLR
LSL 12.08 0 (5.074562 1.478602 5.528313)
LSR inf 1 (inf inf inf)
RSL inf 1 (inf inf inf)
RSR 10.16 0 (3.948714 1.914281 4.297967)
RLR 6.25 0 (0.308096 5.285134 0.657349)
LRL 9.09 0 (1.554337 5.525920 2.008088)

# -3.141593 1.178097 0.800000
# best = 4 = RLR
LSL 11.99 0 (4.801744 1.388222 5.801131)
LSR inf 1 (inf inf inf)
RSL inf 1 (inf inf inf)
RSR 10.46 0 (3.817598 2.209881 4.429082)
RLR 5.91 0 (0.090681 5.112536 0.702165)
LRL 9.19 0 (1.305722 5.574326 2.305109)

# -3.141593 1.178097 1.200000
# best = 1 = LSR
LSL 12.01 0 (4.515283 1.409985 6.087592)
LSR 5.73 0 (4.554078 0.944428 0.234388)
RSL inf 1 (inf inf inf)
RSR 10.78 0 (3.718683 2.534300 4.527998)
RLR 11.79 0 (6.174110 4.910855 0.700240)
LRL 9.16 0 (1.013453 5.562711 2.585763)

# -3.141593 1.178097 1.600000
# best = 0 = LSL
LSL 5.86 0 (4.257587 1.539141 0.062103)
LSR 12.14 0 (4.259908 1.658629 6.223404)
RSL inf 1 (inf inf inf)
RSR 11.12 0 (3.642776 2.877808 4.603904)
RLR 11.32 0 (5.981356 4.677159 0.659299)
LRL 9.02 0 (0.721019 5.493235 2.808721)

# -3.141593 1.178097 2.000000
# best = 0 = LSL
LSL 6.07 0 (4.051031 1.752099 0.268659)
LSR 12.35 0 (4.082891 2.220395 6.046386)
RSL inf 1 (inf inf inf)
RSR 11.48 0 (3.583321 3.234329 4.663360)
RLR 10.76 0 (5.783175 4.399708 0.580029)
LRL 8.79 0 (0.456038 5.376385 2.956852)

# -3.141593 1.178097 2.400000
# best = 0 = LSL
LSL 6.34 0 (3.894319 2.022560 0.425371)
LSR 12.61 0 (3.958252 2.725666 5.921748)
RSL inf 1 (inf inf inf)
RSR 11.85 0 (3.535802 3.599998 4.710878)
RLR 10.05 0 (5.557627 4.043648 0.449517)
LRL 8.48 0 (0.222603 5.222938 3.036840)

# -3.141593 1.178097 2.800000
# best = 0 = LSL
LSL 6.65 0 (3.776716 2.330589 0.542974)
LSR 12.89 0 (3.864287 3.201306 5.827783)
RSL inf 1 (inf inf inf)
RSR 12.22 0 (3.497117 3.972290 4.749564)
RLR 8.72 0 (5.185688 3.377142 0.154950)
LRL 8.11 0 (0.013141 5.039221 3.062585)

# -3.141593 1.178097 3.200000
# best = 0 = LSL
LSL 6.98 0 (3.687490 2.663182 0.632200)
LSR 13.20 0 (3.790423 3.658888 5.753918)
RSL 8.12 0 (4.418733 1.249721 2.455238)
RSR 12.60 0 (3.465100 4.349505 4.781580)
RLR inf 1 (inf inf inf)
LRL 13.97 0 (6.100523 4.826066 3.045233)

# -3.141593 1.178097 3.600000
# best = 0 = LSL
LSL 7.33 0 (3.618491 3.012215 0.701199)
LSR 13.53 0 (3.730629 4.104457 5.694124)
RSL 8.29 0 (4.184033 1.882206 2.220538)
RSR 12.98 0 (3.438216 4.730465 4.808464)
RLR inf 1 (inf inf inf)
LRL 13.48 0 (5.907393 4.577803 2.990101)

# -3.141593 1.178097 4.000000
# best = 0 = LSL
LSL 7.69 0 (3.564022 3.372586 0.755668)
LSR 13.87 0 (3.681138 4.541549 5.644633)
RSL 8.52 0 (4.030839 2.417353 2.067344)
RSR 13.36 0 (3.415354 5.114333 4.831327)
RLR inf 1 (inf inf inf)
LRL 12.87 0 (5.702506 4.276968 2.894152)

# -3.141593 1.178097 4.400000
# best = 0 = LSL
LSL 8.06 0 (3.520172 3.741020 0.799518)
LSR 14.21 0 (3.639449 4.972401 5.602944)
RSL 8.79 0 (3.919589 2.909380 1.956093)
RSR 13.75 0 (3.395692 5.500500 4.850989)
RLR inf 1 (inf inf inf)
LRL 12.05 0 (5.452786 3.865228 2.732132)

# -3.141593 1.178097 4.800000
# best = 0 = LSL
LSL 8.44 0 (3.484240 4.115353 0.835450)
LSR 14.57 0 (3.603823 5.398507 5.567318)
RSL 9.08 0 (3.834198 3.377186 1.870703)
RSR 14.14 0 (3.378616 5.888515 4.868065)
RLR inf 1 (inf inf inf)
LRL inf 1 (inf inf inf)

# -3.141593 1.178097 5.200000
# best = 0 = LSL
LSL 8.81 0 (3.454332 4.494110 0.865358)
LSR 14.93 0 (3.573010 5.820909 5.536506)
RSL 9.40 0 (3.766246 3.829658 1.802751)
RSR 14.52 0 (3.363654 6.278034 4.883026)
RLR inf 1 (inf inf inf)
LRL inf 1 (inf inf inf)

# -3.141593 1.178097 5.600000
# best = 0 = LSL
LSL 9.20 0 (3.429091 4.876261 0.890599)
LSR 15.30 0 (3.546088 6.240360 5.509583)
RSL 9.73 0 (3.710734 4.271672 1.747239)
RSR 14.92 0 (3.350444 6.668794 4.896237)
RLR inf 1 (inf inf inf)
LRL inf 1 (inf inf inf)

# -3.141593 1.178097 6.000000
# best = 0 = LSL
LSL 9.58 0 (3.407531 5.261066 0.912159)
LSR 15.67 0 (3.522355 6.657416 5.485850)
RSL 10.07 0 (3.664458 4.706174 1.700963)
RSR 15.31 0 (3.338697 7.060589 4.907983)
RLR inf 1 (inf inf inf)
LRL inf 1 (inf inf inf)

# -3.141593 1.178097 6.400000
# best = 0 = LSL
LSL 9.97 0 (3.388917 5.647983 0.930773)
LSR 16.04 0 (3.501272 7.072503 5.464767)
RSL 10.42 0 (3.625250 5.135073 1.661755)
RSR 15.70 0 (3.328187 7.453256 4.918493)
RLR inf 1 (inf inf inf)
LRL inf 1 (inf inf inf)

# -3.141593 1.178097 6.800000
# best = 0 = LSL
LSL 10.36 0 (3.372694 6.036606 0.946996)
LSR 16.41 0 (3.482416 7.485947 5.445912)
RSL 10.78 0 (3.591583 5.559664 1.628088)
RSR 16.09 0 (3.318730 7.846663 4.927950)
RLR inf 1 (inf inf inf)
LRL inf 1 (inf inf inf)

# -3.141593 1.178097 7.200000
# best = 0 = LSL
LSL 10.75 0 (3.358438 6.426625 0.961252)
LSR 16.79 0 (3.465450 7.898006 5.428945)
RSL 11.14 0 (3.562346 5.980867 1.598851)
RSR 16.49 0 (3.310177 8.240705 4.936504)
RLR inf 1 (inf inf inf)
LRL inf 1 (inf inf inf)

# -3.141593 1.178097 7.600000
# best = 0 = LSL
LSL 11.14 0 (3.345815 6.817801 0.973875)
LSR 17.17 0 (3.450101 8.308887 5.413597)
RSL 11.51 0 (3.536710 6.399348 1.573215)
RSR 16.88 0 (3.302405 8.635296 4.944276)
RLR inf 1 (inf inf inf)
LRL inf 1 (inf inf inf)

# -3.141593 1.178097 8.000000
# best = 0 = LSL
LSL 11.53 0 (3.334563 7.209945 0.985127)
LSR 17.55 0 (3.436148 8.718756 5.399644)
RSL 11.88 0 (3.514043 6.815611 1.550547)
RSR 17.28 0 (3.295312 9.030362 4.951369)
RLR inf 1 (inf inf inf)
LRL inf 1 (inf inf inf)

# -2.748894 1.178097 0.400000
# best = 4 = RLR
LSL 11.80 0 (4.926279 1.590271 5.283898)
LSR inf 1 (inf inf inf)
RSL inf 1 (inf inf inf)
RSR 10.79 0 (4.187709 2.149294 4.451671)
RLR 6.37 0 (0.478856 5.148665 0.742818)
LRL 8.57 0 (1.375821 5.465456 1.733440)

# -2.748894 1.178097 0.800000
# best = 4 = RLR
LSL 11.61 0 (4.689554 1.401326 5.520623)
LSR inf 1 (inf inf inf)
RSL inf 1 (inf inf inf)
RSR 11.12 0 (4.089457 2.478853 4.549923)
RLR 5.97 0 (0.279487 4.946431 0.739953)
LRL 8.78 0 (1.190036 5.567336 2.021105)

# -2.748894 1.178097 1.200000
# best = 4 = RLR
LSL 11.52 0 (4.401070 1.310902 5.809107)
LSR inf 1 (inf inf inf)
RSL inf 1 (inf inf inf)
RSR 11.47 0 (4.014800 2.826652 4.624580)
RLR 5.50 0 (0.088436 4.713644 0.698217)
LRL 8.87 0 (0.925582 5.615395 2.333619)

# -2.748894 1.178097 1.600000
# best = 1 = LSR
LSL 11.55 0 (4.098769 1.339109 6.111408)
LSR 5.27 0 (4.129205 0.936811 0.202214)
RSL inf 1 (inf inf inf)
RSR 11.83 0 (3.956748 3.186725 4.682632)
RLR 11.24 0 (6.176556 4.439617 0.619255)
LRL 8.84 0 (0.615807 5.600448 2.628446)

# -2.748894 1.178097 2.000000
# best = 0 = LSL
LSL 5.41 0 (3.831759 1.479177 0.095232)
LSR 11.69 0 (3.837205 1.658485 6.193400)
RSL inf 1 (inf inf inf)
RSR 12.19 0 (3.910603 3.555343 4.728776)
RLR 10.54 0 (5.957398 4.093589 0.492386)
LRL 8.70 0 (0.311379 5.525610 2.858037)

# -2.748894 1.178097 2.400000
# best = 0 = LSL
LSL 5.63 0 (3.622862 1.703735 0.304129)
LSR 11.91 0 (3.663414 2.223405 6.019609)
RSL inf 1 (inf inf inf)
RSR 12.57 0 (3.873192 3.930103 4.766188)
RLR 9.39 0 (5.631206 3.516028 0.241017)
LRL 8.45 0 (0.041276 5.403198 3.005728)

# -2.748894 1.178097 2.800000
# best = 0 = LSL
LSL 5.91 0 (3.467650 1.984304 0.459341)
LSR 12.17 0 (3.541634 2.730657 5.897828)
RSL 8.44 0 (4.806793 1.181138 2.450598)
RSR 12.95 0 (3.842329 4.309404 4.797051)
RLR inf 1 (inf inf inf)
LRL 14.42 0 (6.090169 5.245038 3.081860)

# -2.748894 1.178097 3.200000
# best = 0 = LSL
LSL 6.23 0 (3.352910 2.300481 0.574081)
LSR 12.46 0 (3.450073 3.207716 5.806268)
RSL 8.61 0 (4.563870 1.833611 2.207676)
RSR 13.33 0 (3.816479 4.692144 4.822900)
RLR inf 1 (inf inf inf)
LRL 14.04 0 (5.881751 5.057683 3.102923)

# -2.748894 1.178097 3.600000
# best = 0 = LSL
LSL 6.57 0 (3.266733 2.639501 0.660258)
LSR 12.78 0 (3.378222 3.666388 5.734416)
RSL 8.84 0 (4.408929 2.376799 2.052735)
RSR 13.72 0 (3.794541 5.077545 4.844839)
RLR inf 1 (inf inf inf)
LRL 13.61 0 (5.687673 4.841880 3.081198)

# -2.748894 1.178097 4.000000
# best = 0 = LSL
LSL 6.92 0 (3.200544 2.993612 0.726447)
LSR 13.11 0 (3.320124 4.112828 5.676318)
RSL 9.11 0 (4.297571 2.873363 1.941377)
RSR 14.10 0 (3.775706 5.465045 4.863674)
RLR inf 1 (inf inf inf)
LRL 13.11 0 (5.496485 4.591883 3.022389)

# -2.748894 1.178097 4.400000
# best = 0 = LSL
LSL 7.29 0 (3.148532 3.358045 0.778459)
LSR 13.45 0 (3.272073 4.550639 5.628268)
RSL 9.41 0 (4.212625 3.344138 1.856431)
RSR 14.49 0 (3.759370 5.854226 4.880010)
RLR inf 1 (inf inf inf)
LRL 12.51 0 (5.293741 4.290420 2.923669)

# -2.748894 1.178097 4.800000
# best = 0 = LSL
LSL 7.66 0 (3.106792 3.729774 0.820199)
LSR 13.80 0 (3.231619 4.982095 5.587814)
RSL 9.73 0 (4.145307 3.798724 1.789113)
RSR 14.88 0 (3.745074 6.244775 4.894306)
RLR inf 1 (inf inf inf)
LRL 11.69 0 (5.047267 3.880950 2.760674)

# -2.748894 1.178097 5.200000
# best = 0 = LSL
LSL 8.03 0 (3.072666 4.106819 0.854325)
LSR 14.16 0 (3.197062 5.408718 5.553257)
RSL 10.07 0 (4.090478 4.242328 1.734284)
RSR 15.28 0 (3.732463 6.636450 4.906917)
RLR inf 1 (inf inf inf)
LRL inf 1 (inf inf inf)

# -2.748894 1.178097 5.600000
# best = 0 = LSL
LSL 8.41 0 (3.044306 4.487841 0.882685)
LSR 14.52 0 (3.167183 5.831568 5.523377)
RSL 10.41 0 (4.044875 4.678075 1.688681)
RSR 15.67 0 (3.721259 7.029062 4.918121)
RLR inf 1 (inf inf inf)
LRL inf 1 (inf inf inf)

# -2.748894 1.178097 6.000000
# best = 0 = LSL
LSL 8.80 0 (3.020401 4.871906 0.906590)
LSR 14.89 0 (3.141080 6.251411 5.497274)
RSL 10.76 0 (4.006306 5.107977 1.650112)
RSR 16.06 0 (3.711242 7.422463 4.928138)
RLR inf 1 (inf inf inf)
LRL inf 1 (inf inf inf)

# -2.748894 1.178097 6.400000
# best = 0 = LSL
LSL 9.19 0 (2.999999 5.258347 0.926992)
LSR 15.26 0 (3.118073 6.668816 5.474268)
RSL 11.12 0 (3.973234 5.533396 1.617040)
RSR 16.46 0 (3.702233 7.816535 4.937146)
RLR inf 1 (inf inf inf)
LRL inf 1 (inf inf inf)

# -2.748894 1.178097 6.800000
# best = 0 = LSL
LSL 9.57 0 (2.982396 5.646677 0.944595)
LSR 15.64 0 (3.097638 7.084212 5.453832)
RSL 11.49 0 (3.944547 5.955293 1.588353)
RSR 16.85 0 (3.694091 8.211179 4.945289)
RLR inf 1 (inf inf inf)
LRL inf 1 (inf inf inf)

# -2.748894 1.178097 7.200000
# best = 0 = LSL
LSL 9.96 0 (2.967063 6.036532 0.959928)
LSR 16.01 0 (3.079363 7.497934 5.435557)
RSL 11.86 0 (3.919418 6.374367 1.563223)
RSR 17.25 0 (3.686695 8.606318 4.952685)
RLR inf 1 (inf inf inf)
LRL inf 1 (inf inf inf)

# -2.748894 1.178097 7.600000
# best = 0 = LSL
LSL 10.35 0 (2.953593 6.427633 0.973398)
LSR 16.39 0 (3.062919 7.910245 5.419114)
RSL 12.23 0 (3.897216 6.791141 1.541021)
RSR 17.64 0 (3.679949 9.001887 4.959431)
RLR inf 1 (inf inf inf)
LRL inf 1 (inf inf inf)

# -2.748894 1.178097 8.000000
# best = 0 = LSL
LSL 10.75 0 (2.941671 6.819766 0.985320)
LSR 16.77 0 (3.048044 8.321354 5.404238)
RSL 12.60 0 (3.877454 7.206014 1.521260)
RSR 18.04 0 (3.673771 9.397830 4.965608)
RLR inf 1 (inf inf inf)
LRL inf 1 (inf inf inf)

# -2.356194 1.178097 0.400000
# best = 4 = RLR
LSL 11.46 0 (4.773154 1.644071 5.044323)
LSR inf 1 (inf inf inf)
RSL inf 1 (inf inf inf)
RSR 11.34 0 (4.419474 2.304897 4.612605)
RLR 6.58 0 (0.663780 5.054983 0.856912)
LRL 8.12 0 (1.207991 5.436045 1.479160)

# -2.356194 1.178097 0.800000
# best = 4 = RLR
LSL 11.19 0 (4.578456 1.370467 5.239020)
LSR inf 1 (inf inf inf)
RSL inf 1 (inf inf inf)
RSR 11.70 0 (4.348423 2.664083 4.683656)
RLR 6.12 0 (0.477969 4.825463 0.813202)
LRL 8.42 0 (1.087162 5.583783 1.747727)

# -2.356194 1.178097 1.200000
# best = 4 = RLR
LSL 10.99 0 (4.303591 1.171918 5.513885)
LSR inf 1 (inf inf inf)
RSL inf 1 (inf inf inf)
RSR 12.07 0 (4.294457 3.033501 4.737622)
RLR 5.59 0 (0.292048 4.561552 0.735213)
LRL 8.63 0 (0.864657 5.688502 2.074951)

# -2.356194 1.178097 1.600000
# best = 4 = RLR
LSL 10.91 0 (3.955416 1.090231 5.862060)
LSR inf 1 (inf inf inf)
RSL inf 1 (inf inf inf)
RSR 12.44 0 (4.252302 3.409826 4.779778)
RLR 4.95 0 (0.090042 4.241852 0.617519)
LRL 8.71 0 (0.537773 5.731085 2.444417)

# -2.356194 1.178097 2.000000
# best = 1 = LSR
LSL 10.97 0 (3.600499 1.150571 6.216978)
LSR 4.68 0 (3.604820 1.009619 0.070529)
RSL inf 1 (inf inf inf)
RSR 12.82 0 (4.218573 3.791003 4.813507)
RLR 10.33 0 (6.114056 3.790965 0.425804)
LRL 8.65 0 (0.167141 5.699656 2.783620)

# -2.356194 1.178097 2.400000
# best = 0 = LSL
LSL 4.87 0 (3.312481 1.333801 0.221810)
LSR 11.15 0 (3.340541 1.718356 6.089435)
RSL 8.60 0 (5.208542 0.933667 2.459648)
RSR 13.21 0 (4.191032 4.175703 4.841047)
RLR inf 1 (inf inf inf)
LRL 14.74 0 (6.114112 5.603264 3.023442)

# -2.356194 1.178097 2.800000
# best = 0 = LSL
LSL 5.13 0 (3.106533 1.598197 0.427758)
LSR 11.40 0 (3.183023 2.281702 5.931917)
RSL 8.77 0 (4.927936 1.666828 2.179042)
RSR 13.60 0 (4.168152 4.563035 4.863927)
RLR inf 1 (inf inf inf)
LRL 14.46 0 (5.837101 5.461135 3.158325)

# -2.356194 1.178097 3.200000
# best = 0 = LSL
LSL 5.44 0 (2.963267 1.910352 0.571024)
LSR 11.68 0 (3.072940 2.789190 5.821835)
RSL 9.02 0 (4.764799 2.237163 2.015905)
RSR 13.98 0 (4.148861 4.952381 4.883219)
RLR inf 1 (inf inf inf)
LRL 14.11 0 (5.606952 5.287371 3.214710)

# -2.356194 1.178097 3.600000
# best = 0 = LSL
LSL 5.78 0 (2.861698 2.250479 0.672593)
LSR 12.00 0 (2.990324 3.266956 5.739219)
RSL 9.30 0 (4.651734 2.747996 1.902839)
RSR 14.38 0 (4.132387 5.343301 4.899693)
RLR inf 1 (inf inf inf)
LRL 13.71 0 (5.405739 5.088083 3.216635)

# -2.356194 1.178097 4.000000
# best = 0 = LSL
LSL 6.14 0 (2.787348 2.607655 0.746943)
LSR 12.33 0 (2.925557 3.726449 5.674451)
RSL 9.61 0 (4.567268 3.227702 1.818373)
RSR 14.77 0 (4.118162 5.735473 4.913917)
RLR inf 1 (inf inf inf)
LRL 13.26 0 (5.218835 4.862974 3.178430)

# -2.356194 1.178097 4.400000
# best = 0 = LSL
LSL 6.51 0 (2.731142 2.975748 0.803149)
LSR 12.67 0 (2.873211 4.173708 5.622105)
RSL 9.94 0 (4.501251 3.688447 1.752356)
RSR 15.16 0 (4.105761 6.128657 4.926319)
RLR inf 1 (inf inf inf)
LRL 12.74 0 (5.033792 4.605300 3.105799)

# -2.356194 1.178097 4.800000
# best = 0 = LSL
LSL 6.89 0 (2.687415 3.351162 0.846876)
LSR 13.02 0 (2.829924 4.612294 5.578818)
RSL 10.28 0 (4.448013 4.136572 1.699118)
RSR 15.55 0 (4.094856 6.522671 4.937224)
RLR inf 1 (inf inf inf)
LRL 12.13 0 (4.835783 4.296737 2.995245)

# -2.356194 1.178097 5.200000
# best = 0 = LSL
LSL 7.27 0 (2.652550 3.731689 0.881741)
LSR 13.38 0 (2.793478 5.044469 5.542372)
RSL 10.64 0 (4.404063 4.575785 1.655169)
RSR 15.95 0 (4.085194 6.917371 4.946885)
RLR inf 1 (inf inf inf)
LRL 11.29 0 (4.591698 3.878296 2.820889)

# -2.356194 1.178097 5.600000
# best = 0 = LSL
LSL 7.65 0 (2.624165 4.115909 0.910126)
LSR 13.75 0 (2.762338 5.471754 5.511232)
RSL 10.99 0 (4.367110 5.008432 1.618215)
RSR 16.34 0 (4.076577 7.312647 4.955503)
RLR inf 1 (inf inf inf)
LRL inf 1 (inf inf inf)

# -2.356194 1.178097 6.000000
# best = 0 = LSL
LSL 8.04 0 (2.600642 4.502879 0.933649)
LSR 14.11 0 (2.735405 5.895211 5.484300)
RSL 11.36 0 (4.335572 5.436081 1.586678)
RSR 16.74 0 (4.068843 7.708411 4.963236)
RLR inf 1 (inf inf inf)
LRL inf 1 (inf inf inf)

# -2.356194 1.178097 6.400000
# best = 0 = LSL
LSL 8.43 0 (2.580851 4.891946 0.953440)
LSR 14.49 0 (2.711870 6.315610 5.460764)
RSL 11.73 0 (4.308321 5.859825 1.559427)
RSR 17.14 0 (4.061866 8.104591 4.970214)
RLR inf 1 (inf inf inf)
LRL inf 1 (inf inf inf)

# -2.356194 1.178097 6.800000
# best = 0 = LSL
LSL 8.82 0 (2.563982 5.282645 0.970309)
LSR 14.86 0 (2.691118 6.733524 5.440013)
RSL 12.10 0 (4.284526 6.280457 1.535632)
RSR 17.53 0 (4.055539 8.501128 4.976541)
RLR inf 1 (inf inf inf)
LRL inf 1 (inf inf inf)

# -2.356194 1.178097 7.200000
# best = 0 = LSL
LSL 9.21 0 (2.549440 5.674641 0.984851)
LSR 15.24 0 (2.672679 7.149389 5.421574)
RSL 12.48 0 (4.263561 6.698561 1.514667)
RSR 17.93 0 (4.049776 8.897975 4.982304)
RLR inf 1 (inf inf inf)
LRL inf 1 (inf inf inf)

# -2.356194 1.178097 7.600000
# best = 0 = LSL
LSL 9.60 0 (2.536780 6.067682 0.997511)
LSR 15.62 0 (2.656183 7.563543 5.405078)
RSL 12.86 0 (4.244944 7.114584 1.496049)
RSR 18.33 0 (4.044505 9.295093 4.987574)
RLR inf 1 (inf inf inf)
LRL inf 1 (inf inf inf)

# -2.356194 1.178097 8.000000
# best = 0 = LSL
LSL 10.00 0 (2.525661 6.461577 1.008630)
LSR 16.01 0 (2.641336 7.976252 5.390230)
RSL 13.24 0 (4.228297 7.528870 1.479403)
RSR 18.72 0 (4.039667 9.692448 4.992413)
RLR inf 1 (inf inf inf)
LRL inf 1 (inf inf inf)

# -1.963495 1.178097 0.400000
# best = 4 = RLR
LSL 11.06 0 (4.618779 1.637618 4.805998)
LSR inf 1 (inf inf inf)
RSL inf 1 (inf inf inf)
RSR 11.80 0 (4.647879 2.374491 4.776900)
RLR 6.88 0 (0.870733 5.012079 0.999754)
LRL 7.74 0 (1.055385 5.439583 1.242605)

# -1.963495 1.178097 0.800000
# best = 4 = RLR
LSL 10.72 0 (4.474197 1.297530 4.950580)
LSR inf 1 (inf inf inf)
RSL inf 1 (inf inf inf)
RSR 12.18 0 (4.601082 2.756159 4.823696)
RLR 6.38 0 (0.699326 4.762859 0.921940)
LRL 8.10 0 (1.002245 5.622467 1.478629)

# -1.963495 1.178097 1.200000
# best = 4 = RLR
LSL 10.43 0 (4.236656 1.002685 5.188122)
LSR inf 1 (inf inf inf)
RSL inf 1 (inf inf inf)
RSR 12.57 0 (4.565727 3.142391 4.859052)
RLR 5.81 0 (0.520473 4.475862 0.813797)
LRL 8.41 0 (0.841689 5.776438 1.793155)

# -1.963495 1.178097 1.600000
# best = 4 = RLR
LSL 10.23 0 (3.847359 0.804469 5.577419)
LSR inf 1 (inf inf inf)
RSL inf 1 (inf inf inf)
RSR 12.96 0 (4.538138 3.531689 4.886641)
RLR 5.10 0 (0.314495 4.119085 0.662998)
LRL 8.61 0 (0.503268 5.878188 2.233328)

# -1.963495 1.178097 2.000000
# best = 4 = RLR
LSL 10.21 0 (3.337942 0.780361 6.086835)
LSR inf 1 (inf inf inf)
RSL 8.64 0 (5.889986 0.001000 2.748393)
RSR 13.35 0 (4.516040 3.923141 4.908739)
RLR 3.93 0 (0.000000 3.534292 0.392699)
LRL 14.92 0 (6.283185 5.890486 2.748893)

# -1.963495 1.178097 2.400000
# best = 0 = LSL
LSL 4.09 0 (2.909256 0.943799 0.232336)
LSR 10.37 0 (2.948606 1.326649 6.090199)
RSL 8.79 0 (5.304801 1.326650 2.163207)
RSR 13.74 0 (4.497959 4.316161 4.926820)
RLR inf 1 (inf inf inf)
LRL 14.76 0 (5.812653 5.806794 3.135733)

# -1.963495 1.178097 2.800000
# best = 0 = LSL
LSL 4.36 0 (2.640520 1.221699 0.501072)
LSR 10.62 0 (2.759098 1.959591 5.900691)
RSL 9.05 0 (5.115293 1.959592 1.973700)
RSR 14.14 0 (4.482900 4.710356 4.941879)
RLR inf 1 (inf inf inf)
LRL 14.47 0 (5.471728 5.662416 3.332280)

# -1.963495 1.178097 3.200000
# best = 0 = LSL
LSL 4.70 0 (2.478538 1.553815 0.663054)
LSR 10.92 0 (2.638626 2.497999 5.780220)
RSL 9.35 0 (4.994822 2.498000 1.853228)
RSR 14.53 0 (4.470169 5.105454 4.954609)
RLR inf 1 (inf inf inf)
LRL 14.11 0 (5.221178 5.485279 3.405693)

# -1.963495 1.178097 3.600000
# best = 0 = LSL
LSL 5.05 0 (2.375312 1.912102 0.766280)
LSR 11.24 0 (2.552526 2.993326 5.694119)
RSL 9.67 0 (4.908721 2.993326 1.767128)
RSR 14.93 0 (4.459269 5.501260 4.965510)
RLR inf 1 (inf inf inf)
LRL 13.71 0 (5.018499 5.286375 3.409467)

# -1.963495 1.178097 4.000000
# best = 0 = LSL
LSL 5.43 0 (2.305162 2.284278 0.836430)
LSR 11.58 0 (2.487094 3.464101 5.628687)
RSL 10.01 0 (4.843289 3.464102 1.701696)
RSR 15.32 0 (4.449833 5.897633 4.974946)
RLR inf 1 (inf inf inf)
LRL 13.28 0 (4.838947 5.067569 3.370214)

# -1.963495 1.178097 4.400000
# best = 0 = LSL
LSL 5.81 0 (2.254842 2.664530 0.886750)
LSR 11.93 0 (2.435357 3.919183 5.576950)
RSL 10.36 0 (4.791552 3.919184 1.649959)
RSR 15.72 0 (4.441586 6.294464 4.983193)
RLR inf 1 (inf inf inf)
LRL 12.79 0 (4.667423 4.825163 3.299331)

# -1.963495 1.178097 4.800000
# best = 0 = LSL
LSL 6.19 0 (2.217160 3.049838 0.924432)
LSR 12.29 0 (2.393270 4.363485 5.534864)
RSL 10.72 0 (4.749466 4.363485 1.607872)
RSR 16.12 0 (4.434317 6.691673 4.990461)
RLR inf 1 (inf inf inf)
LRL 12.24 0 (4.491647 4.548974 3.198919)

# -1.963495 1.178097 5.200000
# best = 0 = LSL
LSL 6.58 0 (2.187962 3.438503 0.953630)
LSR 12.66 0 (2.358286 4.800000 5.499879)
RSL 11.09 0 (4.714481 4.800000 1.572888)
RSR 16.51 0 (4.427864 7.089196 4.996915)
RLR inf 1 (inf inf inf)
LRL 11.57 0 (4.295018 4.214112 3.060685)

# -1.963495 1.178097 5.600000
# best = 0 = LSL
LSL 6.97 0 (2.164711 3.829504 0.976881)
LSR 13.03 0 (2.328702 5.230678 5.470295)
RSL 11.46 0 (4.684897 5.230679 1.543304)
RSR 16.91 0 (4.422096 7.486982 5.002683)
RLR inf 1 (inf inf inf)
LRL 10.60 0 (4.028527 3.727633 2.840698)

# -1.963495 1.178097 6.000000
# best = 0 = LSL
LSL 7.36 0 (2.145775 4.222190 0.995817)
LSR 13.41 0 (2.303332 5.656854 5.444925)
RSL 11.83 0 (4.659527 5.656855 1.517934)
RSR 17.31 0 (4.416910 7.884993 5.007869)
RLR inf 1 (inf inf inf)
LRL inf 1 (inf inf inf)

# -1.963495 1.178097 6.400000
# best = 0 = LSL
LSL 7.76 0 (2.130067 4.616133 1.011525)
LSR 13.78 0 (2.281319 6.079473 5.422912)
RSL 12.21 0 (4.637514 6.079474 1.495921)
RSR 17.71 0 (4.412222 8.283195 5.012556)
RLR inf 1 (inf inf inf)
LRL inf 1 (inf inf inf)

# -1.963495 1.178097 6.800000
# best = 0 = LSL
LSL 8.15 0 (2.116831 5.011035 1.024761)
LSR 14.16 0 (2.262027 6.499230 5.403620)
RSL 12.59 0 (4.618222 6.499231 1.476629)
RSR 18.11 0 (4.407965 8.681562 5.016814)
RLR inf 1 (inf inf inf)
LRL inf 1 (inf inf inf)

# -1.963495 1.178097 7.200000
# best = 0 = LSL
LSL 8.55 0 (2.105531 5.406687 1.036061)
LSR 14.55 0 (2.244975 6.916646 5.386568)
RSL 12.98 0 (4.601170 6.916647 1.459577)
RSR 18.50 0 (4.404081 9.080073 5.020697)
RLR inf 1 (inf inf inf)
LRL inf 1 (inf inf inf)

# -1.963495 1.178097 7.600000
# best = 0 = LSL
LSL 8.94 0 (2.095773 5.802936 1.045819)
LSR 14.93 0 (2.229789 7.332121 5.371382)
RSL 13.36 0 (4.585984 7.332121 1.444391)
RSR 18.90 0 (4.400524 9.478710 5.024254)
RLR inf 1 (inf inf inf)
LRL inf 1 (inf inf inf)

# -1.963495 1.178097 8.000000
# best = 0 = LSL
LSL 9.34 0 (2.087264 6.199666 1.054328)
LSR 15.32 0 (2.216175 7.745966 5.357768)
RSL 13.75 0 (4.572370 7.745967 1.430777)
RSR 19.30 0 (4.397254 9.877456 5.027524)
RLR inf 1 (inf inf inf)
LRL inf 1 (inf inf inf)

# -1.570796 1.178097 0.400000
# best = 4 = RLR
LSL 10.60 0 (4.466352 1.571195 4.565726)
LSR inf 1 (inf inf inf)
RSL inf 1 (inf inf inf)
RSR 12.17 0 (4.875599 2.355178 4.941879)
RLR 7.30 0 (1.104440 5.024052 1.170720)
LRL 7.42 0 (0.921086 5.475839 1.020461)

# -1.570796 1.178097 0.800000
# best = 4 = RLR
LSL 10.22 0 (4.384200 1.187245 4.647878)
LSR inf 1 (inf inf inf)
RSL inf 1 (inf inf inf)
RSR 12.57 0 (4.851968 2.750630 4.965510)
RLR 6.78 0 (0.952117 4.766670 1.065659)
LRL 7.83 0 (0.941256 5.680482 1.204934)

# -1.570796 1.178097 1.200000
# best = 4 = RLR
LSL 9.85 0 (4.226080 0.818809 4.805999)
LSR inf 1 (inf inf inf)
RSL inf 1 (inf inf inf)
RSR 12.96 0 (4.834285 3.147232 4.983193)
RLR 6.19 0 (0.787072 4.471945 0.935980)
LRL 8.21 0 (0.878328 5.870866 1.458246)

# -1.570796 1.178097 1.600000
# best = 4 = RLR
LSL 9.53 0 (3.843957 0.501343 5.188122)
LSR inf 1 (inf inf inf)
RSL inf 1 (inf inf inf)
RSR 13.36 0 (4.820563 3.544598 4.996915)
RLR 5.46 0 (0.590001 4.105248 0.766354)
LRL 8.53 0 (0.576698 6.031853 1.920863)

# -1.570796 1.178097 2.000000
# best = 4 = RLR
LSL 9.42 0 (2.945242 0.390181 6.086836)
LSR inf 1 (inf inf inf)
RSL 8.69 0 (5.775044 0.675813 2.240752)
RSR 13.76 0 (4.809609 3.942496 5.007869)
RLR 4.21 0 (0.266987 3.481128 0.465248)
LRL 14.92 0 (5.989135 6.087784 2.847543)

# -1.570796 1.178097 2.400000
# best = 0 = LSL
LSL 3.36 0 (2.247821 0.610850 0.501072)
LSR 9.62 0 (2.422041 1.243729 5.956333)
RSL 8.94 0 (5.483417 1.509179 1.949125)
RSR 14.16 0 (4.800664 4.340781 5.016814)
RLR inf 1 (inf inf inf)
LRL 14.70 0 (5.236102 5.976561 3.489352)

# -1.570796 1.178097 2.800000
# best = 0 = LSL
LSL 3.70 0 (1.982613 0.956051 0.766280)
LSR 9.91 0 (2.245315 1.888377 5.779607)
RSL 9.25 0 (5.340642 2.102027 1.806349)
RSR 14.56 0 (4.793223 4.739355 5.024254)
RLR inf 1 (inf inf inf)
LRL 14.35 0 (4.882856 5.800487 3.666524)

# -1.570796 1.178097 3.200000
# best = 0 = LSL
LSL 4.08 0 (1.862143 1.332265 0.886750)
LSR 10.24 0 (2.137529 2.430035 5.671822)
RSL 9.58 0 (5.247575 2.622864 1.713283)
RSR 14.96 0 (4.786937 5.138150 5.030540)
RLR inf 1 (inf inf inf)
LRL 13.96 0 (4.664182 5.604078 3.688789)

# -1.570796 1.178097 3.600000
# best = 0 = LSL
LSL 4.47 0 (1.795263 1.719252 0.953630)
LSR 10.59 0 (2.062134 2.926461 5.596426)
RSL 9.93 0 (5.180440 3.108104 1.646148)
RSR 15.35 0 (4.781557 5.537119 5.035921)
RLR inf 1 (inf inf inf)
LRL 13.54 0 (4.492570 5.394614 3.650937)

# -1.570796 1.178097 4.000000
# best = 0 = LSL
LSL 4.86 0 (1.753076 2.111095 0.995817)
LSR 10.94 0 (2.005617 3.397540 5.539909)
RSL 10.30 0 (5.129166 3.572283 1.594873)
RSR 15.75 0 (4.776900 5.936227 5.040578)
RLR inf 1 (inf inf inf)
LRL 13.09 0 (4.338691 5.171230 3.581432)

# -1.570796 1.178097 4.400000
# best = 0 = LSL
LSL 5.25 0 (1.724132 2.505518 1.024761)
LSR 11.31 0 (1.961357 3.852581 5.495650)
RSL 10.67 0 (5.088490 4.022698 1.554198)
RSR 16.15 0 (4.772830 6.335448 5.044648)
RLR inf 1 (inf inf inf)
LRL 12.61 0 (4.188825 4.929385 3.489453)

# -1.570796 1.178097 4.800000
# best = 0 = LSL
LSL 5.65 0 (1.703074 2.901468 1.045819)
LSR 11.68 0 (1.925610 4.296683 5.459903)
RSL 11.04 0 (5.055322 4.463519 1.521030)
RSR 16.55 0 (4.769242 6.734761 5.048236)
RLR inf 1 (inf inf inf)
LRL 12.07 0 (4.033100 4.660051 3.375844)

# -1.570796 1.178097 5.200000
# best = 0 = LSL
LSL 6.05 0 (1.687079 3.298395 1.061814)
LSR 12.06 0 (1.896060 4.732926 5.430352)
RSL 11.42 0 (5.027699 4.897336 1.493407)
RSR 16.95 0 (4.766056 7.134151 5.051421)
RLR inf 1 (inf inf inf)
LRL 11.44 0 (3.859179 4.344200 3.233914)

# -1.570796 1.178097 5.600000
# best = 0 = LSL
LSL 6.44 0 (1.674522 3.695986 1.074371)
LSR 12.44 0 (1.871181 5.163302 5.405474)
RSL 11.80 0 (5.004303 5.325861 1.470011)
RSR 17.35 0 (4.763208 7.533605 5.054270)
RLR inf 1 (inf inf inf)
LRL 10.60 0 (3.637712 3.926380 3.037561)

# -1.570796 1.178097 6.000000
# best = 0 = LSL
LSL 6.84 0 (1.664406 4.094045 1.084487)
LSR 12.82 0 (1.849923 5.589168 5.384215)
RSL 12.18 0 (4.984213 5.750277 1.449920)
RSR 17.75 0 (4.760647 7.933115 5.056831)
RLR inf 1 (inf inf inf)
LRL inf 1 (inf inf inf)

# -1.570796 1.178097 6.400000
# best = 0 = LSL
LSL 7.24 0 (1.656083 4.492449 1.092810)
LSR 13.21 0 (1.831533 6.011481 5.365825)
RSL 12.57 0 (4.966760 6.171433 1.432468)
RSR 18.15 0 (4.758331 8.332672 5.059147)
RLR inf 1 (inf inf inf)
LRL inf 1 (inf inf inf)

# -1.570796 1.178097 6.800000
# best = 0 = LSL
LSL 7.64 0 (1.649117 4.891114 1.099776)
LSR 13.60 0 (1.815458 6.430941 5.349750)
RSL 12.96 0 (4.951450 6.589953 1.417158)
RSR 18.55 0 (4.756227 8.732269 5.061250)
RLR inf 1 (inf inf inf)
LRL inf 1 (inf inf inf)

# -1.570796 1.178097 7.200000
# best = 0 = LSL
LSL 8.04 0 (1.643200 5.289981 1.105693)
LSR 13.98 0 (1.801279 6.848073 5.335571)
RSL 13.35 0 (4.937905 7.006310 1.403613)
RSR 18.95 0 (4.754308 9.131901 5.063170)
RLR inf 1 (inf inf inf)
LRL inf 1 (inf inf inf)

# -1.570796 1.178097 7.600000
# best = 0 = LSL
LSL 8.44 0 (1.638114 5.689006 1.110779)
LSR 14.37 0 (1.788676 7.263278 5.322968)
RSL 13.74 0 (4.925832 7.420867 1.391540)
RSR 19.35 0 (4.752549 9.531565 5.064928)
RLR inf 1 (inf inf inf)
LRL inf 1 (inf inf inf)

# -1.570796 1.178097 8.000000
# best = 0 = LSL
LSL 8.84 0 (1.633694 6.088160 1.115199)
LSR 14.77 0 (1.777396 7.676869 5.311689)
RSL 14.13 0 (4.915001 7.833912 1.380709)
RSR 19.75 0 (4.750932 9.931255 5.066546)
RLR inf 1 (inf inf inf)
LRL inf 1 (inf inf inf)

# -1.178097 1.178097 0.400000
# best = 5 = LRL
LSL 10.09 0 (4.319690 1.447759 4.319690)
LSR inf 1 (inf inf inf)
RSL inf 1 (inf inf inf)
RSR 12.46 0 (5.105088 2.247759 5.105088)
RLR 7.82 0 (1.366767 5.089727 1.366767)
LRL 7.16 0 (0.807749 5.542490 0.807749)

# -1.178097 1.178097 0.800000
# best = 4 = RLR
LSL 9.69 0 (4.319690 1.047759 4.319690)
LSR inf 1 (inf inf inf)
RSL inf 1 (inf inf inf)
RSR 12.86 0 (5.105088 2.647759 5.105088)
RLR 7.32 0 (1.240092 4.836378 1.240092)
LRL 7.58 0 (0.913065 5.753122 0.913065)

# -1.178097 1.178097 1.200000
# best = 4 = RLR
LSL 9.29 0 (4.319690 0.647759 4.319690)
LSR inf 1 (inf inf inf)
RSL inf 1 (inf inf inf)
RSR 13.26 0 (5.105088 3.047759 5.105088)
RLR 6.74 0 (1.097193 4.550580 1.097193)
LRL 7.99 0 (1.015441 5.957873 1.015441)

# -1.178097 1.178097 1.600000
# best = 4 = RLR
LSL 8.89 0 (4.319690 0.247759 4.319690)
LSR inf 1 (inf inf inf)
RSL inf 1 (inf inf inf)
RSR 13.66 0 (5.105088 3.447759 5.105088)
RLR 6.05 0 (0.924413 4.205019 0.924413)
LRL 8.39 0 (1.116118 6.159227 1.116118)

# -1.178097 1.178097 2.000000
# best = 0 = LSL
LSL 2.51 0 (1.178097 0.152241 1.178097)
LSR 8.73 0 (2.017913 0.765367 5.944905)
RSL 8.73 0 (5.944905 0.765367 2.017913)
RSR 14.06 0 (5.105088 3.847759 5.105088)
RLR 5.03 0 (0.669482 3.695157 0.669482)
LRL 14.77 0 (4.281620 6.207046 4.281620)

# -1.178097 1.178097 2.400000
# best = 0 = LSL
LSL 2.91 0 (1.178097 0.552241 1.178097)
LSR 9.03 0 (1.786650 1.531596 5.713642)
RSL 9.03 0 (5.713642 1.531596 1.786650)
RSR 14.46 0 (5.105088 4.247759 5.105088)
RLR inf 1 (inf inf inf)
LRL 14.37 0 (4.181187 6.006180 4.181187)

# -1.178097 1.178097 2.800000
# best = 0 = LSL
LSL 3.31 0 (1.178097 0.952241 1.178097)
LSR 9.37 0 (1.671390 2.103755 5.598381)
RSL 9.37 0 (5.598381 2.103755 1.671390)
RSR 14.86 0 (5.105088 4.647759 5.105088)
RLR inf 1 (inf inf inf)
LRL 13.96 0 (4.079321 5.802449 4.079321)

# -1.178097 1.178097 3.200000
# best = 0 = LSL
LSL 3.71 0 (1.178097 1.352241 1.178097)
LSR 9.73 0 (1.596687 2.612621 5.523678)
RSL 9.73 0 (5.523678 2.612621 1.596687)
RSR 15.26 0 (5.105088 5.047759 5.105088)
RLR inf 1 (inf inf inf)
LRL 13.54 0 (3.974835 5.593475 3.974835)

# -1.178097 1.178097 3.600000
# best = 0 = LSL
LSL 4.11 0 (1.178097 1.752241 1.178097)
LSR 10.10 0 (1.543108 3.089626 5.470100)
RSL 10.10 0 (5.470100 3.089626 1.543108)
RSR 15.66 0 (5.105088 5.447759 5.105088)
RLR inf 1 (inf inf inf)
LRL 13.11 0 (3.866250 5.376306 3.866250)

# -1.178097 1.178097 4.000000
# best = 0 = LSL
LSL 4.51 0 (1.178097 2.152241 1.178097)
LSR 10.48 0 (1.502382 3.547645 5.429373)
RSL 10.48 0 (5.429373 3.547645 1.502382)
RSR 16.06 0 (5.105088 5.847759 5.105088)
RLR inf 1 (inf inf inf)
LRL 12.65 0 (3.751555 5.146917 3.751555)

# -1.178097 1.178097 4.400000
# best = 0 = LSL
LSL 4.91 0 (1.178097 2.552241 1.178097)
LSR 10.86 0 (1.470200 3.993218 5.397191)
RSL 10.86 0 (5.397191 3.993218 1.470200)
RSR 16.46 0 (5.105088 6.247759 5.105088)
RLR inf 1 (inf inf inf)
LRL 12.15 0 (3.627713 4.899232 3.627713)

# -1.178097 1.178097 4.800000
# best = 0 = LSL
LSL 5.31 0 (1.178097 2.952241 1.178097)
LSR 11.25 0 (1.444042 4.430100 5.371033)
RSL 11.25 0 (5.371033 4.430100 1.444042)
RSR 16.86 0 (5.105088 6.647759 5.105088)
RLR inf 1 (inf inf inf)
LRL 11.60 0 (3.489499 4.622803 3.489499)

# -1.178097 1.178097 5.200000
# best = 0 = LSL
LSL 5.71 0 (1.178097 3.352241 1.178097)
LSR 11.63 0 (1.422314 4.860636 5.349306)
RSL 11.63 0 (5.349306 4.860636 1.422314)
RSR 17.26 0 (5.105088 7.047759 5.105088)
RLR inf 1 (inf inf inf)
LRL 10.95 0 (3.325972 4.295749 3.325972)

# -1.178097 1.178097 5.600000
# best = 0 = LSL
LSL 6.11 0 (1.178097 3.752241 1.178097)
LSR 12.02 0 (1.403954 5.286378 5.330945)
RSL 12.02 0 (5.330945 5.286378 1.403954)
RSR 17.66 0 (5.105088 7.447759 5.105088)
RLR inf 1 (inf inf inf)
LRL 10.05 0 (3.102701 3.849208 3.102701)

# -1.178097 1.178097 6.000000
# best = 0 = LSL
LSL 6.51 0 (1.178097 4.152241 1.178097)
LSR 12.41 0 (1.388217 5.708396 5.315209)
RSL 12.41 0 (5.315209 5.708396 1.388217)
RSR 18.06 0 (5.105088 7.847759 5.105088)
RLR inf 1 (inf inf inf)
LRL inf 1 (inf inf inf)

# -1.178097 1.178097 6.400000
# best = 0 = LSL
LSL 6.91 0 (1.178097 4.552241 1.178097)
LSR 12.80 0 (1.374571 6.127462 5.301562)
RSL 12.80 0 (5.301562 6.127462 1.374571)
RSR 18.46 0 (5.105088 8.247759 5.105088)
RLR inf 1 (inf inf inf)
LRL inf 1 (inf inf inf)

# -1.178097 1.178097 6.800000
# best = 0 = LSL
LSL 7.31 0 (1.178097 4.952241 1.178097)
LSR 13.20 0 (1.362617 6.544141 5.289608)
RSL 13.20 0 (5.289608 6.544141 1.362617)
RSR 18.86 0 (5.105088 8.647759 5.105088)
RLR inf 1 (inf inf inf)
LRL inf 1 (inf inf inf)

# -1.178097 1.178097 7.200000
# best = 0 = LSL
LSL 7.71 0 (1.178097 5.352241 1.178097)
LSR 13.59 0 (1.352054 6.958864 5.279045)
RSL 13.59 0 (5.279045 6.958864 1.352054)
RSR 19.26 0 (5.105088 9.047759 5.105088)
RLR inf 1 (inf inf inf)
LRL inf 1 (inf inf inf)

# -1.178097 1.178097 7.600000
# best = 0 = LSL
LSL 8.11 0 (1.178097 5.752241 1.178097)
LSR 13.98 0 (1.342651 7.371960 5.269642)
RSL 13.98 0 (5.269642 7.371960 1.342651)
RSR 19.66 0 (5.105088 9.447759 5.105088)
RLR inf 1 (inf inf inf)
LRL inf 1 (inf inf inf)

# -1.178097 1.178097 8.000000
# best = 0 = LSL
LSL 8.51 0 (1.178097 6.152241 1.178097)
LSR 14.38 0 (1.334223 7.783687 5.261215)
RSL 14.38 0 (5.261215 7.783687 1.334223)
RSR 20.06 0 (5.105088 9.847759 5.105088)
RLR inf 1 (inf inf inf)
LRL inf 1 (inf inf inf)

# -0.785398 1.178097 0.400000
# best = 5 = LRL
LSL 9.52 0 (4.184679 1.273019 4.062002)
LSR inf 1 (inf inf inf)
RSL inf 1 (inf inf inf)
RSR 12.66 0 (5.339389 2.056734 5.263487)
RLR 8.44 0 (1.657741 5.203074 1.581839)
LRL 6.95 0 (0.719198 5.635409 0.596521)

# -0.785398 1.178097 0.800000
# best = 5 = LRL
LSL 9.14 0 (4.299200 0.892070 3.947480)
LSR inf 1 (inf inf inf)
RSL inf 1 (inf inf inf)
RSR 13.06 0 (5.365118 2.452538 5.237758)
RLR 7.96 0 (1.563503 4.963140 1.436143)
LRL 7.35 0 (0.932699 5.833368 0.580978)

# -0.785398 1.178097 1.200000
# best = 4 = RLR
LSL 8.79 0 (4.572247 0.539444 3.674433)
LSR inf 1 (inf inf inf)
RSL inf 1 (inf inf inf)
RSR 13.45 0 (5.383688 2.849514 5.219188)
RLR 7.43 0 (1.449213 4.697422 1.284713)
LRL 7.71 0 (1.295381 6.012639 0.397567)

# -0.785398 1.178097 1.600000
# best = 4 = RLR
LSL 8.57 0 (5.402564 0.325900 2.844116)
LSR 7.98 0 (1.479750 0.698789 5.799440)
RSL inf 1 (inf inf inf)
RSR 13.85 0 (5.397713 3.247233 5.205163)
RLR 6.81 0 (1.308878 4.388701 1.116328)
LRL 14.20 0 (2.179406 6.120055 5.904143)

# -0.785398 1.178097 2.000000
# best = 0 = LSL
LSL 2.45 0 (0.064215 0.491347 1.899280)
LSR 8.31 0 (1.272060 1.449733 5.591750)
RSL 8.74 0 (6.225695 0.606253 1.906005)
RSR 14.25 0 (5.408675 3.645451 5.194200)
RLR 6.02 0 (1.120500 3.990020 0.906025)
LRL 14.04 0 (3.082660 6.036890 4.917725)

# -0.785398 1.178097 2.400000
# best = 0 = LSL
LSL 2.80 0 (0.386182 0.834645 1.577313)
LSR 8.68 0 (1.173991 2.008767 5.493682)
RSL 9.07 0 (5.995583 1.397900 1.675893)
RSR 14.65 0 (5.417478 4.044020 5.185398)
RLR inf 1 (inf inf inf)
LRL 13.69 0 (3.317569 5.862773 4.508699)

# -0.785398 1.178097 2.800000
# best = 0 = LSL
LSL 3.18 0 (0.514692 1.213196 1.448803)
LSR 9.05 0 (1.111983 2.507700 5.431673)
RSL 9.43 0 (5.892828 1.964868 1.573138)
RSR 15.05 0 (5.424701 4.442847 5.178175)
RLR inf 1 (inf inf inf)
LRL 13.30 0 (3.348132 5.666880 4.282243)

# -0.785398 1.178097 3.200000
# best = 0 = LSL
LSL 3.57 0 (0.581502 1.602203 1.381993)
LSR 9.43 0 (1.068219 2.976908 5.387910)
RSL 9.81 0 (5.828726 2.467243 1.509036)
RSR 15.44 0 (5.430733 4.841867 5.172142)
RLR inf 1 (inf inf inf)
LRL 12.88 0 (3.310977 5.458950 4.111467)

# -0.785398 1.178097 3.600000
# best = 0 = LSL
LSL 3.96 0 (0.622101 1.995562 1.341394)
LSR 9.82 0 (1.035341 3.428615 5.355031)
RSL 10.19 0 (5.783791 2.938345 1.464101)
RSR 15.84 0 (5.435847 5.241037 5.167028)
RLR inf 1 (inf inf inf)
LRL 12.44 0 (3.241375 5.238549 3.960669)

# -0.785398 1.178097 4.000000
# best = 0 = LSL
LSL 4.35 0 (0.649300 2.391125 1.314195)
LSR 10.21 0 (1.009594 3.868955 5.329284)
RSL 10.57 0 (5.750175 3.391232 1.430485)
RSR 16.24 0 (5.440237 5.640324 5.162639)
RLR inf 1 (inf inf inf)
LRL 11.97 0 (3.150162 5.001724 3.815057)

# -0.785398 1.178097 4.400000
# best = 0 = LSL
LSL 4.75 0 (0.668768 2.787954 1.294727)
LSR 10.60 0 (0.988818 4.301422 5.308508)
RSL 10.96 0 (5.723928 3.832367 1.404238)
RSR 16.64 0 (5.444046 6.039706 5.158829)
RLR inf 1 (inf inf inf)
LRL 11.45 0 (3.039171 4.740807 3.665131)

# -0.785398 1.178097 4.800000
# best = 0 = LSL
LSL 5.15 0 (0.683380 3.185577 1.280115)
LSR 10.99 0 (0.971664 4.728176 5.291354)
RSL 11.35 0 (5.702795 4.265397 1.383105)
RSR 17.04 0 (5.447383 6.439164 5.155492)
RLR inf 1 (inf inf inf)
LRL 10.84 0 (2.903663 4.440567 3.500398)

# -0.785398 1.178097 5.200000
# best = 0 = LSL
LSL 5.55 0 (0.694747 3.583729 1.268748)
LSR 11.38 0 (0.957241 5.150638 5.276931)
RSL 11.74 0 (5.685377 4.692568 1.365686)
RSR 17.44 0 (5.450330 6.838686 5.152546)
RLR inf 1 (inf inf inf)
LRL 10.09 0 (2.725815 4.062135 3.299815)

# -0.785398 1.178097 5.600000
# best = 0 = LSL
LSL 5.95 0 (0.703840 3.982251 1.259655)
LSR 11.78 0 (0.944933 5.569784 5.264623)
RSL 12.14 0 (5.670752 5.115347 1.351061)
RSR 17.84 0 (5.452952 7.238260 5.149924)
RLR inf 1 (inf inf inf)
LRL 8.62 0 (2.368877 3.330072 2.924691)

# -0.785398 1.178097 6.000000
# best = 0 = LSL
LSL 6.34 0 (0.711279 4.381042 1.252216)
LSR 12.17 0 (0.934299 5.986310 5.253990)
RSL 12.53 0 (5.658285 5.534741 1.338595)
RSR 18.24 0 (5.455299 7.637879 5.147577)
RLR inf 1 (inf inf inf)
LRL inf 1 (inf inf inf)

# -0.785398 1.178097 6.400000
# best = 0 = LSL
LSL 6.74 0 (0.717475 4.780036 1.246020)
LSR 12.57 0 (0.925015 6.400729 5.244705)
RSL 12.93 0 (5.647525 5.951466 1.327834)
RSR 18.64 0 (5.457413 8.037536 5.145463)
RLR inf 1 (inf inf inf)
LRL inf 1 (inf inf inf)

# -0.785398 1.178097 6.800000
# best = 0 = LSL
LSL 7.14 0 (0.722717 5.179185 1.240778)
LSR 12.97 0 (0.916835 6.813424 5.236525)
RSL 13.32 0 (5.638137 6.366045 1.318447)
RSR 19.04 0 (5.459326 8.437226 5.143549)
RLR inf 1 (inf inf inf)
LRL inf 1 (inf inf inf)

# -0.785398 1.178097 7.200000
# best = 0 = LSL
LSL 7.54 0 (0.727209 5.578456 1.236286)
LSR 13.36 0 (0.909571 7.224691 5.229262)
RSL 13.72 0 (5.629873 6.778872 1.310182)
RSR 19.44 0 (5.461067 8.836943 5.141809)
RLR inf 1 (inf inf inf)
LRL inf 1 (inf inf inf)

# -0.785398 1.178097 7.600000
# best = 0 = LSL
LSL 7.94 0 (0.731100 5.977824 1.232395)
LSR 13.76 0 (0.903077 7.634761 5.222767)
RSL 14.12 0 (5.622538 7.190249 1.302848)
RSR 19.84 0 (5.462657 9.236685 5.140219)
RLR inf 1 (inf inf inf)
LRL inf 1 (inf inf inf)

# -0.785398 1.178097 8.000000
# best = 0 = LSL
LSL 8.34 0 (0.734504 6.377271 1.228991)
LSR 14.16 0 (0.897234 8.043817 5.216924)
RSL 14.51 0 (5.615984 7.600412 1.296294)
RSR 20.24 0 (5.464115 9.636449 5.138761)
RLR inf 1 (inf inf inf)
LRL inf 1 (inf inf inf)

# -0.392699 1.178097 0.400000
# best = 5 = LRL
LSL 8.91 0 (4.072484 1.055817 3.781497)
LSR inf 1 (inf inf inf)
RSL inf 1 (inf inf inf)
RSR 12.79 0 (5.583392 1.790321 5.412182)
RLR 9.14 0 (1.977742 5.355070 1.806532)
LRL 6.79 0 (0.663772 5.748946 0.372785)

# -0.392699 1.178097 0.800000
# best = 5 = LRL
LSL 8.60 0 (4.352732 0.741282 3.501249)
LSR inf 1 (inf inf inf)
RSL inf 1 (inf inf inf)
RSR 13.17 0 (5.639015 2.174971 5.356559)
RLR 8.70 0 (1.922532 5.133405 1.640076)
LRL 7.11 0 (1.024742 5.910389 0.173258)

# -0.392699 1.178097 1.200000
# best = 1 = LSR
LSL 8.41 0 (4.910673 0.551587 2.943309)
LSR 7.40 0 (0.913830 0.859576 5.626220)
RSL inf 1 (inf inf inf)
RSR 13.56 0 (5.677839 2.564323 5.317736)
RLR 8.21 0 (1.840341 4.891374 1.480237)
LRL 13.58 0 (1.630742 6.006510 5.946564)

# -0.392699 1.178097 1.600000
# best = 4 = RLR
LSL 8.47 0 (5.601924 0.615628 2.252057)
LSR 7.76 0 (0.767680 1.513879 5.480070)
RSL inf 1 (inf inf inf)
RSR 13.95 0 (5.706397 2.956518 5.289178)
RLR 7.67 0 (1.733027 4.619631 1.315808)
LRL 13.52 0 (2.305810 5.974143 5.239129)

# -0.392699 1.178097 2.000000
# best = 4 = RLR
LSL 8.73 0 (6.013176 0.879630 1.840806)
LSR 8.14 0 (0.693100 2.040780 5.405489)
RSL inf 1 (inf inf inf)
RSR 14.35 0 (5.728252 3.350560 5.267323)
RLR 7.02 0 (1.593711 4.297289 1.132782)
LRL 13.25 0 (2.649864 5.839746 4.760679)

# -0.392699 1.178097 2.400000
# best = 2 = RSL
LSL 9.07 0 (6.216285 1.220040 1.637696)
LSR 8.52 0 (0.645231 2.521456 5.357620)
RSL 2.79 0 (0.071034 1.078081 1.641830)
RSR 14.74 0 (5.745501 3.745864 5.250074)
RLR 6.15 0 (1.391492 3.858354 0.896065)
LRL 12.90 0 (2.764744 5.663287 4.469340)

# -0.392699 1.178097 2.800000
# best = 0 = LSL
LSL 3.16 0 (0.045036 1.588473 1.525760)
LSR 8.91 0 (0.611282 2.978372 5.323671)
RSL 9.44 0 (6.239359 1.676097 1.526969)
RSR 15.14 0 (5.759453 4.142071 5.236121)
RLR inf 1 (inf inf inf)
LRL 12.50 0 (2.778253 5.466436 4.258978)

# -0.392699 1.178097 3.200000
# best = 0 = LSL
LSL 3.54 0 (0.114295 1.969263 1.456501)
LSR 9.30 0 (0.585734 3.421061 5.298123)
RSL 9.82 0 (6.174845 2.185485 1.462456)
RSR 15.53 0 (5.770968 4.538943 5.224607)
RLR inf 1 (inf inf inf)
LRL 12.08 0 (2.741139 5.253689 4.083345)

# -0.392699 1.178097 3.600000
# best = 0 = LSL
LSL 3.93 0 (0.160962 2.356427 1.409834)
LSR 9.70 0 (0.565720 3.854428 5.278109)
RSL 10.21 0 (6.131915 2.657704 1.419526)
RSR 15.93 0 (5.780630 4.936320 5.214945)
RLR inf 1 (inf inf inf)
LRL 11.62 0 (2.672602 5.023280 3.921473)

# -0.392699 1.178097 4.000000
# best = 0 = LSL
LSL 4.32 0 (0.194408 2.747271 1.376388)
LSR 10.09 0 (0.549574 4.281305 5.261963)
RSL 10.60 0 (6.100846 3.109732 1.388457)
RSR 16.33 0 (5.788852 5.334089 5.206723)
RLR inf 1 (inf inf inf)
LRL 11.11 0 (2.578899 4.768982 3.760879)

# -0.392699 1.178097 4.400000
# best = 0 = LSL
LSL 4.71 0 (0.219502 3.140421 1.351294)
LSR 10.49 0 (0.536249 4.703459 5.248638)
RSL 10.99 0 (6.077153 3.549292 1.364764)
RSR 16.73 0 (5.795932 5.732168 5.199643)
RLR inf 1 (inf inf inf)
LRL 10.53 0 (2.458229 4.477453 3.590020)

# -0.392699 1.178097 4.800000
# best = 0 = LSL
LSL 5.11 0 (0.239003 3.535109 1.331793)
LSR 10.88 0 (0.525053 5.122058 5.237442)
RSL 11.38 0 (6.058414 3.980517 1.346025)
RSR 17.13 0 (5.802092 6.130498 5.193483)
RLR inf 1 (inf inf inf)
LRL 9.80 0 (2.296721 4.115437 3.389511)

# -0.392699 1.178097 5.200000
# best = 0 = LSL
LSL 5.50 0 (0.254582 3.930871 1.316214)
LSR 11.28 0 (0.515504 5.537909 5.227893)
RSL 11.78 0 (6.043187 4.405855 1.330797)
RSR 17.52 0 (5.807500 6.529032 5.188074)
RLR inf 1 (inf inf inf)
LRL 8.60 0 (2.011562 3.513961 3.073195)

# -0.392699 1.178097 5.600000
# best = 0 = LSL
LSL 5.90 0 (0.267308 4.327412 1.303488)
LSR 11.68 0 (0.507260 5.951588 5.219649)
RSL 12.18 0 (6.030548 4.826863 1.318159)
RSR 17.92 0 (5.812286 6.927734 5.183288)
RLR inf 1 (inf inf inf)
LRL inf 1 (inf inf inf)

# -0.392699 1.178097 6.000000
# best = 0 = LSL
LSL 6.30 0 (0.277897 4.724537 1.292899)
LSR 12.08 0 (0.500066 6.363517 5.212455)
RSL 12.57 0 (6.019879 5.244583 1.307490)
RSR 18.32 0 (5.816551 7.326579 5.179023)
RLR inf 1 (inf inf inf)
LRL inf 1 (inf inf inf)

# -0.392699 1.178097 6.400000
# best = 0 = LSL
LSL 6.69 0 (0.286843 5.122109 1.283953)
LSR 12.47 0 (0.493732 6.774017 5.206122)
RSL 12.97 0 (6.010745 5.659743 1.298355)
RSR 18.72 0 (5.820376 7.725542 5.175199)
RLR inf 1 (inf inf inf)
LRL inf 1 (inf inf inf)

# -0.392699 1.178097 6.800000
# best = 0 = LSL
LSL 7.09 0 (0.294499 5.520031 1.276297)
LSR 12.87 0 (0.488111 7.183333 5.200501)
RSL 13.37 0 (6.002832 6.072869 1.290443)
RSR 19.12 0 (5.823825 8.124608 5.171750)
RLR inf 1 (inf inf inf)
LRL inf 1 (inf inf inf)

# -0.392699 1.178097 7.200000
# best = 0 = LSL
LSL 7.49 0 (0.301126 5.918234 1.269670)
LSR 13.27 0 (0.483089 7.591655 5.195478)
RSL 13.76 0 (5.995909 6.484349 1.283520)
RSR 19.52 0 (5.826951 8.523761 5.168624)
RLR inf 1 (inf inf inf)
LRL inf 1 (inf inf inf)

# -0.392699 1.178097 7.600000
# best = 0 = LSL
LSL 7.89 0 (0.306916 6.316664 1.263880)
LSR 13.67 0 (0.478572 7.999136 5.190961)
RSL 14.16 0 (5.989799 6.894478 1.277409)
RSR 19.92 0 (5.829797 8.922990 5.165777)
RLR inf 1 (inf inf inf)
LRL inf 1 (inf inf inf)

# -0.392699 1.178097 8.000000
# best = 0 = LSL
LSL 8.29 0 (0.312020 6.715281 1.258776)
LSR 14.07 0 (0.474489 8.405899 5.186878)
RSL 14.56 0 (5.984364 7.303483 1.271975)
RSR 20.32 0 (5.832400 9.322285 5.163175)
RLR inf 1 (inf inf inf)
LRL inf 1 (inf inf inf)

# 0.000000 1.178097 0.400000
# best = 5 = LRL
LSL 8.27 0 (4.008685 0.809648 3.452597)
LSR inf 1 (inf inf inf)
RSL inf 1 (inf inf inf)
RSR 12.85 0 (5.846865 1.460731 5.541409)
RLR 9.89 0 (2.331443 5.535527 2.025987)
LRL 6.65 0 (0.663272 5.875545 0.107185)

# 0.000000 1.178097 0.800000
# best = 1 = LSR
LSL 8.09 0 (4.514345 0.629623 2.946937)
LSR 6.96 0 (0.455435 0.939986 5.560523)
RSL inf 1 (inf inf inf)
RSR 13.22 0 (5.939315 1.831076 5.448958)
RLR 9.49 0 (2.322238 5.332217 1.831881)
LRL 13.11 0 (1.214689 5.967059 5.930466)

# 0.000000 1.178097 1.200000
# best = 1 = LSR
LSL 8.14 0 (5.132989 0.676256 2.328294)
LSR 7.33 0 (0.332370 1.556495 5.437458)
RSL inf 1 (inf inf inf)
RSR 13.60 0 (6.000324 2.211774 5.387950)
RLR 9.04 0 (2.272838 5.111400 1.660464)
LRL 13.06 0 (1.821516 5.943426 5.300007)

# 0.000000 1.178097 1.600000
# best = 1 = LSR
LSL 8.38 0 (5.543219 0.915543 1.918063)
LSR 7.71 0 (0.267199 2.069247 5.372287)
RSL inf 1 (inf inf inf)
RSR 13.99 0 (6.043305 2.598278 5.344969)
RLR 8.56 0 (2.194694 4.869149 1.496358)
LRL 12.82 0 (2.170694 5.821320 4.828723)

# 0.000000 1.178097 2.000000
# best = 4 = RLR
LSL 8.70 0 (5.762366 1.240611 1.698916)
LSR 8.10 0 (0.224934 2.541827 5.330022)
RSL inf 1 (inf inf inf)
RSR 14.38 0 (6.075112 2.988336 5.313162)
RLR 8.01 0 (2.089855 4.595857 1.327905)
LRL 12.48 0 (2.305420 5.652478 4.525155)

# 0.000000 1.178097 2.400000
# best = 2 = RSL
LSL 9.06 0 (5.887087 1.600004 1.574195)
LSR 8.49 0 (0.194821 2.993324 5.299910)
RSL 2.82 0 (0.668574 0.301241 1.846671)
RSR 14.77 0 (6.099556 3.380718 5.288718)
RLR 7.36 0 (1.951062 4.269384 1.140224)
LRL 12.10 0 (2.333976 5.460150 4.304270)

# 0.000000 1.178097 2.800000
# best = 2 = RSL
LSL 9.44 0 (5.965305 1.975072 1.495977)
LSR 8.88 0 (0.172106 3.432068 5.277195)
RSL 3.17 0 (0.396537 1.196513 1.574634)
RSR 15.16 0 (6.118907 3.774700 5.269367)
RLR 6.45 0 (1.743748 3.816052 0.894207)
LRL 11.68 0 (2.307295 5.250351 4.121153)

# 0.000000 1.178097 3.200000
# best = 2 = RSL
LSL 9.82 0 (6.018342 2.358348 1.442940)
LSR 9.28 0 (0.154287 3.862408 5.259376)
RSL 3.54 0 (0.303650 1.758562 1.481747)
RSR 15.56 0 (6.134596 4.169827 5.253678)
RLR inf 1 (inf inf inf)
LRL 11.22 0 (2.246202 5.022091 3.953986)

# 0.000000 1.178097 3.600000
# best = 2 = RSL
LSL 10.21 0 (6.056475 2.746398 1.404807)
LSR 9.67 0 (0.139899 4.286875 5.244988)
RSL 3.93 0 (0.249208 2.252429 1.427305)
RSR 15.95 0 (6.147566 4.565804 5.240708)
RLR inf 1 (inf inf inf)
LRL 10.72 0 (2.158081 4.769583 3.789598)

# 0.000000 1.178097 4.000000
# best = 2 = RSL
LSL 10.60 0 (6.085136 3.137451 1.376146)
LSR 10.07 0 (0.128019 4.707059 5.233108)
RSL 4.32 0 (0.212371 2.715572 1.390468)
RSR 16.35 0 (6.158464 4.962426 5.229810)
RLR inf 1 (inf inf inf)
LRL 10.14 0 (2.041875 4.479849 3.616071)

# 0.000000 1.178097 4.400000
# best = 2 = RSL
LSL 10.99 0 (6.107430 3.530509 1.353852)
LSR 10.47 0 (0.118033 5.124013 5.223122)
RSL 4.71 0 (0.185471 3.161523 1.363568)
RSR 16.75 0 (6.167748 5.359550 5.220525)
RLR inf 1 (inf inf inf)
LRL 9.42 0 (1.884415 4.120341 3.414023)

# 0.000000 1.178097 4.800000
# best = 2 = RSL
LSL 11.39 0 (6.125250 3.924970 1.336032)
LSR 10.86 0 (0.109515 5.538466 5.214604)
RSL 5.10 0 (0.164843 3.596682 1.342940)
RSR 17.15 0 (6.175751 5.757072 5.212522)
RLR inf 1 (inf inf inf)
LRL 8.24 0 (1.606853 3.529576 3.100820)

# 0.000000 1.178097 5.200000
# best = 2 = RSL
LSL 11.78 0 (6.139812 4.320450 1.321470)
LSR 11.26 0 (0.102160 5.950942 5.207248)
RSL 5.50 0 (0.148466 4.024552 1.326563)
RSR 17.54 0 (6.182720 6.154915 5.205554)
RLR inf 1 (inf inf inf)
LRL inf 1 (inf inf inf)

# 0.000000 1.178097 5.600000
# best = 2 = RSL
LSL 12.18 0 (6.151930 4.716692 1.309353)
LSR 11.66 0 (0.095741 6.361825 5.200829)
RSL 5.90 0 (0.135121 4.447237 1.313218)
RSR 17.94 0 (6.188842 6.553021 5.199432)
RLR inf 1 (inf inf inf)
LRL inf 1 (inf inf inf)

# 0.000000 1.178097 6.000000
# best = 2 = RSL
LSL 12.57 0 (6.162168 5.113519 1.299115)
LSR 12.06 0 (0.090089 6.771405 5.195178)
RSL 6.29 0 (0.124022 4.866088 1.302119)
RSR 18.34 0 (6.194263 6.951344 5.194011)
RLR inf 1 (inf inf inf)
LRL inf 1 (inf inf inf)

# 0.000000 1.178097 6.400000
# best = 2 = RSL
LSL 12.97 0 (6.170930 5.510805 1.290352)
LSR 12.46 0 (0.085074 7.179904 5.190162)
RSL 6.69 0 (0.114637 5.282018 1.292734)
RSR 18.74 0 (6.199096 7.349850 5.189178)
RLR inf 1 (inf inf inf)
LRL inf 1 (inf inf inf)

# 0.000000 1.178097 6.800000
# best = 2 = RSL
LSL 13.37 0 (6.178514 5.908458 1.282768)
LSR 12.85 0 (0.080591 7.587498 5.185680)
RSL 7.09 0 (0.106592 5.695666 1.284689)
RSR 19.14 0 (6.203432 7.748509 5.184842)
RLR inf 1 (inf inf inf)
LRL inf 1 (inf inf inf)

# 0.000000 1.178097 7.200000
# best = 2 = RSL
LSL 13.77 0 (6.185141 6.306407 1.276141)
LSR 13.25 0 (0.076561 7.994325 5.181650)
RSL 7.48 0 (0.099616 6.107496 1.277713)
RSR 19.54 0 (6.207343 8.147300 5.180930)
RLR inf 1 (inf inf inf)
LRL inf 1 (inf inf inf)

# 0.000000 1.178097 7.600000
# best = 2 = RSL
LSL 14.17 0 (6.190981 6.704600 1.270301)
LSR 13.65 0 (0.072918 8.400496 5.178006)
RSL 7.88 0 (0.093507 6.517852 1.271604)
RSR 19.93 0 (6.210890 8.546204 5.177384)
RLR inf 1 (inf inf inf)
LRL inf 1 (inf inf inf)

# 0.000000 1.178097 8.000000
# best = 2 = RSL
LSL 14.56 0 (6.196166 7.102997 1.265116)
LSR 14.05 0 (0.069607 8.806102 5.174695)
RSL 8.28 0 (0.088111 6.926998 1.266208)
RSR 20.33 0 (6.214120 8.945206 5.174154)
RLR inf 1 (inf inf inf)
LRL inf 1 (inf inf inf)

# 0.392699 1.178097 0.400000
# best = 1 = LSR
LSL 7.63 0 (4.064482 0.559311 3.004101)
LSR 6.58 0 (0.149763 0.787060 5.647551)
RSL inf 1 (inf inf inf)
RSR 12.87 0 (6.154044 1.085699 5.626929)
RLR 10.68 0 (2.737578 5.733439 2.210463)
LRL 12.79 0 (0.782602 6.002610 6.005406)

# 0.392699 1.178097 0.800000
# best = 3 = RSR
LSL 7.67 0 (4.765752 0.599894 2.302831)
LSR 13.23 0 (6.274079 1.464484 5.488681)
RSL inf 1 (inf inf inf)
RSR 6.94 0 (0.009164 1.446271 5.488623)
RLR 10.30 0 (2.780808 5.543288 1.977082)
LRL 12.75 0 (1.473618 5.982103 5.293883)

# 0.392699 1.178097 1.200000
# best = 3 = RSR
LSL 7.92 0 (5.202783 0.852593 1.865800)
LSR 13.60 0 (6.196004 1.997490 5.410606)
RSL inf 1 (inf inf inf)
RSR 7.32 0 (0.091347 1.823364 5.406441)
RLR 9.89 0 (2.759623 5.336551 1.791531)
LRL 12.49 0 (1.846394 5.853593 4.792597)

# 0.392699 1.178097 1.600000
# best = 3 = RSR
LSL 8.26 0 (5.417967 1.189100 1.650616)
LSR 13.99 0 (6.146501 2.480971 5.361103)
RSL inf 1 (inf inf inf)
RSR 7.71 0 (0.145130 2.208532 5.352657)
RLR 9.44 0 (2.701802 5.113345 1.626144)
LRL 12.14 0 (1.974537 5.679511 4.490371)

# 0.392699 1.178097 2.000000
# best = 3 = RSR
LSL 8.62 0 (5.535239 1.555957 1.533344)
LSR 14.38 0 (6.111622 2.939467 5.326224)
RSL inf 1 (inf inf inf)
RSR 8.10 0 (0.182865 2.598186 5.314922)
RLR 8.95 0 (2.617470 4.869210 1.466342)
LRL 11.75 0 (1.994113 5.484117 4.275402)

# 0.392699 1.178097 2.400000
# best = 4 = RLR
LSL 9.00 0 (5.607166 1.935987 1.461417)
LSR 14.77 0 (6.085484 3.383152 5.300086)
RSL inf 1 (inf inf inf)
RSR 8.49 0 (0.210729 2.990573 5.287058)
RLR 8.40 0 (2.507816 4.594173 1.300959)
LRL 11.33 0 (1.960357 5.272753 4.097794)

# 0.392699 1.178097 2.800000
# best = 4 = RLR
LSL 9.39 0 (5.655325 2.322733 1.413258)
LSR 15.16 0 (6.065069 3.817193 5.279671)
RSL inf 1 (inf inf inf)
RSR 8.88 0 (0.232117 3.384743 5.265670)
RLR 7.75 0 (2.364923 4.265613 1.115291)
LRL 10.87 0 (1.894165 5.044050 3.935283)

# 0.392699 1.178097 3.200000
# best = 2 = RSL
LSL 9.78 0 (5.689681 2.713325 1.378902)
LSR 15.56 0 (6.048636 4.244551 5.263238)
RSL 3.61 0 (0.842637 1.136755 1.628035)
RSR 9.28 0 (0.249037 3.780138 5.248750)
RLR 6.83 0 (2.152930 3.807786 0.869458)
LRL 10.37 0 (1.802599 4.792207 3.775006)

# 0.392699 1.178097 3.600000
# best = 2 = RSL
LSL 10.17 0 (5.715368 3.106312 1.353215)
LSR 15.95 0 (6.035098 4.667062 5.249700)
RSL 3.98 0 (0.734670 1.722487 1.520068)
RSR 9.67 0 (0.262750 4.176410 5.235038)
RLR inf 1 (inf inf inf)
LRL 9.79 0 (1.684559 4.504753 3.605592)

# 0.392699 1.178097 4.000000
# best = 2 = RSL
LSL 10.57 0 (5.735276 3.500888 1.333308)
LSR 16.35 0 (6.023738 5.085933 5.238340)
RSL 4.36 0 (0.672687 2.227490 1.458085)
RSR 10.07 0 (0.274084 4.573331 5.223704)
RLR inf 1 (inf inf inf)
LRL 9.09 0 (1.527788 4.151396 3.409006)

# 0.392699 1.178097 4.400000
# best = 2 = RSL
LSL 10.97 0 (5.751146 3.896570 1.317438)
LSR 16.74 0 (6.014062 5.501997 5.228664)
RSL 4.74 0 (0.631055 2.697492 1.416453)
RSR 10.47 0 (0.283607 4.970746 5.214181)
RLR inf 1 (inf inf inf)
LRL 7.98 0 (1.266658 3.597396 3.116136)

# 0.392699 1.178097 4.800000
# best = 2 = RSL
LSL 11.36 0 (5.764087 4.293053 1.304496)
LSR 17.14 0 (6.005716 5.915845 5.220318)
RSL 5.14 0 (0.600760 3.148208 1.386158)
RSR 10.87 0 (0.291719 5.368544 5.206069)
RLR inf 1 (inf inf inf)
LRL inf 1 (inf inf inf)

# 0.392699 1.178097 5.200000
# best = 2 = RSL
LSL 11.76 0 (5.774838 4.690133 1.293745)
LSR 17.54 0 (5.998440 6.327912 5.213042)
RSL 5.53 0 (0.577573 3.586915 1.362971)
RSR 11.26 0 (0.298711 5.766648 5.199076)
RLR inf 1 (inf inf inf)
LRL inf 1 (inf inf inf)

# 0.392699 1.178097 5.600000
# best = 2 = RSL
LSL 12.16 0 (5.783911 5.087670 1.284673)
LSR 17.94 0 (5.992038 6.738525 5.206640)
RSL 5.92 0 (0.559186 4.017550 1.344584)
RSR 11.66 0 (0.304801 6.164997 5.192987)
RLR inf 1 (inf inf inf)
LRL inf 1 (inf inf inf)

# 0.392699 1.178097 6.000000
# best = 2 = RSL
LSL 12.55 0 (5.791667 5.485566 1.276916)
LSR 18.34 0 (5.986360 7.147934 5.200962)
RSL 6.32 0 (0.544213 4.442461 1.329611)
RSR 12.06 0 (0.310150 6.563546 5.187637)
RLR inf 1 (inf inf inf)
LRL inf 1 (inf inf inf)

# 0.392699 1.178097 6.400000
# best = 2 = RSL
LSL 12.95 0 (5.798375 5.883747 1.270209)
LSR 18.73 0 (5.981290 7.556336 5.195892)
RSL 6.71 0 (0.531767 4.863148 1.317165)
RSR 12.46 0 (0.314888 6.962262 5.182900)
RLR inf 1 (inf inf inf)
LRL inf 1 (inf inf inf)

# 0.392699 1.178097 6.800000
# best = 2 = RSL
LSL 13.35 0 (5.804231 6.282159 1.264352)
LSR 19.13 0 (5.976732 7.963885 5.191334)
RSL 7.11 0 (0.521245 5.280621 1.306643)
RSR 12.86 0 (0.319112 7.361118 5.178676)
RLR inf 1 (inf inf inf)
LRL inf 1 (inf inf inf)

# 0.392699 1.178097 7.200000
# best = 2 = RSL
LSL 13.75 0 (5.809389 6.680761 1.259194)
LSR 19.53 0 (5.972614 8.370706 5.187216)
RSL 7.51 0 (0.512228 5.695587 1.297626)
RSR 13.26 0 (0.322901 7.760091 5.174886)
RLR inf 1 (inf inf inf)
LRL inf 1 (inf inf inf)

# 0.392699 1.178097 7.600000
# best = 2 = RSL
LSL 14.15 0 (5.813966 7.079520 1.254617)
LSR 19.93 0 (5.968874 8.776900 5.183476)
RSL 7.90 0 (0.504409 6.108556 1.289807)
RSR 13.66 0 (0.326320 8.159165 5.171467)
RLR inf 1 (inf inf inf)
LRL inf 1 (inf inf inf)

# 0.392699 1.178097 8.000000
# best = 2 = RSL
LSL 14.55 0 (5.818055 7.478412 1.250528)
LSR 20.33 0 (5.965461 9.182550 5.180063)
RSL 8.30 0 (0.497563 6.519909 1.282961)
RSR 14.06 0 (0.329421 8.558325 5.168367)
RLR inf 1 (inf inf inf)
LRL inf 1 (inf inf inf)

# 0.785398 1.178097 0.400000
# best = 3 = RSR
LSL 7.05 0 (4.441110 0.372589 2.234775)
LSR 12.86 0 (6.055897 1.145665 5.663198)
RSL inf 1 (inf inf inf)
RSR 6.59 0 (0.301166 0.696892 5.589320)
RLR 11.47 0 (3.267642 5.932952 2.272610)
LRL 12.59 0 (1.206234 6.096620 5.283085)

# 0.785398 1.178097 0.800000
# best = 3 = RSR
LSL 7.34 0 (4.990154 0.667386 1.685730)
LSR 13.22 0 (5.925518 1.759925 5.532819)
RSL inf 1 (inf inf inf)
RSR 6.96 0 (0.476538 1.067276 5.413949)
RLR 11.09 0 (3.348039 5.743004 2.002265)
LRL 12.29 0 (1.680931 5.947924 4.659692)

# 0.785398 1.178097 1.200000
# best = 3 = RSR
LSL 7.71 0 (5.179078 1.035368 1.496806)
LSR 13.59 0 (5.850214 2.280817 5.457515)
RSL inf 1 (inf inf inf)
RSR 7.34 0 (0.560291 1.453443 5.330195)
RLR 10.69 0 (3.330012 5.539440 1.816730)
LRL 11.91 0 (1.775662 5.759539 4.376576)

# 0.785398 1.178097 1.600000
# best = 3 = RSR
LSL 8.10 0 (5.267411 1.420763 1.408474)
LSR 13.97 0 (5.799257 2.761687 5.406558)
RSL inf 1 (inf inf inf)
RSR 7.74 0 (0.608689 1.845512 5.281797)
RLR 10.26 0 (3.270734 5.324090 1.660657)
LRL 11.51 0 (1.762700 5.556949 4.186948)

# 0.785398 1.178097 2.000000
# best = 3 = RSR
LSL 8.49 0 (5.317825 1.812498 1.358059)
LSR 14.35 0 (5.761937 3.220513 5.369238)
RSL inf 1 (inf inf inf)
RSR 8.13 0 (0.640080 2.240387 5.250406)
RLR 9.80 0 (3.187170 5.094180 1.514311)
LRL 11.08 0 (1.705965 5.342651 4.029385)

# 0.785398 1.178097 2.400000
# best = 3 = RSR
LSL 8.88 0 (5.350269 2.207200 1.325616)
LSR 14.74 0 (5.733217 3.665582 5.340518)
RSL inf 1 (inf inf inf)
RSR 8.53 0 (0.662049 2.636807 5.228437)
RLR 9.29 0 (3.083885 4.843672 1.367088)
LRL 10.62 0 (1.624155 5.114143 3.882687)

# 0.785398 1.178097 2.800000
# best = 4 = RLR
LSL 9.28 0 (5.372853 2.603519 1.303031)
LSR 15.13 0 (5.710338 4.101376 5.317639)
RSL inf 1 (inf inf inf)
RSR 8.92 0 (0.678270 3.034167 5.212216)
RLR 8.73 0 (2.958790 4.561041 1.209552)
LRL 10.12 0 (1.522518 4.865700 3.735881)

# 0.785398 1.178097 3.200000
# best = 4 = RLR
LSL 9.68 0 (5.389464 3.000816 1.286420)
LSR 15.52 0 (5.691635 4.530571 5.298936)
RSL inf 1 (inf inf inf)
RSR 9.32 0 (0.690732 3.432140 5.199755)
RLR 8.05 0 (2.800893 4.220322 1.026731)
LRL 9.57 0 (1.399501 4.586444 3.579643)

# 0.785398 1.178097 3.600000
# best = 2 = RSL
LSL 10.07 0 (5.402188 3.398746 1.273696)
LSR 15.91 0 (5.676034 4.954882 5.283335)
RSL 4.17 0 (1.374395 1.031823 1.767094)
RSR 9.72 0 (0.700602 3.830536 5.189884)
RLR 7.06 0 (2.563524 3.725843 0.769620)
LRL 8.90 0 (1.245205 4.252404 3.399898)

# 0.785398 1.178097 4.000000
# best = 2 = RSL
LSL 10.47 0 (5.412244 3.797112 1.263641)
LSR 16.31 0 (5.662807 5.375467 5.270108)
RSL 4.52 0 (1.228353 1.673281 1.621052)
RSR 10.12 0 (0.708613 4.229234 5.181873)
RLR inf 1 (inf inf inf)
LRL 7.96 0 (1.019719 3.781322 3.154302)

# 0.785398 1.178097 4.400000
# best = 2 = RSL
LSL 10.87 0 (5.420389 4.195788 1.255495)
LSR 16.70 0 (5.651442 5.793137 5.258743)
RSL 4.89 0 (1.147491 2.203425 1.540190)
RSR 10.52 0 (0.715243 4.628157 5.175244)
RLR inf 1 (inf inf inf)
LRL inf 1 (inf inf inf)

# 0.785398 1.178097 4.800000
# best = 2 = RSL
LSL 11.27 0 (5.427120 4.594695 1.248764)
LSR 17.10 0 (5.641566 6.208480 5.248867)
RSL 5.27 0 (1.093694 2.688920 1.486393)
RSR 10.92 0 (0.720820 5.027252 5.169666)
RLR inf 1 (inf inf inf)
LRL inf 1 (inf inf inf)

# 0.785398 1.178097 5.200000
# best = 2 = RSL
LSL 11.67 0 (5.432776 4.993777 1.243108)
LSR 17.50 0 (5.632899 6.621934 5.240200)
RSL 5.65 0 (1.054675 3.150477 1.447374)
RSR 11.32 0 (0.725577 5.426479 5.164909)
RLR inf 1 (inf inf inf)
LRL inf 1 (inf inf inf)

# 0.785398 1.178097 5.600000
# best = 2 = RSL
LSL 12.07 0 (5.437595 5.392994 1.238290)
LSR 17.89 0 (5.625231 7.033833 5.232532)
RSL 6.04 0 (1.024842 3.597320 1.417541)
RSR 11.72 0 (0.729682 5.825813 5.160804)
RLR inf 1 (inf inf inf)
LRL inf 1 (inf inf inf)

# 0.785398 1.178097 6.000000
# best = 2 = RSL
LSL 12.47 0 (5.441749 5.792320 1.234136)
LSR 18.29 0 (5.618395 7.444434 5.225696)
RSL 6.43 0 (1.001187 4.034343 1.393886)
RSR 12.12 0 (0.733260 6.225232 5.157226)
RLR inf 1 (inf inf inf)
LRL inf 1 (inf inf inf)

# 0.785398 1.178097 6.400000
# best = 2 = RSL
LSL 12.87 0 (5.445367 6.191732 1.230517)
LSR 18.69 0 (5.612263 7.853940 5.219564)
RSL 6.82 0 (0.981918 4.464430 1.374617)
RSR 12.52 0 (0.736407 6.624721 5.154080)
RLR inf 1 (inf inf inf)
LRL inf 1 (inf inf inf)

# 0.785398 1.178097 6.800000
# best = 2 = RSL
LSL 13.27 0 (5.448547 6.591216 1.227337)
LSR 19.08 0 (5.606729 8.262516 5.214030)
RSL 7.21 0 (0.965891 4.889412 1.358590)
RSR 12.91 0 (0.739196 7.024269 5.151291)
RLR inf 1 (inf inf inf)
LRL inf 1 (inf inf inf)

# 0.785398 1.178097 7.200000
# best = 2 = RSL
LSL 13.67 0 (5.451363 6.990759 1.224521)
LSR 19.48 0 (5.601710 8.670292 5.209011)
RSL 7.61 0 (0.952334 5.310514 1.345033)
RSR 13.31 0 (0.741684 7.423865 5.148802)
RLR inf 1 (inf inf inf)
LRL inf 1 (inf inf inf)

# 0.785398 1.178097 7.600000
# best = 2 = RSL
LSL 14.07 0 (5.453875 7.390351 1.222009)
LSR 19.88 0 (5.597137 9.077376 5.204438)
RSL 8.00 0 (0.940708 5.728592 1.333407)
RSR 13.71 0 (0.743918 7.823502 5.146568)
RLR inf 1 (inf inf inf)
LRL inf 1 (inf inf inf)

# 0.785398 1.178097 8.000000
# best = 2 = RSL
LSL 14.47 0 (5.456129 7.789986 1.219755)
LSR 20.28 0 (5.592951 9.483857 5.200252)
RSL 8.40 0 (0.930621 6.144264 1.323320)
RSR 14.11 0 (0.745935 8.223175 5.144551)
RLR inf 1 (inf inf inf)
LRL inf 1 (inf inf inf)

# 1.178097 1.178097 0.400000
# best = 0 = LSL
LSL 6.68 0 (5.105088 0.400000 1.178097)
LSR 12.84 0 (5.778409 1.279925 5.778409)
RSL inf 1 (inf inf inf)
RSR 6.68 0 (1.178097 0.400000 5.105088)
RLR 12.17 0 (4.219522 6.082850 1.863328)
LRL 12.17 0 (1.863328 6.082850 4.219522)

# 1.178097 1.178097 0.800000
# best = 0 = LSL
LSL 7.08 0 (5.105088 0.800000 1.178097)
LSR 13.17 0 (5.635671 1.896421 5.635671)
RSL inf 1 (inf inf inf)
RSR 7.08 0 (1.178097 0.800000 5.105088)
RLR 11.76 0 (4.118332 5.880469 1.762138)
LRL 11.76 0 (1.762138 5.880469 4.118332)

# 1.178097 1.178097 1.200000
# best = 3 = RSR
LSL 7.48 0 (5.105088 1.200000 1.178097)
LSR 13.52 0 (5.548949 2.423762 5.548949)
RSL inf 1 (inf inf inf)
RSR 7.48 0 (1.178097 1.200000 5.105088)
RLR 11.35 0 (4.014997 5.673800 1.658803)
LRL 11.35 0 (1.658803 5.673800 4.014997)

# 1.178097 1.178097 1.600000
# best = 3 = RSR
LSL 7.88 0 (5.105088 1.600000 1.178097)
LSR 13.89 0 (5.488652 2.910812 5.488652)
RSL inf 1 (inf inf inf)
RSR 7.88 0 (1.178097 1.600000 5.105088)
RLR 10.92 0 (3.908173 5.460152 1.551979)
LRL 10.92 0 (1.551979 5.460152 3.908173)

# 1.178097 1.178097 2.000000
# best = 0 = LSL
LSL 8.28 0 (5.105088 2.000000 1.178097)
LSR 14.26 0 (5.443686 3.375061 5.443686)
RSL inf 1 (inf inf inf)
RSR 8.28 0 (1.178097 2.000000 5.105088)
RLR 10.47 0 (3.796091 5.235988 1.439897)
LRL 10.47 0 (1.439897 5.235988 3.796091)

# 1.178097 1.178097 2.400000
# best = 0 = LSL
LSL 8.68 0 (5.105088 2.400000 1.178097)
LSR 14.64 0 (5.408619 3.824819 5.408619)
RSL inf 1 (inf inf inf)
RSR 8.68 0 (1.178097 2.400000 5.105088)
RLR 9.99 0 (3.676189 4.996183 1.319995)
LRL 9.99 0 (1.319995 4.996183 3.676189)

# 1.178097 1.178097 2.800000
# best = 0 = LSL
LSL 9.08 0 (5.105088 2.800000 1.178097)
LSR 15.03 0 (5.380395 4.264675 5.380395)
RSL inf 1 (inf inf inf)
RSR 9.08 0 (1.178097 2.800000 5.105088)
RLR 9.46 0 (3.544292 4.732390 1.188098)
LRL 9.46 0 (1.188098 4.732390 3.544292)

# 1.178097 1.178097 3.200000
# best = 4 = RLR
LSL 9.48 0 (5.105088 3.200000 1.178097)
LSR 15.41 0 (5.357129 4.697410 5.357129)
RSL inf 1 (inf inf inf)
RSR 9.48 0 (1.178097 3.200000 5.105088)
RLR 8.86 0 (3.392394 4.428595 1.036200)
LRL 8.86 0 (1.036200 4.428595 3.392394)

# 1.178097 1.178097 3.600000
# best = 4 = RLR
LSL 9.88 0 (5.105088 3.600000 1.178097)
LSR 15.80 0 (5.337589 5.124828 5.337589)
RSL inf 1 (inf inf inf)
RSR 9.88 0 (1.178097 3.600000 5.105088)
RLR 8.09 0 (3.199920 4.043646 0.843726)
LRL 8.09 0 (0.843726 4.043646 3.199920)

# 1.178097 1.178097 4.000000
# best = 2 = RSL
LSL 10.28 0 (5.105088 4.000000 1.178097)
LSR 16.19 0 (5.320926 5.548159 5.320926)
RSL 4.91 0 (1.903002 1.103598 1.903002)
RSR 10.28 0 (1.178097 4.000000 5.105088)
RLR 6.28 0 (2.748893 3.141593 0.392699)
LRL 6.28 0 (0.392699 3.141593 2.748893)

# 1.178097 1.178097 4.400000
# best = 2 = RSL
LSL 10.68 0 (5.105088 4.400000 1.178097)
LSR 16.58 0 (5.306537 5.968273 5.306537)
RSL 5.23 0 (1.735722 1.760603 1.735722)
RSR 10.68 0 (1.178097 4.400000 5.105088)
RLR inf 1 (inf inf inf)
LRL inf 1 (inf inf inf)

# 1.178097 1.178097 4.800000
# best = 2 = RSL
LSL 11.08 0 (5.105088 4.800000 1.178097)
LSR 16.97 0 (5.293979 6.385803 5.293979)
RSL 5.58 0 (1.639637 2.302502 1.639637)
RSR 11.08 0 (1.178097 4.800000 5.105088)
RLR inf 1 (inf inf inf)
LRL inf 1 (inf inf inf)

# 1.178097 1.178097 5.200000
# best = 2 = RSL
LSL 11.48 0 (5.105088 5.200000 1.178097)
LSR 17.37 0 (5.282918 6.801227 5.282918)
RSL 5.95 0 (1.574383 2.797018 1.574383)
RSR 11.48 0 (1.178097 5.200000 5.105088)
RLR inf 1 (inf inf inf)
LRL inf 1 (inf inf inf)

# 1.178097 1.178097 5.600000
# best = 2 = RSL
LSL 11.88 0 (5.105088 5.600000 1.178097)
LSR 17.76 0 (5.273097 7.214908 5.273097)
RSL 6.32 0 (1.526381 3.265747 1.526381)
RSR 11.88 0 (1.178097 5.600000 5.105088)
RLR inf 1 (inf inf inf)
LRL inf 1 (inf inf inf)

# 1.178097 1.178097 6.000000
# best = 2 = RSL
LSL 12.28 0 (5.105088 6.000000 1.178097)
LSR 18.16 0 (5.264317 7.627130 5.264317)
RSL 6.70 0 (1.489290 3.718453 1.489290)
RSR 12.28 0 (1.178097 6.000000 5.105088)
RLR inf 1 (inf inf inf)
LRL inf 1 (inf inf inf)

# 1.178097 1.178097 6.400000
# best = 2 = RSL
LSL 12.68 0 (5.105088 6.400000 1.178097)
LSR 18.55 0 (5.256419 8.038116 5.256419)
RSL 7.08 0 (1.459635 4.160371 1.459635)
RSR 12.68 0 (1.178097 6.400000 5.105088)
RLR inf 1 (inf inf inf)
LRL inf 1 (inf inf inf)

# 1.178097 1.178097 6.800000
# best = 2 = RSL
LSL 13.08 0 (5.105088 6.800000 1.178097)
LSR 18.95 0 (5.249275 8.448048 5.249275)
RSL 7.47 0 (1.435316 4.594614 1.435316)
RSR 13.08 0 (1.178097 6.800000 5.105088)
RLR inf 1 (inf inf inf)
LRL inf 1 (inf inf inf)

# 1.178097 1.178097 7.200000
# best = 2 = RSL
LSL 13.48 0 (5.105088 7.200000 1.178097)
LSR 19.34 0 (5.242781 8.857072 5.242781)
RSL 7.85 0 (1.414975 5.023174 1.414975)
RSR 13.48 0 (1.178097 7.200000 5.105088)
RLR inf 1 (inf inf inf)
LRL inf 1 (inf inf inf)

# 1.178097 1.178097 7.600000
# best = 2 = RSL
LSL 13.88 0 (5.105088 7.600000 1.178097)
LSR 19.74 0 (5.236851 9.265308 5.236851)
RSL 8.24 0 (1.397688 5.447391 1.397688)
RSR 13.88 0 (1.178097 7.600000 5.105088)
RLR inf 1 (inf inf inf)
LRL inf 1 (inf inf inf)

# 1.178097 1.178097 8.000000
# best = 2 = RSL
LSL 14.28 0 (5.105088 8.000000 1.178097)
LSR 20.14 0 (5.231415 9.672856 5.231415)
RSL 8.63 0 (1.382801 5.868207 1.382801)
RSR 14.28 0 (1.178097 8.000000 5.105088)
RLR inf 1 (inf inf inf)
LRL inf 1 (inf inf inf)

# 1.570796 1.178097 0.400000
# best = 0 = LSL
LSL 6.50 0 (5.389414 0.610850 0.501072)
LSR 12.76 0 (5.563634 1.243729 5.956333)
RSL inf 1 (inf inf inf)
RSR 7.18 0 (2.439228 0.501343 4.236656)
RLR 12.46 0 (5.455155 6.031853 0.969397)
LRL 11.56 0 (2.094510 5.976561 3.489352)

# 1.570796 1.178097 0.800000
# best = 0 = LSL
LSL 6.85 0 (5.124206 0.956051 0.766280)
LSR 13.05 0 (5.386908 1.888377 5.779607)
RSL inf 1 (inf inf inf)
RSR 7.49 0 (2.057105 0.818809 4.618779)
RLR 12.13 0 (4.992538 5.870866 1.271027)
LRL 11.21 0 (1.741264 5.800487 3.666524)

# 1.570796 1.178097 1.200000
# best = 0 = LSL
LSL 7.22 0 (5.003736 1.332265 0.886750)
LSR 13.38 0 (5.279123 2.430035 5.671822)
RSL inf 1 (inf inf inf)
RSR 7.86 0 (1.898985 1.187245 4.776900)
RLR 11.75 0 (4.739225 5.680482 1.333955)
LRL 10.82 0 (1.522590 5.604078 3.688789)

# 1.570796 1.178097 1.600000
# best = 0 = LSL
LSL 7.61 0 (4.936857 1.719252 0.953630)
LSR 13.73 0 (5.203727 2.926461 5.596426)
RSL inf 1 (inf inf inf)
RSR 8.25 0 (1.816833 1.571195 4.859052)
RLR 11.34 0 (4.554752 5.475839 1.313786)
LRL 10.40 0 (1.350978 5.394614 3.650937)

# 1.570796 1.178097 2.000000
# best = 0 = LSL
LSL 8.00 0 (4.894669 2.111095 0.995817)
LSR 14.08 0 (5.147210 3.397540 5.539909)
RSL inf 1 (inf inf inf)
RSR 8.64 0 (1.767145 1.961570 4.908739)
RLR 10.91 0 (4.396198 5.258105 1.254606)
LRL 9.95 0 (1.197099 5.171230 3.581432)

# 1.570796 1.178097 2.400000
# best = 0 = LSL
LSL 8.40 0 (4.865726 2.505518 1.024761)
LSR 14.45 0 (5.102951 3.852581 5.495650)
RSL inf 1 (inf inf inf)
RSR 9.03 0 (1.734006 2.355178 4.941879)
RLR 10.44 0 (4.246032 5.024052 1.170720)
LRL 9.47 0 (1.047233 4.929385 3.489453)

# 1.570796 1.178097 2.800000
# best = 0 = LSL
LSL 8.79 0 (4.844668 2.901468 1.045819)
LSR 14.82 0 (5.067204 4.296683 5.459903)
RSL inf 1 (inf inf inf)
RSR 9.43 0 (1.710374 2.750630 4.965510)
RLR 9.93 0 (4.093709 4.766670 1.065659)
LRL 8.93 0 (0.891508 4.660051 3.375844)

# 1.570796 1.178097 3.200000
# best = 5 = LRL
LSL 9.19 0 (4.828672 3.298395 1.061814)
LSR 15.20 0 (5.037653 4.732926 5.430352)
RSL inf 1 (inf inf inf)
RSR 9.82 0 (1.692691 3.147232 4.983193)
RLR 9.34 0 (3.928664 4.471945 0.935980)
LRL 8.30 0 (0.717587 4.344200 3.233914)

# 1.570796 1.178097 3.600000
# best = 5 = LRL
LSL 9.59 0 (4.816115 3.695986 1.074371)
LSR 15.58 0 (5.012775 5.163302 5.405474)
RSL inf 1 (inf inf inf)
RSR 10.22 0 (1.678969 3.544598 4.996915)
RLR 8.60 0 (3.731593 4.105248 0.766354)
LRL 7.46 0 (0.496120 3.926380 3.037561)

# 1.570796 1.178097 4.000000
# best = 2 = RSL
LSL 9.98 0 (4.805999 4.094045 1.084487)
LSR 15.96 0 (4.991516 5.589168 5.384215)
RSL 5.55 0 (2.633451 0.675813 2.240752)
RSR 10.62 0 (1.668015 3.942496 5.007869)
RLR 7.35 0 (3.408579 3.481128 0.465248)
LRL inf 1 (inf inf inf)

# 1.570796 1.178097 4.400000
# best = 2 = RSL
LSL 10.38 0 (4.797676 4.492449 1.092810)
LSR 16.35 0 (4.973126 6.011481 5.365825)
RSL 5.80 0 (2.341824 1.509179 1.949125)
RSR 11.02 0 (1.659071 4.340781 5.016814)
RLR inf 1 (inf inf inf)
LRL inf 1 (inf inf inf)

# 1.570796 1.178097 4.800000
# best = 2 = RSL
LSL 10.78 0 (4.790710 4.891114 1.099776)
LSR 16.74 0 (4.957051 6.430941 5.349750)
RSL 6.11 0 (2.199048 2.102027 1.806349)
RSR 11.42 0 (1.651630 4.739355 5.024254)
RLR inf 1 (inf inf inf)
LRL inf 1 (inf inf inf)

# 1.570796 1.178097 5.200000
# best = 2 = RSL
LSL 11.18 0 (4.784794 5.289981 1.105693)
LSR 17.13 0 (4.942872 6.848073 5.335571)
RSL 6.44 0 (2.105982 2.622864 1.713283)
RSR 11.81 0 (1.645344 5.138150 5.030540)
RLR inf 1 (inf inf inf)
LRL inf 1 (inf inf inf)

# 1.570796 1.178097 5.600000
# best = 2 = RSL
LSL 11.58 0 (4.779707 5.689006 1.110779)
LSR 17.52 0 (4.930269 7.263278 5.322968)
RSL 6.79 0 (2.038847 3.108104 1.646148)
RSR 12.21 0 (1.639963 5.537119 5.035921)
RLR inf 1 (inf inf inf)
LRL inf 1 (inf inf inf)

# 1.570796 1.178097 6.000000
# best = 2 = RSL
LSL 11.98 0 (4.775288 6.088160 1.115199)
LSR 17.91 0 (4.918990 7.676869 5.311689)
RSL 7.15 0 (1.987572 3.572283 1.594873)
RSR 12.61 0 (1.635306 5.936227 5.040578)
RLR inf 1 (inf inf inf)
LRL inf 1 (inf inf inf)

# 1.570796 1.178097 6.400000
# best = 2 = RSL
LSL 12.38 0 (4.771412 6.487417 1.119074)
LSR 18.30 0 (4.908833 8.089092 5.301532)
RSL 7.52 0 (1.946897 4.022698 1.554198)
RSR 13.01 0 (1.631236 6.335448 5.044648)
RLR inf 1 (inf inf inf)
LRL inf 1 (inf inf inf)

# 1.570796 1.178097 6.800000
# best = 2 = RSL
LSL 12.78 0 (4.767986 6.886761 1.122500)
LSR 18.69 0 (4.899638 8.500148 5.292337)
RSL 7.90 0 (1.913729 4.463519 1.521030)
RSR 13.41 0 (1.627649 6.734761 5.048236)
RLR inf 1 (inf inf inf)
LRL inf 1 (inf inf inf)

# 1.570796 1.178097 7.200000
# best = 2 = RSL
LSL 13.18 0 (4.764935 7.286177 1.125551)
LSR 19.09 0 (4.891273 8.910198 5.283972)
RSL 8.28 0 (1.886106 4.897336 1.493407)
RSR 13.81 0 (1.624463 7.134151 5.051421)
RLR inf 1 (inf inf inf)
LRL inf 1 (inf inf inf)

# 1.570796 1.178097 7.600000
# best = 2 = RSL
LSL 13.58 0 (4.762202 7.685654 1.128284)
LSR 19.48 0 (4.883630 9.319374 5.276329)
RSL 8.66 0 (1.862710 5.325861 1.470011)
RSR 14.21 0 (1.621615 7.533605 5.054270)
RLR inf 1 (inf inf inf)
LRL inf 1 (inf inf inf)

# 1.570796 1.178097 8.000000
# best = 2 = RSL
LSL 13.98 0 (4.759738 8.085182 1.130748)
LSR 19.87 0 (4.876618 9.727786 5.269317)
RSL 9.04 0 (1.842619 5.750277 1.449920)
RSR 14.61 0 (1.619053 7.933115 5.056831)
RLR inf 1 (inf inf inf)
LRL inf 1 (inf inf inf)

# 1.963495 1.178097 0.400000
# best = 0 = LSL
LSL 6.36 0 (5.408903 0.863589 0.088885)
LSR 12.64 0 (5.416542 1.025876 6.201940)
RSL inf 1 (inf inf inf)
RSR 7.93 0 (3.052708 0.863589 4.015875)
RLR 12.48 0 (5.976690 5.847964 0.656672)
LRL 10.91 0 (2.049699 5.847964 3.012866)

# 1.963495 1.178097 0.800000
# best = 0 = LSL
LSL 6.60 0 (5.082967 1.107152 0.414820)
LSR 12.87 0 (5.175887 1.735116 5.961285)
RSL inf 1 (inf inf inf)
RSR 8.18 0 (2.726772 1.107152 4.341811)
RLR 12.23 0 (5.587915 5.722285 0.919769)
LRL 10.66 0 (1.660925 5.722285 3.275963)

# 1.963495 1.178097 1.200000
# best = 0 = LSL
LSL 6.92 0 (4.887445 1.423301 0.610342)
LSR 13.16 0 (5.035488 2.299747 5.820886)
RSL inf 1 (inf inf inf)
RSR 8.49 0 (2.531250 1.423301 4.537333)
RLR 11.90 0 (5.309046 5.555591 1.031944)
LRL 10.33 0 (1.382055 5.555591 3.388138)

# 1.963495 1.178097 1.600000
# best = 0 = LSL
LSL 7.27 0 (4.765872 1.773637 0.731916)
LSR 13.47 0 (4.938526 2.808388 5.723924)
RSL inf 1 (inf inf inf)
RSR 8.84 0 (2.409677 1.773636 4.658907)
RLR 11.51 0 (5.091871 5.364388 1.057916)
LRL 9.94 0 (1.164880 5.364388 3.414110)

# 1.963495 1.178097 2.000000
# best = 0 = LSL
LSL 7.64 0 (4.685180 2.141445 0.812607)
LSR 13.81 0 (4.866287 3.287134 5.651685)
RSL inf 1 (inf inf inf)
RSR 9.21 0 (2.328985 2.141445 4.739599)
RLR 11.09 0 (4.905642 5.153315 1.033071)
LRL 9.52 0 (0.978652 5.153314 3.389265)

# 1.963495 1.178097 2.400000
# best = 0 = LSL
LSL 8.02 0 (4.628398 2.519085 0.869390)
LSR 14.15 0 (4.809929 3.747460 5.595327)
RSL inf 1 (inf inf inf)
RSR 9.59 0 (2.272202 2.519084 4.796381)
RLR 10.63 0 (4.732537 4.920668 0.973530)
LRL 9.06 0 (0.805546 4.920668 3.329724)

# 1.963495 1.178097 2.800000
# best = 0 = LSL
LSL 8.40 0 (4.586517 2.902721 0.911270)
LSR 14.51 0 (4.764532 4.195434 5.549930)
RSL inf 1 (inf inf inf)
RSR 9.97 0 (2.230322 2.902720 4.838261)
RLR 10.10 0 (4.559893 4.659141 0.884646)
LRL 8.53 0 (0.632902 4.659140 3.240840)

# 1.963495 1.178097 3.200000
# best = 5 = LRL
LSL 8.79 0 (4.554457 3.290256 0.943330)
LSR 14.87 0 (4.727081 4.634638 5.512479)
RSL inf 1 (inf inf inf)
RSR 10.36 0 (2.198262 3.290256 4.870322)
RLR 9.49 0 (4.373949 4.351375 0.762824)
LRL 7.92 0 (0.446959 4.351375 3.119018)

# 1.963495 1.178097 3.600000
# best = 5 = LRL
LSL 9.18 0 (4.529173 3.680460 0.968614)
LSR 15.24 0 (4.695605 5.067354 5.481003)
RSL inf 1 (inf inf inf)
RSR 10.75 0 (2.172978 3.680460 4.895605)
RLR 8.68 0 (4.146197 3.946438 0.585639)
LRL 7.11 0 (0.219206 3.946437 2.941833)

# 1.963495 1.178097 4.000000
# best = 2 = RSL
LSL 9.57 0 (4.508747 4.072565 0.989040)
LSR 15.62 0 (4.668747 5.495115 5.454145)
RSL 6.32 0 (3.155910 0.795073 2.370512)
RSR 11.14 0 (2.152552 4.072565 4.916032)
RLR inf 1 (inf inf inf)
LRL inf 1 (inf inf inf)

# 1.963495 1.178097 4.400000
# best = 2 = RSL
LSL 9.96 0 (4.491914 4.466071 1.005873)
LSR 16.00 0 (4.645541 5.918994 5.430939)
RSL 6.53 0 (2.863975 1.585539 2.078577)
RSR 11.53 0 (2.135719 4.466070 4.932865)
RLR inf 1 (inf inf inf)
LRL inf 1 (inf inf inf)

# 1.963495 1.178097 4.800000
# best = 2 = RSL
LSL 10.36 0 (4.477811 4.860637 1.019977)
LSR 16.38 0 (4.625277 6.339771 5.410675)
RSL 6.80 0 (2.707787 2.171572 1.922389)
RSR 11.93 0 (2.121615 4.860636 4.946968)
RLR inf 1 (inf inf inf)
LRL inf 1 (inf inf inf)

# 1.963495 1.178097 5.200000
# best = 2 = RSL
LSL 10.75 0 (4.465827 5.256024 1.031960)
LSR 16.76 0 (4.607422 6.758026 5.392820)
RSL 7.11 0 (2.602772 2.690264 1.817374)
RSR 12.32 0 (2.109632 5.256024 4.958952)
RLR inf 1 (inf inf inf)
LRL inf 1 (inf inf inf)

# 1.963495 1.178097 5.600000
# best = 2 = RSL
LSL 11.15 0 (4.455521 5.652061 1.042266)
LSR 17.14 0 (4.591564 7.174198 5.376962)
RSL 7.44 0 (2.525655 3.174793 1.740257)
RSR 12.72 0 (2.099326 5.652060 4.969257)
RLR inf 1 (inf inf inf)
LRL inf 1 (inf inf inf)

# 1.963495 1.178097 6.000000
# best = 2 = RSL
LSL 11.55 0 (4.446566 6.048619 1.051221)
LSR 17.53 0 (4.577383 7.588631 5.362781)
RSL 7.79 0 (2.466051 3.638833 1.680653)
RSR 13.12 0 (2.090371 6.048618 4.978212)
RLR inf 1 (inf inf inf)
LRL inf 1 (inf inf inf)

# 1.963495 1.178097 6.400000
# best = 2 = RSL
LSL 11.94 0 (4.438714 6.445602 1.059074)
LSR 17.92 0 (4.564622 8.001596 5.350020)
RSL 8.14 0 (2.418363 4.089364 1.632965)
RSR 13.51 0 (2.082518 6.445602 4.986065)
RLR inf 1 (inf inf inf)
LRL inf 1 (inf inf inf)

# 1.963495 1.178097 6.800000
# best = 2 = RSL
LSL 12.34 0 (4.431773 6.842937 1.066015)
LSR 18.30 0 (4.553077 8.413307 5.338475)
RSL 8.50 0 (2.379225 4.530418 1.593827)
RSR 13.91 0 (2.075577 6.842937 4.993006)
RLR inf 1 (inf inf inf)
LRL inf 1 (inf inf inf)

# 1.963495 1.178097 7.200000
# best = 2 = RSL
LSL 12.74 0 (4.425594 7.240566 1.072194)
LSR 18.69 0 (4.542580 8.823942 5.327978)
RSL 8.87 0 (2.346463 4.964522 1.561065)
RSR 14.31 0 (2.069398 7.240565 4.999185)
RLR inf 1 (inf inf inf)
LRL inf 1 (inf inf inf)

# 1.963495 1.178097 7.600000
# best = 2 = RSL
LSL 13.14 0 (4.420058 7.638442 1.077729)
LSR 19.09 0 (4.532994 9.233642 5.318392)
RSL 9.25 0 (2.318602 5.393355 1.533204)
RSR 14.71 0 (2.063863 7.638441 5.004721)
RLR inf 1 (inf inf inf)
LRL inf 1 (inf inf inf)

# 1.963495 1.178097 8.000000
# best = 2 = RSL
LSL 13.53 0 (4.415071 8.036528 1.082716)
LSR 19.48 0 (4.524205 9.642529 5.309603)
RSL 9.62 0 (2.294596 5.818081 1.509198)
RSR 15.11 0 (2.058876 8.036528 5.009708)
RLR inf 1 (inf inf inf)
LRL inf 1 (inf inf inf)

# 2.356194 1.178097 0.400000
# best = 1 = LSR
LSL 12.49 0 (5.331214 1.105086 6.057059)
LSR 6.22 0 (5.420761 0.479746 0.315673)
RSL inf 1 (inf inf inf)
RSR 8.71 0 (3.411980 1.252218 4.049302)
RLR 12.47 0 (6.235165 5.646370 0.589302)
LRL 10.27 0 (1.909709 5.723360 2.635554)

# 2.356194 1.178097 0.800000
# best = 0 = LSL
LSL 6.34 0 (5.006398 1.236041 0.098690)
LSR 12.62 0 (5.013221 1.419488 6.191318)
RSL inf 1 (inf inf inf)
RSR 8.95 0 (3.176240 1.490459 4.285042)
RLR 12.22 0 (5.936008 5.519535 0.761624)
LRL 10.13 0 (1.550653 5.654881 2.926131)

# 2.356194 1.178097 1.200000
# best = 0 = LSL
LSL 6.57 0 (4.763749 1.467780 0.341340)
LSR 12.85 0 (4.819115 2.029713 5.997212)
RSL inf 1 (inf inf inf)
RSR 9.25 0 (3.011874 1.787424 4.449408)
RLR 11.89 0 (5.690219 5.356689 0.844567)
LRL 9.89 0 (1.246433 5.531740 3.107209)

# 2.356194 1.178097 1.600000
# best = 0 = LSL
LSL 6.87 0 (4.594286 1.760955 0.510802)
LSR 13.12 0 (4.690605 2.558227 5.868702)
RSL inf 1 (inf inf inf)
RSR 9.58 0 (2.896503 2.118562 4.564779)
RLR 11.51 0 (5.479919 5.166832 0.865010)
LRL 9.56 0 (0.996829 5.371456 3.196531)

# 2.356194 1.178097 2.000000
# best = 0 = LSL
LSL 7.19 0 (4.475557 2.089867 0.629531)
LSR 13.42 0 (4.596827 3.047838 5.774924)
RSL inf 1 (inf inf inf)
RSR 9.93 0 (2.813108 2.470166 4.648174)
RLR 11.08 0 (5.289087 4.951959 0.840968)
LRL 9.19 0 (0.784223 5.183703 3.221383)

# 2.356194 1.178097 2.400000
# best = 0 = LSL
LSL 7.55 0 (4.389970 2.440108 0.715118)
LSR 13.74 0 (4.524626 3.514840 5.702723)
RSL inf 1 (inf inf inf)
RSR 10.30 0 (2.750812 2.834632 4.710470)
RLR 10.59 0 (5.104810 4.707996 0.781283)
LRL 8.76 0 (0.592283 4.970996 3.200616)

# 2.356194 1.178097 2.800000
# best = 0 = LSL
LSL 7.91 0 (4.326209 2.803695 0.778879)
LSR 14.08 0 (4.467024 3.967227 5.645121)
RSL inf 1 (inf inf inf)
RSR 10.67 0 (2.702850 3.207578 4.758432)
RLR 10.02 0 (4.913983 4.422266 0.686380)
LRL 8.28 0 (0.407924 4.729801 3.143780)

# 2.356194 1.178097 3.200000
# best = 5 = LRL
LSL 8.28 0 (4.277236 3.176049 0.827852)
LSR 14.43 0 (4.419861 4.409499 5.597958)
RSL inf 1 (inf inf inf)
RSR 11.05 0 (2.664947 3.586360 4.796335)
RLR 9.30 0 (4.694531 4.059169 0.542734)
LRL 7.72 0 (0.218262 4.448423 3.052064)

# 2.356194 1.178097 3.600000
# best = 5 = LRL
LSL 8.66 0 (4.238612 3.554416 0.866476)
LSR 14.78 0 (4.380462 4.844427 5.558559)
RSL inf 1 (inf inf inf)
RSR 11.43 0 (2.634320 3.969306 4.826962)
RLR 7.96 0 (4.329078 3.389516 0.238535)
LRL 7.01 0 (0.002727 4.094600 2.913776)

# 2.356194 1.178097 4.000000
# best = 2 = RSL
LSL 9.04 0 (4.207457 3.937062 0.897632)
LSR 15.15 0 (4.347017 5.273828 5.525114)
RSL 7.10 0 (3.483022 1.310525 2.304925)
RSR 11.82 0 (2.609102 4.355320 4.852180)
RLR inf 1 (inf inf inf)
LRL 12.10 0 (5.955882 3.496851 2.646057)

# 2.356194 1.178097 4.400000
# best = 2 = RSL
LSL 9.43 0 (4.181841 4.322850 0.923247)
LSR 15.51 0 (4.318246 5.698952 5.496343)
RSL 7.31 0 (3.272847 1.942340 2.094750)
RSR 12.20 0 (2.588001 4.743651 4.873281)
RLR inf 1 (inf inf inf)
LRL inf 1 (inf inf inf)

# 2.356194 1.178097 4.800000
# best = 2 = RSL
LSL 9.82 0 (4.160434 4.711010 0.944654)
LSR 15.89 0 (4.293219 6.120689 5.471316)
RSL 7.58 0 (3.136974 2.479495 1.958877)
RSR 12.60 0 (2.570100 5.133775 4.891182)
RLR inf 1 (inf inf inf)
LRL inf 1 (inf inf inf)

# 2.356194 1.178097 5.200000
# best = 2 = RSL
LSL 10.21 0 (4.142293 5.101000 0.962795)
LSR 16.26 0 (4.271240 6.539696 5.449337)
RSL 7.87 0 (3.038913 2.973736 1.860816)
RSR 12.99 0 (2.554732 5.525311 4.906551)
RLR inf 1 (inf inf inf)
LRL inf 1 (inf inf inf)

# 2.356194 1.178097 5.600000
# best = 2 = RSL
LSL 10.60 0 (4.126734 5.492430 0.978355)
LSR 16.64 0 (4.251779 6.956466 5.429876)
RSL 8.19 0 (2.963926 3.443591 1.785829)
RSR 13.38 0 (2.541400 5.917980 4.919882)
RLR inf 1 (inf inf inf)
LRL inf 1 (inf inf inf)

# 2.356194 1.178097 6.000000
# best = 2 = RSL
LSL 10.99 0 (4.113247 5.885012 0.991841)
LSR 17.02 0 (4.234421 7.371377 5.412518)
RSL 8.53 0 (2.904385 3.897888 1.726288)
RSR 13.77 0 (2.529729 6.311569 4.931553)
RLR inf 1 (inf inf inf)
LRL inf 1 (inf inf inf)

# 2.356194 1.178097 6.400000
# best = 2 = RSL
LSL 11.38 0 (4.101449 6.278531 1.003639)
LSR 17.40 0 (4.218840 7.784728 5.396937)
RSL 8.88 0 (2.855807 4.341513 1.677710)
RSR 14.17 0 (2.519430 6.705917 4.941853)
RLR inf 1 (inf inf inf)
LRL inf 1 (inf inf inf)

# 2.356194 1.178097 6.800000
# best = 2 = RSL
LSL 11.78 0 (4.091044 6.672820 1.014044)
LSR 17.78 0 (4.204775 8.196755 5.382872)
RSL 9.23 0 (2.815341 4.777442 1.637244)
RSR 14.56 0 (2.510275 7.100897 4.951007)
RLR inf 1 (inf inf inf)
LRL inf 1 (inf inf inf)

# 2.356194 1.178097 7.200000
# best = 2 = RSL
LSL 12.17 0 (4.081801 7.067752 1.023287)
LSR 18.17 0 (4.192012 8.607646 5.370109)
RSL 9.59 0 (2.781068 5.207606 1.602971)
RSR 14.96 0 (2.502086 7.496409 4.959196)
RLR inf 1 (inf inf inf)
LRL inf 1 (inf inf inf)

# 2.356194 1.178097 7.600000
# best = 2 = RSL
LSL 12.57 0 (4.073537 7.463223 1.031552)
LSR 18.56 0 (4.180378 9.017559 5.358475)
RSL 9.96 0 (2.751641 5.633327 1.573544)
RSR 15.35 0 (2.494718 7.892374 4.966564)
RLR inf 1 (inf inf inf)
LRL inf 1 (inf inf inf)

# 2.356194 1.178097 8.000000
# best = 2 = RSL
LSL 12.96 0 (4.066105 7.859152 1.038984)
LSR 18.94 0 (4.169729 9.426619 5.347826)
RSL 10.33 0 (2.726084 6.055541 1.547987)
RSR 15.75 0 (2.488054 8.288727 4.973228)
RLR inf 1 (inf inf inf)
LRL inf 1 (inf inf inf)

# 2.748894 1.178097 0.400000
# best = 4 = RLR
LSL 12.31 0 (5.212737 1.314171 5.782837)
LSR inf 1 (inf inf inf)
RSL inf 1 (inf inf inf)
RSR 9.46 0 (3.695430 1.610267 4.158552)
RLR 6.20 0 (0.139518 5.454547 0.602641)
LRL 9.66 0 (1.736384 5.613665 2.306484)

# 2.748894 1.178097 0.800000
# best = 1 = LSR
LSL 12.33 0 (4.909539 1.331949 6.086034)
LSR 6.05 0 (4.952703 0.854692 0.240314)
RSL inf 1 (inf inf inf)
RSR 9.73 0 (3.521213 1.872409 4.332770)
RLR 12.19 0 (6.175663 5.308901 0.704035)
LRL 9.64 0 (1.428477 5.604246 2.604972)

# 2.748894 1.178097 1.200000
# best = 0 = LSL
LSL 6.18 0 (4.638065 1.463260 0.074324)
LSR 12.46 0 (4.641498 1.604914 6.212295)
RSL inf 1 (inf inf inf)
RSR 10.03 0 (3.392640 2.176895 4.461342)
RLR 11.84 0 (5.958769 5.132258 0.744286)
LRL 9.50 0 (1.121964 5.534169 2.841408)

# 2.748894 1.178097 1.600000
# best = 0 = LSL
LSL 6.39 0 (4.424054 1.681717 0.288335)
LSR 12.67 0 (4.461342 2.177383 6.032139)
RSL inf 1 (inf inf inf)
RSR 10.36 0 (3.296782 2.508352 4.557201)
RLR 11.43 0 (5.760565 4.927567 0.737799)
LRL 9.26 0 (0.848543 5.415348 2.996009)

# 2.748894 1.178097 2.000000
# best = 0 = LSL
LSL 6.67 0 (4.264693 1.958371 0.447696)
LSR 12.93 0 (4.336177 2.688168 5.906974)
RSL inf 1 (inf inf inf)
RSR 10.71 0 (3.223800 2.857409 4.630183)
RLR 10.95 0 (5.569694 4.691789 0.692892)
LRL 8.95 0 (0.611477 5.259940 3.077666)

# 2.748894 1.178097 2.400000
# best = 0 = LSL
LSL 6.98 0 (4.146965 2.272060 0.565424)
LSR 13.22 0 (4.242510 3.167254 5.813307)
RSL inf 1 (inf inf inf)
RSR 11.07 0 (3.166938 3.218345 4.687044)
RLR 10.40 0 (5.373552 4.413229 0.610473)
LRL 8.58 0 (0.401280 5.075001 3.102924)

# 2.748894 1.178097 2.800000
# best = 0 = LSL
LSL 7.32 0 (4.058701 2.609464 0.653688)
LSR 13.54 0 (4.169231 3.627223 5.740028)
RSL inf 1 (inf inf inf)
RSR 11.44 0 (3.121658 3.587576 4.732324)
RLR 9.69 0 (5.150555 4.057794 0.478036)
LRL 8.15 0 (0.206406 4.861781 3.084578)

# 2.748894 1.178097 3.200000
# best = 5 = LRL
LSL 7.67 0 (3.991044 2.962490 0.721345)
LSR 13.87 0 (4.110111 4.074555 5.680908)
RSL inf 1 (inf inf inf)
RSR 11.82 0 (3.084889 3.962784 4.769094)
RLR 8.40 0 (4.792202 3.414626 0.193221)
LRL 7.66 0 (0.015455 4.615193 3.028941)

# 2.748894 1.178097 3.600000
# best = 2 = RSL
LSL 8.04 0 (3.937980 3.326167 0.774408)
LSR 14.21 0 (4.061302 4.513009 5.632099)
RSL 7.66 0 (3.994233 1.246093 2.423436)
RSR 12.20 0 (3.054513 4.342420 4.799469)
RLR inf 1 (inf inf inf)
LRL 13.35 0 (6.097695 4.319430 2.934123)

# 2.748894 1.178097 4.000000
# best = 2 = RSL
LSL 8.41 0 (3.895471 3.697354 0.816917)
LSR 14.56 0 (4.020266 4.944947 5.591063)
RSL 7.84 0 (3.762578 1.883481 2.191781)
RSR 12.58 0 (3.029041 4.725418 4.824941)
RLR inf 1 (inf inf inf)
LRL 12.56 0 (5.857765 3.924588 2.779211)

# 2.748894 1.178097 4.400000
# best = 2 = RSL
LSL 8.79 0 (3.860768 4.074000 0.851620)
LSR 14.91 0 (3.985252 5.371941 5.556049)
RSL 8.08 0 (3.612506 2.421208 2.041709)
RSR 12.97 0 (3.007400 5.111020 4.846582)
RLR inf 1 (inf inf inf)
LRL inf 1 (inf inf inf)

# 2.748894 1.178097 4.800000
# best = 2 = RSL
LSL 9.17 0 (3.831967 4.454718 0.880421)
LSR 15.28 0 (3.955007 5.795084 5.525804)
RSL 8.35 0 (3.503937 2.914961 1.933140)
RSR 13.35 0 (2.988803 5.498680 4.865180)
RLR inf 1 (inf inf inf)
LRL inf 1 (inf inf inf)

# 2.748894 1.178097 5.200000
# best = 2 = RSL
LSL 9.55 0 (3.807718 4.838549 0.904671)
LSR 15.64 0 (3.928606 6.215163 5.499403)
RSL 8.65 0 (3.420793 3.384043 1.849996)
RSR 13.74 0 (2.972660 5.887992 4.881323)
RLR inf 1 (inf inf inf)
LRL inf 1 (inf inf inf)

# 2.748894 1.178097 5.600000
# best = 2 = RSL
LSL 9.94 0 (3.787043 5.224806 0.925345)
LSR 16.01 0 (3.905354 6.632759 5.476151)
RSL 8.98 0 (3.354725 3.837512 1.783928)
RSR 14.13 0 (2.958522 6.278646 4.895460)
RLR inf 1 (inf inf inf)
LRL inf 1 (inf inf inf)

# 2.748894 1.178097 6.000000
# best = 2 = RSL
LSL 10.33 0 (3.769221 5.612989 0.943167)
LSR 16.39 0 (3.884714 7.048315 5.455511)
RSL 9.31 0 (3.300805 4.280333 1.730008)
RSR 14.52 0 (2.946043 6.670409 4.907939)
RLR inf 1 (inf inf inf)
LRL inf 1 (inf inf inf)

# 2.748894 1.178097 6.400000
# best = 2 = RSL
LSL 10.72 0 (3.753709 6.002723 0.958679)
LSR 16.77 0 (3.866266 7.462171 5.437063)
RSL 9.66 0 (3.255886 4.715506 1.685089)
RSR 14.92 0 (2.934950 7.063095 4.919032)
RLR inf 1 (inf inf inf)
LRL inf 1 (inf inf inf)

# 2.748894 1.178097 6.800000
# best = 2 = RSL
LSL 11.11 0 (3.740092 6.393726 0.972296)
LSR 17.14 0 (3.849675 7.874595 5.420472)
RSL 10.01 0 (3.217846 5.144973 1.647049)
RSR 15.31 0 (2.925027 7.456559 4.928956)
RLR inf 1 (inf inf inf)
LRL inf 1 (inf inf inf)

# 2.748894 1.178097 7.200000
# best = 2 = RSL
LSL 11.50 0 (3.728046 6.785777 0.984343)
LSR 17.53 0 (3.834673 8.285801 5.405470)
RSL 10.37 0 (3.185193 5.570054 1.614396)
RSR 15.70 0 (2.916099 7.850683 4.937884)
RLR inf 1 (inf inf inf)
LRL inf 1 (inf inf inf)

# 2.748894 1.178097 7.600000
# best = 2 = RSL
LSL 11.89 0 (3.717317 7.178706 0.995071)
LSR 17.91 0 (3.821041 8.695962 5.391838)
RSL 10.73 0 (3.156844 5.991682 1.586047)
RSR 16.10 0 (2.908025 8.245374 4.945957)
RLR inf 1 (inf inf inf)
LRL inf 1 (inf inf inf)

# 2.748894 1.178097 8.000000
# best = 2 = RSL
LSL 12.28 0 (3.707703 7.572375 1.004686)
LSR 18.29 0 (3.808598 9.105218 5.379395)
RSL 11.10 0 (3.131990 6.410538 1.561193)
RSR 16.49 0 (2.900689 8.640552 4.953293)
RLR inf 1 (inf inf inf)
LRL inf 1 (inf inf inf)

# 3.141593 1.178097 0.400000
# best = 4 = RLR
LSL 12.08 0 (5.074562 1.478602 5.528313)
LSR inf 1 (inf inf inf)
RSL inf 1 (inf inf inf)
RSR 10.16 0 (3.948714 1.914281 4.297967)
RLR 6.25 0 (0.308096 5.285134 0.657349)
LRL 9.09 0 (1.554337 5.525920 2.008087)

# 3.141593 1.178097 0.800000
# best = 4 = RLR
LSL 11.99 0 (4.801744 1.388222 5.801131)
LSR inf 1 (inf inf inf)
RSL inf 1 (inf inf inf)
RSR 10.46 0 (3.817599 2.209881 4.429082)
RLR 5.91 0 (0.090681 5.112535 0.702165)
LRL 9.19 0 (1.305722 5.574326 2.305109)

# 3.141593 1.178097 1.200000
# best = 1 = LSR
LSL 12.01 0 (4.515283 1.409985 6.087592)
LSR 5.73 0 (4.554078 0.944427 0.234389)
RSL inf 1 (inf inf inf)
RSR 10.78 0 (3.718683 2.534301 4.527998)
RLR 11.79 0 (6.174111 4.910854 0.700240)
LRL 9.16 0 (1.013453 5.562711 2.585762)

# 3.141593 1.178097 1.600000
# best = 0 = LSL
LSL 5.86 0 (4.257587 1.539140 0.062103)
LSR 12.14 0 (4.259908 1.658627 6.223404)
RSL inf 1 (inf inf inf)
RSR 11.12 0 (3.642777 2.877809 4.603905)
RLR 11.32 0 (5.981356 4.677159 0.659299)
LRL 9.02 0 (0.721019 5.493235 2.808720)

# 3.141593 1.178097 2.000000
# best = 0 = LSL
LSL 6.07 0 (4.051030 1.752098 0.268659)
LSR 12.35 0 (4.082890 2.220394 6.046386)
RSL inf 1 (inf inf inf)
RSR 11.48 0 (3.583321 3.234329 4.663360)
RLR 10.76 0 (5.783175 4.399708 0.580029)
LRL 8.79 0 (0.456038 5.376385 2.956852)

# 3.141593 1.178097 2.400000
# best = 0 = LSL
LSL 6.34 0 (3.894318 2.022559 0.425371)
LSR 12.61 0 (3.958252 2.725665 5.921748)
RSL inf 1 (inf inf inf)
RSR 11.85 0 (3.535803 3.599999 4.710878)
RLR 10.05 0 (5.557627 4.043648 0.449517)
LRL 8.48 0 (0.222602 5.222939 3.036840)

# 3.141593 1.178097 2.800000
# best = 0 = LSL
LSL 6.65 0 (3.776716 2.330588 0.542974)
LSR 12.89 0 (3.864287 3.201305 5.827783)
RSL inf 1 (inf inf inf)
RSR 12.22 0 (3.497118 3.972291 4.749564)
RLR 8.72 0 (5.185687 3.377140 0.154948)
LRL 8.11 0 (0.013141 5.039222 3.062585)

# 3.141593 1.178097 3.200000
# best = 0 = LSL
LSL 6.98 0 (3.687489 2.663182 0.632200)
LSR 13.20 0 (3.790422 3.658888 5.753918)
RSL 8.12 0 (4.418733 1.249722 2.455237)
RSR 12.60 0 (3.465101 4.349506 4.781580)
RLR inf 1 (inf inf inf)
LRL 13.97 0 (6.100522 4.826066 3.045233)

# 3.141593 1.178097 3.600000
# best = 0 = LSL
LSL 7.33 0 (3.618491 3.012214 0.701199)
LSR 13.53 0 (3.730628 4.104456 5.694124)
RSL 8.29 0 (4.184034 1.882207 2.220538)
RSR 12.98 0 (3.438217 4.730465 4.808464)
RLR inf 1 (inf inf inf)
LRL 13.48 0 (5.907392 4.577804 2.990101)

# 3.141593 1.178097 4.000000
# best = 0 = LSL
LSL 7.69 0 (3.564022 3.372585 0.755668)
LSR 13.87 0 (3.681137 4.541549 5.644633)
RSL 8.52 0 (4.030840 2.417354 2.067344)
RSR 13.36 0 (3.415354 5.114333 4.831327)
RLR inf 1 (inf inf inf)
LRL 12.87 0 (5.702506 4.276969 2.894152)

# 3.141593 1.178097 4.400000
# best = 0 = LSL
LSL 8.06 0 (3.520172 3.741019 0.799518)
LSR 14.21 0 (3.639448 4.972401 5.602944)
RSL 8.79 0 (3.919589 2.909381 1.956093)
RSR 13.75 0 (3.395693 5.500501 4.850989)
RLR inf 1 (inf inf inf)
LRL 12.05 0 (5.452786 3.865229 2.732132)

# 3.141593 1.178097 4.800000
# best = 0 = LSL
LSL 8.44 0 (3.484240 4.115352 0.835449)
LSR 14.57 0 (3.603822 5.398506 5.567318)
RSL 9.08 0 (3.834199 3.377187 1.870703)
RSR 14.14 0 (3.378616 5.888515 4.868065)
RLR inf 1 (inf inf inf)
LRL inf 1 (inf inf inf)

# 3.141593 1.178097 5.200000
# best = 0 = LSL
LSL 8.81 0 (3.454331 4.494109 0.865358)
LSR 14.93 0 (3.573010 5.820908 5.536506)
RSL 9.40 0 (3.766247 3.829659 1.802751)
RSR 14.52 0 (3.363655 6.278035 4.883026)
RLR inf 1 (inf inf inf)
LRL inf 1 (inf inf inf)

# 3.141593 1.178097 5.600000
# best = 0 = LSL
LSL 9.20 0 (3.429091 4.876260 0.890599)
LSR 15.30 0 (3.546087 6.240359 5.509583)
RSL 9.73 0 (3.710735 4.271673 1.747239)
RSR 14.92 0 (3.350444 6.668795 4.896237)
RLR inf 1 (inf inf inf)
LRL inf 1 (inf inf inf)

# 3.141593 1.178097 6.000000
# best = 0 = LSL
LSL 9.58 0 (3.407530 5.261066 0.912159)
LSR 15.67 0 (3.522354 6.657416 5.485850)
RSL 10.07 0 (3.664459 4.706175 1.700963)
RSR 15.31 0 (3.338698 7.060590 4.907983)
RLR inf 1 (inf inf inf)
LRL inf 1 (inf inf inf)

# 3.141593 1.178097 6.400000
# best = 0 = LSL
LSL 9.97 0 (3.388916 5.647983 0.930773)
LSR 16.04 0 (3.501271 7.072502 5.464767)
RSL 10.42 0 (3.625251 5.135073 1.661755)
RSR 15.70 0 (3.328188 7.453256 4.918493)
RLR inf 1 (inf inf inf)
LRL inf 1 (inf inf inf)

# 3.141593 1.178097 6.800000
# best = 0 = LSL
LSL 10.36 0 (3.372694 6.036605 0.946996)
LSR 16.41 0 (3.482416 7.485946 5.445912)
RSL 10.78 0 (3.591584 5.559665 1.628088)
RSR 16.09 0 (3.318731 7.846664 4.927950)
RLR inf 1 (inf inf inf)
LRL inf 1 (inf inf inf)

# 3.141593 1.178097 7.200000
# best = 0 = LSL
LSL 10.75 0 (3.358437 6.426624 0.961252)
LSR 16.79 0 (3.465449 7.898006 5.428945)
RSL 11.14 0 (3.562347 5.980867 1.598851)
RSR 16.49 0 (3.310177 8.240706 4.936504)
RLR inf 1 (inf inf inf)
LRL inf 1 (inf inf inf)

# 3.141593 1.178097 7.600000
# best = 0 = LSL
LSL 11.14 0 (3.345814 6.817800 0.973875)
LSR 17.17 0 (3.450101 8.308886 5.413597)
RSL 11.51 0 (3.536711 6.399349 1.573215)
RSR 16.88 0 (3.302405 8.635296 4.944276)
RLR inf 1 (inf inf inf)
LRL inf 1 (inf inf inf)

# 3.141593 1.178097 8.000000
# best = 0 = LSL
LSL 11.53 0 (3.334562 7.209944 0.985127)
LSR 17.55 0 (3.436148 8.718756 5.399644)
RSL 11.88 0 (3.514043 6.815612 1.550547)
RSR 17.28 0 (3.295313 9.030362 4.951369)
RLR inf 1 (inf inf inf)
LRL inf 1 (inf inf inf)

# -3.141593 1.570796 0.400000
# best = 4 = RLR
LSL 12.16 0 (5.252808 1.166190 5.742766)
LSR inf 1 (inf inf inf)
RSL inf 1 (inf inf inf)
RSR 9.57 0 (3.761842 1.720465 4.092140)
RLR 6.08 0 (0.175628 5.393942 0.505925)
LRL 9.81 0 (1.815371 5.691497 2.305329)

# -3.141593 1.570796 0.800000
# best = 1 = LSR
LSL 12.02 0 (4.909784 1.019804 6.085790)
LSR 5.74 0 (4.979268 0.489899 0.266879)
RSL inf 1 (inf inf inf)
RSR 9.91 0 (3.648691 2.059126 4.205291)
RLR 11.97 0 (6.249531 5.201680 0.522945)
LRL 9.96 0 (1.510395 5.767591 2.686400)

# -3.141593 1.570796 1.200000
# best = 0 = LSL
LSL 5.73 0 (4.514993 1.019804 0.197396)
LSR 12.01 0 (4.543049 1.356466 6.113845)
RSL inf 1 (inf inf inf)
RSR 10.27 0 (3.568220 2.416609 4.285762)
RLR 11.54 0 (6.061111 4.985782 0.495467)
LRL 9.96 0 (1.115604 5.767591 3.081191)

# -3.141593 1.570796 1.600000
# best = 0 = LSL
LSL 5.88 0 (4.171970 1.166191 0.540419)
LSR 12.13 0 (4.309631 1.939072 5.880427)
RSL inf 1 (inf inf inf)
RSR 10.64 0 (3.508766 2.785677 4.345215)
RLR 11.06 0 (5.879963 4.742394 0.433227)
LRL 9.81 0 (0.734533 5.691496 3.386167)

# -3.141593 1.570796 2.000000
# best = 0 = LSL
LSL 6.13 0 (3.926991 1.414214 0.785398)
LSR 12.32 0 (4.148063 2.449490 5.718859)
RSL inf 1 (inf inf inf)
RSR 11.02 0 (3.463343 3.162277 4.390639)
RLR 10.49 0 (5.693197 4.459709 0.337308)
LRL 9.55 0 (0.424031 5.560451 3.565623)

# -3.141593 1.570796 2.400000
# best = 0 = LSL
LSL 6.43 0 (3.761843 1.720466 0.950546)
LSR 12.55 0 (4.027269 2.925748 5.598065)
RSL inf 1 (inf inf inf)
RSR 11.40 0 (3.427644 3.544009 4.426338)
RLR 9.78 0 (5.480586 4.105883 0.196094)
LRL 9.22 0 (0.175628 5.393942 3.647517)

# -3.141593 1.570796 2.800000
# best = 0 = LSL
LSL 6.77 0 (3.648692 2.059126 1.063697)
LSR 12.82 0 (3.932924 3.382307 5.503720)
RSL 8.88 0 (4.979269 0.489896 3.408473)
RSR 11.78 0 (3.398916 3.929376 4.455065)
RLR 14.89 0 (5.157905 3.517977 6.214054)
LRL 15.12 0 (6.249531 5.201679 3.664537)

# -3.141593 1.570796 3.200000
# best = 0 = LSL
LSL 7.13 0 (3.568221 2.416610 1.144168)
LSR 13.11 0 (3.856985 3.826226 5.427781)
RSL 8.87 0 (4.543049 1.356465 2.972253)
RSR 12.17 0 (3.375336 4.317406 4.478646)
RLR inf 1 (inf inf inf)
LRL 14.68 0 (6.061111 4.985782 3.637059)

# -3.141593 1.570796 3.600000
# best = 0 = LSL
LSL 7.50 0 (3.508767 2.785678 1.203622)
LSR 13.42 0 (3.794460 4.261455 5.365256)
RSL 8.99 0 (4.309631 1.939071 2.738834)
RSR 12.56 0 (3.355653 4.707441 4.498329)
RLR inf 1 (inf inf inf)
LRL 14.20 0 (5.879963 4.742393 3.574819)

# -3.141593 1.570796 4.000000
# best = 0 = LSL
LSL 7.87 0 (3.463344 3.162278 1.249045)
LSR 13.75 0 (3.742046 4.690416 5.312842)
RSL 9.17 0 (4.148062 2.449489 2.577266)
RSR 12.95 0 (3.338988 5.099019 4.514994)
RLR inf 1 (inf inf inf)
LRL 13.63 0 (5.693198 4.459708 3.478900)

# -3.141593 1.570796 4.400000
# best = 0 = LSL
LSL 8.26 0 (3.427645 3.544009 1.284744)
LSR 14.08 0 (3.697454 5.114685 5.268251)
RSL 9.41 0 (4.027268 2.925747 2.456472)
RSR 13.35 0 (3.324703 5.491812 4.529278)
RLR inf 1 (inf inf inf)
LRL 12.92 0 (5.480586 4.105883 3.337686)

# -3.141593 1.570796 4.800000
# best = 0 = LSL
LSL 8.64 0 (3.398917 3.929377 1.313472)
LSR 14.42 0 (3.659047 5.535341 5.229843)
RSL 9.68 0 (3.932923 3.382306 2.362127)
RSR 13.74 0 (3.312328 5.885575 4.541654)
RLR inf 1 (inf inf inf)
LRL 11.75 0 (5.157904 3.517975 3.072460)

# -3.141593 1.570796 5.200000
# best = 0 = LSL
LSL 9.03 0 (3.375336 4.317407 1.337053)
LSR 14.78 0 (3.625616 5.953151 5.196412)
RSL 9.97 0 (3.856984 3.826225 2.286188)
RSR 14.13 0 (3.301505 6.280127 4.552476)
RLR inf 1 (inf inf inf)
LRL inf 1 (inf inf inf)

# -3.141593 1.570796 5.600000
# best = 0 = LSL
LSL 9.42 0 (3.355654 4.707441 1.356735)
LSR 15.13 0 (3.596249 6.368674 5.167045)
RSL 10.28 0 (3.794459 4.261455 2.223663)
RSR 14.53 0 (3.291964 6.675327 4.562018)
RLR inf 1 (inf inf inf)
LRL inf 1 (inf inf inf)

# -3.141593 1.570796 6.000000
# best = 0 = LSL
LSL 9.81 0 (3.338989 5.099020 1.373400)
LSR 15.49 0 (3.570247 6.782330 5.141043)
RSL 10.60 0 (3.742045 4.690415 2.171249)
RSR 14.93 0 (3.283489 7.071068 4.570492)
RLR inf 1 (inf inf inf)
LRL inf 1 (inf inf inf)

# -3.141593 1.570796 6.400000
# best = 0 = LSL
LSL 10.20 0 (3.324704 5.491812 1.387685)
LSR 15.86 0 (3.547060 7.194443 5.117857)
RSL 10.94 0 (3.697454 5.114684 2.126657)
RSR 15.32 0 (3.275914 7.467262 4.578068)
RLR inf 1 (inf inf inf)
LRL inf 1 (inf inf inf)

# -3.141593 1.570796 6.800000
# best = 0 = LSL
LSL 10.60 0 (3.312328 5.885576 1.400061)
LSR 16.23 0 (3.526256 7.605262 5.097052)
RSL 11.28 0 (3.659046 5.535341 2.088250)
RSR 15.72 0 (3.269102 7.863841 4.584880)
RLR inf 1 (inf inf inf)
LRL inf 1 (inf inf inf)

# -3.141593 1.570796 7.200000
# best = 0 = LSL
LSL 10.99 0 (3.301506 6.280128 1.410883)
LSR 16.60 0 (3.507484 8.014986 5.078280)
RSL 11.63 0 (3.625615 5.953150 2.054819)
RSR 16.11 0 (3.262944 8.260750 4.591037)
RLR inf 1 (inf inf inf)
LRL inf 1 (inf inf inf)

# -3.141593 1.570796 7.600000
# best = 0 = LSL
LSL 11.39 0 (3.291964 6.675328 1.420425)
LSR 16.98 0 (3.490459 8.423776 5.061256)
RSL 11.99 0 (3.596248 6.368673 2.025452)
RSR 16.51 0 (3.257352 8.657944 4.596630)
RLR inf 1 (inf inf inf)
LRL inf 1 (inf inf inf)

# -3.141593 1.570796 8.000000
# best = 0 = LSL
LSL 11.78 0 (3.283490 7.071068 1.428899)
LSR 17.35 0 (3.474949 8.831761 5.045746)
RSL 12.35 0 (3.570246 6.782330 1.999450)
RSR 16.91 0 (3.252250 9.055385 4.601732)
RLR inf 1 (inf inf inf)
LRL inf 1 (inf inf inf)

# -2.748894 1.570796 0.400000
# best = 4 = RLR
LSL 11.95 0 (5.135921 1.348785 5.466954)
LSR inf 1 (inf inf inf)
RSL inf 1 (inf inf inf)
RSR 10.25 0 (4.012434 2.007863 4.234247)
RLR 6.14 0 (0.344971 5.231445 0.566784)
LRL 9.23 0 (1.650391 5.595311 1.981424)

# -2.748894 1.570796 0.800000
# best = 4 = RLR
LSL 11.70 0 (4.882372 1.092279 5.720504)
LSR inf 1 (inf inf inf)
RSL inf 1 (inf inf inf)
RSR 10.62 0 (3.934702 2.370160 4.311979)
RLR 5.71 0 (0.158901 5.014768 0.536178)
LRL 9.50 0 (1.464196 5.730020 2.302328)

# -2.748894 1.570796 1.200000
# best = 1 = LSR
LSL 11.54 0 (4.514907 0.941768 6.087969)
LSR 5.27 0 (4.594922 0.395214 0.275232)
RSL inf 1 (inf inf inf)
RSR 10.99 0 (3.877828 2.742956 4.368853)
RLR 11.51 0 (6.263802 4.771948 0.471642)
LRL 9.65 0 (1.135641 5.807839 2.708703)

# -2.748894 1.570796 1.600000
# best = 0 = LSL
LSL 5.27 0 (4.088668 0.949095 0.231022)
LSR 11.55 0 (4.127483 1.330431 6.090978)
RSL inf 1 (inf inf inf)
RSR 11.37 0 (3.834667 3.122491 4.412014)
RLR 10.95 0 (6.080598 4.491862 0.374759)
LRL 9.64 0 (0.707517 5.804068 3.133056)

# -2.748894 1.570796 2.000000
# best = 0 = LSL
LSL 5.43 0 (3.730642 1.111141 0.589048)
LSR 11.67 0 (3.892848 1.924552 5.856343)
RSL inf 1 (inf inf inf)
RSR 11.75 0 (3.800909 3.506579 4.445771)
RLR 10.25 0 (5.873658 4.145498 0.235335)
LRL 9.48 0 (0.307561 5.720210 3.449153)

# -2.748894 1.570796 2.400000
# best = 0 = LSL
LSL 5.69 0 (3.486196 1.374223 0.833494)
LSR 11.87 0 (3.732473 2.440851 5.695968)
RSL 9.20 0 (5.494704 0.177516 3.531209)
RSR 12.14 0 (3.773841 3.893873 4.472840)
RLR 15.45 0 (5.575505 3.603328 6.274504)
LRL 15.48 0 (6.277088 5.581784 3.624387)

# -2.748894 1.570796 2.800000
# best = 0 = LSL
LSL 6.01 0 (3.326570 1.691846 0.993120)
LSR 12.11 0 (3.613333 2.920892 5.576828)
RSL 9.19 0 (4.939073 1.271872 2.975578)
RSR 12.53 0 (3.751683 4.283502 4.494998)
RLR inf 1 (inf inf inf)
LRL 15.14 0 (6.031451 5.409763 3.698002)

# -2.748894 1.570796 3.200000
# best = 0 = LSL
LSL 6.36 0 (3.219220 2.038675 1.100470)
LSR 12.38 0 (3.520637 3.380157 5.484132)
RSL 9.30 0 (4.694893 1.877180 2.731398)
RSR 12.92 0 (3.733227 4.674884 4.513453)
RLR inf 1 (inf inf inf)
LRL 14.75 0 (5.826013 5.213586 3.707263)

# -2.748894 1.570796 3.600000
# best = 0 = LSL
LSL 6.72 0 (3.143684 2.402093 1.176006)
LSR 12.68 0 (3.446214 3.826136 5.409709)
RSL 9.49 0 (4.529835 2.397906 2.566339)
RSR 13.31 0 (3.717627 5.067611 4.529053)
RLR inf 1 (inf inf inf)
LRL 14.31 0 (5.641122 4.994875 3.673443)

# -2.748894 1.570796 4.000000
# best = 0 = LSL
LSL 7.10 0 (3.088228 2.775590 1.231462)
LSR 13.00 0 (3.385043 4.263000 5.348539)
RSL 9.73 0 (4.407849 2.880295 2.444354)
RSR 13.71 0 (3.704274 5.461395 4.542406)
RLR inf 1 (inf inf inf)
LRL 13.82 0 (5.462933 4.749410 3.606167)

# -2.748894 1.570796 4.400000
# best = 0 = LSL
LSL 7.48 0 (3.046022 3.155591 1.273668)
LSR 13.32 0 (3.333828 4.693295 5.297323)
RSL 10.00 0 (4.313248 3.340994 2.349753)
RSR 14.10 0 (3.692719 5.856021 4.553962)
RLR inf 1 (inf inf inf)
LRL 13.25 0 (5.278602 4.465159 3.506247)

# -2.748894 1.570796 4.800000
# best = 0 = LSL
LSL 7.86 0 (3.012934 3.540001 1.306756)
LSR 13.66 0 (3.290297 5.118679 5.253792)
RSL 10.30 0 (4.237473 3.787927 2.273978)
RSR 14.50 0 (3.682624 6.251330 4.564057)
RLR inf 1 (inf inf inf)
LRL 12.54 0 (5.068032 4.110196 3.361854)

# -2.748894 1.570796 5.200000
# best = 0 = LSL
LSL 8.25 0 (2.986351 3.927526 1.333339)
LSR 14.01 0 (3.252828 5.540282 5.216323)
RSL 10.61 0 (4.175305 4.225463 2.211809)
RSR 14.89 0 (3.673731 6.647200 4.572950)
RLR inf 1 (inf inf inf)
LRL 11.37 0 (4.747796 3.522889 3.094783)

# -2.748894 1.570796 5.600000
# best = 0 = LSL
LSL 8.64 0 (2.964555 4.317327 1.355135)
LSR 14.36 0 (3.220230 5.958908 5.183725)
RSL 10.94 0 (4.123329 4.656252 2.159833)
RSR 15.29 0 (3.665837 7.043537 4.580843)
RLR inf 1 (inf inf inf)
LRL inf 1 (inf inf inf)

# -2.748894 1.570796 6.000000
# best = 0 = LSL
LSL 9.03 0 (2.946376 4.708840 1.373314)
LSR 14.72 0 (3.191607 6.375142 5.155103)
RSL 11.28 0 (4.079204 5.082010 2.115708)
RSR 15.69 0 (3.658786 7.440266 4.587895)
RLR inf 1 (inf inf inf)
LRL inf 1 (inf inf inf)

# -2.748894 1.570796 6.400000
# best = 0 = LSL
LSL 9.42 0 (2.930992 5.101669 1.388698)
LSR 15.09 0 (3.166271 6.789425 5.129767)
RSL 11.62 0 (4.041262 5.503906 2.077767)
RSR 16.08 0 (3.652448 7.837328 4.594233)
RLR inf 1 (inf inf inf)
LRL inf 1 (inf inf inf)

# -2.748894 1.570796 6.800000
# best = 0 = LSL
LSL 9.82 0 (2.917811 5.495532 1.401879)
LSR 15.45 0 (3.143685 7.202093 5.107180)
RSL 11.98 0 (4.008282 5.922763 2.044786)
RSR 16.48 0 (3.646722 8.234674 4.599959)
RLR inf 1 (inf inf inf)
LRL inf 1 (inf inf inf)

# -2.748894 1.570796 7.200000
# best = 0 = LSL
LSL 10.21 0 (2.906394 5.890223 1.413296)
LSR 15.82 0 (3.123422 7.613409 5.086918)
RSL 12.33 0 (3.979344 6.339185 2.015849)
RSR 16.88 0 (3.641523 8.632265 4.605158)
RLR inf 1 (inf inf inf)
LRL inf 1 (inf inf inf)

# -2.748894 1.570796 7.600000
# best = 0 = LSL
LSL 10.61 0 (2.896412 6.285585 1.423278)
LSR 16.20 0 (3.105142 8.023581 5.068637)
RSL 12.70 0 (3.953747 6.753622 1.990251)
RSR 17.28 0 (3.636782 9.030069 4.609898)
RLR inf 1 (inf inf inf)
LRL inf 1 (inf inf inf)

# -2.748894 1.570796 8.000000
# best = 0 = LSL
LSL 11.00 0 (2.887613 6.681500 1.432077)
LSR 16.57 0 (3.088565 8.432776 5.052061)
RSL 13.06 0 (3.930940 7.166419 1.967445)
RSR 17.67 0 (3.632441 9.428059 4.614239)
RLR inf 1 (inf inf inf)
LRL inf 1 (inf inf inf)

# -2.356194 1.570796 0.400000
# best = 4 = RLR
LSL 11.70 0 (5.001902 1.486112 5.208273)
LSR inf 1 (inf inf inf)
RSL inf 1 (inf inf inf)
RSR 10.86 0 (4.250764 2.222589 4.388617)
RLR 6.28 0 (0.520030 5.104903 0.657883)
LRL 8.69 0 (1.479655 5.521877 1.686026)

# -2.356194 1.570796 0.800000
# best = 4 = RLR
LSL 11.36 0 (4.835660 1.150149 5.374515)
LSR inf 1 (inf inf inf)
RSL inf 1 (inf inf inf)
RSR 11.24 0 (4.201892 2.604916 4.437489)
RLR 5.80 0 (0.351096 4.864780 0.586694)
LRL 9.04 0 (1.402413 5.699876 1.941268)

# -2.356194 1.570796 1.200000
# best = 4 = RLR
LSL 11.08 0 (4.549139 0.870148 5.661036)
LSR inf 1 (inf inf inf)
RSL inf 1 (inf inf inf)
RSR 11.63 0 (4.165592 2.991868 4.473789)
RLR 5.26 0 (0.179005 4.593198 0.487203)
LRL 9.33 0 (1.188256 5.844605 2.300153)

# -2.356194 1.570796 1.600000
# best = 1 = LSR
LSL 10.93 0 (4.077320 0.715173 6.132855)
LSR 4.64 0 (4.141396 0.288171 0.214406)
RSL inf 1 (inf inf inf)
RSR 12.02 0 (4.137634 3.381857 4.501747)
RLR 10.89 0 (6.271793 4.268317 0.352720)
LRL 9.49 0 (0.755968 5.923666 2.811503)

# -2.356194 1.570796 2.000000
# best = 0 = LSL
LSL 4.69 0 (3.534292 0.765367 0.392698)
LSR 10.96 0 (3.640787 1.325653 5.996983)
RSL inf 1 (inf inf inf)
RSR 12.41 0 (4.115471 3.773943 4.523910)
RLR 9.99 0 (6.024068 3.817195 0.149322)
LRL 9.44 0 (0.200170 5.898128 3.341762)

# -2.356194 1.570796 2.400000
# best = 0 = LSL
LSL 4.92 0 (3.151745 0.990000 0.775245)
LSR 11.12 0 (3.414398 1.936923 5.770593)
RSL 9.35 0 (5.370193 0.969484 3.013998)
RSR 12.81 0 (4.097486 4.167533 4.541894)
RLR inf 1 (inf inf inf)
LRL 15.49 0 (6.043238 5.782987 3.666739)

# -2.356194 1.570796 2.800000
# best = 0 = LSL
LSL 5.23 0 (2.930461 1.301697 0.996529)
LSR 11.35 0 (3.262996 2.462922 5.619191)
RSL 9.47 0 (5.077259 1.669007 2.721064)
RSR 13.20 0 (4.082610 4.562238 4.556771)
RLR inf 1 (inf inf inf)
LRL 15.17 0 (5.740593 5.620265 3.806662)

# -2.356194 1.570796 3.200000
# best = 0 = LSL
LSL 5.58 0 (2.798539 1.651887 1.128451)
LSR 11.61 0 (3.151779 2.949627 5.507975)
RSL 9.66 0 (4.897753 2.225145 2.541558)
RSR 13.60 0 (4.070105 4.957792 4.569276)
RLR inf 1 (inf inf inf)
LRL 14.79 0 (5.514417 5.431756 3.844329)

# -2.356194 1.570796 3.600000
# best = 0 = LSL
LSL 5.95 0 (2.713701 2.020654 1.213289)
LSR 11.90 0 (3.065820 3.413885 5.422015)
RSL 9.91 0 (4.770416 2.727078 2.414221)
RSR 13.99 0 (4.059449 5.354007 4.579932)
RLR inf 1 (inf inf inf)
LRL 14.38 0 (5.325722 5.224042 3.825311)

# -2.356194 1.570796 4.000000
# best = 0 = LSL
LSL 6.33 0 (2.655331 2.399449 1.271659)
LSR 12.21 0 (2.997092 3.863797 5.353287)
RSL 10.19 0 (4.674012 3.200413 2.317817)
RSR 14.39 0 (4.050262 5.750745 4.589118)
RLR inf 1 (inf inf inf)
LRL 13.92 0 (5.153594 4.996527 3.769923)

# -2.356194 1.570796 4.400000
# best = 0 = LSL
LSL 6.71 0 (2.612980 2.784182 1.314010)
LSR 12.54 0 (2.940755 4.303864 5.296950)
RSL 10.50 0 (4.598027 3.656272 2.241832)
RSR 14.79 0 (4.042262 6.147907 4.597118)
RLR inf 1 (inf inf inf)
LRL 13.41 0 (4.984697 4.743435 3.685728)

# -2.356194 1.570796 4.800000
# best = 0 = LSL
LSL 7.10 0 (2.580954 3.172694 1.346036)
LSR 12.88 0 (2.893670 4.736830 5.249865)
RSL 10.82 0 (4.536407 4.100489 2.180211)
RSR 15.18 0 (4.035233 6.545414 4.604147)
RLR inf 1 (inf inf inf)
LRL 12.83 0 (4.806544 4.451180 3.571626)

# -2.356194 1.570796 5.200000
# best = 0 = LSL
LSL 7.49 0 (2.555936 3.563748 1.371054)
LSR 13.23 0 (2.853697 5.164482 5.209892)
RSL 11.15 0 (4.485340 4.536485 2.129145)
RSR 15.58 0 (4.029010 6.943207 4.610371)
RLR inf 1 (inf inf inf)
LRL 12.10 0 (4.598124 4.084377 3.413242)

# -2.356194 1.570796 5.600000
# best = 0 = LSL
LSL 7.88 0 (2.535875 3.956591 1.391115)
LSR 13.58 0 (2.819318 5.588039 5.175513)
RSL 11.49 0 (4.442284 4.966426 2.086089)
RSR 15.98 0 (4.023461 7.341241 4.615920)
RLR inf 1 (inf inf inf)
LRL 10.80 0 (4.254129 3.436508 3.109368)

# -2.356194 1.570796 6.000000
# best = 0 = LSL
LSL 8.28 0 (2.519444 4.350739 1.407546)
LSR 13.94 0 (2.789423 6.008369 5.145618)
RSL 11.85 0 (4.405466 5.391760 2.049270)
RSR 16.38 0 (4.018483 7.739477 4.620898)
RLR inf 1 (inf inf inf)
LRL inf 1 (inf inf inf)

# -2.356194 1.570796 6.400000
# best = 0 = LSL
LSL 8.67 0 (2.505745 4.745866 1.421245)
LSR 14.31 0 (2.763182 6.426104 5.119377)
RSL 12.20 0 (4.373606 5.813498 2.017411)
RSR 16.78 0 (4.013992 8.137886 4.625389)
RLR inf 1 (inf inf inf)
LRL inf 1 (inf inf inf)

# -2.356194 1.570796 6.800000
# best = 0 = LSL
LSL 9.07 0 (2.494154 5.141747 1.432836)
LSR 14.68 0 (2.739958 6.841720 5.096153)
RSL 12.57 0 (4.345757 6.232371 1.989562)
RSR 17.18 0 (4.009920 8.536444 4.629460)
RLR inf 1 (inf inf inf)
LRL inf 1 (inf inf inf)

# -2.356194 1.570796 7.200000
# best = 0 = LSL
LSL 9.47 0 (2.484221 5.538219 1.442769)
LSR 15.05 0 (2.719256 7.255580 5.075451)
RSL 12.94 0 (4.321201 6.648919 1.965006)
RSR 17.57 0 (4.006212 8.935131 4.633169)
RLR inf 1 (inf inf inf)
LRL inf 1 (inf inf inf)

# -2.356194 1.570796 7.600000
# best = 0 = LSL
LSL 9.86 0 (2.475616 5.935165 1.451374)
LSR 15.43 0 (2.700684 7.667970 5.056879)
RSL 13.31 0 (4.299382 7.063555 1.943187)
RSR 17.97 0 (4.002821 9.333930 4.636560)
RLR inf 1 (inf inf inf)
LRL inf 1 (inf inf inf)

# -2.356194 1.570796 8.000000
# best = 0 = LSL
LSL 10.26 0 (2.468091 6.332496 1.458899)
LSR 15.80 0 (2.683928 8.079113 5.040123)
RSL 13.68 0 (4.279864 7.476597 1.923669)
RSR 18.37 0 (3.999707 9.732827 4.639674)
RLR inf 1 (inf inf inf)
LRL inf 1 (inf inf inf)

# -1.963495 1.570796 0.400000
# best = 4 = RLR
LSL 11.39 0 (4.859051 1.571196 4.958425)
LSR inf 1 (inf inf inf)
RSL inf 1 (inf inf inf)
RSR 11.39 0 (4.482900 2.355178 4.549180)
RLR 6.51 0 (0.711741 5.024052 0.778020)
LRL 8.20 0 (1.313785 5.475839 1.413159)

# -1.963495 1.570796 0.800000
# best = 4 = RLR
LSL 11.00 0 (4.776899 1.187246 5.040577)
LSR inf 1 (inf inf inf)
RSL inf 1 (inf inf inf)
RSR 11.78 0 (4.459269 2.750630 4.572811)
RLR 6.00 0 (0.559418 4.766670 0.672960)
LRL 8.61 0 (1.333955 5.680482 1.597633)

# -1.963495 1.570796 1.200000
# best = 4 = RLR
LSL 10.64 0 (4.618779 0.818809 5.198697)
LSR inf 1 (inf inf inf)
RSL inf 1 (inf inf inf)
RSR 12.18 0 (4.441586 3.147232 4.590494)
RLR 5.41 0 (0.394373 4.471945 0.543281)
LRL 8.99 0 (1.271027 5.870866 1.850945)

# -1.963495 1.570796 1.600000
# best = 4 = RLR
LSL 10.32 0 (4.236656 0.501343 5.580820)
LSR inf 1 (inf inf inf)
RSL inf 1 (inf inf inf)
RSR 12.58 0 (4.427864 3.544598 4.604216)
RLR 4.68 0 (0.197302 4.105248 0.373655)
LRL 9.31 0 (0.969397 6.031853 2.313562)

# -1.963495 1.570796 2.000000
# best = 0 = LSL
LSL 3.92 0 (3.337942 0.390181 0.196349)
LSR 10.21 0 (3.390711 0.675812 6.139605)
RSL inf 1 (inf inf inf)
RSR 12.97 0 (4.416910 3.942496 4.615170)
RLR 9.71 0 (6.157473 3.481127 0.072548)
LRL 9.43 0 (0.098649 6.087784 3.240241)

# -1.963495 1.570796 2.400000
# best = 0 = LSL
LSL 4.15 0 (2.640520 0.610850 0.893771)
LSR 10.34 0 (3.041196 1.509178 5.790090)
RSL 9.49 0 (5.497354 1.243729 2.748460)
RSR 13.37 0 (4.407965 4.340781 4.624115)
RLR inf 1 (inf inf inf)
LRL 15.49 0 (5.628801 5.976561 3.882051)

# -1.963495 1.570796 2.800000
# best = 0 = LSL
LSL 4.49 0 (2.375312 0.956051 1.158979)
LSR 10.56 0 (2.856304 2.102026 5.605199)
RSL 9.69 0 (5.273366 1.888377 2.524471)
RSR 13.77 0 (4.400524 4.739355 4.631555)
RLR inf 1 (inf inf inf)
LRL 15.14 0 (5.275556 5.800487 4.059223)

# -1.963495 1.570796 3.200000
# best = 0 = LSL
LSL 4.87 0 (2.254842 1.332265 1.279449)
LSR 10.83 0 (2.731247 2.622863 5.480141)
RSL 9.94 0 (5.130214 2.430035 2.381320)
RSR 14.17 0 (4.394238 5.138150 4.637841)
RLR inf 1 (inf inf inf)
LRL 14.74 0 (5.056881 5.604078 4.081488)

# -1.963495 1.570796 3.600000
# best = 0 = LSL
LSL 5.25 0 (2.187962 1.719252 1.346329)
LSR 11.13 0 (2.638999 3.108103 5.387893)
RSL 10.23 0 (5.027374 2.926461 2.278480)
RSR 14.57 0 (4.388858 5.537120 4.643222)
RLR inf 1 (inf inf inf)
LRL 14.32 0 (4.885270 5.394614 4.043636)

# -1.963495 1.570796 4.000000
# best = 0 = LSL
LSL 5.65 0 (2.145775 2.111095 1.388516)
LSR 11.46 0 (2.567491 3.572283 5.316385)
RSL 10.55 0 (4.948950 3.397540 2.200056)
RSR 14.97 0 (4.384201 5.936228 4.647879)
RLR inf 1 (inf inf inf)
LRL 13.88 0 (4.731390 5.171230 3.974131)

# -1.963495 1.570796 4.400000
# best = 0 = LSL
LSL 6.04 0 (2.116831 2.505518 1.417460)
LSR 11.79 0 (2.510170 4.022698 5.259064)
RSL 10.88 0 (4.886801 3.852581 2.137907)
RSR 15.37 0 (4.380131 6.335448 4.651949)
RLR inf 1 (inf inf inf)
LRL 13.39 0 (4.581524 4.929386 3.882152)

# -1.963495 1.570796 4.800000
# best = 0 = LSL
LSL 6.44 0 (2.095773 2.901468 1.438518)
LSR 12.14 0 (2.463069 4.463518 5.211963)
RSL 11.22 0 (4.836172 4.296683 2.087278)
RSR 15.77 0 (4.376543 6.734761 4.655537)
RLR inf 1 (inf inf inf)
LRL 12.85 0 (4.425799 4.660051 3.768543)

# -1.963495 1.570796 5.200000
# best = 0 = LSL
LSL 6.83 0 (2.079778 3.298395 1.454513)
LSR 12.49 0 (2.423613 4.897335 5.172508)
RSL 11.57 0 (4.794050 4.732926 2.045156)
RSR 16.17 0 (4.373357 7.134151 4.658722)
RLR inf 1 (inf inf inf)
LRL 12.22 0 (4.251878 4.344200 3.626613)

# -1.963495 1.570796 5.600000
# best = 0 = LSL
LSL 7.23 0 (2.067221 3.695985 1.467070)
LSR 12.85 0 (2.390045 5.325860 5.138939)
RSL 11.93 0 (4.758411 5.163303 2.009516)
RSR 16.57 0 (4.370509 7.533606 4.661571)
RLR inf 1 (inf inf inf)
LRL 11.39 0 (4.030411 3.926380 3.430260)

# -1.963495 1.570796 6.000000
# best = 0 = LSL
LSL 7.63 0 (2.057105 4.094045 1.477186)
LSR 13.22 0 (2.361115 5.750277 5.110010)
RSL 12.30 0 (4.727838 5.589168 1.978944)
RSR 16.97 0 (4.367948 7.933115 4.664132)
RLR inf 1 (inf inf inf)
LRL inf 1 (inf inf inf)

# -1.963495 1.570796 6.400000
# best = 0 = LSL
LSL 8.03 0 (2.048782 4.492449 1.485509)
LSR 13.59 0 (2.335912 6.171433 5.084806)
RSL 12.67 0 (4.701308 6.011481 1.952414)
RSR 17.36 0 (4.365632 8.332672 4.666447)
RLR inf 1 (inf inf inf)
LRL inf 1 (inf inf inf)

# -1.963495 1.570796 6.800000
# best = 0 = LSL
LSL 8.43 0 (2.041816 4.891114 1.492475)
LSR 13.97 0 (2.313749 6.589953 5.062643)
RSL 13.04 0 (4.678057 6.430941 1.929163)
RSR 17.76 0 (4.363528 8.732269 4.668551)
RLR inf 1 (inf inf inf)
LRL inf 1 (inf inf inf)

# -1.963495 1.570796 7.200000
# best = 0 = LSL
LSL 8.82 0 (2.035899 5.289980 1.498392)
LSR 14.34 0 (2.294103 7.006310 5.042997)
RSL 13.41 0 (4.657507 6.848073 1.908613)
RSR 18.16 0 (4.361609 9.131902 4.670471)
RLR inf 1 (inf inf inf)
LRL inf 1 (inf inf inf)

# -1.963495 1.570796 7.600000
# best = 0 = LSL
LSL 9.22 0 (2.030813 5.689006 1.503478)
LSR 14.72 0 (2.276563 7.420867 5.025457)
RSL 13.79 0 (4.639208 7.263278 1.890313)
RSR 18.56 0 (4.359850 9.531565 4.672229)
RLR inf 1 (inf inf inf)
LRL inf 1 (inf inf inf)

# -1.963495 1.570796 8.000000
# best = 0 = LSL
LSL 9.62 0 (2.026393 6.088159 1.507898)
LSR 15.10 0 (2.260805 7.833911 5.009699)
RSL 14.17 0 (4.622805 7.676869 1.873911)
RSR 18.96 0 (4.358233 9.931255 4.673847)
RLR inf 1 (inf inf inf)
LRL inf 1 (inf inf inf)

# -1.570796 1.570796 0.400000
# best = 4 = RLR
LSL 11.02 0 (4.712389 1.600000 4.712389)
LSR inf 1 (inf inf inf)
RSL inf 1 (inf inf inf)
RSR 11.82 0 (4.712389 2.400000 4.712389)
RLR 6.85 0 (0.927296 4.996183 0.927296)
LRL 7.78 0 (1.159279 5.460152 1.159279)

# -1.570796 1.570796 0.800000
# best = 4 = RLR
LSL 10.62 0 (4.712389 1.200000 4.712389)
LSR inf 1 (inf inf inf)
RSL inf 1 (inf inf inf)
RSR 12.22 0 (4.712389 2.800000 4.712389)
RLR 6.32 0 (0.795399 4.732390 0.795399)
LRL 8.21 0 (1.266103 5.673800 1.266103)

# -1.570796 1.570796 1.200000
# best = 4 = RLR
LSL 10.22 0 (4.712389 0.800000 4.712389)
LSR inf 1 (inf inf inf)
RSL inf 1 (inf inf inf)
RSR 12.62 0 (4.712389 3.200000 4.712389)
RLR 5.72 0 (0.643501 4.428595 0.643501)
LRL 8.62 0 (1.369438 5.880469 1.369438)

# -1.570796 1.570796 1.600000
# best = 4 = RLR
LSL 9.82 0 (4.712389 0.400000 4.712389)
LSR inf 1 (inf inf inf)
RSL inf 1 (inf inf inf)
RSR 13.02 0 (4.712389 3.600000 4.712389)
RLR 4.95 0 (0.451027 4.043646 0.451027)
LRL 9.02 0 (1.470629 6.082850 1.470629)

# -1.570796 1.570796 2.000000
# best = 0 = LSL
LSL 3.14 0 (1.568929 0.000000 1.572663)
LSR 9.42 0 (3.141592 0.000001 6.283185)
RSL 9.42 0 (6.283185 0.000001 3.141592)
RSR 13.42 0 (4.712389 4.000000 4.712389)
RLR 3.14 0 (0.000001 3.141593 0.000001)
LRL 3.14 0 (1.568929 0.000000 1.572663)

# -1.570796 1.570796 2.400000
# best = 0 = LSL
LSL 3.54 0 (1.570796 0.400000 1.570796)
LSR 9.58 0 (2.555907 1.326650 5.697500)
RSL 9.58 0 (5.697500 1.326650 2.555907)
RSR 13.82 0 (4.712389 4.400000 4.712389)
RLR inf 1 (inf inf inf)
LRL 15.31 0 (4.612221 6.082850 4.612221)

# -1.570796 1.570796 2.800000
# best = 0 = LSL
LSL 3.94 0 (1.570796 0.800000 1.570796)
LSR 9.83 0 (2.366399 1.959592 5.507992)
RSL 9.83 0 (5.507992 1.959592 2.366399)
RSR 14.22 0 (4.712389 4.800000 4.712389)
RLR inf 1 (inf inf inf)
LRL 14.90 0 (4.511031 5.880469 4.511031)

# -1.570796 1.570796 3.200000
# best = 0 = LSL
LSL 4.34 0 (1.570796 1.200000 1.570796)
LSR 10.13 0 (2.245927 2.497999 5.387521)
RSL 10.13 0 (5.387521 2.497999 2.245927)
RSR 14.62 0 (4.712389 5.200000 4.712389)
RLR inf 1 (inf inf inf)
LRL 14.49 0 (4.407696 5.673800 4.407696)

# -1.570796 1.570796 3.600000
# best = 0 = LSL
LSL 4.74 0 (1.570796 1.600000 1.570796)
LSR 10.45 0 (2.159827 2.993326 5.301420)
RSL 10.45 0 (5.301420 2.993326 2.159827)
RSR 15.02 0 (4.712389 5.600000 4.712389)
RLR inf 1 (inf inf inf)
LRL 14.06 0 (4.300872 5.460152 4.300872)

# -1.570796 1.570796 4.000000
# best = 0 = LSL
LSL 5.14 0 (1.570796 2.000000 1.570796)
LSR 10.79 0 (2.094395 3.464102 5.235988)
RSL 10.79 0 (5.235988 3.464102 2.094395)
RSR 15.42 0 (4.712389 6.000000 4.712389)
RLR inf 1 (inf inf inf)
LRL 13.61 0 (4.188790 5.235988 4.188790)

# -1.570796 1.570796 4.400000
# best = 0 = LSL
LSL 5.54 0 (1.570796 2.400000 1.570796)
LSR 11.15 0 (2.042658 3.919184 5.184251)
RSL 11.15 0 (5.184251 3.919184 2.042658)
RSR 15.82 0 (4.712389 6.400000 4.712389)
RLR inf 1 (inf inf inf)
LRL 13.13 0 (4.068888 4.996183 4.068888)

# -1.570796 1.570796 4.800000
# best = 0 = LSL
LSL 5.94 0 (1.570796 2.800000 1.570796)
LSR 11.51 0 (2.000571 4.363485 5.142165)
RSL 11.51 0 (5.142165 4.363485 2.000571)
RSR 16.22 0 (4.712389 6.800000 4.712389)
RLR inf 1 (inf inf inf)
LRL 12.61 0 (3.936991 4.732390 3.936991)

# -1.570796 1.570796 5.200000
# best = 0 = LSL
LSL 6.34 0 (1.570796 3.200000 1.570796)
LSR 11.87 0 (1.965587 4.800000 5.107180)
RSL 11.87 0 (5.107180 4.800000 1.965587)
RSR 16.62 0 (4.712389 7.200000 4.712389)
RLR inf 1 (inf inf inf)
LRL 12.00 0 (3.785093 4.428595 3.785093)

# -1.570796 1.570796 5.600000
# best = 0 = LSL
LSL 6.74 0 (1.570796 3.600000 1.570796)
LSR 12.24 0 (1.936003 5.230679 5.077596)
RSL 12.24 0 (5.077596 5.230679 1.936003)
RSR 17.02 0 (4.712389 7.600000 4.712389)
RLR inf 1 (inf inf inf)
LRL 11.23 0 (3.592619 4.043646 3.592619)

# -1.570796 1.570796 6.000000
# best = 0 = LSL
LSL 7.14 0 (1.570796 4.000000 1.570796)
LSR 12.62 0 (1.910633 5.656854 5.052226)
RSL 12.62 0 (5.052226 5.656854 1.910633)
RSR 17.42 0 (4.712389 8.000000 4.712389)
RLR inf 1 (inf inf inf)
LRL inf 1 (inf inf inf)

# -1.570796 1.570796 6.400000
# best = 0 = LSL
LSL 7.54 0 (1.570796 4.400000 1.570796)
LSR 13.00 0 (1.888620 6.079474 5.030213)
RSL 13.00 0 (5.030213 6.079474 1.888620)
RSR 17.82 0 (4.712389 8.400000 4.712389)
RLR inf 1 (inf inf inf)
LRL inf 1 (inf inf inf)

# -1.570796 1.570796 6.800000
# best = 0 = LSL
LSL 7.94 0 (1.570796 4.800000 1.570796)
LSR 13.38 0 (1.869328 6.499231 5.010921)
RSL 13.38 0 (5.010921 6.499231 1.869328)
RSR 18.22 0 (4.712389 8.800000 4.712389)
RLR inf 1 (inf inf inf)
LRL inf 1 (inf inf inf)

# -1.570796 1.570796 7.200000
# best = 0 = LSL
LSL 8.34 0 (1.570796 5.200000 1.570796)
LSR 13.76 0 (1.852276 6.916647 4.993869)
RSL 13.76 0 (4.993869 6.916647 1.852276)
RSR 18.62 0 (4.712389 9.200000 4.712389)
RLR inf 1 (inf inf inf)
LRL inf 1 (inf inf inf)

# -1.570796 1.570796 7.600000
# best = 0 = LSL
LSL 8.74 0 (1.570796 5.600000 1.570796)
LSR 14.15 0 (1.837090 7.332121 4.978683)
RSL 14.15 0 (4.978683 7.332121 1.837090)
RSR 19.02 0 (4.712389 9.600000 4.712389)
RLR inf 1 (inf inf inf)
LRL inf 1 (inf inf inf)

# -1.570796 1.570796 8.000000
# best = 0 = LSL
LSL 9.14 0 (1.570796 6.000000 1.570796)
LSR 14.53 0 (1.823476 7.745967 4.965069)
RSL 14.53 0 (4.965069 7.745967 1.823476)
RSR 19.42 0 (4.712389 10.000000 4.712389)
RLR inf 1 (inf inf inf)
LRL inf 1 (inf inf inf)

# -1.178097 1.570796 0.400000
# best = 4 = RLR
LSL 10.60 0 (4.565726 1.571195 4.466352)
LSR inf 1 (inf inf inf)
RSL inf 1 (inf inf inf)
RSR 12.17 0 (4.941879 2.355178 4.875599)
RLR 7.30 0 (1.170720 5.024052 1.104440)
LRL 7.42 0 (1.020461 5.475839 0.921086)

# -1.178097 1.570796 0.800000
# best = 4 = RLR
LSL 10.22 0 (4.647878 1.187245 4.384200)
LSR inf 1 (inf inf inf)
RSL inf 1 (inf inf inf)
RSR 12.57 0 (4.965510 2.750630 4.851968)
RLR 6.78 0 (1.065659 4.766670 0.952117)
LRL 7.83 0 (1.204934 5.680482 0.941256)

# -1.178097 1.570796 1.200000
# best = 4 = RLR
LSL 9.85 0 (4.805999 0.818809 4.226080)
LSR inf 1 (inf inf inf)
RSL inf 1 (inf inf inf)
RSR 12.96 0 (4.983193 3.147232 4.834285)
RLR 6.19 0 (0.935980 4.471945 0.787072)
LRL 8.21 0 (1.458246 5.870866 0.878328)

# -1.178097 1.570796 1.600000
# best = 4 = RLR
LSL 9.53 0 (5.188122 0.501343 3.843957)
LSR inf 1 (inf inf inf)
RSL inf 1 (inf inf inf)
RSR 13.36 0 (4.996915 3.544598 4.820563)
RLR 5.46 0 (0.766354 4.105248 0.590001)
LRL 8.53 0 (1.920863 6.031853 0.576698)

# -1.178097 1.570796 2.000000
# best = 4 = RLR
LSL 9.42 0 (6.086836 0.390181 2.945242)
LSR 8.69 0 (2.240752 0.675813 5.775044)
RSL inf 1 (inf inf inf)
RSR 13.76 0 (5.007869 3.942496 4.809609)
RLR 4.21 0 (0.465248 3.481128 0.266987)
LRL 14.92 0 (2.847543 6.087784 5.989135)

# -1.178097 1.570796 2.400000
# best = 0 = LSL
LSL 3.36 0 (0.501072 0.610850 2.247821)
LSR 8.94 0 (1.949125 1.509179 5.483417)
RSL 9.62 0 (5.956333 1.243729 2.422041)
RSR 14.16 0 (5.016814 4.340781 4.800664)
RLR inf 1 (inf inf inf)
LRL 14.70 0 (3.489352 5.976561 5.236102)

# -1.178097 1.570796 2.800000
# best = 0 = LSL
LSL 3.70 0 (0.766280 0.956051 1.982613)
LSR 9.25 0 (1.806349 2.102027 5.340642)
RSL 9.91 0 (5.779607 1.888377 2.245315)
RSR 14.56 0 (5.024254 4.739355 4.793223)
RLR inf 1 (inf inf inf)
LRL 14.35 0 (3.666524 5.800487 4.882856)

# -1.178097 1.570796 3.200000
# best = 0 = LSL
LSL 4.08 0 (0.886750 1.332265 1.862143)
LSR 9.58 0 (1.713283 2.622864 5.247575)
RSL 10.24 0 (5.671822 2.430035 2.137529)
RSR 14.96 0 (5.030540 5.138150 4.786937)
RLR inf 1 (inf inf inf)
LRL 13.96 0 (3.688789 5.604078 4.664182)

# -1.178097 1.570796 3.600000
# best = 0 = LSL
LSL 4.47 0 (0.953630 1.719252 1.795263)
LSR 9.93 0 (1.646148 3.108104 5.180440)
RSL 10.59 0 (5.596426 2.926461 2.062134)
RSR 15.35 0 (5.035921 5.537119 4.781557)
RLR inf 1 (inf inf inf)
LRL 13.54 0 (3.650937 5.394614 4.492570)

# -1.178097 1.570796 4.000000
# best = 0 = LSL
LSL 4.86 0 (0.995817 2.111095 1.753076)
LSR 10.30 0 (1.594873 3.572283 5.129166)
RSL 10.94 0 (5.539909 3.397540 2.005617)
RSR 15.75 0 (5.040578 5.936227 4.776900)
RLR inf 1 (inf inf inf)
LRL 13.09 0 (3.581432 5.171230 4.338691)

# -1.178097 1.570796 4.400000
# best = 0 = LSL
LSL 5.25 0 (1.024761 2.505518 1.724132)
LSR 10.67 0 (1.554198 4.022698 5.088490)
RSL 11.31 0 (5.495650 3.852581 1.961357)
RSR 16.15 0 (5.044648 6.335448 4.772830)
RLR inf 1 (inf inf inf)
LRL 12.61 0 (3.489453 4.929385 4.188825)

# -1.178097 1.570796 4.800000
# best = 0 = LSL
LSL 5.65 0 (1.045819 2.901468 1.703074)
LSR 11.04 0 (1.521030 4.463519 5.055322)
RSL 11.68 0 (5.459903 4.296683 1.925610)
RSR 16.55 0 (5.048236 6.734761 4.769242)
RLR inf 1 (inf inf inf)
LRL 12.07 0 (3.375844 4.660051 4.033100)

# -1.178097 1.570796 5.200000
# best = 0 = LSL
LSL 6.05 0 (1.061814 3.298395 1.687079)
LSR 11.42 0 (1.493407 4.897336 5.027699)
RSL 12.06 0 (5.430352 4.732926 1.896060)
RSR 16.95 0 (5.051421 7.134151 4.766056)
RLR inf 1 (inf inf inf)
LRL 11.44 0 (3.233914 4.344200 3.859179)

# -1.178097 1.570796 5.600000
# best = 0 = LSL
LSL 6.44 0 (1.074371 3.695986 1.674522)
LSR 11.80 0 (1.470011 5.325861 5.004303)
RSL 12.44 0 (5.405474 5.163302 1.871181)
RSR 17.35 0 (5.054270 7.533605 4.763208)
RLR inf 1 (inf inf inf)
LRL 10.60 0 (3.037561 3.926380 3.637712)

# -1.178097 1.570796 6.000000
# best = 0 = LSL
LSL 6.84 0 (1.084487 4.094045 1.664406)
LSR 12.18 0 (1.449920 5.750277 4.984213)
RSL 12.82 0 (5.384215 5.589168 1.849923)
RSR 17.75 0 (5.056831 7.933115 4.760647)
RLR inf 1 (inf inf inf)
LRL inf 1 (inf inf inf)

# -1.178097 1.570796 6.400000
# best = 0 = LSL
LSL 7.24 0 (1.092810 4.492449 1.656083)
LSR 12.57 0 (1.432468 6.171433 4.966760)
RSL 13.21 0 (5.365825 6.011481 1.831533)
RSR 18.15 0 (5.059147 8.332672 4.758331)
RLR inf 1 (inf inf inf)
LRL inf 1 (inf inf inf)

# -1.178097 1.570796 6.800000
# best = 0 = LSL
LSL 7.64 0 (1.099776 4.891114 1.649117)
LSR 12.96 0 (1.417158 6.589953 4.951450)
RSL 13.60 0 (5.349750 6.430941 1.815458)
RSR 18.55 0 (5.061250 8.732269 4.756227)
RLR inf 1 (inf inf inf)
LRL inf 1 (inf inf inf)

# -1.178097 1.570796 7.200000
# best = 0 = LSL
LSL 8.04 0 (1.105693 5.289981 1.643200)
LSR 13.35 0 (1.403613 7.006310 4.937905)
RSL 13.98 0 (5.335571 6.848073 1.801279)
RSR 18.95 0 (5.063170 9.131901 4.754308)
RLR inf 1 (inf inf inf)
LRL inf 1 (inf inf inf)

# -1.178097 1.570796 7.600000
# best = 0 = LSL
LSL 8.44 0 (1.110779 5.689006 1.638114)
LSR 13.74 0 (1.391540 7.420867 4.925832)
RSL 14.37 0 (5.322968 7.263278 1.788676)
RSR 19.35 0 (5.064928 9.531565 4.752549)
RLR inf 1 (inf inf inf)
LRL inf 1 (inf inf inf)

# -1.178097 1.570796 8.000000
# best = 0 = LSL
LSL 8.84 0 (1.115199 6.088160 1.633694)
LSR 14.13 0 (1.380709 7.833912 4.915001)
RSL 14.77 0 (5.311689 7.676869 1.777396)
RSR 19.75 0 (5.066546 9.931255 4.750932)
RLR inf 1 (inf inf inf)
LRL inf 1 (inf inf inf)

# -0.785398 1.570796 0.400000
# best = 5 = LRL
LSL 10.13 0 (4.422875 1.486112 4.216504)
LSR inf 1 (inf inf inf)
RSL inf 1 (inf inf inf)
RSR 12.43 0 (5.174015 2.222588 5.036162)
RLR 7.85 0 (1.443281 5.104903 1.305428)
LRL 7.12 0 (0.900628 5.521877 0.694257)

# -0.785398 1.570796 0.800000
# best = 4 = RLR
LSL 9.79 0 (4.589118 1.150149 4.050262)
LSR inf 1 (inf inf inf)
RSL inf 1 (inf inf inf)
RSR 12.82 0 (5.222887 2.604915 4.987290)
RLR 7.37 0 (1.372092 4.864780 1.136494)
LRL 7.47 0 (1.155871 5.699876 0.617015)

# -0.785398 1.570796 1.200000
# best = 4 = RLR
LSL 9.51 0 (4.875639 0.870148 3.763741)
LSR inf 1 (inf inf inf)
RSL inf 1 (inf inf inf)
RSR 13.20 0 (5.259187 2.991867 4.950990)
RLR 6.83 0 (1.272601 4.593198 0.964404)
LRL 7.76 0 (1.514756 5.844605 0.402858)

# -0.785398 1.570796 1.600000
# best = 4 = RLR
LSL 9.35 0 (5.347458 0.715172 3.291921)
LSR 7.93 0 (1.855584 0.288177 5.782576)
RSL inf 1 (inf inf inf)
RSR 13.59 0 (5.287145 3.381857 4.923032)
RLR 6.18 0 (1.138118 4.268318 0.774005)
LRL 14.20 0 (2.026106 5.923666 6.253754)

# -0.785398 1.570796 2.000000
# best = 4 = RLR
LSL 9.40 0 (5.890486 0.765367 2.748893)
LSR 8.20 0 (1.471718 1.325655 5.398709)
RSL inf 1 (inf inf inf)
RSR 13.98 0 (5.309308 3.773942 4.900869)
RLR 5.28 0 (0.934720 3.817196 0.526281)
LRL 14.15 0 (2.556365 5.898128 5.697957)

# -0.785398 1.570796 2.400000
# best = 2 = RSL
LSL 9.63 0 (6.273033 0.990000 2.366346)
LSR 8.52 0 (1.330031 1.936924 5.257022)
RSL 3.35 0 (0.010258 0.969484 2.366452)
RSR 14.38 0 (5.327292 4.167532 4.882884)
RLR inf 1 (inf inf inf)
LRL 13.92 0 (2.881341 5.782987 5.257840)

# -0.785398 1.570796 2.800000
# best = 0 = LSL
LSL 3.66 0 (0.211132 1.301697 2.145062)
LSR 8.88 0 (1.242679 2.462923 5.169670)
RSL 9.94 0 (6.098255 1.669007 2.171263)
RSR 14.77 0 (5.342169 4.562237 4.868008)
RLR inf 1 (inf inf inf)
LRL 13.60 0 (3.021264 5.620264 4.955195)

# -0.785398 1.570796 3.200000
# best = 0 = LSL
LSL 4.01 0 (0.343053 1.651887 2.013141)
LSR 9.24 0 (1.181499 2.949628 5.108490)
RSL 10.28 0 (5.991348 2.225145 2.064357)
RSR 15.17 0 (5.354674 4.957791 4.855503)
RLR inf 1 (inf inf inf)
LRL 13.22 0 (3.058931 5.431756 4.729019)

# -0.785398 1.570796 3.600000
# best = 0 = LSL
LSL 4.38 0 (0.427892 2.020655 1.928302)
LSR 9.61 0 (1.135661 3.413886 5.062652)
RSL 10.64 0 (5.919927 2.727078 1.992936)
RSR 15.56 0 (5.365330 5.354006 4.844847)
RLR inf 1 (inf inf inf)
LRL 12.80 0 (3.039913 5.224042 4.540323)

# -0.785398 1.570796 4.000000
# best = 0 = LSL
LSL 4.76 0 (0.486261 2.399450 1.869933)
LSR 9.99 0 (1.099796 3.863798 5.026788)
RSL 11.01 0 (5.867849 3.200413 1.940858)
RSR 15.96 0 (5.374516 5.750745 4.835660)
RLR inf 1 (inf inf inf)
LRL 12.35 0 (2.984525 4.996527 4.368196)

# -0.785398 1.570796 4.400000
# best = 0 = LSL
LSL 5.14 0 (0.528613 2.784183 1.827581)
LSR 10.37 0 (1.070857 4.303864 4.997848)
RSL 11.38 0 (5.827833 3.656272 1.900842)
RSR 16.36 0 (5.382516 6.147906 4.827660)
RLR inf 1 (inf inf inf)
LRL 11.84 0 (2.900330 4.743435 4.199299)

# -0.785398 1.570796 4.800000
# best = 0 = LSL
LSL 5.53 0 (0.560638 3.172694 1.795556)
LSR 10.76 0 (1.046954 4.736830 4.973946)
RSL 11.77 0 (5.795966 4.100489 1.868974)
RSR 16.76 0 (5.389545 6.545413 4.820631)
RLR inf 1 (inf inf inf)
LRL 11.26 0 (2.786228 4.451180 4.021146)

# -0.785398 1.570796 5.200000
# best = 0 = LSL
LSL 5.92 0 (0.585656 3.563749 1.770538)
LSR 11.15 0 (1.026847 5.164482 4.953838)
RSL 12.15 0 (5.769909 4.536485 1.842918)
RSR 17.15 0 (5.395769 6.943207 4.814408)
RLR inf 1 (inf inf inf)
LRL 10.52 0 (2.627844 4.084376 3.812726)

# -0.785398 1.570796 5.600000
# best = 0 = LSL
LSL 6.31 0 (0.605717 3.956592 1.750477)
LSR 11.53 0 (1.009677 5.588040 4.936669)
RSL 12.54 0 (5.748165 4.966425 1.821174)
RSR 17.55 0 (5.401318 7.341240 4.808859)
RLR inf 1 (inf inf inf)
LRL 9.23 0 (2.323970 3.436506 3.468730)

# -0.785398 1.570796 6.000000
# best = 0 = LSL
LSL 6.71 0 (0.622148 4.350739 1.734046)
LSR 11.93 0 (0.994834 6.008370 4.921825)
RSL 12.92 0 (5.729719 5.391759 1.802728)
RSR 17.95 0 (5.406296 7.739476 4.803881)
RLR inf 1 (inf inf inf)
LRL inf 1 (inf inf inf)

# -0.785398 1.570796 6.400000
# best = 0 = LSL
LSL 7.10 0 (0.635847 4.745866 1.720347)
LSR 12.32 0 (0.981866 6.426105 4.908857)
RSL 13.31 0 (5.713860 5.813497 1.786869)
RSR 18.35 0 (5.410787 8.137885 4.799390)
RLR inf 1 (inf inf inf)
LRL inf 1 (inf inf inf)

# -0.785398 1.570796 6.800000
# best = 0 = LSL
LSL 7.50 0 (0.647438 5.141747 1.708756)
LSR 12.71 0 (0.970434 6.841720 4.897425)
RSL 13.71 0 (5.700069 6.232370 1.773078)
RSR 18.75 0 (5.414858 8.536443 4.795318)
RLR inf 1 (inf inf inf)
LRL inf 1 (inf inf inf)

# -0.785398 1.570796 7.200000
# best = 0 = LSL
LSL 7.89 0 (0.657371 5.538220 1.698823)
LSR 13.10 0 (0.960277 7.255581 4.887268)
RSL 14.10 0 (5.687960 6.648919 1.760969)
RSR 19.15 0 (5.418567 8.935130 4.791610)
RLR inf 1 (inf inf inf)
LRL inf 1 (inf inf inf)

# -0.785398 1.570796 7.600000
# best = 0 = LSL
LSL 8.29 0 (0.665976 5.935166 1.690218)
LSR 13.50 0 (0.951190 7.667970 4.878181)
RSL 14.49 0 (5.677239 7.063555 1.750248)
RSR 19.54 0 (5.421958 9.333929 4.788219)
RLR inf 1 (inf inf inf)
LRL inf 1 (inf inf inf)

# -0.785398 1.570796 8.000000
# best = 0 = LSL
LSL 8.69 0 (0.673501 6.332496 1.682693)
LSR 13.89 0 (0.943010 8.079114 4.870002)
RSL 14.88 0 (5.667678 7.476596 1.740686)
RSR 19.94 0 (5.425072 9.732827 4.785105)
RLR inf 1 (inf inf inf)
LRL inf 1 (inf inf inf)

# -0.392699 1.570796 0.400000
# best = 5 = LRL
LSL 9.60 0 (4.288857 1.348784 3.957824)
LSR inf 1 (inf inf inf)
RSL inf 1 (inf inf inf)
RSR 12.61 0 (5.412344 2.007863 5.190532)
RLR 8.50 0 (1.744881 5.231445 1.523069)
LRL 6.87 0 (0.803327 5.595311 0.472294)

# -0.392699 1.570796 0.800000
# best = 5 = LRL
LSL 9.34 0 (4.542406 1.092279 3.704274)
LSR inf 1 (inf inf inf)
RSL inf 1 (inf inf inf)
RSR 12.97 0 (5.490076 2.370160 5.112799)
RLR 8.07 0 (1.714275 5.014768 1.336998)
LRL 7.14 0 (1.124231 5.730020 0.286099)

# -0.392699 1.570796 1.200000
# best = 1 = LSR
LSL 9.19 0 (4.909871 0.941768 3.336809)
LSR 7.31 0 (1.298076 0.395214 5.617766)
RSL inf 1 (inf inf inf)
RSR 13.35 0 (5.546950 2.742956 5.055926)
RLR 7.58 0 (1.649739 4.771948 1.158715)
LRL 13.58 0 (1.530605 5.807839 6.240729)

# -0.392699 1.570796 1.600000
# best = 4 = RLR
LSL 9.20 0 (5.336110 0.949094 2.910570)
LSR 7.61 0 (0.981708 1.330431 5.301398)
RSL inf 1 (inf inf inf)
RSR 13.73 0 (5.590111 3.122491 5.012765)
RLR 7.02 0 (1.552856 4.491862 0.975510)
LRL 13.57 0 (1.954959 5.804069 5.812605)

# -0.392699 1.570796 2.000000
# best = 4 = RLR
LSL 9.36 0 (5.694137 1.111140 2.552543)
LSR 7.96 0 (0.857986 1.924552 5.177676)
RSL inf 1 (inf inf inf)
RSR 14.11 0 (5.623869 3.506579 4.979007)
RLR 6.33 0 (1.413432 4.145497 0.768570)
LRL 13.40 0 (2.271056 5.720210 5.412648)

# -0.392699 1.570796 2.400000
# best = 2 = RSL
LSL 9.62 0 (5.938583 1.374222 2.308097)
LSR 8.32 0 (0.782021 2.440851 5.101712)
RSL 3.36 0 (0.611426 0.177522 2.574921)
RSR 14.50 0 (5.650937 3.893873 4.951939)
RLR 5.24 0 (1.169416 3.603328 0.470417)
LRL 13.13 0 (2.446290 5.581785 5.098990)

# -0.392699 1.570796 2.800000
# best = 2 = RSL
LSL 9.94 0 (6.098209 1.691845 2.148471)
LSR 8.70 0 (0.729058 2.920891 5.048748)
RSL 3.66 0 (0.211262 1.271873 2.174757)
RSR 14.89 0 (5.673095 4.283502 4.929781)
RLR inf 1 (inf inf inf)
LRL 12.78 0 (2.519906 5.409764 4.853353)

# -0.392699 1.570796 3.200000
# best = 2 = RSL
LSL 10.29 0 (6.205559 2.038674 2.041122)
LSR 9.08 0 (0.689527 3.380157 5.009218)
RSL 4.00 0 (0.080830 1.877181 2.044325)
RSR 15.28 0 (5.691551 4.674884 4.911325)
RLR inf 1 (inf inf inf)
LRL 12.39 0 (2.529167 5.213586 4.647915)

# -0.392699 1.570796 3.600000
# best = 2 = RSL
LSL 10.65 0 (6.281094 2.402092 1.965586)
LSR 9.46 0 (0.658696 3.826136 4.978386)
RSL 4.37 0 (0.002093 2.397906 1.965588)
RSR 15.67 0 (5.707150 5.067611 4.895725)
RLR inf 1 (inf inf inf)
LRL 11.95 0 (2.495347 4.994875 4.463024)

# -0.392699 1.570796 4.000000
# best = 0 = LSL
LSL 4.74 0 (0.053365 2.775590 1.910130)
LSR 9.85 0 (0.633884 4.263000 4.953574)
RSL 11.02 0 (6.230808 2.880295 1.911118)
RSR 16.06 0 (5.720503 5.461395 4.882372)
RLR inf 1 (inf inf inf)
LRL 11.46 0 (2.428070 4.749410 4.284835)

# -0.392699 1.570796 4.400000
# best = 0 = LSL
LSL 5.12 0 (0.095571 3.155591 1.867924)
LSR 10.24 0 (0.613436 4.693295 4.933127)
RSL 11.40 0 (6.190344 3.340995 1.870654)
RSR 16.46 0 (5.732059 5.856021 4.870817)
RLR inf 1 (inf inf inf)
LRL 10.89 0 (2.328150 4.465159 4.100504)

# -0.392699 1.570796 4.800000
# best = 0 = LSL
LSL 5.50 0 (0.128659 3.540001 1.834836)
LSR 10.63 0 (0.596268 5.118679 4.915958)
RSL 11.79 0 (6.158885 3.787927 1.839195)
RSR 16.85 0 (5.742154 6.251330 4.860722)
RLR inf 1 (inf inf inf)
LRL 10.18 0 (2.183757 4.110196 3.889934)

# -0.392699 1.570796 5.200000
# best = 0 = LSL
LSL 5.89 0 (0.155242 3.927526 1.808253)
LSR 11.02 0 (0.581633 5.540282 4.901323)
RSL 12.17 0 (6.133628 4.225463 1.813938)
RSR 17.25 0 (5.751047 6.647200 4.851828)
RLR inf 1 (inf inf inf)
LRL 9.01 0 (1.916687 3.522891 3.569698)

# -0.392699 1.570796 5.600000
# best = 0 = LSL
LSL 6.28 0 (0.177038 4.317327 1.786457)
LSR 11.42 0 (0.568999 5.958908 4.888689)
RSL 12.56 0 (6.112852 4.656253 1.793161)
RSR 17.65 0 (5.758940 7.043537 4.843935)
RLR inf 1 (inf inf inf)
LRL inf 1 (inf inf inf)

# -0.392699 1.570796 6.000000
# best = 0 = LSL
LSL 6.67 0 (0.195217 4.708839 1.768278)
LSR 11.81 0 (0.557975 6.375142 4.877665)
RSL 12.95 0 (6.095433 5.082011 1.775742)
RSR 18.04 0 (5.765992 7.440267 4.836884)
RLR inf 1 (inf inf inf)
LRL inf 1 (inf inf inf)

# -0.392699 1.570796 6.400000
# best = 0 = LSL
LSL 7.07 0 (0.210601 5.101668 1.752894)
LSR 12.21 0 (0.548268 6.789425 4.867958)
RSL 13.35 0 (6.080602 5.503906 1.760911)
RSR 18.44 0 (5.772330 7.837328 4.830546)
RLR inf 1 (inf inf inf)
LRL inf 1 (inf inf inf)

# -0.392699 1.570796 6.800000
# best = 0 = LSL
LSL 7.46 0 (0.223782 5.495532 1.739713)
LSR 12.60 0 (0.539652 7.202093 4.859342)
RSL 13.74 0 (6.067811 5.922764 1.748121)
RSR 18.84 0 (5.778056 8.234674 4.824820)
RLR inf 1 (inf inf inf)
LRL inf 1 (inf inf inf)

# -0.392699 1.570796 7.200000
# best = 0 = LSL
LSL 7.85 0 (0.235199 5.890223 1.728296)
LSR 13.00 0 (0.531951 7.613409 4.851641)
RSL 14.13 0 (6.056661 6.339186 1.736971)
RSR 19.24 0 (5.783255 8.632265 4.819621)
RLR inf 1 (inf inf inf)
LRL inf 1 (inf inf inf)

# -0.392699 1.570796 7.600000
# best = 0 = LSL
LSL 8.25 0 (0.245181 6.285585 1.718314)
LSR 13.39 0 (0.525025 8.023581 4.844716)
RSL 14.53 0 (6.046850 6.753623 1.727159)
RSR 19.63 0 (5.787996 9.030069 4.814880)
RLR inf 1 (inf inf inf)
LRL inf 1 (inf inf inf)

# -0.392699 1.570796 8.000000
# best = 0 = LSL
LSL 8.64 0 (0.253980 6.681499 1.709515)
LSR 13.79 0 (0.518762 8.432775 4.838453)
RSL 14.92 0 (6.038147 7.166419 1.718457)
RSR 20.03 0 (5.792336 9.428059 4.810539)
RLR inf 1 (inf inf inf)
LRL inf 1 (inf inf inf)

# 0.000000 1.570796 0.400000
# best = 5 = LRL
LSL 9.02 0 (4.171969 1.166190 3.682012)
LSR inf 1 (inf inf inf)
RSL inf 1 (inf inf inf)
RSR 12.72 0 (5.662936 1.720465 5.332639)
RLR 9.22 0 (2.076722 5.393942 1.746424)
LRL 6.67 0 (0.734532 5.691497 0.244575)

# 0.000000 1.570796 0.800000
# best = 1 = LSR
LSL 8.87 0 (4.514993 1.019804 3.338988)
LSR 6.85 0 (0.823478 0.489899 5.535868)
RSL inf 1 (inf inf inf)
RSR 13.05 0 (5.776087 2.059126 5.219488)
RLR 8.83 0 (2.093742 5.201680 1.537142)
LRL 13.11 0 (1.115604 5.767591 6.222784)

# 0.000000 1.570796 1.200000
# best = 1 = LSR
LSL 8.87 0 (4.909785 1.019804 2.944197)
LSR 7.17 0 (0.548201 1.356466 5.260591)
RSL inf 1 (inf inf inf)
RSR 13.41 0 (5.856558 2.416609 5.139017)
RLR 8.40 0 (2.066264 4.985782 1.348722)
LRL 13.11 0 (1.510395 5.767591 5.827992)

# 0.000000 1.570796 1.600000
# best = 1 = LSR
LSL 9.02 0 (5.252809 1.166190 2.601173)
LSR 7.52 0 (0.433691 1.939072 5.146080)
RSL inf 1 (inf inf inf)
RSR 13.78 0 (5.916012 2.785678 5.079563)
RLR 7.91 0 (2.004023 4.742394 1.167575)
LRL 12.95 0 (1.815372 5.691497 5.446921)

# 0.000000 1.570796 2.000000
# best = 4 = RLR
LSL 9.27 0 (5.497787 1.414213 2.356194)
LSR 7.89 0 (0.362969 2.449490 5.075358)
RSL inf 1 (inf inf inf)
RSR 14.16 0 (5.961435 3.162278 5.034140)
RLR 7.35 0 (1.908104 4.459709 0.980809)
LRL 12.69 0 (1.994828 5.560451 5.136420)

# 0.000000 1.570796 2.400000
# best = 4 = RLR
LSL 9.57 0 (5.662936 1.720465 2.191045)
LSR 8.27 0 (0.313573 2.925748 5.025962)
RSL inf 1 (inf inf inf)
RSR 14.54 0 (5.997134 3.544009 4.998441)
RLR 6.64 0 (1.766890 4.105883 0.768197)
LRL 12.36 0 (2.076722 5.393942 4.888016)

# 0.000000 1.570796 2.800000
# best = 2 = RSL
LSL 9.91 0 (5.776087 2.059126 2.077894)
LSR 8.65 0 (0.276683 3.382307 4.989073)
RSL 3.71 0 (0.823478 0.489899 2.394274)
RSR 14.92 0 (6.025862 3.929376 4.969713)
RLR 5.47 0 (1.501665 3.517976 0.445516)
LRL 11.97 0 (2.093742 5.201680 4.678734)

# 0.000000 1.570796 3.200000
# best = 2 = RSL
LSL 10.27 0 (5.856558 2.416609 1.997423)
LSR 9.03 0 (0.247906 3.826225 4.960295)
RSL 4.02 0 (0.548201 1.356466 2.118997)
RSR 15.31 0 (6.049442 4.317407 4.946132)
RLR inf 1 (inf inf inf)
LRL 11.54 0 (2.066264 4.985782 4.490314)

# 0.000000 1.570796 3.600000
# best = 2 = RSL
LSL 10.64 0 (5.916012 2.785678 1.937970)
LSR 9.42 0 (0.224746 4.261455 4.937135)
RSL 4.38 0 (0.433691 1.939072 2.004487)
RSR 15.70 0 (6.069125 4.707441 4.926450)
RLR inf 1 (inf inf inf)
LRL 11.06 0 (2.004023 4.742394 4.309167)

# 0.000000 1.570796 4.000000
# best = 2 = RSL
LSL 11.02 0 (5.961435 3.162278 1.892546)
LSR 9.81 0 (0.205661 4.690416 4.918051)
RSL 4.75 0 (0.362969 2.449490 1.933765)
RSR 16.09 0 (6.085790 5.099019 4.909785)
RLR inf 1 (inf inf inf)
LRL 10.49 0 (1.908104 4.459709 4.122401)

# 0.000000 1.570796 4.400000
# best = 2 = RSL
LSL 11.40 0 (5.997134 3.544009 1.856847)
LSR 10.21 0 (0.189640 5.114685 4.902029)
RSL 5.12 0 (0.313573 2.925748 1.884369)
RSR 16.49 0 (6.100075 5.491812 4.895500)
RLR inf 1 (inf inf inf)
LRL 9.78 0 (1.766890 4.105883 3.909789)

# 0.000000 1.570796 4.800000
# best = 2 = RSL
LSL 11.78 0 (6.025862 3.929376 1.828120)
LSR 10.60 0 (0.175984 5.535341 4.888373)
RSL 5.51 0 (0.276683 3.382307 1.847479)
RSR 16.88 0 (6.112450 5.885576 4.883124)
RLR inf 1 (inf inf inf)
LRL 8.61 0 (1.501665 3.517976 3.587108)

# 0.000000 1.570796 5.200000
# best = 2 = RSL
LSL 12.17 0 (6.049442 4.317407 1.804539)
LSR 10.99 0 (0.164196 5.953150 4.876586)
RSL 5.89 0 (0.247906 3.826225 1.818702)
RSR 17.28 0 (6.123272 6.280127 4.872302)
RLR inf 1 (inf inf inf)
LRL inf 1 (inf inf inf)

# 0.000000 1.570796 5.600000
# best = 2 = RSL
LSL 12.56 0 (6.069125 4.707441 1.784857)
LSR 11.39 0 (0.153913 6.368673 4.866302)
RSL 6.28 0 (0.224746 4.261455 1.795542)
RSR 17.67 0 (6.132814 6.675328 4.862761)
RLR inf 1 (inf inf inf)
LRL inf 1 (inf inf inf)

# 0.000000 1.570796 6.000000
# best = 2 = RSL
LSL 12.95 0 (6.085790 5.099019 1.768191)
LSR 11.78 0 (0.144859 6.782330 4.857249)
RSL 6.67 0 (0.205661 4.690416 1.776457)
RSR 18.07 0 (6.141288 7.071068 4.854286)
RLR inf 1 (inf inf inf)
LRL inf 1 (inf inf inf)

# 0.000000 1.570796 6.400000
# best = 2 = RSL
LSL 13.35 0 (6.100075 5.491812 1.753907)
LSR 12.18 0 (0.136825 7.194442 4.849214)
RSL 7.06 0 (0.189640 5.114685 1.760436)
RSR 18.46 0 (6.148864 7.467262 4.846711)
RLR inf 1 (inf inf inf)
LRL inf 1 (inf inf inf)

# 0.000000 1.570796 6.800000
# best = 2 = RSL
LSL 13.74 0 (6.112450 5.885576 1.741531)
LSR 12.58 0 (0.129644 7.605261 4.842033)
RSL 7.46 0 (0.175984 5.535341 1.746780)
RSR 18.86 0 (6.155676 7.863841 4.839899)
RLR inf 1 (inf inf inf)
LRL inf 1 (inf inf inf)

# 0.000000 1.570796 7.200000
# best = 2 = RSL
LSL 14.13 0 (6.123272 6.280127 1.730709)
LSR 12.97 0 (0.123187 8.014986 4.835576)
RSL 7.85 0 (0.164196 5.953150 1.734992)
RSR 19.26 0 (6.161833 8.260751 4.833741)
RLR inf 1 (inf inf inf)
LRL inf 1 (inf inf inf)

# 0.000000 1.570796 7.600000
# best = 2 = RSL
LSL 14.53 0 (6.132814 6.675328 1.721167)
LSR 13.37 0 (0.117348 8.423776 4.829737)
RSL 8.25 0 (0.153913 6.368673 1.724709)
RSR 19.65 0 (6.167426 8.657944 4.828148)
RLR inf 1 (inf inf inf)
LRL inf 1 (inf inf inf)

# 0.000000 1.570796 8.000000
# best = 2 = RSL
LSL 14.93 0 (6.141288 7.071068 1.712693)
LSR 13.77 0 (0.112042 8.831761 4.824431)
RSL 8.64 0 (0.144859 6.782330 1.715655)
RSR 20.05 0 (6.172528 9.055385 4.823046)
RLR inf 1 (inf inf inf)
LRL inf 1 (inf inf inf)

# 0.392699 1.570796 0.400000
# best = 1 = LSR
LSL 8.41 0 (4.088668 0.949094 3.372615)
LSR 6.51 0 (0.611426 0.177522 5.716514)
RSL inf 1 (inf inf inf)
RSR 12.76 0 (5.938583 1.374222 5.449691)
RLR 9.99 0 (2.446290 5.581785 1.957398)
LRL 12.79 0 (0.707517 5.804069 6.274649)

# 0.392699 1.570796 0.800000
# best = 1 = LSR
LSL 8.40 0 (4.514907 0.941768 2.946375)
LSR 6.80 0 (0.211262 1.271873 5.316350)
RSL inf 1 (inf inf inf)
RSR 13.08 0 (6.098209 1.691845 5.290065)
RLR 9.64 0 (2.519906 5.409764 1.711761)
LRL 12.79 0 (1.135641 5.807839 5.850295)

# 0.392699 1.570796 1.200000
# best = 1 = LSR
LSL 8.55 0 (4.882372 1.092279 2.578910)
LSR 7.14 0 (0.080830 1.877181 5.185918)
RSL inf 1 (inf inf inf)
RSR 13.43 0 (6.205559 2.038674 5.182715)
RLR 9.25 0 (2.529167 5.213586 1.506323)
LRL 12.64 0 (1.464197 5.730020 5.443920)

# 0.392699 1.570796 1.600000
# best = 1 = LSR
LSL 8.81 0 (5.135921 1.348784 2.325361)
LSR 7.51 0 (0.002093 2.397906 5.107181)
RSL inf 1 (inf inf inf)
RSR 13.79 0 (6.281094 2.402092 5.107179)
RLR 8.81 0 (2.495347 4.994875 1.321432)
LRL 12.37 0 (1.650392 5.595311 5.123017)

# 0.392699 1.570796 2.000000
# best = 3 = RSR
LSL 9.12 0 (5.301438 1.662939 2.159844)
LSR 14.16 0 (6.230808 2.880295 5.052711)
RSL inf 1 (inf inf inf)
RSR 7.88 0 (0.053365 2.775590 5.051723)
RLR 8.32 0 (2.428070 4.749410 1.143243)
LRL 12.03 0 (1.731095 5.425684 4.872687)

# 0.392699 1.570796 2.400000
# best = 4 = RLR
LSL 9.47 0 (5.412344 2.007863 2.048938)
LSR 14.54 0 (6.190344 3.340995 5.012247)
RSL inf 1 (inf inf inf)
RSR 8.26 0 (0.095571 3.155591 5.009517)
RLR 7.75 0 (2.328150 4.465159 0.958912)
LRL 11.64 0 (1.744881 5.231445 4.664661)

# 0.392699 1.570796 2.800000
# best = 4 = RLR
LSL 9.83 0 (5.490076 2.370160 1.971206)
LSR 14.93 0 (6.158885 3.787927 4.980788)
RSL inf 1 (inf inf inf)
RSR 8.65 0 (0.128659 3.540001 4.976429)
RLR 7.04 0 (2.183757 4.110196 0.748342)
LRL 11.21 0 (1.714275 5.014768 4.478590)

# 0.392699 1.570796 3.200000
# best = 2 = RSL
LSL 10.20 0 (5.546950 2.742956 1.914332)
LSR 15.31 0 (6.133628 4.225463 4.955531)
RSL 4.17 0 (1.298076 0.395214 2.476173)
RSR 9.03 0 (0.155242 3.927526 4.949846)
RLR 5.87 0 (1.916687 3.522891 0.428106)
LRL 10.72 0 (1.649739 4.771948 4.300307)

# 0.392699 1.570796 3.600000
# best = 2 = RSL
LSL 10.58 0 (5.590111 3.122491 1.871171)
LSR 15.70 0 (6.112852 4.656253 4.934755)
RSL 4.47 0 (0.981708 1.330431 2.159805)
RSR 9.42 0 (0.177038 4.317327 4.928050)
RLR inf 1 (inf inf inf)
LRL 10.16 0 (1.552856 4.491862 4.117102)

# 0.392699 1.570796 4.000000
# best = 2 = RSL
LSL 10.97 0 (5.623869 3.506579 1.837414)
LSR 16.09 0 (6.095433 5.082011 4.917336)
RSL 4.82 0 (0.857986 1.924552 2.036083)
RSR 9.81 0 (0.195217 4.708839 4.909871)
RLR inf 1 (inf inf inf)
LRL 9.47 0 (1.413432 4.145497 3.910162)

# 0.392699 1.570796 4.400000
# best = 2 = RSL
LSL 11.36 0 (5.650937 3.893873 1.810345)
LSR 16.49 0 (6.080602 5.503906 4.902505)
RSL 5.18 0 (0.782021 2.440851 1.960118)
RSR 10.21 0 (0.210601 5.101668 4.894488)
RLR inf 1 (inf inf inf)
LRL 8.38 0 (1.169416 3.603328 3.612009)

# 0.392699 1.570796 4.800000
# best = 2 = RSL
LSL 11.74 0 (5.673095 4.283502 1.788187)
LSR 16.88 0 (6.067811 5.922764 4.889714)
RSL 5.56 0 (0.729058 2.920891 1.907155)
RSR 10.60 0 (0.223782 5.495532 4.881306)
RLR inf 1 (inf inf inf)
LRL inf 1 (inf inf inf)

# 0.392699 1.570796 5.200000
# best = 2 = RSL
LSL 12.14 0 (5.691551 4.674884 1.769732)
LSR 17.27 0 (6.056661 6.339186 4.878564)
RSL 5.94 0 (0.689527 3.380157 1.867624)
RSR 11.00 0 (0.235199 5.890223 4.869889)
RLR inf 1 (inf inf inf)
LRL inf 1 (inf inf inf)

# 0.392699 1.570796 5.600000
# best = 2 = RSL
LSL 12.53 0 (5.707150 5.067611 1.754132)
LSR 17.67 0 (6.046850 6.753623 4.868753)
RSL 6.32 0 (0.658696 3.826136 1.836793)
RSR 11.39 0 (0.245181 6.285585 4.859908)
RLR inf 1 (inf inf inf)
LRL inf 1 (inf inf inf)

# 0.392699 1.570796 6.000000
# best = 2 = RSL
LSL 12.92 0 (5.720503 5.461395 1.740779)
LSR 18.06 0 (6.038147 7.166419 4.860050)
RSL 6.71 0 (0.633884 4.263000 1.811981)
RSR 11.79 0 (0.253980 6.681499 4.851108)
RLR inf 1 (inf inf inf)
LRL inf 1 (inf inf inf)

# 0.392699 1.570796 6.400000
# best = 2 = RSL
LSL 13.32 0 (5.732059 5.856021 1.729224)
LSR 18.46 0 (6.030373 7.577844 4.852276)
RSL 7.10 0 (0.613436 4.693295 1.791533)
RSR 12.18 0 (0.261795 7.077873 4.843293)
RLR inf 1 (inf inf inf)
LRL inf 1 (inf inf inf)

# 0.392699 1.570796 6.800000
# best = 2 = RSL
LSL 13.71 0 (5.742154 6.251330 1.719129)
LSR 18.86 0 (6.023385 7.988107 4.845288)
RSL 7.49 0 (0.596268 5.118679 1.774365)
RSR 12.58 0 (0.268780 7.474633 4.836308)
RLR inf 1 (inf inf inf)
LRL inf 1 (inf inf inf)

# 0.392699 1.570796 7.200000
# best = 2 = RSL
LSL 14.11 0 (5.751047 6.647200 1.710235)
LSR 19.25 0 (6.017068 8.397381 4.838971)
RSL 7.88 0 (0.581633 5.540282 1.759730)
RSR 12.98 0 (0.275061 7.871721 4.830027)
RLR inf 1 (inf inf inf)
LRL inf 1 (inf inf inf)

# 0.392699 1.570796 7.600000
# best = 2 = RSL
LSL 14.50 0 (5.758940 7.043537 1.702342)
LSR 19.65 0 (6.011330 8.805802 4.833233)
RSL 8.28 0 (0.568999 5.958908 1.747096)
RSR 13.37 0 (0.280738 8.269090 4.824350)
RLR inf 1 (inf inf inf)
LRL inf 1 (inf inf inf)

# 0.392699 1.570796 8.000000
# best = 2 = RSL
LSL 14.90 0 (5.765992 7.440267 1.695290)
LSR 20.05 0 (6.006093 9.213485 4.827996)
RSL 8.67 0 (0.557975 6.375142 1.736072)
RSR 13.77 0 (0.285895 8.666701 4.819193)
RLR inf 1 (inf inf inf)
LRL inf 1 (inf inf inf)

# 0.785398 1.570796 0.400000
# best = 1 = LSR
LSL 7.78 0 (4.077320 0.715172 2.991263)
LSR 6.49 0 (0.010258 0.969484 5.508046)
RSL inf 1 (inf inf inf)
RSR 12.77 0 (6.273033 0.990000 5.507939)
RLR 10.78 0 (2.881341 5.782987 2.116248)
LRL 12.63 0 (0.755968 5.923666 5.953096)

# 0.785398 1.570796 0.800000
# best = 3 = RSR
LSL 7.94 0 (4.549139 0.870148 2.519444)
LSR 13.08 0 (6.098255 1.669007 5.312857)
RSL inf 1 (inf inf inf)
RSR 6.80 0 (0.211132 1.301697 5.286656)
RLR 10.46 0 (3.021264 5.620264 1.813603)
LRL 12.47 0 (1.188256 5.844605 5.441746)

# 0.785398 1.570796 1.200000
# best = 3 = RSR
LSL 8.22 0 (4.835660 1.150149 2.232923)
LSR 13.42 0 (5.991348 2.225145 5.205950)
RSL inf 1 (inf inf inf)
RSR 7.15 0 (0.343053 1.651887 5.154734)
RLR 10.08 0 (3.058931 5.431756 1.587427)
LRL 12.19 0 (1.402413 5.699876 5.082861)

# 0.785398 1.570796 1.600000
# best = 3 = RSR
LSL 8.55 0 (5.001903 1.486112 2.066681)
LSR 13.78 0 (5.919927 2.727078 5.134529)
RSL inf 1 (inf inf inf)
RSR 7.52 0 (0.427892 2.020655 5.069896)
RLR 9.66 0 (3.039913 5.224042 1.398731)
LRL 11.83 0 (1.479656 5.521877 4.827619)

# 0.785398 1.570796 2.000000
# best = 3 = RSR
LSL 8.92 0 (5.105088 1.847759 1.963495)
LSR 14.15 0 (5.867849 3.200413 5.082451)
RSL inf 1 (inf inf inf)
RSR 7.90 0 (0.486261 2.399450 5.011526)
RLR 9.21 0 (2.984525 4.996527 1.226604)
LRL 11.43 0 (1.483315 5.322823 4.624907)

# 0.785398 1.570796 2.400000
# best = 3 = RSR
LSL 9.29 0 (5.174015 2.222588 1.894569)
LSR 14.53 0 (5.827833 3.656272 5.042435)
RSL inf 1 (inf inf inf)
RSR 8.28 0 (0.528613 2.784183 4.969175)
RLR 8.70 0 (2.900330 4.743435 1.057707)
LRL 11.00 0 (1.443281 5.104903 4.447020)

# 0.785398 1.570796 2.800000
# best = 4 = RLR
LSL 9.67 0 (5.222887 2.604915 1.845696)
LSR 14.91 0 (5.795966 4.100489 5.010568)
RSL inf 1 (inf inf inf)
RSR 8.67 0 (0.560638 3.172694 4.937149)
RLR 8.12 0 (2.786228 4.451180 0.879554)
LRL 10.51 0 (1.372092 4.864780 4.278086)

# 0.785398 1.570796 3.200000
# best = 4 = RLR
LSL 10.06 0 (5.259187 2.991867 1.809396)
LSR 15.29 0 (5.769909 4.536485 4.984511)
RSL inf 1 (inf inf inf)
RSR 9.06 0 (0.585656 3.563749 4.912131)
RLR 7.38 0 (2.627844 4.084376 0.671134)
LRL 9.97 0 (1.272601 4.593198 4.105996)

# 0.785398 1.570796 3.600000
# best = 2 = RSL
LSL 10.45 0 (5.287145 3.381857 1.781439)
LSR 15.68 0 (5.748165 4.966425 4.962767)
RSL 4.78 0 (1.855584 0.288177 2.640982)
RSR 9.45 0 (0.605717 3.956592 4.892071)
RLR 6.09 0 (2.323970 3.436506 0.327138)
LRL 9.32 0 (1.138118 4.268318 3.915597)

# 0.785398 1.570796 4.000000
# best = 2 = RSL
LSL 10.84 0 (5.309308 3.773942 1.759275)
LSR 16.07 0 (5.729719 5.391759 4.944321)
RSL 5.05 0 (1.471718 1.325655 2.257116)
RSR 9.85 0 (0.622148 4.350739 4.875639)
RLR inf 1 (inf inf inf)
LRL 8.42 0 (0.934720 3.817196 3.667873)

# 0.785398 1.570796 4.400000
# best = 2 = RSL
LSL 11.24 0 (5.327292 4.167532 1.741291)
LSR 16.46 0 (5.713860 5.813497 4.928462)
RSL 5.38 0 (1.330031 1.936924 2.115429)
RSR 10.24 0 (0.635847 4.745866 4.861940)
RLR inf 1 (inf inf inf)
LRL inf 1 (inf inf inf)

# 0.785398 1.570796 4.800000
# best = 2 = RSL
LSL 11.63 0 (5.342169 4.562237 1.726415)
LSR 16.85 0 (5.700069 6.232370 4.914671)
RSL 5.73 0 (1.242679 2.462923 2.028077)
RSR 10.64 0 (0.647438 5.141747 4.850349)
RLR inf 1 (inf inf inf)
LRL inf 1 (inf inf inf)

# 0.785398 1.570796 5.200000
# best = 2 = RSL
LSL 12.03 0 (5.354674 4.957791 1.713909)
LSR 17.24 0 (5.687960 6.648919 4.902562)
RSL 6.10 0 (1.181499 2.949628 1.966897)
RSR 11.04 0 (0.657371 5.538220 4.840416)
RLR inf 1 (inf inf inf)
LRL inf 1 (inf inf inf)

# 0.785398 1.570796 5.600000
# best = 2 = RSL
LSL 12.42 0 (5.365330 5.354006 1.703254)
LSR 17.63 0 (5.677239 7.063555 4.891841)
RSL 6.47 0 (1.135661 3.413886 1.921059)
RSR 11.43 0 (0.665976 5.935166 4.831811)
RLR inf 1 (inf inf inf)
LRL inf 1 (inf inf inf)

# 0.785398 1.570796 6.000000
# best = 2 = RSL
LSL 12.82 0 (5.374516 5.750745 1.694067)
LSR 18.03 0 (5.667678 7.476596 4.882280)
RSL 6.85 0 (1.099796 3.863798 1.885194)
RSR 11.83 0 (0.673501 6.332496 4.824286)
RLR inf 1 (inf inf inf)
LRL inf 1 (inf inf inf)

# 0.785398 1.570796 6.400000
# best = 2 = RSL
LSL 13.22 0 (5.382516 6.147906 1.686067)
LSR 18.42 0 (5.659095 7.888294 4.873697)
RSL 7.23 0 (1.070857 4.303864 1.856255)
RSR 12.23 0 (0.680138 6.730143 4.817649)
RLR inf 1 (inf inf inf)
LRL inf 1 (inf inf inf)

# 0.785398 1.570796 6.800000
# best = 2 = RSL
LSL 13.61 0 (5.389545 6.545413 1.679038)
LSR 18.82 0 (5.651346 8.298847 4.865948)
RSL 7.62 0 (1.046954 4.736830 1.832352)
RSR 12.63 0 (0.686034 7.128053 4.811753)
RLR inf 1 (inf inf inf)
LRL inf 1 (inf inf inf)

# 0.785398 1.570796 7.200000
# best = 2 = RSL
LSL 14.01 0 (5.395769 6.943207 1.672814)
LSR 19.21 0 (5.644315 8.708418 4.858917)
RSL 8.00 0 (1.026847 5.164482 1.812245)
RSR 13.02 0 (0.691306 7.526184 4.806481)
RLR inf 1 (inf inf inf)
LRL inf 1 (inf inf inf)

# 0.785398 1.570796 7.600000
# best = 2 = RSL
LSL 14.41 0 (5.401318 7.341240 1.667265)
LSR 19.61 0 (5.637904 9.117140 4.852506)
RSL 8.39 0 (1.009677 5.588040 1.795075)
RSR 13.42 0 (0.696049 7.924504 4.801739)
RLR inf 1 (inf inf inf)
LRL inf 1 (inf inf inf)

# 0.785398 1.570796 8.000000
# best = 2 = RSL
LSL 14.81 0 (5.406296 7.739476 1.662287)
LSR 20.00 0 (5.632036 9.525120 4.846638)
RSL 8.78 0 (0.994834 6.008370 1.780232)
RSR 13.82 0 (0.700337 8.322985 4.797450)
RLR inf 1 (inf inf inf)
LRL inf 1 (inf inf inf)

# 1.178097 1.570796 0.400000
# best = 3 = RSR
LSL 7.18 0 (4.236656 0.501343 2.439228)
LSR 12.76 0 (5.956333 1.243729 5.563634)
RSL inf 1 (inf inf inf)
RSR 6.50 0 (0.501072 0.610850 5.389414)
RLR 11.56 0 (3.489352 5.976561 2.094510)
LRL 12.46 0 (0.969397 6.031853 5.455155)

# 1.178097 1.570796 0.800000
# best = 3 = RSR
LSL 7.49 0 (4.618779 0.818809 2.057105)
LSR 13.05 0 (5.779607 1.888377 5.386908)
RSL inf 1 (inf inf inf)
RSR 6.85 0 (0.766280 0.956051 5.124206)
RLR 11.21 0 (3.666524 5.800487 1.741264)
LRL 12.13 0 (1.271027 5.870866 4.992538)

# 1.178097 1.570796 1.200000
# best = 3 = RSR
LSL 7.86 0 (4.776900 1.187245 1.898985)
LSR 13.38 0 (5.671822 2.430035 5.279123)
RSL inf 1 (inf inf inf)
RSR 7.22 0 (0.886750 1.332265 5.003736)
RLR 10.82 0 (3.688789 5.604078 1.522590)
LRL 11.75 0 (1.333955 5.680482 4.739225)

# 1.178097 1.570796 1.600000
# best = 3 = RSR
LSL 8.25 0 (4.859052 1.571195 1.816833)
LSR 13.73 0 (5.596426 2.926461 5.203727)
RSL inf 1 (inf inf inf)
RSR 7.61 0 (0.953630 1.719252 4.936857)
RLR 10.40 0 (3.650937 5.394614 1.350978)
LRL 11.34 0 (1.313786 5.475839 4.554752)

# 1.178097 1.570796 2.000000
# best = 3 = RSR
LSL 8.64 0 (4.908739 1.961570 1.767145)
LSR 14.08 0 (5.539909 3.397540 5.147210)
RSL inf 1 (inf inf inf)
RSR 8.00 0 (0.995817 2.111095 4.894669)
RLR 9.95 0 (3.581432 5.171230 1.197099)
LRL 10.91 0 (1.254606 5.258105 4.396198)

# 1.178097 1.570796 2.400000
# best = 3 = RSR
LSL 9.03 0 (4.941879 2.355178 1.734006)
LSR 14.45 0 (5.495650 3.852581 5.102951)
RSL inf 1 (inf inf inf)
RSR 8.40 0 (1.024761 2.505518 4.865726)
RLR 9.47 0 (3.489453 4.929385 1.047233)
LRL 10.44 0 (1.170720 5.024052 4.246032)

# 1.178097 1.570796 2.800000
# best = 3 = RSR
LSL 9.43 0 (4.965510 2.750630 1.710374)
LSR 14.82 0 (5.459903 4.296683 5.067204)
RSL inf 1 (inf inf inf)
RSR 8.79 0 (1.045819 2.901468 4.844668)
RLR 8.93 0 (3.375844 4.660051 0.891508)
LRL 9.93 0 (1.065659 4.766670 4.093709)

# 1.178097 1.570796 3.200000
# best = 4 = RLR
LSL 9.82 0 (4.983193 3.147232 1.692691)
LSR 15.20 0 (5.430352 4.732926 5.037653)
RSL inf 1 (inf inf inf)
RSR 9.19 0 (1.061814 3.298395 4.828672)
RLR 8.30 0 (3.233914 4.344200 0.717587)
LRL 9.34 0 (0.935980 4.471945 3.928664)

# 1.178097 1.570796 3.600000
# best = 4 = RLR
LSL 10.22 0 (4.996915 3.544598 1.678969)
LSR 15.58 0 (5.405474 5.163302 5.012775)
RSL inf 1 (inf inf inf)
RSR 9.59 0 (1.074371 3.695986 4.816115)
RLR 7.46 0 (3.037561 3.926380 0.496120)
LRL 8.60 0 (0.766354 4.105248 3.731593)

# 1.178097 1.570796 4.000000
# best = 2 = RSL
LSL 10.62 0 (5.007869 3.942496 1.668015)
LSR 15.96 0 (5.384215 5.589168 4.991516)
RSL 5.55 0 (2.240752 0.675813 2.633451)
RSR 9.98 0 (1.084487 4.094045 4.805999)
RLR inf 1 (inf inf inf)
LRL 7.35 0 (0.465248 3.481128 3.408579)

# 1.178097 1.570796 4.400000
# best = 2 = RSL
LSL 11.02 0 (5.016814 4.340781 1.659071)
LSR 16.35 0 (5.365825 6.011481 4.973126)
RSL 5.80 0 (1.949125 1.509179 2.341824)
RSR 10.38 0 (1.092810 4.492449 4.797676)
RLR inf 1 (inf inf inf)
LRL inf 1 (inf inf inf)

# 1.178097 1.570796 4.800000
# best = 2 = RSL
LSL 11.42 0 (5.024254 4.739355 1.651630)
LSR 16.74 0 (5.349750 6.430941 4.957051)
RSL 6.11 0 (1.806349 2.102027 2.199048)
RSR 10.78 0 (1.099776 4.891114 4.790710)
RLR inf 1 (inf inf inf)
LRL inf 1 (inf inf inf)

# 1.178097 1.570796 5.200000
# best = 2 = RSL
LSL 11.81 0 (5.030540 5.138150 1.645344)
LSR 17.13 0 (5.335571 6.848073 4.942872)
RSL 6.44 0 (1.713283 2.622864 2.105982)
RSR 11.18 0 (1.105693 5.289981 4.784794)
RLR inf 1 (inf inf inf)
LRL inf 1 (inf inf inf)

# 1.178097 1.570796 5.600000
# best = 2 = RSL
LSL 12.21 0 (5.035921 5.537119 1.639963)
LSR 17.52 0 (5.322968 7.263278 4.930269)
RSL 6.79 0 (1.646148 3.108104 2.038847)
RSR 11.58 0 (1.110779 5.689006 4.779707)
RLR inf 1 (inf inf inf)
LRL inf 1 (inf inf inf)

# 1.178097 1.570796 6.000000
# best = 2 = RSL
LSL 12.61 0 (5.040578 5.936227 1.635306)
LSR 17.91 0 (5.311689 7.676869 4.918990)
RSL 7.15 0 (1.594873 3.572283 1.987572)
RSR 11.98 0 (1.115199 6.088160 4.775288)
RLR inf 1 (inf inf inf)
LRL inf 1 (inf inf inf)

# 1.178097 1.570796 6.400000
# best = 2 = RSL
LSL 13.01 0 (5.044648 6.335448 1.631236)
LSR 18.30 0 (5.301532 8.089092 4.908833)
RSL 7.52 0 (1.554198 4.022698 1.946897)
RSR 12.38 0 (1.119074 6.487417 4.771412)
RLR inf 1 (inf inf inf)
LRL inf 1 (inf inf inf)

# 1.178097 1.570796 6.800000
# best = 2 = RSL
LSL 13.41 0 (5.048236 6.734761 1.627649)
LSR 18.69 0 (5.292337 8.500148 4.899638)
RSL 7.90 0 (1.521030 4.463519 1.913729)
RSR 12.78 0 (1.122500 6.886761 4.767986)
RLR inf 1 (inf inf inf)
LRL inf 1 (inf inf inf)

# 1.178097 1.570796 7.200000
# best = 2 = RSL
LSL 13.81 0 (5.051421 7.134151 1.624463)
LSR 19.09 0 (5.283972 8.910198 4.891273)
RSL 8.28 0 (1.493407 4.897336 1.886106)
RSR 13.18 0 (1.125551 7.286177 4.764935)
RLR inf 1 (inf inf inf)
LRL inf 1 (inf inf inf)

# 1.178097 1.570796 7.600000
# best = 2 = RSL
LSL 14.21 0 (5.054270 7.533605 1.621615)
LSR 19.48 0 (5.276329 9.319374 4.883630)
RSL 8.66 0 (1.470011 5.325861 1.862710)
RSR 13.58 0 (1.128284 7.685654 4.762202)
RLR inf 1 (inf inf inf)
LRL inf 1 (inf inf inf)

# 1.178097 1.570796 8.000000
# best = 2 = RSL
LSL 14.61 0 (5.056831 7.933115 1.619053)
LSR 19.87 0 (5.269317 9.727786 4.876618)
RSL 9.04 0 (1.449920 5.750277 1.842619)
RSR 13.98 0 (1.130748 8.085182 4.759738)
RLR inf 1 (inf inf inf)
LRL inf 1 (inf inf inf)

# 1.570796 1.570796 0.400000
# best = 0 = LSL
LSL 6.68 0 (4.712389 0.400000 1.570796)
LSR 12.72 0 (5.697500 1.326650 5.697500)
RSL inf 1 (inf inf inf)
RSR 6.68 0 (1.570796 0.400000 4.712389)
RLR 12.17 0 (4.612221 6.082850 1.470629)
LRL 12.17 0 (1.470629 6.082850 4.612221)

# 1.570796 1.570796 0.800000
# best = 0 = LSL
LSL 7.08 0 (4.712389 0.800000 1.570796)
LSR 12.98 0 (5.507992 1.959592 5.507992)
RSL inf 1 (inf inf inf)
RSR 7.08 0 (1.570796 0.800000 4.712389)
RLR 11.76 0 (4.511031 5.880469 1.369439)
LRL 11.76 0 (1.369439 5.880469 4.511031)

# 1.570796 1.570796 1.200000
# best = 3 = RSR
LSL 7.48 0 (4.712389 1.200000 1.570796)
LSR 13.27 0 (5.387521 2.497999 5.387521)
RSL inf 1 (inf inf inf)
RSR 7.48 0 (1.570796 1.200000 4.712389)
RLR 11.35 0 (4.407696 5.673800 1.266104)
LRL 11.35 0 (1.266104 5.673800 4.407696)

# 1.570796 1.570796 1.600000
# best = 0 = LSL
LSL 7.88 0 (4.712389 1.600000 1.570796)
LSR 13.60 0 (5.301420 2.993326 5.301420)
RSL inf 1 (inf inf inf)
RSR 7.88 0 (1.570796 1.600000 4.712389)
RLR 10.92 0 (4.300872 5.460152 1.159280)
LRL 10.92 0 (1.159280 5.460152 4.300872)

# 1.570796 1.570796 2.000000
# best = 0 = LSL
LSL 8.28 0 (4.712389 2.000000 1.570796)
LSR 13.94 0 (5.235988 3.464102 5.235988)
RSL inf 1 (inf inf inf)
RSR 8.28 0 (1.570796 2.000000 4.712389)
RLR 10.47 0 (4.188790 5.235988 1.047198)
LRL 10.47 0 (1.047198 5.235988 4.188790)

# 1.570796 1.570796 2.400000
# best = 0 = LSL
LSL 8.68 0 (4.712389 2.400000 1.570796)
LSR 14.29 0 (5.184251 3.919184 5.184251)
RSL inf 1 (inf inf inf)
RSR 8.68 0 (1.570796 2.400000 4.712389)
RLR 9.99 0 (4.068888 4.996183 0.927296)
LRL 9.99 0 (0.927296 4.996183 4.068888)

# 1.570796 1.570796 2.800000
# best = 0 = LSL
LSL 9.08 0 (4.712389 2.800000 1.570796)
LSR 14.65 0 (5.142165 4.363485 5.142165)
RSL inf 1 (inf inf inf)
RSR 9.08 0 (1.570796 2.800000 4.712389)
RLR 9.46 0 (3.936991 4.732390 0.795399)
LRL 9.46 0 (0.795399 4.732390 3.936991)

# 1.570796 1.570796 3.200000
# best = 4 = RLR
LSL 9.48 0 (4.712389 3.200000 1.570796)
LSR 15.01 0 (5.107180 4.800000 5.107180)
RSL inf 1 (inf inf inf)
RSR 9.48 0 (1.570796 3.200000 4.712389)
RLR 8.86 0 (3.785093 4.428595 0.643501)
LRL 8.86 0 (0.643501 4.428595 3.785093)

# 1.570796 1.570796 3.600000
# best = 4 = RLR
LSL 9.88 0 (4.712389 3.600000 1.570796)
LSR 15.39 0 (5.077596 5.230679 5.077596)
RSL inf 1 (inf inf inf)
RSR 9.88 0 (1.570796 3.600000 4.712389)
RLR 8.09 0 (3.592619 4.043646 0.451027)
LRL 8.09 0 (0.451027 4.043646 3.592619)

# 1.570796 1.570796 4.000000
# best = 2 = RSL
LSL 10.28 0 (4.712389 4.000000 1.570796)
LSR 15.76 0 (5.052226 5.656854 5.052226)
RSL 6.28 0 (3.141592 0.000001 3.141592)
RSR 10.28 0 (1.570796 4.000000 4.712389)
RLR 6.28 0 (3.141592 3.141593 0.000000)
LRL 6.28 0 (0.000000 3.141593 3.141592)

# 1.570796 1.570796 4.400000
# best = 2 = RSL
LSL 10.68 0 (4.712389 4.400000 1.570796)
LSR 16.14 0 (5.030213 6.079474 5.030213)
RSL 6.44 0 (2.555907 1.326650 2.555907)
RSR 10.68 0 (1.570796 4.400000 4.712389)
RLR inf 1 (inf inf inf)
LRL inf 1 (inf inf inf)

# 1.570796 1.570796 4.800000
# best = 2 = RSL
LSL 11.08 0 (4.712389 4.800000 1.570796)
LSR 16.52 0 (5.010921 6.499231 5.010921)
RSL 6.69 0 (2.366399 1.959592 2.366399)
RSR 11.08 0 (1.570796 4.800000 4.712389)
RLR inf 1 (inf inf inf)
LRL inf 1 (inf inf inf)

# 1.570796 1.570796 5.200000
# best = 2 = RSL
LSL 11.48 0 (4.712389 5.200000 1.570796)
LSR 16.90 0 (4.993869 6.916647 4.993869)
RSL 6.99 0 (2.245927 2.497999 2.245927)
RSR 11.48 0 (1.570796 5.200000 4.712389)
RLR inf 1 (inf inf inf)
LRL inf 1 (inf inf inf)

# 1.570796 1.570796 5.600000
# best = 2 = RSL
LSL 11.88 0 (4.712389 5.600000 1.570796)
LSR 17.29 0 (4.978683 7.332121 4.978683)
RSL 7.31 0 (2.159827 2.993326 2.159827)
RSR 11.88 0 (1.570796 5.600000 4.712389)
RLR inf 1 (inf inf inf)
LRL inf 1 (inf inf inf)

# 1.570796 1.570796 6.000000
# best = 2 = RSL
LSL 12.28 0 (4.712389 6.000000 1.570796)
LSR 17.68 0 (4.965069 7.745967 4.965069)
RSL 7.65 0 (2.094395 3.464102 2.094395)
RSR 12.28 0 (1.570796 6.000000 4.712389)
RLR inf 1 (inf inf inf)
LRL inf 1 (inf inf inf)

# 1.570796 1.570796 6.400000
# best = 2 = RSL
LSL 12.68 0 (4.712389 6.400000 1.570796)
LSR 18.06 0 (4.952793 8.158431 4.952793)
RSL 8.00 0 (2.042658 3.919184 2.042658)
RSR 12.68 0 (1.570796 6.400000 4.712389)
RLR inf 1 (inf inf inf)
LRL inf 1 (inf inf inf)

# 1.570796 1.570796 6.800000
# best = 2 = RSL
LSL 13.08 0 (4.712389 6.800000 1.570796)
LSR 18.45 0 (4.941665 8.569714 4.941665)
RSL 8.36 0 (2.000571 4.363485 2.000571)
RSR 13.08 0 (1.570796 6.800000 4.712389)
RLR inf 1 (inf inf inf)
LRL inf 1 (inf inf inf)

# 1.570796 1.570796 7.200000
# best = 2 = RSL
LSL 13.48 0 (4.712389 7.200000 1.570796)
LSR 18.84 0 (4.931530 8.979978 4.931530)
RSL 8.73 0 (1.965587 4.800000 1.965587)
RSR 13.48 0 (1.570796 7.200000 4.712389)
RLR inf 1 (inf inf inf)
LRL inf 1 (inf inf inf)

# 1.570796 1.570796 7.600000
# best = 2 = RSL
LSL 13.88 0 (4.712389 7.600000 1.570796)
LSR 19.23 0 (4.922260 9.389356 4.922260)
RSL 9.10 0 (1.936003 5.230679 1.936003)
RSR 13.88 0 (1.570796 7.600000 4.712389)
RLR inf 1 (inf inf inf)
LRL inf 1 (inf inf inf)

# 1.570796 1.570796 8.000000
# best = 2 = RSL
LSL 14.28 0 (4.712389 8.000000 1.570796)
LSR 19.63 0 (4.913747 9.797959 4.913747)
RSL 9.48 0 (1.910633 5.656854 1.910633)
RSR 14.28 0 (1.570796 8.000000 4.712389)
RLR inf 1 (inf inf inf)
LRL inf 1 (inf inf inf)

# 1.963495 1.570796 0.400000
# best = 0 = LSL
LSL 6.39 0 (5.188122 0.501343 0.702364)
LSR 12.63 0 (5.497354 1.243729 5.890053)
RSL inf 1 (inf inf inf)
RSR 7.29 0 (2.640520 0.610850 4.035364)
RLR 12.35 0 (5.628801 5.976561 0.740459)
LRL 11.67 0 (1.920863 6.031853 3.718291)

# 1.963495 1.570796 0.800000
# best = 0 = LSL
LSL 6.71 0 (4.805999 0.818809 1.084487)
LSR 12.83 0 (5.273366 1.888377 5.666065)
RSL inf 1 (inf inf inf)
RSR 7.63 0 (2.375312 0.956051 4.300572)
RLR 11.99 0 (5.275556 5.800487 0.917631)
LRL 11.35 0 (1.458247 5.870866 4.019920)

# 1.963495 1.570796 1.200000
# best = 0 = LSL
LSL 7.08 0 (4.647879 1.187246 1.242608)
LSR 13.08 0 (5.130214 2.430035 5.522913)
RSL inf 1 (inf inf inf)
RSR 8.01 0 (2.254842 1.332265 4.421042)
RLR 11.60 0 (5.056881 5.604078 0.939896)
LRL 10.97 0 (1.204934 5.680482 4.082848)

# 1.963495 1.570796 1.600000
# best = 0 = LSL
LSL 7.46 0 (4.565727 1.571196 1.324759)
LSR 13.37 0 (5.027374 2.926461 5.420073)
RSL inf 1 (inf inf inf)
RSR 8.40 0 (2.187962 1.719252 4.487922)
RLR 11.18 0 (4.885270 5.394614 0.902044)
LRL 10.56 0 (1.020461 5.475839 4.062679)

# 1.963495 1.570796 2.000000
# best = 0 = LSL
LSL 7.85 0 (4.516040 1.961571 1.374447)
LSR 13.69 0 (4.948950 3.397540 5.341649)
RSL inf 1 (inf inf inf)
RSR 8.79 0 (2.145775 2.111095 4.530109)
RLR 10.74 0 (4.731390 5.171230 0.832539)
LRL 10.12 0 (0.861907 5.258105 4.003499)

# 1.963495 1.570796 2.400000
# best = 0 = LSL
LSL 8.25 0 (4.482900 2.355178 1.407586)
LSR 14.02 0 (4.886801 3.852581 5.279500)
RSL inf 1 (inf inf inf)
RSR 9.18 0 (2.116831 2.505518 4.559053)
RLR 10.25 0 (4.581524 4.929386 0.740560)
LRL 9.66 0 (0.711741 5.024052 3.919612)

# 1.963495 1.570796 2.800000
# best = 0 = LSL
LSL 8.64 0 (4.459269 2.750630 1.431218)
LSR 14.36 0 (4.836172 4.296683 5.228871)
RSL inf 1 (inf inf inf)
RSR 9.58 0 (2.095773 2.901468 4.580111)
RLR 9.71 0 (4.425799 4.660051 0.626951)
LRL 9.14 0 (0.559418 4.766670 3.814552)

# 1.963495 1.570796 3.200000
# best = 5 = LRL
LSL 9.04 0 (4.441586 3.147232 1.448901)
LSR 14.71 0 (4.794050 4.732926 5.186749)
RSL inf 1 (inf inf inf)
RSR 9.97 0 (2.079778 3.298395 4.596106)
RLR 9.08 0 (4.251878 4.344200 0.485021)
LRL 8.55 0 (0.394373 4.471945 3.684873)

# 1.963495 1.570796 3.600000
# best = 5 = LRL
LSL 9.44 0 (4.427864 3.544598 1.462623)
LSR 15.07 0 (4.758411 5.163303 5.151110)
RSL inf 1 (inf inf inf)
RSR 10.37 0 (2.067221 3.695985 4.608663)
RLR 8.25 0 (4.030411 3.926380 0.288668)
LRL 7.82 0 (0.197302 4.105248 3.515247)

# 1.963495 1.570796 4.000000
# best = 2 = RSL
LSL 9.83 0 (4.416910 3.942496 1.473577)
LSR 15.44 0 (4.727838 5.589168 5.120537)
RSL 7.06 0 (3.390711 0.675812 2.998012)
RSR 10.77 0 (2.057105 4.094045 4.618779)
RLR inf 1 (inf inf inf)
LRL 12.85 0 (6.157473 3.481127 3.214140)

# 1.963495 1.570796 4.400000
# best = 2 = RSL
LSL 10.23 0 (4.407965 4.340781 1.482521)
LSR 15.81 0 (4.701308 6.011481 5.094007)
RSL 7.20 0 (3.041196 1.509178 2.648497)
RSR 11.17 0 (2.048782 4.492449 4.627102)
RLR inf 1 (inf inf inf)
LRL inf 1 (inf inf inf)

# 1.963495 1.570796 4.800000
# best = 2 = RSL
LSL 10.63 0 (4.400524 4.739355 1.489962)
LSR 16.18 0 (4.678057 6.430941 5.070756)
RSL 7.42 0 (2.856304 2.102026 2.463605)
RSR 11.57 0 (2.041816 4.891114 4.634069)
RLR inf 1 (inf inf inf)
LRL inf 1 (inf inf inf)

# 1.963495 1.570796 5.200000
# best = 2 = RSL
LSL 11.03 0 (4.394238 5.138150 1.496248)
LSR 16.56 0 (4.657507 6.848073 5.050206)
RSL 7.69 0 (2.731247 2.622863 2.338548)
RSR 11.97 0 (2.035899 5.289980 4.639985)
RLR inf 1 (inf inf inf)
LRL inf 1 (inf inf inf)

# 1.963495 1.570796 5.600000
# best = 2 = RSL
LSL 11.43 0 (4.388858 5.537120 1.501629)
LSR 16.93 0 (4.639208 7.263278 5.031907)
RSL 7.99 0 (2.638999 3.108103 2.246300)
RSR 12.36 0 (2.030813 5.689006 4.645071)
RLR inf 1 (inf inf inf)
LRL inf 1 (inf inf inf)

# 1.963495 1.570796 6.000000
# best = 2 = RSL
LSL 11.83 0 (4.384201 5.936228 1.506286)
LSR 17.32 0 (4.622805 7.676869 5.015504)
RSL 8.31 0 (2.567491 3.572283 2.174792)
RSR 12.76 0 (2.026393 6.088159 4.649491)
RLR inf 1 (inf inf inf)
LRL inf 1 (inf inf inf)

# 1.963495 1.570796 6.400000
# best = 2 = RSL
LSL 12.23 0 (4.380131 6.335448 1.510356)
LSR 17.70 0 (4.608018 8.089093 5.000717)
RSL 8.65 0 (2.510170 4.022698 2.117471)
RSR 13.16 0 (2.022518 6.487417 4.653366)
RLR inf 1 (inf inf inf)
LRL inf 1 (inf inf inf)

# 1.963495 1.570796 6.800000
# best = 2 = RSL
LSL 12.63 0 (4.376543 6.734761 1.513943)
LSR 18.08 0 (4.594615 8.500148 4.987314)
RSL 9.00 0 (2.463069 4.463518 2.070370)
RSR 13.56 0 (2.019092 6.886761 4.656793)
RLR inf 1 (inf inf inf)
LRL inf 1 (inf inf inf)

# 1.963495 1.570796 7.200000
# best = 2 = RSL
LSL 13.02 0 (4.373357 7.134151 1.517129)
LSR 18.47 0 (4.582411 8.910198 4.975110)
RSL 9.35 0 (2.423613 4.897335 2.030914)
RSR 13.96 0 (2.016041 7.286177 4.659843)
RLR inf 1 (inf inf inf)
LRL inf 1 (inf inf inf)

# 1.963495 1.570796 7.600000
# best = 2 = RSL
LSL 13.42 0 (4.370509 7.533606 1.519977)
LSR 18.85 0 (4.571250 9.319374 4.963949)
RSL 9.71 0 (2.390045 5.325860 1.997346)
RSR 14.36 0 (2.013308 7.685653 4.662577)
RLR inf 1 (inf inf inf)
LRL inf 1 (inf inf inf)

# 1.963495 1.570796 8.000000
# best = 2 = RSL
LSL 13.82 0 (4.367948 7.933115 1.522539)
LSR 19.24 0 (4.561004 9.727787 4.953703)
RSL 10.08 0 (2.361115 5.750277 1.968416)
RSR 14.76 0 (2.010844 8.085182 4.665040)
RLR inf 1 (inf inf inf)
LRL inf 1 (inf inf inf)

# 2.356194 1.570796 0.400000
# best = 0 = LSL
LSL 6.21 0 (5.347458 0.715173 0.150329)
LSR 12.50 0 (5.370193 0.969484 6.155591)
RSL inf 1 (inf inf inf)
RSR 8.06 0 (3.151745 0.990000 3.916839)
RLR 12.35 0 (6.043238 5.782987 0.525147)
LRL 11.06 0 (2.026106 5.923666 3.112162)

# 2.356194 1.570796 0.800000
# best = 0 = LSL
LSL 6.37 0 (4.875639 0.870148 0.622148)
LSR 12.61 0 (5.077259 1.669007 5.862657)
RSL inf 1 (inf inf inf)
RSR 8.37 0 (2.930461 1.301697 4.138123)
RLR 12.03 0 (5.740593 5.620265 0.665070)
LRL 10.90 0 (1.514756 5.844605 3.544451)

# 2.356194 1.570796 1.200000
# best = 0 = LSL
LSL 6.65 0 (4.589118 1.150149 0.908669)
LSR 12.81 0 (4.897753 2.225145 5.683151)
RSL inf 1 (inf inf inf)
RSR 8.72 0 (2.798539 1.651887 4.270044)
RLR 11.65 0 (5.514417 5.431756 0.702737)
LRL 10.61 0 (1.155871 5.699876 3.758607)

# 2.356194 1.570796 1.600000
# best = 0 = LSL
LSL 6.98 0 (4.422876 1.486112 1.074911)
LSR 13.05 0 (4.770416 2.727078 5.555814)
RSL inf 1 (inf inf inf)
RSR 9.09 0 (2.713701 2.020654 4.354883)
RLR 11.23 0 (5.325722 5.224042 0.683719)
LRL 10.26 0 (0.900629 5.521877 3.835850)

# 2.356194 1.570796 2.000000
# best = 0 = LSL
LSL 7.35 0 (4.319690 1.847759 1.178097)
LSR 13.33 0 (4.674012 3.200413 5.459410)
RSL inf 1 (inf inf inf)
RSR 9.47 0 (2.655331 2.399449 4.413253)
RLR 10.78 0 (5.153594 4.996527 0.628331)
LRL 9.86 0 (0.697917 5.322823 3.839509)

# 2.356194 1.570796 2.400000
# best = 0 = LSL
LSL 7.72 0 (4.250764 2.222589 1.247023)
LSR 13.64 0 (4.598027 3.656272 5.383425)
RSL inf 1 (inf inf inf)
RSR 9.85 0 (2.612980 2.784182 4.455604)
RLR 10.27 0 (4.984697 4.743435 0.544136)
LRL 9.42 0 (0.520030 5.104903 3.799475)

# 2.356194 1.570796 2.800000
# best = 0 = LSL
LSL 8.10 0 (4.201892 2.604916 1.295896)
LSR 13.96 0 (4.536407 4.100489 5.321805)
RSL inf 1 (inf inf inf)
RSR 10.24 0 (2.580954 3.172694 4.487629)
RLR 9.69 0 (4.806544 4.451180 0.430034)
LRL 8.94 0 (0.351096 4.864780 3.728286)

# 2.356194 1.570796 3.200000
# best = 5 = LRL
LSL 8.49 0 (4.165592 2.991868 1.332196)
LSR 14.29 0 (4.485340 4.536485 5.270738)
RSL inf 1 (inf inf inf)
RSR 10.63 0 (2.555936 3.563748 4.512647)
RLR 8.95 0 (4.598124 4.084377 0.271650)
LRL 8.40 0 (0.179005 4.593198 3.628795)

# 2.356194 1.570796 3.600000
# best = 2 = RSL
LSL 8.88 0 (4.137634 3.381857 1.360153)
LSR 14.64 0 (4.442284 4.966426 5.227682)
RSL 7.79 0 (4.141396 0.288171 3.355998)
RSR 11.03 0 (2.535875 3.956591 4.532708)
RLR 13.94 0 (4.254129 3.436508 6.250962)
LRL 14.03 0 (6.271793 4.268317 3.494312)

# 2.356194 1.570796 4.000000
# best = 2 = RSL
LSL 9.27 0 (4.115471 3.773943 1.382317)
LSR 14.99 0 (4.405466 5.391760 5.190864)
RSL 7.82 0 (3.640787 1.325653 2.855389)
RSR 11.42 0 (2.519444 4.350739 4.549139)
RLR inf 1 (inf inf inf)
LRL 13.13 0 (6.024068 3.817195 3.290914)

# 2.356194 1.570796 4.400000
# best = 2 = RSL
LSL 9.67 0 (4.097486 4.167533 1.400301)
LSR 15.35 0 (4.373606 5.813498 5.159004)
RSL 7.98 0 (3.414398 1.936923 2.629000)
RSR 11.81 0 (2.505745 4.745866 4.562838)
RLR inf 1 (inf inf inf)
LRL inf 1 (inf inf inf)

# 2.356194 1.570796 4.800000
# best = 2 = RSL
LSL 10.06 0 (4.082610 4.562238 1.415177)
LSR 15.71 0 (4.345757 6.232371 5.131155)
RSL 8.20 0 (3.262996 2.462922 2.477598)
RSR 12.21 0 (2.494154 5.141747 4.574429)
RLR inf 1 (inf inf inf)
LRL inf 1 (inf inf inf)

# 2.356194 1.570796 5.200000
# best = 2 = RSL
LSL 10.46 0 (4.070105 4.957792 1.427683)
LSR 16.08 0 (4.321201 6.648919 5.106599)
RSL 8.47 0 (3.151779 2.949627 2.366381)
RSR 12.61 0 (2.484221 5.538219 4.584362)
RLR inf 1 (inf inf inf)
LRL inf 1 (inf inf inf)

# 2.356194 1.570796 5.600000
# best = 2 = RSL
LSL 10.85 0 (4.059449 5.354007 1.438338)
LSR 16.45 0 (4.299382 7.063555 5.084780)
RSL 8.76 0 (3.065820 3.413885 2.280422)
RSR 13.00 0 (2.475616 5.935165 4.592967)
RLR inf 1 (inf inf inf)
LRL inf 1 (inf inf inf)

# 2.356194 1.570796 6.000000
# best = 2 = RSL
LSL 11.25 0 (4.050262 5.750745 1.447525)
LSR 16.82 0 (4.279864 7.476597 5.065262)
RSL 9.07 0 (2.997092 3.863797 2.211694)
RSR 13.40 0 (2.468091 6.332496 4.600493)
RLR inf 1 (inf inf inf)
LRL inf 1 (inf inf inf)

# 2.356194 1.570796 6.400000
# best = 2 = RSL
LSL 11.65 0 (4.042262 6.147907 1.455525)
LSR 17.20 0 (4.262300 7.888294 5.047698)
RSL 9.40 0 (2.940755 4.303864 2.155357)
RSR 13.80 0 (2.461454 6.730142 4.607129)
RLR inf 1 (inf inf inf)
LRL inf 1 (inf inf inf)

# 2.356194 1.570796 6.800000
# best = 2 = RSL
LSL 12.04 0 (4.035233 6.545414 1.462554)
LSR 17.58 0 (4.246408 8.298848 5.031806)
RSL 9.74 0 (2.893670 4.736830 2.108272)
RSR 14.20 0 (2.455558 7.128052 4.613025)
RLR inf 1 (inf inf inf)
LRL inf 1 (inf inf inf)

# 2.356194 1.570796 7.200000
# best = 2 = RSL
LSL 12.44 0 (4.029010 6.943207 1.468778)
LSR 17.96 0 (4.231960 8.708419 5.017358)
RSL 10.09 0 (2.853697 5.164482 2.068299)
RSR 14.59 0 (2.450286 7.526184 4.618298)
RLR inf 1 (inf inf inf)
LRL inf 1 (inf inf inf)

# 2.356194 1.570796 7.600000
# best = 2 = RSL
LSL 12.84 0 (4.023461 7.341241 1.474327)
LSR 18.34 0 (4.218767 9.117140 5.004165)
RSL 10.44 0 (2.819318 5.588039 2.033920)
RSR 14.99 0 (2.445543 7.924504 4.623040)
RLR inf 1 (inf inf inf)
LRL inf 1 (inf inf inf)

# 2.356194 1.570796 8.000000
# best = 2 = RSL
LSL 13.24 0 (4.018483 7.739477 1.479305)
LSR 18.72 0 (4.206672 9.525121 4.992070)
RSL 10.80 0 (2.789423 6.008369 2.004025)
RSR 15.39 0 (2.441255 8.322985 4.627328)
RLR inf 1 (inf inf inf)
LRL inf 1 (inf inf inf)

# 2.748894 1.570796 0.400000
# best = 1 = LSR
LSL 12.34 0 (5.336110 0.949095 6.052163)
LSR 6.06 0 (5.494704 0.177516 0.389617)
RSL inf 1 (inf inf inf)
RSR 8.84 0 (3.486196 1.374223 3.975088)
RLR 12.34 0 (6.277088 5.581784 0.482795)
LRL 10.43 0 (1.954959 5.804068 2.671011)

# 2.748894 1.570796 0.800000
# best = 0 = LSL
LSL 6.05 0 (4.909871 0.941768 0.195216)
LSR 12.33 0 (4.939073 1.271872 6.117171)
RSL inf 1 (inf inf inf)
RSR 9.15 0 (3.326570 1.691846 4.134714)
RLR 12.00 0 (6.031451 5.409763 0.556410)
LRL 10.44 0 (1.530605 5.807839 3.099135)

# 2.748894 1.570796 1.200000
# best = 0 = LSL
LSL 6.20 0 (4.542406 1.092279 0.562681)
LSR 12.45 0 (4.694893 1.877180 5.872991)
RSL inf 1 (inf inf inf)
RSR 9.50 0 (3.219220 2.038675 4.242064)
RLR 11.61 0 (5.826013 5.213586 0.565671)
LRL 10.28 0 (1.124231 5.730020 3.427691)

# 2.748894 1.570796 1.600000
# best = 0 = LSL
LSL 6.45 0 (4.288857 1.348785 0.816230)
LSR 12.64 0 (4.529835 2.397906 5.707933)
RSL inf 1 (inf inf inf)
RSR 9.86 0 (3.143684 2.402093 4.317599)
RLR 11.17 0 (5.641122 4.994875 0.531851)
LRL 10.01 0 (0.803327 5.595311 3.613886)

# 2.748894 1.570796 2.000000
# best = 0 = LSL
LSL 6.77 0 (4.123340 1.662939 0.981747)
LSR 12.87 0 (4.407849 2.880295 5.585947)
RSL inf 1 (inf inf inf)
RSR 10.24 0 (3.088228 2.775590 4.373056)
RLR 10.68 0 (5.462933 4.749410 0.464575)
LRL 9.67 0 (0.552997 5.425684 3.694589)

# 2.748894 1.570796 2.400000
# best = 0 = LSL
LSL 7.11 0 (4.012434 2.007863 1.092653)
LSR 13.15 0 (4.313248 3.340994 5.491346)
RSL inf 1 (inf inf inf)
RSR 10.62 0 (3.046022 3.155591 4.415261)
RLR 10.11 0 (5.278602 4.465159 0.364655)
LRL 9.28 0 (0.344971 5.231445 3.708376)

# 2.748894 1.570796 2.800000
# best = 0 = LSL
LSL 7.48 0 (3.934702 2.370160 1.170385)
LSR 13.44 0 (4.237473 3.787927 5.415571)
RSL inf 1 (inf inf inf)
RSR 11.00 0 (3.012934 3.540001 4.448349)
RLR 9.40 0 (5.068032 4.110196 0.220262)
LRL 8.85 0 (0.158901 5.014768 3.677770)

# 2.748894 1.570796 3.200000
# best = 0 = LSL
LSL 7.85 0 (3.877828 2.742956 1.227259)
LSR 13.75 0 (4.175305 4.225463 5.353403)
RSL 8.41 0 (4.594922 0.395214 3.416824)
RSR 11.39 0 (2.986351 3.927526 4.474932)
RLR 14.51 0 (4.747796 3.522889 6.236377)
LRL 14.65 0 (6.263802 4.771948 3.613234)

# 2.748894 1.570796 3.600000
# best = 0 = LSL
LSL 8.23 0 (3.834667 3.122491 1.270420)
LSR 14.08 0 (4.123329 4.656252 5.301427)
RSL 8.41 0 (4.127483 1.330431 2.949385)
RSR 11.78 0 (2.964555 4.317327 4.496728)
RLR inf 1 (inf inf inf)
LRL 14.09 0 (6.080598 4.491862 3.516351)

# 2.748894 1.570796 4.000000
# best = 2 = RSL
LSL 8.61 0 (3.800909 3.506579 1.304178)
LSR 14.42 0 (4.079204 5.082010 5.257302)
RSL 8.53 0 (3.892848 1.924552 2.714750)
RSR 12.17 0 (2.946376 4.708840 4.514907)
RLR inf 1 (inf inf inf)
LRL 13.40 0 (5.873658 4.145498 3.376927)

# 2.748894 1.570796 4.400000
# best = 2 = RSL
LSL 9.00 0 (3.773841 3.893873 1.331246)
LSR 14.76 0 (4.041262 5.503906 5.219360)
RSL 8.73 0 (3.732473 2.440851 2.554375)
RSR 12.56 0 (2.930992 5.101669 4.530291)
RLR inf 1 (inf inf inf)
LRL 12.31 0 (5.575505 3.603328 3.132911)

# 2.748894 1.570796 4.800000
# best = 2 = RSL
LSL 9.39 0 (3.751683 4.283502 1.353404)
LSR 15.12 0 (4.008282 5.922763 5.186380)
RSL 8.97 0 (3.613333 2.920892 2.435235)
RSR 12.96 0 (2.917811 5.495532 4.543472)
RLR inf 1 (inf inf inf)
LRL inf 1 (inf inf inf)

# 2.748894 1.570796 5.200000
# best = 2 = RSL
LSL 9.78 0 (3.733227 4.674884 1.371860)
LSR 15.48 0 (3.979344 6.339185 5.157442)
RSL 9.24 0 (3.520637 3.380157 2.342539)
RSR 13.35 0 (2.906394 5.890223 4.554889)
RLR inf 1 (inf inf inf)
LRL inf 1 (inf inf inf)

# 2.748894 1.570796 5.600000
# best = 2 = RSL
LSL 10.17 0 (3.717627 5.067611 1.387460)
LSR 15.84 0 (3.953747 6.753622 5.131845)
RSL 9.54 0 (3.446214 3.826136 2.268116)
RSR 13.75 0 (2.896412 6.285585 4.564871)
RLR inf 1 (inf inf inf)
LRL inf 1 (inf inf inf)

# 2.748894 1.570796 6.000000
# best = 2 = RSL
LSL 10.57 0 (3.704274 5.461395 1.400813)
LSR 16.21 0 (3.930940 7.166419 5.109038)
RSL 9.85 0 (3.385043 4.263000 2.206945)
RSR 14.14 0 (2.887613 6.681500 4.573670)
RLR inf 1 (inf inf inf)
LRL inf 1 (inf inf inf)

# 2.748894 1.570796 6.400000
# best = 2 = RSL
LSL 10.96 0 (3.692719 5.856021 1.412368)
LSR 16.58 0 (3.910491 7.577843 5.088589)
RSL 10.18 0 (3.333828 4.693295 2.155730)
RSR 14.54 0 (2.879798 7.077873 4.581485)
RLR inf 1 (inf inf inf)
LRL inf 1 (inf inf inf)

# 2.748894 1.570796 6.800000
# best = 2 = RSL
LSL 11.36 0 (3.682624 6.251330 1.422463)
LSR 16.95 0 (3.892051 7.988107 5.070149)
RSL 10.52 0 (3.290297 5.118679 2.112199)
RSR 14.94 0 (2.872813 7.474633 4.588470)
RLR inf 1 (inf inf inf)
LRL inf 1 (inf inf inf)

# 2.748894 1.570796 7.200000
# best = 2 = RSL
LSL 11.75 0 (3.673731 6.647200 1.431357)
LSR 17.33 0 (3.875336 8.397381 5.053434)
RSL 10.87 0 (3.252828 5.540282 2.074730)
RSR 15.33 0 (2.866532 7.871721 4.594751)
RLR inf 1 (inf inf inf)
LRL inf 1 (inf inf inf)

# 2.748894 1.570796 7.600000
# best = 2 = RSL
LSL 12.15 0 (3.665837 7.043537 1.439250)
LSR 17.70 0 (3.860116 8.805802 5.038214)
RSL 11.22 0 (3.220230 5.958908 2.042132)
RSR 15.73 0 (2.860855 8.269090 4.600429)
RLR inf 1 (inf inf inf)
LRL inf 1 (inf inf inf)

# 2.748894 1.570796 8.000000
# best = 2 = RSL
LSL 12.55 0 (3.658786 7.440266 1.446302)
LSR 18.08 0 (3.846198 9.213484 5.024296)
RSL 11.58 0 (3.191607 6.375142 2.013509)
RSR 16.13 0 (2.855698 8.666701 4.605585)
RLR inf 1 (inf inf inf)
LRL inf 1 (inf inf inf)

# 3.141593 1.570796 0.400000
# best = 4 = RLR
LSL 12.16 0 (5.252808 1.166191 5.742765)
LSR inf 1 (inf inf inf)
RSL inf 1 (inf inf inf)
RSR 9.57 0 (3.761843 1.720466 4.092140)
RLR 6.08 0 (0.175628 5.393942 0.505925)
LRL 9.81 0 (1.815371 5.691496 2.305328)

# 3.141593 1.570796 0.800000
# best = 1 = LSR
LSL 12.02 0 (4.909784 1.019804 6.085789)
LSR 5.74 0 (4.979269 0.489896 0.266881)
RSL inf 1 (inf inf inf)
RSR 9.91 0 (3.648692 2.059126 4.205291)
RLR 11.97 0 (6.249531 5.201679 0.522945)
LRL 9.96 0 (1.510395 5.767591 2.686399)

# 3.141593 1.570796 1.200000
# best = 0 = LSL
LSL 5.73 0 (4.514993 1.019804 0.197395)
LSR 12.01 0 (4.543049 1.356465 6.113846)
RSL inf 1 (inf inf inf)
RSR 10.27 0 (3.568221 2.416610 4.285762)
RLR 11.54 0 (6.061111 4.985782 0.495467)
LRL 9.96 0 (1.115604 5.767591 3.081190)

# 3.141593 1.570796 1.600000
# best = 0 = LSL
LSL 5.88 0 (4.171970 1.166190 0.540419)
LSR 12.13 0 (4.309631 1.939071 5.880428)
RSL inf 1 (inf inf inf)
RSR 10.64 0 (3.508767 2.785678 4.345215)
RLR 11.06 0 (5.879963 4.742393 0.433227)
LRL 9.81 0 (0.734533 5.691497 3.386167)

# 3.141593 1.570796 2.000000
# best = 0 = LSL
LSL 6.13 0 (3.926991 1.414214 0.785398)
LSR 12.32 0 (4.148062 2.449489 5.718859)
RSL inf 1 (inf inf inf)
RSR 11.02 0 (3.463344 3.162278 4.390639)
RLR 10.49 0 (5.693198 4.459708 0.337308)
LRL 9.55 0 (0.424031 5.560451 3.565623)

# 3.141593 1.570796 2.400000
# best = 0 = LSL
LSL 6.43 0 (3.761842 1.720465 0.950546)
LSR 12.55 0 (4.027268 2.925747 5.598065)
RSL inf 1 (inf inf inf)
RSR 11.40 0 (3.427645 3.544009 4.426338)
RLR 9.78 0 (5.480586 4.105883 0.196094)
LRL 9.22 0 (0.175628 5.393942 3.647517)

# 3.141593 1.570796 2.800000
# best = 0 = LSL
LSL 6.77 0 (3.648691 2.059126 1.063697)
LSR 12.82 0 (3.932923 3.382306 5.503720)
RSL 8.88 0 (4.979268 0.489899 3.408471)
RSR 11.78 0 (3.398917 3.929377 4.455066)
RLR 14.89 0 (5.157904 3.517975 6.214053)
LRL 15.12 0 (6.249531 5.201680 3.664537)

# 3.141593 1.570796 3.200000
# best = 0 = LSL
LSL 7.13 0 (3.568220 2.416609 1.144168)
LSR 13.11 0 (3.856984 3.826225 5.427781)
RSL 8.87 0 (4.543049 1.356466 2.972252)
RSR 12.17 0 (3.375336 4.317407 4.478646)
RLR inf 1 (inf inf inf)
LRL 14.68 0 (6.061111 4.985782 3.637059)

# 3.141593 1.570796 3.600000
# best = 0 = LSL
LSL 7.50 0 (3.508766 2.785677 1.203622)
LSR 13.42 0 (3.794459 4.261455 5.365256)
RSL 8.99 0 (4.309631 1.939072 2.738834)
RSR 12.56 0 (3.355654 4.707441 4.498329)
RLR inf 1 (inf inf inf)
LRL 14.20 0 (5.879963 4.742394 3.574819)

# 3.141593 1.570796 4.000000
# best = 0 = LSL
LSL 7.87 0 (3.463343 3.162277 1.249045)
LSR 13.75 0 (3.742045 4.690415 5.312842)
RSL 9.17 0 (4.148063 2.449490 2.577266)
RSR 12.95 0 (3.338989 5.099020 4.514994)
RLR inf 1 (inf inf inf)
LRL 13.63 0 (5.693197 4.459709 3.478900)

# 3.141593 1.570796 4.400000
# best = 0 = LSL
LSL 8.26 0 (3.427644 3.544009 1.284744)
LSR 14.08 0 (3.697454 5.114684 5.268251)
RSL 9.41 0 (4.027269 2.925748 2.456472)
RSR 13.35 0 (3.324704 5.491812 4.529278)
RLR inf 1 (inf inf inf)
LRL 12.92 0 (5.480586 4.105883 3.337686)

# 3.141593 1.570796 4.800000
# best = 0 = LSL
LSL 8.64 0 (3.398916 3.929376 1.313472)
LSR 14.42 0 (3.659046 5.535341 5.229843)
RSL 9.68 0 (3.932924 3.382307 2.362127)
RSR 13.74 0 (3.312328 5.885576 4.541654)
RLR inf 1 (inf inf inf)
LRL 11.75 0 (5.157905 3.517977 3.072461)

# 3.141593 1.570796 5.200000
# best = 0 = LSL
LSL 9.03 0 (3.375336 4.317406 1.337053)
LSR 14.78 0 (3.625615 5.953150 5.196412)
RSL 9.97 0 (3.856985 3.826226 2.286188)
RSR 14.13 0 (3.301506 6.280128 4.552476)
RLR inf 1 (inf inf inf)
LRL inf 1 (inf inf inf)

# 3.141593 1.570796 5.600000
# best = 0 = LSL
LSL 9.42 0 (3.355653 4.707441 1.356735)
LSR 15.13 0 (3.596248 6.368673 5.167045)
RSL 10.28 0 (3.794460 4.261455 2.223663)
RSR 14.53 0 (3.291964 6.675328 4.562018)
RLR inf 1 (inf inf inf)
LRL inf 1 (inf inf inf)

# 3.141593 1.570796 6.000000
# best = 0 = LSL
LSL 9.81 0 (3.338988 5.099019 1.373400)
LSR 15.49 0 (3.570246 6.782330 5.141043)
RSL 10.60 0 (3.742046 4.690416 2.171249)
RSR 14.93 0 (3.283490 7.071068 4.570492)
RLR inf 1 (inf inf inf)
LRL inf 1 (inf inf inf)

# 3.141593 1.570796 6.400000
# best = 0 = LSL
LSL 10.20 0 (3.324703 5.491812 1.387685)
LSR 15.86 0 (3.547060 7.194442 5.117857)
RSL 10.94 0 (3.697454 5.114685 2.126657)
RSR 15.32 0 (3.275914 7.467262 4.578068)
RLR inf 1 (inf inf inf)
LRL inf 1 (inf inf inf)

# 3.141593 1.570796 6.800000
# best = 0 = LSL
LSL 10.60 0 (3.312328 5.885575 1.400061)
LSR 16.23 0 (3.526255 7.605261 5.097052)
RSL 11.28 0 (3.659047 5.535341 2.088250)
RSR 15.72 0 (3.269103 7.863842 4.584880)
RLR inf 1 (inf inf inf)
LRL inf 1 (inf inf inf)

# 3.141593 1.570796 7.200000
# best = 0 = LSL
LSL 10.99 0 (3.301505 6.280127 1.410883)
LSR 16.60 0 (3.507483 8.014986 5.078280)
RSL 11.63 0 (3.625616 5.953151 2.054819)
RSR 16.11 0 (3.262945 8.260751 4.591037)
RLR inf 1 (inf inf inf)
LRL inf 1 (inf inf inf)

# 3.141593 1.570796 7.600000
# best = 0 = LSL
LSL 11.39 0 (3.291964 6.675327 1.420425)
LSR 16.98 0 (3.490459 8.423775 5.061256)
RSL 11.99 0 (3.596249 6.368674 2.025452)
RSR 16.51 0 (3.257352 8.657945 4.596630)
RLR inf 1 (inf inf inf)
LRL inf 1 (inf inf inf)

# 3.141593 1.570796 8.000000
# best = 0 = LSL
LSL 11.78 0 (3.283489 7.071068 1.428899)
LSR 17.35 0 (3.474949 8.831760 5.045746)
RSL 12.35 0 (3.570247 6.782330 1.999450)
RSR 16.91 0 (3.252250 9.055386 4.601732)
RLR inf 1 (inf inf inf)
LRL inf 1 (inf inf inf)

# -3.141593 1.963495 0.400000
# best = 4 = RLR
LSL 12.20 0 (5.416093 0.809648 5.972180)
LSR inf 1 (inf inf inf)
RSL inf 1 (inf inf inf)
RSR 8.92 0 (3.577913 1.460732 3.883369)
RLR 5.97 0 (0.062491 5.535527 0.367947)
LRL 10.57 0 (2.070680 5.875545 2.626768)

# -3.141593 1.963495 0.800000
# best = 0 = LSL
LSL 5.73 0 (4.910433 0.629624 0.194655)
LSR 12.02 0 (4.949040 0.939987 6.127137)
RSL inf 1 (inf inf inf)
RSR 9.29 0 (3.485463 1.831076 3.975820)
RLR 11.84 0 (6.151571 5.332217 0.358743)
LRL 10.76 0 (1.610777 5.967059 3.178185)

# -3.141593 1.963495 1.200000
# best = 0 = LSL
LSL 5.78 0 (4.291790 0.676256 0.813298)
LSR 11.99 0 (4.628144 1.556496 5.806241)
RSL inf 1 (inf inf inf)
RSR 9.67 0 (3.424454 2.211774 4.036828)
RLR 11.40 0 (5.980154 5.111400 0.309343)
LRL 10.71 0 (0.980317 5.943425 3.785011)

# -3.141593 1.963495 1.600000
# best = 0 = LSL
LSL 6.02 0 (3.881559 0.915543 1.223529)
LSR 12.07 0 (4.411159 2.069247 5.589257)
RSL inf 1 (inf inf inf)
RSR 10.06 0 (3.381473 2.598278 4.079809)
RLR 10.92 0 (5.816048 4.869149 0.231199)
LRL 10.46 0 (0.509034 5.821319 4.134188)

# -3.141593 1.963495 2.000000
# best = 0 = LSL
LSL 6.35 0 (3.662412 1.240611 1.442676)
LSR 12.22 0 (4.249983 2.541827 5.428080)
RSL inf 1 (inf inf inf)
RSR 10.45 0 (3.349666 2.988336 4.111617)
RLR 10.37 0 (5.647594 4.595857 0.126360)
LRL 10.13 0 (0.205466 5.652478 4.268915)

# -3.141593 1.963495 2.400000
# best = 0 = LSL
LSL 6.71 0 (3.537692 1.600004 1.567396)
LSR 12.42 0 (4.124834 2.993324 5.302931)
RSL 9.75 0 (5.315621 0.301235 4.137523)
RSR 10.84 0 (3.325222 3.380718 4.136061)
RLR 16.00 0 (5.459914 4.269383 6.270752)
LRL 16.03 0 (6.267767 5.460149 4.297471)

# -3.141593 1.963495 2.800000
# best = 0 = LSL
LSL 7.08 0 (3.459474 1.975072 1.645614)
LSR 12.66 0 (4.024748 3.432069 5.202846)
RSL 9.64 0 (4.808376 1.196511 3.630279)
RSR 11.24 0 (3.305871 3.774700 4.155412)
RLR 15.09 0 (5.213897 3.816052 6.063438)
LRL 15.61 0 (6.084649 5.250350 4.270789)

# -3.141593 1.963495 3.200000
# best = 0 = LSL
LSL 7.46 0 (3.406436 2.358348 1.698652)
LSR 12.93 0 (3.942896 3.862408 5.120993)
RSL 9.65 0 (4.537036 1.758560 3.358939)
RSR 11.63 0 (3.290182 4.169827 4.171100)
RLR inf 1 (inf inf inf)
LRL 15.15 0 (5.917482 5.022090 4.209697)

# -3.141593 1.963495 3.600000
# best = 0 = LSL
LSL 7.85 0 (3.368303 2.746398 1.736785)
LSR 13.21 0 (3.874740 4.286876 5.052838)
RSL 9.76 0 (4.344597 2.252428 3.166500)
RSR 12.03 0 (3.277212 4.565804 4.184071)
RLR inf 1 (inf inf inf)
LRL 14.64 0 (5.753095 4.769582 4.121576)

# -3.141593 1.963495 4.000000
# best = 0 = LSL
LSL 8.24 0 (3.339643 3.137451 1.765445)
LSR 13.52 0 (3.817135 4.707059 4.995232)
RSL 9.94 0 (4.198822 2.715571 3.020725)
RSR 12.42 0 (3.266314 4.962426 4.194969)
RLR inf 1 (inf inf inf)
LRL 14.06 0 (5.579567 4.479849 4.005370)

# -3.141593 1.963495 4.400000
# best = 0 = LSL
LSL 8.64 0 (3.317349 3.530509 1.787739)
LSR 13.84 0 (3.767826 5.124013 4.945923)
RSL 10.15 0 (4.084222 3.161522 2.906125)
RSR 12.82 0 (3.257029 5.359550 4.204253)
RLR inf 1 (inf inf inf)
LRL 13.35 0 (5.377519 4.120341 3.847910)

# -3.141593 1.963495 4.800000
# best = 0 = LSL
LSL 9.03 0 (3.299528 3.924970 1.805560)
LSR 14.17 0 (3.725155 5.538467 4.903252)
RSL 10.40 0 (3.991730 3.596682 2.813632)
RSR 13.22 0 (3.249026 5.757072 4.212256)
RLR inf 1 (inf inf inf)
LRL 12.16 0 (5.064316 3.529576 3.570348)

# -3.141593 1.963495 5.200000
# best = 0 = LSL
LSL 9.43 0 (3.284966 4.320450 1.820122)
LSR 14.50 0 (3.687877 5.950943 4.865974)
RSL 10.68 0 (3.915536 4.024551 2.737438)
RSR 13.62 0 (3.242058 6.154915 4.219225)
RLR inf 1 (inf inf inf)
LRL inf 1 (inf inf inf)

# -3.141593 1.963495 5.600000
# best = 0 = LSL
LSL 9.82 0 (3.272849 4.716692 1.832239)
LSR 14.85 0 (3.655037 6.361825 4.833134)
RSL 10.97 0 (3.851710 4.447236 2.673612)
RSR 14.01 0 (3.235936 6.553021 4.225347)
RLR inf 1 (inf inf inf)
LRL inf 1 (inf inf inf)

# -3.141593 1.963495 6.000000
# best = 0 = LSL
LSL 10.22 0 (3.262611 5.113519 1.842477)
LSR 15.20 0 (3.625892 6.771405 4.803989)
RSL 11.28 0 (3.797490 4.866087 2.619393)
RSR 14.41 0 (3.230515 6.951344 4.230768)
RLR inf 1 (inf inf inf)
LRL inf 1 (inf inf inf)

# -3.141593 1.963495 6.400000
# best = 0 = LSL
LSL 10.62 0 (3.253848 5.510806 1.851240)
LSR 15.56 0 (3.599856 7.179905 4.777954)
RSL 11.61 0 (3.750877 5.282017 2.572780)
RSR 14.81 0 (3.225682 7.349850 4.235601)
RLR inf 1 (inf inf inf)
LRL inf 1 (inf inf inf)

# -3.141593 1.963495 6.800000
# best = 0 = LSL
LSL 11.01 0 (3.246264 5.908458 1.858824)
LSR 15.92 0 (3.576460 7.587499 4.754557)
RSL 11.94 0 (3.710388 5.695665 2.532290)
RSR 15.21 0 (3.221346 7.748509 4.239937)
RLR inf 1 (inf inf inf)
LRL inf 1 (inf inf inf)

# -3.141593 1.963495 7.200000
# best = 0 = LSL
LSL 11.41 0 (3.239637 6.306407 1.865451)
LSR 16.28 0 (3.555323 7.994325 4.733420)
RSL 12.28 0 (3.674898 6.107495 2.496801)
RSR 15.61 0 (3.217435 8.147300 4.243848)
RLR inf 1 (inf inf inf)
LRL inf 1 (inf inf inf)

# -3.141593 1.963495 7.600000
# best = 0 = LSL
LSL 11.81 0 (3.233797 6.704600 1.871291)
LSR 16.65 0 (3.536135 8.400497 4.714232)
RSL 12.63 0 (3.643543 6.517852 2.465445)
RSR 16.01 0 (3.213888 8.546204 4.247394)
RLR inf 1 (inf inf inf)
LRL inf 1 (inf inf inf)

# -3.141593 1.963495 8.000000
# best = 0 = LSL
LSL 12.21 0 (3.228612 7.102997 1.876476)
LSR 17.02 0 (3.518639 8.806103 4.696737)
RSL 12.98 0 (3.615643 6.926997 2.437546)
RSR 16.41 0 (3.210658 8.945206 4.250624)
RLR inf 1 (inf inf inf)
LRL inf 1 (inf inf inf)

# -2.748894 1.963495 0.400000
# best = 4 = RLR
LSL 12.05 0 (5.352293 1.055817 5.643281)
LSR inf 1 (inf inf inf)
RSL inf 1 (inf inf inf)
RSR 9.64 0 (3.841386 1.790321 4.012596)
RLR 6.00 0 (0.235735 5.355070 0.406946)
LRL 9.93 0 (1.943581 5.748946 2.234569)

# -2.748894 1.963495 0.800000
# best = 4 = RLR
LSL 11.74 0 (5.072045 0.741282 5.923529)
LSR inf 1 (inf inf inf)
RSL inf 1 (inf inf inf)
RSR 10.03 0 (3.785763 2.174971 4.068219)
RLR 5.55 0 (0.069280 5.133404 0.351736)
LRL 10.25 0 (1.744055 5.910389 2.595538)

# -2.748894 1.963495 1.200000
# best = 0 = LSL
LSL 5.26 0 (4.514105 0.551588 0.198284)
LSR 11.55 0 (4.557517 0.859577 6.128313)
RSL inf 1 (inf inf inf)
RSR 10.42 0 (3.746939 2.564323 4.107043)
RLR 11.35 0 (6.192626 4.891374 0.269545)
LRL 10.44 0 (1.234175 6.006510 3.201538)

# -2.748894 1.963495 1.600000
# best = 0 = LSL
LSL 5.33 0 (3.822855 0.615629 0.889534)
LSR 11.52 0 (4.219650 1.513879 5.790446)
RSL inf 1 (inf inf inf)
RSR 10.81 0 (3.718381 2.956518 4.135600)
RLR 10.81 0 (6.028197 4.619631 0.162230)
LRL 10.38 0 (0.526741 5.974142 3.876606)

# -2.748894 1.963495 2.000000
# best = 0 = LSL
LSL 5.59 0 (3.411603 0.879630 1.300786)
LSR 11.61 0 (3.999106 2.040781 5.569902)
RSL inf 1 (inf inf inf)
RSR 11.20 0 (3.696526 3.350560 4.157455)
RLR 10.17 0 (5.845171 4.297289 0.022915)
LRL 10.11 0 (0.048291 5.839746 4.220659)

# -2.748894 1.963495 2.400000
# best = 0 = LSL
LSL 5.93 0 (3.208493 1.220041 1.503896)
LSR 11.77 0 (3.837514 2.521457 5.408310)
RSL 9.95 0 (5.223371 1.078080 3.652575)
RSR 11.60 0 (3.679277 3.745865 4.174704)
RLR 15.57 0 (5.608454 3.858353 6.103881)
LRL 16.04 0 (6.040137 5.663287 4.335539)

# -2.748894 1.963495 2.800000
# best = 0 = LSL
LSL 6.30 0 (3.096558 1.588474 1.615831)
LSR 11.98 0 (3.713005 2.978372 5.283801)
RSL 9.97 0 (4.931983 1.676096 3.361186)
RSR 12.00 0 (3.665324 4.142071 4.188657)
RLR inf 1 (inf inf inf)
LRL 15.65 0 (5.829776 5.466435 4.349049)

# -2.748894 1.963495 3.200000
# best = 0 = LSL
LSL 6.68 0 (3.027298 1.969263 1.685091)
LSR 12.22 0 (3.613918 3.421061 5.184714)
RSL 10.08 0 (4.732154 2.185484 3.161358)
RSR 12.39 0 (3.653810 4.538943 4.200172)
RLR inf 1 (inf inf inf)
LRL 15.22 0 (5.654143 5.253689 4.311935)

# -2.748894 1.963495 3.600000
# best = 0 = LSL
LSL 7.07 0 (2.980631 2.356427 1.731758)
LSR 12.49 0 (3.533153 3.854428 5.103949)
RSL 10.25 0 (4.583098 2.657703 3.012302)
RSR 12.79 0 (3.644148 4.936320 4.209834)
RLR inf 1 (inf inf inf)
LRL 14.76 0 (5.492271 5.023279 4.243398)

# -2.748894 1.963495 4.000000
# best = 0 = LSL
LSL 7.46 0 (2.947185 2.747271 1.765204)
LSR 12.78 0 (3.466063 4.281305 5.036859)
RSL 10.47 0 (4.467010 3.109731 2.896214)
RSR 13.19 0 (3.635926 5.334089 4.218055)
RLR inf 1 (inf inf inf)
LRL 14.25 0 (5.331676 4.768982 4.149695)

# -2.748894 1.963495 4.400000
# best = 0 = LSL
LSL 7.85 0 (2.922091 3.140422 1.790298)
LSR 13.09 0 (3.409456 4.703459 4.980252)
RSL 10.73 0 (4.373911 3.549291 2.803115)
RSR 13.59 0 (3.628846 5.732168 4.225136)
RLR inf 1 (inf inf inf)
LRL 13.67 0 (5.160817 4.477453 4.029024)

# -2.748894 1.963495 4.800000
# best = 0 = LSL
LSL 8.25 0 (2.902590 3.535109 1.809799)
LSR 13.41 0 (3.361065 5.122059 4.931861)
RSL 11.00 0 (4.297570 3.980517 2.726774)
RSR 13.98 0 (3.622686 6.130498 4.231296)
RLR inf 1 (inf inf inf)
LRL 12.94 0 (4.960309 4.115436 3.867517)

# -2.748894 1.963495 5.200000
# best = 0 = LSL
LSL 8.64 0 (2.887011 3.930871 1.825378)
LSR 13.75 0 (3.319230 5.537910 4.890027)
RSL 11.30 0 (4.233844 4.405855 2.663048)
RSR 14.38 0 (3.617277 6.529031 4.236704)
RLR inf 1 (inf inf inf)
LRL 11.74 0 (4.643992 3.513961 3.582358)

# -2.748894 1.963495 5.600000
# best = 0 = LSL
LSL 9.04 0 (2.874285 4.327412 1.838104)
LSR 14.09 0 (3.282711 5.951588 4.853507)
RSL 11.62 0 (4.179857 4.826862 2.609060)
RSR 14.78 0 (3.612491 6.927734 4.241490)
RLR inf 1 (inf inf inf)
LRL inf 1 (inf inf inf)

# -2.748894 1.963495 6.000000
# best = 0 = LSL
LSL 9.44 0 (2.863696 4.724537 1.848693)
LSR 14.44 0 (3.250559 6.363518 4.821356)
RSL 11.94 0 (4.133544 5.244582 2.562748)
RSR 15.18 0 (3.608226 7.326579 4.245755)
RLR inf 1 (inf inf inf)
LRL inf 1 (inf inf inf)

# -2.748894 1.963495 6.400000
# best = 0 = LSL
LSL 9.83 0 (2.854751 5.122109 1.857638)
LSR 14.79 0 (3.222039 6.774018 4.792836)
RSL 12.28 0 (4.093386 5.659742 2.522590)
RSR 15.58 0 (3.604402 7.725542 4.249580)
RLR inf 1 (inf inf inf)
LRL inf 1 (inf inf inf)

# -2.748894 1.963495 6.800000
# best = 0 = LSL
LSL 10.23 0 (2.847094 5.520031 1.865295)
LSR 15.15 0 (3.196572 7.183333 4.767368)
RSL 12.62 0 (4.058238 6.072868 2.487442)
RSR 15.98 0 (3.600953 8.124608 4.253029)
RLR inf 1 (inf inf inf)
LRL inf 1 (inf inf inf)

# -2.748894 1.963495 7.200000
# best = 0 = LSL
LSL 10.63 0 (2.840468 5.918234 1.871921)
LSR 15.51 0 (3.173693 7.591655 4.744489)
RSL 12.97 0 (4.027223 6.484348 2.456427)
RSR 16.38 0 (3.597827 8.523761 4.256155)
RLR inf 1 (inf inf inf)
LRL inf 1 (inf inf inf)

# -2.748894 1.963495 7.600000
# best = 0 = LSL
LSL 11.03 0 (2.834677 6.316664 1.877712)
LSR 15.88 0 (3.153029 7.999137 4.723825)
RSL 13.32 0 (3.999655 6.894477 2.428858)
RSR 16.78 0 (3.594980 8.922990 4.259001)
RLR inf 1 (inf inf inf)
LRL inf 1 (inf inf inf)

# -2.748894 1.963495 8.000000
# best = 0 = LSL
LSL 11.43 0 (2.829573 6.715281 1.882816)
LSR 16.25 0 (3.134274 8.405900 4.705070)
RSL 13.68 0 (3.974992 7.303482 2.404195)
RSR 17.18 0 (3.592378 9.322285 4.261604)
RLR inf 1 (inf inf inf)
LRL inf 1 (inf inf inf)

# -2.356194 1.963495 0.400000
# best = 4 = RLR
LSL 11.88 0 (5.240099 1.273020 5.362776)
LSR inf 1 (inf inf inf)
RSL inf 1 (inf inf inf)
RSR 10.30 0 (4.085390 2.056735 4.161292)
RLR 6.09 0 (0.403742 5.203074 0.479643)
LRL 9.31 0 (1.774618 5.635409 1.897295)

# -2.356194 1.963495 0.800000
# best = 4 = RLR
LSL 11.49 0 (5.125577 0.892070 5.477297)
LSR inf 1 (inf inf inf)
RSL inf 1 (inf inf inf)
RSR 10.70 0 (4.059661 2.452539 4.187021)
RLR 5.61 0 (0.258045 4.963140 0.385406)
LRL 9.70 0 (1.759075 5.833367 2.110796)

# -2.356194 1.963495 1.200000
# best = 4 = RLR
LSL 11.14 0 (4.852531 0.539444 5.750344)
LSR inf 1 (inf inf inf)
RSL inf 1 (inf inf inf)
RSR 11.10 0 (4.041091 2.849515 4.205591)
RLR 5.08 0 (0.106616 4.697421 0.271116)
LRL 10.06 0 (1.575665 6.012639 2.473478)

# -2.356194 1.963495 1.600000
# best = 0 = LSL
LSL 4.65 0 (4.022215 0.325900 0.297474)
LSR 10.92 0 (4.131164 0.698787 6.094661)
RSL inf 1 (inf inf inf)
RSR 11.49 0 (4.027066 3.247234 4.219616)
RLR 10.74 0 (6.221416 4.388700 0.130781)
LRL 10.28 0 (0.799057 6.120055 3.357501)

# -2.356194 1.963495 2.000000
# best = 0 = LSL
LSL 4.81 0 (3.077378 0.491346 1.242311)
LSR 10.93 0 (3.756684 1.449732 5.720180)
RSL 10.15 0 (5.752031 0.606252 3.788535)
RSR 11.89 0 (4.016103 3.645451 4.230578)
RLR 16.23 0 (6.011113 3.990019 6.225588)
LRL 16.39 0 (6.095823 6.036890 4.260756)

# -2.356194 1.963495 2.400000
# best = 0 = LSL
LSL 5.15 0 (2.755410 0.834645 1.564279)
LSR 11.04 0 (3.534023 2.008766 5.497520)
RSL 10.14 0 (5.350746 1.397900 3.387249)
RSR 12.29 0 (4.007301 4.044021 4.239381)
RLR inf 1 (inf inf inf)
LRL 16.05 0 (5.686797 5.862774 4.495666)

# -2.356194 1.963495 2.800000
# best = 0 = LSL
LSL 5.53 0 (2.626901 1.213195 1.692788)
LSR 11.22 0 (3.376091 2.507700 5.339588)
RSL 10.24 0 (5.120468 1.964868 3.156971)
RSR 12.69 0 (4.000078 4.442848 4.246604)
RLR inf 1 (inf inf inf)
LRL 15.65 0 (5.460341 5.666880 4.526228)

# -2.356194 1.963495 3.200000
# best = 0 = LSL
LSL 5.92 0 (2.560090 1.602203 1.759599)
LSR 11.45 0 (3.256521 2.976907 5.220017)
RSL 10.42 0 (4.958420 2.467243 2.994923)
RSR 13.09 0 (3.994045 4.841868 4.252636)
RLR inf 1 (inf inf inf)
LRL 15.24 0 (5.289565 5.458950 4.489074)

# -2.356194 1.963495 3.600000
# best = 0 = LSL
LSL 6.32 0 (2.519491 1.995561 1.800198)
LSR 11.72 0 (3.162389 3.428614 5.125885)
RSL 10.65 0 (4.836237 2.938345 2.872740)
RSR 13.49 0 (3.988932 5.241037 4.257750)
RLR inf 1 (inf inf inf)
LRL 14.80 0 (5.138766 5.238550 4.419473)

# -2.356194 1.963495 4.000000
# best = 0 = LSL
LSL 6.71 0 (2.492292 2.391124 1.827397)
LSR 12.00 0 (3.086206 3.868955 5.049702)
RSL 10.91 0 (4.740310 3.391231 2.776814)
RSR 13.89 0 (3.984542 5.640325 4.262140)
RLR inf 1 (inf inf inf)
LRL 14.32 0 (4.993154 5.001725 4.328259)

# -2.356194 1.963495 4.400000
# best = 0 = LSL
LSL 7.11 0 (2.472824 2.787953 1.846865)
LSR 12.31 0 (3.023228 4.301422 4.986724)
RSL 11.19 0 (4.662832 3.832366 2.699335)
RSR 14.29 0 (3.980732 6.039706 4.265949)
RLR inf 1 (inf inf inf)
LRL 13.80 0 (4.843228 4.740807 4.217268)

# -2.356194 1.963495 4.800000
# best = 0 = LSL
LSL 7.51 0 (2.458212 3.185576 1.861477)
LSR 12.63 0 (2.970272 4.728176 4.933768)
RSL 11.50 0 (4.598885 4.265397 2.635389)
RSR 14.69 0 (3.977395 6.439165 4.269286)
RLR inf 1 (inf inf inf)
LRL 13.20 0 (4.678496 4.440567 4.081760)

# -2.356194 1.963495 5.200000
# best = 0 = LSL
LSL 7.90 0 (2.446845 3.583728 1.872844)
LSR 12.96 0 (2.925113 5.150637 4.888609)
RSL 11.82 0 (4.545185 4.692568 2.581688)
RSR 15.09 0 (3.974449 6.838686 4.272233)
RLR inf 1 (inf inf inf)
LRL 12.44 0 (4.477913 4.062135 3.903912)

# -2.356194 1.963495 5.600000
# best = 0 = LSL
LSL 8.30 0 (2.437752 3.982250 1.881937)
LSR 13.31 0 (2.886141 5.569783 4.849637)
RSL 12.15 0 (4.499440 5.115347 2.535944)
RSR 15.48 0 (3.971827 7.238261 4.274855)
RLR inf 1 (inf inf inf)
LRL 10.98 0 (4.102790 3.330076 3.546975)

# -2.356194 1.963495 6.000000
# best = 0 = LSL
LSL 8.70 0 (2.430313 4.381042 1.889376)
LSR 13.65 0 (2.852166 5.986310 4.815662)
RSL 12.49 0 (4.460000 5.534741 2.496504)
RSR 15.88 0 (3.969480 7.637880 4.277202)
RLR inf 1 (inf inf inf)
LRL inf 1 (inf inf inf)

# -2.356194 1.963495 6.400000
# best = 0 = LSL
LSL 9.10 0 (2.424117 4.780035 1.895572)
LSR 14.01 0 (2.822282 6.400728 4.785778)
RSL 12.84 0 (4.425644 5.951466 2.462148)
RSR 16.28 0 (3.967366 8.037537 4.279316)
RLR inf 1 (inf inf inf)
LRL inf 1 (inf inf inf)

# -2.356194 1.963495 6.800000
# best = 0 = LSL
LSL 9.50 0 (2.418875 5.179184 1.900814)
LSR 14.37 0 (2.795793 6.813423 4.759289)
RSL 13.19 0 (4.395447 6.366045 2.431950)
RSR 16.68 0 (3.965452 8.437226 4.281229)
RLR inf 1 (inf inf inf)
LRL inf 1 (inf inf inf)

# -2.356194 1.963495 7.200000
# best = 0 = LSL
LSL 9.90 0 (2.414383 5.578455 1.905306)
LSR 14.73 0 (2.772151 7.224691 4.735647)
RSL 13.55 0 (4.368696 6.778872 2.405199)
RSR 17.08 0 (3.963712 8.836944 4.282970)
RLR inf 1 (inf inf inf)
LRL inf 1 (inf inf inf)

# -2.356194 1.963495 7.600000
# best = 0 = LSL
LSL 10.30 0 (2.410492 5.977823 1.909197)
LSR 15.10 0 (2.750921 7.634761 4.714417)
RSL 13.92 0 (4.344833 7.190250 2.381337)
RSR 17.48 0 (3.962122 9.236686 4.284560)
RLR inf 1 (inf inf inf)
LRL inf 1 (inf inf inf)

# -2.356194 1.963495 8.000000
# best = 0 = LSL
LSL 10.70 0 (2.407088 6.377271 1.912601)
LSR 15.47 0 (2.731751 8.043817 4.695247)
RSL 14.28 0 (4.323415 7.600413 2.359919)
RSR 17.88 0 (3.960664 9.636449 4.286018)
RLR inf 1 (inf inf inf)
LRL inf 1 (inf inf inf)

# -1.963495 1.963495 0.400000
# best = 4 = RLR
LSL 11.66 0 (5.105088 1.447759 5.105088)
LSR inf 1 (inf inf inf)
RSL inf 1 (inf inf inf)
RSR 10.89 0 (4.319690 2.247759 4.319690)
RLR 6.25 0 (0.581369 5.089727 0.581369)
LRL 8.73 0 (1.593147 5.542489 1.593147)

# -1.963495 1.963495 0.800000
# best = 4 = RLR
LSL 11.26 0 (5.105088 1.047759 5.105088)
LSR inf 1 (inf inf inf)
RSL inf 1 (inf inf inf)
RSR 11.29 0 (4.319690 2.647759 4.319690)
RLR 5.75 0 (0.454694 4.836378 0.454694)
LRL 9.15 0 (1.698463 5.753122 1.698463)

# -1.963495 1.963495 1.200000
# best = 4 = RLR
LSL 10.86 0 (5.105088 0.647759 5.105088)
LSR inf 1 (inf inf inf)
RSL inf 1 (inf inf inf)
RSR 11.69 0 (4.319690 3.047759 4.319690)
RLR 5.17 0 (0.311795 4.550579 0.311795)
LRL 9.56 0 (1.800839 5.957873 1.800839)

# -1.963495 1.963495 1.600000
# best = 4 = RLR
LSL 10.46 0 (5.105088 0.247759 5.105088)
LSR inf 1 (inf inf inf)
RSL inf 1 (inf inf inf)
RSR 12.09 0 (4.319690 3.447759 4.319690)
RLR 4.48 0 (0.139014 4.205019 0.139014)
LRL 9.96 0 (1.901515 6.159226 1.901515)

# -1.963495 1.963495 2.000000
# best = 0 = LSL
LSL 4.08 0 (1.963495 0.152241 1.963495)
LSR 10.19 0 (3.534291 0.765366 5.890487)
RSL 10.19 0 (5.890487 0.765366 3.534291)
RSR 12.49 0 (4.319690 3.847759 4.319690)
RLR 16.03 0 (6.167268 3.695156 6.167268)
LRL 16.34 0 (5.067018 6.207047 5.067018)

# -1.963495 1.963495 2.400000
# best = 0 = LSL
LSL 4.48 0 (1.963495 0.552241 1.963495)
LSR 10.27 0 (3.189463 1.531596 5.545658)
RSL 10.27 0 (5.545658 1.531596 3.189463)
RSR 12.89 0 (4.319690 4.247759 4.319690)
RLR inf 1 (inf inf inf)
LRL 15.94 0 (4.966585 6.006180 4.966585)

# -1.963495 1.963495 2.800000
# best = 0 = LSL
LSL 4.88 0 (1.963495 0.952241 1.963495)
LSR 10.44 0 (2.990443 2.103755 5.346638)
RSL 10.44 0 (5.346638 2.103755 2.990443)
RSR 13.29 0 (4.319690 4.647759 4.319690)
RLR inf 1 (inf inf inf)
LRL 15.53 0 (4.864720 5.802449 4.864720)

# -1.963495 1.963495 3.200000
# best = 0 = LSL
LSL 5.28 0 (1.963495 1.352241 1.963495)
LSR 10.67 0 (2.851619 2.612620 5.207814)
RSL 10.67 0 (5.207814 2.612620 2.851619)
RSR 13.69 0 (4.319690 5.047759 4.319690)
RLR inf 1 (inf inf inf)
LRL 15.11 0 (4.760233 5.593475 4.760233)

# -1.963495 1.963495 3.600000
# best = 0 = LSL
LSL 5.68 0 (1.963495 1.752241 1.963495)
LSR 10.94 0 (2.747472 3.089625 5.103667)
RSL 10.94 0 (5.103667 3.089625 2.747472)
RSR 14.09 0 (4.319690 5.447759 4.319690)
RLR inf 1 (inf inf inf)
LRL 14.68 0 (4.651648 5.376306 4.651648)

# -1.963495 1.963495 4.000000
# best = 0 = LSL
LSL 6.08 0 (1.963495 2.152241 1.963495)
LSR 11.24 0 (2.665893 3.547645 5.022088)
RSL 11.24 0 (5.022088 3.547645 2.665893)
RSR 14.49 0 (4.319690 5.847759 4.319690)
RLR inf 1 (inf inf inf)
LRL 14.22 0 (4.536954 5.146917 4.536954)

# -1.963495 1.963495 4.400000
# best = 0 = LSL
LSL 6.48 0 (1.963495 2.552241 1.963495)
LSR 11.55 0 (2.600045 3.993217 4.956241)
RSL 11.55 0 (4.956241 3.993217 2.600045)
RSR 14.89 0 (4.319690 6.247759 4.319690)
RLR inf 1 (inf inf inf)
LRL 13.73 0 (4.413111 4.899233 4.413111)

# -1.963495 1.963495 4.800000
# best = 0 = LSL
LSL 6.88 0 (1.963495 2.952241 1.963495)
LSR 11.88 0 (2.545680 4.430100 4.901875)
RSL 11.88 0 (4.901875 4.430100 2.545680)
RSR 15.29 0 (4.319690 6.647759 4.319690)
RLR inf 1 (inf inf inf)
LRL 13.17 0 (4.274897 4.622804 4.274897)

# -1.963495 1.963495 5.200000
# best = 0 = LSL
LSL 7.28 0 (1.963495 3.352241 1.963495)
LSR 12.22 0 (2.499986 4.860636 4.856181)
RSL 12.22 0 (4.856181 4.860636 2.499986)
RSR 15.69 0 (4.319690 7.047759 4.319690)
RLR inf 1 (inf inf inf)
LRL 12.52 0 (4.111370 4.295750 4.111370)

# -1.963495 1.963495 5.600000
# best = 0 = LSL
LSL 7.68 0 (1.963495 3.752241 1.963495)
LSR 12.56 0 (2.461014 5.286377 4.817209)
RSL 12.56 0 (4.817209 5.286377 2.461014)
RSR 16.09 0 (4.319690 7.447759 4.319690)
RLR inf 1 (inf inf inf)
LRL 11.63 0 (3.888099 3.849209 3.888099)

# -1.963495 1.963495 6.000000
# best = 0 = LSL
LSL 8.08 0 (1.963495 4.152241 1.963495)
LSR 12.92 0 (2.427367 5.708396 4.783563)
RSL 12.92 0 (4.783563 5.708396 2.427367)
RSR 16.49 0 (4.319690 7.847759 4.319690)
RLR inf 1 (inf inf inf)
LRL inf 1 (inf inf inf)

# -1.963495 1.963495 6.400000
# best = 0 = LSL
LSL 8.48 0 (1.963495 4.552241 1.963495)
LSR 13.28 0 (2.398015 6.127462 4.754211)
RSL 13.28 0 (4.754211 6.127462 2.398015)
RSR 16.89 0 (4.319690 8.247759 4.319690)
RLR inf 1 (inf inf inf)
LRL inf 1 (inf inf inf)

# -1.963495 1.963495 6.800000
# best = 0 = LSL
LSL 8.88 0 (1.963495 4.952241 1.963495)
LSR 13.64 0 (2.372179 6.544141 4.728374)
RSL 13.64 0 (4.728374 6.544141 2.372179)
RSR 17.29 0 (4.319690 8.647759 4.319690)
RLR inf 1 (inf inf inf)
LRL inf 1 (inf inf inf)

# -1.963495 1.963495 7.200000
# best = 0 = LSL
LSL 9.28 0 (1.963495 5.352241 1.963495)
LSR 14.01 0 (2.349259 6.958864 4.705454)
RSL 14.01 0 (4.705454 6.958864 2.349259)
RSR 17.69 0 (4.319690 9.047759 4.319690)
RLR inf 1 (inf inf inf)
LRL inf 1 (inf inf inf)

# -1.963495 1.963495 7.600000
# best = 0 = LSL
LSL 9.68 0 (1.963495 5.752241 1.963495)
LSR 14.39 0 (2.328784 7.371959 4.684980)
RSL 14.39 0 (4.684980 7.371959 2.328784)
RSR 18.09 0 (4.319690 9.447759 4.319690)
RLR inf 1 (inf inf inf)
LRL inf 1 (inf inf inf)

# -1.963495 1.963495 8.000000
# best = 0 = LSL
LSL 10.08 0 (1.963495 6.152241 1.963495)
LSR 14.76 0 (2.310382 7.783687 4.666578)
RSL 14.76 0 (4.666578 7.783687 2.310382)
RSR 18.49 0 (4.319690 9.847759 4.319690)
RLR inf 1 (inf inf inf)
LRL inf 1 (inf inf inf)

# -1.570796 1.963495 0.400000
# best = 4 = RLR
LSL 11.39 0 (4.958425 1.571196 4.859051)
LSR inf 1 (inf inf inf)
RSL inf 1 (inf inf inf)
RSR 11.39 0 (4.549180 2.355178 4.482900)
RLR 6.51 0 (0.778020 5.024052 0.711741)
LRL 8.20 0 (1.413159 5.475839 1.313785)

# -1.570796 1.963495 0.800000
# best = 4 = RLR
LSL 11.00 0 (5.040577 1.187246 4.776899)
LSR inf 1 (inf inf inf)
RSL inf 1 (inf inf inf)
RSR 11.78 0 (4.572811 2.750630 4.459269)
RLR 6.00 0 (0.672960 4.766670 0.559418)
LRL 8.61 0 (1.597633 5.680482 1.333955)

# -1.570796 1.963495 1.200000
# best = 4 = RLR
LSL 10.64 0 (5.198697 0.818809 4.618779)
LSR inf 1 (inf inf inf)
RSL inf 1 (inf inf inf)
RSR 12.18 0 (4.590494 3.147232 4.441586)
RLR 5.41 0 (0.543281 4.471945 0.394373)
LRL 8.99 0 (1.850945 5.870866 1.271027)

# -1.570796 1.963495 1.600000
# best = 4 = RLR
LSL 10.32 0 (5.580820 0.501343 4.236656)
LSR inf 1 (inf inf inf)
RSL inf 1 (inf inf inf)
RSR 12.58 0 (4.604216 3.544598 4.427864)
RLR 4.68 0 (0.373655 4.105248 0.197302)
LRL 9.31 0 (2.313562 6.031853 0.969397)

# -1.570796 1.963495 2.000000
# best = 0 = LSL
LSL 3.92 0 (0.196349 0.390181 3.337942)
LSR inf 1 (inf inf inf)
RSL 10.21 0 (6.139605 0.675812 3.390711)
RSR 12.97 0 (4.615170 3.942496 4.416910)
RLR 9.71 0 (0.072548 3.481127 6.157473)
LRL 9.43 0 (3.240241 6.087784 0.098649)

# -1.570796 1.963495 2.400000
# best = 0 = LSL
LSL 4.15 0 (0.893771 0.610850 2.640520)
LSR 9.49 0 (2.748460 1.243729 5.497354)
RSL 10.34 0 (5.790090 1.509178 3.041196)
RSR 13.37 0 (4.624115 4.340781 4.407965)
RLR inf 1 (inf inf inf)
LRL 15.49 0 (3.882051 5.976561 5.628801)

# -1.570796 1.963495 2.800000
# best = 0 = LSL
LSL 4.49 0 (1.158979 0.956051 2.375312)
LSR 9.69 0 (2.524471 1.888377 5.273366)
RSL 10.56 0 (5.605199 2.102026 2.856304)
RSR 13.77 0 (4.631555 4.739355 4.400524)
RLR inf 1 (inf inf inf)
LRL 15.14 0 (4.059223 5.800487 5.275556)

# -1.570796 1.963495 3.200000
# best = 0 = LSL
LSL 4.87 0 (1.279449 1.332265 2.254842)
LSR 9.94 0 (2.381320 2.430035 5.130214)
RSL 10.83 0 (5.480141 2.622863 2.731247)
RSR 14.17 0 (4.637841 5.138150 4.394238)
RLR inf 1 (inf inf inf)
LRL 14.74 0 (4.081488 5.604078 5.056881)

# -1.570796 1.963495 3.600000
# best = 0 = LSL
LSL 5.25 0 (1.346329 1.719252 2.187962)
LSR 10.23 0 (2.278480 2.926461 5.027374)
RSL 11.13 0 (5.387893 3.108103 2.638999)
RSR 14.57 0 (4.643222 5.537120 4.388858)
RLR inf 1 (inf inf inf)
LRL 14.32 0 (4.043636 5.394614 4.885270)

# -1.570796 1.963495 4.000000
# best = 0 = LSL
LSL 5.65 0 (1.388516 2.111095 2.145775)
LSR 10.55 0 (2.200056 3.397540 4.948950)
RSL 11.46 0 (5.316385 3.572283 2.567491)
RSR 14.97 0 (4.647879 5.936228 4.384201)
RLR inf 1 (inf inf inf)
LRL 13.88 0 (3.974131 5.171230 4.731390)

# -1.570796 1.963495 4.400000
# best = 0 = LSL
LSL 6.04 0 (1.417460 2.505518 2.116831)
LSR 10.88 0 (2.137907 3.852581 4.886801)
RSL 11.79 0 (5.259064 4.022698 2.510170)
RSR 15.37 0 (4.651949 6.335448 4.380131)
RLR inf 1 (inf inf inf)
LRL 13.39 0 (3.882152 4.929386 4.581524)

# -1.570796 1.963495 4.800000
# best = 0 = LSL
LSL 6.44 0 (1.438518 2.901468 2.095773)
LSR 11.22 0 (2.087278 4.296683 4.836172)
RSL 12.14 0 (5.211963 4.463518 2.463069)
RSR 15.77 0 (4.655537 6.734761 4.376543)
RLR inf 1 (inf inf inf)
LRL 12.85 0 (3.768543 4.660051 4.425799)

# -1.570796 1.963495 5.200000
# best = 0 = LSL
LSL 6.83 0 (1.454513 3.298395 2.079778)
LSR 11.57 0 (2.045156 4.732926 4.794050)
RSL 12.49 0 (5.172508 4.897335 2.423613)
RSR 16.17 0 (4.658722 7.134151 4.373357)
RLR inf 1 (inf inf inf)
LRL 12.22 0 (3.626613 4.344200 4.251878)

# -1.570796 1.963495 5.600000
# best = 0 = LSL
LSL 7.23 0 (1.467070 3.695985 2.067221)
LSR 11.93 0 (2.009516 5.163303 4.758411)
RSL 12.85 0 (5.138939 5.325860 2.390045)
RSR 16.57 0 (4.661571 7.533606 4.370509)
RLR inf 1 (inf inf inf)
LRL 11.39 0 (3.430260 3.926380 4.030411)

# -1.570796 1.963495 6.000000
# best = 0 = LSL
LSL 7.63 0 (1.477186 4.094045 2.057105)
LSR 12.30 0 (1.978944 5.589168 4.727838)
RSL 13.22 0 (5.110010 5.750277 2.361115)
RSR 16.97 0 (4.664132 7.933115 4.367948)
RLR inf 1 (inf inf inf)
LRL inf 1 (inf inf inf)

# -1.570796 1.963495 6.400000
# best = 0 = LSL
LSL 8.03 0 (1.485509 4.492449 2.048782)
LSR 12.67 0 (1.952414 6.011481 4.701308)
RSL 13.59 0 (5.084806 6.171433 2.335912)
RSR 17.36 0 (4.666447 8.332672 4.365632)
RLR inf 1 (inf inf inf)
LRL inf 1 (inf inf inf)

# -1.570796 1.963495 6.800000
# best = 0 = LSL
LSL 8.43 0 (1.492475 4.891114 2.041816)
LSR 13.04 0 (1.929163 6.430941 4.678057)
RSL 13.97 0 (5.062643 6.589953 2.313749)
RSR 17.76 0 (4.668551 8.732269 4.363528)
RLR inf 1 (inf inf inf)
LRL inf 1 (inf inf inf)

# -1.570796 1.963495 7.200000
# best = 0 = LSL
LSL 8.82 0 (1.498392 5.289980 2.035899)
LSR 13.41 0 (1.908613 6.848073 4.657507)
RSL 14.34 0 (5.042997 7.006310 2.294103)
RSR 18.16 0 (4.670471 9.131902 4.361609)
RLR inf 1 (inf inf inf)
LRL inf 1 (inf inf inf)

# -1.570796 1.963495 7.600000
# best = 0 = LSL
LSL 9.22 0 (1.503478 5.689006 2.030813)
LSR 13.79 0 (1.890313 7.263278 4.639208)
RSL 14.72 0 (5.025457 7.420867 2.276563)
RSR 18.56 0 (4.672229 9.531565 4.359850)
RLR inf 1 (inf inf inf)
LRL inf 1 (inf inf inf)

# -1.570796 1.963495 8.000000
# best = 0 = LSL
LSL 9.62 0 (1.507898 6.088159 2.026393)
LSR 14.17 0 (1.873911 7.676869 4.622805)
RSL 15.10 0 (5.009699 7.833911 2.260805)
RSR 18.96 0 (4.673847 9.931255 4.358233)
RLR inf 1 (inf inf inf)
LRL inf 1 (inf inf inf)

# -1.178097 1.963495 0.400000
# best = 4 = RLR
LSL 11.06 0 (4.805998 1.637618 4.618779)
LSR inf 1 (inf inf inf)
RSL inf 1 (inf inf inf)
RSR 11.80 0 (4.776900 2.374491 4.647879)
RLR 6.88 0 (0.999754 5.012079 0.870733)
LRL 7.74 0 (1.242605 5.439583 1.055385)

# -1.178097 1.963495 0.800000
# best = 4 = RLR
LSL 10.72 0 (4.950580 1.297530 4.474197)
LSR inf 1 (inf inf inf)
RSL inf 1 (inf inf inf)
RSR 12.18 0 (4.823696 2.756159 4.601082)
RLR 6.38 0 (0.921940 4.762859 0.699326)
LRL 8.10 0 (1.478629 5.622467 1.002245)

# -1.178097 1.963495 1.200000
# best = 4 = RLR
LSL 10.43 0 (5.188122 1.002685 4.236656)
LSR inf 1 (inf inf inf)
RSL inf 1 (inf inf inf)
RSR 12.57 0 (4.859052 3.142391 4.565727)
RLR 5.81 0 (0.813797 4.475862 0.520473)
LRL 8.41 0 (1.793155 5.776438 0.841689)

# -1.178097 1.963495 1.600000
# best = 4 = RLR
LSL 10.23 0 (5.577419 0.804469 3.847359)
LSR inf 1 (inf inf inf)
RSL inf 1 (inf inf inf)
RSR 12.96 0 (4.886641 3.531689 4.538138)
RLR 5.10 0 (0.662998 4.119085 0.314495)
LRL 8.61 0 (2.233328 5.878188 0.503268)

# -1.178097 1.963495 2.000000
# best = 4 = RLR
LSL 10.21 0 (6.086835 0.780361 3.337942)
LSR 8.64 0 (2.748393 0.001000 5.889986)
RSL inf 1 (inf inf inf)
RSR 13.35 0 (4.908739 3.923141 4.516040)
RLR 3.93 0 (0.392699 3.534292 0.000000)
LRL 14.92 0 (2.748893 5.890486 6.283185)

# -1.178097 1.963495 2.400000
# best = 0 = LSL
LSL 4.09 0 (0.232336 0.943799 2.909256)
LSR 8.79 0 (2.163207 1.326650 5.304801)
RSL 10.37 0 (6.090199 1.326649 2.948606)
RSR 13.74 0 (4.926820 4.316161 4.497959)
RLR inf 1 (inf inf inf)
LRL 14.76 0 (3.135733 5.806794 5.812653)

# -1.178097 1.963495 2.800000
# best = 0 = LSL
LSL 4.36 0 (0.501072 1.221699 2.640520)
LSR 9.05 0 (1.973700 1.959592 5.115293)
RSL 10.62 0 (5.900691 1.959591 2.759098)
RSR 14.14 0 (4.941879 4.710356 4.482900)
RLR inf 1 (inf inf inf)
LRL 14.47 0 (3.332280 5.662416 5.471728)

# -1.178097 1.963495 3.200000
# best = 0 = LSL
LSL 4.70 0 (0.663054 1.553815 2.478538)
LSR 9.35 0 (1.853228 2.498000 4.994822)
RSL 10.92 0 (5.780220 2.497999 2.638626)
RSR 14.53 0 (4.954609 5.105454 4.470169)
RLR inf 1 (inf inf inf)
LRL 14.11 0 (3.405693 5.485279 5.221178)

# -1.178097 1.963495 3.600000
# best = 0 = LSL
LSL 5.05 0 (0.766280 1.912102 2.375312)
LSR 9.67 0 (1.767128 2.993326 4.908721)
RSL 11.24 0 (5.694119 2.993326 2.552526)
RSR 14.93 0 (4.965510 5.501260 4.459269)
RLR inf 1 (inf inf inf)
LRL 13.71 0 (3.409467 5.286375 5.018499)

# -1.178097 1.963495 4.000000
# best = 0 = LSL
LSL 5.43 0 (0.836430 2.284278 2.305162)
LSR 10.01 0 (1.701696 3.464102 4.843289)
RSL 11.58 0 (5.628687 3.464101 2.487094)
RSR 15.32 0 (4.974946 5.897633 4.449833)
RLR inf 1 (inf inf inf)
LRL 13.28 0 (3.370214 5.067569 4.838947)

# -1.178097 1.963495 4.400000
# best = 0 = LSL
LSL 5.81 0 (0.886750 2.664530 2.254842)
LSR 10.36 0 (1.649959 3.919184 4.791552)
RSL 11.93 0 (5.576950 3.919183 2.435357)
RSR 15.72 0 (4.983193 6.294464 4.441586)
RLR inf 1 (inf inf inf)
LRL 12.79 0 (3.299331 4.825163 4.667423)

# -1.178097 1.963495 4.800000
# best = 0 = LSL
LSL 6.19 0 (0.924432 3.049838 2.217160)
LSR 10.72 0 (1.607872 4.363485 4.749466)
RSL 12.29 0 (5.534864 4.363485 2.393270)
RSR 16.12 0 (4.990461 6.691673 4.434317)
RLR inf 1 (inf inf inf)
LRL 12.24 0 (3.198919 4.548974 4.491647)

# -1.178097 1.963495 5.200000
# best = 0 = LSL
LSL 6.58 0 (0.953630 3.438503 2.187962)
LSR 11.09 0 (1.572888 4.800000 4.714481)
RSL 12.66 0 (5.499879 4.800000 2.358286)
RSR 16.51 0 (4.996915 7.089196 4.427864)
RLR inf 1 (inf inf inf)
LRL 11.57 0 (3.060685 4.214112 4.295018)

# -1.178097 1.963495 5.600000
# best = 0 = LSL
LSL 6.97 0 (0.976881 3.829504 2.164711)
LSR 11.46 0 (1.543304 5.230679 4.684897)
RSL 13.03 0 (5.470295 5.230678 2.328702)
RSR 16.91 0 (5.002683 7.486982 4.422096)
RLR inf 1 (inf inf inf)
LRL 10.60 0 (2.840698 3.727633 4.028527)

# -1.178097 1.963495 6.000000
# best = 0 = LSL
LSL 7.36 0 (0.995817 4.222190 2.145775)
LSR 11.83 0 (1.517934 5.656855 4.659527)
RSL 13.41 0 (5.444925 5.656854 2.303332)
RSR 17.31 0 (5.007869 7.884993 4.416910)
RLR inf 1 (inf inf inf)
LRL inf 1 (inf inf inf)

# -1.178097 1.963495 6.400000
# best = 0 = LSL
LSL 7.76 0 (1.011525 4.616133 2.130067)
LSR 12.21 0 (1.495921 6.079474 4.637514)
RSL 13.78 0 (5.422912 6.079473 2.281319)
RSR 17.71 0 (5.012556 8.283195 4.412222)
RLR inf 1 (inf inf inf)
LRL inf 1 (inf inf inf)

# -1.178097 1.963495 6.800000
# best = 0 = LSL
LSL 8.15 0 (1.024761 5.011035 2.116831)
LSR 12.59 0 (1.476629 6.499231 4.618222)
RSL 14.16 0 (5.403620 6.499230 2.262027)
RSR 18.11 0 (5.016814 8.681562 4.407965)
RLR inf 1 (inf inf inf)
LRL inf 1 (inf inf inf)

# -1.178097 1.963495 7.200000
# best = 0 = LSL
LSL 8.55 0 (1.036061 5.406687 2.105531)
LSR 12.98 0 (1.459577 6.916647 4.601170)
RSL 14.55 0 (5.386568 6.916646 2.244975)
RSR 18.50 0 (5.020697 9.080073 4.404081)
RLR inf 1 (inf inf inf)
LRL inf 1 (inf inf inf)

# -1.178097 1.963495 7.600000
# best = 0 = LSL
LSL 8.94 0 (1.045819 5.802936 2.095773)
LSR 13.36 0 (1.444391 7.332121 4.585984)
RSL 14.93 0 (5.371382 7.332121 2.229789)
RSR 18.90 0 (5.024254 9.478710 4.400524)
RLR inf 1 (inf inf inf)
LRL inf 1 (inf inf inf)

# -1.178097 1.963495 8.000000
# best = 0 = LSL
LSL 9.34 0 (1.054328 6.199666 2.087264)
LSR 13.75 0 (1.430777 7.745967 4.572370)
RSL 15.32 0 (5.357768 7.745966 2.216175)
RSR 19.30 0 (5.027524 9.877456 4.397254)
RLR inf 1 (inf inf inf)
LRL inf 1 (inf inf inf)

# -0.785398 1.963495 0.400000
# best = 5 = LRL
LSL 10.68 0 (4.651624 1.644071 4.380455)
LSR inf 1 (inf inf inf)
RSL inf 1 (inf inf inf)
RSR 12.12 0 (5.005304 2.304896 4.812173)
RLR 7.36 0 (1.249611 5.054983 1.056479)
LRL 7.34 0 (1.086461 5.436045 0.815292)

# -0.785398 1.963495 0.800000
# best = 4 = RLR
LSL 10.40 0 (4.846321 1.370467 4.185757)
LSR inf 1 (inf inf inf)
RSL inf 1 (inf inf inf)
RSR 12.48 0 (5.076355 2.664083 4.741122)
RLR 6.90 0 (1.205901 4.825463 0.870668)
LRL 7.63 0 (1.355028 5.583784 0.694464)

# -0.785398 1.963495 1.200000
# best = 4 = RLR
LSL 10.20 0 (5.121186 1.171918 3.910892)
LSR inf 1 (inf inf inf)
RSL inf 1 (inf inf inf)
RSR 12.85 0 (5.130321 3.033501 4.687156)
RLR 6.37 0 (1.127912 4.561552 0.684747)
LRL 7.84 0 (1.682252 5.688502 0.471958)

# -0.785398 1.963495 1.600000
# best = 4 = RLR
LSL 10.12 0 (5.469361 1.090230 3.562717)
LSR inf 1 (inf inf inf)
RSL inf 1 (inf inf inf)
RSR 13.23 0 (5.172477 3.409826 4.645001)
RLR 5.73 0 (1.010218 4.241853 0.482742)
LRL 7.93 0 (2.051718 5.731085 0.145074)

# -0.785398 1.963495 2.000000
# best = 4 = RLR
LSL 10.18 0 (5.824279 1.150571 3.207799)
LSR 8.03 0 (1.743388 1.009620 5.277680)
RSL inf 1 (inf inf inf)
RSR 13.61 0 (5.206206 3.791003 4.611272)
RLR 4.83 0 (0.818503 3.790966 0.223570)
LRL 14.15 0 (2.390922 5.699656 6.057627)

# -0.785398 1.963495 2.400000
# best = 2 = RSL
LSL 10.37 0 (6.112297 1.333801 2.919781)
LSR 8.30 0 (1.523046 1.718357 5.057339)
RSL 4.08 0 (0.201116 0.933665 2.950009)
RSR 13.99 0 (5.233746 4.175703 4.583731)
RLR inf 1 (inf inf inf)
LRL 13.96 0 (2.630743 5.603264 5.721413)

# -0.785398 1.963495 2.800000
# best = 0 = LSL
LSL 4.35 0 (0.035059 1.598197 2.713834)
LSR 8.61 0 (1.397970 2.281703 4.932262)
RSL 10.63 0 (6.248864 1.666827 2.714571)
RSR 14.38 0 (5.256626 4.563034 4.560851)
RLR inf 1 (inf inf inf)
LRL 13.67 0 (2.765626 5.461135 5.444402)

# -0.785398 1.963495 3.200000
# best = 0 = LSL
LSL 4.66 0 (0.178326 1.910352 2.570567)
LSR 8.95 0 (1.312811 2.789191 4.847104)
RSL 10.94 0 (6.118948 2.237162 2.584656)
RSR 14.77 0 (5.275918 4.952380 4.541560)
RLR inf 1 (inf inf inf)
LRL 13.32 0 (2.822011 5.287370 5.214253)

# -0.785398 1.963495 3.600000
# best = 0 = LSL
LSL 5.00 0 (0.279895 2.250479 2.468998)
LSR 9.30 0 (1.249937 3.266957 4.784230)
RSL 11.28 0 (6.031331 2.747995 2.497039)
RSR 15.16 0 (5.292392 5.343301 4.525086)
RLR inf 1 (inf inf inf)
LRL 12.93 0 (2.823936 5.088083 5.013040)

# -0.785398 1.963495 4.000000
# best = 0 = LSL
LSL 5.36 0 (0.354244 2.607656 2.394649)
LSR 9.66 0 (1.201191 3.726449 4.735483)
RSL 11.63 0 (5.966976 3.227702 2.432684)
RSR 15.55 0 (5.306616 5.735473 4.510861)
RLR inf 1 (inf inf inf)
LRL 12.47 0 (2.785731 4.862974 4.826136)

# -0.785398 1.963495 4.400000
# best = 0 = LSL
LSL 5.72 0 (0.410450 2.975748 2.338443)
LSR 10.03 0 (1.162104 4.173709 4.696396)
RSL 11.99 0 (5.917250 3.688447 2.382957)
RSR 15.95 0 (5.319018 6.128657 4.498460)
RLR inf 1 (inf inf inf)
LRL 11.96 0 (2.713100 4.605300 4.641092)

# -0.785398 1.963495 4.800000
# best = 0 = LSL
LSL 6.10 0 (0.454177 3.351162 2.294716)
LSR 10.41 0 (1.129972 4.612295 4.664265)
RSL 12.36 0 (5.877475 4.136571 2.343182)
RSR 16.34 0 (5.329923 6.522670 4.487555)
RLR inf 1 (inf inf inf)
LRL 11.34 0 (2.602546 4.296737 4.443084)

# -0.785398 1.963495 5.200000
# best = 0 = LSL
LSL 6.48 0 (0.489042 3.731689 2.259851)
LSR 10.78 0 (1.103040 5.044470 4.637332)
RSL 12.73 0 (5.844837 4.575784 2.310544)
RSR 16.73 0 (5.339584 6.917371 4.477893)
RLR inf 1 (inf inf inf)
LRL 10.51 0 (2.428190 3.878296 4.198999)

# -0.785398 1.963495 5.600000
# best = 0 = LSL
LSL 6.86 0 (0.517427 4.115910 2.231466)
LSR 11.17 0 (1.080110 5.471755 4.614402)
RSL 13.11 0 (5.817520 5.008431 2.283228)
RSR 17.13 0 (5.348202 7.312647 4.469276)
RLR inf 1 (inf inf inf)
LRL inf 1 (inf inf inf)

# -0.785398 1.963495 6.000000
# best = 0 = LSL
LSL 7.25 0 (0.540950 4.502879 2.207943)
LSR 11.55 0 (1.060334 5.895211 4.594626)
RSL 13.49 0 (5.794291 5.436080 2.259999)
RSR 17.53 0 (5.355935 7.708411 4.461542)
RLR inf 1 (inf inf inf)
LRL inf 1 (inf inf inf)

# -0.785398 1.963495 6.400000
# best = 0 = LSL
LSL 7.64 0 (0.560741 4.891946 2.188152)
LSR 11.94 0 (1.043091 6.315611 4.577383)
RSL 13.87 0 (5.774277 5.859825 2.239984)
RSR 17.92 0 (5.362913 8.104590 4.454565)
RLR inf 1 (inf inf inf)
LRL inf 1 (inf inf inf)

# -0.785398 1.963495 6.800000
# best = 0 = LSL
LSL 8.03 0 (0.577610 5.282646 2.171283)
LSR 12.32 0 (1.027917 6.733525 4.562210)
RSL 14.26 0 (5.756841 6.280456 2.222549)
RSR 18.32 0 (5.369240 8.501128 4.448238)
RLR inf 1 (inf inf inf)
LRL inf 1 (inf inf inf)

# -0.785398 1.963495 7.200000
# best = 0 = LSL
LSL 8.42 0 (0.592152 5.674641 2.156741)
LSR 12.71 0 (1.014455 7.149390 4.548748)
RSL 14.65 0 (5.741509 6.698560 2.207217)
RSR 18.72 0 (5.375003 8.897975 4.442475)
RLR inf 1 (inf inf inf)
LRL inf 1 (inf inf inf)

# -0.785398 1.963495 7.600000
# best = 0 = LSL
LSL 8.82 0 (0.604812 6.067682 2.144081)
LSR 13.10 0 (1.002428 7.563544 4.536720)
RSL 15.04 0 (5.727915 7.114583 2.193623)
RSR 19.11 0 (5.380273 9.295093 4.437204)
RLR inf 1 (inf inf inf)
LRL inf 1 (inf inf inf)

# -0.785398 1.963495 8.000000
# best = 0 = LSL
LSL 9.21 0 (0.615931 6.461577 2.132962)
LSR 13.49 0 (0.991614 7.976253 4.525907)
RSL 15.43 0 (5.715776 7.528869 2.181484)
RSR 19.51 0 (5.385112 9.692448 4.432366)
RLR inf 1 (inf inf inf)
LRL inf 1 (inf inf inf)

# -0.392699 1.963495 0.400000
# best = 5 = LRL
LSL 10.23 0 (4.498499 1.590271 4.140880)
LSR inf 1 (inf inf inf)
RSL inf 1 (inf inf inf)
RSR 12.36 0 (5.237069 2.149294 4.973108)
RLR 7.94 0 (1.528216 5.148665 1.264255)
LRL 7.00 0 (0.948042 5.465456 0.590423)

# -0.392699 1.963495 0.800000
# best = 5 = LRL
LSL 10.04 0 (4.735224 1.401325 3.904155)
LSR inf 1 (inf inf inf)
RSL inf 1 (inf inf inf)
RSR 12.69 0 (5.335321 2.478853 4.874855)
RLR 7.54 0 (1.525351 4.946431 1.064885)
LRL 7.21 0 (1.235707 5.567336 0.404638)

# -0.392699 1.963495 1.200000
# best = 4 = RLR
LSL 9.95 0 (5.023708 1.310901 3.615671)
LSR inf 1 (inf inf inf)
RSL inf 1 (inf inf inf)
RSR 13.04 0 (5.409978 2.826652 4.800198)
RLR 7.07 0 (1.483615 4.713643 0.873835)
LRL 7.30 0 (1.548221 5.615396 0.140184)

# -0.392699 1.963495 1.600000
# best = 4 = RLR
LSL 9.98 0 (5.326009 1.339108 3.313370)
LSR 7.42 0 (1.277872 0.936811 5.204863)
RSL inf 1 (inf inf inf)
RSR 13.40 0 (5.468030 3.186725 4.742146)
RLR 6.52 0 (1.404654 4.439617 0.678770)
LRL 13.56 0 (1.843048 5.600448 6.113594)

# -0.392699 1.963495 2.000000
# best = 4 = RLR
LSL 10.12 0 (5.593019 1.479176 3.046360)
LSR 7.71 0 (1.061342 1.658485 4.988333)
RSL inf 1 (inf inf inf)
RSR 13.77 0 (5.514175 3.555343 4.696002)
RLR 5.83 0 (1.277784 4.093589 0.459611)
LRL 13.41 0 (2.072639 5.525611 5.809165)

# -0.392699 1.963495 2.400000
# best = 4 = RLR
LSL 10.34 0 (5.801916 1.703734 2.837463)
LSR 8.04 0 (0.943279 2.223405 4.870271)
RSL inf 1 (inf inf inf)
RSR 14.14 0 (5.551586 3.930104 4.658590)
RLR 4.68 0 (1.026415 3.516028 0.133419)
LRL 13.16 0 (2.220330 5.403198 5.539062)

# -0.392699 1.963495 2.800000
# best = 2 = RSL
LSL 10.62 0 (5.957128 1.984303 2.682251)
LSR 8.39 0 (0.864274 2.730657 4.791266)
RSL 4.36 0 (0.409480 1.181138 2.765674)
RSR 14.52 0 (5.582449 4.309404 4.627727)
RLR inf 1 (inf inf inf)
LRL 12.85 0 (2.296462 5.245038 5.304770)

# -0.392699 1.963495 3.200000
# best = 2 = RSL
LSL 10.94 0 (6.071869 2.300480 2.567511)
LSR 8.75 0 (0.806554 3.207716 4.733546)
RSL 4.66 0 (0.235269 1.833611 2.591463)
RSR 14.90 0 (5.608299 4.692144 4.601878)
RLR inf 1 (inf inf inf)
LRL 12.47 0 (2.317525 5.057684 5.096352)

# -0.392699 1.963495 3.600000
# best = 2 = RSL
LSL 11.28 0 (6.158045 2.639500 2.481334)
LSR 9.12 0 (0.762128 3.666388 4.689119)
RSL 5.00 0 (0.131702 2.376799 2.487896)
RSR 15.29 0 (5.630237 5.077545 4.579940)
RLR inf 1 (inf inf inf)
LRL 12.04 0 (2.295800 4.841881 4.902275)

# -0.392699 1.963495 4.000000
# best = 2 = RSL
LSL 11.63 0 (6.224235 2.993611 2.415145)
LSR 9.49 0 (0.726698 4.112828 4.653689)
RSL 5.35 0 (0.060159 2.873363 2.416353)
RSR 15.68 0 (5.649072 5.465045 4.561105)
RLR inf 1 (inf inf inf)
LRL 11.54 0 (2.236991 4.591884 4.711087)

# -0.392699 1.963495 4.400000
# best = 2 = RSL
LSL 12.00 0 (6.276247 3.358044 2.363133)
LSR 9.87 0 (0.697693 4.550639 4.624685)
RSL 5.71 0 (0.006953 3.344138 2.363147)
RSR 16.06 0 (5.665408 5.854226 4.544769)
RLR inf 1 (inf inf inf)
LRL 10.94 0 (2.138272 4.290420 4.508343)

# -0.392699 1.963495 4.800000
# best = 0 = LSL
LSL 6.09 0 (0.034801 3.729773 2.321393)
LSR 10.26 0 (0.673464 4.982095 4.600455)
RSL 12.37 0 (6.248703 3.798724 2.321712)
RSR 16.45 0 (5.679704 6.244775 4.530473)
RLR inf 1 (inf inf inf)
LRL 10.12 0 (1.975277 3.880951 4.261869)

# -0.392699 1.963495 5.200000
# best = 0 = LSL
LSL 6.46 0 (0.068927 4.106818 2.287267)
LSR 10.64 0 (0.652892 5.408718 4.579883)
RSL 12.75 0 (6.215377 4.242328 2.288386)
RSR 16.85 0 (5.692315 6.636450 4.517862)
RLR inf 1 (inf inf inf)
LRL inf 1 (inf inf inf)

# -0.392699 1.963495 5.600000
# best = 0 = LSL
LSL 6.84 0 (0.097287 4.487840 2.258907)
LSR 11.03 0 (0.635191 5.831568 4.562182)
RSL 13.13 0 (6.187919 4.678075 2.260928)
RSR 17.24 0 (5.703519 7.029062 4.506658)
RLR inf 1 (inf inf inf)
LRL inf 1 (inf inf inf)

# -0.392699 1.963495 6.000000
# best = 0 = LSL
LSL 7.23 0 (0.121192 4.871905 2.235002)
LSR 11.42 0 (0.619788 6.251411 4.546779)
RSL 13.51 0 (6.164863 5.107977 2.237872)
RSR 17.63 0 (5.713536 7.422464 4.496640)
RLR inf 1 (inf inf inf)
LRL inf 1 (inf inf inf)

# -0.392699 1.963495 6.400000
# best = 0 = LSL
LSL 7.61 0 (0.141594 5.258346 2.214600)
LSR 11.81 0 (0.606256 6.668816 4.533247)
RSL 13.90 0 (6.145206 5.533396 2.218214)
RSR 18.03 0 (5.722544 7.816535 4.487632)
RLR inf 1 (inf inf inf)
LRL inf 1 (inf inf inf)

# -0.392699 1.963495 6.800000
# best = 0 = LSL
LSL 8.00 0 (0.159197 5.646676 2.196997)
LSR 12.20 0 (0.594268 7.084212 4.521260)
RSL 14.28 0 (6.128232 5.955293 2.201241)
RSR 18.42 0 (5.730687 8.211180 4.479490)
RLR inf 1 (inf inf inf)
LRL inf 1 (inf inf inf)

# -0.392699 1.963495 7.200000
# best = 0 = LSL
LSL 8.39 0 (0.174530 6.036531 2.181664)
LSR 12.59 0 (0.583572 7.497934 4.510564)
RSL 14.67 0 (6.113419 6.374367 2.186427)
RSR 18.82 0 (5.738083 8.606319 4.472094)
RLR inf 1 (inf inf inf)
LRL inf 1 (inf inf inf)

# -0.392699 1.963495 7.600000
# best = 0 = LSL
LSL 8.78 0 (0.188000 6.427632 2.168194)
LSR 12.99 0 (0.573967 7.910245 4.500958)
RSL 15.06 0 (6.100371 6.791142 2.173379)
RSR 19.21 0 (5.744829 9.001887 4.465348)
RLR inf 1 (inf inf inf)
LRL inf 1 (inf inf inf)

# -0.392699 1.963495 8.000000
# best = 0 = LSL
LSL 9.18 0 (0.199923 6.819766 2.156271)
LSR 13.38 0 (0.565292 8.321354 4.492283)
RSL 15.46 0 (6.088787 7.206015 2.161795)
RSR 19.61 0 (5.751006 9.397831 4.459170)
RLR inf 1 (inf inf inf)
LRL inf 1 (inf inf inf)

# 0.000000 1.963495 0.400000
# best = 5 = LRL
LSL 9.73 0 (4.350215 1.478601 3.896465)
LSR inf 1 (inf inf inf)
RSL inf 1 (inf inf inf)
RSR 12.52 0 (5.476064 1.914281 5.126811)
RLR 8.61 0 (1.835446 5.285134 1.486193)
LRL 6.73 0 (0.829990 5.525920 0.376239)

# 0.000000 1.963495 0.800000
# best = 5 = LRL
LSL 9.63 0 (4.623034 1.388221 3.623646)
LSR inf 1 (inf inf inf)
RSL inf 1 (inf inf inf)
RSR 12.81 0 (5.607180 2.209881 4.995696)
RLR 8.26 0 (1.880262 5.112536 1.268778)
LRL 6.83 0 (1.127012 5.574326 0.127624)

# 0.000000 1.963495 1.200000
# best = 1 = LSR
LSL 9.66 0 (4.909495 1.409984 3.337185)
LSR 6.96 0 (0.846762 0.944428 5.166452)
RSL inf 1 (inf inf inf)
RSR 13.14 0 (5.706095 2.534300 4.896781)
RLR 7.86 0 (1.878337 4.910855 1.069023)
LRL 13.09 0 (1.407665 5.562711 6.118541)

# 0.000000 1.963495 1.600000
# best = 1 = LSR
LSL 9.79 0 (5.167191 1.539140 3.079489)
LSR 7.26 0 (0.638554 1.658629 4.958244)
RSL inf 1 (inf inf inf)
RSR 13.48 0 (5.782002 2.877808 4.820874)
RLR 7.39 0 (1.837396 4.677159 0.876268)
LRL 12.95 0 (1.630624 5.493236 5.826107)

# 0.000000 1.963495 2.000000
# best = 4 = RLR
LSL 10.00 0 (5.373748 1.752098 2.872933)
LSR 7.59 0 (0.525151 2.220395 4.844841)
RSL inf 1 (inf inf inf)
RSR 13.84 0 (5.841457 3.234329 4.761418)
RLR 6.84 0 (1.758126 4.399708 0.678087)
LRL 12.72 0 (1.778755 5.376385 5.561125)

# 0.000000 1.963495 2.400000
# best = 4 = RLR
LSL 10.27 0 (5.530460 2.022559 2.716221)
LSR 7.94 0 (0.449400 2.725666 4.769091)
RSL inf 1 (inf inf inf)
RSR 14.20 0 (5.888975 3.599998 4.713900)
RLR 6.12 0 (1.627614 4.043648 0.452539)
LRL 12.41 0 (1.858744 5.222939 5.327690)

# 0.000000 1.963495 2.800000
# best = 4 = RLR
LSL 10.58 0 (5.648062 2.330588 2.598618)
LSR 8.31 0 (0.394137 3.201306 4.713828)
RSL inf 1 (inf inf inf)
RSR 14.58 0 (5.927661 3.972291 4.675215)
RLR 4.79 0 (1.333046 3.377141 0.080600)
LRL 12.04 0 (1.884488 5.039222 5.118229)

# 0.000000 1.963495 3.200000
# best = 2 = RSL
LSL 10.91 0 (5.737289 2.663182 2.509392)
LSR 8.68 0 (0.351650 3.658888 4.671340)
RSL 4.71 0 (0.747454 1.249722 2.710949)
RSR 14.95 0 (5.959678 4.349505 4.643198)
RLR inf 1 (inf inf inf)
LRL 11.62 0 (1.867137 4.826067 4.922425)

# 0.000000 1.963495 3.600000
# best = 2 = RSL
LSL 11.26 0 (5.806287 3.012214 2.440393)
LSR 9.06 0 (0.317796 4.104457 4.637487)
RSL 5.02 0 (0.589020 1.882206 2.552515)
RSR 15.33 0 (5.986561 4.730465 4.616314)
RLR inf 1 (inf inf inf)
LRL 11.12 0 (1.812004 4.577804 4.729295)

# 0.000000 1.963495 4.000000
# best = 2 = RSL
LSL 11.62 0 (5.860756 3.372585 2.385924)
LSR 9.44 0 (0.290102 4.541549 4.609793)
RSL 5.37 0 (0.493148 2.417353 2.456643)
RSR 15.72 0 (6.009424 5.114333 4.593452)
RLR inf 1 (inf inf inf)
LRL 10.52 0 (1.716055 4.276969 4.524409)

# 0.000000 1.963495 4.400000
# best = 2 = RSL
LSL 11.99 0 (5.904606 3.741019 2.342074)
LSR 9.83 0 (0.266982 4.972401 4.586672)
RSL 5.73 0 (0.426485 2.909380 2.389980)
RSR 16.10 0 (6.029086 5.500501 4.573790)
RLR inf 1 (inf inf inf)
LRL 9.69 0 (1.554035 3.865229 4.274689)

# 0.000000 1.963495 4.800000
# best = 2 = RSL
LSL 12.36 0 (5.940538 4.115352 2.306142)
LSR 10.21 0 (0.247362 5.398507 4.567052)
RSL 6.09 0 (0.376736 3.377187 2.340231)
RSR 16.49 0 (6.046162 5.888515 4.556714)
RLR inf 1 (inf inf inf)
LRL inf 1 (inf inf inf)

# 0.000000 1.963495 5.200000
# best = 2 = RSL
LSL 12.74 0 (5.970447 4.494109 2.276234)
LSR 10.60 0 (0.230487 5.820909 4.550177)
RSL 6.47 0 (0.337907 3.829659 2.301402)
RSR 16.88 0 (6.061123 6.278034 4.541752)
RLR inf 1 (inf inf inf)
LRL inf 1 (inf inf inf)

# 0.000000 1.963495 5.600000
# best = 2 = RSL
LSL 13.12 0 (5.995687 4.876260 2.250993)
LSR 10.99 0 (0.215808 6.240359 4.535498)
RSL 6.85 0 (0.306630 4.271672 2.270125)
RSR 17.27 0 (6.074334 6.668794 4.528542)
RLR inf 1 (inf inf inf)
LRL inf 1 (inf inf inf)

# 0.000000 1.963495 6.000000
# best = 2 = RSL
LSL 13.51 0 (6.017247 5.261065 2.229433)
LSR 11.38 0 (0.202917 6.657416 4.522607)
RSL 7.23 0 (0.280831 4.706174 2.244326)
RSR 17.66 0 (6.086080 7.060589 4.516795)
RLR inf 1 (inf inf inf)
LRL inf 1 (inf inf inf)

# 0.000000 1.963495 6.400000
# best = 2 = RSL
LSL 13.89 0 (6.035861 5.647982 2.210819)
LSR 11.78 0 (0.191500 7.072503 4.511190)
RSL 7.62 0 (0.259148 5.135073 2.222643)
RSR 18.06 0 (6.096590 7.453256 4.506285)
RLR inf 1 (inf inf inf)
LRL inf 1 (inf inf inf)

# 0.000000 1.963495 6.800000
# best = 2 = RSL
LSL 14.28 0 (6.052084 6.036605 2.194596)
LSR 12.17 0 (0.181316 7.485947 4.501006)
RSL 8.00 0 (0.240649 5.559665 2.204144)
RSR 18.45 0 (6.106048 7.846664 4.496828)
RLR inf 1 (inf inf inf)
LRL inf 1 (inf inf inf)

# 0.000000 1.963495 7.200000
# best = 2 = RSL
LSL 14.67 0 (6.066341 6.426624 2.180340)
LSR 12.56 0 (0.172173 7.898006 4.491863)
RSL 8.39 0 (0.224666 5.980867 2.188161)
RSR 18.84 0 (6.114601 8.240706 4.488275)
RLR inf 1 (inf inf inf)
LRL inf 1 (inf inf inf)

# 0.000000 1.963495 7.600000
# best = 2 = RSL
LSL 15.06 0 (6.078964 6.817800 2.167716)
LSR 12.96 0 (0.163917 8.308887 4.483607)
RSL 8.78 0 (0.210710 6.399349 2.174205)
RSR 19.24 0 (6.122373 8.635296 4.480502)
RLR inf 1 (inf inf inf)
LRL inf 1 (inf inf inf)

# 0.000000 1.963495 8.000000
# best = 2 = RSL
LSL 15.46 0 (6.090215 7.209944 2.156465)
LSR 13.35 0 (0.156424 8.718756 4.476114)
RSL 9.18 0 (0.198412 6.815611 2.161907)
RSR 19.63 0 (6.129466 9.030362 4.473410)
RLR inf 1 (inf inf inf)
LRL inf 1 (inf inf inf)

# 0.392699 1.963495 0.400000
# best = 5 = LRL
LSL 9.17 0 (4.212041 1.314170 3.641941)
LSR inf 1 (inf inf inf)
RSL inf 1 (inf inf inf)
RSR 12.61 0 (5.729349 1.610266 5.266226)
RLR 9.34 0 (2.173437 5.454548 1.710315)
LRL 6.51 0 (0.735688 5.613665 0.165588)

# 0.392699 1.963495 0.800000
# best = 1 = LSR
LSL 9.19 0 (4.515239 1.331948 3.338743)
LSR 6.61 0 (0.522769 0.854694 5.235159)
RSL inf 1 (inf inf inf)
RSR 12.87 0 (5.903566 1.872408 5.092009)
RLR 9.05 0 (2.274831 5.308902 1.463274)
LRL 12.78 0 (1.034176 5.604246 6.140866)

# 0.392699 1.963495 1.200000
# best = 1 = LSR
LSL 9.32 0 (4.786713 1.463259 3.067268)
LSR 6.90 0 (0.289212 1.604915 5.001602)
RSL inf 1 (inf inf inf)
RSR 13.17 0 (6.032139 2.176895 4.963436)
RLR 8.69 0 (2.315083 5.132258 1.246380)
LRL 12.64 0 (1.270612 5.534169 5.834353)

# 0.392699 1.963495 1.600000
# best = 1 = LSR
LSL 9.54 0 (5.000724 1.681717 2.853257)
LSR 7.22 0 (0.166172 2.177384 4.878561)
RSL inf 1 (inf inf inf)
RSR 13.50 0 (6.127997 2.508352 4.867578)
RLR 8.28 0 (2.308595 4.927567 1.048176)
LRL 12.40 0 (1.425213 5.415349 5.560931)

# 0.392699 1.963495 2.000000
# best = 1 = LSR
LSL 9.81 0 (5.160085 1.958370 2.693896)
LSR 7.57 0 (0.084717 2.688169 4.797106)
RSL inf 1 (inf inf inf)
RSR 13.85 0 (6.200979 2.857409 4.794596)
RLR 7.81 0 (2.263688 4.691789 0.857305)
LRL 12.09 0 (1.506870 5.259940 5.323866)

# 0.392699 1.963495 2.400000
# best = 4 = RLR
LSL 10.13 0 (5.277813 2.272060 2.576168)
LSR 7.93 0 (0.025548 3.167255 4.737937)
RSL inf 1 (inf inf inf)
RSR 14.21 0 (6.257840 3.218345 4.737734)
RLR 7.26 0 (2.181270 4.413229 0.661163)
LRL 11.72 0 (1.532129 5.075001 5.113669)

# 0.392699 1.963495 2.800000
# best = 4 = RLR
LSL 10.46 0 (5.366077 2.609464 2.487904)
LSR 14.58 0 (6.263360 3.627224 4.692564)
RSL inf 1 (inf inf inf)
RSR 8.30 0 (0.019935 3.587576 4.692454)
RLR 6.54 0 (2.048832 4.057795 0.438166)
LRL 11.29 0 (1.513783 4.861782 4.918795)

# 0.392699 1.963495 3.200000
# best = 4 = RLR
LSL 10.82 0 (5.433734 2.962489 2.420247)
LSR 14.96 0 (6.227270 4.074556 4.656474)
RSL inf 1 (inf inf inf)
RSR 8.68 0 (0.056704 3.962784 4.655685)
RLR 5.26 0 (1.764018 3.414627 0.079813)
LRL 10.80 0 (1.458146 4.615193 4.727844)

# 0.392699 1.963495 3.600000
# best = 2 = RSL
LSL 11.18 0 (5.486797 3.326167 2.367184)
LSR 15.34 0 (6.197784 4.513009 4.626988)
RSL 5.17 0 (1.174565 1.246093 2.745361)
RSR 9.05 0 (0.087080 4.342420 4.625309)
RLR inf 1 (inf inf inf)
LRL 10.21 0 (1.363327 4.319430 4.526899)

# 0.392699 1.963495 4.000000
# best = 2 = RSL
LSL 11.55 0 (5.529307 3.697354 2.324674)
LSR 15.72 0 (6.173191 4.944947 4.602395)
RSL 5.47 0 (1.009801 1.883480 2.580597)
RSR 9.44 0 (0.112552 4.725417 4.599837)
RLR inf 1 (inf inf inf)
LRL 9.42 0 (1.208416 3.924588 4.286968)

# 0.392699 1.963495 4.400000
# best = 2 = RSL
LSL 11.93 0 (5.564010 4.073999 2.289971)
LSR 16.11 0 (6.152337 5.371941 4.581541)
RSL 5.81 0 (0.909917 2.421208 2.480713)
RSR 9.82 0 (0.134193 5.111020 4.578196)
RLR inf 1 (inf inf inf)
LRL inf 1 (inf inf inf)

# 0.392699 1.963495 4.800000
# best = 2 = RSL
LSL 12.31 0 (5.592811 4.454718 2.261170)
LSR 16.49 0 (6.134413 5.795085 4.563617)
RSL 6.17 0 (0.840349 2.914961 2.411145)
RSR 10.21 0 (0.152790 5.498680 4.559599)
RLR inf 1 (inf inf inf)
LRL inf 1 (inf inf inf)

# 0.392699 1.963495 5.200000
# best = 2 = RSL
LSL 12.69 0 (5.617060 4.838549 2.236921)
LSR 16.88 0 (6.118829 6.215163 4.548033)
RSL 6.53 0 (0.788364 3.384043 2.359160)
RSR 10.60 0 (0.168933 5.887991 4.543456)
RLR inf 1 (inf inf inf)
LRL inf 1 (inf inf inf)

# 0.392699 1.963495 5.600000
# best = 2 = RSL
LSL 13.08 0 (5.637735 5.224806 2.216247)
LSR 17.27 0 (6.105150 6.632760 4.534354)
RSL 6.90 0 (0.747749 3.837512 2.318545)
RSR 10.99 0 (0.183071 6.278646 4.529318)
RLR inf 1 (inf inf inf)
LRL inf 1 (inf inf inf)

# 0.392699 1.963495 6.000000
# best = 2 = RSL
LSL 13.47 0 (5.655556 5.612989 2.198425)
LSR 17.66 0 (6.093039 7.048316 4.522243)
RSL 7.28 0 (0.715006 4.280332 2.285802)
RSR 11.38 0 (0.195550 6.670409 4.516839)
RLR inf 1 (inf inf inf)
LRL inf 1 (inf inf inf)

# 0.392699 1.963495 6.400000
# best = 2 = RSL
LSL 13.86 0 (5.671068 6.002723 2.182913)
LSR 18.06 0 (6.082240 7.462172 4.511444)
RSL 7.66 0 (0.687978 4.715506 2.258774)
RSR 11.78 0 (0.206643 7.063095 4.505746)
RLR inf 1 (inf inf inf)
LRL inf 1 (inf inf inf)

# 0.392699 1.963495 6.800000
# best = 2 = RSL
LSL 14.25 0 (5.684686 6.393726 2.169295)
LSR 18.45 0 (6.072547 7.874596 4.501751)
RSL 8.05 0 (0.665251 5.144973 2.236047)
RSR 12.17 0 (0.216566 7.456559 4.495823)
RLR inf 1 (inf inf inf)
LRL inf 1 (inf inf inf)

# 0.392699 1.963495 7.200000
# best = 2 = RSL
LSL 14.64 0 (5.696732 6.785777 2.157249)
LSR 18.84 0 (6.063797 8.285802 4.493001)
RSL 8.43 0 (0.645851 5.570053 2.216647)
RSR 12.56 0 (0.225494 7.850683 4.486895)
RLR inf 1 (inf inf inf)
LRL inf 1 (inf inf inf)

# 0.392699 1.963495 7.600000
# best = 2 = RSL
LSL 15.03 0 (5.707461 7.178706 2.146520)
LSR 19.24 0 (6.055858 8.695962 4.485062)
RSL 8.82 0 (0.629083 5.991681 2.199879)
RSR 12.96 0 (0.233568 8.245373 4.478821)
RLR inf 1 (inf inf inf)
LRL inf 1 (inf inf inf)

# 0.392699 1.963495 8.000000
# best = 2 = RSL
LSL 15.43 0 (5.717075 7.572375 2.136906)
LSR 19.63 0 (6.048620 9.105219 4.477824)
RSL 9.21 0 (0.614437 6.410538 2.185233)
RSR 13.35 0 (0.240904 8.640552 4.471485)
RLR inf 1 (inf inf inf)
LRL inf 1 (inf inf inf)

# 0.785398 1.963495 0.400000
# best = 1 = LSR
LSL 8.57 0 (4.093564 1.105086 3.367719)
LSR 6.37 0 (0.391574 0.479746 5.496663)
RSL inf 1 (inf inf inf)
RSR 12.64 0 (6.012798 1.252218 5.375476)
RLR 10.11 0 (2.552798 5.646370 1.915476)
LRL 12.62 0 (0.672059 5.723361 6.229399)

# 0.785398 1.963495 0.800000
# best = 1 = LSR
LSL 8.70 0 (4.418380 1.236040 3.042902)
LSR 6.60 0 (0.035493 1.419488 5.140581)
RSL inf 1 (inf inf inf)
RSR 12.88 0 (6.248537 1.490459 5.139736)
RLR 9.86 0 (2.725119 5.519535 1.616318)
LRL 12.49 0 (0.962635 5.654881 5.870343)

# 0.785398 1.963495 1.200000
# best = 3 = RSR
LSL 8.93 0 (4.661030 1.467780 2.800253)
LSR 13.18 0 (6.161712 2.029713 4.983615)
RSL inf 1 (inf inf inf)
RSR 6.89 0 (0.129718 1.787425 4.975370)
RLR 9.54 0 (2.808063 5.356689 1.370529)
LRL 12.24 0 (1.143714 5.531740 5.566123)

# 0.785398 1.963495 1.600000
# best = 3 = RSR
LSL 9.22 0 (4.830492 1.760954 2.630790)
LSR 13.50 0 (6.061252 2.558227 4.883155)
RSL inf 1 (inf inf inf)
RSR 7.22 0 (0.245089 2.118562 4.859999)
RLR 9.16 0 (2.828505 5.166832 1.160230)
LRL 11.92 0 (1.233035 5.371457 5.316518)

# 0.785398 1.963495 2.000000
# best = 3 = RSR
LSL 9.55 0 (4.949222 2.089866 2.512061)
LSR 13.85 0 (5.989399 3.047837 4.811302)
RSL inf 1 (inf inf inf)
RSR 7.58 0 (0.328484 2.470167 4.776604)
RLR 8.73 0 (2.804463 4.951958 0.969398)
LRL 11.55 0 (1.257888 5.183703 5.103912)

# 0.785398 1.963495 2.400000
# best = 3 = RSR
LSL 9.90 0 (5.034808 2.440107 2.426474)
LSR 14.21 0 (5.934803 3.514840 4.756706)
RSL inf 1 (inf inf inf)
RSR 7.94 0 (0.390780 2.834633 4.714308)
RLR 8.24 0 (2.744778 4.707996 0.785121)
LRL 11.12 0 (1.237121 4.970997 4.911972)

# 0.785398 1.963495 2.800000
# best = 4 = RLR
LSL 10.26 0 (5.098569 2.803695 2.362713)
LSR 14.57 0 (5.891647 3.967227 4.713550)
RSL inf 1 (inf inf inf)
RSR 8.31 0 (0.438742 3.207579 4.666346)
RLR 7.67 0 (2.649875 4.422266 0.594294)
LRL 10.64 0 (1.180285 4.729802 4.727614)

# 0.785398 1.963495 3.200000
# best = 4 = RLR
LSL 10.64 0 (5.147543 3.176049 2.313740)
LSR 14.94 0 (5.856549 4.409499 4.678452)
RSL inf 1 (inf inf inf)
RSR 8.69 0 (0.476645 3.586360 4.628443)
RLR 6.94 0 (2.506229 4.059168 0.374842)
LRL 10.07 0 (1.088569 4.448424 4.537951)

# 0.785398 1.963495 3.600000
# best = 4 = RLR
LSL 11.02 0 (5.186167 3.554415 2.275116)
LSR 15.32 0 (5.827378 4.844427 4.649281)
RSL inf 1 (inf inf inf)
RSR 9.07 0 (0.507272 3.969307 4.597816)
RLR 5.60 0 (2.202029 3.389513 0.009388)
LRL 9.37 0 (0.950282 4.094601 4.322416)

# 0.785398 1.963495 4.000000
# best = 2 = RSL
LSL 11.40 0 (5.217322 3.937061 2.243960)
LSR 15.70 0 (5.802712 5.273828 4.624615)
RSL 5.77 0 (1.640030 1.310525 2.818127)
RSR 9.46 0 (0.532490 4.355321 4.572598)
RLR inf 1 (inf inf inf)
LRL 8.17 0 (0.682563 3.496853 3.992387)

# 0.785398 1.963495 4.400000
# best = 2 = RSL
LSL 11.78 0 (5.242938 4.322850 2.218345)
LSR 16.08 0 (5.781560 5.698951 4.603463)
RSL 6.06 0 (1.468790 1.942341 2.646887)
RSR 9.85 0 (0.553591 4.743652 4.551497)
RLR inf 1 (inf inf inf)
LRL inf 1 (inf inf inf)

# 0.785398 1.963495 4.800000
# best = 2 = RSL
LSL 12.17 0 (5.264344 4.711010 2.196938)
LSR 16.47 0 (5.763207 6.120689 4.585110)
RSL 6.38 0 (1.362142 2.479496 2.540239)
RSR 10.24 0 (0.571492 5.133776 4.533596)
RLR inf 1 (inf inf inf)
LRL inf 1 (inf inf inf)

# 0.785398 1.963495 5.200000
# best = 2 = RSL
LSL 12.56 0 (5.282485 5.100999 2.178797)
LSR 16.86 0 (5.747122 6.539696 4.569025)
RSL 6.73 0 (1.286815 2.973737 2.464912)
RSR 10.63 0 (0.586860 5.525312 4.518228)
RLR inf 1 (inf inf inf)
LRL inf 1 (inf inf inf)

# 0.785398 1.963495 5.600000
# best = 2 = RSL
LSL 12.95 0 (5.298045 5.492429 2.163237)
LSR 17.24 0 (5.732904 6.956466 4.554807)
RSL 7.08 0 (1.230014 3.443591 2.408111)
RSR 11.02 0 (0.600192 5.917980 4.504896)
RLR inf 1 (inf inf inf)
LRL inf 1 (inf inf inf)

# 0.785398 1.963495 6.000000
# best = 2 = RSL
LSL 13.35 0 (5.311532 5.885011 2.149751)
LSR 17.63 0 (5.720240 7.371377 4.542143)
RSL 7.45 0 (1.185350 3.897888 2.363447)
RSR 11.42 0 (0.611863 6.311569 4.493225)
RLR inf 1 (inf inf inf)
LRL inf 1 (inf inf inf)

# 0.785398 1.963495 6.400000
# best = 2 = RSL
LSL 13.74 0 (5.323330 6.278530 2.137953)
LSR 18.02 0 (5.708887 7.784728 4.530790)
RSL 7.82 0 (1.149166 4.341514 2.327263)
RSR 11.81 0 (0.622162 6.705917 4.482926)
RLR inf 1 (inf inf inf)
LRL inf 1 (inf inf inf)

# 0.785398 1.963495 6.800000
# best = 2 = RSL
LSL 14.13 0 (5.333735 6.672819 2.127548)
LSR 18.42 0 (5.698649 8.196754 4.520552)
RSL 8.19 0 (1.119183 4.777442 2.297280)
RSR 12.21 0 (0.631317 7.100898 4.473771)
RLR inf 1 (inf inf inf)
LRL inf 1 (inf inf inf)

# 0.785398 1.963495 7.200000
# best = 2 = RSL
LSL 14.53 0 (5.342978 7.067751 2.118305)
LSR 18.81 0 (5.689367 8.607646 4.511270)
RSL 8.57 0 (1.093893 5.207606 2.271990)
RSR 12.60 0 (0.639506 7.496410 4.465582)
RLR inf 1 (inf inf inf)
LRL inf 1 (inf inf inf)

# 0.785398 1.963495 7.600000
# best = 2 = RSL
LSL 14.92 0 (5.351242 7.463222 2.110040)
LSR 19.20 0 (5.680913 9.017558 4.502816)
RSL 8.96 0 (1.072249 5.633327 2.250346)
RSR 13.00 0 (0.646874 7.892375 4.458214)
RLR inf 1 (inf inf inf)
LRL inf 1 (inf inf inf)

# 0.785398 1.963495 8.000000
# best = 2 = RSL
LSL 15.32 0 (5.358674 7.859152 2.102608)
LSR 19.59 0 (5.673180 9.426619 4.495083)
RSL 9.34 0 (1.053501 6.055542 2.231598)
RSR 13.39 0 (0.653538 8.288727 4.451551)
RLR inf 1 (inf inf inf)
LRL inf 1 (inf inf inf)

# 1.178097 1.963495 0.400000
# best = 3 = RSR
LSL 7.93 0 (4.015875 0.863589 3.052708)
LSR 12.64 0 (6.201940 1.025876 5.416542)
RSL inf 1 (inf inf inf)
RSR 6.36 0 (0.088885 0.863589 5.408903)
RLR 10.91 0 (3.012866 5.847964 2.049699)
LRL 12.48 0 (0.656672 5.847964 5.976690)

# 1.178097 1.963495 0.800000
# best = 3 = RSR
LSL 8.18 0 (4.341811 1.107152 2.726772)
LSR 12.87 0 (5.961285 1.735116 5.175887)
RSL inf 1 (inf inf inf)
RSR 6.60 0 (0.414820 1.107152 5.082967)
RLR 10.66 0 (3.275963 5.722285 1.660925)
LRL 12.23 0 (0.919769 5.722285 5.587915)

# 1.178097 1.963495 1.200000
# best = 3 = RSR
LSL 8.49 0 (4.537333 1.423301 2.531250)
LSR 13.16 0 (5.820886 2.299747 5.035488)
RSL inf 1 (inf inf inf)
RSR 6.92 0 (0.610342 1.423301 4.887445)
RLR 10.33 0 (3.388138 5.555591 1.382055)
LRL 11.90 0 (1.031944 5.555591 5.309046)

# 1.178097 1.963495 1.600000
# best = 3 = RSR
LSL 8.84 0 (4.658907 1.773636 2.409677)
LSR 13.47 0 (5.723924 2.808388 4.938526)
RSL inf 1 (inf inf inf)
RSR 7.27 0 (0.731916 1.773637 4.765872)
RLR 9.94 0 (3.414110 5.364388 1.164880)
LRL 11.51 0 (1.057916 5.364388 5.091871)

# 1.178097 1.963495 2.000000
# best = 3 = RSR
LSL 9.21 0 (4.739599 2.141445 2.328985)
LSR 13.81 0 (5.651685 3.287134 4.866287)
RSL inf 1 (inf inf inf)
RSR 7.64 0 (0.812607 2.141445 4.685180)
RLR 9.52 0 (3.389265 5.153314 0.978652)
LRL 11.09 0 (1.033071 5.153315 4.905642)

# 1.178097 1.963495 2.400000
# best = 3 = RSR
LSL 9.59 0 (4.796381 2.519084 2.272202)
LSR 14.15 0 (5.595327 3.747460 4.809929)
RSL inf 1 (inf inf inf)
RSR 8.02 0 (0.869390 2.519085 4.628398)
RLR 9.06 0 (3.329724 4.920668 0.805546)
LRL 10.63 0 (0.973530 4.920668 4.732537)

# 1.178097 1.963495 2.800000
# best = 3 = RSR
LSL 9.97 0 (4.838261 2.902720 2.230322)
LSR 14.51 0 (5.549930 4.195434 4.764532)
RSL inf 1 (inf inf inf)
RSR 8.40 0 (0.911270 2.902721 4.586517)
RLR 8.53 0 (3.240840 4.659140 0.632902)
LRL 10.10 0 (0.884646 4.659141 4.559893)

# 1.178097 1.963495 3.200000
# best = 4 = RLR
LSL 10.36 0 (4.870322 3.290256 2.198262)
LSR 14.87 0 (5.512479 4.634638 4.727081)
RSL inf 1 (inf inf inf)
RSR 8.79 0 (0.943330 3.290256 4.554457)
RLR 7.92 0 (3.119018 4.351375 0.446959)
LRL 9.49 0 (0.762824 4.351375 4.373949)

# 1.178097 1.963495 3.600000
# best = 4 = RLR
LSL 10.75 0 (4.895605 3.680460 2.172978)
LSR 15.24 0 (5.481003 5.067354 4.695605)
RSL inf 1 (inf inf inf)
RSR 9.18 0 (0.968614 3.680460 4.529173)
RLR 7.11 0 (2.941833 3.946437 0.219206)
LRL 8.68 0 (0.585639 3.946438 4.146197)

# 1.178097 1.963495 4.000000
# best = 2 = RSL
LSL 11.14 0 (4.916032 4.072565 2.152552)
LSR 15.62 0 (5.454145 5.495115 4.668747)
RSL 6.32 0 (2.370512 0.795073 3.155910)
RSR 9.57 0 (0.989040 4.072565 4.508747)
RLR inf 1 (inf inf inf)
LRL inf 1 (inf inf inf)

# 1.178097 1.963495 4.400000
# best = 2 = RSL
LSL 11.53 0 (4.932865 4.466070 2.135719)
LSR 16.00 0 (5.430939 5.918994 4.645541)
RSL 6.53 0 (2.078577 1.585539 2.863975)
RSR 9.96 0 (1.005873 4.466071 4.491914)
RLR inf 1 (inf inf inf)
LRL inf 1 (inf inf inf)

# 1.178097 1.963495 4.800000
# best = 2 = RSL
LSL 11.93 0 (4.946968 4.860636 2.121615)
LSR 16.38 0 (5.410675 6.339771 4.625277)
RSL 6.80 0 (1.922389 2.171572 2.707787)
RSR 10.36 0 (1.019977 4.860637 4.477811)
RLR inf 1 (inf inf inf)
LRL inf 1 (inf inf inf)

# 1.178097 1.963495 5.200000
# best = 2 = RSL
LSL 12.32 0 (4.958952 5.256024 2.109632)
LSR 16.76 0 (5.392820 6.758026 4.607422)
RSL 7.11 0 (1.817374 2.690264 2.602772)
RSR 10.75 0 (1.031960 5.256024 4.465827)
RLR inf 1 (inf inf inf)
LRL inf 1 (inf inf inf)

# 1.178097 1.963495 5.600000
# best = 2 = RSL
LSL 12.72 0 (4.969257 5.652060 2.099326)
LSR 17.14 0 (5.376962 7.174198 4.591564)
RSL 7.44 0 (1.740257 3.174793 2.525655)
RSR 11.15 0 (1.042266 5.652061 4.455521)
RLR inf 1 (inf inf inf)
LRL inf 1 (inf inf inf)

# 1.178097 1.963495 6.000000
# best = 2 = RSL
LSL 13.12 0 (4.978212 6.048618 2.090371)
LSR 17.53 0 (5.362781 7.588631 4.577383)
RSL 7.79 0 (1.680653 3.638833 2.466051)
RSR 11.55 0 (1.051221 6.048619 4.446566)
RLR inf 1 (inf inf inf)
LRL inf 1 (inf inf inf)

# 1.178097 1.963495 6.400000
# best = 2 = RSL
LSL 13.51 0 (4.986065 6.445602 2.082518)
LSR 17.92 0 (5.350020 8.001596 4.564622)
RSL 8.14 0 (1.632965 4.089364 2.418363)
RSR 11.94 0 (1.059074 6.445602 4.438714)
RLR inf 1 (inf inf inf)
LRL inf 1 (inf inf inf)

# 1.178097 1.963495 6.800000
# best = 2 = RSL
LSL 13.91 0 (4.993006 6.842937 2.075577)
LSR 18.30 0 (5.338475 8.413307 4.553077)
RSL 8.50 0 (1.593827 4.530418 2.379225)
RSR 12.34 0 (1.066015 6.842937 4.431773)
RLR inf 1 (inf inf inf)
LRL inf 1 (inf inf inf)

# 1.178097 1.963495 7.200000
# best = 2 = RSL
LSL 14.31 0 (4.999185 7.240565 2.069398)
LSR 18.69 0 (5.327978 8.823942 4.542580)
RSL 8.87 0 (1.561065 4.964522 2.346463)
RSR 12.74 0 (1.072194 7.240566 4.425594)
RLR inf 1 (inf inf inf)
LRL inf 1 (inf inf inf)

# 1.178097 1.963495 7.600000
# best = 2 = RSL
LSL 14.71 0 (5.004721 7.638441 2.063863)
LSR 19.09 0 (5.318392 9.233642 4.532994)
RSL 9.25 0 (1.533204 5.393355 2.318602)
RSR 13.14 0 (1.077729 7.638442 4.420058)
RLR inf 1 (inf inf inf)
LRL inf 1 (inf inf inf)

# 1.178097 1.963495 8.000000
# best = 2 = RSL
LSL 15.11 0 (5.009708 8.036528 2.058876)
LSR 19.48 0 (5.309603 9.642529 4.524205)
RSL 9.62 0 (1.509198 5.818081 2.294596)
RSR 13.53 0 (1.082716 8.036528 4.415071)
RLR inf 1 (inf inf inf)
LRL inf 1 (inf inf inf)

# 1.570796 1.963495 0.400000
# best = 3 = RSR
LSL 7.29 0 (4.035364 0.610850 2.640520)
LSR 12.63 0 (5.890053 1.243729 5.497354)
RSL inf 1 (inf inf inf)
RSR 6.39 0 (0.702364 0.501343 5.188122)
RLR 11.67 0 (3.718291 6.031853 1.920863)
LRL 12.35 0 (0.740459 5.976561 5.628801)

# 1.570796 1.963495 0.800000
# best = 3 = RSR
LSL 7.63 0 (4.300572 0.956051 2.375312)
LSR 12.83 0 (5.666065 1.888377 5.273366)
RSL inf 1 (inf inf inf)
RSR 6.71 0 (1.084487 0.818809 4.805999)
RLR 11.35 0 (4.019920 5.870866 1.458247)
LRL 11.99 0 (0.917631 5.800487 5.275556)

# 1.570796 1.963495 1.200000
# best = 3 = RSR
LSL 8.01 0 (4.421042 1.332265 2.254842)
LSR 13.08 0 (5.522913 2.430035 5.130214)
RSL inf 1 (inf inf inf)
RSR 7.08 0 (1.242608 1.187246 4.647879)
RLR 10.97 0 (4.082848 5.680482 1.204934)
LRL 11.60 0 (0.939896 5.604078 5.056881)

# 1.570796 1.963495 1.600000
# best = 3 = RSR
LSL 8.40 0 (4.487922 1.719252 2.187962)
LSR 13.37 0 (5.420073 2.926461 5.027374)
RSL inf 1 (inf inf inf)
RSR 7.46 0 (1.324759 1.571196 4.565727)
RLR 10.56 0 (4.062679 5.475839 1.020461)
LRL 11.18 0 (0.902044 5.394614 4.885270)

# 1.570796 1.963495 2.000000
# best = 3 = RSR
LSL 8.79 0 (4.530109 2.111095 2.145775)
LSR 13.69 0 (5.341649 3.397540 4.948950)
RSL inf 1 (inf inf inf)
RSR 7.85 0 (1.374447 1.961571 4.516040)
RLR 10.12 0 (4.003499 5.258105 0.861907)
LRL 10.74 0 (0.832539 5.171230 4.731390)

# 1.570796 1.963495 2.400000
# best = 3 = RSR
LSL 9.18 0 (4.559053 2.505518 2.116831)
LSR 14.02 0 (5.279500 3.852581 4.886801)
RSL inf 1 (inf inf inf)
RSR 8.25 0 (1.407586 2.355178 4.482900)
RLR 9.66 0 (3.919612 5.024052 0.711741)
LRL 10.25 0 (0.740560 4.929386 4.581524)

# 1.570796 1.963495 2.800000
# best = 3 = RSR
LSL 9.58 0 (4.580111 2.901468 2.095773)
LSR 14.36 0 (5.228871 4.296683 4.836172)
RSL inf 1 (inf inf inf)
RSR 8.64 0 (1.431218 2.750630 4.459269)
RLR 9.14 0 (3.814552 4.766670 0.559418)
LRL 9.71 0 (0.626951 4.660051 4.425799)

# 1.570796 1.963495 3.200000
# best = 4 = RLR
LSL 9.97 0 (4.596106 3.298395 2.079778)
LSR 14.71 0 (5.186749 4.732926 4.794050)
RSL inf 1 (inf inf inf)
RSR 9.04 0 (1.448901 3.147232 4.441586)
RLR 8.55 0 (3.684873 4.471945 0.394373)
LRL 9.08 0 (0.485021 4.344200 4.251878)

# 1.570796 1.963495 3.600000
# best = 4 = RLR
LSL 10.37 0 (4.608663 3.695985 2.067221)
LSR 15.07 0 (5.151110 5.163303 4.758411)
RSL inf 1 (inf inf inf)
RSR 9.44 0 (1.462623 3.544598 4.427864)
RLR 7.82 0 (3.515247 4.105248 0.197302)
LRL 8.25 0 (0.288668 3.926380 4.030411)

# 1.570796 1.963495 4.000000
# best = 2 = RSL
LSL 10.77 0 (4.618779 4.094045 2.057105)
LSR 15.44 0 (5.120537 5.589168 4.727838)
RSL 7.06 0 (2.998012 0.675812 3.390711)
RSR 9.83 0 (1.473577 3.942496 4.416910)
RLR 12.85 0 (3.214140 3.481127 6.157473)
LRL inf 1 (inf inf inf)

# 1.570796 1.963495 4.400000
# best = 2 = RSL
LSL 11.17 0 (4.627102 4.492449 2.048782)
LSR 15.81 0 (5.094007 6.011481 4.701308)
RSL 7.20 0 (2.648497 1.509178 3.041196)
RSR 10.23 0 (1.482521 4.340781 4.407965)
RLR inf 1 (inf inf inf)
LRL inf 1 (inf inf inf)

# 1.570796 1.963495 4.800000
# best = 2 = RSL
LSL 11.57 0 (4.634069 4.891114 2.041816)
LSR 16.18 0 (5.070756 6.430941 4.678057)
RSL 7.42 0 (2.463605 2.102026 2.856304)
RSR 10.63 0 (1.489962 4.739355 4.400524)
RLR inf 1 (inf inf inf)
LRL inf 1 (inf inf inf)

# 1.570796 1.963495 5.200000
# best = 2 = RSL
LSL 11.97 0 (4.639985 5.289980 2.035899)
LSR 16.56 0 (5.050206 6.848073 4.657507)
RSL 7.69 0 (2.338548 2.622863 2.731247)
RSR 11.03 0 (1.496248 5.138150 4.394238)
RLR inf 1 (inf inf inf)
LRL inf 1 (inf inf inf)

# 1.570796 1.963495 5.600000
# best = 2 = RSL
LSL 12.36 0 (4.645071 5.689006 2.030813)
LSR 16.93 0 (5.031907 7.263278 4.639208)
RSL 7.99 0 (2.246300 3.108103 2.638999)
RSR 11.43 0 (1.501629 5.537120 4.388858)
RLR inf 1 (inf inf inf)
LRL inf 1 (inf inf inf)

# 1.570796 1.963495 6.000000
# best = 2 = RSL
LSL 12.76 0 (4.649491 6.088159 2.026393)
LSR 17.32 0 (5.015504 7.676869 4.622805)
RSL 8.31 0 (2.174792 3.572283 2.567491)
RSR 11.83 0 (1.506286 5.936228 4.384201)
RLR inf 1 (inf inf inf)
LRL inf 1 (inf inf inf)

# 1.570796 1.963495 6.400000
# best = 2 = RSL
LSL 13.16 0 (4.653366 6.487417 2.022518)
LSR 17.70 0 (5.000717 8.089093 4.608018)
RSL 8.65 0 (2.117471 4.022698 2.510170)
RSR 12.23 0 (1.510356 6.335448 4.380131)
RLR inf 1 (inf inf inf)
LRL inf 1 (inf inf inf)

# 1.570796 1.963495 6.800000
# best = 2 = RSL
LSL 13.56 0 (4.656793 6.886761 2.019092)
LSR 18.08 0 (4.987314 8.500148 4.594615)
RSL 9.00 0 (2.070370 4.463518 2.463069)
RSR 12.63 0 (1.513943 6.734761 4.376543)
RLR inf 1 (inf inf inf)
LRL inf 1 (inf inf inf)

# 1.570796 1.963495 7.200000
# best = 2 = RSL
LSL 13.96 0 (4.659843 7.286177 2.016041)
LSR 18.47 0 (4.975110 8.910198 4.582411)
RSL 9.35 0 (2.030914 4.897335 2.423613)
RSR 13.02 0 (1.517129 7.134151 4.373357)
RLR inf 1 (inf inf inf)
LRL inf 1 (inf inf inf)

# 1.570796 1.963495 7.600000
# best = 2 = RSL
LSL 14.36 0 (4.662577 7.685653 2.013308)
LSR 18.85 0 (4.963949 9.319374 4.571250)
RSL 9.71 0 (1.997346 5.325860 2.390045)
RSR 13.42 0 (1.519977 7.533606 4.370509)
RLR inf 1 (inf inf inf)
LRL inf 1 (inf inf inf)

# 1.570796 1.963495 8.000000
# best = 2 = RSL
LSL 14.76 0 (4.665040 8.085182 2.010844)
LSR 19.24 0 (4.953703 9.727787 4.561004)
RSL 10.08 0 (1.968416 5.750277 2.361115)
RSR 13.82 0 (1.522539 7.933115 4.367948)
RLR inf 1 (inf inf inf)
LRL inf 1 (inf inf inf)

# 1.963495 1.963495 0.400000
# best = 0 = LSL
LSL 6.68 0 (4.319690 0.400000 1.963495)
LSR 12.58 0 (5.649388 1.279925 5.649388)
RSL inf 1 (inf inf inf)
RSR 6.68 0 (1.963495 0.400000 4.319690)
RLR 12.17 0 (5.004920 6.082850 1.077930)
LRL 12.17 0 (1.077930 6.082850 5.004920)

# 1.963495 1.963495 0.800000
# best = 0 = LSL
LSL 7.08 0 (4.319690 0.800000 1.963495)
LSR 12.72 0 (5.413057 1.896422 5.413057)
RSL inf 1 (inf inf inf)
RSR 7.08 0 (1.963495 0.800000 4.319690)
RLR 11.76 0 (4.903730 5.880469 0.976740)
LRL 11.76 0 (0.976740 5.880469 4.903730)

# 1.963495 1.963495 1.200000
# best = 0 = LSL
LSL 7.48 0 (4.319690 1.200000 1.963495)
LSR 12.94 0 (5.255624 2.423762 5.255624)
RSL inf 1 (inf inf inf)
RSR 7.48 0 (1.963495 1.200000 4.319690)
RLR 11.35 0 (4.800395 5.673800 0.873405)
LRL 11.35 0 (0.873405 5.673800 4.800395)

# 1.963495 1.963495 1.600000
# best = 0 = LSL
LSL 7.88 0 (4.319690 1.600000 1.963495)
LSR 13.19 0 (5.140149 2.910813 5.140149)
RSL inf 1 (inf inf inf)
RSR 7.88 0 (1.963495 1.600000 4.319690)
RLR 10.92 0 (4.693571 5.460152 0.766581)
LRL 10.92 0 (0.766581 5.460152 4.693571)

# 1.963495 1.963495 2.000000
# best = 0 = LSL
LSL 8.28 0 (4.319690 2.000000 1.963495)
LSR 13.48 0 (5.050987 3.375061 5.050987)
RSL inf 1 (inf inf inf)
RSR 8.28 0 (1.963495 2.000000 4.319690)
RLR 10.47 0 (4.581489 5.235988 0.654499)
LRL 10.47 0 (0.654499 5.235988 4.581489)

# 1.963495 1.963495 2.400000
# best = 0 = LSL
LSL 8.68 0 (4.319690 2.400000 1.963495)
LSR 13.78 0 (4.979758 3.824820 4.979758)
RSL inf 1 (inf inf inf)
RSR 8.68 0 (1.963495 2.400000 4.319690)
RLR 9.99 0 (4.461587 4.996183 0.534597)
LRL 9.99 0 (0.534597 4.996183 4.461587)

# 1.963495 1.963495 2.800000
# best = 0 = LSL
LSL 9.08 0 (4.319690 2.800000 1.963495)
LSR 14.11 0 (4.921416 4.264675 4.921416)
RSL inf 1 (inf inf inf)
RSR 9.08 0 (1.963495 2.800000 4.319690)
RLR 9.46 0 (4.329690 4.732390 0.402700)
LRL 9.46 0 (0.402700 4.732390 4.329690)

# 1.963495 1.963495 3.200000
# best = 4 = RLR
LSL 9.48 0 (4.319690 3.200000 1.963495)
LSR 14.44 0 (4.872689 4.697410 4.872689)
RSL inf 1 (inf inf inf)
RSR 9.48 0 (1.963495 3.200000 4.319690)
RLR 8.86 0 (4.177792 4.428595 0.250802)
LRL 8.86 0 (0.250802 4.428595 4.177792)

# 1.963495 1.963495 3.600000
# best = 4 = RLR
LSL 9.88 0 (4.319690 3.600000 1.963495)
LSR 14.79 0 (4.831348 5.124829 4.831348)
RSL inf 1 (inf inf inf)
RSR 9.88 0 (1.963495 3.600000 4.319690)
RLR 8.09 0 (3.985318 4.043646 0.058328)
LRL 8.09 0 (0.058328 4.043646 3.985318)

# 1.963495 1.963495 4.000000
# best = 2 = RSL
LSL 10.28 0 (4.319690 4.000000 1.963495)
LSR 15.14 0 (4.795813 5.548160 4.795813)
RSL 7.85 0 (3.371736 1.103596 3.371736)
RSR 10.28 0 (1.963495 4.000000 4.319690)
RLR 12.57 0 (3.534291 3.141593 5.890487)
LRL 12.57 0 (5.890487 3.141593 3.534291)

# 1.963495 1.963495 4.400000
# best = 2 = RSL
LSL 10.68 0 (4.319690 4.400000 1.963495)
LSR 15.50 0 (4.764930 5.968273 4.764930)
RSL 7.97 0 (3.103814 1.760601 3.103814)
RSR 10.68 0 (1.963495 4.400000 4.319690)
RLR inf 1 (inf inf inf)
LRL inf 1 (inf inf inf)

# 1.963495 1.963495 4.800000
# best = 2 = RSL
LSL 11.08 0 (4.319690 4.800000 1.963495)
LSR 15.86 0 (4.737835 6.385804 4.737835)
RSL 8.17 0 (2.932365 2.302501 2.932365)
RSR 11.08 0 (1.963495 4.800000 4.319690)
RLR inf 1 (inf inf inf)
LRL inf 1 (inf inf inf)

# 1.963495 1.963495 5.200000
# best = 2 = RSL
LSL 11.48 0 (4.319690 5.200000 1.963495)
LSR 16.23 0 (4.713866 6.801228 4.713866)
RSL 8.41 0 (2.808716 2.797017 2.808716)
RSR 11.48 0 (1.963495 5.200000 4.319690)
RLR inf 1 (inf inf inf)
LRL inf 1 (inf inf inf)

# 1.963495 1.963495 5.600000
# best = 2 = RSL
LSL 11.88 0 (4.319690 5.600000 1.963495)
LSR 16.60 0 (4.692509 7.214909 4.692509)
RSL 8.69 0 (2.714211 3.265746 2.714211)
RSR 11.88 0 (1.963495 5.600000 4.319690)
RLR inf 1 (inf inf inf)
LRL inf 1 (inf inf inf)

# 1.963495 1.963495 6.000000
# best = 2 = RSL
LSL 12.28 0 (4.319690 6.000000 1.963495)
LSR 16.97 0 (4.673358 7.627130 4.673358)
RSL 9.00 0 (2.639249 3.718452 2.639249)
RSR 12.28 0 (1.963495 6.000000 4.319690)
RLR inf 1 (inf inf inf)
LRL inf 1 (inf inf inf)

# 1.963495 1.963495 6.400000
# best = 2 = RSL
LSL 12.68 0 (4.319690 6.400000 1.963495)
LSR 17.35 0 (4.656085 8.038117 4.656085)
RSL 9.32 0 (2.578177 4.160370 2.578177)
RSR 12.68 0 (1.963495 6.400000 4.319690)
RLR inf 1 (inf inf inf)
LRL inf 1 (inf inf inf)

# 1.963495 1.963495 6.800000
# best = 2 = RSL
LSL 13.08 0 (4.319690 6.800000 1.963495)
LSR 17.73 0 (4.640426 8.448049 4.640426)
RSL 9.65 0 (2.527387 4.594613 2.527387)
RSR 13.08 0 (1.963495 6.800000 4.319690)
RLR inf 1 (inf inf inf)
LRL inf 1 (inf inf inf)

# 1.963495 1.963495 7.200000
# best = 2 = RSL
LSL 13.48 0 (4.319690 7.200000 1.963495)
LSR 18.11 0 (4.626165 8.857073 4.626165)
RSL 9.99 0 (2.484446 5.023173 2.484446)
RSR 13.48 0 (1.963495 7.200000 4.319690)
RLR inf 1 (inf inf inf)
LRL inf 1 (inf inf inf)

# 1.963495 1.963495 7.600000
# best = 2 = RSL
LSL 13.88 0 (4.319690 7.600000 1.963495)
LSR 18.49 0 (4.613121 9.265309 4.613121)
RSL 10.34 0 (2.447643 5.447390 2.447643)
RSR 13.88 0 (1.963495 7.600000 4.319690)
RLR inf 1 (inf inf inf)
LRL inf 1 (inf inf inf)

# 1.963495 1.963495 8.000000
# best = 2 = RSL
LSL 14.28 0 (4.319690 8.000000 1.963495)
LSR 18.88 0 (4.601145 9.672856 4.601145)
RSL 10.70 0 (2.415737 5.868207 2.415737)
RSR 14.28 0 (1.963495 8.000000 4.319690)
RLR inf 1 (inf inf inf)
LRL inf 1 (inf inf inf)

# 2.356194 1.963495 0.400000
# best = 0 = LSL
LSL 6.26 0 (4.983669 0.372589 0.906818)
LSR 12.48 0 (5.470066 1.145665 5.862765)
RSL inf 1 (inf inf inf)
RSR 7.37 0 (2.840426 0.696892 3.835458)
RLR 12.26 0 (5.806902 5.932952 0.518749)
LRL 11.80 0 (1.748794 6.096620 3.955128)

# 2.356194 1.963495 0.800000
# best = 0 = LSL
LSL 6.56 0 (4.434624 0.667387 1.455862)
LSR 12.55 0 (5.197586 1.759926 5.590285)
RSL inf 1 (inf inf inf)
RSR 7.74 0 (2.665055 1.067275 4.010830)
RLR 11.88 0 (5.536557 5.743004 0.599146)
LRL 11.50 0 (1.125401 5.947924 4.429824)

# 2.356194 1.963495 1.200000
# best = 0 = LSL
LSL 6.93 0 (4.245701 1.035368 1.644786)
LSR 12.70 0 (5.014350 2.280817 5.407049)
RSL inf 1 (inf inf inf)
RSR 8.13 0 (2.581301 1.453442 4.094584)
RLR 11.47 0 (5.351021 5.539440 0.581118)
LRL 11.13 0 (0.842285 5.759539 4.524555)

# 2.356194 1.963495 1.600000
# best = 0 = LSL
LSL 7.31 0 (4.157368 1.420763 1.733118)
LSR 12.91 0 (4.879082 2.761687 5.271781)
RSL inf 1 (inf inf inf)
RSR 8.52 0 (2.532903 1.845512 4.142982)
RLR 11.04 0 (5.194948 5.324090 0.521841)
LRL 10.72 0 (0.652657 5.556949 4.511593)

# 2.356194 1.963495 2.000000
# best = 0 = LSL
LSL 7.70 0 (4.106953 1.812498 1.783533)
LSR 13.16 0 (4.774304 3.220513 5.167003)
RSL inf 1 (inf inf inf)
RSR 8.92 0 (2.501512 2.240386 4.174373)
RLR 10.58 0 (5.048602 5.094181 0.438277)
LRL 10.29 0 (0.495094 5.342651 4.454858)

# 2.356194 1.963495 2.400000
# best = 0 = LSL
LSL 8.10 0 (4.074510 2.207200 1.815976)
LSR 13.44 0 (4.690503 3.665583 5.083202)
RSL inf 1 (inf inf inf)
RSR 9.31 0 (2.479543 2.636807 4.196341)
RLR 10.08 0 (4.901379 4.843672 0.334992)
LRL 9.84 0 (0.348396 5.114143 4.373048)

# 2.356194 1.963495 2.800000
# best = 0 = LSL
LSL 8.49 0 (4.051926 2.603520 1.838561)
LSR 13.74 0 (4.621864 4.101376 5.014563)
RSL inf 1 (inf inf inf)
RSR 9.71 0 (2.463322 3.034167 4.212562)
RLR 9.51 0 (4.743843 4.561041 0.209897)
LRL 9.34 0 (0.201590 4.865700 4.271410)

# 2.356194 1.963495 3.200000
# best = 5 = LRL
LSL 8.89 0 (4.035315 3.000816 1.855172)
LSR 14.05 0 (4.564578 4.530571 4.957277)
RSL inf 1 (inf inf inf)
RSR 10.11 0 (2.450860 3.432140 4.225024)
RLR 8.83 0 (4.561022 4.220323 0.052000)
LRL 8.78 0 (0.045352 4.586444 4.148394)

# 2.356194 1.963495 3.600000
# best = 2 = RSL
LSL 9.29 0 (4.022591 3.398747 1.867896)
LSR 14.38 0 (4.516029 4.954883 4.908728)
RSL 8.55 0 (3.956199 1.031821 3.563500)
RSR 10.51 0 (2.440990 3.830536 4.234895)
RLR 14.13 0 (4.303911 3.725844 6.097817)
LRL 14.40 0 (6.148793 4.252404 3.994098)

# 2.356194 1.963495 4.000000
# best = 2 = RSL
LSL 9.69 0 (4.012535 3.797112 1.877951)
LSR 14.72 0 (4.474353 5.375468 4.867052)
RSL 8.60 0 (3.661458 1.673280 3.268759)
RSR 10.91 0 (2.432979 4.229234 4.242905)
RLR inf 1 (inf inf inf)
LRL 13.45 0 (5.903196 3.781322 3.768612)

# 2.356194 1.963495 4.400000
# best = 2 = RSL
LSL 10.09 0 (4.004390 4.195789 1.886097)
LSR 15.06 0 (4.438185 5.793138 4.830884)
RSL 8.75 0 (3.468183 2.203424 3.075484)
RSR 11.30 0 (2.426349 4.628157 4.249535)
RLR inf 1 (inf inf inf)
LRL inf 1 (inf inf inf)

# 2.356194 1.963495 4.800000
# best = 2 = RSL
LSL 10.49 0 (3.997658 4.594695 1.892828)
LSR 15.41 0 (4.406499 6.208481 4.799198)
RSL 8.95 0 (3.326932 2.688919 2.934233)
RSR 11.70 0 (2.420772 5.027251 4.255112)
RLR inf 1 (inf inf inf)
LRL inf 1 (inf inf inf)

# 2.356194 1.963495 5.200000
# best = 2 = RSL
LSL 10.88 0 (3.992003 4.993777 1.898484)
LSR 15.77 0 (4.378509 6.621935 4.771208)
RSL 9.19 0 (3.218183 3.150476 2.825484)
RSR 12.10 0 (2.416015 5.426479 4.259869)
RLR inf 1 (inf inf inf)
LRL inf 1 (inf inf inf)

# 2.356194 1.963495 5.600000
# best = 2 = RSL
LSL 11.28 0 (3.987184 5.392994 1.903302)
LSR 16.13 0 (4.353605 7.033833 4.746304)
RSL 9.47 0 (3.131579 3.597319 2.738880)
RSR 12.50 0 (2.411910 5.825813 4.263974)
RLR inf 1 (inf inf inf)
LRL inf 1 (inf inf inf)

# 2.356194 1.963495 6.000000
# best = 2 = RSL
LSL 11.68 0 (3.983030 5.792320 1.907456)
LSR 16.50 0 (4.331303 7.444434 4.724002)
RSL 9.76 0 (3.060879 4.034342 2.668180)
RSR 12.90 0 (2.408332 6.225232 4.267552)
RLR inf 1 (inf inf inf)
LRL inf 1 (inf inf inf)

# 2.356194 1.963495 6.400000
# best = 2 = RSL
LSL 12.08 0 (3.979412 6.191733 1.911075)
LSR 16.87 0 (4.311215 7.853941 4.703914)
RSL 10.08 0 (3.002029 4.464429 2.609330)
RSR 13.30 0 (2.405185 6.624721 4.270699)
RLR inf 1 (inf inf inf)
LRL inf 1 (inf inf inf)

# 2.356194 1.963495 6.800000
# best = 2 = RSL
LSL 12.48 0 (3.976232 6.591216 1.914255)
LSR 17.24 0 (4.293028 8.262517 4.685727)
RSL 10.40 0 (2.952264 4.889411 2.559565)
RSR 13.70 0 (2.402397 7.024268 4.273488)
RLR inf 1 (inf inf inf)
LRL inf 1 (inf inf inf)

# 2.356194 1.963495 7.200000
# best = 2 = RSL
LSL 12.88 0 (3.973415 6.990759 1.917071)
LSR 17.62 0 (4.276483 8.670292 4.669182)
RSL 10.74 0 (2.909623 5.310513 2.516924)
RSR 14.10 0 (2.399908 7.423865 4.275976)
RLR inf 1 (inf inf inf)
LRL inf 1 (inf inf inf)

# 2.356194 1.963495 7.600000
# best = 2 = RSL
LSL 13.28 0 (3.970904 7.390352 1.919583)
LSR 17.99 0 (4.261368 9.077376 4.654067)
RSL 11.08 0 (2.872675 5.728591 2.479976)
RSR 14.50 0 (2.397674 7.823502 4.278211)
RLR inf 1 (inf inf inf)
LRL inf 1 (inf inf inf)

# 2.356194 1.963495 8.000000
# best = 2 = RSL
LSL 13.68 0 (3.968650 7.789986 1.921837)
LSR 18.37 0 (4.247506 9.483857 4.640205)
RSL 11.43 0 (2.840351 6.144263 2.447652)
RSR 14.90 0 (2.395657 8.223175 4.280228)
RLR inf 1 (inf inf inf)
LRL inf 1 (inf inf inf)

# 2.748894 1.963495 0.400000
# best = 0 = LSL
LSL 6.06 0 (5.360296 0.559312 0.137490)
LSR 12.34 0 (5.383589 0.787059 6.168988)
RSL inf 1 (inf inf inf)
RSR 8.15 0 (3.270735 1.085700 3.797849)
RLR 12.25 0 (6.137454 5.733439 0.381383)
LRL 11.22 0 (2.078415 6.002610 3.138795)

# 2.748894 1.963495 0.800000
# best = 0 = LSL
LSL 6.10 0 (4.659027 0.599894 0.838759)
LSR 12.31 0 (5.028214 1.464484 5.813613)
RSL inf 1 (inf inf inf)
RSR 8.51 0 (3.132429 1.446272 3.936155)
RLR 11.87 0 (5.904073 5.543287 0.424613)
LRL 11.18 0 (1.366893 5.982102 3.829811)

# 2.748894 1.963495 1.200000
# best = 0 = LSL
LSL 6.35 0 (4.221996 0.852593 1.275790)
LSR 12.38 0 (4.800826 1.997489 5.586225)
RSL inf 1 (inf inf inf)
RSR 8.89 0 (3.050247 1.823365 4.018338)
RLR 11.46 0 (5.718522 5.336551 0.403428)
LRL 10.92 0 (0.865607 5.853593 4.202587)

# 2.748894 1.963495 1.600000
# best = 0 = LSL
LSL 6.69 0 (4.006811 1.189100 1.490975)
LSR 12.54 0 (4.635219 2.480970 5.420618)
RSL inf 1 (inf inf inf)
RSR 9.28 0 (2.996463 2.208533 4.072121)
RLR 11.01 0 (5.553135 5.113344 0.345608)
LRL 10.57 0 (0.563381 5.679511 4.330731)

# 2.748894 1.963495 2.000000
# best = 0 = LSL
LSL 7.05 0 (3.889539 1.555957 1.608247)
LSR 12.74 0 (4.508050 2.939466 5.293449)
RSL inf 1 (inf inf inf)
RSR 9.67 0 (2.958728 2.598187 4.109856)
RLR 10.52 0 (5.393333 4.869209 0.261275)
LRL 10.18 0 (0.348412 5.484117 4.350306)

# 2.748894 1.963495 2.400000
# best = 0 = LSL
LSL 7.43 0 (3.817612 1.935986 1.680174)
LSR 12.98 0 (4.407089 3.383151 5.192488)
RSL inf 1 (inf inf inf)
RSR 10.06 0 (2.930864 2.990574 4.137720)
RLR 9.97 0 (5.227950 4.594172 0.151621)
LRL 9.76 0 (0.170803 5.272753 4.316551)

# 2.748894 1.963495 2.800000
# best = 0 = LSL
LSL 7.82 0 (3.769453 2.322733 1.728334)
LSR 13.25 0 (4.324948 3.817193 5.110347)
RSL inf 1 (inf inf inf)
RSR 10.45 0 (2.909476 3.384744 4.159108)
RLR 9.32 0 (5.042282 4.265612 0.008729)
LRL 9.30 0 (0.008293 5.044050 4.250359)

# 2.748894 1.963495 3.200000
# best = 0 = LSL
LSL 8.21 0 (3.735097 2.713324 1.762689)
LSR 13.54 0 (4.256816 4.244551 5.042215)
RSL 9.17 0 (4.406863 1.136755 3.621464)
RSR 10.85 0 (2.892556 3.780138 4.176028)
RLR 14.68 0 (4.796448 3.807785 6.079920)
LRL 15.08 0 (6.131201 4.792208 4.158793)

# 2.748894 1.963495 3.600000
# best = 0 = LSL
LSL 8.60 0 (3.709410 3.106312 1.788376)
LSR 13.85 0 (4.199402 4.667062 4.984801)
RSL 9.19 0 (4.126544 1.722487 3.341145)
RSR 11.24 0 (2.878844 4.176410 4.189741)
RLR inf 1 (inf inf inf)
LRL 14.51 0 (5.961787 4.504754 4.040753)

# 2.748894 1.963495 4.000000
# best = 0 = LSL
LSL 9.00 0 (3.689502 3.500888 1.808284)
LSR 14.17 0 (4.150372 5.085933 4.935771)
RSL 9.31 0 (3.932182 2.227490 3.146783)
RSR 11.64 0 (2.867509 4.573331 4.201075)
RLR inf 1 (inf inf inf)
LRL 13.80 0 (5.765200 4.151397 3.883982)

# 2.748894 1.963495 4.400000
# best = 0 = LSL
LSL 9.39 0 (3.673632 3.896570 1.824154)
LSR 14.50 0 (4.108024 5.501996 4.893423)
RSL 9.49 0 (3.786525 2.697492 3.001126)
RSR 12.04 0 (2.857987 4.970746 4.210598)
RLR inf 1 (inf inf inf)
LRL 12.69 0 (5.472331 3.597397 3.622853)

# 2.748894 1.963495 4.800000
# best = 2 = RSL
LSL 9.79 0 (3.660691 4.293052 1.837095)
LSR 14.84 0 (4.071086 5.915844 4.856485)
RSL 9.71 0 (3.672751 3.148207 2.887352)
RSR 12.44 0 (2.849874 5.368545 4.218710)
RLR inf 1 (inf inf inf)
LRL inf 1 (inf inf inf)

# 2.748894 1.963495 5.200000
# best = 2 = RSL
LSL 10.19 0 (3.649939 4.690132 1.847847)
LSR 15.19 0 (4.038588 6.327912 4.823987)
RSL 9.96 0 (3.581312 3.586915 2.795913)
RSR 12.84 0 (2.842882 5.766648 4.225703)
RLR inf 1 (inf inf inf)
LRL inf 1 (inf inf inf)

# 2.748894 1.963495 5.600000
# best = 2 = RSL
LSL 10.59 0 (3.640867 5.087670 1.856919)
LSR 15.54 0 (4.009778 6.738525 4.795177)
RSL 10.24 0 (3.506205 4.017550 2.720806)
RSR 13.23 0 (2.836793 6.164997 4.231792)
RLR inf 1 (inf inf inf)
LRL inf 1 (inf inf inf)

# 2.748894 1.963495 6.000000
# best = 2 = RSL
LSL 10.98 0 (3.633110 5.485565 1.864676)
LSR 15.90 0 (3.984066 7.147934 4.769465)
RSL 10.54 0 (3.443422 4.442461 2.658023)
RSR 13.63 0 (2.831443 6.563547 4.237142)
RLR inf 1 (inf inf inf)
LRL inf 1 (inf inf inf)

# 2.748894 1.963495 6.400000
# best = 2 = RSL
LSL 11.38 0 (3.626403 5.883746 1.871383)
LSR 16.26 0 (3.960979 7.556336 4.746378)
RSL 10.86 0 (3.390171 4.863148 2.604772)
RSR 14.03 0 (2.826705 6.962263 4.241879)
RLR inf 1 (inf inf inf)
LRL inf 1 (inf inf inf)

# 2.748894 1.963495 6.800000
# best = 2 = RSL
LSL 11.78 0 (3.620546 6.282158 1.877240)
LSR 16.63 0 (3.940136 7.963885 4.725535)
RSL 11.18 0 (3.344445 5.280621 2.559046)
RSR 14.43 0 (2.822481 7.361118 4.246103)
RLR inf 1 (inf inf inf)
LRL inf 1 (inf inf inf)

# 2.748894 1.963495 7.200000
# best = 2 = RSL
LSL 12.18 0 (3.615388 6.680760 1.882398)
LSR 17.00 0 (3.921227 8.370706 4.706626)
RSL 11.52 0 (3.304761 5.695587 2.519362)
RSR 14.83 0 (2.818692 7.760091 4.249893)
RLR inf 1 (inf inf inf)
LRL inf 1 (inf inf inf)

# 2.748894 1.963495 7.600000
# best = 2 = RSL
LSL 12.58 0 (3.610811 7.079520 1.886975)
LSR 17.37 0 (3.903994 8.776900 4.689393)
RSL 11.86 0 (3.270003 6.108556 2.484604)
RSR 15.23 0 (2.815273 8.159165 4.253312)
RLR inf 1 (inf inf inf)
LRL inf 1 (inf inf inf)

# 2.748894 1.963495 8.000000
# best = 2 = RSL
LSL 12.98 0 (3.606722 7.478412 1.891064)
LSR 17.74 0 (3.888226 9.182550 4.673625)
RSL 12.21 0 (3.239311 6.519909 2.453912)
RSR 15.63 0 (2.812172 8.558325 4.256412)
RLR inf 1 (inf inf inf)
LRL inf 1 (inf inf inf)

# 3.141593 1.963495 0.400000
# best = 4 = RLR
LSL 12.20 0 (5.416093 0.809648 5.972180)
LSR inf 1 (inf inf inf)
RSL inf 1 (inf inf inf)
RSR 8.92 0 (3.577914 1.460732 3.883369)
RLR 5.97 0 (0.062492 5.535526 0.367947)
LRL 10.57 0 (2.070680 5.875545 2.626767)

# 3.141593 1.963495 0.800000
# best = 0 = LSL
LSL 5.73 0 (4.910433 0.629624 0.194654)
LSR 12.02 0 (4.949040 0.939985 6.127138)
RSL inf 1 (inf inf inf)
RSR 9.29 0 (3.485463 1.831077 3.975820)
RLR 11.84 0 (6.151571 5.332216 0.358743)
LRL 10.76 0 (1.610777 5.967059 3.178184)

# 3.141593 1.963495 1.200000
# best = 0 = LSL
LSL 5.78 0 (4.291790 0.676256 0.813297)
LSR 11.99 0 (4.628143 1.556495 5.806241)
RSL inf 1 (inf inf inf)
RSR 9.67 0 (3.424455 2.211775 4.036829)
RLR 11.40 0 (5.980154 5.111399 0.309343)
LRL 10.71 0 (0.980318 5.943425 3.785010)

# 3.141593 1.963495 1.600000
# best = 0 = LSL
LSL 6.02 0 (3.881559 0.915543 1.223528)
LSR 12.07 0 (4.411159 2.069246 5.589257)
RSL inf 1 (inf inf inf)
RSR 10.06 0 (3.381474 2.598278 4.079809)
RLR 10.92 0 (5.816048 4.869149 0.231199)
LRL 10.46 0 (0.509034 5.821320 4.134188)

# 3.141593 1.963495 2.000000
# best = 0 = LSL
LSL 6.35 0 (3.662412 1.240610 1.442675)
LSR 12.22 0 (4.249983 2.541827 5.428081)
RSL inf 1 (inf inf inf)
RSR 10.45 0 (3.349667 2.988336 4.111617)
RLR 10.37 0 (5.647595 4.595856 0.126359)
LRL 10.13 0 (0.205466 5.652478 4.268914)

# 3.141593 1.963495 2.400000
# best = 0 = LSL
LSL 6.71 0 (3.537691 1.600003 1.567396)
LSR 12.42 0 (4.124834 2.993324 5.302932)
RSL 9.75 0 (5.315619 0.301238 4.137521)
RSR 10.84 0 (3.325223 3.380719 4.136061)
RLR 16.00 0 (5.459914 4.269383 6.270752)
LRL 16.03 0 (6.267766 5.460150 4.297471)

# 3.141593 1.963495 2.800000
# best = 0 = LSL
LSL 7.08 0 (3.459473 1.975071 1.645614)
LSR 12.66 0 (4.024748 3.432068 5.202846)
RSL 9.64 0 (4.808376 1.196512 3.630278)
RSR 11.24 0 (3.305872 3.774700 4.155412)
RLR 15.09 0 (5.213897 3.816051 6.063437)
LRL 15.61 0 (6.084649 5.250351 4.270790)

# 3.141593 1.963495 3.200000
# best = 0 = LSL
LSL 7.46 0 (3.406436 2.358347 1.698651)
LSR 12.93 0 (3.942895 3.862408 5.120993)
RSL 9.65 0 (4.537037 1.758561 3.358939)
RSR 11.63 0 (3.290183 4.169828 4.171100)
RLR inf 1 (inf inf inf)
LRL 15.15 0 (5.917481 5.022091 4.209697)

# 3.141593 1.963495 3.600000
# best = 0 = LSL
LSL 7.85 0 (3.368303 2.746397 1.736785)
LSR 13.21 0 (3.874740 4.286875 5.052838)
RSL 9.76 0 (4.344598 2.252429 3.166500)
RSR 12.03 0 (3.277213 4.565805 4.184071)
RLR inf 1 (inf inf inf)
LRL 14.64 0 (5.753094 4.769583 4.121576)

# 3.141593 1.963495 4.000000
# best = 0 = LSL
LSL 8.24 0 (3.339642 3.137450 1.765445)
LSR 13.52 0 (3.817134 4.707059 4.995232)
RSL 9.94 0 (4.198823 2.715572 3.020725)
RSR 12.42 0 (3.266314 4.962426 4.194969)
RLR inf 1 (inf inf inf)
LRL 14.06 0 (5.579567 4.479850 4.005370)

# 3.141593 1.963495 4.400000
# best = 0 = LSL
LSL 8.64 0 (3.317348 3.530508 1.787739)
LSR 13.84 0 (3.767825 5.124012 4.945923)
RSL 10.15 0 (4.084223 3.161523 2.906125)
RSR 12.82 0 (3.257030 5.359550 4.204253)
RLR inf 1 (inf inf inf)
LRL 13.35 0 (5.377519 4.120341 3.847910)

# 3.141593 1.963495 4.800000
# best = 0 = LSL
LSL 9.03 0 (3.299527 3.924970 1.805560)
LSR 14.17 0 (3.725154 5.538466 4.903252)
RSL 10.40 0 (3.991730 3.596682 2.813632)
RSR 13.22 0 (3.249027 5.757072 4.212256)
RLR inf 1 (inf inf inf)
LRL 12.16 0 (5.064316 3.529578 3.570349)

# 3.141593 1.963495 5.200000
# best = 0 = LSL
LSL 9.43 0 (3.284966 4.320449 1.820122)
LSR 14.50 0 (3.687876 5.950942 4.865974)
RSL 10.68 0 (3.915536 4.024552 2.737438)
RSR 13.62 0 (3.242058 6.154916 4.219225)
RLR inf 1 (inf inf inf)
LRL inf 1 (inf inf inf)

# 3.141593 1.963495 5.600000
# best = 0 = LSL
LSL 9.82 0 (3.272848 4.716691 1.832239)
LSR 14.85 0 (3.655036 6.361825 4.833134)
RSL 10.97 0 (3.851710 4.447237 2.673612)
RSR 14.01 0 (3.235936 6.553022 4.225347)
RLR inf 1 (inf inf inf)
LRL inf 1 (inf inf inf)

# 3.141593 1.963495 6.000000
# best = 0 = LSL
LSL 10.22 0 (3.262610 5.113519 1.842477)
LSR 15.20 0 (3.625891 6.771404 4.803989)
RSL 11.28 0 (3.797490 4.866088 2.619392)
RSR 14.41 0 (3.230516 6.951345 4.230768)
RLR inf 1 (inf inf inf)
LRL inf 1 (inf inf inf)

# 3.141593 1.963495 6.400000
# best = 0 = LSL
LSL 10.62 0 (3.253847 5.510805 1.851240)
LSR 15.56 0 (3.599856 7.179904 4.777954)
RSL 11.61 0 (3.750878 5.282018 2.572780)
RSR 14.81 0 (3.225682 7.349850 4.235601)
RLR inf 1 (inf inf inf)
LRL inf 1 (inf inf inf)

# 3.141593 1.963495 6.800000
# best = 0 = LSL
LSL 11.01 0 (3.246264 5.908457 1.858824)
LSR 15.92 0 (3.576459 7.587498 4.754557)
RSL 11.94 0 (3.710388 5.695666 2.532290)
RSR 15.21 0 (3.221347 7.748510 4.239937)
RLR inf 1 (inf inf inf)
LRL inf 1 (inf inf inf)

# 3.141593 1.963495 7.200000
# best = 0 = LSL
LSL 11.41 0 (3.239637 6.306406 1.865451)
LSR 16.28 0 (3.555322 7.994325 4.733420)
RSL 12.28 0 (3.674899 6.107496 2.496801)
RSR 15.61 0 (3.217435 8.147301 4.243848)
RLR inf 1 (inf inf inf)
LRL inf 1 (inf inf inf)

# 3.141593 1.963495 7.600000
# best = 0 = LSL
LSL 11.81 0 (3.233797 6.704600 1.871291)
LSR 16.65 0 (3.536134 8.400496 4.714232)
RSL 12.63 0 (3.643543 6.517852 2.465445)
RSR 16.01 0 (3.213889 8.546204 4.247394)
RLR inf 1 (inf inf inf)
LRL inf 1 (inf inf inf)

# 3.141593 1.963495 8.000000
# best = 0 = LSL
LSL 12.21 0 (3.228611 7.102996 1.876476)
LSR 17.02 0 (3.518639 8.806102 4.696737)
RSL 12.98 0 (3.615644 6.926998 2.437546)
RSR 16.41 0 (3.210659 8.945206 4.250624)
RLR inf 1 (inf inf inf)
LRL inf 1 (inf inf inf)

# -3.141593 2.356194 0.400000
# best = 1 = LSR
LSL 12.21 0 (5.521472 0.424383 6.259501)
LSR 5.92 0 (5.522965 0.374031 0.025178)
RSL inf 1 (inf inf inf)
RSR 8.21 0 (3.400225 1.145195 3.668359)
RLR 12.19 0 (6.251456 5.702462 0.236405)
LRL 11.36 0 (2.273583 6.070594 3.011612)

# -3.141593 2.356194 0.800000
# best = 0 = LSL
LSL 5.81 0 (4.405268 0.307272 1.092519)
LSR 12.00 0 (5.061379 1.088846 5.846778)
RSL inf 1 (inf inf inf)
RSR 8.60 0 (3.333541 1.535304 3.735042)
RLR 11.78 0 (6.081198 5.495313 0.199514)
LRL 11.47 0 (1.186781 6.129398 4.157219)

# -3.141593 2.356194 1.200000
# best = 0 = LSL
LSL 6.07 0 (3.677761 0.573350 1.820026)
LSR 11.92 0 (4.768598 1.597270 5.553997)
RSL inf 1 (inf inf inf)
RSR 9.00 0 (3.293982 1.929467 3.774602)
RLR 11.34 0 (5.932220 5.276476 0.129655)
LRL 11.21 0 (0.392336 5.995519 4.817785)

# -3.141593 2.356194 1.600000
# best = 0 = LSL
LSL 6.44 0 (3.458561 0.939705 2.039226)
LSR 11.94 0 (4.549633 2.058387 5.335031)
RSL inf 1 (inf inf inf)
RSR 9.39 0 (3.267870 2.325624 3.800714)
RLR 10.87 0 (5.789006 5.042274 0.038666)
LRL 10.83 0 (0.079825 5.808900 4.943676)

# -3.141593 2.356194 2.000000
# best = 0 = LSL
LSL 6.82 0 (3.364374 1.325654 2.133413)
LSR 12.04 0 (4.379239 2.498528 5.164637)
RSL 10.52 0 (5.269502 0.765365 4.484103)
RSR 9.79 0 (3.249367 2.722905 3.819216)
RLR 16.64 0 (5.642206 4.785678 6.212055)
LRL 16.71 0 (6.168165 5.607582 4.937204)

# -3.141593 2.356194 2.400000
# best = 0 = LSL
LSL 7.22 0 (3.312911 1.718044 2.184876)
LSR 12.20 0 (4.243389 2.927171 5.028787)
RSL 10.38 0 (4.913664 1.334203 4.128265)
RSR 10.19 0 (3.235580 3.120881 3.833003)
RLR 16.05 0 (5.482155 4.493149 6.079578)
LRL 16.29 0 (6.010552 5.395283 4.882518)

# -3.141593 2.356194 2.800000
# best = 0 = LSL
LSL 7.61 0 (3.280637 2.113289 2.217150)
LSR 12.40 0 (4.132978 3.348733 4.918376)
RSL 10.35 0 (4.659653 1.815051 3.874255)
RSR 10.59 0 (3.224913 3.519316 3.843670)
RLR 15.33 0 (5.291004 4.132181 5.909761)
LRL 15.84 0 (5.865606 5.169939 4.802120)

# -3.141593 2.356194 3.200000
# best = 0 = LSL
LSL 8.01 0 (3.258548 2.510040 2.239239)
LSR 12.63 0 (4.041756 3.765594 4.827154)
RSL 10.41 0 (4.465454 2.264669 3.680055)
RSR 10.99 0 (3.216417 3.918070 3.852167)
RLR 14.16 0 (4.989959 3.547084 5.625709)
LRL 15.35 0 (5.721790 4.926483 4.702480)

# -3.141593 2.356194 3.600000
# best = 0 = LSL
LSL 8.41 0 (3.242495 2.907683 2.255292)
LSR 12.90 0 (3.965299 4.179161 4.750697)
RSL 10.54 0 (4.312481 2.698711 3.527082)
RSR 11.39 0 (3.209490 4.317054 3.859093)
RLR inf 1 (inf inf inf)
LRL 14.81 0 (5.570261 4.655531 4.583058)

# -3.141593 2.356194 4.000000
# best = 0 = LSL
LSL 8.80 0 (3.230307 3.305894 2.267480)
LSR 13.18 0 (3.900404 4.590324 4.685803)
RSL 10.72 0 (4.189374 3.123676 3.403976)
RSR 11.78 0 (3.203736 4.716210 3.864848)
RLR inf 1 (inf inf inf)
LRL 14.17 0 (5.399085 4.337557 4.436259)

# -3.141593 2.356194 4.400000
# best = 0 = LSL
LSL 9.20 0 (3.220740 3.704490 2.277047)
LSR 13.47 0 (3.844707 4.999676 4.630105)
RSL 10.93 0 (4.088524 3.542833 3.303126)
RSR 12.18 0 (3.198880 5.115499 3.869704)
RLR inf 1 (inf inf inf)
LRL 13.33 0 (5.178332 3.915184 4.234639)

# -3.141593 2.356194 4.800000
# best = 0 = LSL
LSL 9.60 0 (3.213033 4.103360 2.284754)
LSR 13.79 0 (3.796429 5.407628 4.581827)
RSL 11.18 0 (4.004625 3.958027 3.219227)
RSR 12.58 0 (3.194727 5.514890 3.873857)
RLR inf 1 (inf inf inf)
LRL inf 1 (inf inf inf)

# -3.141593 2.356194 5.200000
# best = 0 = LSL
LSL 10.00 0 (3.206691 4.502430 2.291096)
LSR 14.11 0 (3.754212 5.814476 4.539611)
RSL 11.45 0 (3.933879 4.370388 3.148480)
RSR 12.98 0 (3.191135 5.914364 3.877449)
RLR inf 1 (inf inf inf)
LRL inf 1 (inf inf inf)

# -3.141593 2.356194 5.600000
# best = 0 = LSL
LSL 10.40 0 (3.201383 4.901652 2.296404)
LSR 14.44 0 (3.717006 6.220435 4.502404)
RSL 11.74 0 (3.873510 4.780650 3.088111)
RSR 13.38 0 (3.187998 6.313904 3.880586)
RLR inf 1 (inf inf inf)
LRL inf 1 (inf inf inf)

# -3.141593 2.356194 6.000000
# best = 0 = LSL
LSL 10.80 0 (3.196874 5.300991 2.300913)
LSR 14.78 0 (3.683982 6.625670 4.469380)
RSL 12.05 0 (3.821451 5.189309 3.036052)
RSR 13.78 0 (3.185234 6.713499 3.883350)
RLR inf 1 (inf inf inf)
LRL inf 1 (inf inf inf)

# -3.141593 2.356194 6.400000
# best = 0 = LSL
LSL 11.20 0 (3.192997 5.700423 2.304790)
LSR 15.12 0 (3.654485 7.030305 4.439883)
RSL 12.36 0 (3.776136 5.596717 2.990738)
RSR 14.18 0 (3.182780 7.113139 3.885803)
RLR inf 1 (inf inf inf)
LRL inf 1 (inf inf inf)

# -3.141593 2.356194 6.800000
# best = 0 = LSL
LSL 11.60 0 (3.189627 6.099929 2.308160)
LSR 15.48 0 (3.627986 7.434438 4.413384)
RSL 12.69 0 (3.736362 6.003128 2.950964)
RSR 14.58 0 (3.180588 7.512818 3.887996)
RLR inf 1 (inf inf inf)
LRL inf 1 (inf inf inf)

# -3.141593 2.356194 7.200000
# best = 0 = LSL
LSL 12.00 0 (3.186672 6.499496 2.311115)
LSR 15.83 0 (3.604056 7.838148 4.389454)
RSL 13.03 0 (3.701190 6.408734 2.915791)
RSR 14.98 0 (3.178617 7.912530 3.889966)
RLR inf 1 (inf inf inf)
LRL inf 1 (inf inf inf)

# -3.141593 2.356194 7.600000
# best = 0 = LSL
LSL 12.40 0 (3.184060 6.899113 2.313727)
LSR 16.19 0 (3.582343 8.241495 4.367741)
RSL 13.37 0 (3.669877 6.813676 2.884479)
RSR 15.38 0 (3.176836 8.312269 3.891748)
RLR inf 1 (inf inf inf)
LRL inf 1 (inf inf inf)

# -3.141593 2.356194 8.000000
# best = 0 = LSL
LSL 12.80 0 (3.181733 7.298772 2.316054)
LSR 16.56 0 (3.562556 8.644532 4.347954)
RSL 13.72 0 (3.641832 7.218067 2.856433)
RSR 15.78 0 (3.175218 8.712032 3.893366)
RLR inf 1 (inf inf inf)
LRL inf 1 (inf inf inf)

# -2.748894 2.356194 0.400000
# best = 4 = RLR
LSL 12.11 0 (5.585999 0.723050 5.802274)
LSR inf 1 (inf inf inf)
RSL inf 1 (inf inf inf)
RSR 8.97 0 (3.678783 1.505478 3.782499)
RLR 5.92 0 (0.151316 5.511436 0.255032)
LRL 10.66 0 (2.262645 5.919662 2.478920)

# -2.748894 2.356194 0.800000
# best = 4 = RLR
LSL 11.75 0 (5.248244 0.361896 6.140029)
LSR inf 1 (inf inf inf)
RSL inf 1 (inf inf inf)
RSR 9.36 0 (3.648500 1.902182 3.812783)
RLR 5.48 0 (0.011323 5.292017 0.175606)
LRL 11.03 0 (2.016054 6.101989 2.907839)

# -2.748894 2.356194 1.200000
# best = 0 = LSL
LSL 5.35 0 (3.849337 0.243181 1.255751)
LSR 11.53 0 (4.678420 0.991960 5.856518)
RSL inf 1 (inf inf inf)
RSR 9.76 0 (3.628679 2.300028 3.832603)
RLR 11.29 0 (6.157659 5.057960 0.078398)
LRL 11.14 0 (0.646912 6.161520 4.336511)

# -2.748894 2.356194 1.600000
# best = 0 = LSL
LSL 5.66 0 (3.150655 0.554351 1.954433)
LSR 11.45 0 (4.367388 1.537376 5.545485)
RSL 10.86 0 (5.750351 0.535919 4.572254)
RSR 10.16 0 (3.614709 2.698511 3.846574)
RLR 17.07 0 (6.015841 4.802265 6.247706)
LRL 17.12 0 (6.153213 6.005115 4.956990)

# -2.748894 2.356194 2.000000
# best = 0 = LSL
LSL 6.04 0 (2.982696 0.935667 2.122392)
LSR 11.48 0 (4.142230 2.015704 5.320327)
RSL 10.70 0 (5.332374 1.211474 4.154277)
RSR 10.56 0 (3.604334 3.097385 3.856948)
RLR 16.48 0 (5.860246 4.511823 6.112860)
LRL 16.73 0 (5.888184 5.810977 5.027880)

# -2.748894 2.356194 2.400000
# best = 0 = LSL
LSL 6.43 0 (2.912858 1.328021 2.192230)
LSR 11.58 0 (3.969695 2.466293 5.147792)
RSL 10.66 0 (5.060027 1.722826 3.881929)
RSR 10.96 0 (3.596328 3.496516 3.864955)
RLR 15.77 0 (5.674281 4.155906 5.942908)
LRL 16.32 0 (5.716022 5.606328 4.995394)

# -2.748894 2.356194 2.800000
# best = 0 = LSL
LSL 6.83 0 (2.874974 1.723893 2.230114)
LSR 11.75 0 (3.833408 2.902093 5.011505)
RSL 10.72 0 (4.857323 2.188285 3.679225)
RSR 11.36 0 (3.589963 3.895826 3.871320)
RLR 14.66 0 (5.389483 3.599041 5.670841)
LRL 15.89 0 (5.570996 5.392043 4.926135)

# -2.748894 2.356194 3.200000
# best = 0 = LSL
LSL 7.23 0 (2.851261 2.121315 2.253827)
LSR 11.95 0 (3.723319 3.328916 4.901416)
RSL 10.85 0 (4.699970 2.632309 3.521873)
RSR 11.76 0 (3.584781 4.295264 3.876502)
RLR inf 1 (inf inf inf)
LRL 15.44 0 (5.433865 5.165209 4.836432)

# -2.748894 2.356194 3.600000
# best = 0 = LSL
LSL 7.62 0 (2.835037 2.519552 2.270051)
LSR 12.19 0 (3.632751 3.749829 4.810848)
RSL 11.04 0 (4.574542 3.064231 3.396445)
RSR 12.16 0 (3.580481 4.694797 3.880802)
RLR inf 1 (inf inf inf)
LRL 14.95 0 (5.295220 4.920367 4.730235)

# -2.748894 2.356194 4.000000
# best = 0 = LSL
LSL 8.02 0 (2.823244 2.918272 2.281844)
LSR 12.46 0 (3.557078 4.166624 4.735175)
RSL 11.26 0 (4.472483 3.488549 3.294386)
RSR 12.56 0 (3.576855 5.094404 3.884427)
RLR inf 1 (inf inf inf)
LRL 14.40 0 (5.147146 4.647805 4.605747)

# -2.748894 2.356194 4.400000
# best = 0 = LSL
LSL 8.42 0 (2.814287 3.317300 2.290801)
LSR 12.74 0 (3.492997 4.580426 4.671094)
RSL 11.51 0 (4.388004 3.907740 3.209907)
RSR 12.96 0 (3.573757 5.494068 3.887525)
RLR inf 1 (inf inf inf)
LRL 13.76 0 (4.977981 4.327388 4.454495)

# -2.748894 2.356194 4.800000
# best = 0 = LSL
LSL 8.82 0 (2.807254 3.716537 2.297834)
LSR 13.05 0 (3.438094 4.991977 4.616191)
RSL 11.78 0 (4.317044 4.323297 3.138947)
RSR 13.36 0 (3.571080 5.893778 3.890203)
RLR inf 1 (inf inf inf)
LRL 12.90 0 (4.756782 3.899056 4.247362)

# -2.748894 2.356194 5.200000
# best = 0 = LSL
LSL 9.22 0 (2.801585 4.115922 2.303503)
LSR 13.36 0 (3.390568 5.401794 4.568665)
RSL 12.07 0 (4.256677 4.736175 3.078580)
RSR 13.75 0 (3.568742 6.293525 3.892541)
RLR inf 1 (inf inf inf)
LRL inf 1 (inf inf inf)

# -2.748894 2.356194 5.600000
# best = 0 = LSL
LSL 9.62 0 (2.796920 4.515416 2.308168)
LSR 13.69 0 (3.349054 5.810242 4.527151)
RSL 12.38 0 (4.204747 5.147020 3.026649)
RSR 14.15 0 (3.566684 6.693301 3.894599)
RLR inf 1 (inf inf inf)
LRL inf 1 (inf inf inf)

# -2.748894 2.356194 6.000000
# best = 0 = LSL
LSL 10.02 0 (2.793013 4.914992 2.312075)
LSR 14.02 0 (3.312497 6.217592 4.490594)
RSL 12.70 0 (4.159634 5.556283 2.981537)
RSR 14.55 0 (3.564857 7.093103 3.896425)
RLR inf 1 (inf inf inf)
LRL inf 1 (inf inf inf)

# -2.748894 2.356194 6.400000
# best = 0 = LSL
LSL 10.42 0 (2.789693 5.314633 2.315395)
LSR 14.36 0 (3.280072 6.624047 4.458169)
RSL 13.03 0 (4.120103 5.964289 2.942006)
RSR 14.95 0 (3.563226 7.492926 3.898057)
RLR inf 1 (inf inf inf)
LRL inf 1 (inf inf inf)

# -2.748894 2.356194 6.800000
# best = 0 = LSL
LSL 10.82 0 (2.786838 5.714323 2.318250)
LSR 14.71 0 (3.251126 7.029761 4.429223)
RSL 13.36 0 (4.085194 6.371279 2.907097)
RSR 15.35 0 (3.561760 7.892768 3.899523)
RLR inf 1 (inf inf inf)
LRL inf 1 (inf inf inf)

# -2.748894 2.356194 7.200000
# best = 0 = LSL
LSL 11.22 0 (2.784356 6.114054 2.320732)
LSR 15.06 0 (3.225133 7.434855 4.403231)
RSL 13.71 0 (4.054153 6.777438 2.876056)
RSR 15.75 0 (3.560435 8.292624 3.900848)
RLR inf 1 (inf inf inf)
LRL inf 1 (inf inf inf)

# -2.748894 2.356194 7.600000
# best = 0 = LSL
LSL 11.62 0 (2.782179 6.513818 2.322909)
LSR 15.42 0 (3.201669 7.839427 4.379767)
RSL 14.06 0 (4.026379 7.182905 2.848281)
RSR 16.15 0 (3.559232 8.692494 3.902051)
RLR inf 1 (inf inf inf)
LRL inf 1 (inf inf inf)

# -2.748894 2.356194 8.000000
# best = 0 = LSL
LSL 12.02 0 (2.780254 6.913609 2.324834)
LSR 15.78 0 (3.180386 8.243552 4.358483)
RSL 14.41 0 (4.001387 7.587792 2.823290)
RSR 16.55 0 (3.558135 9.092375 3.903148)
RLR inf 1 (inf inf inf)
LRL inf 1 (inf inf inf)

# -2.356194 2.356194 0.400000
# best = 4 = RLR
LSL 12.01 0 (5.497787 1.014214 5.497787)
LSR inf 1 (inf inf inf)
RSL inf 1 (inf inf inf)
RSR 9.67 0 (3.926991 1.814214 3.926991)
RLR 5.97 0 (0.314650 5.341688 0.314650)
LRL 9.97 0 (2.099842 5.770481 2.099842)

# -2.356194 2.356194 0.800000
# best = 4 = RLR
LSL 11.61 0 (5.497787 0.614214 5.497787)
LSR inf 1 (inf inf inf)
RSL inf 1 (inf inf inf)
RSR 10.07 0 (3.926991 2.214214 3.926991)
RLR 5.51 0 (0.198773 5.109935 0.198773)
LRL 10.38 0 (2.202031 5.974858 2.202031)

# -2.356194 2.356194 1.200000
# best = 4 = RLR
LSL 11.21 0 (5.497787 0.214214 5.497787)
LSR inf 1 (inf inf inf)
RSL inf 1 (inf inf inf)
RSR 10.47 0 (3.926991 2.614214 3.926991)
RLR 5.00 0 (0.073129 4.858645 0.073129)
LRL 10.78 0 (2.302615 6.176027 2.302615)

# -2.356194 2.356194 1.600000
# best = 0 = LSL
LSL 4.90 0 (2.356194 0.185786 2.356194)
LSR 10.90 0 (4.292791 0.748330 5.863588)
RSL 10.90 0 (5.863588 0.748330 4.292791)
RSR 10.87 0 (3.926991 3.014214 3.926991)
RLR 17.01 0 (6.215133 4.576283 6.215133)
LRL 17.09 0 (5.451324 6.190259 5.451324)

# -2.356194 2.356194 2.000000
# best = 0 = LSL
LSL 5.30 0 (2.356194 0.585786 2.356194)
LSR 10.84 0 (3.926990 1.414213 5.497788)
RSL 10.84 0 (5.497788 1.414213 3.926990)
RSR 11.27 0 (3.926991 3.414214 3.926991)
RLR 16.33 0 (6.045816 4.237649 6.045816)
LRL 16.69 0 (5.350812 5.989235 5.350812)

# -2.356194 2.356194 2.400000
# best = 0 = LSL
LSL 5.70 0 (2.356194 0.985786 2.356194)
LSR 10.89 0 (3.689540 1.939071 5.260338)
RSL 10.89 0 (5.260338 1.939071 3.689540)
RSR 11.67 0 (3.926991 3.814214 3.926991)
RLR 15.36 0 (5.803763 3.753544 5.803763)
LRL 16.28 0 (5.248775 5.785162 5.248775)

# -2.356194 2.356194 2.800000
# best = 0 = LSL
LSL 6.10 0 (2.356194 1.385786 2.356194)
LSR 11.02 0 (3.515243 2.416609 5.086040)
RSL 11.02 0 (5.086040 2.416609 3.515243)
RSR 12.07 0 (3.926991 4.214214 3.926991)
RLR inf 1 (inf inf inf)
LRL 15.86 0 (5.144006 5.575625 5.144006)

# -2.356194 2.356194 3.200000
# best = 0 = LSL
LSL 6.50 0 (2.356194 1.785786 2.356194)
LSR 11.20 0 (3.380856 2.870540 4.951654)
RSL 11.20 0 (4.951654 2.870540 3.380856)
RSR 12.47 0 (3.926991 4.614214 3.926991)
RLR inf 1 (inf inf inf)
LRL 15.43 0 (5.034997 5.357605 5.034997)

# -2.356194 2.356194 3.600000
# best = 0 = LSL
LSL 6.90 0 (2.356194 2.185786 2.356194)
LSR 11.43 0 (3.273955 3.310589 4.844752)
RSL 11.43 0 (4.844752 3.310589 3.273955)
RSR 12.87 0 (3.926991 5.014214 3.926991)
RLR inf 1 (inf inf inf)
LRL 14.97 0 (4.919671 5.126955 4.919671)

# -2.356194 2.356194 4.000000
# best = 0 = LSL
LSL 7.30 0 (2.356194 2.585786 2.356194)
LSR 11.69 0 (3.186913 3.741657 4.757711)
RSL 11.69 0 (4.757711 3.741657 3.186913)
RSR 13.27 0 (3.926991 5.414214 3.926991)
RLR inf 1 (inf inf inf)
LRL 14.47 0 (4.794869 4.877350 4.794869)

# -2.356194 2.356194 4.400000
# best = 0 = LSL
LSL 7.70 0 (2.356194 2.985786 2.356194)
LSR 11.97 0 (3.114710 4.166533 4.685507)
RSL 11.97 0 (4.685507 4.166533 3.114710)
RSR 13.67 0 (3.926991 5.814214 3.926991)
RLR inf 1 (inf inf inf)
LRL 13.91 0 (4.655081 4.597774 4.655081)

# -2.356194 2.356194 4.800000
# best = 0 = LSL
LSL 8.10 0 (2.356194 3.385786 2.356194)
LSR 12.27 0 (3.053883 4.586938 4.624680)
RSL 12.27 0 (4.624680 4.586938 3.053883)
RSR 14.07 0 (3.926991 6.214214 3.926991)
RLR inf 1 (inf inf inf)
LRL 13.24 0 (4.488511 4.264634 4.488511)

# -2.356194 2.356194 5.200000
# best = 0 = LSL
LSL 8.50 0 (2.356194 3.785786 2.356194)
LSR 12.58 0 (3.001966 5.003998 4.572764)
RSL 12.58 0 (4.572764 5.003998 3.001966)
RSR 14.47 0 (3.926991 6.614214 3.926991)
RLR inf 1 (inf inf inf)
LRL 12.31 0 (4.255741 3.799094 4.255741)

# -2.356194 2.356194 5.600000
# best = 0 = LSL
LSL 8.90 0 (2.356194 4.185786 2.356194)
LSR 12.90 0 (2.957154 5.418487 4.527951)
RSL 12.90 0 (4.527951 5.418487 2.957154)
RSR 14.87 0 (3.926991 7.014214 3.926991)
RLR inf 1 (inf inf inf)
LRL inf 1 (inf inf inf)

# -2.356194 2.356194 6.000000
# best = 0 = LSL
LSL 9.30 0 (2.356194 4.585786 2.356194)
LSR 13.24 0 (2.918094 5.830952 4.488891)
RSL 13.24 0 (4.488891 5.830952 2.918094)
RSR 15.27 0 (3.926991 7.414214 3.926991)
RLR inf 1 (inf inf inf)
LRL inf 1 (inf inf inf)

# -2.356194 2.356194 6.400000
# best = 0 = LSL
LSL 9.70 0 (2.356194 4.985786 2.356194)
LSR 13.58 0 (2.883755 6.241794 4.454552)
RSL 13.58 0 (4.454552 6.241794 2.883755)
RSR 15.67 0 (3.926991 7.814214 3.926991)
RLR inf 1 (inf inf inf)
LRL inf 1 (inf inf inf)

# -2.356194 2.356194 6.800000
# best = 0 = LSL
LSL 10.10 0 (2.356194 5.385786 2.356194)
LSR 13.93 0 (2.853335 6.651316 4.424133)
RSL 13.93 0 (4.424133 6.651316 2.853335)
RSR 16.07 0 (3.926991 8.214214 3.926991)
RLR inf 1 (inf inf inf)
LRL inf 1 (inf inf inf)

# -2.356194 2.356194 7.200000
# best = 0 = LSL
LSL 10.50 0 (2.356194 5.785786 2.356194)
LSR 14.28 0 (2.826206 7.059745 4.397004)
RSL 14.28 0 (4.397004 7.059745 2.826206)
RSR 16.47 0 (3.926991 8.614214 3.926991)
RLR inf 1 (inf inf inf)
LRL inf 1 (inf inf inf)

# -2.356194 2.356194 7.600000
# best = 0 = LSL
LSL 10.90 0 (2.356194 6.185786 2.356194)
LSR 14.64 0 (2.801864 7.467262 4.372661)
RSL 14.64 0 (4.372661 7.467262 2.801864)
RSR 16.87 0 (3.926991 9.014214 3.926991)
RLR inf 1 (inf inf inf)
LRL inf 1 (inf inf inf)

# -2.356194 2.356194 8.000000
# best = 0 = LSL
LSL 11.30 0 (2.356194 6.585786 2.356194)
LSR 15.00 0 (2.779903 7.874008 4.350700)
RSL 15.00 0 (4.350700 7.874008 2.779903)
RSR 17.27 0 (3.926991 9.414214 3.926991)
RLR inf 1 (inf inf inf)
LRL inf 1 (inf inf inf)

# -1.963495 2.356194 0.400000
# best = 4 = RLR
LSL 11.88 0 (5.362776 1.273020 5.240099)
LSR inf 1 (inf inf inf)
RSL inf 1 (inf inf inf)
RSR 10.30 0 (4.161292 2.056735 4.085390)
RLR 6.09 0 (0.479643 5.203074 0.403742)
LRL 9.31 0 (1.897295 5.635409 1.774618)

# -1.963495 2.356194 0.800000
# best = 4 = RLR
LSL 11.49 0 (5.477297 0.892070 5.125577)
LSR inf 1 (inf inf inf)
RSL inf 1 (inf inf inf)
RSR 10.70 0 (4.187021 2.452539 4.059661)
RLR 5.61 0 (0.385406 4.963140 0.258045)
LRL 9.70 0 (2.110796 5.833367 1.759075)

# -1.963495 2.356194 1.200000
# best = 4 = RLR
LSL 11.14 0 (5.750344 0.539444 4.852531)
LSR inf 1 (inf inf inf)
RSL inf 1 (inf inf inf)
RSR 11.10 0 (4.205591 2.849515 4.041091)
RLR 5.08 0 (0.271116 4.697421 0.106616)
LRL 10.06 0 (2.473478 6.012639 1.575665)

# -1.963495 2.356194 1.600000
# best = 0 = LSL
LSL 4.65 0 (0.297474 0.325900 4.022215)
LSR inf 1 (inf inf inf)
RSL 10.92 0 (6.094661 0.698787 4.131164)
RSR 11.49 0 (4.219616 3.247234 4.027066)
RLR 10.74 0 (0.130781 4.388700 6.221416)
LRL 10.28 0 (3.357501 6.120055 0.799057)

# -1.963495 2.356194 2.000000
# best = 0 = LSL
LSL 4.81 0 (1.242311 0.491346 3.077378)
LSR 10.15 0 (3.788535 0.606252 5.752031)
RSL 10.93 0 (5.720180 1.449732 3.756684)
RSR 11.89 0 (4.230578 3.645451 4.016103)
RLR 16.23 0 (6.225588 3.990019 6.011113)
LRL 16.39 0 (4.260756 6.036890 6.095823)

# -1.963495 2.356194 2.400000
# best = 0 = LSL
LSL 5.15 0 (1.564279 0.834645 2.755410)
LSR 10.14 0 (3.387249 1.397900 5.350746)
RSL 11.04 0 (5.497520 2.008766 3.534023)
RSR 12.29 0 (4.239381 4.044021 4.007301)
RLR inf 1 (inf inf inf)
LRL 16.05 0 (4.495666 5.862774 5.686797)

# -1.963495 2.356194 2.800000
# best = 0 = LSL
LSL 5.53 0 (1.692788 1.213195 2.626901)
LSR 10.24 0 (3.156971 1.964868 5.120468)
RSL 11.22 0 (5.339588 2.507700 3.376091)
RSR 12.69 0 (4.246604 4.442848 4.000078)
RLR inf 1 (inf inf inf)
LRL 15.65 0 (4.526228 5.666880 5.460341)

# -1.963495 2.356194 3.200000
# best = 0 = LSL
LSL 5.92 0 (1.759599 1.602203 2.560090)
LSR 10.42 0 (2.994923 2.467243 4.958420)
RSL 11.45 0 (5.220017 2.976907 3.256521)
RSR 13.09 0 (4.252636 4.841868 3.994045)
RLR inf 1 (inf inf inf)
LRL 15.24 0 (4.489074 5.458950 5.289565)

# -1.963495 2.356194 3.600000
# best = 0 = LSL
LSL 6.32 0 (1.800198 1.995561 2.519491)
LSR 10.65 0 (2.872740 2.938345 4.836237)
RSL 11.72 0 (5.125885 3.428614 3.162389)
RSR 13.49 0 (4.257750 5.241037 3.988932)
RLR inf 1 (inf inf inf)
LRL 14.80 0 (4.419473 5.238550 5.138766)

# -1.963495 2.356194 4.000000
# best = 0 = LSL
LSL 6.71 0 (1.827397 2.391124 2.492292)
LSR 10.91 0 (2.776814 3.391231 4.740310)
RSL 12.00 0 (5.049702 3.868955 3.086206)
RSR 13.89 0 (4.262140 5.640325 3.984542)
RLR inf 1 (inf inf inf)
LRL 14.32 0 (4.328259 5.001725 4.993154)

# -1.963495 2.356194 4.400000
# best = 0 = LSL
LSL 7.11 0 (1.846865 2.787953 2.472824)
LSR 11.19 0 (2.699335 3.832366 4.662832)
RSL 12.31 0 (4.986724 4.301422 3.023228)
RSR 14.29 0 (4.265949 6.039706 3.980732)
RLR inf 1 (inf inf inf)
LRL 13.80 0 (4.217268 4.740807 4.843228)

# -1.963495 2.356194 4.800000
# best = 0 = LSL
LSL 7.51 0 (1.861477 3.185576 2.458212)
LSR 11.50 0 (2.635389 4.265397 4.598885)
RSL 12.63 0 (4.933768 4.728176 2.970272)
RSR 14.69 0 (4.269286 6.439165 3.977395)
RLR inf 1 (inf inf inf)
LRL 13.20 0 (4.081760 4.440567 4.678496)

# -1.963495 2.356194 5.200000
# best = 0 = LSL
LSL 7.90 0 (1.872844 3.583728 2.446845)
LSR 11.82 0 (2.581688 4.692568 4.545185)
RSL 12.96 0 (4.888609 5.150637 2.925113)
RSR 15.09 0 (4.272233 6.838686 3.974449)
RLR inf 1 (inf inf inf)
LRL 12.44 0 (3.903912 4.062135 4.477913)

# -1.963495 2.356194 5.600000
# best = 0 = LSL
LSL 8.30 0 (1.881937 3.982250 2.437752)
LSR 12.15 0 (2.535944 5.115347 4.499440)
RSL 13.31 0 (4.849637 5.569783 2.886141)
RSR 15.48 0 (4.274855 7.238261 3.971827)
RLR inf 1 (inf inf inf)
LRL 10.98 0 (3.546975 3.330076 4.102790)

# -1.963495 2.356194 6.000000
# best = 0 = LSL
LSL 8.70 0 (1.889376 4.381042 2.430313)
LSR 12.49 0 (2.496504 5.534741 4.460000)
RSL 13.65 0 (4.815662 5.986310 2.852166)
RSR 15.88 0 (4.277202 7.637880 3.969480)
RLR inf 1 (inf inf inf)
LRL inf 1 (inf inf inf)

# -1.963495 2.356194 6.400000
# best = 0 = LSL
LSL 9.10 0 (1.895572 4.780035 2.424117)
LSR 12.84 0 (2.462148 5.951466 4.425644)
RSL 14.01 0 (4.785778 6.400728 2.822282)
RSR 16.28 0 (4.279316 8.037537 3.967366)
RLR inf 1 (inf inf inf)
LRL inf 1 (inf inf inf)

# -1.963495 2.356194 6.800000
# best = 0 = LSL
LSL 9.50 0 (1.900814 5.179184 2.418875)
LSR 13.19 0 (2.431950 6.366045 4.395447)
RSL 14.37 0 (4.759289 6.813423 2.795793)
RSR 16.68 0 (4.281229 8.437226 3.965452)
RLR inf 1 (inf inf inf)
LRL inf 1 (inf inf inf)

# -1.963495 2.356194 7.200000
# best = 0 = LSL
LSL 9.90 0 (1.905306 5.578455 2.414383)
LSR 13.55 0 (2.405199 6.778872 4.368696)
RSL 14.73 0 (4.735647 7.224691 2.772151)
RSR 17.08 0 (4.282970 8.836944 3.963712)
RLR inf 1 (inf inf inf)
LRL inf 1 (inf inf inf)

# -1.963495 2.356194 7.600000
# best = 0 = LSL
LSL 10.30 0 (1.909197 5.977823 2.410492)
LSR 13.92 0 (2.381337 7.190250 4.344833)
RSL 15.10 0 (4.714417 7.634761 2.750921)
RSR 17.48 0 (4.284560 9.236686 3.962122)
RLR inf 1 (inf inf inf)
LRL inf 1 (inf inf inf)

# -1.963495 2.356194 8.000000
# best = 0 = LSL
LSL 10.70 0 (1.912601 6.377271 2.407088)
LSR 14.28 0 (2.359919 7.600413 4.323415)
RSL 15.47 0 (4.695247 8.043817 2.731751)
RSR 17.88 0 (4.286018 9.636449 3.960664)
RLR inf 1 (inf inf inf)
LRL inf 1 (inf inf inf)

# -1.570796 2.356194 0.400000
# best = 4 = RLR
LSL 11.70 0 (5.208273 1.486112 5.001902)
LSR inf 1 (inf inf inf)
RSL inf 1 (inf inf inf)
RSR 10.86 0 (4.388617 2.222589 4.250764)
RLR 6.28 0 (0.657883 5.104903 0.520030)
LRL 8.69 0 (1.686026 5.521877 1.479655)

# -1.570796 2.356194 0.800000
# best = 4 = RLR
LSL 11.36 0 (5.374515 1.150149 4.835660)
LSR inf 1 (inf inf inf)
RSL inf 1 (inf inf inf)
RSR 11.24 0 (4.437489 2.604916 4.201892)
RLR 5.80 0 (0.586694 4.864780 0.351096)
LRL 9.04 0 (1.941268 5.699876 1.402413)

# -1.570796 2.356194 1.200000
# best = 4 = RLR
LSL 11.08 0 (5.661036 0.870148 4.549139)
LSR inf 1 (inf inf inf)
RSL inf 1 (inf inf inf)
RSR 11.63 0 (4.473789 2.991868 4.165592)
RLR 5.26 0 (0.487203 4.593198 0.179005)
LRL 9.33 0 (2.300153 5.844605 1.188256)

# -1.570796 2.356194 1.600000
# best = 2 = RSL
LSL 10.93 0 (6.132855 0.715173 4.077320)
LSR inf 1 (inf inf inf)
RSL 4.64 0 (0.214406 0.288171 4.141396)
RSR 12.02 0 (4.501747 3.381857 4.137634)
RLR 10.89 0 (0.352720 4.268317 6.271793)
LRL 9.49 0 (2.811503 5.923666 0.755968)

# -1.570796 2.356194 2.000000
# best = 0 = LSL
LSL 4.69 0 (0.392698 0.765367 3.534292)
LSR inf 1 (inf inf inf)
RSL 10.96 0 (5.996983 1.325653 3.640787)
RSR 12.41 0 (4.523910 3.773943 4.115471)
RLR 9.99 0 (0.149322 3.817195 6.024068)
LRL 9.44 0 (3.341762 5.898128 0.200170)

# -1.570796 2.356194 2.400000
# best = 0 = LSL
LSL 4.92 0 (0.775245 0.990000 3.151745)
LSR 9.35 0 (3.013998 0.969484 5.370193)
RSL 11.12 0 (5.770593 1.936923 3.414398)
RSR 12.81 0 (4.541894 4.167533 4.097486)
RLR inf 1 (inf inf inf)
LRL 15.49 0 (3.666739 5.782987 6.043238)

# -1.570796 2.356194 2.800000
# best = 0 = LSL
LSL 5.23 0 (0.996529 1.301697 2.930461)
LSR 9.47 0 (2.721064 1.669007 5.077259)
RSL 11.35 0 (5.619191 2.462922 3.262996)
RSR 13.20 0 (4.556771 4.562238 4.082610)
RLR inf 1 (inf inf inf)
LRL 15.17 0 (3.806662 5.620265 5.740593)

# -1.570796 2.356194 3.200000
# best = 0 = LSL
LSL 5.58 0 (1.128451 1.651887 2.798539)
LSR 9.66 0 (2.541558 2.225145 4.897753)
RSL 11.61 0 (5.507975 2.949627 3.151779)
RSR 13.60 0 (4.569276 4.957792 4.070105)
RLR inf 1 (inf inf inf)
LRL 14.79 0 (3.844329 5.431756 5.514417)

# -1.570796 2.356194 3.600000
# best = 0 = LSL
LSL 5.95 0 (1.213289 2.020654 2.713701)
LSR 9.91 0 (2.414221 2.727078 4.770416)
RSL 11.90 0 (5.422015 3.413885 3.065820)
RSR 13.99 0 (4.579932 5.354007 4.059449)
RLR inf 1 (inf inf inf)
LRL 14.38 0 (3.825311 5.224042 5.325722)

# -1.570796 2.356194 4.000000
# best = 0 = LSL
LSL 6.33 0 (1.271659 2.399449 2.655331)
LSR 10.19 0 (2.317817 3.200413 4.674012)
RSL 12.21 0 (5.353287 3.863797 2.997092)
RSR 14.39 0 (4.589118 5.750745 4.050262)
RLR inf 1 (inf inf inf)
LRL 13.92 0 (3.769923 4.996527 5.153594)

# -1.570796 2.356194 4.400000
# best = 0 = LSL
LSL 6.71 0 (1.314010 2.784182 2.612980)
LSR 10.50 0 (2.241832 3.656272 4.598027)
RSL 12.54 0 (5.296950 4.303864 2.940755)
RSR 14.79 0 (4.597118 6.147907 4.042262)
RLR inf 1 (inf inf inf)
LRL 13.41 0 (3.685728 4.743435 4.984697)

# -1.570796 2.356194 4.800000
# best = 0 = LSL
LSL 7.10 0 (1.346036 3.172694 2.580954)
LSR 10.82 0 (2.180211 4.100489 4.536407)
RSL 12.88 0 (5.249865 4.736830 2.893670)
RSR 15.18 0 (4.604147 6.545414 4.035233)
RLR inf 1 (inf inf inf)
LRL 12.83 0 (3.571626 4.451180 4.806544)

# -1.570796 2.356194 5.200000
# best = 0 = LSL
LSL 7.49 0 (1.371054 3.563748 2.555936)
LSR 11.15 0 (2.129145 4.536485 4.485340)
RSL 13.23 0 (5.209892 5.164482 2.853697)
RSR 15.58 0 (4.610371 6.943207 4.029010)
RLR inf 1 (inf inf inf)
LRL 12.10 0 (3.413242 4.084377 4.598124)

# -1.570796 2.356194 5.600000
# best = 0 = LSL
LSL 7.88 0 (1.391115 3.956591 2.535875)
LSR 11.49 0 (2.086089 4.966426 4.442284)
RSL 13.58 0 (5.175513 5.588039 2.819318)
RSR 15.98 0 (4.615920 7.341241 4.023461)
RLR inf 1 (inf inf inf)
LRL 10.80 0 (3.109368 3.436508 4.254129)

# -1.570796 2.356194 6.000000
# best = 0 = LSL
LSL 8.28 0 (1.407546 4.350739 2.519444)
LSR 11.85 0 (2.049270 5.391760 4.405466)
RSL 13.94 0 (5.145618 6.008369 2.789423)
RSR 16.38 0 (4.620898 7.739477 4.018483)
RLR inf 1 (inf inf inf)
LRL inf 1 (inf inf inf)

# -1.570796 2.356194 6.400000
# best = 0 = LSL
LSL 8.67 0 (1.421245 4.745866 2.505745)
LSR 12.20 0 (2.017411 5.813498 4.373606)
RSL 14.31 0 (5.119377 6.426104 2.763182)
RSR 16.78 0 (4.625389 8.137886 4.013992)
RLR inf 1 (inf inf inf)
LRL inf 1 (inf inf inf)

# -1.570796 2.356194 6.800000
# best = 0 = LSL
LSL 9.07 0 (1.432836 5.141747 2.494154)
LSR 12.57 0 (1.989562 6.232371 4.345757)
RSL 14.68 0 (5.096153 6.841720 2.739958)
RSR 17.18 0 (4.629460 8.536444 4.009920)
RLR inf 1 (inf inf inf)
LRL inf 1 (inf inf inf)

# -1.570796 2.356194 7.200000
# best = 0 = LSL
LSL 9.47 0 (1.442769 5.538219 2.484221)
LSR 12.94 0 (1.965006 6.648919 4.321201)
RSL 15.05 0 (5.075451 7.255580 2.719256)
RSR 17.57 0 (4.633169 8.935131 4.006212)
RLR inf 1 (inf inf inf)
LRL inf 1 (inf inf inf)

# -1.570796 2.356194 7.600000
# best = 0 = LSL
LSL 9.86 0 (1.451374 5.935165 2.475616)
LSR 13.31 0 (1.943187 7.063555 4.299382)
RSL 15.43 0 (5.056879 7.667970 2.700684)
RSR 17.97 0 (4.636560 9.333930 4.002821)
RLR inf 1 (inf inf inf)
LRL inf 1 (inf inf inf)

# -1.570796 2.356194 8.000000
# best = 0 = LSL
LSL 10.26 0 (1.458899 6.332496 2.468091)
LSR 13.68 0 (1.923669 7.476597 4.279864)
RSL 15.80 0 (5.040123 8.079113 2.683928)
RSR 18.37 0 (4.639674 9.732827 3.999707)
RLR inf 1 (inf inf inf)
LRL inf 1 (inf inf inf)

# -1.178097 2.356194 0.400000
# best = 4 = RLR
LSL 11.46 0 (5.044323 1.644071 4.773154)
LSR inf 1 (inf inf inf)
RSL inf 1 (inf inf inf)
RSR 11.34 0 (4.612605 2.304897 4.419474)
RLR 6.58 0 (0.856912 5.054983 0.663780)
LRL 8.12 0 (1.479160 5.436045 1.207991)

# -1.178097 2.356194 0.800000
# best = 4 = RLR
LSL 11.19 0 (5.239020 1.370467 4.578456)
LSR inf 1 (inf inf inf)
RSL inf 1 (inf inf inf)
RSR 11.70 0 (4.683656 2.664083 4.348423)
RLR 6.12 0 (0.813202 4.825463 0.477969)
LRL 8.42 0 (1.747727 5.583783 1.087162)

# -1.178097 2.356194 1.200000
# best = 4 = RLR
LSL 10.99 0 (5.513885 1.171918 4.303591)
LSR inf 1 (inf inf inf)
RSL inf 1 (inf inf inf)
RSR 12.07 0 (4.737622 3.033501 4.294457)
RLR 5.59 0 (0.735213 4.561552 0.292048)
LRL 8.63 0 (2.074951 5.688502 0.864657)

# -1.178097 2.356194 1.600000
# best = 4 = RLR
LSL 10.91 0 (5.862060 1.090231 3.955416)
LSR inf 1 (inf inf inf)
RSL inf 1 (inf inf inf)
RSR 12.44 0 (4.779778 3.409826 4.252302)
RLR 4.95 0 (0.617519 4.241852 0.090042)
LRL 8.71 0 (2.444417 5.731085 0.537773)

# -1.178097 2.356194 2.000000
# best = 2 = RSL
LSL 10.97 0 (6.216978 1.150571 3.600499)
LSR inf 1 (inf inf inf)
RSL 4.68 0 (0.070529 1.009619 3.604820)
RSR 12.82 0 (4.813507 3.791003 4.218573)
RLR 10.33 0 (0.425804 3.790965 6.114056)
LRL 8.65 0 (2.783620 5.699656 0.167141)

# -1.178097 2.356194 2.400000
# best = 0 = LSL
LSL 4.87 0 (0.221810 1.333801 3.312481)
LSR 8.60 0 (2.459648 0.933667 5.208542)
RSL 11.15 0 (6.089435 1.718356 3.340541)
RSR 13.21 0 (4.841047 4.175703 4.191032)
RLR inf 1 (inf inf inf)
LRL 14.74 0 (3.023442 5.603264 6.114112)

# -1.178097 2.356194 2.800000
# best = 0 = LSL
LSL 5.13 0 (0.427758 1.598197 3.106533)
LSR 8.77 0 (2.179042 1.666828 4.927936)
RSL 11.40 0 (5.931917 2.281702 3.183023)
RSR 13.60 0 (4.863927 4.563035 4.168152)
RLR inf 1 (inf inf inf)
LRL 14.46 0 (3.158325 5.461135 5.837101)

# -1.178097 2.356194 3.200000
# best = 0 = LSL
LSL 5.44 0 (0.571024 1.910352 2.963267)
LSR 9.02 0 (2.015905 2.237163 4.764799)
RSL 11.68 0 (5.821835 2.789190 3.072940)
RSR 13.98 0 (4.883219 4.952381 4.148861)
RLR inf 1 (inf inf inf)
LRL 14.11 0 (3.214710 5.287371 5.606952)

# -1.178097 2.356194 3.600000
# best = 0 = LSL
LSL 5.78 0 (0.672593 2.250479 2.861698)
LSR 9.30 0 (1.902839 2.747996 4.651734)
RSL 12.00 0 (5.739219 3.266956 2.990324)
RSR 14.38 0 (4.899693 5.343301 4.132387)
RLR inf 1 (inf inf inf)
LRL 13.71 0 (3.216635 5.088083 5.405739)

# -1.178097 2.356194 4.000000
# best = 0 = LSL
LSL 6.14 0 (0.746943 2.607655 2.787348)
LSR 9.61 0 (1.818373 3.227702 4.567268)
RSL 12.33 0 (5.674451 3.726449 2.925557)
RSR 14.77 0 (4.913917 5.735473 4.118162)
RLR inf 1 (inf inf inf)
LRL 13.26 0 (3.178430 4.862974 5.218835)

# -1.178097 2.356194 4.400000
# best = 0 = LSL
LSL 6.51 0 (0.803149 2.975748 2.731142)
LSR 9.94 0 (1.752356 3.688447 4.501251)
RSL 12.67 0 (5.622105 4.173708 2.873211)
RSR 15.16 0 (4.926319 6.128657 4.105761)
RLR inf 1 (inf inf inf)
LRL 12.74 0 (3.105799 4.605300 5.033792)

# -1.178097 2.356194 4.800000
# best = 0 = LSL
LSL 6.89 0 (0.846876 3.351162 2.687415)
LSR 10.28 0 (1.699118 4.136572 4.448013)
RSL 13.02 0 (5.578818 4.612294 2.829924)
RSR 15.55 0 (4.937224 6.522671 4.094856)
RLR inf 1 (inf inf inf)
LRL 12.13 0 (2.995245 4.296737 4.835783)

# -1.178097 2.356194 5.200000
# best = 0 = LSL
LSL 7.27 0 (0.881741 3.731689 2.652550)
LSR 10.64 0 (1.655169 4.575785 4.404063)
RSL 13.38 0 (5.542372 5.044469 2.793478)
RSR 15.95 0 (4.946885 6.917371 4.085194)
RLR inf 1 (inf inf inf)
LRL 11.29 0 (2.820889 3.878296 4.591698)

# -1.178097 2.356194 5.600000
# best = 0 = LSL
LSL 7.65 0 (0.910126 4.115909 2.624165)
LSR 10.99 0 (1.618215 5.008432 4.367110)
RSL 13.75 0 (5.511232 5.471754 2.762338)
RSR 16.34 0 (4.955503 7.312647 4.076577)
RLR inf 1 (inf inf inf)
LRL inf 1 (inf inf inf)

# -1.178097 2.356194 6.000000
# best = 0 = LSL
LSL 8.04 0 (0.933649 4.502879 2.600642)
LSR 11.36 0 (1.586678 5.436081 4.335572)
RSL 14.11 0 (5.484300 5.895211 2.735405)
RSR 16.74 0 (4.963236 7.708411 4.068843)
RLR inf 1 (inf inf inf)
LRL inf 1 (inf inf inf)

# -1.178097 2.356194 6.400000
# best = 0 = LSL
LSL 8.43 0 (0.953440 4.891946 2.580851)
LSR 11.73 0 (1.559427 5.859825 4.308321)
RSL 14.49 0 (5.460764 6.315610 2.711870)
RSR 17.14 0 (4.970214 8.104591 4.061866)
RLR inf 1 (inf inf inf)
LRL inf 1 (inf inf inf)

# -1.178097 2.356194 6.800000
# best = 0 = LSL
LSL 8.82 0 (0.970309 5.282645 2.563982)
LSR 12.10 0 (1.535632 6.280457 4.284526)
RSL 14.86 0 (5.440013 6.733524 2.691118)
RSR 17.53 0 (4.976541 8.501128 4.055539)
RLR inf 1 (inf inf inf)
LRL inf 1 (inf inf inf)

# -1.178097 2.356194 7.200000
# best = 0 = LSL
LSL 9.21 0 (0.984851 5.674641 2.549440)
LSR 12.48 0 (1.514667 6.698561 4.263561)
RSL 15.24 0 (5.421574 7.149389 2.672679)
RSR 17.93 0 (4.982304 8.897975 4.049776)
RLR inf 1 (inf inf inf)
LRL inf 1 (inf inf inf)

# -1.178097 2.356194 7.600000
# best = 0 = LSL
LSL 9.60 0 (0.997511 6.067682 2.536780)
LSR 12.86 0 (1.496049 7.114584 4.244944)
RSL 15.62 0 (5.405078 7.563543 2.656183)
RSR 18.33 0 (4.987574 9.295093 4.044505)
RLR inf 1 (inf inf inf)
LRL inf 1 (inf inf inf)

# -1.178097 2.356194 8.000000
# best = 0 = LSL
LSL 10.00 0 (1.008630 6.461577 2.525661)
LSR 13.24 0 (1.479403 7.528870 4.228297)
RSL 16.01 0 (5.390230 7.976252 2.641336)
RSR 18.72 0 (4.992413 9.692448 4.039667)
RLR inf 1 (inf inf inf)
LRL inf 1 (inf inf inf)

# -0.785398 2.356194 0.400000
# best = 4 = RLR
LSL 11.17 0 (4.875638 1.740296 4.549139)
LSR inf 1 (inf inf inf)
RSL inf 1 (inf inf inf)
RSR 11.73 0 (4.835660 2.300298 4.589118)
RLR 6.97 0 (1.081373 5.057795 0.834830)
LRL 7.62 0 (1.283925 5.382945 0.957426)

# -0.785398 2.356194 0.800000
# best = 4 = RLR
LSL 10.97 0 (5.088053 1.541836 4.336724)
LSR inf 1 (inf inf inf)
RSL inf 1 (inf inf inf)
RSR 12.05 0 (4.929399 2.627307 4.495380)
RLR 6.56 0 (1.071203 4.849980 0.637185)
LRL 7.84 0 (1.550755 5.491775 0.799426)

# -0.785398 2.356194 1.200000
# best = 4 = RLR
LSL 10.86 0 (5.347458 1.430345 4.077320)
LSR inf 1 (inf inf inf)
RSL inf 1 (inf inf inf)
RSR 12.40 0 (5.001903 2.972224 4.422876)
RLR 6.07 0 (1.022685 4.607935 0.443658)
LRL 7.96 0 (1.840183 5.551821 0.570045)

# -0.785398 2.356194 1.600000
# best = 4 = RLR
LSL 10.85 0 (5.628410 1.426365 3.796368)
LSR inf 1 (inf inf inf)
RSL inf 1 (inf inf inf)
RSR 12.75 0 (5.059097 3.329487 4.365682)
RLR 5.49 0 (0.934131 4.316438 0.240715)
LRL 7.97 0 (2.122200 5.553952 0.290158)

# -0.785398 2.356194 2.000000
# best = 4 = RLR
LSL 10.96 0 (5.890486 1.530733 3.534291)
LSR 7.85 0 (2.355514 0.001360 5.497108)
RSL inf 1 (inf inf inf)
RSR 13.12 0 (5.105088 3.695518 4.319690)
RLR 4.71 0 (0.785398 3.926991 0.000000)
LRL 14.14 0 (2.356194 5.497787 6.283185)

# -0.785398 2.356194 2.400000
# best = 2 = RSL
LSL 11.15 0 (6.106535 1.723883 3.318243)
LSR 8.01 0 (1.770508 1.326651 4.912102)
RSL 4.87 0 (0.199713 1.326649 3.341305)
RSR 13.49 0 (5.142726 4.067951 4.282052)
RLR inf 1 (inf inf inf)
LRL 13.93 0 (2.519373 5.392049 6.014267)

# -0.785398 2.356194 2.800000
# best = 2 = RSL
LSL 11.40 0 (6.273033 1.980001 3.151744)
LSR 8.26 0 (1.581001 1.959592 4.722594)
RSL 5.12 0 (0.010205 1.959591 3.151797)
RSR 13.87 0 (5.174015 4.445177 4.250764)
RLR inf 1 (inf inf inf)
LRL 13.64 0 (2.613605 5.247515 5.775502)

# -0.785398 2.356194 3.200000
# best = 0 = LSL
LSL 5.42 0 (0.115599 2.277945 3.025993)
LSR 8.56 0 (1.460529 2.498000 4.602123)
RSL 11.70 0 (6.172919 2.497999 3.031326)
RSR 14.25 0 (5.200386 4.826072 4.224392)
RLR inf 1 (inf inf inf)
LRL 13.28 0 (2.651311 5.071424 5.561705)

# -0.785398 2.356194 3.600000
# best = 0 = LSL
LSL 5.74 0 (0.211132 2.603394 2.930460)
LSR 8.88 0 (1.374429 2.993326 4.516022)
RSL 12.03 0 (6.086818 2.993325 2.945225)
RSR 14.63 0 (5.222887 5.209831 4.201892)
RLR inf 1 (inf inf inf)
LRL 12.87 0 (2.644023 4.865782 5.363352)

# -0.785398 2.356194 4.000000
# best = 0 = LSL
LSL 6.09 0 (0.284924 2.947251 2.856668)
LSR 9.22 0 (1.308997 3.464102 4.450590)
RSL 12.37 0 (6.021386 3.464101 2.879793)
RSR 15.02 0 (5.242292 5.595865 4.182487)
RLR inf 1 (inf inf inf)
LRL 12.39 0 (2.598173 4.626497 5.169917)

# -0.785398 2.356194 4.400000
# best = 0 = LSL
LSL 6.45 0 (0.343053 3.303773 2.798539)
LSR 9.58 0 (1.257260 3.919184 4.398853)
RSL 12.72 0 (5.969649 3.919183 2.828056)
RSR 15.41 0 (5.259187 5.983735 4.165592)
RLR inf 1 (inf inf inf)
LRL 11.82 0 (2.512772 4.339438 4.968258)

# -0.785398 2.356194 4.800000
# best = 0 = LSL
LSL 6.81 0 (0.389734 3.669271 2.751858)
LSR 9.94 0 (1.215173 4.363485 4.356767)
RSL 13.08 0 (5.927563 4.363484 2.785969)
RSR 15.80 0 (5.274021 6.373104 4.150757)
RLR inf 1 (inf inf inf)
LRL 11.06 0 (2.370036 3.960604 4.732160)

# -0.785398 2.356194 5.200000
# best = 0 = LSL
LSL 7.18 0 (0.427892 4.041309 2.713700)
LSR 10.30 0 (1.180189 4.800001 4.321782)
RSL 13.44 0 (5.892578 4.799999 2.750985)
RSR 16.19 0 (5.287145 6.763714 4.137634)
RLR inf 1 (inf inf inf)
LRL inf 1 (inf inf inf)

# -0.785398 2.356194 5.600000
# best = 0 = LSL
LSL 7.56 0 (0.459578 4.418236 2.682014)
LSR 10.67 0 (1.150605 5.230679 4.292198)
RSL 13.82 0 (5.862994 5.230678 2.721401)
RSR 16.58 0 (5.298834 7.155361 4.125945)
RLR inf 1 (inf inf inf)
LRL inf 1 (inf inf inf)

# -0.785398 2.356194 6.000000
# best = 0 = LSL
LSL 7.94 0 (0.486261 4.798899 2.655331)
LSR 11.05 0 (1.125235 5.656855 4.266828)
RSL 14.19 0 (5.837624 5.656854 2.696031)
RSR 16.97 0 (5.309308 7.547885 4.115471)
RLR inf 1 (inf inf inf)
LRL inf 1 (inf inf inf)

# -0.785398 2.356194 6.400000
# best = 0 = LSL
LSL 8.32 0 (0.509009 5.182477 2.632583)
LSR 11.43 0 (1.103222 6.079474 4.244815)
RSL 14.57 0 (5.815611 6.079473 2.674018)
RSR 17.37 0 (5.318746 7.941155 4.106033)
RLR inf 1 (inf inf inf)
LRL inf 1 (inf inf inf)

# -0.785398 2.356194 6.800000
# best = 0 = LSL
LSL 8.71 0 (0.528612 5.568365 2.612980)
LSR 11.81 0 (1.083930 6.499231 4.225523)
RSL 14.95 0 (5.796319 6.499230 2.654726)
RSR 17.76 0 (5.327292 8.335065 4.097486)
RLR inf 1 (inf inf inf)
LRL inf 1 (inf inf inf)

# -0.785398 2.356194 7.200000
# best = 0 = LSL
LSL 9.10 0 (0.545670 5.956116 2.595922)
LSR 12.19 0 (1.066878 6.916647 4.208471)
RSL 15.33 0 (5.779267 6.916646 2.637674)
RSR 18.15 0 (5.335067 8.729529 4.089712)
RLR inf 1 (inf inf inf)
LRL inf 1 (inf inf inf)

# -0.785398 2.356194 7.600000
# best = 0 = LSL
LSL 9.49 0 (0.560638 6.345388 2.580954)
LSR 12.58 0 (1.051692 7.332122 4.193285)
RSL 15.72 0 (5.764081 7.332121 2.622488)
RSR 18.55 0 (5.342169 9.124475 4.082610)
RLR inf 1 (inf inf inf)
LRL inf 1 (inf inf inf)

# -0.785398 2.356194 8.000000
# best = 0 = LSL
LSL 9.88 0 (0.573873 6.735917 2.567719)
LSR 12.96 0 (1.038078 7.745967 4.179671)
RSL 16.11 0 (5.750468 7.745966 2.608874)
RSR 18.94 0 (5.348681 9.519844 4.076097)
RLR inf 1 (inf inf inf)
LRL inf 1 (inf inf inf)

# -0.392699 2.356194 0.400000
# best = 5 = LRL
LSL 10.80 0 (4.704973 1.770855 4.327105)
LSR inf 1 (inf inf inf)
RSL inf 1 (inf inf inf)
RSR 12.03 0 (5.059875 2.208980 4.757602)
RLR 7.48 0 (1.333228 5.113076 1.030955)
LRL 7.20 0 (1.104758 5.365940 0.726890)

# -0.392699 2.356194 0.800000
# best = 4 = RLR
LSL 10.69 0 (4.929245 1.656531 4.102833)
LSR inf 1 (inf inf inf)
RSL inf 1 (inf inf inf)
RSR 12.31 0 (5.178464 2.496282 4.639014)
RLR 7.12 0 (1.362930 4.935303 0.823480)
LRL 7.32 0 (1.360663 5.429206 0.534251)

# -0.392699 2.356194 1.200000
# best = 4 = RLR
LSL 10.67 0 (5.172558 1.634705 3.859521)
LSR inf 1 (inf inf inf)
RSL inf 1 (inf inf inf)
RSR 12.63 0 (5.271562 2.811273 4.545915)
RLR 6.70 0 (1.350618 4.724482 0.624971)
LRL 7.35 0 (1.609962 5.441179 0.296925)

# -0.392699 2.356194 1.600000
# best = 4 = RLR
LSL 10.74 0 (5.408267 1.708926 3.623811)
LSR inf 1 (inf inf inf)
RSL inf 1 (inf inf inf)
RSR 12.96 0 (5.345402 3.145646 4.472075)
RLR 6.20 0 (1.298832 4.473230 0.425505)
LRL 7.27 0 (1.825246 5.400328 0.040790)

# -0.392699 2.356194 2.000000
# best = 4 = RLR
LSL 10.90 0 (5.614108 1.867779 3.417970)
LSR 7.40 0 (1.328568 1.204133 4.862860)
RSL inf 1 (inf inf inf)
RSR 13.31 0 (5.404798 3.493840 4.412680)
RLR 5.57 0 (1.200941 4.158657 0.208823)
LRL 13.37 0 (1.986683 5.311520 6.073730)

# -0.392699 2.356194 2.400000
# best = 2 = RSL
LSL 11.12 0 (5.781852 2.092072 3.250226)
LSR 7.67 0 (1.134241 1.862653 4.668533)
RSL 4.91 0 (0.784494 0.595825 3.533387)
RSR 13.67 0 (5.453291 3.852110 4.364187)
RLR 10.91 0 (1.013675 3.687139 6.207756)
LRL 13.11 0 (2.089872 5.182409 5.841431)

# -0.392699 2.356194 2.800000
# best = 2 = RSL
LSL 11.40 0 (5.914193 2.363246 3.117885)
LSR 7.98 0 (1.016085 2.410190 4.550378)
RSL 5.13 0 (0.455320 1.474947 3.204213)
RSR 14.04 0 (5.493454 4.217889 4.324023)
RLR inf 1 (inf inf inf)
LRL 12.79 0 (2.140536 5.019057 5.627414)

# -0.392699 2.356194 3.200000
# best = 2 = RSL
LSL 11.70 0 (6.017886 2.667039 3.014192)
LSR 8.31 0 (0.933399 2.910078 4.467692)
RSL 5.42 0 (0.298457 2.077481 3.047350)
RSR 14.41 0 (5.527163 4.589381 4.290315)
RLR inf 1 (inf inf inf)
LRL 12.40 0 (2.146441 4.823480 5.425932)

# -0.392699 2.356194 3.600000
# best = 2 = RSL
LSL 12.03 0 (6.099691 2.993538 2.932387)
LSR 8.66 0 (0.871370 3.383503 4.405663)
RSL 5.74 0 (0.196329 2.603150 2.945222)
RSR 14.78 0 (5.555796 4.965305 4.261681)
RLR inf 1 (inf inf inf)
LRL 11.93 0 (2.112476 4.591940 5.228357)

# -0.392699 2.356194 4.000000
# best = 2 = RSL
LSL 12.37 0 (6.165064 3.336081 2.867014)
LSR 9.02 0 (0.822760 3.840265 4.357052)
RSL 6.09 0 (0.122623 3.091416 2.871516)
RSR 15.16 0 (5.580382 5.344725 4.237096)
RLR inf 1 (inf inf inf)
LRL 11.37 0 (2.037117 4.310476 5.022252)

# -0.392699 2.356194 4.400000
# best = 2 = RSL
LSL 12.72 0 (6.218083 3.690204 2.813996)
LSR 9.39 0 (0.783477 4.285694 4.317769)
RSL 6.44 0 (0.066293 3.557712 2.815186)
RSR 15.54 0 (5.601697 5.726946 4.215780)
RLR inf 1 (inf inf inf)
LRL 10.62 0 (1.901850 3.933906 4.780949)

# -0.392699 2.356194 4.800000
# best = 2 = RSL
LSL 13.08 0 (6.261718 4.052872 2.770361)
LSR 9.76 0 (0.750988 4.722998 4.285280)
RSL 6.80 0 (0.021583 4.009710 2.770476)
RSR 15.93 0 (5.620338 6.111444 4.197139)
RLR inf 1 (inf inf inf)
LRL inf 1 (inf inf inf)

# -0.392699 2.356194 5.200000
# best = 0 = LSL
LSL 7.17 0 (0.014943 4.421983 2.733950)
LSR 10.14 0 (0.723625 5.154246 4.257917)
RSL 13.45 0 (6.268293 4.451768 2.734000)
RSR 16.32 0 (5.636768 6.497813 4.180710)
RLR inf 1 (inf inf inf)
LRL inf 1 (inf inf inf)

# -0.392699 2.356194 5.600000
# best = 0 = LSL
LSL 7.54 0 (0.045709 4.796051 2.703184)
LSR 10.52 0 (0.700236 5.580841 4.234529)
RSL 13.83 0 (6.237904 4.886583 2.703611)
RSR 16.70 0 (5.651349 6.885740 4.166128)
RLR inf 1 (inf inf inf)
LRL inf 1 (inf inf inf)

# -0.392699 2.356194 6.000000
# best = 0 = LSL
LSL 7.92 0 (0.072003 5.174000 2.676890)
LSR 10.90 0 (0.679999 6.003776 4.214291)
RSL 14.21 0 (6.212157 5.315934 2.677865)
RSR 17.09 0 (5.664373 7.274974 4.153104)
RLR inf 1 (inf inf inf)
LRL inf 1 (inf inf inf)

# -0.392699 2.356194 6.400000
# best = 0 = LSL
LSL 8.30 0 (0.094703 5.555037 2.654190)
LSR 11.28 0 (0.662304 6.423773 4.196597)
RSL 14.59 0 (6.190043 5.741047 2.655750)
RSR 17.48 0 (5.676072 7.665316 4.141405)
RLR inf 1 (inf inf inf)
LRL inf 1 (inf inf inf)

# -0.392699 2.356194 6.800000
# best = 0 = LSL
LSL 8.69 0 (0.114481 5.938570 2.634412)
LSR 11.67 0 (0.646695 6.841374 4.180987)
RSL 14.97 0 (6.170828 6.162798 2.636536)
RSR 17.87 0 (5.686637 8.056607 4.130841)
RLR inf 1 (inf inf inf)
LRL inf 1 (inf inf inf)

# -0.392699 2.356194 7.200000
# best = 0 = LSL
LSL 9.07 0 (0.131853 6.324142 2.617040)
LSR 12.06 0 (0.632818 7.256993 4.167110)
RSL 15.36 0 (6.153969 6.581834 2.619677)
RSR 18.27 0 (5.696221 8.448712 4.121256)
RLR inf 1 (inf inf inf)
LRL inf 1 (inf inf inf)

# -0.392699 2.356194 7.600000
# best = 0 = LSL
LSL 9.46 0 (0.147224 6.711404 2.601669)
LSR 12.45 0 (0.620397 7.670951 4.154689)
RSL 15.74 0 (6.139051 6.998643 2.604759)
RSR 18.66 0 (5.704955 8.841526 4.112523)
RLR inf 1 (inf inf inf)
LRL inf 1 (inf inf inf)

# -0.392699 2.356194 8.000000
# best = 0 = LSL
LSL 9.85 0 (0.160915 7.100078 2.587978)
LSR 12.84 0 (0.609211 8.083503 4.143503)
RSL 16.13 0 (6.125754 7.413600 2.591461)
RSR 19.05 0 (5.712945 9.234956 4.104533)
RLR inf 1 (inf inf inf)
LRL inf 1 (inf inf inf)

# 0.000000 2.356194 0.400000
# best = 5 = LRL
LSL 10.37 0 (4.534394 1.734511 4.104986)
LSR inf 1 (inf inf inf)
RSL inf 1 (inf inf inf)
RSR 12.24 0 (5.287729 2.034674 4.922448)
RLR 8.08 0 (1.612499 5.215910 1.247217)
LRL 6.85 0 (0.944286 5.386156 0.514878)

# 0.000000 2.356194 0.800000
# best = 5 = LRL
LSL 10.35 0 (4.766751 1.709632 3.872629)
LSR inf 1 (inf inf inf)
RSL inf 1 (inf inf inf)
RSR 12.49 0 (5.435644 2.277188 4.774533)
RLR 7.79 0 (1.688401 5.071884 1.027290)
LRL 6.87 0 (1.183534 5.399938 0.289412)

# 0.000000 2.356194 1.200000
# best = 5 = LRL
LSL 10.42 0 (4.993475 1.776839 3.645905)
LSR inf 1 (inf inf inf)
RSL inf 1 (inf inf inf)
RSR 12.77 0 (5.553068 2.559545 4.657109)
RLR 7.43 0 (1.717125 4.894485 0.821166)
LRL 6.80 0 (1.391590 5.362601 0.044020)

# 0.000000 2.356194 1.600000
# best = 1 = LSR
LSL 10.57 0 (5.194302 1.926518 3.445077)
LSR 6.93 0 (0.908961 1.186815 4.835952)
RSL inf 1 (inf inf inf)
RSR 13.08 0 (5.646158 2.870010 4.564019)
RLR 7.01 0 (1.704355 4.682765 0.622216)
LRL 12.91 0 (1.550196 5.278159 6.084157)

# 0.000000 2.356194 2.000000
# best = 4 = RLR
LSL 10.78 0 (5.360583 2.141444 3.278796)
LSR 7.21 0 (0.717168 1.847760 4.644160)
RSL inf 1 (inf inf inf)
RSR 13.41 0 (5.720568 3.200413 4.489609)
RLR 6.50 0 (1.651508 4.428251 0.420549)
LRL 12.66 0 (1.654056 5.153315 5.855453)

# 0.000000 2.356194 2.400000
# best = 4 = RLR
LSL 11.04 0 (5.493607 2.404184 3.145773)
LSR 7.53 0 (0.601610 2.395809 4.528601)
RSL inf 1 (inf inf inf)
RSR 13.76 0 (5.780788 3.545184 4.429389)
RLR 5.85 0 (1.549910 4.104616 0.198512)
LRL 12.34 0 (1.707205 4.993567 5.642556)

# 0.000000 2.356194 2.800000
# best = 2 = RSL
LSL 11.34 0 (5.598963 2.700817 3.040416)
LSR 7.86 0 (0.521108 2.895788 4.448099)
RSL 5.24 0 (1.102835 0.682633 3.459029)
RSR 14.11 0 (5.830189 3.900514 4.379988)
RLR 11.10 0 (1.341295 3.588584 6.174280)
LRL 11.96 0 (1.716129 4.800702 5.440767)

# 0.000000 2.356194 3.200000
# best = 2 = RSL
LSL 11.66 0 (5.682741 3.021378 2.956638)
LSR 8.22 0 (0.460890 3.369165 4.387881)
RSL 5.48 0 (0.805025 1.516674 3.161219)
RSR 14.47 0 (5.871259 4.263766 4.338918)
RLR inf 1 (inf inf inf)
LRL 11.50 0 (1.684969 4.570826 5.242051)

# 0.000000 2.356194 3.600000
# best = 2 = RSL
LSL 12.00 0 (5.750074 3.359024 2.889305)
LSR 8.58 0 (0.413794 3.825828 4.340785)
RSL 5.78 0 (0.657597 2.110596 3.013791)
RSR 14.84 0 (5.905833 4.633075 4.304344)
RLR inf 1 (inf inf inf)
LRL 10.94 0 (1.611648 4.289518 5.034064)

# 0.000000 2.356194 4.000000
# best = 2 = RSL
LSL 12.35 0 (5.804909 3.709091 2.834470)
LSR 8.95 0 (0.375790 4.271141 4.302782)
RSL 6.11 0 (0.561027 2.632286 2.917221)
RSR 15.22 0 (5.935272 5.007102 4.274905)
RLR inf 1 (inf inf inf)
LRL 10.17 0 (1.476255 3.909063 4.789001)

# 0.000000 2.356194 4.400000
# best = 2 = RSL
LSL 12.71 0 (5.850176 4.068374 2.789203)
LSR 9.32 0 (0.344396 4.708326 4.271388)
RSL 6.46 0 (0.491154 3.118212 2.847348)
RSR 15.60 0 (5.960600 5.384864 4.249576)
RLR inf 1 (inf inf inf)
LRL inf 1 (inf inf inf)

# 0.000000 2.356194 4.800000
# best = 2 = RSL
LSL 13.07 0 (5.888033 4.434635 2.751346)
LSR 9.70 0 (0.317980 5.139457 4.244971)
RSL 6.81 0 (0.437676 3.582954 2.793870)
RSR 15.98 0 (5.982596 5.765626 4.227581)
RLR inf 1 (inf inf inf)
LRL inf 1 (inf inf inf)

# 0.000000 2.356194 5.200000
# best = 2 = RSL
LSL 13.45 0 (5.920076 4.806277 2.719304)
LSR 10.08 0 (0.295418 5.565941 4.222409)
RSL 7.18 0 (0.395188 4.033841 2.751382)
RSR 16.36 0 (6.001858 6.148831 4.208319)
RLR inf 1 (inf inf inf)
LRL inf 1 (inf inf inf)

# 0.000000 2.356194 5.600000
# best = 2 = RSL
LSL 13.82 0 (5.947495 5.182144 2.691884)
LSR 10.47 0 (0.275908 5.988772 4.202899)
RSL 7.55 0 (0.360501 4.475063 2.716695)
RSR 16.74 0 (6.018855 6.534050 4.191322)
RLR inf 1 (inf inf inf)
LRL inf 1 (inf inf inf)

# 0.000000 2.356194 6.000000
# best = 2 = RSL
LSL 14.20 0 (5.971191 5.561378 2.668188)
LSR 10.85 0 (0.258858 6.408672 4.185849)
RSL 7.93 0 (0.331585 4.909226 2.687779)
RSR 17.13 0 (6.033955 6.920946 4.176221)
RLR inf 1 (inf inf inf)
LRL inf 1 (inf inf inf)

# 0.000000 2.356194 6.400000
# best = 2 = RSL
LSL 14.58 0 (5.991851 5.943336 2.647528)
LSR 11.24 0 (0.243825 6.826182 4.170816)
RSL 8.31 0 (0.307076 5.338054 2.663270)
RSR 17.52 0 (6.047454 7.309253 4.162723)
RLR inf 1 (inf inf inf)
LRL inf 1 (inf inf inf)

# 0.000000 2.356194 6.800000
# best = 2 = RSL
LSL 14.97 0 (6.010010 6.327524 2.629370)
LSR 11.63 0 (0.230465 7.241716 4.157456)
RSL 8.69 0 (0.286017 5.762736 2.642211)
RSR 17.91 0 (6.059589 7.698758 4.150588)
RLR inf 1 (inf inf inf)
LRL inf 1 (inf inf inf)

# 0.000000 2.356194 7.200000
# best = 2 = RSL
LSL 15.35 0 (6.026085 6.713559 2.613295)
LSR 12.02 0 (0.218511 7.655595 4.145502)
RSL 9.08 0 (0.267713 6.184128 2.623907)
RSR 18.30 0 (6.070554 8.089286 4.139623)
RLR inf 1 (inf inf inf)
LRL inf 1 (inf inf inf)

# 0.000000 2.356194 7.600000
# best = 2 = RSL
LSL 15.74 0 (6.040408 7.101140 2.598971)
LSR 12.41 0 (0.207749 8.068074 4.134740)
RSL 9.46 0 (0.251648 6.602860 2.607842)
RSR 18.69 0 (6.080507 8.480698 4.129669)
RLR inf 1 (inf inf inf)
LRL inf 1 (inf inf inf)

# 0.000000 2.356194 8.000000
# best = 2 = RSL
LSL 16.13 0 (6.053247 7.490027 2.586132)
LSR 12.80 0 (0.198008 8.479357 4.124999)
RSL 9.85 0 (0.237429 7.019407 2.593623)
RSR 19.08 0 (6.089582 8.872876 4.120595)
RLR inf 1 (inf inf inf)
LRL inf 1 (inf inf inf)

# 0.392699 2.356194 0.400000
# best = 5 = LRL
LSL 9.88 0 (4.365995 1.632736 3.880686)
LSR inf 1 (inf inf inf)
RSL inf 1 (inf inf inf)
RSR 12.39 0 (5.523077 1.784630 5.079798)
RLR 8.75 0 (1.919017 5.358251 1.475738)
LRL 6.56 0 (0.803938 5.442257 0.318629)

# 0.392699 2.356194 0.800000
# best = 5 = LRL
LSL 9.95 0 (4.603412 1.698908 3.643269)
LSR inf 1 (inf inf inf)
RSL inf 1 (inf inf inf)
RSR 12.58 0 (5.708674 1.981021 4.894202)
RLR 8.53 0 (2.048952 5.246928 1.234481)
LRL 6.49 0 (1.023159 5.405865 0.063016)

# 0.392699 2.356194 1.200000
# best = 1 = LSR
LSL 10.10 0 (4.812372 1.851148 3.434308)
LSR 6.59 0 (0.567212 1.135839 4.886903)
RSL inf 1 (inf inf inf)
RSR 12.84 0 (5.856728 2.232484 4.746148)
RLR 8.23 0 (2.123016 5.098946 1.012436)
LRL 12.61 0 (1.189643 5.320912 6.094764)

# 0.392699 2.356194 1.600000
# best = 1 = LSR
LSL 10.32 0 (4.983414 2.070558 3.263267)
LSR 6.85 0 (0.361665 1.811619 4.681355)
RSL inf 1 (inf inf inf)
RSR 13.13 0 (5.972832 2.522602 4.630043)
RLR 7.87 0 (2.148848 4.918403 0.806059)
LRL 12.35 0 (1.297731 5.195006 5.860769)

# 0.392699 2.356194 2.000000
# best = 1 = LSR
LSL 10.58 0 (5.118573 2.338305 3.128108)
LSR 7.16 0 (0.239205 2.365121 4.558896)
RSL inf 1 (inf inf inf)
RSR 13.44 0 (6.064036 2.839553 4.538839)
RLR 7.45 0 (2.133104 4.704506 0.607907)
LRL 12.03 0 (1.352622 5.034470 5.645343)

# 0.392699 2.356194 2.400000
# best = 4 = RLR
LSL 10.89 0 (5.224465 2.639722 3.022216)
LSR 7.50 0 (0.154204 2.868036 4.473894)
RSL inf 1 (inf inf inf)
RSR 13.78 0 (6.136455 3.175311 4.466420)
RLR 6.93 0 (2.077785 4.449030 0.407750)
LRL 11.65 0 (1.362146 4.841733 5.443082)

# 0.392699 2.356194 2.800000
# best = 4 = RLR
LSL 11.21 0 (5.307928 2.964556 2.938752)
LSR 7.84 0 (0.090737 3.343271 4.410427)
RSL inf 1 (inf inf inf)
RSR 14.13 0 (6.194783 3.524506 4.408093)
RLR 6.29 0 (1.974951 4.126708 0.188261)
LRL 11.19 0 (1.331570 4.613655 5.245579)

# 0.392699 2.356194 3.200000
# best = 2 = RSL
LSL 11.55 0 (5.374544 3.305912 2.872136)
LSR 8.20 0 (0.041157 3.801223 4.360847)
RSL 5.71 0 (1.521300 0.707089 3.484795)
RSR 14.49 0 (6.242464 3.883514 4.360411)
RLR 11.57 0 (1.772001 3.625444 6.173133)
LRL 10.64 0 (1.260129 4.337540 5.040906)

# 0.392699 2.356194 3.600000
# best = 2 = RSL
LSL 11.91 0 (5.428501 3.659169 2.818179)
LSR 8.57 0 (0.001182 4.247485 4.320873)
RSL 5.94 0 (1.223575 1.532365 3.187070)
RSR 14.85 0 (6.282003 4.249849 4.320872)
RLR inf 1 (inf inf inf)
LRL 9.91 0 (1.131916 3.973199 4.804779)

# 0.392699 2.356194 4.000000
# best = 2 = RSL
LSL 12.27 0 (5.472854 4.021191 2.773827)
LSR 15.22 0 (6.251366 4.685398 4.287871)
RSL 6.24 0 (1.073416 2.125161 3.036911)
RSR 8.94 0 (0.032039 4.621770 4.287652)
RLR inf 1 (inf inf inf)
LRL inf 1 (inf inf inf)

# 0.392699 2.356194 4.400000
# best = 2 = RSL
LSL 12.64 0 (5.509820 4.389811 2.736860)
LSR 15.60 0 (6.223610 5.117108 4.260115)
RSL 6.56 0 (0.974437 2.646597 2.937932)
RSR 9.32 0 (0.060285 4.998029 4.259405)
RLR inf 1 (inf inf inf)
LRL inf 1 (inf inf inf)

# 0.392699 2.356194 4.800000
# best = 2 = RSL
LSL 13.01 0 (5.541024 4.763496 2.705656)
LSR 15.98 0 (6.199914 5.544062 4.236419)
RSL 6.90 0 (0.902563 3.132514 2.866058)
RSR 9.70 0 (0.084560 5.377716 4.235130)
RLR inf 1 (inf inf inf)
LRL inf 1 (inf inf inf)

# 0.392699 2.356194 5.200000
# best = 2 = RSL
LSL 13.39 0 (5.567667 5.141144 2.679014)
LSR 16.36 0 (6.179430 5.967282 4.215935)
RSL 7.26 0 (0.847421 3.597334 2.810916)
RSR 10.08 0 (0.105622 5.760154 4.214068)
RLR inf 1 (inf inf inf)
LRL inf 1 (inf inf inf)

# 0.392699 2.356194 5.600000
# best = 2 = RSL
LSL 13.77 0 (5.590649 5.521940 2.656031)
LSR 16.75 0 (6.161536 6.387510 4.198041)
RSL 7.62 0 (0.803534 4.048331 2.767029)
RSR 10.46 0 (0.124055 6.144828 4.195635)
RLR inf 1 (inf inf inf)
LRL inf 1 (inf inf inf)

# 0.392699 2.356194 6.000000
# best = 2 = RSL
LSL 14.15 0 (5.610657 5.905276 2.636023)
LSR 17.13 0 (6.145761 6.805301 4.182266)
RSL 7.99 0 (0.767658 4.489671 2.731153)
RSR 10.85 0 (0.140311 6.531344 4.179379)
RLR inf 1 (inf inf inf)
LRL inf 1 (inf inf inf)

# 0.392699 2.356194 6.400000
# best = 2 = RSL
LSL 14.54 0 (5.628220 6.290687 2.618460)
LSR 17.52 0 (6.131746 7.221077 4.168251)
RSL 8.36 0 (0.737720 4.923953 2.701215)
RSR 11.24 0 (0.154748 6.919392 4.164943)
RLR inf 1 (inf inf inf)
LRL inf 1 (inf inf inf)

# 0.392699 2.356194 6.800000
# best = 2 = RSL
LSL 14.92 0 (5.643751 6.677814 2.602929)
LSR 17.91 0 (6.119208 7.635168 4.155713)
RSL 8.74 0 (0.712324 5.352895 2.675819)
RSR 11.63 0 (0.167648 7.308730 4.152042)
RLR inf 1 (inf inf inf)
LRL inf 1 (inf inf inf)

# 0.392699 2.356194 7.200000
# best = 2 = RSL
LSL 15.31 0 (5.657577 7.066376 2.589103)
LSR 18.30 0 (6.107923 8.047833 4.144428)
RSL 9.12 0 (0.690486 5.777686 2.653981)
RSR 12.02 0 (0.179242 7.699160 4.140448)
RLR inf 1 (inf inf inf)
LRL inf 1 (inf inf inf)

# 0.392699 2.356194 7.600000
# best = 2 = RSL
LSL 15.70 0 (5.669959 7.456147 2.576721)
LSR 18.69 0 (6.097709 8.459282 4.134214)
RSL 9.51 0 (0.671495 6.199179 2.634990)
RSR 12.41 0 (0.189716 8.090526 4.129974)
RLR inf 1 (inf inf inf)
LRL inf 1 (inf inf inf)

# 0.392699 2.356194 8.000000
# best = 2 = RSL
LSL 16.09 0 (5.681110 7.846948 2.565570)
LSR 19.08 0 (6.088421 8.869683 4.124926)
RSL 9.89 0 (0.654819 6.618005 2.618314)
RSR 12.80 0 (0.199222 8.482697 4.120468)
RLR inf 1 (inf inf inf)
LRL inf 1 (inf inf inf)

# 0.785398 2.356194 0.400000
# best = 5 = LRL
LSL 9.32 0 (4.202634 1.469693 3.651348)
LSR inf 1 (inf inf inf)
RSL inf 1 (inf inf inf)
RSR 12.47 0 (5.773430 1.469694 5.222144)
RLR 9.49 0 (2.255600 5.530711 1.704315)
LRL 6.35 0 (0.684804 5.530711 0.133518)

# 0.785398 2.356194 0.800000
# best = 1 = LSR
LSL 9.48 0 (4.441797 1.624807 3.412185)
LSR 6.35 0 (0.341898 0.950128 5.054287)
RSL inf 1 (inf inf inf)
RSR 12.62 0 (6.012593 1.624808 4.982981)
RLR 9.32 0 (2.452707 5.446598 1.423095)
LRL 12.46 0 (0.881910 5.446598 6.135484)

# 0.785398 2.356194 1.200000
# best = 1 = LSR
LSL 9.71 0 (4.630630 1.854723 3.223351)
LSR 6.57 0 (0.085718 1.683483 4.798108)
RSL inf 1 (inf inf inf)
RSR 12.85 0 (6.201426 1.854724 4.794148)
RLR 9.07 0 (2.577688 5.318895 1.170410)
LRL 12.21 0 (1.006892 5.318895 5.882799)

# 0.785398 2.356194 1.600000
# best = 3 = RSR
LSL 9.99 0 (4.773948 2.135415 3.080033)
LSR 13.13 0 (6.223305 2.255102 4.652509)
RSL inf 1 (inf inf inf)
RSR 6.85 0 (0.061559 2.135416 4.650830)
RLR 8.74 0 (2.640000 5.156882 0.946086)
LRL 11.88 0 (1.069204 5.156882 5.658474)

# 0.785398 2.356194 2.000000
# best = 3 = RSR
LSL 10.30 0 (4.882308 2.449489 2.971674)
LSR 13.44 0 (6.123637 2.767102 4.552841)
RSL inf 1 (inf inf inf)
RSR 7.16 0 (0.169918 2.449490 4.542471)
RLR 8.36 0 (2.652453 4.965069 0.741820)
LRL 11.50 0 (1.081657 4.965070 5.454209)

# 0.785398 2.356194 2.400000
# best = 3 = RSR
LSL 10.64 0 (4.965306 2.785677 2.888676)
LSR 13.78 0 (6.049744 3.247803 4.478948)
RSL inf 1 (inf inf inf)
RSR 7.50 0 (0.252916 2.785678 4.459473)
RLR 7.91 0 (2.624113 4.742393 0.547484)
LRL 11.06 0 (1.053317 4.742394 5.259873)

# 0.785398 2.356194 2.800000
# best = 4 = RLR
LSL 10.99 0 (5.030087 3.136877 2.823894)
LSR 14.12 0 (5.992279 3.709393 4.421483)
RSL inf 1 (inf inf inf)
RSR 7.85 0 (0.317698 3.136878 4.394692)
RLR 7.39 0 (2.557853 4.480311 0.351662)
LRL 10.53 0 (0.987057 4.480312 5.064050)

# 0.785398 2.356194 3.200000
# best = 4 = RLR
LSL 11.35 0 (5.081655 3.498571 2.772326)
LSR 14.48 0 (5.946097 4.158241 4.375301)
RSL inf 1 (inf inf inf)
RSR 8.21 0 (0.369266 3.498571 4.343124)
RLR 6.74 0 (2.446160 4.153788 0.136832)
LRL 9.88 0 (0.875364 4.153789 4.849221)

# 0.785398 2.356194 3.600000
# best = 2 = RSL
LSL 11.72 0 (5.123471 3.867815 2.730510)
LSR 14.84 0 (5.908067 4.598080 4.337271)
RSL 6.33 0 (1.940912 0.881851 3.511708)
RSR 8.58 0 (0.411082 3.867816 4.301307)
RLR 12.03 0 (2.239675 3.657186 6.129900)
LRL 8.89 0 (0.668880 3.657188 4.559104)

# 0.785398 2.356194 4.000000
# best = 2 = RSL
LSL 12.10 0 (5.157950 4.242640 2.696031)
LSR 15.21 0 (5.876148 5.031273 4.305352)
RSL 6.55 0 (1.669678 1.638991 3.240474)
RSR 8.96 0 (0.445561 4.242641 4.266828)
RLR inf 1 (inf inf inf)
LRL inf 1 (inf inf inf)

# 0.785398 2.356194 4.400000
# best = 2 = RSL
LSL 12.48 0 (5.186804 4.621687 2.667177)
LSR 15.59 0 (5.848944 5.459403 4.278148)
RSL 6.83 0 (1.519392 2.216962 3.090188)
RSR 9.33 0 (0.474415 4.621688 4.237975)
RLR inf 1 (inf inf inf)
LRL inf 1 (inf inf inf)

# 0.785398 2.356194 4.800000
# best = 2 = RSL
LSL 12.86 0 (5.211266 5.003998 2.642715)
LSR 15.96 0 (5.825462 5.883575 4.254666)
RSL 7.14 0 (1.417330 2.731950 2.988126)
RSR 9.72 0 (0.498877 5.003999 4.213512)
RLR inf 1 (inf inf inf)
LRL inf 1 (inf inf inf)

# 0.785398 2.356194 5.200000
# best = 2 = RSL
LSL 13.24 0 (5.232246 5.388877 2.621736)
LSR 16.34 0 (5.804975 6.304588 4.234179)
RSL 7.47 0 (1.341985 3.214370 2.912781)
RSR 10.10 0 (0.519856 5.388878 4.192533)
RLR inf 1 (inf inf inf)
LRL inf 1 (inf inf inf)

# 0.785398 2.356194 5.600000
# best = 2 = RSL
LSL 13.63 0 (5.250421 5.775811 2.603560)
LSR 16.73 0 (5.786935 6.723035 4.216139)
RSL 7.81 0 (1.283555 3.677065 2.854351)
RSR 10.49 0 (0.538032 5.775812 4.174357)
RLR inf 1 (inf inf inf)
LRL inf 1 (inf inf inf)

# 0.785398 2.356194 6.000000
# best = 2 = RSL
LSL 14.02 0 (5.266310 6.164414 2.587671)
LSR 17.11 0 (5.770923 7.139367 4.200127)
RSL 8.17 0 (1.236692 4.126674 2.807488)
RSR 10.88 0 (0.553921 6.164414 4.158469)
RLR inf 1 (inf inf inf)
LRL inf 1 (inf inf inf)

# 0.785398 2.356194 6.400000
# best = 2 = RSL
LSL 14.41 0 (5.280311 6.554387 2.573670)
LSR 17.50 0 (5.756611 7.553935 4.185815)
RSL 8.53 0 (1.198159 4.567063 2.768955)
RSR 11.27 0 (0.567922 6.554388 4.144467)
RLR inf 1 (inf inf inf)
LRL inf 1 (inf inf inf)

# 0.785398 2.356194 6.800000
# best = 2 = RSL
LSL 14.80 0 (5.292738 6.945502 2.561244)
LSR 17.88 0 (5.743740 7.967014 4.172944)
RSL 8.90 0 (1.165858 5.000669 2.736654)
RSR 11.66 0 (0.580348 6.945503 4.132041)
RLR inf 1 (inf inf inf)
LRL inf 1 (inf inf inf)

# 0.785398 2.356194 7.200000
# best = 2 = RSL
LSL 15.19 0 (5.303838 7.337574 2.550143)
LSR 18.27 0 (5.732100 8.378823 4.161304)
RSL 9.28 0 (1.138356 5.429118 2.709152)
RSR 12.05 0 (0.591449 7.337575 4.120941)
RLR inf 1 (inf inf inf)
LRL inf 1 (inf inf inf)

# 0.785398 2.356194 7.600000
# best = 2 = RSL
LSL 15.58 0 (5.313811 7.730459 2.540171)
LSR 18.66 0 (5.721521 8.789542 4.150725)
RSL 9.65 0 (1.114636 5.853542 2.685432)
RSR 12.44 0 (0.601422 7.730460 4.110968)
RLR inf 1 (inf inf inf)
LRL inf 1 (inf inf inf)

# 0.785398 2.356194 8.000000
# best = 2 = RSL
LSL 15.98 0 (5.322818 8.124038 2.531163)
LSR 19.05 0 (5.711863 9.199316 4.141067)
RSL 10.03 0 (1.093955 6.274757 2.664751)
RSR 12.84 0 (0.610429 8.124039 4.101960)
RLR inf 1 (inf inf inf)
LRL inf 1 (inf inf inf)

# 1.178097 2.356194 0.400000
# best = 1 = LSR
LSL 8.71 0 (4.049302 1.252218 3.411980)
LSR 6.22 0 (0.315673 0.479746 5.420761)
RSL inf 1 (inf inf inf)
RSR 12.49 0 (6.057059 1.105086 5.331214)
RLR 10.27 0 (2.635554 5.723360 1.909709)
LRL 12.47 0 (0.589302 5.646370 6.235165)

# 1.178097 2.356194 0.800000
# best = 3 = RSR
LSL 8.95 0 (4.285042 1.490459 3.176240)
LSR 12.62 0 (6.191318 1.419488 5.013221)
RSL inf 1 (inf inf inf)
RSR 6.34 0 (0.098690 1.236041 5.006398)
RLR 10.13 0 (2.926131 5.654881 1.550653)
LRL 12.22 0 (0.761624 5.519535 5.936008)

# 1.178097 2.356194 1.200000
# best = 3 = RSR
LSL 9.25 0 (4.449408 1.787424 3.011874)
LSR 12.85 0 (5.997212 2.029713 4.819115)
RSL inf 1 (inf inf inf)
RSR 6.57 0 (0.341340 1.467780 4.763749)
RLR 9.89 0 (3.107209 5.531740 1.246433)
LRL 11.89 0 (0.844567 5.356689 5.690219)

# 1.178097 2.356194 1.600000
# best = 3 = RSR
LSL 9.58 0 (4.564779 2.118562 2.896503)
LSR 13.12 0 (5.868702 2.558227 4.690605)
RSL inf 1 (inf inf inf)
RSR 6.87 0 (0.510802 1.760955 4.594286)
RLR 9.56 0 (3.196531 5.371456 0.996829)
LRL 11.51 0 (0.865010 5.166832 5.479919)

# 1.178097 2.356194 2.000000
# best = 3 = RSR
LSL 9.93 0 (4.648174 2.470166 2.813108)
LSR 13.42 0 (5.774924 3.047838 4.596827)
RSL inf 1 (inf inf inf)
RSR 7.19 0 (0.629531 2.089867 4.475557)
RLR 9.19 0 (3.221383 5.183703 0.784223)
LRL 11.08 0 (0.840968 4.951959 5.289087)

# 1.178097 2.356194 2.400000
# best = 3 = RSR
LSL 10.30 0 (4.710470 2.834632 2.750812)
LSR 13.74 0 (5.702723 3.514840 4.524626)
RSL inf 1 (inf inf inf)
RSR 7.55 0 (0.715118 2.440108 4.389970)
RLR 8.76 0 (3.200616 4.970996 0.592283)
LRL 10.59 0 (0.781283 4.707996 5.104810)

# 1.178097 2.356194 2.800000
# best = 3 = RSR
LSL 10.67 0 (4.758432 3.207578 2.702850)
LSR 14.08 0 (5.645121 3.967227 4.467024)
RSL inf 1 (inf inf inf)
RSR 7.91 0 (0.778879 2.803695 4.326209)
RLR 8.28 0 (3.143780 4.729801 0.407924)
LRL 10.02 0 (0.686380 4.422266 4.913983)

# 1.178097 2.356194 3.200000
# best = 4 = RLR
LSL 11.05 0 (4.796335 3.586360 2.664947)
LSR 14.43 0 (5.597958 4.409499 4.419861)
RSL inf 1 (inf inf inf)
RSR 8.28 0 (0.827852 3.176049 4.277236)
RLR 7.72 0 (3.052064 4.448423 0.218262)
LRL 9.30 0 (0.542734 4.059169 4.694531)

# 1.178097 2.356194 3.600000
# best = 4 = RLR
LSL 11.43 0 (4.826962 3.969306 2.634320)
LSR 14.78 0 (5.558559 4.844427 4.380462)
RSL inf 1 (inf inf inf)
RSR 8.66 0 (0.866476 3.554416 4.238612)
RLR 7.01 0 (2.913776 4.094600 0.002727)
LRL 7.96 0 (0.238535 3.389516 4.329078)

# 1.178097 2.356194 4.000000
# best = 2 = RSL
LSL 11.82 0 (4.852180 4.355320 2.609102)
LSR 15.15 0 (5.525114 5.273828 4.347017)
RSL 7.10 0 (2.304925 1.310525 3.483022)
RSR 9.04 0 (0.897632 3.937062 4.207457)
RLR 12.10 0 (2.646057 3.496851 5.955882)
LRL inf 1 (inf inf inf)

# 1.178097 2.356194 4.400000
# best = 2 = RSL
LSL 12.20 0 (4.873281 4.743651 2.588001)
LSR 15.51 0 (5.496343 5.698952 4.318246)
RSL 7.31 0 (2.094750 1.942340 3.272847)
RSR 9.43 0 (0.923247 4.322850 4.181841)
RLR inf 1 (inf inf inf)
LRL inf 1 (inf inf inf)

# 1.178097 2.356194 4.800000
# best = 2 = RSL
LSL 12.60 0 (4.891182 5.133775 2.570100)
LSR 15.89 0 (5.471316 6.120689 4.293219)
RSL 7.58 0 (1.958877 2.479495 3.136974)
RSR 9.82 0 (0.944654 4.711010 4.160434)
RLR inf 1 (inf inf inf)
LRL inf 1 (inf inf inf)

# 1.178097 2.356194 5.200000
# best = 2 = RSL
LSL 12.99 0 (4.906551 5.525311 2.554732)
LSR 16.26 0 (5.449337 6.539696 4.271240)
RSL 7.87 0 (1.860816 2.973736 3.038913)
RSR 10.21 0 (0.962795 5.101000 4.142293)
RLR inf 1 (inf inf inf)
LRL inf 1 (inf inf inf)

# 1.178097 2.356194 5.600000
# best = 2 = RSL
LSL 13.38 0 (4.919882 5.917980 2.541400)
LSR 16.64 0 (5.429876 6.956466 4.251779)
RSL 8.19 0 (1.785829 3.443591 2.963926)
RSR 10.60 0 (0.978355 5.492430 4.126734)
RLR inf 1 (inf inf inf)
LRL inf 1 (inf inf inf)

# 1.178097 2.356194 6.000000
# best = 2 = RSL
LSL 13.77 0 (4.931553 6.311569 2.529729)
LSR 17.02 0 (5.412518 7.371377 4.234421)
RSL 8.53 0 (1.726288 3.897888 2.904385)
RSR 10.99 0 (0.991841 5.885012 4.113247)
RLR inf 1 (inf inf inf)
LRL inf 1 (inf inf inf)

# 1.178097 2.356194 6.400000
# best = 2 = RSL
LSL 14.17 0 (4.941853 6.705917 2.519430)
LSR 17.40 0 (5.396937 7.784728 4.218840)
RSL 8.88 0 (1.677710 4.341513 2.855807)
RSR 11.38 0 (1.003639 6.278531 4.101449)
RLR inf 1 (inf inf inf)
LRL inf 1 (inf inf inf)

# 1.178097 2.356194 6.800000
# best = 2 = RSL
LSL 14.56 0 (4.951007 7.100897 2.510275)
LSR 17.78 0 (5.382872 8.196755 4.204775)
RSL 9.23 0 (1.637244 4.777442 2.815341)
RSR 11.78 0 (1.014044 6.672820 4.091044)
RLR inf 1 (inf inf inf)
LRL inf 1 (inf inf inf)

# 1.178097 2.356194 7.200000
# best = 2 = RSL
LSL 14.96 0 (4.959196 7.496409 2.502086)
LSR 18.17 0 (5.370109 8.607646 4.192012)
RSL 9.59 0 (1.602971 5.207606 2.781068)
RSR 12.17 0 (1.023287 7.067752 4.081801)
RLR inf 1 (inf inf inf)
LRL inf 1 (inf inf inf)

# 1.178097 2.356194 7.600000
# best = 2 = RSL
LSL 15.35 0 (4.966564 7.892374 2.494718)
LSR 18.56 0 (5.358475 9.017559 4.180378)
RSL 9.96 0 (1.573544 5.633327 2.751641)
RSR 12.57 0 (1.031552 7.463223 4.073537)
RLR inf 1 (inf inf inf)
LRL inf 1 (inf inf inf)

# 1.178097 2.356194 8.000000
# best = 2 = RSL
LSL 15.75 0 (4.973228 8.288727 2.488054)
LSR 18.94 0 (5.347826 9.426619 4.169729)
RSL 10.33 0 (1.547987 6.055541 2.726084)
RSR 12.96 0 (1.038984 7.859152 4.066105)
RLR inf 1 (inf inf inf)
LRL inf 1 (inf inf inf)

# 1.570796 2.356194 0.400000
# best = 3 = RSR
LSL 8.06 0 (3.916839 0.990000 3.151745)
LSR 12.50 0 (6.155591 0.969484 5.370193)
RSL inf 1 (inf inf inf)
RSR 6.21 0 (0.150329 0.715173 5.347458)
RLR 11.06 0 (3.112162 5.923666 2.026106)
LRL 12.35 0 (0.525147 5.782987 6.043238)

# 1.570796 2.356194 0.800000
# best = 3 = RSR
LSL 8.37 0 (4.138123 1.301697 2.930461)
LSR 12.61 0 (5.862657 1.669007 5.077259)
RSL inf 1 (inf inf inf)
RSR 6.37 0 (0.622148 0.870148 4.875639)
RLR 10.90 0 (3.544451 5.844605 1.514756)
LRL 12.03 0 (0.665070 5.620265 5.740593)

# 1.570796 2.356194 1.200000
# best = 3 = RSR
LSL 8.72 0 (4.270044 1.651887 2.798539)
LSR 12.81 0 (5.683151 2.225145 4.897753)
RSL inf 1 (inf inf inf)
RSR 6.65 0 (0.908669 1.150149 4.589118)
RLR 10.61 0 (3.758607 5.699876 1.155871)
LRL 11.65 0 (0.702737 5.431756 5.514417)

# 1.570796 2.356194 1.600000
# best = 3 = RSR
LSL 9.09 0 (4.354883 2.020654 2.713701)
LSR 13.05 0 (5.555814 2.727078 4.770416)
RSL inf 1 (inf inf inf)
RSR 6.98 0 (1.074911 1.486112 4.422876)
RLR 10.26 0 (3.835850 5.521877 0.900629)
LRL 11.23 0 (0.683719 5.224042 5.325722)

# 1.570796 2.356194 2.000000
# best = 3 = RSR
LSL 9.47 0 (4.413253 2.399449 2.655331)
LSR 13.33 0 (5.459410 3.200413 4.674012)
RSL inf 1 (inf inf inf)
RSR 7.35 0 (1.178097 1.847759 4.319690)
RLR 9.86 0 (3.839509 5.322823 0.697917)
LRL 10.78 0 (0.628331 4.996527 5.153594)

# 1.570796 2.356194 2.400000
# best = 3 = RSR
LSL 9.85 0 (4.455604 2.784182 2.612980)
LSR 13.64 0 (5.383425 3.656272 4.598027)
RSL inf 1 (inf inf inf)
RSR 7.72 0 (1.247023 2.222589 4.250764)
RLR 9.42 0 (3.799475 5.104903 0.520030)
LRL 10.27 0 (0.544136 4.743435 4.984697)

# 1.570796 2.356194 2.800000
# best = 3 = RSR
LSL 10.24 0 (4.487629 3.172694 2.580954)
LSR 13.96 0 (5.321805 4.100489 4.536407)
RSL inf 1 (inf inf inf)
RSR 8.10 0 (1.295896 2.604916 4.201892)
RLR 8.94 0 (3.728286 4.864780 0.351096)
LRL 9.69 0 (0.430034 4.451180 4.806544)

# 1.570796 2.356194 3.200000
# best = 4 = RLR
LSL 10.63 0 (4.512647 3.563748 2.555936)
LSR 14.29 0 (5.270738 4.536485 4.485340)
RSL inf 1 (inf inf inf)
RSR 8.49 0 (1.332196 2.991868 4.165592)
RLR 8.40 0 (3.628795 4.593198 0.179005)
LRL 8.95 0 (0.271650 4.084377 4.598124)

# 1.570796 2.356194 3.600000
# best = 2 = RSL
LSL 11.03 0 (4.532708 3.956591 2.535875)
LSR 14.64 0 (5.227682 4.966426 4.442284)
RSL 7.79 0 (3.355998 0.288171 4.141396)
RSR 8.88 0 (1.360153 3.381857 4.137634)
RLR 14.03 0 (3.494312 4.268317 6.271793)
LRL 13.94 0 (6.250962 3.436508 4.254129)

# 1.570796 2.356194 4.000000
# best = 2 = RSL
LSL 11.42 0 (4.549139 4.350739 2.519444)
LSR 14.99 0 (5.190864 5.391760 4.405466)
RSL 7.82 0 (2.855389 1.325653 3.640787)
RSR 9.27 0 (1.382317 3.773943 4.115471)
RLR 13.13 0 (3.290914 3.817195 6.024068)
LRL inf 1 (inf inf inf)

# 1.570796 2.356194 4.400000
# best = 2 = RSL
LSL 11.81 0 (4.562838 4.745866 2.505745)
LSR 15.35 0 (5.159004 5.813498 4.373606)
RSL 7.98 0 (2.629000 1.936923 3.414398)
RSR 9.67 0 (1.400301 4.167533 4.097486)
RLR inf 1 (inf inf inf)
LRL inf 1 (inf inf inf)

# 1.570796 2.356194 4.800000
# best = 2 = RSL
LSL 12.21 0 (4.574429 5.141747 2.494154)
LSR 15.71 0 (5.131155 6.232371 4.345757)
RSL 8.20 0 (2.477598 2.462922 3.262996)
RSR 10.06 0 (1.415177 4.562238 4.082610)
RLR inf 1 (inf inf inf)
LRL inf 1 (inf inf inf)

# 1.570796 2.356194 5.200000
# best = 2 = RSL
LSL 12.61 0 (4.584362 5.538219 2.484221)
LSR 16.08 0 (5.106599 6.648919 4.321201)
RSL 8.47 0 (2.366381 2.949627 3.151779)
RSR 10.46 0 (1.427683 4.957792 4.070105)
RLR inf 1 (inf inf inf)
LRL inf 1 (inf inf inf)

# 1.570796 2.356194 5.600000
# best = 2 = RSL
LSL 13.00 0 (4.592967 5.935165 2.475616)
LSR 16.45 0 (5.084780 7.063555 4.299382)
RSL 8.76 0 (2.280422 3.413885 3.065820)
RSR 10.85 0 (1.438338 5.354007 4.059449)
RLR inf 1 (inf inf inf)
LRL inf 1 (inf inf inf)

# 1.570796 2.356194 6.000000
# best = 2 = RSL
LSL 13.40 0 (4.600493 6.332496 2.468091)
LSR 16.82 0 (5.065262 7.476597 4.279864)
RSL 9.07 0 (2.211694 3.863797 2.997092)
RSR 11.25 0 (1.447525 5.750745 4.050262)
RLR inf 1 (inf inf inf)
LRL inf 1 (inf inf inf)

# 1.570796 2.356194 6.400000
# best = 2 = RSL
LSL 13.80 0 (4.607129 6.730142 2.461454)
LSR 17.20 0 (5.047698 7.888294 4.262300)
RSL 9.40 0 (2.155357 4.303864 2.940755)
RSR 11.65 0 (1.455525 6.147907 4.042262)
RLR inf 1 (inf inf inf)
LRL inf 1 (inf inf inf)

# 1.570796 2.356194 6.800000
# best = 2 = RSL
LSL 14.20 0 (4.613025 7.128052 2.455558)
LSR 17.58 0 (5.031806 8.298848 4.246408)
RSL 9.74 0 (2.108272 4.736830 2.893670)
RSR 12.04 0 (1.462554 6.545414 4.035233)
RLR inf 1 (inf inf inf)
LRL inf 1 (inf inf inf)

# 1.570796 2.356194 7.200000
# best = 2 = RSL
LSL 14.59 0 (4.618298 7.526184 2.450286)
LSR 17.96 0 (5.017358 8.708419 4.231960)
RSL 10.09 0 (2.068299 5.164482 2.853697)
RSR 12.44 0 (1.468778 6.943207 4.029010)
RLR inf 1 (inf inf inf)
LRL inf 1 (inf inf inf)

# 1.570796 2.356194 7.600000
# best = 2 = RSL
LSL 14.99 0 (4.623040 7.924504 2.445543)
LSR 18.34 0 (5.004165 9.117140 4.218767)
RSL 10.44 0 (2.033920 5.588039 2.819318)
RSR 12.84 0 (1.474327 7.341241 4.023461)
RLR inf 1 (inf inf inf)
LRL inf 1 (inf inf inf)

# 1.570796 2.356194 8.000000
# best = 2 = RSL
LSL 15.39 0 (4.627328 8.322985 2.441255)
LSR 18.72 0 (4.992070 9.525121 4.206672)
RSL 10.80 0 (2.004025 6.008369 2.789423)
RSR 13.24 0 (1.479305 7.739477 4.018483)
RLR inf 1 (inf inf inf)
LRL inf 1 (inf inf inf)

# 1.963495 2.356194 0.400000
# best = 3 = RSR
LSL 7.37 0 (3.835458 0.696892 2.840426)
LSR 12.48 0 (5.862765 1.145665 5.470066)
RSL inf 1 (inf inf inf)
RSR 6.26 0 (0.906818 0.372589 4.983669)
RLR 11.80 0 (3.955128 6.096620 1.748794)
LRL 12.26 0 (0.518749 5.932952 5.806902)

# 1.963495 2.356194 0.800000
# best = 3 = RSR
LSL 7.74 0 (4.010830 1.067275 2.665055)
LSR 12.55 0 (5.590285 1.759926 5.197586)
RSL inf 1 (inf inf inf)
RSR 6.56 0 (1.455862 0.667387 4.434624)
RLR 11.50 0 (4.429824 5.947924 1.125401)
LRL 11.88 0 (0.599146 5.743004 5.536557)

# 1.963495 2.356194 1.200000
# best = 3 = RSR
LSL 8.13 0 (4.094584 1.453442 2.581301)
LSR 12.70 0 (5.407049 2.280817 5.014350)
RSL inf 1 (inf inf inf)
RSR 6.93 0 (1.644786 1.035368 4.245701)
RLR 11.13 0 (4.524555 5.759539 0.842285)
LRL 11.47 0 (0.581118 5.539440 5.351021)

# 1.963495 2.356194 1.600000
# best = 3 = RSR
LSL 8.52 0 (4.142982 1.845512 2.532903)
LSR 12.91 0 (5.271781 2.761687 4.879082)
RSL inf 1 (inf inf inf)
RSR 7.31 0 (1.733118 1.420763 4.157368)
RLR 10.72 0 (4.511593 5.556949 0.652657)
LRL 11.04 0 (0.521841 5.324090 5.194948)

# 1.963495 2.356194 2.000000
# best = 3 = RSR
LSL 8.92 0 (4.174373 2.240386 2.501512)
LSR 13.16 0 (5.167003 3.220513 4.774304)
RSL inf 1 (inf inf inf)
RSR 7.70 0 (1.783533 1.812498 4.106953)
RLR 10.29 0 (4.454858 5.342651 0.495094)
LRL 10.58 0 (0.438277 5.094181 5.048602)

# 1.963495 2.356194 2.400000
# best = 3 = RSR
LSL 9.31 0 (4.196341 2.636807 2.479543)
LSR 13.44 0 (5.083202 3.665583 4.690503)
RSL inf 1 (inf inf inf)
RSR 8.10 0 (1.815976 2.207200 4.074510)
RLR 9.84 0 (4.373048 5.114143 0.348396)
LRL 10.08 0 (0.334992 4.843672 4.901379)

# 1.963495 2.356194 2.800000
# best = 3 = RSR
LSL 9.71 0 (4.212562 3.034167 2.463322)
LSR 13.74 0 (5.014563 4.101376 4.621864)
RSL inf 1 (inf inf inf)
RSR 8.49 0 (1.838561 2.603520 4.051926)
RLR 9.34 0 (4.271410 4.865700 0.201590)
LRL 9.51 0 (0.209897 4.561041 4.743843)

# 1.963495 2.356194 3.200000
# best = 4 = RLR
LSL 10.11 0 (4.225024 3.432140 2.450860)
LSR 14.05 0 (4.957277 4.530571 4.564578)
RSL inf 1 (inf inf inf)
RSR 8.89 0 (1.855172 3.000816 4.035315)
RLR 8.78 0 (4.148394 4.586444 0.045352)
LRL 8.83 0 (0.052000 4.220323 4.561022)

# 1.963495 2.356194 3.600000
# best = 2 = RSL
LSL 10.51 0 (4.234895 3.830536 2.440990)
LSR 14.38 0 (4.908728 4.954883 4.516029)
RSL 8.55 0 (3.563500 1.031821 3.956199)
RSR 9.29 0 (1.867896 3.398747 4.022591)
RLR 14.40 0 (3.994098 4.252404 6.148793)
LRL 14.13 0 (6.097817 3.725844 4.303911)

# 1.963495 2.356194 4.000000
# best = 2 = RSL
LSL 10.91 0 (4.242905 4.229234 2.432979)
LSR 14.72 0 (4.867052 5.375468 4.474353)
RSL 8.60 0 (3.268759 1.673280 3.661458)
RSR 9.69 0 (1.877951 3.797112 4.012535)
RLR 13.45 0 (3.768612 3.781322 5.903196)
LRL inf 1 (inf inf inf)

# 1.963495 2.356194 4.400000
# best = 2 = RSL
LSL 11.30 0 (4.249535 4.628157 2.426349)
LSR 15.06 0 (4.830884 5.793138 4.438185)
RSL 8.75 0 (3.075484 2.203424 3.468183)
RSR 10.09 0 (1.886097 4.195789 4.004390)
RLR inf 1 (inf inf inf)
LRL inf 1 (inf inf inf)

# 1.963495 2.356194 4.800000
# best = 2 = RSL
LSL 11.70 0 (4.255112 5.027251 2.420772)
LSR 15.41 0 (4.799198 6.208481 4.406499)
RSL 8.95 0 (2.934233 2.688919 3.326932)
RSR 10.49 0 (1.892828 4.594695 3.997658)
RLR inf 1 (inf inf inf)
LRL inf 1 (inf inf inf)

# 1.963495 2.356194 5.200000
# best = 2 = RSL
LSL 12.10 0 (4.259869 5.426479 2.416015)
LSR 15.77 0 (4.771208 6.621935 4.378509)
RSL 9.19 0 (2.825484 3.150476 3.218183)
RSR 10.88 0 (1.898484 4.993777 3.992003)
RLR inf 1 (inf inf inf)
LRL inf 1 (inf inf inf)

# 1.963495 2.356194 5.600000
# best = 2 = RSL
LSL 12.50 0 (4.263974 5.825813 2.411910)
LSR 16.13 0 (4.746304 7.033833 4.353605)
RSL 9.47 0 (2.738880 3.597319 3.131579)
RSR 11.28 0 (1.903302 5.392994 3.987184)
RLR inf 1 (inf inf inf)
LRL inf 1 (inf inf inf)

# 1.963495 2.356194 6.000000
# best = 2 = RSL
LSL 12.90 0 (4.267552 6.225232 2.408332)
LSR 16.50 0 (4.724002 7.444434 4.331303)
RSL 9.76 0 (2.668180 4.034342 3.060879)
RSR 11.68 0 (1.907456 5.792320 3.983030)
RLR inf 1 (inf inf inf)
LRL inf 1 (inf inf inf)

# 1.963495 2.356194 6.400000
# best = 2 = RSL
LSL 13.30 0 (4.270699 6.624721 2.405185)
LSR 16.87 0 (4.703914 7.853941 4.311215)
RSL 10.08 0 (2.609330 4.464429 3.002029)
RSR 12.08 0 (1.911075 6.191733 3.979412)
RLR inf 1 (inf inf inf)
LRL inf 1 (inf inf inf)

# 1.963495 2.356194 6.800000
# best = 2 = RSL
LSL 13.70 0 (4.273488 7.024268 2.402397)
LSR 17.24 0 (4.685727 8.262517 4.293028)
RSL 10.40 0 (2.559565 4.889411 2.952264)
RSR 12.48 0 (1.914255 6.591216 3.976232)
RLR inf 1 (inf inf inf)
LRL inf 1 (inf inf inf)

# 1.963495 2.356194 7.200000
# best = 2 = RSL
LSL 14.10 0 (4.275976 7.423865 2.399908)
LSR 17.62 0 (4.669182 8.670292 4.276483)
RSL 10.74 0 (2.516924 5.310513 2.909623)
RSR 12.88 0 (1.917071 6.990759 3.973415)
RLR inf 1 (inf inf inf)
LRL inf 1 (inf inf inf)

# 1.963495 2.356194 7.600000
# best = 2 = RSL
LSL 14.50 0 (4.278211 7.823502 2.397674)
LSR 17.99 0 (4.654067 9.077376 4.261368)
RSL 11.08 0 (2.479976 5.728591 2.872675)
RSR 13.28 0 (1.919583 7.390352 3.970904)
RLR inf 1 (inf inf inf)
LRL inf 1 (inf inf inf)

# 1.963495 2.356194 8.000000
# best = 2 = RSL
LSL 14.90 0 (4.280228 8.223175 2.395657)
LSR 18.37 0 (4.640205 9.483857 4.247506)
RSL 11.43 0 (2.447652 6.144263 2.840351)
RSR 13.68 0 (1.921837 7.789986 3.968650)
RLR inf 1 (inf inf inf)
LRL inf 1 (inf inf inf)

# 2.356194 2.356194 0.400000
# best = 0 = LSL
LSL 6.68 0 (3.926991 0.400000 2.356194)
LSR 12.42 0 (5.643211 1.136385 5.643211)
RSL inf 1 (inf inf inf)
RSR 6.68 0 (2.356194 0.400000 3.926991)
RLR 12.17 0 (5.397619 6.082850 0.685231)
LRL 12.17 0 (0.685231 6.082850 5.397619)

# 2.356194 2.356194 0.800000
# best = 0 = LSL
LSL 7.08 0 (3.926991 0.800000 2.356194)
LSR 12.42 0 (5.360596 1.703744 5.360596)
RSL inf 1 (inf inf inf)
RSR 7.08 0 (2.356194 0.800000 3.926991)
RLR 11.76 0 (5.296429 5.880469 0.584041)
LRL 11.76 0 (0.584041 5.880469 5.296429)

# 2.356194 2.356194 1.200000
# best = 0 = LSL
LSL 7.48 0 (3.926991 1.200000 2.356194)
LSR 12.52 0 (5.160994 2.198662 5.160994)
RSL inf 1 (inf inf inf)
RSR 7.48 0 (2.356194 1.200000 3.926991)
RLR 11.35 0 (5.193094 5.673800 0.480706)
LRL 11.35 0 (0.480706 5.673800 5.193094)

# 2.356194 2.356194 1.600000
# best = 0 = LSL
LSL 7.88 0 (3.926991 1.600000 2.356194)
LSR 12.68 0 (5.010049 2.661858 5.010049)
RSL inf 1 (inf inf inf)
RSR 7.88 0 (2.356194 1.600000 3.926991)
RLR 10.92 0 (5.086270 5.460152 0.373882)
LRL 10.92 0 (0.373882 5.460152 5.086270)

# 2.356194 2.356194 2.000000
# best = 0 = LSL
LSL 8.28 0 (3.926991 2.000000 2.356194)
LSR 12.89 0 (4.891549 3.107548 4.891549)
RSL inf 1 (inf inf inf)
RSR 8.28 0 (2.356194 2.000000 3.926991)
RLR 10.47 0 (4.974188 5.235988 0.261800)
LRL 10.47 0 (0.261800 5.235988 4.974188)

# 2.356194 2.356194 2.400000
# best = 0 = LSL
LSL 8.68 0 (3.926991 2.400000 2.356194)
LSR 13.13 0 (4.796033 3.542348 4.796033)
RSL inf 1 (inf inf inf)
RSR 8.68 0 (2.356194 2.400000 3.926991)
RLR 9.99 0 (4.854286 4.996183 0.141898)
LRL 9.99 0 (0.141898 4.996183 4.854286)

# 2.356194 2.356194 2.800000
# best = 3 = RSR
LSL 9.08 0 (3.926991 2.800000 2.356194)
LSR 13.40 0 (4.717446 3.969836 4.717446)
RSL inf 1 (inf inf inf)
RSR 9.08 0 (2.356194 2.800000 3.926991)
RLR 9.46 0 (4.722389 4.732390 0.010001)
LRL 9.46 0 (0.010001 4.732390 4.722389)

# 2.356194 2.356194 3.200000
# best = 2 = RSL
LSL 9.48 0 (3.926991 3.200000 2.356194)
LSR 13.70 0 (4.651693 4.392149 4.651693)
RSL 9.29 0 (4.097629 1.090426 4.097629)
RSR 9.48 0 (2.356194 3.200000 3.926991)
RLR 15.14 0 (4.570491 4.428595 6.141289)
LRL 15.14 0 (6.141289 4.428595 4.570491)

# 2.356194 2.356194 3.600000
# best = 2 = RSL
LSL 9.88 0 (3.926991 3.600000 2.356194)
LSR 14.00 0 (4.595896 4.810649 4.595896)
RSL 9.28 0 (3.806529 1.666631 3.806529)
RSR 9.88 0 (2.356194 3.600000 3.926991)
RLR 14.37 0 (4.378017 4.043646 5.948814)
LRL 14.37 0 (5.948814 4.043646 4.378017)

# 2.356194 2.356194 4.000000
# best = 2 = RSL
LSL 10.28 0 (3.926991 4.000000 2.356194)
LSR 14.32 0 (4.547976 5.226252 4.547976)
RSL 9.37 0 (3.602521 2.164783 3.602521)
RSR 10.28 0 (2.356194 4.000000 3.926991)
RLR 12.57 0 (3.926990 3.141593 5.497788)
LRL 12.57 0 (5.497788 3.141593 3.926990)

# 2.356194 2.356194 4.400000
# best = 2 = RSL
LSL 10.68 0 (3.926991 4.400000 2.356194)
LSR 14.65 0 (4.506390 5.639600 4.506390)
RSL 9.53 0 (3.448768 2.629623 3.448768)
RSR 10.68 0 (2.356194 4.400000 3.926991)
RLR inf 1 (inf inf inf)
LRL inf 1 (inf inf inf)

# 2.356194 2.356194 4.800000
# best = 2 = RSL
LSL 11.08 0 (3.926991 4.800000 2.356194)
LSR 14.99 0 (4.469970 6.051153 4.469970)
RSL 9.73 0 (3.328327 3.076287 3.328327)
RSR 11.08 0 (2.356194 4.800000 3.926991)
RLR inf 1 (inf inf inf)
LRL inf 1 (inf inf inf)

# 2.356194 2.356194 5.200000
# best = 2 = RSL
LSL 11.48 0 (3.926991 5.200000 2.356194)
LSR 15.34 0 (4.437817 6.461256 4.437817)
RSL 9.97 0 (3.231408 3.511719 3.231408)
RSR 11.48 0 (2.356194 5.200000 3.926991)
RLR inf 1 (inf inf inf)
LRL inf 1 (inf inf inf)

# 2.356194 2.356194 5.600000
# best = 2 = RSL
LSL 11.88 0 (3.926991 5.600000 2.356194)
LSR 15.69 0 (4.409229 6.870167 4.409229)
RSL 10.24 0 (3.151771 3.939645 3.151771)
RSR 11.88 0 (2.356194 5.600000 3.926991)
RLR inf 1 (inf inf inf)
LRL inf 1 (inf inf inf)

# 2.356194 2.356194 6.000000
# best = 2 = RSL
LSL 12.28 0 (3.926991 6.000000 2.356194)
LSR 16.05 0 (4.383649 7.278088 4.383649)
RSL 10.53 0 (3.085211 4.362273 3.085211)
RSR 12.28 0 (2.356194 6.000000 3.926991)
RLR inf 1 (inf inf inf)
LRL inf 1 (inf inf inf)

# 2.356194 2.356194 6.400000
# best = 2 = RSL
LSL 12.68 0 (3.926991 6.400000 2.356194)
LSR 16.41 0 (4.360627 7.685177 4.360627)
RSL 10.84 0 (3.028784 4.781010 3.028784)
RSR 12.68 0 (2.356194 6.400000 3.926991)
RLR inf 1 (inf inf inf)
LRL inf 1 (inf inf inf)

# 2.356194 2.356194 6.800000
# best = 2 = RSL
LSL 13.08 0 (3.926991 6.800000 2.356194)
LSR 16.77 0 (4.339801 8.091558 4.339801)
RSL 11.16 0 (2.980360 5.196796 2.980360)
RSR 13.08 0 (2.356194 6.800000 3.926991)
RLR inf 1 (inf inf inf)
LRL inf 1 (inf inf inf)

# 2.356194 2.356194 7.200000
# best = 2 = RSL
LSL 13.48 0 (3.926991 7.200000 2.356194)
LSR 17.14 0 (4.320872 8.497334 4.320872)
RSL 11.49 0 (2.938365 5.610287 2.938365)
RSR 13.48 0 (2.356194 7.200000 3.926991)
RLR inf 1 (inf inf inf)
LRL inf 1 (inf inf inf)

# 2.356194 2.356194 7.600000
# best = 2 = RSL
LSL 13.88 0 (3.926991 7.600000 2.356194)
LSR 17.51 0 (4.303595 8.902587 4.303595)
RSL 11.83 0 (2.901611 6.021955 2.901611)
RSR 13.88 0 (2.356194 7.600000 3.926991)
RLR inf 1 (inf inf inf)
LRL inf 1 (inf inf inf)

# 2.356194 2.356194 8.000000
# best = 2 = RSL
LSL 14.28 0 (3.926991 8.000000 2.356194)
LSR 17.88 0 (4.287762 9.307386 4.287762)
RSL 12.17 0 (2.869180 6.432151 2.869180)
RSR 14.28 0 (2.356194 8.000000 3.926991)
RLR inf 1 (inf inf inf)
LRL inf 1 (inf inf inf)

# 2.748894 2.356194 0.400000
# best = 0 = LSL
LSL 6.12 0 (4.769625 0.229570 1.120861)
LSR 12.32 0 (5.497213 0.937865 5.889913)
RSL inf 1 (inf inf inf)
RSR 7.43 0 (3.039649 0.756162 3.636236)
RLR 12.20 0 (5.991057 5.902815 0.304459)
LRL 11.94 0 (1.570608 6.168337 4.205029)

# 2.748894 2.356194 0.800000
# best = 0 = LSL
LSL 6.41 0 (3.961968 0.522650 1.928517)
LSR 12.24 0 (5.175598 1.493795 5.568298)
RSL inf 1 (inf inf inf)
RSR 7.82 0 (2.939344 1.145129 3.736542)
RLR 11.80 0 (5.790592 5.702497 0.304605)
LRL 11.65 0 (0.689338 6.021111 4.939073)

# 2.748894 2.356194 1.200000
# best = 0 = LSL
LSL 6.79 0 (3.776989 0.902011 2.113496)
LSR 12.26 0 (4.944735 1.975666 5.337435)
RSL inf 1 (inf inf inf)
RSR 8.22 0 (2.890147 1.539760 3.785738)
RLR 11.38 0 (5.636597 5.492900 0.249003)
LRL 11.26 0 (0.407937 5.828267 5.027630)

# 2.748894 2.356194 1.600000
# best = 0 = LSL
LSL 7.18 0 (3.702625 1.293864 2.187861)
LSR 12.36 0 (4.768419 2.427980 5.161119)
RSL inf 1 (inf inf inf)
RSR 8.61 0 (2.861064 1.936595 3.814821)
RLR 10.94 0 (5.497267 5.272405 0.167838)
LRL 10.86 0 (0.231642 5.624405 5.000063)

# 2.748894 2.356194 2.000000
# best = 0 = LSL
LSL 7.58 0 (3.662949 1.689540 2.227536)
LSR 12.52 0 (4.629454 2.864772 5.022154)
RSL inf 1 (inf inf inf)
RSR 9.01 0 (2.841884 2.334510 3.834001)
RLR 10.47 0 (5.360288 5.036808 0.069220)
LRL 10.43 0 (0.085281 5.411035 4.933054)

# 2.748894 2.356194 2.400000
# best = 0 = LSL
LSL 7.98 0 (3.638354 2.086865 2.252131)
LSR 12.72 0 (4.517397 3.292226 4.910097)
RSL 10.05 0 (4.915942 0.613812 4.523242)
RSR 9.41 0 (2.828293 2.733034 3.847592)
RLR 16.23 0 (5.217670 4.778753 6.236968)
LRL 16.26 0 (6.231085 5.185462 4.844862)

# 2.748894 2.356194 2.800000
# best = 0 = LSL
LSL 8.38 0 (3.621633 2.485049 2.268852)
LSR 12.96 0 (4.425346 3.713567 4.818046)
RSL 9.91 0 (4.519574 1.258941 4.126874)
RSR 9.81 0 (2.818163 3.131935 3.857722)
RLR 15.64 0 (5.060308 4.484289 6.099867)
LRL 15.78 0 (6.092874 4.942481 4.740092)

# 2.748894 2.356194 3.200000
# best = 0 = LSL
LSL 8.77 0 (3.609533 2.883735 2.280952)
LSR 13.22 0 (4.348529 4.130668 4.741229)
RSL 9.88 0 (4.254796 1.764398 3.862096)
RSR 10.21 0 (2.810323 3.531084 3.865563)
RLR 14.92 0 (4.870187 4.119729 5.925427)
LRL 15.24 0 (5.945977 4.672888 4.617396)

# 2.748894 2.356194 3.600000
# best = 0 = LSL
LSL 9.17 0 (3.600374 3.282741 2.290112)
LSR 13.50 0 (4.283550 4.544694 4.676250)
RSL 9.95 0 (4.056747 2.227391 3.664047)
RSR 10.61 0 (2.804075 3.930406 3.871810)
RLR 13.71 0 (4.561682 3.515213 5.629417)
LRL 14.61 0 (5.779357 4.357967 4.469095)

# 2.748894 2.356194 4.000000
# best = 0 = LSL
LSL 9.57 0 (3.593200 3.681963 2.297286)
LSR 13.80 0 (4.227931 4.956418 4.620631)
RSL 10.08 0 (3.902598 2.670101 3.509898)
RSR 11.01 0 (2.798980 4.329854 3.876906)
RLR inf 1 (inf inf inf)
LRL 13.78 0 (5.565458 3.944517 4.269544)

# 2.748894 2.356194 4.400000
# best = 0 = LSL
LSL 9.97 0 (3.587430 4.081337 2.303056)
LSR 14.12 0 (4.179826 5.366369 4.572526)
RSL 10.27 0 (3.779482 3.101226 3.386782)
RSR 11.41 0 (2.794745 4.729395 3.881140)
RLR inf 1 (inf inf inf)
LRL inf 1 (inf inf inf)

# 2.748894 2.356194 4.800000
# best = 0 = LSL
LSL 10.37 0 (3.582688 4.480823 2.307797)
LSR 14.44 0 (4.137836 5.774924 4.530536)
RSL 10.49 0 (3.679144 3.525021 3.286444)
RSR 11.80 0 (2.791171 5.129007 3.884715)
RLR inf 1 (inf inf inf)
LRL inf 1 (inf inf inf)

# 2.748894 2.356194 5.200000
# best = 2 = RSL
LSL 10.77 0 (3.578723 4.880393 2.311762)
LSR 14.78 0 (4.100886 6.182360 4.493586)
RSL 10.74 0 (3.595977 3.943848 3.203277)
RSR 12.20 0 (2.788113 5.528675 3.887772)
RLR inf 1 (inf inf inf)
LRL inf 1 (inf inf inf)

# 2.748894 2.356194 5.600000
# best = 2 = RSL
LSL 11.17 0 (3.575358 5.280028 2.315127)
LSR 15.12 0 (4.068131 6.588885 4.460831)
RSL 11.02 0 (3.526037 4.359141 3.133337)
RSR 12.60 0 (2.785467 5.928389 3.890418)
RLR inf 1 (inf inf inf)
LRL inf 1 (inf inf inf)

# 2.748894 2.356194 6.000000
# best = 2 = RSL
LSL 11.57 0 (3.572467 5.679714 2.318019)
LSR 15.47 0 (4.038906 6.994658 4.431606)
RSL 11.31 0 (3.466476 4.771821 3.073776)
RSR 13.00 0 (2.783156 6.328138 3.892729)
RLR inf 1 (inf inf inf)
LRL inf 1 (inf inf inf)

# 2.748894 2.356194 6.400000
# best = 2 = RSL
LSL 11.97 0 (3.569956 6.079442 2.320530)
LSR 15.82 0 (4.012676 7.399802 4.405376)
RSL 11.62 0 (3.415194 5.182513 3.022494)
RSR 13.40 0 (2.781120 6.727917 3.894766)
RLR inf 1 (inf inf inf)
LRL inf 1 (inf inf inf)

# 2.748894 2.356194 6.800000
# best = 2 = RSL
LSL 12.37 0 (3.567754 6.479203 2.322731)
LSR 16.18 0 (3.989008 7.804416 4.381708)
RSL 11.94 0 (3.370609 5.591656 2.977909)
RSR 13.80 0 (2.779311 7.127721 3.896574)
RLR inf 1 (inf inf inf)
LRL inf 1 (inf inf inf)

# 2.748894 2.356194 7.200000
# best = 2 = RSL
LSL 12.77 0 (3.565809 6.878992 2.324676)
LSR 16.54 0 (3.967547 8.208577 4.360247)
RSL 12.27 0 (3.331513 5.999565 2.938813)
RSR 14.20 0 (2.777695 7.527546 3.898190)
RLR inf 1 (inf inf inf)
LRL inf 1 (inf inf inf)

# 2.748894 2.356194 7.600000
# best = 2 = RSL
LSL 13.17 0 (3.564077 7.278805 2.326408)
LSR 16.90 0 (3.948003 8.612350 4.340703)
RSL 12.61 0 (3.296966 6.406477 2.904266)
RSR 14.60 0 (2.776242 7.927388 3.899643)
RLR inf 1 (inf inf inf)
LRL inf 1 (inf inf inf)

# 2.748894 2.356194 8.000000
# best = 2 = RSL
LSL 13.57 0 (3.562526 7.678636 2.327960)
LSR 17.27 0 (3.930131 9.015786 4.322831)
RSL 12.95 0 (3.266230 6.812570 2.873530)
RSR 15.00 0 (2.774929 8.327246 3.900957)
RLR inf 1 (inf inf inf)
LRL inf 1 (inf inf inf)

# 3.141593 2.356194 0.400000
# best = 1 = LSR
LSL 12.21 0 (5.521472 0.424384 6.259499)
LSR 5.92 0 (5.522966 0.374029 0.025180)
RSL inf 1 (inf inf inf)
RSR 8.21 0 (3.400225 1.145196 3.668359)
RLR 12.19 0 (6.251456 5.702462 0.236405)
LRL 11.36 0 (2.273584 6.070593 3.011611)

# 3.141593 2.356194 0.800000
# best = 0 = LSL
LSL 5.81 0 (4.405269 0.307271 1.092517)
LSR 12.00 0 (5.061379 1.088845 5.846778)
RSL inf 1 (inf inf inf)
RSR 8.60 0 (3.333542 1.535304 3.735042)
RLR 11.78 0 (6.081198 5.495313 0.199514)
LRL 11.47 0 (1.186783 6.129398 4.157216)

# 3.141593 2.356194 1.200000
# best = 0 = LSL
LSL 6.07 0 (3.677761 0.573350 1.820025)
LSR 11.92 0 (4.768598 1.597269 5.553997)
RSL inf 1 (inf inf inf)
RSR 9.00 0 (3.293982 1.929468 3.774602)
RLR 11.34 0 (5.932220 5.276476 0.129655)
LRL 11.21 0 (0.392336 5.995520 4.817785)

# 3.141593 2.356194 1.600000
# best = 0 = LSL
LSL 6.44 0 (3.458560 0.939704 2.039226)
LSR 11.94 0 (4.549632 2.058386 5.335031)
RSL inf 1 (inf inf inf)
RSR 9.39 0 (3.267870 2.325625 3.800714)
RLR 10.87 0 (5.789007 5.042273 0.038665)
LRL 10.83 0 (0.079825 5.808900 4.943676)

# 3.141593 2.356194 2.000000
# best = 0 = LSL
LSL 6.82 0 (3.364373 1.325654 2.133413)
LSR 12.04 0 (4.379238 2.498527 5.164637)
RSL 10.52 0 (5.269502 0.765366 4.484103)
RSR 9.79 0 (3.249368 2.722906 3.819216)
RLR 16.64 0 (5.642207 4.785677 6.212055)
LRL 16.71 0 (6.168165 5.607583 4.937204)

# 3.141593 2.356194 2.400000
# best = 0 = LSL
LSL 7.22 0 (3.312910 1.718043 2.184876)
LSR 12.20 0 (4.243388 2.927170 5.028787)
RSL 10.38 0 (4.913664 1.334204 4.128265)
RSR 10.19 0 (3.235581 3.120882 3.833003)
RLR 16.05 0 (5.482155 4.493149 6.079578)
LRL 16.29 0 (6.010552 5.395283 4.882518)

# 3.141593 2.356194 2.800000
# best = 0 = LSL
LSL 7.61 0 (3.280636 2.113288 2.217150)
LSR 12.40 0 (4.132977 3.348733 4.918376)
RSL 10.35 0 (4.659654 1.815052 3.874255)
RSR 10.59 0 (3.224914 3.519317 3.843670)
RLR 15.33 0 (5.291004 4.132180 5.909760)
LRL 15.84 0 (5.865606 5.169939 4.802120)

# 3.141593 2.356194 3.200000
# best = 0 = LSL
LSL 8.01 0 (3.258548 2.510040 2.239239)
LSR 12.63 0 (4.041755 3.765594 4.827154)
RSL 10.41 0 (4.465454 2.264670 3.680055)
RSR 10.99 0 (3.216417 3.918070 3.852167)
RLR 14.16 0 (4.989958 3.547082 5.625708)
LRL 15.35 0 (5.721789 4.926483 4.702480)

# 3.141593 2.356194 3.600000
# best = 0 = LSL
LSL 8.41 0 (3.242494 2.907682 2.255292)
LSR 12.90 0 (3.965298 4.179160 4.750697)
RSL 10.54 0 (4.312481 2.698711 3.527082)
RSR 11.39 0 (3.209491 4.317055 3.859093)
RLR inf 1 (inf inf inf)
LRL 14.81 0 (5.570260 4.655532 4.583058)

# 3.141593 2.356194 4.000000
# best = 0 = LSL
LSL 8.80 0 (3.230306 3.305893 2.267480)
LSR 13.18 0 (3.900404 4.590323 4.685803)
RSL 10.72 0 (4.189374 3.123677 3.403975)
RSR 11.78 0 (3.203737 4.716211 3.864848)
RLR inf 1 (inf inf inf)
LRL 14.17 0 (5.399085 4.337557 4.436259)

# 3.141593 2.356194 4.400000
# best = 0 = LSL
LSL 9.20 0 (3.220739 3.704489 2.277047)
LSR 13.47 0 (3.844706 4.999675 4.630105)
RSL 10.93 0 (4.088525 3.542834 3.303126)
RSR 12.18 0 (3.198880 5.115499 3.869704)
RLR inf 1 (inf inf inf)
LRL 13.33 0 (5.178332 3.915185 4.234639)

# 3.141593 2.356194 4.800000
# best = 0 = LSL
LSL 9.60 0 (3.213032 4.103359 2.284754)
LSR 13.79 0 (3.796428 5.407628 4.581827)
RSL 11.18 0 (4.004625 3.958028 3.219226)
RSR 12.58 0 (3.194728 5.514891 3.873857)
RLR inf 1 (inf inf inf)
LRL inf 1 (inf inf inf)

# 3.141593 2.356194 5.200000
# best = 0 = LSL
LSL 10.00 0 (3.206691 4.502429 2.291096)
LSR 14.11 0 (3.754212 5.814475 4.539611)
RSL 11.45 0 (3.933879 4.370389 3.148480)
RSR 12.98 0 (3.191136 5.914364 3.877449)
RLR inf 1 (inf inf inf)
LRL inf 1 (inf inf inf)

# 3.141593 2.356194 5.600000
# best = 0 = LSL
LSL 10.40 0 (3.201382 4.901651 2.296404)
LSR 14.44 0 (3.717005 6.220435 4.502404)
RSL 11.74 0 (3.873510 4.780650 3.088111)
RSR 13.38 0 (3.187998 6.313905 3.880586)
RLR inf 1 (inf inf inf)
LRL inf 1 (inf inf inf)

# 3.141593 2.356194 6.000000
# best = 0 = LSL
LSL 10.80 0 (3.196873 5.300990 2.300913)
LSR 14.78 0 (3.683981 6.625669 4.469380)
RSL 12.05 0 (3.821451 5.189309 3.036052)
RSR 13.78 0 (3.185234 6.713500 3.883350)
RLR inf 1 (inf inf inf)
LRL inf 1 (inf inf inf)

# 3.141593 2.356194 6.400000
# best = 0 = LSL
LSL 11.20 0 (3.192996 5.700422 2.304790)
LSR 15.12 0 (3.654484 7.030304 4.439883)
RSL 12.36 0 (3.776137 5.596717 2.990738)
RSR 14.18 0 (3.182781 7.113140 3.885803)
RLR inf 1 (inf inf inf)
LRL inf 1 (inf inf inf)

# 3.141593 2.356194 6.800000
# best = 0 = LSL
LSL 11.60 0 (3.189627 6.099928 2.308160)
LSR 15.48 0 (3.627985 7.434438 4.413384)
RSL 12.69 0 (3.736363 6.003129 2.950964)
RSR 14.58 0 (3.180589 7.512819 3.887996)
RLR inf 1 (inf inf inf)
LRL inf 1 (inf inf inf)

# 3.141593 2.356194 7.200000
# best = 0 = LSL
LSL 12.00 0 (3.186672 6.499495 2.311115)
LSR 15.83 0 (3.604055 7.838147 4.389454)
RSL 13.03 0 (3.701190 6.408734 2.915791)
RSR 14.98 0 (3.178618 7.912530 3.889966)
RLR inf 1 (inf inf inf)
LRL inf 1 (inf inf inf)

# 3.141593 2.356194 7.600000
# best = 0 = LSL
LSL 12.40 0 (3.184059 6.899113 2.313727)
LSR 16.19 0 (3.582342 8.241495 4.367741)
RSL 13.37 0 (3.669878 6.813677 2.884479)
RSR 15.38 0 (3.176837 8.312269 3.891748)
RLR inf 1 (inf inf inf)
LRL inf 1 (inf inf inf)

# 3.141593 2.356194 8.000000
# best = 0 = LSL
LSL 12.80 0 (3.181732 7.298772 2.316054)
LSR 16.56 0 (3.562555 8.644531 4.347954)
RSL 13.72 0 (3.641832 7.218068 2.856433)
RSR 15.78 0 (3.175219 8.712032 3.893366)
RLR inf 1 (inf inf inf)
LRL inf 1 (inf inf inf)

# -3.141593 2.748894 0.400000
# best = 0 = LSL
LSL 5.97 0 (4.488697 0.078065 1.401790)
LSR 12.20 0 (5.623674 0.560273 6.016372)
RSL inf 1 (inf inf inf)
RSR 7.46 0 (3.238543 0.786376 3.437341)
RLR 12.17 0 (6.182253 5.887420 0.097865)
LRL 12.10 0 (1.327587 6.244150 4.523865)

# -3.141593 2.748894 0.800000
# best = 0 = LSL
LSL 6.31 0 (3.322013 0.424203 2.568474)
LSR 11.94 0 (5.249009 1.048834 5.641708)
RSL inf 1 (inf inf inf)
RSR 7.86 0 (3.205866 1.185130 3.470018)
RLR 11.76 0 (6.046661 5.681589 0.027627)
LRL 11.75 0 (0.074170 6.070684 5.603816)

# -3.141593 2.748894 1.200000
# best = 0 = LSL
LSL 6.71 0 (3.234459 0.820854 2.656028)
LSR 11.79 0 (4.955995 1.485328 5.348693)
RSL 11.39 0 (5.586468 0.607717 5.193770)
RSR 8.26 0 (3.189651 1.584512 3.486233)
RLR 17.61 0 (5.923948 5.468593 6.220529)
LRL 17.63 0 (6.169370 5.869821 5.590938)

# -3.141593 2.748894 1.600000
# best = 0 = LSL
LSL 7.11 0 (3.204043 1.219695 2.686444)
LSR 11.74 0 (4.721432 1.905872 5.114131)
RSL 11.14 0 (5.220915 1.087737 4.828217)
RSR 8.66 0 (3.179966 1.984143 3.495918)
RLR 17.17 0 (5.802531 5.245131 6.118483)
LRL 17.22 0 (6.035777 5.663469 5.518178)

# -3.141593 2.748894 2.000000
# best = 0 = LSL
LSL 7.51 0 (3.188624 1.619108 2.701863)
LSR 11.78 0 (4.532494 2.319158 4.925193)
RSL 11.00 0 (4.933582 1.522178 4.540883)
RSR 9.06 0 (3.173529 2.383898 3.502355)
RLR 16.69 0 (5.676643 5.006228 6.005469)
LRL 16.79 0 (5.913482 5.449716 5.426721)

# -3.141593 2.748894 2.400000
# best = 0 = LSL
LSL 7.91 0 (3.179309 2.018753 2.711178)
LSR 11.88 0 (4.379044 2.728487 4.771742)
RSL 10.96 0 (4.703430 1.941875 4.310731)
RSR 9.46 0 (3.168940 2.783724 3.506943)
RLR 16.16 0 (5.540818 4.743754 5.878820)
LRL 16.34 0 (5.791880 5.225144 5.323750)

# -3.141593 2.748894 2.800000
# best = 0 = LSL
LSL 8.31 0 (3.173072 2.418516 2.717415)
LSR 12.03 0 (4.253107 3.135409 4.645806)
RSL 11.00 0 (4.517932 2.354726 4.125234)
RSR 9.86 0 (3.165505 3.183593 3.510379)
RLR 15.56 0 (5.386608 4.442206 5.731482)
LRL 15.86 0 (5.665365 4.984586 5.209708)

# -3.141593 2.748894 3.200000
# best = 0 = LSL
LSL 8.71 0 (3.168605 2.818345 2.721882)
LSR 12.23 0 (4.148570 3.540753 4.541268)
RSL 11.11 0 (4.367151 2.763799 3.974452)
RSR 10.26 0 (3.162836 3.583491 3.513048)
RLR 14.80 0 (5.194037 4.062402 5.544249)
LRL 15.33 0 (5.528358 4.719505 5.081634)

# -3.141593 2.748894 3.600000
# best = 0 = LSL
LSL 9.11 0 (3.165248 3.218218 2.725239)
LSR 12.46 0 (4.060806 3.945007 4.453504)
RSL 11.26 0 (4.243285 3.170558 3.850586)
RSR 10.66 0 (3.160703 3.983410 3.515181)
RLR 13.32 0 (4.822607 3.323809 5.177085)
LRL 14.72 0 (5.371916 4.413336 4.931907)

# -3.141593 2.748894 4.000000
# best = 0 = LSL
LSL 9.51 0 (3.162633 3.618118 2.727854)
LSR 12.71 0 (3.986321 4.348474 4.379020)
RSL 11.46 0 (4.140364 3.575793 3.747666)
RSR 11.06 0 (3.158959 4.383344 3.516925)
RLR inf 1 (inf inf inf)
LRL 13.94 0 (5.173951 4.022635 4.739171)

# -3.141593 2.748894 4.400000
# best = 0 = LSL
LSL 9.91 0 (3.160539 4.018038 2.729948)
LSR 12.99 0 (3.922466 4.751355 4.315164)
RSL 11.70 0 (4.053874 3.979968 3.661176)
RSR 11.46 0 (3.157507 4.783288 3.518377)
RLR inf 1 (inf inf inf)
LRL inf 1 (inf inf inf)

# -3.141593 2.748894 4.800000
# best = 0 = LSL
LSL 10.31 0 (3.158824 4.417973 2.731663)
LSR 13.28 0 (3.867214 5.153787 4.259912)
RSL 11.95 0 (3.980404 4.383378 3.587706)
RSR 11.86 0 (3.156279 5.183242 3.519605)
RLR inf 1 (inf inf inf)
LRL inf 1 (inf inf inf)

# -3.141593 2.748894 5.200000
# best = 0 = LSL
LSL 10.71 0 (3.157393 4.817919 2.733094)
LSR 13.59 0 (3.819001 5.555868 4.211699)
RSL 12.23 0 (3.917367 4.786215 3.524668)
RSR 12.26 0 (3.155227 5.583202 3.520657)
RLR inf 1 (inf inf inf)
LRL inf 1 (inf inf inf)

# -3.141593 2.748894 5.600000
# best = 0 = LSL
LSL 11.11 0 (3.156182 5.217873 2.734305)
LSR 13.90 0 (3.776604 5.957668 4.169303)
RSL 12.52 0 (3.862780 5.188613 3.470082)
RSR 12.66 0 (3.154315 5.983167 3.521569)
RLR inf 1 (inf inf inf)
LRL inf 1 (inf inf inf)

# -3.141593 2.748894 6.000000
# best = 0 = LSL
LSL 11.51 0 (3.155143 5.617833 2.735344)
LSR 14.23 0 (3.739062 6.359242 4.131760)
RSL 12.83 0 (3.815114 5.590667 3.422416)
RSR 13.06 0 (3.153518 6.383137 3.522366)
RLR inf 1 (inf inf inf)
LRL inf 1 (inf inf inf)

# -3.141593 2.748894 6.400000
# best = 0 = LSL
LSL 11.91 0 (3.154243 6.017799 2.736244)
LSR 14.56 0 (3.705606 6.760629 4.098305)
RSL 13.15 0 (3.773173 5.992446 3.380475)
RSR 13.46 0 (3.152815 6.783110 3.523069)
RLR inf 1 (inf inf inf)
LRL inf 1 (inf inf inf)

# -3.141593 2.748894 6.800000
# best = 0 = LSL
LSL 12.31 0 (3.153454 6.417769 2.737033)
LSR 14.91 0 (3.675619 7.161861 4.068317)
RSL 13.47 0 (3.736013 6.394002 3.343315)
RSR 13.86 0 (3.152190 7.183086 3.523694)
RLR inf 1 (inf inf inf)
LRL inf 1 (inf inf inf)

# -3.141593 2.748894 7.200000
# best = 0 = LSL
LSL 12.71 0 (3.152758 6.817742 2.737729)
LSR 15.25 0 (3.648599 7.562962 4.041297)
RSL 13.81 0 (3.702880 6.795375 3.310182)
RSR 14.26 0 (3.151631 7.583065 3.524253)
RLR inf 1 (inf inf inf)
LRL inf 1 (inf inf inf)

# -3.141593 2.748894 7.600000
# best = 0 = LSL
LSL 13.11 0 (3.152140 7.217719 2.738347)
LSR 15.60 0 (3.624133 7.963953 4.016831)
RSL 14.15 0 (3.673168 7.196594 3.280470)
RSR 14.66 0 (3.151128 7.983046 3.524756)
RLR inf 1 (inf inf inf)
LRL inf 1 (inf inf inf)

# -3.141593 2.748894 8.000000
# best = 0 = LSL
LSL 13.51 0 (3.151586 7.617698 2.738901)
LSR 15.96 0 (3.601882 8.364849 3.994581)
RSL 14.50 0 (3.646384 7.597686 3.253686)
RSR 15.06 0 (3.150673 8.383028 3.525211)
RLR inf 1 (inf inf inf)
LRL inf 1 (inf inf inf)

# -2.748894 2.748894 0.400000
# best = 4 = RLR
LSL 12.15 0 (5.890487 0.365366 5.890487)
LSR inf 1 (inf inf inf)
RSL inf 1 (inf inf inf)
RSR 8.23 0 (3.534291 1.165366 3.534291)
RLR 5.89 0 (0.097070 5.691928 0.097070)
LRL 11.42 0 (2.657425 6.100247 2.657425)

# -2.748894 2.748894 0.800000
# best = 0 = LSL
LSL 5.53 0 (2.748894 0.034634 2.748894)
LSR 11.75 0 (5.365997 0.232841 6.151395)
RSL 11.75 0 (6.151395 0.232841 5.365997)
RSR 8.63 0 (3.534291 1.565366 3.534291)
RLR 18.03 0 (6.273795 5.479007 6.273795)
LRL 18.03 0 (5.881828 6.265868 5.881828)

# -2.748894 2.748894 1.200000
# best = 0 = LSL
LSL 5.93 0 (2.748894 0.434634 2.748894)
LSR 11.47 0 (4.881623 0.924237 5.667020)
RSL 11.47 0 (5.667020 0.924237 4.881623)
RSR 9.03 0 (3.534291 1.965366 3.534291)
RLR 17.58 0 (6.162255 5.255927 6.162255)
LRL 17.63 0 (5.781613 6.065438 5.781613)

# -2.748894 2.748894 1.600000
# best = 0 = LSL
LSL 6.33 0 (2.748894 0.834634 2.748894)
LSR 11.32 0 (4.564402 1.405068 5.349799)
RSL 11.32 0 (5.349799 1.405068 4.564402)
RSR 9.43 0 (3.534291 2.365366 3.534291)
RLR 17.10 0 (6.043163 5.017743 6.043163)
LRL 17.22 0 (5.680284 5.862779 5.680284)

# -2.748894 2.748894 2.000000
# best = 0 = LSL
LSL 6.73 0 (2.748894 1.234634 2.748894)
LSR 11.27 0 (4.319690 1.847759 5.105088)
RSL 11.27 0 (5.105088 1.847759 4.319690)
RSR 9.83 0 (3.534291 2.765366 3.534291)
RLR 16.58 0 (5.912540 4.756497 5.912540)
LRL 16.81 0 (5.576704 5.655621 5.576704)

# -2.748894 2.748894 2.400000
# best = 0 = LSL
LSL 7.13 0 (2.748894 1.634634 2.748894)
LSR 11.31 0 (4.126237 2.274690 4.911634)
RSL 11.31 0 (4.911634 2.274690 4.126237)
RSR 10.23 0 (3.534291 3.165366 3.534291)
RLR 15.98 0 (5.762884 4.457185 5.762884)
LRL 16.38 0 (5.469503 5.441218 5.469503)

# -2.748894 2.748894 2.800000
# best = 0 = LSL
LSL 7.53 0 (2.748894 2.034634 2.748894)
LSR 11.42 0 (3.970933 2.693365 4.756331)
RSL 11.42 0 (4.756331 2.693365 3.970933)
RSR 10.63 0 (3.534291 3.565366 3.534291)
RLR 15.23 0 (5.575588 4.082594 5.575588)
LRL 15.93 0 (5.356861 5.215933 5.356861)

# -2.748894 2.748894 3.200000
# best = 0 = LSL
LSL 7.93 0 (2.748894 2.434634 2.748894)
LSR 11.58 0 (3.844470 3.107123 4.629867)
RSL 11.58 0 (4.629867 3.107123 3.844470)
RSR 11.03 0 (3.534291 3.965366 3.534291)
RLR 13.88 0 (5.236777 3.404971 5.236777)
LRL 15.45 0 (5.236118 4.974448 5.236118)

# -2.748894 2.748894 3.600000
# best = 0 = LSL
LSL 8.33 0 (2.748894 2.834634 2.748894)
LSR 11.78 0 (3.740074 3.517700 4.525472)
RSL 11.78 0 (4.525472 3.517700 3.740074)
RSR 11.43 0 (3.534291 4.365366 3.534291)
RLR inf 1 (inf inf inf)
LRL 14.91 0 (5.102892 4.707995 5.102892)

# -2.748894 2.748894 4.000000
# best = 0 = LSL
LSL 8.73 0 (2.748894 3.234634 2.748894)
LSR 12.02 0 (3.652782 3.926094 4.438179)
RSL 12.02 0 (4.438179 3.926094 3.652782)
RSR 11.83 0 (3.534291 4.765366 3.534291)
RLR inf 1 (inf inf inf)
LRL 14.30 0 (4.948619 4.399449 4.948619)

# -2.748894 2.748894 4.400000
# best = 0 = LSL
LSL 9.13 0 (2.748894 3.634634 2.748894)
LSR 12.28 0 (3.578919 4.332922 4.364317)
RSL 12.28 0 (4.364317 4.332922 3.578919)
RSR 12.23 0 (3.534291 5.165366 3.534291)
RLR inf 1 (inf inf inf)
LRL 13.50 0 (4.750427 4.003066 4.750427)

# -2.748894 2.748894 4.800000
# best = 0 = LSL
LSL 9.53 0 (2.748894 4.034634 2.748894)
LSR 12.56 0 (3.515743 4.738588 4.301140)
RSL 12.56 0 (4.301140 4.738588 3.515743)
RSR 12.63 0 (3.534291 5.565366 3.534291)
RLR inf 1 (inf inf inf)
LRL inf 1 (inf inf inf)

# -2.748894 2.748894 5.200000
# best = 0 = LSL
LSL 9.93 0 (2.748894 4.434634 2.748894)
LSR 12.85 0 (3.461175 5.143366 4.246572)
RSL 12.85 0 (4.246572 5.143366 3.461175)
RSR 13.03 0 (3.534291 5.965366 3.534291)
RLR inf 1 (inf inf inf)
LRL inf 1 (inf inf inf)

# -2.748894 2.748894 5.600000
# best = 0 = LSL
LSL 10.33 0 (2.748894 4.834634 2.748894)
LSR 13.16 0 (3.413624 5.547451 4.199021)
RSL 13.16 0 (4.199021 5.547451 3.413624)
RSR 13.43 0 (3.534291 6.365366 3.534291)
RLR inf 1 (inf inf inf)
LRL inf 1 (inf inf inf)

# -2.748894 2.748894 6.000000
# best = 0 = LSL
LSL 10.73 0 (2.748894 5.234634 2.748894)
LSR 13.48 0 (3.371857 5.950984 4.157254)
RSL 13.48 0 (4.157254 5.950984 3.371857)
RSR 13.83 0 (3.534291 6.765366 3.534291)
RLR inf 1 (inf inf inf)
LRL inf 1 (inf inf inf)

# -2.748894 2.748894 6.400000
# best = 0 = LSL
LSL 11.13 0 (2.748894 5.634634 2.748894)
LSR 13.81 0 (3.334905 6.354071 4.120302)
RSL 13.81 0 (4.120302 6.354071 3.334905)
RSR 14.23 0 (3.534291 7.165366 3.534291)
RLR inf 1 (inf inf inf)
LRL inf 1 (inf inf inf)

# -2.748894 2.748894 6.800000
# best = 0 = LSL
LSL 11.53 0 (2.748894 6.034634 2.748894)
LSR 14.15 0 (3.301999 6.756790 4.087396)
RSL 14.15 0 (4.087396 6.756790 3.301999)
RSR 14.63 0 (3.534291 7.565366 3.534291)
RLR inf 1 (inf inf inf)
LRL inf 1 (inf inf inf)

# -2.748894 2.748894 7.200000
# best = 0 = LSL
LSL 11.93 0 (2.748894 6.434634 2.748894)
LSR 14.49 0 (3.272522 7.159205 4.057919)
RSL 14.49 0 (4.057919 7.159205 3.272522)
RSR 15.03 0 (3.534291 7.965366 3.534291)
RLR inf 1 (inf inf inf)
LRL inf 1 (inf inf inf)

# -2.748894 2.748894 7.600000
# best = 0 = LSL
LSL 12.33 0 (2.748894 6.834634 2.748894)
LSR 14.84 0 (3.245974 7.561363 4.031371)
RSL 14.84 0 (4.031371 7.561363 3.245974)
RSR 15.43 0 (3.534291 8.365366 3.534291)
RLR inf 1 (inf inf inf)
LRL inf 1 (inf inf inf)

# -2.748894 2.748894 8.000000
# best = 0 = LSL
LSL 12.73 0 (2.748894 7.234634 2.748894)
LSR 15.19 0 (3.221946 7.963304 4.007343)
RSL 15.19 0 (4.007343 7.963304 3.221946)
RSR 15.83 0 (3.534291 8.765366 3.534291)
RLR inf 1 (inf inf inf)
LRL inf 1 (inf inf inf)

# -2.356194 2.748894 0.400000
# best = 4 = RLR
LSL 12.11 0 (5.802274 0.723050 5.585999)
LSR inf 1 (inf inf inf)
RSL inf 1 (inf inf inf)
RSR 8.97 0 (3.782499 1.505478 3.678783)
RLR 5.92 0 (0.255032 5.511436 0.151316)
LRL 10.66 0 (2.478920 5.919662 2.262645)

# -2.356194 2.748894 0.800000
# best = 4 = RLR
LSL 11.75 0 (6.140029 0.361896 5.248244)
LSR inf 1 (inf inf inf)
RSL inf 1 (inf inf inf)
RSR 9.36 0 (3.812783 1.902182 3.648500)
RLR 5.48 0 (0.175606 5.292017 0.011323)
LRL 11.03 0 (2.907839 6.101989 2.016054)

# -2.356194 2.748894 1.200000
# best = 0 = LSL
LSL 5.35 0 (1.255751 0.243181 3.849337)
LSR inf 1 (inf inf inf)
RSL 11.53 0 (5.856518 0.991960 4.678420)
RSR 9.76 0 (3.832603 2.300028 3.628679)
RLR 11.29 0 (0.078398 5.057960 6.157659)
LRL 11.14 0 (4.336511 6.161520 0.646912)

# -2.356194 2.748894 1.600000
# best = 0 = LSL
LSL 5.66 0 (1.954433 0.554351 3.150655)
LSR 10.86 0 (4.572254 0.535919 5.750351)
RSL 11.45 0 (5.545485 1.537376 4.367388)
RSR 10.16 0 (3.846574 2.698511 3.614709)
RLR 17.07 0 (6.247706 4.802265 6.015841)
LRL 17.12 0 (4.956990 6.005115 6.153213)

# -2.356194 2.748894 2.000000
# best = 0 = LSL
LSL 6.04 0 (2.122392 0.935667 2.982696)
LSR 10.70 0 (4.154277 1.211474 5.332374)
RSL 11.48 0 (5.320327 2.015704 4.142230)
RSR 10.56 0 (3.856948 3.097385 3.604334)
RLR 16.48 0 (6.112860 4.511823 5.860246)
LRL 16.73 0 (5.027880 5.810977 5.888184)

# -2.356194 2.748894 2.400000
# best = 0 = LSL
LSL 6.43 0 (2.192230 1.328021 2.912858)
LSR 10.66 0 (3.881929 1.722826 5.060027)
RSL 11.58 0 (5.147792 2.466293 3.969695)
RSR 10.96 0 (3.864955 3.496516 3.596328)
RLR 15.77 0 (5.942908 4.155906 5.674281)
LRL 16.32 0 (4.995394 5.606328 5.716022)

# -2.356194 2.748894 2.800000
# best = 0 = LSL
LSL 6.83 0 (2.230114 1.723893 2.874974)
LSR 10.72 0 (3.679225 2.188285 4.857323)
RSL 11.75 0 (5.011505 2.902093 3.833408)
RSR 11.36 0 (3.871320 3.895826 3.589963)
RLR 14.66 0 (5.670841 3.599041 5.389483)
LRL 15.89 0 (4.926135 5.392043 5.570996)

# -2.356194 2.748894 3.200000
# best = 0 = LSL
LSL 7.23 0 (2.253827 2.121315 2.851261)
LSR 10.85 0 (3.521873 2.632309 4.699970)
RSL 11.95 0 (4.901416 3.328916 3.723319)
RSR 11.76 0 (3.876502 4.295264 3.584781)
RLR inf 1 (inf inf inf)
LRL 15.44 0 (4.836432 5.165209 5.433865)

# -2.356194 2.748894 3.600000
# best = 0 = LSL
LSL 7.62 0 (2.270051 2.519552 2.835037)
LSR 11.04 0 (3.396445 3.064231 4.574542)
RSL 12.19 0 (4.810848 3.749829 3.632751)
RSR 12.16 0 (3.880802 4.694797 3.580481)
RLR inf 1 (inf inf inf)
LRL 14.95 0 (4.730235 4.920367 5.295220)

# -2.356194 2.748894 4.000000
# best = 0 = LSL
LSL 8.02 0 (2.281844 2.918272 2.823244)
LSR 11.26 0 (3.294386 3.488549 4.472483)
RSL 12.46 0 (4.735175 4.166624 3.557078)
RSR 12.56 0 (3.884427 5.094404 3.576855)
RLR inf 1 (inf inf inf)
LRL 14.40 0 (4.605747 4.647805 5.147146)

# -2.356194 2.748894 4.400000
# best = 0 = LSL
LSL 8.42 0 (2.290801 3.317300 2.814287)
LSR 11.51 0 (3.209907 3.907740 4.388004)
RSL 12.74 0 (4.671094 4.580426 3.492997)
RSR 12.96 0 (3.887525 5.494068 3.573757)
RLR inf 1 (inf inf inf)
LRL 13.76 0 (4.454495 4.327388 4.977981)

# -2.356194 2.748894 4.800000
# best = 0 = LSL
LSL 8.82 0 (2.297834 3.716537 2.807254)
LSR 11.78 0 (3.138947 4.323297 4.317044)
RSL 13.05 0 (4.616191 4.991977 3.438094)
RSR 13.36 0 (3.890203 5.893778 3.571080)
RLR inf 1 (inf inf inf)
LRL 12.90 0 (4.247362 3.899056 4.756782)

# -2.356194 2.748894 5.200000
# best = 0 = LSL
LSL 9.22 0 (2.303503 4.115922 2.801585)
LSR 12.07 0 (3.078580 4.736175 4.256677)
RSL 13.36 0 (4.568665 5.401794 3.390568)
RSR 13.75 0 (3.892541 6.293525 3.568742)
RLR inf 1 (inf inf inf)
LRL inf 1 (inf inf inf)

# -2.356194 2.748894 5.600000
# best = 0 = LSL
LSL 9.62 0 (2.308168 4.515416 2.796920)
LSR 12.38 0 (3.026649 5.147020 4.204747)
RSL 13.69 0 (4.527151 5.810242 3.349054)
RSR 14.15 0 (3.894599 6.693301 3.566684)
RLR inf 1 (inf inf inf)
LRL inf 1 (inf inf inf)

# -2.356194 2.748894 6.000000
# best = 0 = LSL
LSL 10.02 0 (2.312075 4.914992 2.793013)
LSR 12.70 0 (2.981537 5.556283 4.159634)
RSL 14.02 0 (4.490594 6.217592 3.312497)
RSR 14.55 0 (3.896425 7.093103 3.564857)
RLR inf 1 (inf inf inf)
LRL inf 1 (inf inf inf)

# -2.356194 2.748894 6.400000
# best = 0 = LSL
LSL 10.42 0 (2.315395 5.314633 2.789693)
LSR 13.03 0 (2.942006 5.964289 4.120103)
RSL 14.36 0 (4.458169 6.624047 3.280072)
RSR 14.95 0 (3.898057 7.492926 3.563226)
RLR inf 1 (inf inf inf)
LRL inf 1 (inf inf inf)

# -2.356194 2.748894 6.800000
# best = 0 = LSL
LSL 10.82 0 (2.318250 5.714323 2.786838)
LSR 13.36 0 (2.907097 6.371279 4.085194)
RSL 14.71 0 (4.429223 7.029761 3.251126)
RSR 15.35 0 (3.899523 7.892768 3.561760)
RLR inf 1 (inf inf inf)
LRL inf 1 (inf inf inf)

# -2.356194 2.748894 7.200000
# best = 0 = LSL
LSL 11.22 0 (2.320732 6.114054 2.784356)
LSR 13.71 0 (2.876056 6.777438 4.054153)
RSL 15.06 0 (4.403231 7.434855 3.225133)
RSR 15.75 0 (3.900848 8.292624 3.560435)
RLR inf 1 (inf inf inf)
LRL inf 1 (inf inf inf)

# -2.356194 2.748894 7.600000
# best = 0 = LSL
LSL 11.62 0 (2.322909 6.513818 2.782179)
LSR 14.06 0 (2.848281 7.182905 4.026379)
RSL 15.42 0 (4.379767 7.839427 3.201669)
RSR 16.15 0 (3.902051 8.692494 3.559232)
RLR inf 1 (inf inf inf)
LRL inf 1 (inf inf inf)

# -2.356194 2.748894 8.000000
# best = 0 = LSL
LSL 12.02 0 (2.324834 6.913609 2.780254)
LSR 14.41 0 (2.823290 7.587792 4.001387)
RSL 15.78 0 (4.358483 8.243552 3.180386)
RSR 16.55 0 (3.903148 9.092375 3.558135)
RLR inf 1 (inf inf inf)
LRL inf 1 (inf inf inf)

# -1.963495 2.748894 0.400000
# best = 4 = RLR
LSL 12.05 0 (5.643281 1.055817 5.352293)
LSR inf 1 (inf inf inf)
RSL inf 1 (inf inf inf)
RSR 9.64 0 (4.012596 1.790321 3.841386)
RLR 6.00 0 (0.406946 5.355070 0.235735)
LRL 9.93 0 (2.234569 5.748946 1.943581)

# -1.963495 2.748894 0.800000
# best = 4 = RLR
LSL 11.74 0 (5.923529 0.741282 5.072045)
LSR inf 1 (inf inf inf)
RSL inf 1 (inf inf inf)
RSR 10.03 0 (4.068219 2.174971 3.785763)
RLR 5.55 0 (0.351736 5.133404 0.069280)
LRL 10.25 0 (2.595538 5.910389 1.744055)

# -1.963495 2.748894 1.200000
# best = 0 = LSL
LSL 5.26 0 (0.198284 0.551588 4.514105)
LSR inf 1 (inf inf inf)
RSL 11.55 0 (6.128313 0.859577 4.557517)
RSR 10.42 0 (4.107043 2.564323 3.746939)
RLR 11.35 0 (0.269545 4.891374 6.192626)
LRL 10.44 0 (3.201538 6.006510 1.234175)

# -1.963495 2.748894 1.600000
# best = 0 = LSL
LSL 5.33 0 (0.889534 0.615629 3.822855)
LSR inf 1 (inf inf inf)
RSL 11.52 0 (5.790446 1.513879 4.219650)
RSR 10.81 0 (4.135600 2.956518 3.718381)
RLR 10.81 0 (0.162230 4.619631 6.028197)
LRL 10.38 0 (3.876606 5.974142 0.526741)

# -1.963495 2.748894 2.000000
# best = 0 = LSL
LSL 5.59 0 (1.300786 0.879630 3.411603)
LSR inf 1 (inf inf inf)
RSL 11.61 0 (5.569902 2.040781 3.999106)
RSR 11.20 0 (4.157455 3.350560 3.696526)
RLR 10.17 0 (0.022915 4.297289 5.845171)
LRL 10.11 0 (4.220659 5.839746 0.048291)

# -1.963495 2.748894 2.400000
# best = 0 = LSL
LSL 5.93 0 (1.503896 1.220041 3.208493)
LSR 9.95 0 (3.652575 1.078080 5.223371)
RSL 11.77 0 (5.408310 2.521457 3.837514)
RSR 11.60 0 (4.174704 3.745865 3.679277)
RLR 15.57 0 (6.103881 3.858353 5.608454)
LRL 16.04 0 (4.335539 5.663287 6.040137)

# -1.963495 2.748894 2.800000
# best = 0 = LSL
LSL 6.30 0 (1.615831 1.588474 3.096558)
LSR 9.97 0 (3.361186 1.676096 4.931983)
RSL 11.98 0 (5.283801 2.978372 3.713005)
RSR 12.00 0 (4.188657 4.142071 3.665324)
RLR inf 1 (inf inf inf)
LRL 15.65 0 (4.349049 5.466435 5.829776)

# -1.963495 2.748894 3.200000
# best = 0 = LSL
LSL 6.68 0 (1.685091 1.969263 3.027298)
LSR 10.08 0 (3.161358 2.185484 4.732154)
RSL 12.22 0 (5.184714 3.421061 3.613918)
RSR 12.39 0 (4.200172 4.538943 3.653810)
RLR inf 1 (inf inf inf)
LRL 15.22 0 (4.311935 5.253689 5.654143)

# -1.963495 2.748894 3.600000
# best = 0 = LSL
LSL 7.07 0 (1.731758 2.356427 2.980631)
LSR 10.25 0 (3.012302 2.657703 4.583098)
RSL 12.49 0 (5.103949 3.854428 3.533153)
RSR 12.79 0 (4.209834 4.936320 3.644148)
RLR inf 1 (inf inf inf)
LRL 14.76 0 (4.243398 5.023279 5.492271)

# -1.963495 2.748894 4.000000
# best = 0 = LSL
LSL 7.46 0 (1.765204 2.747271 2.947185)
LSR 10.47 0 (2.896214 3.109731 4.467010)
RSL 12.78 0 (5.036859 4.281305 3.466063)
RSR 13.19 0 (4.218055 5.334089 3.635926)
RLR inf 1 (inf inf inf)
LRL 14.25 0 (4.149695 4.768982 5.331676)

# -1.963495 2.748894 4.400000
# best = 0 = LSL
LSL 7.85 0 (1.790298 3.140422 2.922091)
LSR 10.73 0 (2.803115 3.549291 4.373911)
RSL 13.09 0 (4.980252 4.703459 3.409456)
RSR 13.59 0 (4.225136 5.732168 3.628846)
RLR inf 1 (inf inf inf)
LRL 13.67 0 (4.029024 4.477453 5.160817)

# -1.963495 2.748894 4.800000
# best = 0 = LSL
LSL 8.25 0 (1.809799 3.535109 2.902590)
LSR 11.00 0 (2.726774 3.980517 4.297570)
RSL 13.41 0 (4.931861 5.122059 3.361065)
RSR 13.98 0 (4.231296 6.130498 3.622686)
RLR inf 1 (inf inf inf)
LRL 12.94 0 (3.867517 4.115436 4.960309)

# -1.963495 2.748894 5.200000
# best = 0 = LSL
LSL 8.64 0 (1.825378 3.930871 2.887011)
LSR 11.30 0 (2.663048 4.405855 4.233844)
RSL 13.75 0 (4.890027 5.537910 3.319230)
RSR 14.38 0 (4.236704 6.529031 3.617277)
RLR inf 1 (inf inf inf)
LRL 11.74 0 (3.582358 3.513961 4.643992)

# -1.963495 2.748894 5.600000
# best = 0 = LSL
LSL 9.04 0 (1.838104 4.327412 2.874285)
LSR 11.62 0 (2.609060 4.826862 4.179857)
RSL 14.09 0 (4.853507 5.951588 3.282711)
RSR 14.78 0 (4.241490 6.927734 3.612491)
RLR inf 1 (inf inf inf)
LRL inf 1 (inf inf inf)

# -1.963495 2.748894 6.000000
# best = 0 = LSL
LSL 9.44 0 (1.848693 4.724537 2.863696)
LSR 11.94 0 (2.562748 5.244582 4.133544)
RSL 14.44 0 (4.821356 6.363518 3.250559)
RSR 15.18 0 (4.245755 7.326579 3.608226)
RLR inf 1 (inf inf inf)
LRL inf 1 (inf inf inf)

# -1.963495 2.748894 6.400000
# best = 0 = LSL
LSL 9.83 0 (1.857638 5.122109 2.854751)
LSR 12.28 0 (2.522590 5.659742 4.093386)
RSL 14.79 0 (4.792836 6.774018 3.222039)
RSR 15.58 0 (4.249580 7.725542 3.604402)
RLR inf 1 (inf inf inf)
LRL inf 1 (inf inf inf)

# -1.963495 2.748894 6.800000
# best = 0 = LSL
LSL 10.23 0 (1.865295 5.520031 2.847094)
LSR 12.62 0 (2.487442 6.072868 4.058238)
RSL 15.15 0 (4.767368 7.183333 3.196572)
RSR 15.98 0 (4.253029 8.124608 3.600953)
RLR inf 1 (inf inf inf)
LRL inf 1 (inf inf inf)

# -1.963495 2.748894 7.200000
# best = 0 = LSL
LSL 10.63 0 (1.871921 5.918234 2.840468)
LSR 12.97 0 (2.456427 6.484348 4.027223)
RSL 15.51 0 (4.744489 7.591655 3.173693)
RSR 16.38 0 (4.256155 8.523761 3.597827)
RLR inf 1 (inf inf inf)
LRL inf 1 (inf inf inf)

# -1.963495 2.748894 7.600000
# best = 0 = LSL
LSL 11.03 0 (1.877712 6.316664 2.834677)
LSR 13.32 0 (2.428858 6.894477 3.999655)
RSL 15.88 0 (4.723825 7.999137 3.153029)
RSR 16.78 0 (4.259001 8.922990 3.594980)
RLR inf 1 (inf inf inf)
LRL inf 1 (inf inf inf)

# -1.963495 2.748894 8.000000
# best = 0 = LSL
LSL 11.43 0 (1.882816 6.715281 2.829573)
LSR 13.68 0 (2.404195 7.303482 3.974992)
RSL 16.25 0 (4.705070 8.405900 3.134274)
RSR 17.18 0 (4.261604 9.322285 3.592378)
RLR inf 1 (inf inf inf)
LRL inf 1 (inf inf inf)

# -1.570796 2.748894 0.400000
# best = 4 = RLR
LSL 11.95 0 (5.466954 1.348785 5.135921)
LSR inf 1 (inf inf inf)
RSL inf 1 (inf inf inf)
RSR 10.25 0 (4.234247 2.007863 4.012434)
RLR 6.14 0 (0.566784 5.231445 0.344971)
LRL 9.23 0 (1.981424 5.595311 1.650391)

# -1.570796 2.748894 0.800000
# best = 4 = RLR
LSL 11.70 0 (5.720504 1.092279 4.882372)
LSR inf 1 (inf inf inf)
RSL inf 1 (inf inf inf)
RSR 10.62 0 (4.311979 2.370160 3.934702)
RLR 5.71 0 (0.536178 5.014768 0.158901)
LRL 9.50 0 (2.302328 5.730020 1.464196)

# -1.570796 2.748894 1.200000
# best = 2 = RSL
LSL 11.54 0 (6.087969 0.941768 4.514907)
LSR inf 1 (inf inf inf)
RSL 5.27 0 (0.275232 0.395214 4.594922)
RSR 10.99 0 (4.368853 2.742956 3.877828)
RLR 11.51 0 (0.471642 4.771948 6.263802)
LRL 9.65 0 (2.708703 5.807839 1.135641)

# -1.570796 2.748894 1.600000
# best = 0 = LSL
LSL 5.27 0 (0.231022 0.949095 4.088668)
LSR inf 1 (inf inf inf)
RSL 11.55 0 (6.090978 1.330431 4.127483)
RSR 11.37 0 (4.412014 3.122491 3.834667)
RLR 10.95 0 (0.374759 4.491862 6.080598)
LRL 9.64 0 (3.133056 5.804068 0.707517)

# -1.570796 2.748894 2.000000
# best = 0 = LSL
LSL 5.43 0 (0.589048 1.111141 3.730642)
LSR inf 1 (inf inf inf)
RSL 11.67 0 (5.856343 1.924552 3.892848)
RSR 11.75 0 (4.445771 3.506579 3.800909)
RLR 10.25 0 (0.235335 4.145498 5.873658)
LRL 9.48 0 (3.449153 5.720210 0.307561)

# -1.570796 2.748894 2.400000
# best = 0 = LSL
LSL 5.69 0 (0.833494 1.374223 3.486196)
LSR 9.20 0 (3.531209 0.177516 5.494704)
RSL 11.87 0 (5.695968 2.440851 3.732473)
RSR 12.14 0 (4.472840 3.893873 3.773841)
RLR 15.45 0 (6.274504 3.603328 5.575505)
LRL 15.48 0 (3.624387 5.581784 6.277088)

# -1.570796 2.748894 2.800000
# best = 0 = LSL
LSL 6.01 0 (0.993120 1.691846 3.326570)
LSR 9.19 0 (2.975578 1.271872 4.939073)
RSL 12.11 0 (5.576828 2.920892 3.613333)
RSR 12.53 0 (4.494998 4.283502 3.751683)
RLR inf 1 (inf inf inf)
LRL 15.14 0 (3.698002 5.409763 6.031451)

# -1.570796 2.748894 3.200000
# best = 0 = LSL
LSL 6.36 0 (1.100470 2.038675 3.219220)
LSR 9.30 0 (2.731398 1.877180 4.694893)
RSL 12.38 0 (5.484132 3.380157 3.520637)
RSR 12.92 0 (4.513453 4.674884 3.733227)
RLR inf 1 (inf inf inf)
LRL 14.75 0 (3.707263 5.213586 5.826013)

# -1.570796 2.748894 3.600000
# best = 0 = LSL
LSL 6.72 0 (1.176006 2.402093 3.143684)
LSR 9.49 0 (2.566339 2.397906 4.529835)
RSL 12.68 0 (5.409709 3.826136 3.446214)
RSR 13.31 0 (4.529053 5.067611 3.717627)
RLR inf 1 (inf inf inf)
LRL 14.31 0 (3.673443 4.994875 5.641122)

# -1.570796 2.748894 4.000000
# best = 0 = LSL
LSL 7.10 0 (1.231462 2.775590 3.088228)
LSR 9.73 0 (2.444354 2.880295 4.407849)
RSL 13.00 0 (5.348539 4.263000 3.385043)
RSR 13.71 0 (4.542406 5.461395 3.704274)
RLR inf 1 (inf inf inf)
LRL 13.82 0 (3.606167 4.749410 5.462933)

# -1.570796 2.748894 4.400000
# best = 0 = LSL
LSL 7.48 0 (1.273668 3.155591 3.046022)
LSR 10.00 0 (2.349753 3.340994 4.313248)
RSL 13.32 0 (5.297323 4.693295 3.333828)
RSR 14.10 0 (4.553962 5.856021 3.692719)
RLR inf 1 (inf inf inf)
LRL 13.25 0 (3.506247 4.465159 5.278602)

# -1.570796 2.748894 4.800000
# best = 0 = LSL
LSL 7.86 0 (1.306756 3.540001 3.012934)
LSR 10.30 0 (2.273978 3.787927 4.237473)
RSL 13.66 0 (5.253792 5.118679 3.290297)
RSR 14.50 0 (4.564057 6.251330 3.682624)
RLR inf 1 (inf inf inf)
LRL 12.54 0 (3.361854 4.110196 5.068032)

# -1.570796 2.748894 5.200000
# best = 0 = LSL
LSL 8.25 0 (1.333339 3.927526 2.986351)
LSR 10.61 0 (2.211809 4.225463 4.175305)
RSL 14.01 0 (5.216323 5.540282 3.252828)
RSR 14.89 0 (4.572950 6.647200 3.673731)
RLR inf 1 (inf inf inf)
LRL 11.37 0 (3.094783 3.522889 4.747796)

# -1.570796 2.748894 5.600000
# best = 0 = LSL
LSL 8.64 0 (1.355135 4.317327 2.964555)
LSR 10.94 0 (2.159833 4.656252 4.123329)
RSL 14.36 0 (5.183725 5.958908 3.220230)
RSR 15.29 0 (4.580843 7.043537 3.665837)
RLR inf 1 (inf inf inf)
LRL inf 1 (inf inf inf)

# -1.570796 2.748894 6.000000
# best = 0 = LSL
LSL 9.03 0 (1.373314 4.708840 2.946376)
LSR 11.28 0 (2.115708 5.082010 4.079204)
RSL 14.72 0 (5.155103 6.375142 3.191607)
RSR 15.69 0 (4.587895 7.440266 3.658786)
RLR inf 1 (inf inf inf)
LRL inf 1 (inf inf inf)

# -1.570796 2.748894 6.400000
# best = 0 = LSL
LSL 9.42 0 (1.388698 5.101669 2.930992)
LSR 11.62 0 (2.077767 5.503906 4.041262)
RSL 15.09 0 (5.129767 6.789425 3.166271)
RSR 16.08 0 (4.594233 7.837328 3.652448)
RLR inf 1 (inf inf inf)
LRL inf 1 (inf inf inf)

# -1.570796 2.748894 6.800000
# best = 0 = LSL
LSL 9.82 0 (1.401879 5.495532 2.917811)
LSR 11.98 0 (2.044786 5.922763 4.008282)
RSL 15.45 0 (5.107180 7.202093 3.143685)
RSR 16.48 0 (4.599959 8.234674 3.646722)
RLR inf 1 (inf inf inf)
LRL inf 1 (inf inf inf)

# -1.570796 2.748894 7.200000
# best = 0 = LSL
LSL 10.21 0 (1.413296 5.890223 2.906394)
LSR 12.33 0 (2.015849 6.339185 3.979344)
RSL 15.82 0 (5.086918 7.613409 3.123422)
RSR 16.88 0 (4.605158 8.632265 3.641523)
RLR inf 1 (inf inf inf)
LRL inf 1 (inf inf inf)

# -1.570796 2.748894 7.600000
# best = 0 = LSL
LSL 10.61 0 (1.423278 6.285585 2.896412)
LSR 12.70 0 (1.990251 6.753622 3.953747)
RSL 16.20 0 (5.068637 8.023581 3.105142)
RSR 17.28 0 (4.609898 9.030069 3.636782)
RLR inf 1 (inf inf inf)
LRL inf 1 (inf inf inf)

# -1.570796 2.748894 8.000000
# best = 0 = LSL
LSL 11.00 0 (1.432077 6.681500 2.887613)
LSR 13.06 0 (1.967445 7.166419 3.930940)
RSL 16.57 0 (5.052061 8.432776 3.088565)
RSR 17.67 0 (4.614239 9.428059 3.632441)
RLR inf 1 (inf inf inf)
LRL inf 1 (inf inf inf)

# -1.178097 2.748894 0.400000
# best = 4 = RLR
LSL 11.80 0 (5.283898 1.590271 4.926279)
LSR inf 1 (inf inf inf)
RSL inf 1 (inf inf inf)
RSR 10.79 0 (4.451671 2.149294 4.187709)
RLR 6.37 0 (0.742818 5.148665 0.478856)
LRL 8.57 0 (1.733440 5.465456 1.375821)

# -1.178097 2.748894 0.800000
# best = 4 = RLR
LSL 11.61 0 (5.520623 1.401326 4.689554)
LSR inf 1 (inf inf inf)
RSL inf 1 (inf inf inf)
RSR 11.12 0 (4.549923 2.478853 4.089457)
RLR 5.97 0 (0.739953 4.946431 0.279487)
LRL 8.78 0 (2.021105 5.567336 1.190036)

# -1.178097 2.748894 1.200000
# best = 4 = RLR
LSL 11.52 0 (5.809107 1.310902 4.401070)
LSR inf 1 (inf inf inf)
RSL inf 1 (inf inf inf)
RSR 11.47 0 (4.624580 2.826652 4.014800)
RLR 5.50 0 (0.698217 4.713644 0.088436)
LRL 8.87 0 (2.333619 5.615395 0.925582)

# -1.178097 2.748894 1.600000
# best = 2 = RSL
LSL 11.55 0 (6.111408 1.339109 4.098769)
LSR inf 1 (inf inf inf)
RSL 5.27 0 (0.202214 0.936811 4.129205)
RSR 11.83 0 (4.682632 3.186725 3.956748)
RLR 11.24 0 (0.619255 4.439617 6.176556)
LRL 8.84 0 (2.628446 5.600448 0.615807)

# -1.178097 2.748894 2.000000
# best = 0 = LSL
LSL 5.41 0 (0.095232 1.479177 3.831759)
LSR inf 1 (inf inf inf)
RSL 11.69 0 (6.193400 1.658485 3.837205)
RSR 12.19 0 (4.728776 3.555343 3.910603)
RLR 10.54 0 (0.492386 4.093589 5.957398)
LRL 8.70 0 (2.858037 5.525610 0.311379)

# -1.178097 2.748894 2.400000
# best = 0 = LSL
LSL 5.63 0 (0.304129 1.703735 3.622862)
LSR inf 1 (inf inf inf)
RSL 11.91 0 (6.019609 2.223405 3.663414)
RSR 12.57 0 (4.766188 3.930103 3.873192)
RLR 9.39 0 (0.241017 3.516028 5.631206)
LRL 8.45 0 (3.005728 5.403198 0.041276)

# -1.178097 2.748894 2.800000
# best = 0 = LSL
LSL 5.91 0 (0.459341 1.984304 3.467650)
LSR 8.44 0 (2.450598 1.181138 4.806793)
RSL 12.17 0 (5.897828 2.730657 3.541634)
RSR 12.95 0 (4.797051 4.309404 3.842329)
RLR inf 1 (inf inf inf)
LRL 14.42 0 (3.081860 5.245038 6.090169)

# -1.178097 2.748894 3.200000
# best = 0 = LSL
LSL 6.23 0 (0.574081 2.300481 3.352910)
LSR 8.61 0 (2.207676 1.833611 4.563870)
RSL 12.46 0 (5.806268 3.207716 3.450073)
RSR 13.33 0 (4.822900 4.692144 3.816479)
RLR inf 1 (inf inf inf)
LRL 14.04 0 (3.102923 5.057683 5.881751)

# -1.178097 2.748894 3.600000
# best = 0 = LSL
LSL 6.57 0 (0.660258 2.639501 3.266733)
LSR 8.84 0 (2.052735 2.376799 4.408929)
RSL 12.78 0 (5.734416 3.666388 3.378222)
RSR 13.72 0 (4.844839 5.077545 3.794541)
RLR inf 1 (inf inf inf)
LRL 13.61 0 (3.081198 4.841880 5.687673)

# -1.178097 2.748894 4.000000
# best = 0 = LSL
LSL 6.92 0 (0.726447 2.993612 3.200544)
LSR 9.11 0 (1.941377 2.873363 4.297571)
RSL 13.11 0 (5.676318 4.112828 3.320124)
RSR 14.10 0 (4.863674 5.465045 3.775706)
RLR inf 1 (inf inf inf)
LRL 13.11 0 (3.022389 4.591883 5.496485)

# -1.178097 2.748894 4.400000
# best = 0 = LSL
LSL 7.29 0 (0.778459 3.358045 3.148532)
LSR 9.41 0 (1.856431 3.344138 4.212625)
RSL 13.45 0 (5.628268 4.550639 3.272073)
RSR 14.49 0 (4.880010 5.854226 3.759370)
RLR inf 1 (inf inf inf)
LRL 12.51 0 (2.923669 4.290420 5.293741)

# -1.178097 2.748894 4.800000
# best = 0 = LSL
LSL 7.66 0 (0.820199 3.729774 3.106792)
LSR 9.73 0 (1.789113 3.798724 4.145307)
RSL 13.80 0 (5.587814 4.982095 3.231619)
RSR 14.88 0 (4.894306 6.244775 3.745074)
RLR inf 1 (inf inf inf)
LRL 11.69 0 (2.760674 3.880950 5.047267)

# -1.178097 2.748894 5.200000
# best = 0 = LSL
LSL 8.03 0 (0.854325 4.106819 3.072666)
LSR 10.07 0 (1.734284 4.242328 4.090478)
RSL 14.16 0 (5.553257 5.408718 3.197062)
RSR 15.28 0 (4.906917 6.636450 3.732463)
RLR inf 1 (inf inf inf)
LRL inf 1 (inf inf inf)

# -1.178097 2.748894 5.600000
# best = 0 = LSL
LSL 8.41 0 (0.882685 4.487841 3.044306)
LSR 10.41 0 (1.688681 4.678075 4.044875)
RSL 14.52 0 (5.523377 5.831568 3.167183)
RSR 15.67 0 (4.918121 7.029062 3.721259)
RLR inf 1 (inf inf inf)
LRL inf 1 (inf inf inf)

# -1.178097 2.748894 6.000000
# best = 0 = LSL
LSL 8.80 0 (0.906590 4.871906 3.020401)
LSR 10.76 0 (1.650112 5.107977 4.006306)
RSL 14.89 0 (5.497274 6.251411 3.141080)
RSR 16.06 0 (4.928138 7.422463 3.711242)
RLR inf 1 (inf inf inf)
LRL inf 1 (inf inf inf)

# -1.178097 2.748894 6.400000
# best = 0 = LSL
LSL 9.19 0 (0.926992 5.258347 2.999999)
LSR 11.12 0 (1.617040 5.533396 3.973234)
RSL 15.26 0 (5.474268 6.668816 3.118073)
RSR 16.46 0 (4.937146 7.816535 3.702233)
RLR inf 1 (inf inf inf)
LRL inf 1 (inf inf inf)

# -1.178097 2.748894 6.800000
# best = 0 = LSL
LSL 9.57 0 (0.944595 5.646677 2.982396)
LSR 11.49 0 (1.588353 5.955293 3.944547)
RSL 15.64 0 (5.453832 7.084212 3.097638)
RSR 16.85 0 (4.945289 8.211179 3.694091)
RLR inf 1 (inf inf inf)
LRL inf 1 (inf inf inf)

# -1.178097 2.748894 7.200000
# best = 0 = LSL
LSL 9.96 0 (0.959928 6.036532 2.967063)
LSR 11.86 0 (1.563223 6.374367 3.919418)
RSL 16.01 0 (5.435557 7.497934 3.079363)
RSR 17.25 0 (4.952685 8.606318 3.686695)
RLR inf 1 (inf inf inf)
LRL inf 1 (inf inf inf)

# -1.178097 2.748894 7.600000
# best = 0 = LSL
LSL 10.35 0 (0.973398 6.427633 2.953593)
LSR 12.23 0 (1.541021 6.791141 3.897216)
RSL 16.39 0 (5.419114 7.910245 3.062919)
RSR 17.64 0 (4.959431 9.001887 3.679949)
RLR inf 1 (inf inf inf)
LRL inf 1 (inf inf inf)

# -1.178097 2.748894 8.000000
# best = 0 = LSL
LSL 10.75 0 (0.985320 6.819766 2.941671)
LSR 12.60 0 (1.521260 7.206014 3.877454)
RSL 16.77 0 (5.404238 8.321354 3.048044)
RSR 18.04 0 (4.965608 9.397830 3.673771)
RLR inf 1 (inf inf inf)
LRL inf 1 (inf inf inf)

# -0.785398 2.748894 0.400000
# best = 4 = RLR
LSL 11.59 0 (5.097673 1.770855 4.719805)
LSR inf 1 (inf inf inf)
RSL inf 1 (inf inf inf)
RSR 11.24 0 (4.667176 2.208980 4.364903)
RLR 6.69 0 (0.940529 5.113076 0.638256)
LRL 7.98 0 (1.497457 5.365940 1.119589)

# -0.785398 2.748894 0.800000
# best = 4 = RLR
LSL 11.47 0 (5.321945 1.656531 4.495533)
LSR inf 1 (inf inf inf)
RSL inf 1 (inf inf inf)
RSR 11.53 0 (4.785765 2.496282 4.246314)
RLR 6.34 0 (0.970231 4.935303 0.430780)
LRL 8.11 0 (1.753362 5.429206 0.926950)

# -0.785398 2.748894 1.200000
# best = 4 = RLR
LSL 11.45 0 (5.565257 1.634706 4.252220)
LSR inf 1 (inf inf inf)
RSL inf 1 (inf inf inf)
RSR 11.84 0 (4.878863 2.811273 4.153216)
RLR 5.91 0 (0.957919 4.724483 0.232272)
LRL 8.13 0 (2.002661 5.441178 0.689624)

# -0.785398 2.748894 1.600000
# best = 4 = RLR
LSL 11.53 0 (5.800966 1.708927 4.016511)
LSR inf 1 (inf inf inf)
RSL inf 1 (inf inf inf)
RSR 12.18 0 (4.952703 3.145646 4.079376)
RLR 5.41 0 (0.906133 4.473230 0.032805)
LRL 8.05 0 (2.217945 5.400328 0.433490)

# -0.785398 2.748894 2.000000
# best = 2 = RSL
LSL 11.69 0 (6.006807 1.867779 3.810670)
LSR inf 1 (inf inf inf)
RSL 5.41 0 (0.336451 1.204133 3.870743)
RSR 12.53 0 (5.012098 3.493840 4.019980)
RLR 11.07 0 (0.808242 4.158658 6.099309)
LRL 7.87 0 (2.379382 5.311520 0.183244)

# -0.785398 2.748894 2.400000
# best = 2 = RSL
LSL 11.91 0 (6.174551 2.092073 3.642926)
LSR 7.69 0 (2.170716 0.595825 4.919610)
RSL 5.63 0 (0.114942 1.862653 3.649234)
RSR 12.88 0 (5.060591 3.852110 3.971487)
RLR 10.12 0 (0.620976 3.687139 5.815057)
LRL 13.90 0 (2.482570 5.182409 6.234130)

# -0.785398 2.748894 2.800000
# best = 0 = LSL
LSL 5.90 0 (0.023707 2.363247 3.510585)
LSR 7.84 0 (1.808100 1.474947 4.556994)
RSL 12.18 0 (6.259712 2.410190 3.510819)
RSR 13.25 0 (5.100755 4.217888 3.931324)
RLR inf 1 (inf inf inf)
LRL 13.57 0 (2.533235 5.019056 6.020113)

# -0.785398 2.748894 3.200000
# best = 0 = LSL
LSL 6.20 0 (0.127400 2.667040 3.406892)
LSR 8.08 0 (1.627038 2.077482 4.375931)
RSL 12.48 0 (6.161345 2.910078 3.412452)
RSR 13.62 0 (5.134464 4.589380 3.897615)
RLR inf 1 (inf inf inf)
LRL 13.18 0 (2.539139 4.823479 5.818632)

# -0.785398 2.748894 3.600000
# best = 0 = LSL
LSL 6.53 0 (0.209205 2.993539 3.325087)
LSR 8.37 0 (1.506591 2.603150 4.255484)
RSL 12.81 0 (6.086820 3.383503 3.337927)
RSR 14.00 0 (5.163097 4.965304 3.868982)
RLR inf 1 (inf inf inf)
LRL 12.72 0 (2.505174 4.591939 5.621057)

# -0.785398 2.748894 4.000000
# best = 0 = LSL
LSL 6.87 0 (0.274578 3.336082 3.259714)
LSR 8.68 0 (1.418536 3.091416 4.167430)
RSL 13.15 0 (6.028020 3.840264 3.279126)
RSR 14.38 0 (5.187683 5.344724 3.844396)
RLR inf 1 (inf inf inf)
LRL 12.16 0 (2.429816 4.310475 5.414952)

# -0.785398 2.748894 4.400000
# best = 0 = LSL
LSL 7.22 0 (0.327596 3.690205 3.206696)
LSR 9.01 0 (1.350667 3.557712 4.099560)
RSL 13.50 0 (5.980268 4.285694 3.231374)
RSR 14.76 0 (5.208998 5.726946 3.823080)
RLR inf 1 (inf inf inf)
LRL 11.40 0 (2.294549 3.933905 5.173648)

# -0.785398 2.748894 4.800000
# best = 0 = LSL
LSL 7.59 0 (0.371231 4.052873 3.163061)
LSR 9.35 0 (1.296473 4.009710 4.045367)
RSL 13.86 0 (5.940629 4.722998 3.191736)
RSR 15.14 0 (5.227639 6.111443 3.804439)
RLR inf 1 (inf inf inf)
LRL inf 1 (inf inf inf)

# -0.785398 2.748894 5.200000
# best = 0 = LSL
LSL 7.96 0 (0.407642 4.421984 3.126650)
LSR 9.70 0 (1.252068 4.451768 4.000961)
RSL 14.22 0 (5.907151 5.154246 3.158258)
RSR 15.53 0 (5.244068 6.497813 3.788010)
RLR inf 1 (inf inf inf)
LRL inf 1 (inf inf inf)

# -0.785398 2.748894 5.600000
# best = 0 = LSL
LSL 8.33 0 (0.438408 4.796052 3.095884)
LSR 10.07 0 (1.214949 4.886583 3.963842)
RSL 14.59 0 (5.878472 5.580841 3.129578)
RSR 15.92 0 (5.258650 6.885739 3.773428)
RLR inf 1 (inf inf inf)
LRL inf 1 (inf inf inf)

# -0.785398 2.748894 6.000000
# best = 0 = LSL
LSL 8.71 0 (0.464702 5.174001 3.069590)
LSR 10.43 0 (1.183420 5.315934 3.932313)
RSL 14.96 0 (5.853611 6.003776 3.104718)
RSR 16.31 0 (5.271674 7.274973 3.760405)
RLR inf 1 (inf inf inf)
LRL inf 1 (inf inf inf)

# -0.785398 2.748894 6.400000
# best = 0 = LSL
LSL 9.09 0 (0.487402 5.555038 3.046890)
LSR 10.80 0 (1.156283 5.741047 3.905176)
RSL 15.34 0 (5.831844 6.423773 3.082950)
RSR 16.70 0 (5.283373 7.665316 3.748705)
RLR inf 1 (inf inf inf)
LRL inf 1 (inf inf inf)

# -0.785398 2.748894 6.800000
# best = 0 = LSL
LSL 9.47 0 (0.507180 5.938570 3.027112)
LSR 11.18 0 (1.132666 6.162798 3.881559)
RSL 15.72 0 (5.812618 6.841374 3.063725)
RSR 17.09 0 (5.293938 8.056606 3.738141)
RLR inf 1 (inf inf inf)
LRL inf 1 (inf inf inf)

# -0.785398 2.748894 7.200000
# best = 0 = LSL
LSL 9.86 0 (0.524552 6.324143 3.009740)
LSR 11.55 0 (1.111916 6.581834 3.860809)
RSL 16.10 0 (5.795509 7.256993 3.046616)
RSR 17.48 0 (5.303522 8.448712 3.728556)
RLR inf 1 (inf inf inf)
LRL inf 1 (inf inf inf)

# -0.785398 2.748894 7.600000
# best = 0 = LSL
LSL 10.25 0 (0.539923 6.711405 2.994369)
LSR 11.93 0 (1.093535 6.998643 3.842428)
RSL 16.48 0 (5.780181 7.670950 3.031288)
RSR 17.87 0 (5.312256 8.841525 3.719823)
RLR inf 1 (inf inf inf)
LRL inf 1 (inf inf inf)

# -0.785398 2.748894 8.000000
# best = 0 = LSL
LSL 10.63 0 (0.553614 7.100079 2.980678)
LSR 12.32 0 (1.077134 7.413600 3.826027)
RSL 16.87 0 (5.766369 8.083503 3.017475)
RSR 18.27 0 (5.320246 9.234955 3.711833)
RLR inf 1 (inf inf inf)
LRL inf 1 (inf inf inf)

# -0.392699 2.748894 0.400000
# best = 4 = RLR
LSL 11.31 0 (4.909871 1.883536 4.514907)
LSR inf 1 (inf inf inf)
RSL inf 1 (inf inf inf)
RSR 11.61 0 (4.882372 2.184558 4.542406)
RLR 7.11 0 (1.163030 5.127688 0.823064)
LRL 7.46 0 (1.277986 5.302600 0.883022)

# -0.392699 2.748894 0.800000
# best = 4 = RLR
LSL 11.27 0 (5.123829 1.848084 4.300949)
LSR inf 1 (inf inf inf)
RSL inf 1 (inf inf inf)
RSR 11.85 0 (5.022539 2.421691 4.402239)
RLR 6.82 0 (1.230649 4.982592 0.610349)
LRL 7.50 0 (1.501964 5.322640 0.679084)

# -0.392699 2.748894 1.200000
# best = 4 = RLR
LSL 11.32 0 (5.336110 1.898189 4.088668)
LSR inf 1 (inf inf inf)
RSL inf 1 (inf inf inf)
RSR 12.12 0 (5.135921 2.697569 4.288857)
RLR 6.46 0 (1.254187 4.802903 0.407123)
LRL 7.45 0 (1.700068 5.294286 0.452626)

# -0.392699 2.748894 1.600000
# best = 4 = RLR
LSL 11.45 0 (5.529355 2.027518 3.895423)
LSR inf 1 (inf inf inf)
RSL inf 1 (inf inf inf)
RSR 12.43 0 (5.227331 3.001528 4.197446)
RLR 6.03 0 (1.237099 4.585905 0.207214)
LRL 7.30 0 (1.856202 5.220064 0.222270)

# -0.392699 2.748894 2.000000
# best = 2 = RSL
LSL 11.65 0 (5.694137 2.222281 3.730642)
LSR inf 1 (inf inf inf)
RSL 5.50 0 (1.177532 0.001131 4.319125)
RSR 12.75 0 (5.301438 3.325878 4.123340)
RLR 11.78 0 (1.178097 4.319690 6.283185)
LRL 7.07 0 (1.963495 5.105088 0.000000)

# -0.392699 2.748894 2.400000
# best = 2 = RSL
LSL 11.89 0 (5.829361 2.467031 3.595417)
LSR 7.22 0 (1.377810 1.326649 4.519402)
RSL 5.65 0 (0.592412 1.326650 3.734005)
RSR 13.09 0 (5.362107 3.665209 4.062671)
RLR 11.07 0 (1.061766 3.965690 6.045516)
LRL 13.05 0 (2.023152 4.953951 6.072392)

# -0.392699 2.748894 2.800000
# best = 2 = RSL
LSL 12.17 0 (5.938583 2.748445 3.486195)
LSR 7.48 0 (1.188302 1.959591 4.329894)
RSL 5.91 0 (0.402904 1.959592 3.544497)
RSR 13.44 0 (5.412344 4.015726 4.012434)
RLR inf 1 (inf inf inf)
LRL 12.68 0 (2.039485 4.768174 5.870283)

# -0.392699 2.748894 3.200000
# best = 2 = RSL
LSL 12.48 0 (6.026681 3.056412 3.398097)
LSR 7.78 0 (1.067831 2.497999 4.209423)
RSL 6.20 0 (0.282432 2.498000 3.424025)
RSR 13.80 0 (5.454428 4.374739 3.970350)
RLR inf 1 (inf inf inf)
LRL 12.23 0 (2.015439 4.543886 5.670040)

# -0.392699 2.748894 3.600000
# best = 2 = RSL
LSL 12.81 0 (6.098209 3.383691 3.326569)
LSR 8.10 0 (0.981730 2.993326 4.123322)
RSL 6.53 0 (0.196332 2.993326 3.337925)
RSR 14.17 0 (5.490076 4.740320 3.934702)
RLR inf 1 (inf inf inf)
LRL 11.67 0 (1.948323 4.266600 5.459869)

# -0.392699 2.748894 4.000000
# best = 2 = RSL
LSL 13.15 0 (6.156879 3.725194 3.267900)
LSR 8.44 0 (0.916298 3.464101 4.057890)
RSL 6.87 0 (0.130900 3.464102 3.272493)
RSR 14.54 0 (5.520587 5.111060 3.904191)
RLR inf 1 (inf inf inf)
LRL 10.92 0 (1.817325 3.887262 5.211531)

# -0.392699 2.748894 4.400000
# best = 2 = RSL
LSL 13.50 0 (6.205559 4.077349 3.219220)
LSR 8.79 0 (0.864561 3.919183 4.006153)
RSL 7.22 0 (0.079163 3.919184 3.220756)
RSR 14.91 0 (5.546950 5.485911 3.877828)
RLR inf 1 (inf inf inf)
LRL inf 1 (inf inf inf)

# -0.392699 2.748894 4.800000
# best = 2 = RSL
LSL 13.86 0 (6.246419 4.437621 3.178360)
LSR 9.15 0 (0.822474 4.363484 3.964067)
RSL 7.58 0 (0.037076 4.363485 3.178669)
RSR 15.29 0 (5.569927 5.864087 3.854851)
RLR inf 1 (inf inf inf)
LRL inf 1 (inf inf inf)

# -0.392699 2.748894 5.200000
# best = 2 = RSL
LSL 14.23 0 (6.281094 4.804185 3.143684)
LSR 9.52 0 (0.787490 4.800000 3.929082)
RSL 7.95 0 (0.002092 4.800000 3.143685)
RSR 15.67 0 (5.590111 6.244983 3.834667)
RLR inf 1 (inf inf inf)
LRL inf 1 (inf inf inf)

# -0.392699 2.748894 5.600000
# best = 0 = LSL
LSL 8.32 0 (0.027638 5.175703 3.113955)
LSR 9.89 0 (0.757906 5.230678 3.899499)
RSL 14.60 0 (6.255694 5.230679 3.114101)
RSR 16.05 0 (5.607968 6.628130 3.816810)
RLR inf 1 (inf inf inf)
LRL inf 1 (inf inf inf)

# -0.392699 2.748894 6.000000
# best = 0 = LSL
LSL 8.69 0 (0.053365 5.551180 3.088228)
LSR 10.26 0 (0.732536 5.656854 3.874128)
RSL 14.98 0 (6.230323 5.656855 3.088731)
RSR 16.44 0 (5.623868 7.013159 3.800909)
RLR inf 1 (inf inf inf)
LRL inf 1 (inf inf inf)

# -0.392699 2.748894 6.400000
# best = 0 = LSL
LSL 9.07 0 (0.075820 5.929866 3.065773)
LSR 10.64 0 (0.710523 6.079473 3.852115)
RSL 15.35 0 (6.208310 6.079474 3.066718)
RSR 16.82 0 (5.638111 7.399776 3.786667)
RLR inf 1 (inf inf inf)
LRL inf 1 (inf inf inf)

# -0.392699 2.748894 6.800000
# best = 0 = LSL
LSL 9.45 0 (0.095571 6.311182 3.046022)
LSR 11.02 0 (0.691231 6.499230 3.832824)
RSL 15.74 0 (6.189019 6.499231 3.047426)
RSR 17.21 0 (5.650937 7.787746 3.773841)
RLR inf 1 (inf inf inf)
LRL inf 1 (inf inf inf)

# -0.392699 2.748894 7.200000
# best = 0 = LSL
LSL 9.84 0 (0.113065 6.694679 3.028528)
LSR 11.41 0 (0.674179 6.916646 3.815771)
RSL 16.12 0 (6.171966 6.916647 3.030374)
RSR 17.60 0 (5.662544 8.176874 3.762234)
RLR inf 1 (inf inf inf)
LRL inf 1 (inf inf inf)

# -0.392699 2.748894 7.600000
# best = 0 = LSL
LSL 10.22 0 (0.128659 7.080002 3.012934)
LSR 11.79 0 (0.658993 7.332121 3.800585)
RSL 16.50 0 (6.156780 7.332121 3.015188)
RSR 17.99 0 (5.673095 8.567005 3.751683)
RLR inf 1 (inf inf inf)
LRL inf 1 (inf inf inf)

# -0.392699 2.748894 8.000000
# best = 0 = LSL
LSL 10.61 0 (0.142640 7.466869 2.998953)
LSR 12.18 0 (0.645379 7.745966 3.786972)
RSL 16.89 0 (6.143167 7.745967 3.001574)
RSR 18.38 0 (5.682726 8.958005 3.742052)
RLR inf 1 (inf inf inf)
LRL inf 1 (inf inf inf)

# 0.000000 2.748894 0.400000
# best = 5 = LRL
LSL 10.96 0 (4.721390 1.923958 4.310690)
LSR inf 1 (inf inf inf)
RSL inf 1 (inf inf inf)
RSR 11.89 0 (5.098765 2.076994 4.718711)
RLR 7.63 0 (1.411201 5.191242 1.031147)
LRL 7.02 0 (1.078014 5.279620 0.667314)

# 0.000000 2.748894 0.800000
# best = 5 = LRL
LSL 11.00 0 (4.925994 1.968620 4.106085)
LSR inf 1 (inf inf inf)
RSL inf 1 (inf inf inf)
RSR 12.08 0 (5.263575 2.258330 4.553901)
RLR 7.42 0 (1.522055 5.083331 0.812382)
LRL 6.97 0 (1.269838 5.254058 0.449929)

# 0.000000 2.748894 1.200000
# best = 5 = LRL
LSL 11.12 0 (5.114113 2.090292 3.917966)
LSR inf 1 (inf inf inf)
RSL inf 1 (inf inf inf)
RSR 12.31 0 (5.400790 2.491224 4.416686)
RLR 7.13 0 (1.586873 4.938537 0.602770)
LRL 6.83 0 (1.422655 5.183453 0.226507)

# 0.000000 2.748894 1.600000
# best = 5 = LRL
LSL 11.31 0 (5.276535 2.276658 3.755544)
LSR inf 1 (inf inf inf)
RSL inf 1 (inf inf inf)
RSR 12.58 0 (5.512838 2.762670 4.304638)
RLR 6.77 0 (1.608834 4.758362 0.400634)
LRL 6.61 0 (1.529453 5.072206 0.008462)

# 0.000000 2.748894 2.000000
# best = 4 = RLR
LSL 11.55 0 (5.411432 2.513370 3.620647)
LSR 6.76 0 (0.963436 1.297294 4.497728)
RSL inf 1 (inf inf inf)
RSR 12.88 0 (5.603923 3.062432 4.213554)
RLR 6.33 0 (1.590344 4.539213 0.199975)
LRL 12.60 0 (1.590419 4.924344 6.082819)

# 0.000000 2.748894 2.400000
# best = 2 = RSL
LSL 11.82 0 (5.521491 2.787630 3.510589)
LSR 7.02 0 (0.774241 1.936264 4.308532)
RSL 5.82 0 (1.396672 0.274521 4.145566)
RSR 13.20 0 (5.678271 3.382992 4.139206)
RLR 12.07 0 (1.528713 4.267254 6.272833)
LRL 12.23 0 (1.608822 4.741033 5.881105)

# 0.000000 2.748894 2.800000
# best = 2 = RSL
LSL 12.12 0 (5.610965 3.089455 3.421114)
LSR 7.32 0 (0.655352 2.476947 4.189643)
RSL 5.99 0 (0.942189 1.359859 3.691083)
RSR 13.54 0 (5.739476 3.718976 4.078001)
RLR 11.33 0 (1.404166 3.895751 6.025877)
LRL 11.79 0 (1.586818 4.518077 5.680152)

# 0.000000 2.748894 3.200000
# best = 2 = RSL
LSL 12.44 0 (5.684044 3.411537 3.348035)
LSR 7.65 0 (0.570869 2.973451 4.105160)
RSL 6.26 0 (0.761970 1.985716 3.510864)
RSR 13.88 0 (5.790382 4.066563 4.027094)
RLR inf 1 (inf inf inf)
LRL 11.23 0 (1.520966 4.240215 5.468143)

# 0.000000 2.748894 3.600000
# best = 2 = RSL
LSL 12.78 0 (5.744255 3.748659 3.287824)
LSR 7.99 0 (0.506894 3.444932 4.041186)
RSL 6.56 0 (0.646952 2.521294 3.395846)
RSR 14.24 0 (5.833180 4.423017 3.984296)
RLR inf 1 (inf inf inf)
LRL 10.46 0 (1.388250 3.854360 5.215004)

# 0.000000 2.748894 4.000000
# best = 2 = RSL
LSL 13.13 0 (5.794381 4.097108 3.237698)
LSR 8.35 0 (0.456435 3.900475 3.990727)
RSL 6.89 0 (0.564649 3.015091 3.313543)
RSR 14.60 0 (5.869539 4.786358 3.947937)
RLR inf 1 (inf inf inf)
LRL inf 1 (inf inf inf)

# 0.000000 2.748894 4.400000
# best = 2 = RSL
LSL 13.49 0 (5.836562 4.454228 3.195517)
LSR 8.71 0 (0.415463 4.345095 3.949754)
RSL 7.24 0 (0.502063 3.484915 3.250957)
RSR 14.97 0 (5.900733 5.155130 3.916744)
RLR inf 1 (inf inf inf)
LRL inf 1 (inf inf inf)

# 0.000000 2.748894 4.800000
# best = 2 = RSL
LSL 13.85 0 (5.872428 4.818091 3.159651)
LSR 9.08 0 (0.381452 4.781840 3.915744)
RSL 7.59 0 (0.452556 3.939351 3.201450)
RSR 15.35 0 (5.927739 5.528247 3.889738)
RLR inf 1 (inf inf inf)
LRL inf 1 (inf inf inf)

# 0.000000 2.748894 5.200000
# best = 2 = RSL
LSL 14.22 0 (5.903224 5.187278 3.128855)
LSR 9.45 0 (0.352724 5.212691 3.887015)
RSL 7.96 0 (0.412271 4.383188 3.161165)
RSR 15.72 0 (5.951315 5.904885 3.866161)
RLR inf 1 (inf inf inf)
LRL inf 1 (inf inf inf)

# 0.000000 2.748894 5.600000
# best = 2 = RSL
LSL 14.59 0 (5.929906 5.560729 3.102173)
LSR 9.83 0 (0.328109 5.638997 3.862400)
RSL 8.33 0 (0.378775 4.819356 3.127669)
RSR 16.10 0 (5.972055 6.284410 3.845422)
RLR inf 1 (inf inf inf)
LRL inf 1 (inf inf inf)

# 0.000000 2.748894 6.000000
# best = 2 = RSL
LSL 14.97 0 (5.953216 5.937640 3.078864)
LSR 10.21 0 (0.306767 6.061719 3.841059)
RSL 8.70 0 (0.350444 5.249766 3.099338)
RSR 16.48 0 (5.990425 6.666330 3.827052)
RLR inf 1 (inf inf inf)
LRL inf 1 (inf inf inf)

# 0.000000 2.748894 6.400000
# best = 2 = RSL
LSL 15.35 0 (5.973733 6.317390 3.058346)
LSR 10.59 0 (0.288076 6.481557 3.822368)
RSL 9.08 0 (0.326142 5.675729 3.075036)
RSR 16.87 0 (6.006799 7.050255 3.810678)
RLR inf 1 (inf inf inf)
LRL inf 1 (inf inf inf)

# 0.000000 2.748894 6.800000
# best = 2 = RSL
LSL 15.73 0 (5.991917 6.699498 3.040163)
LSR 10.98 0 (0.271564 6.899038 3.805855)
RSL 9.46 0 (0.305052 6.098176 3.053946)
RSR 17.25 0 (6.021479 7.435876 3.795998)
RLR inf 1 (inf inf inf)
LRL inf 1 (inf inf inf)

# 0.000000 2.748894 7.200000
# best = 2 = RSL
LSL 16.12 0 (6.008133 7.083581 3.023946)
LSR 11.36 0 (0.256865 7.314566 3.791156)
RSL 9.84 0 (0.286566 6.517791 3.035460)
RSR 17.64 0 (6.034708 7.822940 3.782768)
RLR inf 1 (inf inf inf)
LRL inf 1 (inf inf inf)

# 0.000000 2.748894 7.600000
# best = 2 = RSL
LSL 16.50 0 (6.022678 7.469336 3.009401)
LSR 11.75 0 (0.243693 7.728455 3.777985)
RSL 10.22 0 (0.270224 6.935089 3.019118)
RSR 18.03 0 (6.046689 8.211245 3.770788)
RLR inf 1 (inf inf inf)
LRL inf 1 (inf inf inf)

# 0.000000 2.748894 8.000000
# best = 2 = RSL
LSL 16.89 0 (6.035793 7.856515 2.996287)
LSR 12.14 0 (0.231820 8.140956 3.766111)
RSL 10.61 0 (0.255668 7.350463 3.004562)
RSR 18.42 0 (6.057586 8.600621 3.759891)
RLR inf 1 (inf inf inf)
LRL inf 1 (inf inf inf)

# 0.392699 2.748894 0.400000
# best = 5 = LRL
LSL 10.53 0 (4.532879 1.890559 4.106501)
LSR inf 1 (inf inf inf)
RSL inf 1 (inf inf inf)
RSR 12.10 0 (5.318277 1.890559 4.891899)
RLR 8.24 0 (1.684400 5.298618 1.258022)
LRL 6.67 0 (0.899002 5.298617 0.472625)

# 0.392699 2.748894 0.800000
# best = 5 = LRL
LSL 10.65 0 (4.728281 2.013508 3.911099)
LSR inf 1 (inf inf inf)
RSL inf 1 (inf inf inf)
RSR 12.22 0 (5.513679 2.013508 4.696497)
RLR 8.10 0 (1.844583 5.228180 1.027402)
LRL 6.53 0 (1.059186 5.228180 0.242004)

# 0.392699 2.748894 1.200000
# best = 5 = LRL
LSL 10.84 0 (4.895668 2.203228 3.743712)
LSR inf 1 (inf inf inf)
RSL inf 1 (inf inf inf)
RSR 12.41 0 (5.681066 2.203228 4.529110)
RLR 7.88 0 (1.956142 5.116524 0.804186)
LRL 6.31 0 (1.170745 5.116523 0.018789)

# 0.392699 2.748894 1.600000
# best = 1 = LSR
LSL 11.08 0 (5.033351 2.444221 3.606030)
LSR 6.42 0 (0.614867 1.262917 4.541858)
RSL inf 1 (inf inf inf)
RSR 12.65 0 (5.818748 2.444220 4.391427)
RLR 7.58 0 (2.019763 4.968400 0.592442)
LRL 12.29 0 (1.234365 4.968399 6.090229)

# 0.392699 2.748894 2.000000
# best = 1 = LSR
LSL 11.36 0 (5.144634 2.722906 3.494747)
LSR 6.67 0 (0.415771 1.909778 4.342761)
RSL inf 1 (inf inf inf)
RSR 12.93 0 (5.930032 2.722905 4.280144)
RLR 7.22 0 (2.039685 4.785678 0.389798)
LRL 11.93 0 (1.254287 4.785678 5.887585)

# 0.392699 2.748894 2.400000
# best = 4 = RLR
LSL 11.67 0 (5.234371 3.028897 3.405010)
LSR 6.96 0 (0.291224 2.453476 4.218214)
RSL inf 1 (inf inf inf)
RSR 13.24 0 (6.019768 3.028896 4.190407)
RLR 6.77 0 (2.019123 4.565080 0.189762)
LRL 11.49 0 (1.233725 4.565080 5.687550)

# 0.392699 2.748894 2.800000
# best = 2 = RSL
LSL 11.99 0 (5.307173 3.354730 3.332207)
LSR 7.28 0 (0.202837 2.951582 4.129827)
RSL 6.29 0 (1.778722 0.373810 4.134917)
RSR 13.56 0 (6.092571 3.354730 4.117604)
RLR 12.51 0 (1.956119 4.293466 6.264338)
LRL 10.94 0 (1.170721 4.293466 5.478940)

# 0.392699 2.748894 3.200000
# best = 2 = RSL
LSL 12.33 0 (5.366832 3.695161 3.272549)
LSR 7.62 0 (0.135950 3.424052 4.062940)
RSL 6.46 0 (1.356699 1.388323 3.712894)
RSR 13.91 0 (6.152230 3.695161 4.057946)
RLR 11.78 0 (1.832773 3.927458 6.021675)
LRL 10.21 0 (1.047375 3.927457 5.236277)

# 0.392699 2.748894 3.600000
# best = 2 = RSL
LSL 12.69 0 (5.416282 4.046507 3.223098)
LSR 7.97 0 (0.083216 3.880261 4.010206)
RSL 6.72 0 (1.175910 2.008768 3.532105)
RSR 14.26 0 (6.201680 4.046506 4.008496)
RLR inf 1 (inf inf inf)
LRL inf 1 (inf inf inf)

# 0.392699 2.748894 4.000000
# best = 2 = RSL
LSL 13.05 0 (5.457748 4.406157 3.181633)
LSR 8.33 0 (0.040410 4.325357 3.967400)
RSL 7.02 0 (1.059287 2.542215 3.415482)
RSR 14.62 0 (6.243146 4.406156 3.967030)
RLR inf 1 (inf inf inf)
LRL inf 1 (inf inf inf)

# 0.392699 2.748894 4.400000
# best = 2 = RSL
LSL 13.41 0 (5.492905 4.772234 3.146475)
LSR 8.70 0 (0.004888 4.762458 3.931878)
RSL 7.34 0 (0.975377 3.034891 3.331572)
RSR 14.98 0 (6.278303 4.772233 3.931873)
RLR inf 1 (inf inf inf)
LRL inf 1 (inf inf inf)

# 0.392699 2.748894 4.800000
# best = 2 = RSL
LSL 13.78 0 (5.523021 5.143366 3.116359)
LSR 15.35 0 (6.258074 5.193583 3.901879)
RSL 7.68 0 (0.911349 3.504036 3.267544)
RSR 9.07 0 (0.025234 5.143366 3.901756)
RLR inf 1 (inf inf inf)
LRL inf 1 (inf inf inf)

# 0.392699 2.748894 5.200000
# best = 2 = RSL
LSL 14.16 0 (5.549064 5.518534 3.090317)
LSR 15.73 0 (6.232377 5.620106 3.876182)
RSL 8.04 0 (0.860579 3.958027 3.216774)
RSR 9.45 0 (0.051276 5.518533 3.875714)
RLR inf 1 (inf inf inf)
LRL inf 1 (inf inf inf)

# 0.392699 2.748894 5.600000
# best = 2 = RSL
LSL 14.54 0 (5.571778 5.896967 3.067603)
LSR 16.11 0 (6.210100 6.043003 3.853905)
RSL 8.40 0 (0.819193 4.401555 3.175388)
RSR 9.82 0 (0.073990 5.896966 3.853000)
RLR inf 1 (inf inf inf)
LRL inf 1 (inf inf inf)

# 0.392699 2.748894 6.000000
# best = 2 = RSL
LSL 14.92 0 (5.591743 6.278074 3.047637)
LSR 16.49 0 (6.190594 6.462986 3.834399)
RSL 8.76 0 (0.784735 4.837498 3.140930)
RSR 10.21 0 (0.093956 6.278074 3.833035)
RLR inf 1 (inf inf inf)
LRL inf 1 (inf inf inf)

# 0.392699 2.748894 6.400000
# best = 2 = RSL
LSL 15.30 0 (5.609417 6.661398 3.029963)
LSR 16.87 0 (6.173364 6.880587 3.817169)
RSL 9.14 0 (0.755557 5.267741 3.111752)
RSR 10.59 0 (0.111630 6.661397 3.815361)
RLR inf 1 (inf inf inf)
LRL inf 1 (inf inf inf)

# 0.392699 2.748894 6.800000
# best = 2 = RSL
LSL 15.69 0 (5.625163 7.046575 3.014217)
LSR 17.26 0 (6.158029 7.296216 3.801834)
RSL 9.51 0 (0.730508 5.693576 3.086703)
RSR 10.97 0 (0.127376 7.046574 3.799614)
RLR inf 1 (inf inf inf)
LRL inf 1 (inf inf inf)

# 0.392699 2.748894 7.200000
# best = 2 = RSL
LSL 16.07 0 (5.639274 7.433318 3.000106)
LSR 17.64 0 (6.144289 7.710192 3.788094)
RSL 9.89 0 (0.708753 6.115923 3.064948)
RSR 11.36 0 (0.141487 7.433318 3.785503)
RLR inf 1 (inf inf inf)
LRL inf 1 (inf inf inf)

# 0.392699 2.748894 7.600000
# best = 2 = RSL
LSL 16.46 0 (5.651987 7.821395 2.987393)
LSR 18.03 0 (6.131906 8.122768 3.775711)
RSL 10.27 0 (0.689672 6.535458 3.045867)
RSR 11.75 0 (0.154200 7.821394 3.772790)
RLR inf 1 (inf inf inf)
LRL inf 1 (inf inf inf)

# 0.392699 2.748894 8.000000
# best = 2 = RSL
LSL 16.85 0 (5.663497 8.210616 2.975883)
LSR 18.42 0 (6.120685 8.534146 3.764490)
RSL 10.65 0 (0.672795 6.952692 3.028990)
RSR 12.14 0 (0.165710 8.210616 3.761281)
RLR inf 1 (inf inf inf)
LRL inf 1 (inf inf inf)

# 0.785398 2.748894 0.400000
# best = 5 = LRL
LSL 10.03 0 (4.344980 1.784631 3.901701)
LSR inf 1 (inf inf inf)
RSL inf 1 (inf inf inf)
RSR 12.24 0 (5.544092 1.632737 5.058783)
RLR 8.92 0 (1.982035 5.442257 1.496726)
LRL 6.40 0 (0.740920 5.358250 0.297641)

# 0.785398 2.748894 0.800000
# best = 5 = LRL
LSL 10.23 0 (4.530576 1.981021 3.716105)
LSR inf 1 (inf inf inf)
RSL inf 1 (inf inf inf)
RSR 12.30 0 (5.781509 1.698909 4.821366)
RLR 8.85 0 (2.201256 5.405864 1.241113)
LRL 6.17 0 (0.870855 5.246928 0.056384)

# 0.785398 2.748894 1.200000
# best = 1 = LSR
LSL 10.48 0 (4.678630 2.232484 3.568051)
LSR 6.18 0 (0.363290 1.135838 4.682979)
RSL inf 1 (inf inf inf)
RSR 12.45 0 (5.990469 1.851149 4.612405)
RLR 8.68 0 (2.367740 5.320912 0.989676)
LRL 12.16 0 (0.944918 5.098946 6.117524)

# 0.785398 2.748894 1.600000
# best = 1 = LSR
LSL 10.77 0 (4.794735 2.522603 3.451946)
LSR 6.39 0 (0.129800 1.811618 4.449490)
RSL inf 1 (inf inf inf)
RSR 12.67 0 (6.161511 2.070558 4.441364)
RLR 8.43 0 (2.475828 5.195006 0.755681)
LRL 11.80 0 (0.970751 4.918403 5.911148)

# 0.785398 2.748894 2.000000
# best = 3 = RSR
LSL 11.09 0 (4.885939 2.839553 3.360742)
LSR 12.94 0 (6.269778 2.365120 4.306282)
RSL inf 1 (inf inf inf)
RSR 6.66 0 (0.013484 2.338306 4.306205)
RLR 8.11 0 (2.530719 5.034470 0.540255)
LRL 11.37 0 (0.955007 4.704506 5.712995)

# 0.785398 2.748894 2.400000
# best = 3 = RSR
LSL 11.42 0 (4.958358 3.175311 3.288323)
LSR 13.24 0 (6.168764 2.868035 4.205268)
RSL inf 1 (inf inf inf)
RSR 6.96 0 (0.119376 2.639722 4.200313)
RLR 7.72 0 (2.540242 4.841733 0.337994)
LRL 10.86 0 (0.899688 4.449030 5.512838)

# 0.785398 2.748894 2.800000
# best = 4 = RLR
LSL 11.77 0 (5.016686 3.524506 3.229996)
LSR 13.56 0 (6.092566 3.343270 4.129070)
RSL inf 1 (inf inf inf)
RSR 7.28 0 (0.202840 2.964557 4.116850)
RLR 7.26 0 (2.509667 4.613654 0.140491)
LRL 10.22 0 (0.796854 4.126707 5.293349)

# 0.785398 2.748894 3.200000
# best = 2 = RSL
LSL 12.13 0 (5.064367 3.883514 3.182314)
LSR 13.90 0 (6.032622 3.801222 4.069126)
RSL 6.91 0 (2.118731 0.707091 4.082227)
RSR 7.63 0 (0.269456 3.305912 4.050233)
RLR 12.99 0 (2.438226 4.337540 6.219003)
LRL 9.21 0 (0.593904 3.625444 4.995036)

# 0.785398 2.748894 3.600000
# best = 2 = RSL
LSL 12.50 0 (5.103906 4.249849 3.142775)
LSR 14.25 0 (5.984048 4.247484 4.020552)
RSL 7.07 0 (1.788559 1.532366 3.752055)
RSR 7.98 0 (0.323413 3.659169 3.996276)
RLR 12.27 0 (2.310012 3.973199 5.982876)
LRL inf 1 (inf inf inf)

# 0.785398 2.748894 4.000000
# best = 2 = RSL
LSL 12.87 0 (5.137127 4.621770 3.109554)
LSR 14.61 0 (5.943795 4.685397 3.980299)
RSL 7.32 0 (1.614814 2.125162 3.578310)
RSR 8.34 0 (0.367765 4.021191 3.951924)
RLR inf 1 (inf inf inf)
LRL inf 1 (inf inf inf)

# 0.785398 2.748894 4.400000
# best = 2 = RSL
LSL 13.24 0 (5.165373 4.998029 3.081308)
LSR 14.97 0 (5.909843 5.117107 3.946347)
RSL 7.61 0 (1.497922 2.646598 3.461418)
RSR 8.71 0 (0.404732 4.389811 3.914958)
RLR inf 1 (inf inf inf)
LRL inf 1 (inf inf inf)

# 0.785398 2.748894 4.800000
# best = 2 = RSL
LSL 13.62 0 (5.189648 5.377717 3.057033)
LSR 15.34 0 (5.880792 5.544061 3.917296)
RSL 7.92 0 (1.411981 3.132515 3.375477)
RSR 9.08 0 (0.435936 4.763497 3.883754)
RLR inf 1 (inf inf inf)
LRL inf 1 (inf inf inf)

# 0.785398 2.748894 5.200000
# best = 2 = RSL
LSL 14.01 0 (5.210711 5.760154 3.035971)
LSR 15.72 0 (5.855632 5.967281 3.892136)
RSL 8.25 0 (1.345502 3.597335 3.308998)
RSR 9.46 0 (0.462578 5.141144 3.857111)
RLR inf 1 (inf inf inf)
LRL inf 1 (inf inf inf)

# 0.785398 2.748894 5.600000
# best = 2 = RSL
LSL 14.39 0 (5.229143 6.144828 3.017538)
LSR 16.09 0 (5.833621 6.387509 3.870125)
RSL 8.60 0 (1.292284 4.048331 3.255780)
RSR 9.84 0 (0.485561 5.521940 3.834129)
RLR inf 1 (inf inf inf)
LRL inf 1 (inf inf inf)

# 0.785398 2.748894 6.000000
# best = 2 = RSL
LSL 14.78 0 (5.245399 6.531344 3.001282)
LSR 16.47 0 (5.814194 6.805300 3.850698)
RSL 8.95 0 (1.248594 4.489672 3.212090)
RSR 10.22 0 (0.505569 5.905276 3.814120)
RLR inf 1 (inf inf inf)
LRL inf 1 (inf inf inf)

# 0.785398 2.748894 6.400000
# best = 2 = RSL
LSL 15.17 0 (5.259836 6.919392 2.986846)
LSR 16.85 0 (5.796916 7.221076 3.833420)
RSL 9.31 0 (1.212018 4.923954 3.175514)
RSR 10.61 0 (0.523132 6.290687 3.796558)
RLR inf 1 (inf inf inf)
LRL inf 1 (inf inf inf)

# 0.785398 2.748894 6.800000
# best = 2 = RSL
LSL 15.56 0 (5.272736 7.308730 2.973945)
LSR 17.23 0 (5.781445 7.635167 3.817949)
RSL 9.68 0 (1.180911 5.352896 3.144407)
RSR 11.00 0 (0.538663 6.677815 3.781027)
RLR inf 1 (inf inf inf)
LRL inf 1 (inf inf inf)

# 0.785398 2.748894 7.200000
# best = 2 = RSL
LSL 15.95 0 (5.284330 7.699160 2.962351)
LSR 17.62 0 (5.767510 8.047832 3.804014)
RSL 10.05 0 (1.154109 5.777686 3.117605)
RSR 11.39 0 (0.552488 7.066376 3.767201)
RLR inf 1 (inf inf inf)
LRL inf 1 (inf inf inf)

# 0.785398 2.748894 7.600000
# best = 2 = RSL
LSL 16.34 0 (5.294804 8.090526 2.951877)
LSR 18.01 0 (5.754891 8.459281 3.791395)
RSL 10.42 0 (1.130764 6.199180 3.094260)
RSR 11.78 0 (0.564871 7.456147 3.754818)
RLR inf 1 (inf inf inf)
LRL inf 1 (inf inf inf)

# 0.785398 2.748894 8.000000
# best = 2 = RSL
LSL 16.73 0 (5.304310 8.482697 2.942371)
LSR 18.39 0 (5.743409 8.869682 3.779913)
RSL 10.80 0 (1.110237 6.618006 3.073733)
RSR 12.17 0 (0.576022 7.846948 3.743668)
RLR inf 1 (inf inf inf)
LRL inf 1 (inf inf inf)

# 1.178097 2.748894 0.400000
# best = 5 = LRL
LSL 9.46 0 (4.158552 1.610267 3.695430)
LSR inf 1 (inf inf inf)
RSL inf 1 (inf inf inf)
RSR 12.31 0 (5.782837 1.314171 5.212737)
RLR 9.66 0 (2.306484 5.613665 1.736384)
LRL 6.20 0 (0.602641 5.454547 0.139518)

# 1.178097 2.748894 0.800000
# best = 1 = LSR
LSL 9.73 0 (4.332770 1.872409 3.521213)
LSR 6.05 0 (0.240314 0.854692 4.952703)
RSL inf 1 (inf inf inf)
RSR 12.33 0 (6.086034 1.331949 4.909539)
RLR 9.64 0 (2.604972 5.604246 1.428477)
LRL 12.19 0 (0.704035 5.308901 6.175663)

# 1.178097 2.748894 1.200000
# best = 3 = RSR
LSL 10.03 0 (4.461342 2.176895 3.392640)
LSR 12.46 0 (6.212295 1.604914 4.641498)
RSL inf 1 (inf inf inf)
RSR 6.18 0 (0.074324 1.463260 4.638065)
RLR 9.50 0 (2.841408 5.534169 1.121964)
LRL 11.84 0 (0.744286 5.132258 5.958769)

# 1.178097 2.748894 1.600000
# best = 3 = RSR
LSL 10.36 0 (4.557201 2.508352 3.296782)
LSR 12.67 0 (6.032139 2.177383 4.461342)
RSL inf 1 (inf inf inf)
RSR 6.39 0 (0.288335 1.681717 4.424054)
RLR 9.26 0 (2.996009 5.415348 0.848543)
LRL 11.43 0 (0.737799 4.927567 5.760565)

# 1.178097 2.748894 2.000000
# best = 3 = RSR
LSL 10.71 0 (4.630183 2.857409 3.223800)
LSR 12.93 0 (5.906974 2.688168 4.336177)
RSL inf 1 (inf inf inf)
RSR 6.67 0 (0.447696 1.958371 4.264693)
RLR 8.95 0 (3.077666 5.259940 0.611477)
LRL 10.95 0 (0.692892 4.691789 5.569694)

# 1.178097 2.748894 2.400000
# best = 3 = RSR
LSL 11.07 0 (4.687044 3.218345 3.166938)
LSR 13.22 0 (5.813307 3.167254 4.242510)
RSL inf 1 (inf inf inf)
RSR 6.98 0 (0.565424 2.272060 4.146965)
RLR 8.58 0 (3.102924 5.075001 0.401280)
LRL 10.40 0 (0.610473 4.413229 5.373552)

# 1.178097 2.748894 2.800000
# best = 3 = RSR
LSL 11.44 0 (4.732324 3.587576 3.121658)
LSR 13.54 0 (5.740028 3.627223 4.169231)
RSL inf 1 (inf inf inf)
RSR 7.32 0 (0.653688 2.609464 4.058701)
RLR 8.15 0 (3.084578 4.861781 0.206406)
LRL 9.69 0 (0.478036 4.057794 5.150555)

# 1.178097 2.748894 3.200000
# best = 4 = RLR
LSL 11.82 0 (4.769094 3.962784 3.084889)
LSR 13.87 0 (5.680908 4.074555 4.110111)
RSL inf 1 (inf inf inf)
RSR 7.67 0 (0.721345 2.962490 3.991044)
RLR 7.66 0 (3.028941 4.615193 0.015455)
LRL 8.40 0 (0.193221 3.414626 4.792202)

# 1.178097 2.748894 3.600000
# best = 2 = RSL
LSL 12.20 0 (4.799469 4.342420 3.054513)
LSR 14.21 0 (5.632099 4.513009 4.061302)
RSL 7.66 0 (2.423436 1.246093 3.994233)
RSR 8.04 0 (0.774408 3.326167 3.937980)
RLR 13.35 0 (2.934123 4.319430 6.097695)
LRL inf 1 (inf inf inf)

# 1.178097 2.748894 4.000000
# best = 2 = RSL
LSL 12.58 0 (4.824941 4.725418 3.029041)
LSR 14.56 0 (5.591063 4.944947 4.020266)
RSL 7.84 0 (2.191781 1.883481 3.762578)
RSR 8.41 0 (0.816917 3.697354 3.895471)
RLR 12.56 0 (2.779211 3.924588 5.857765)
LRL inf 1 (inf inf inf)

# 1.178097 2.748894 4.400000
# best = 2 = RSL
LSL 12.97 0 (4.846582 5.111020 3.007400)
LSR 14.91 0 (5.556049 5.371941 3.985252)
RSL 8.08 0 (2.041709 2.421208 3.612506)
RSR 8.79 0 (0.851620 4.074000 3.860768)
RLR inf 1 (inf inf inf)
LRL inf 1 (inf inf inf)

# 1.178097 2.748894 4.800000
# best = 2 = RSL
LSL 13.35 0 (4.865180 5.498680 2.988803)
LSR 15.28 0 (5.525804 5.795084 3.955007)
RSL 8.35 0 (1.933140 2.914961 3.503937)
RSR 9.17 0 (0.880421 4.454718 3.831967)
RLR inf 1 (inf inf inf)
LRL inf 1 (inf inf inf)

# 1.178097 2.748894 5.200000
# best = 2 = RSL
LSL 13.74 0 (4.881323 5.887992 2.972660)
LSR 15.64 0 (5.499403 6.215163 3.928606)
RSL 8.65 0 (1.849996 3.384043 3.420793)
RSR 9.55 0 (0.904671 4.838549 3.807718)
RLR inf 1 (inf inf inf)
LRL inf 1 (inf inf inf)

# 1.178097 2.748894 5.600000
# best = 2 = RSL
LSL 14.13 0 (4.895460 6.278646 2.958522)
LSR 16.01 0 (5.476151 6.632759 3.905354)
RSL 8.98 0 (1.783928 3.837512 3.354725)
RSR 9.94 0 (0.925345 5.224806 3.787043)
RLR inf 1 (inf inf inf)
LRL inf 1 (inf inf inf)

# 1.178097 2.748894 6.000000
# best = 2 = RSL
LSL 14.52 0 (4.907939 6.670409 2.946043)
LSR 16.39 0 (5.455511 7.048315 3.884714)
RSL 9.31 0 (1.730008 4.280333 3.300805)
RSR 10.33 0 (0.943167 5.612989 3.769221)
RLR inf 1 (inf inf inf)
LRL inf 1 (inf inf inf)

# 1.178097 2.748894 6.400000
# best = 2 = RSL
LSL 14.92 0 (4.919032 7.063095 2.934950)
LSR 16.77 0 (5.437063 7.462171 3.866266)
RSL 9.66 0 (1.685089 4.715506 3.255886)
RSR 10.72 0 (0.958679 6.002723 3.753709)
RLR inf 1 (inf inf inf)
LRL inf 1 (inf inf inf)

# 1.178097 2.748894 6.800000
# best = 2 = RSL
LSL 15.31 0 (4.928956 7.456559 2.925027)
LSR 17.14 0 (5.420472 7.874595 3.849675)
RSL 10.01 0 (1.647049 5.144973 3.217846)
RSR 11.11 0 (0.972296 6.393726 3.740092)
RLR inf 1 (inf inf inf)
LRL inf 1 (inf inf inf)

# 1.178097 2.748894 7.200000
# best = 2 = RSL
LSL 15.70 0 (4.937884 7.850683 2.916099)
LSR 17.53 0 (5.405470 8.285801 3.834673)
RSL 10.37 0 (1.614396 5.570054 3.185193)
RSR 11.50 0 (0.984343 6.785777 3.728046)
RLR inf 1 (inf inf inf)
LRL inf 1 (inf inf inf)

# 1.178097 2.748894 7.600000
# best = 2 = RSL
LSL 16.10 0 (4.945957 8.245374 2.908025)
LSR 17.91 0 (5.391838 8.695962 3.821041)
RSL 10.73 0 (1.586047 5.991682 3.156844)
RSR 11.89 0 (0.995071 7.178706 3.717317)
RLR inf 1 (inf inf inf)
LRL inf 1 (inf inf inf)

# 1.178097 2.748894 8.000000
# best = 2 = RSL
LSL 16.49 0 (4.953293 8.640552 2.900689)
LSR 18.29 0 (5.379395 9.105218 3.808598)
RSL 11.10 0 (1.561193 6.410538 3.131990)
RSR 12.28 0 (1.004686 7.572375 3.707703)
RLR inf 1 (inf inf inf)
LRL inf 1 (inf inf inf)

# 1.570796 2.748894 0.400000
# best = 1 = LSR
LSL 8.84 0 (3.975088 1.374223 3.486196)
LSR 6.06 0 (0.389617 0.177516 5.494704)
RSL inf 1 (inf inf inf)
RSR 12.34 0 (6.052163 0.949095 5.336110)
RLR 10.43 0 (2.671011 5.804068 1.954959)
LRL 12.34 0 (0.482795 5.581784 6.277088)

# 1.570796 2.748894 0.800000
# best = 3 = RSR
LSL 9.15 0 (4.134714 1.691846 3.326570)
LSR 12.33 0 (6.117171 1.271872 4.939073)
RSL inf 1 (inf inf inf)
RSR 6.05 0 (0.195216 0.941768 4.909871)
RLR 10.44 0 (3.099135 5.807839 1.530605)
LRL 12.00 0 (0.556410 5.409763 6.031451)

# 1.570796 2.748894 1.200000
# best = 3 = RSR
LSL 9.50 0 (4.242064 2.038675 3.219220)
LSR 12.45 0 (5.872991 1.877180 4.694893)
RSL inf 1 (inf inf inf)
RSR 6.20 0 (0.562681 1.092279 4.542406)
RLR 10.28 0 (3.427691 5.730020 1.124231)
LRL 11.61 0 (0.565671 5.213586 5.826013)

# 1.570796 2.748894 1.600000
# best = 3 = RSR
LSL 9.86 0 (4.317599 2.402093 3.143684)
LSR 12.64 0 (5.707933 2.397906 4.529835)
RSL inf 1 (inf inf inf)
RSR 6.45 0 (0.816230 1.348785 4.288857)
RLR 10.01 0 (3.613886 5.595311 0.803327)
LRL 11.17 0 (0.531851 4.994875 5.641122)

# 1.570796 2.748894 2.000000
# best = 3 = RSR
LSL 10.24 0 (4.373056 2.775590 3.088228)
LSR 12.87 0 (5.585947 2.880295 4.407849)
RSL inf 1 (inf inf inf)
RSR 6.77 0 (0.981747 1.662939 4.123340)
RLR 9.67 0 (3.694589 5.425684 0.552997)
LRL 10.68 0 (0.464575 4.749410 5.462933)

# 1.570796 2.748894 2.400000
# best = 3 = RSR
LSL 10.62 0 (4.415261 3.155591 3.046022)
LSR 13.15 0 (5.491346 3.340994 4.313248)
RSL inf 1 (inf inf inf)
RSR 7.11 0 (1.092653 2.007863 4.012434)
RLR 9.28 0 (3.708376 5.231445 0.344971)
LRL 10.11 0 (0.364655 4.465159 5.278602)

# 1.570796 2.748894 2.800000
# best = 3 = RSR
LSL 11.00 0 (4.448349 3.540001 3.012934)
LSR 13.44 0 (5.415571 3.787927 4.237473)
RSL inf 1 (inf inf inf)
RSR 7.48 0 (1.170385 2.370160 3.934702)
RLR 8.85 0 (3.677770 5.014768 0.158901)
LRL 9.40 0 (0.220262 4.110196 5.068032)

# 1.570796 2.748894 3.200000
# best = 3 = RSR
LSL 11.39 0 (4.474932 3.927526 2.986351)
LSR 13.75 0 (5.353403 4.225463 4.175305)
RSL 8.41 0 (3.416824 0.395214 4.594922)
RSR 7.85 0 (1.227259 2.742956 3.877828)
RLR 14.65 0 (3.613234 4.771948 6.263802)
LRL 14.51 0 (6.236377 3.522889 4.747796)

# 1.570796 2.748894 3.600000
# best = 3 = RSR
LSL 11.78 0 (4.496728 4.317327 2.964555)
LSR 14.08 0 (5.301427 4.656252 4.123329)
RSL 8.41 0 (2.949385 1.330431 4.127483)
RSR 8.23 0 (1.270420 3.122491 3.834667)
RLR 14.09 0 (3.516351 4.491862 6.080598)
LRL inf 1 (inf inf inf)

# 1.570796 2.748894 4.000000
# best = 2 = RSL
LSL 12.17 0 (4.514907 4.708840 2.946376)
LSR 14.42 0 (5.257302 5.082010 4.079204)
RSL 8.53 0 (2.714750 1.924552 3.892848)
RSR 8.61 0 (1.304178 3.506579 3.800909)
RLR 13.40 0 (3.376927 4.145498 5.873658)
LRL inf 1 (inf inf inf)

# 1.570796 2.748894 4.400000
# best = 2 = RSL
LSL 12.56 0 (4.530291 5.101669 2.930992)
LSR 14.76 0 (5.219360 5.503906 4.041262)
RSL 8.73 0 (2.554375 2.440851 3.732473)
RSR 9.00 0 (1.331246 3.893873 3.773841)
RLR 12.31 0 (3.132911 3.603328 5.575505)
LRL inf 1 (inf inf inf)

# 1.570796 2.748894 4.800000
# best = 2 = RSL
LSL 12.96 0 (4.543472 5.495532 2.917811)
LSR 15.12 0 (5.186380 5.922763 4.008282)
RSL 8.97 0 (2.435235 2.920892 3.613333)
RSR 9.39 0 (1.353404 4.283502 3.751683)
RLR inf 1 (inf inf inf)
LRL inf 1 (inf inf inf)

# 1.570796 2.748894 5.200000
# best = 2 = RSL
LSL 13.35 0 (4.554889 5.890223 2.906394)
LSR 15.48 0 (5.157442 6.339185 3.979344)
RSL 9.24 0 (2.342539 3.380157 3.520637)
RSR 9.78 0 (1.371860 4.674884 3.733227)
RLR inf 1 (inf inf inf)
LRL inf 1 (inf inf inf)

# 1.570796 2.748894 5.600000
# best = 2 = RSL
LSL 13.75 0 (4.564871 6.285585 2.896412)
LSR 15.84 0 (5.131845 6.753622 3.953747)
RSL 9.54 0 (2.268116 3.826136 3.446214)
RSR 10.17 0 (1.387460 5.067611 3.717627)
RLR inf 1 (inf inf inf)
LRL inf 1 (inf inf inf)

# 1.570796 2.748894 6.000000
# best = 2 = RSL
LSL 14.14 0 (4.573670 6.681500 2.887613)
LSR 16.21 0 (5.109038 7.166419 3.930940)
RSL 9.85 0 (2.206945 4.263000 3.385043)
RSR 10.57 0 (1.400813 5.461395 3.704274)
RLR inf 1 (inf inf inf)
LRL inf 1 (inf inf inf)

# 1.570796 2.748894 6.400000
# best = 2 = RSL
LSL 14.54 0 (4.581485 7.077873 2.879798)
LSR 16.58 0 (5.088589 7.577843 3.910491)
RSL 10.18 0 (2.155730 4.693295 3.333828)
RSR 10.96 0 (1.412368 5.856021 3.692719)
RLR inf 1 (inf inf inf)
LRL inf 1 (inf inf inf)

# 1.570796 2.748894 6.800000
# best = 2 = RSL
LSL 14.94 0 (4.588470 7.474633 2.872813)
LSR 16.95 0 (5.070149 7.988107 3.892051)
RSL 10.52 0 (2.112199 5.118679 3.290297)
RSR 11.36 0 (1.422463 6.251330 3.682624)
RLR inf 1 (inf inf inf)
LRL inf 1 (inf inf inf)

# 1.570796 2.748894 7.200000
# best = 2 = RSL
LSL 15.33 0 (4.594751 7.871721 2.866532)
LSR 17.33 0 (5.053434 8.397381 3.875336)
RSL 10.87 0 (2.074730 5.540282 3.252828)
RSR 11.75 0 (1.431357 6.647200 3.673731)
RLR inf 1 (inf inf inf)
LRL inf 1 (inf inf inf)

# 1.570796 2.748894 7.600000
# best = 2 = RSL
LSL 15.73 0 (4.600429 8.269090 2.860855)
LSR 17.70 0 (5.038214 8.805802 3.860116)
RSL 11.22 0 (2.042132 5.958908 3.220230)
RSR 12.15 0 (1.439250 7.043537 3.665837)
RLR inf 1 (inf inf inf)
LRL inf 1 (inf inf inf)

# 1.570796 2.748894 8.000000
# best = 2 = RSL
LSL 16.13 0 (4.605585 8.666701 2.855698)
LSR 18.08 0 (5.024296 9.213484 3.846198)
RSL 11.58 0 (2.013509 6.375142 3.191607)
RSR 12.55 0 (1.446302 7.440266 3.658786)
RLR inf 1 (inf inf inf)
LRL inf 1 (inf inf inf)

# 1.963495 2.748894 0.400000
# best = 3 = RSR
LSL 8.15 0 (3.797849 1.085700 3.270735)
LSR 12.34 0 (6.168988 0.787059 5.383589)
RSL inf 1 (inf inf inf)
RSR 6.06 0 (0.137490 0.559312 5.360296)
RLR 11.22 0 (3.138795 6.002610 2.078415)
LRL 12.25 0 (0.381383 5.733439 6.137454)

# 1.963495 2.748894 0.800000
# best = 3 = RSR
LSL 8.51 0 (3.936155 1.446272 3.132429)
LSR 12.31 0 (5.813613 1.464484 5.028214)
RSL inf 1 (inf inf inf)
RSR 6.10 0 (0.838759 0.599894 4.659027)
RLR 11.18 0 (3.829811 5.982102 1.366893)
LRL 11.87 0 (0.424613 5.543287 5.904073)

# 1.963495 2.748894 1.200000
# best = 3 = RSR
LSL 8.89 0 (4.018338 1.823365 3.050247)
LSR 12.38 0 (5.586225 1.997489 4.800826)
RSL inf 1 (inf inf inf)
RSR 6.35 0 (1.275790 0.852593 4.221996)
RLR 10.92 0 (4.202587 5.853593 0.865607)
LRL 11.46 0 (0.403428 5.336551 5.718522)

# 1.963495 2.748894 1.600000
# best = 3 = RSR
LSL 9.28 0 (4.072121 2.208533 2.996463)
LSR 12.54 0 (5.420618 2.480970 4.635219)
RSL inf 1 (inf inf inf)
RSR 6.69 0 (1.490975 1.189100 4.006811)
RLR 10.57 0 (4.330731 5.679511 0.563381)
LRL 11.01 0 (0.345608 5.113344 5.553135)

# 1.963495 2.748894 2.000000
# best = 3 = RSR
LSL 9.67 0 (4.109856 2.598187 2.958728)
LSR 12.74 0 (5.293449 2.939466 4.508050)
RSL inf 1 (inf inf inf)
RSR 7.05 0 (1.608247 1.555957 3.889539)
RLR 10.18 0 (4.350306 5.484117 0.348412)
LRL 10.52 0 (0.261275 4.869209 5.393333)

# 1.963495 2.748894 2.400000
# best = 3 = RSR
LSL 10.06 0 (4.137720 2.990574 2.930864)
LSR 12.98 0 (5.192488 3.383151 4.407089)
RSL inf 1 (inf inf inf)
RSR 7.43 0 (1.680174 1.935986 3.817612)
RLR 9.76 0 (4.316551 5.272753 0.170803)
LRL 9.97 0 (0.151621 4.594172 5.227950)

# 1.963495 2.748894 2.800000
# best = 3 = RSR
LSL 10.45 0 (4.159108 3.384744 2.909476)
LSR 13.25 0 (5.110347 3.817193 4.324948)
RSL inf 1 (inf inf inf)
RSR 7.82 0 (1.728334 2.322733 3.769453)
RLR 9.30 0 (4.250359 5.044050 0.008293)
LRL 9.32 0 (0.008729 4.265612 5.042282)

# 1.963495 2.748894 3.200000
# best = 3 = RSR
LSL 10.85 0 (4.176028 3.780138 2.892556)
LSR 13.54 0 (5.042215 4.244551 4.256816)
RSL 9.17 0 (3.621464 1.136755 4.406863)
RSR 8.21 0 (1.762689 2.713324 3.735097)
RLR 15.08 0 (4.158793 4.792208 6.131201)
LRL 14.68 0 (6.079920 3.807785 4.796448)

# 1.963495 2.748894 3.600000
# best = 3 = RSR
LSL 11.24 0 (4.189741 4.176410 2.878844)
LSR 13.85 0 (4.984801 4.667062 4.199402)
RSL 9.19 0 (3.341145 1.722487 4.126544)
RSR 8.60 0 (1.788376 3.106312 3.709410)
RLR 14.51 0 (4.040753 4.504754 5.961787)
LRL inf 1 (inf inf inf)

# 1.963495 2.748894 4.000000
# best = 3 = RSR
LSL 11.64 0 (4.201075 4.573331 2.867509)
LSR 14.17 0 (4.935771 5.085933 4.150372)
RSL 9.31 0 (3.146783 2.227490 3.932182)
RSR 9.00 0 (1.808284 3.500888 3.689502)
RLR 13.80 0 (3.883982 4.151397 5.765200)
LRL inf 1 (inf inf inf)

# 1.963495 2.748894 4.400000
# best = 3 = RSR
LSL 12.04 0 (4.210598 4.970746 2.857987)
LSR 14.50 0 (4.893423 5.501996 4.108024)
RSL 9.49 0 (3.001126 2.697492 3.786525)
RSR 9.39 0 (1.824154 3.896570 3.673632)
RLR 12.69 0 (3.622853 3.597397 5.472331)
LRL inf 1 (inf inf inf)

# 1.963495 2.748894 4.800000
# best = 2 = RSL
LSL 12.44 0 (4.218710 5.368545 2.849874)
LSR 14.84 0 (4.856485 5.915844 4.071086)
RSL 9.71 0 (2.887352 3.148207 3.672751)
RSR 9.79 0 (1.837095 4.293052 3.660691)
RLR inf 1 (inf inf inf)
LRL inf 1 (inf inf inf)

# 1.963495 2.748894 5.200000
# best = 2 = RSL
LSL 12.84 0 (4.225703 5.766648 2.842882)
LSR 15.19 0 (4.823987 6.327912 4.038588)
RSL 9.96 0 (2.795913 3.586915 3.581312)
RSR 10.19 0 (1.847847 4.690132 3.649939)
RLR inf 1 (inf inf inf)
LRL inf 1 (inf inf inf)

# 1.963495 2.748894 5.600000
# best = 2 = RSL
LSL 13.23 0 (4.231792 6.164997 2.836793)
LSR 15.54 0 (4.795177 6.738525 4.009778)
RSL 10.24 0 (2.720806 4.017550 3.506205)
RSR 10.59 0 (1.856919 5.087670 3.640867)
RLR inf 1 (inf inf inf)
LRL inf 1 (inf inf inf)

# 1.963495 2.748894 6.000000
# best = 2 = RSL
LSL 13.63 0 (4.237142 6.563547 2.831443)
LSR 15.90 0 (4.769465 7.147934 3.984066)
RSL 10.54 0 (2.658023 4.442461 3.443422)
RSR 10.98 0 (1.864676 5.485565 3.633110)
RLR inf 1 (inf inf inf)
LRL inf 1 (inf inf inf)

# 1.963495 2.748894 6.400000
# best = 2 = RSL
LSL 14.03 0 (4.241879 6.962263 2.826705)
LSR 16.26 0 (4.746378 7.556336 3.960979)
RSL 10.86 0 (2.604772 4.863148 3.390171)
RSR 11.38 0 (1.871383 5.883746 3.626403)
RLR inf 1 (inf inf inf)
LRL inf 1 (inf inf inf)

# 1.963495 2.748894 6.800000
# best = 2 = RSL
LSL 14.43 0 (4.246103 7.361118 2.822481)
LSR 16.63 0 (4.725535 7.963885 3.940136)
RSL 11.18 0 (2.559046 5.280621 3.344445)
RSR 11.78 0 (1.877240 6.282158 3.620546)
RLR inf 1 (inf inf inf)
LRL inf 1 (inf inf inf)

# 1.963495 2.748894 7.200000
# best = 2 = RSL
LSL 14.83 0 (4.249893 7.760091 2.818692)
LSR 17.00 0 (4.706626 8.370706 3.921227)
RSL 11.52 0 (2.519362 5.695587 3.304761)
RSR 12.18 0 (1.882398 6.680760 3.615388)
RLR inf 1 (inf inf inf)
LRL inf 1 (inf inf inf)

# 1.963495 2.748894 7.600000
# best = 2 = RSL
LSL 15.23 0 (4.253312 8.159165 2.815273)
LSR 17.37 0 (4.689393 8.776900 3.903994)
RSL 11.86 0 (2.484604 6.108556 3.270003)
RSR 12.58 0 (1.886975 7.079520 3.610811)
RLR inf 1 (inf inf inf)
LRL inf 1 (inf inf inf)

# 1.963495 2.748894 8.000000
# best = 2 = RSL
LSL 15.63 0 (4.256412 8.558325 2.812172)
LSR 17.74 0 (4.673625 9.182550 3.888226)
RSL 12.21 0 (2.453912 6.519909 3.239311)
RSR 12.98 0 (1.891064 7.478412 3.606722)
RLR inf 1 (inf inf inf)
LRL inf 1 (inf inf inf)

# 2.356194 2.748894 0.400000
# best = 3 = RSR
LSL 7.43 0 (3.636236 0.756162 3.039649)
LSR 12.32 0 (5.889913 0.937865 5.497213)
RSL inf 1 (inf inf inf)
RSR 6.12 0 (1.120861 0.229570 4.769625)
RLR 11.94 0 (4.205029 6.168337 1.570608)
LRL 12.20 0 (0.304459 5.902815 5.991057)

# 2.356194 2.748894 0.800000
# best = 3 = RSR
LSL 7.82 0 (3.736542 1.145129 2.939344)
LSR 12.24 0 (5.568298 1.493795 5.175598)
RSL inf 1 (inf inf inf)
RSR 6.41 0 (1.928517 0.522650 3.961968)
RLR 11.65 0 (4.939073 6.021111 0.689338)
LRL 11.80 0 (0.304605 5.702497 5.790592)

# 2.356194 2.748894 1.200000
# best = 3 = RSR
LSL 8.22 0 (3.785738 1.539760 2.890147)
LSR 12.26 0 (5.337435 1.975666 4.944735)
RSL inf 1 (inf inf inf)
RSR 6.79 0 (2.113496 0.902011 3.776989)
RLR 11.26 0 (5.027630 5.828267 0.407937)
LRL 11.38 0 (0.249003 5.492900 5.636597)

# 2.356194 2.748894 1.600000
# best = 3 = RSR
LSL 8.61 0 (3.814821 1.936595 2.861064)
LSR 12.36 0 (5.161119 2.427980 4.768419)
RSL inf 1 (inf inf inf)
RSR 7.18 0 (2.187861 1.293864 3.702625)
RLR 10.86 0 (5.000063 5.624405 0.231642)
LRL 10.94 0 (0.167838 5.272405 5.497267)

# 2.356194 2.748894 2.000000
# best = 3 = RSR
LSL 9.01 0 (3.834001 2.334510 2.841884)
LSR 12.52 0 (5.022154 2.864772 4.629454)
RSL inf 1 (inf inf inf)
RSR 7.58 0 (2.227536 1.689540 3.662949)
RLR 10.43 0 (4.933054 5.411035 0.085281)
LRL 10.47 0 (0.069220 5.036808 5.360288)

# 2.356194 2.748894 2.400000
# best = 3 = RSR
LSL 9.41 0 (3.847592 2.733034 2.828293)
LSR 12.72 0 (4.910097 3.292226 4.517397)
RSL 10.05 0 (4.523242 0.613812 4.915942)
RSR 7.98 0 (2.252131 2.086865 3.638354)
RLR 16.26 0 (4.844862 5.185462 6.231085)
LRL 16.23 0 (6.236968 4.778753 5.217670)

# 2.356194 2.748894 2.800000
# best = 3 = RSR
LSL 9.81 0 (3.857722 3.131935 2.818163)
LSR 12.96 0 (4.818046 3.713567 4.425346)
RSL 9.91 0 (4.126874 1.258941 4.519574)
RSR 8.38 0 (2.268852 2.485049 3.621633)
RLR 15.78 0 (4.740092 4.942481 6.092874)
LRL 15.64 0 (6.099867 4.484289 5.060308)

# 2.356194 2.748894 3.200000
# best = 3 = RSR
LSL 10.21 0 (3.865563 3.531084 2.810323)
LSR 13.22 0 (4.741229 4.130668 4.348529)
RSL 9.88 0 (3.862096 1.764398 4.254796)
RSR 8.77 0 (2.280952 2.883735 3.609533)
RLR 15.24 0 (4.617396 4.672888 5.945977)
LRL 14.92 0 (5.925427 4.119729 4.870187)

# 2.356194 2.748894 3.600000
# best = 3 = RSR
LSL 10.61 0 (3.871810 3.930406 2.804075)
LSR 13.50 0 (4.676250 4.544694 4.283550)
RSL 9.95 0 (3.664047 2.227391 4.056747)
RSR 9.17 0 (2.290112 3.282741 3.600374)
RLR 14.61 0 (4.469095 4.357967 5.779357)
LRL 13.71 0 (5.629417 3.515213 4.561682)

# 2.356194 2.748894 4.000000
# best = 3 = RSR
LSL 11.01 0 (3.876906 4.329854 2.798980)
LSR 13.80 0 (4.620631 4.956418 4.227931)
RSL 10.08 0 (3.509898 2.670101 3.902598)
RSR 9.57 0 (2.297286 3.681963 3.593200)
RLR 13.78 0 (4.269544 3.944517 5.565458)
LRL inf 1 (inf inf inf)

# 2.356194 2.748894 4.400000
# best = 3 = RSR
LSL 11.41 0 (3.881140 4.729395 2.794745)
LSR 14.12 0 (4.572526 5.366369 4.179826)
RSL 10.27 0 (3.386782 3.101226 3.779482)
RSR 9.97 0 (2.303056 4.081337 3.587430)
RLR inf 1 (inf inf inf)
LRL inf 1 (inf inf inf)

# 2.356194 2.748894 4.800000
# best = 3 = RSR
LSL 11.80 0 (3.884715 5.129007 2.791171)
LSR 14.44 0 (4.530536 5.774924 4.137836)
RSL 10.49 0 (3.286444 3.525021 3.679144)
RSR 10.37 0 (2.307797 4.480823 3.582688)
RLR inf 1 (inf inf inf)
LRL inf 1 (inf inf inf)

# 2.356194 2.748894 5.200000
# best = 2 = RSL
LSL 12.20 0 (3.887772 5.528675 2.788113)
LSR 14.78 0 (4.493586 6.182360 4.100886)
RSL 10.74 0 (3.203277 3.943848 3.595977)
RSR 10.77 0 (2.311762 4.880393 3.578723)
RLR inf 1 (inf inf inf)
LRL inf 1 (inf inf inf)

# 2.356194 2.748894 5.600000
# best = 2 = RSL
LSL 12.60 0 (3.890418 5.928389 2.785467)
LSR 15.12 0 (4.460831 6.588885 4.068131)
RSL 11.02 0 (3.133337 4.359141 3.526037)
RSR 11.17 0 (2.315127 5.280028 3.575358)
RLR inf 1 (inf inf inf)
LRL inf 1 (inf inf inf)

# 2.356194 2.748894 6.000000
# best = 2 = RSL
LSL 13.00 0 (3.892729 6.328138 2.783156)
LSR 15.47 0 (4.431606 6.994658 4.038906)
RSL 11.31 0 (3.073776 4.771821 3.466476)
RSR 11.57 0 (2.318019 5.679714 3.572467)
RLR inf 1 (inf inf inf)
LRL inf 1 (inf inf inf)

# 2.356194 2.748894 6.400000
# best = 2 = RSL
LSL 13.40 0 (3.894766 6.727917 2.781120)
LSR 15.82 0 (4.405376 7.399802 4.012676)
RSL 11.62 0 (3.022494 5.182513 3.415194)
RSR 11.97 0 (2.320530 6.079442 3.569956)
RLR inf 1 (inf inf inf)
LRL inf 1 (inf inf inf)

# 2.356194 2.748894 6.800000
# best = 2 = RSL
LSL 13.80 0 (3.896574 7.127721 2.779311)
LSR 16.18 0 (4.381708 7.804416 3.989008)
RSL 11.94 0 (2.977909 5.591656 3.370609)
RSR 12.37 0 (2.322731 6.479203 3.567754)
RLR inf 1 (inf inf inf)
LRL inf 1 (inf inf inf)

# 2.356194 2.748894 7.200000
# best = 2 = RSL
LSL 14.20 0 (3.898190 7.527546 2.777695)
LSR 16.54 0 (4.360247 8.208577 3.967547)
RSL 12.27 0 (2.938813 5.999565 3.331513)
RSR 12.77 0 (2.324676 6.878992 3.565809)
RLR inf 1 (inf inf inf)
LRL inf 1 (inf inf inf)

# 2.356194 2.748894 7.600000
# best = 2 = RSL
LSL 14.60 0 (3.899643 7.927388 2.776242)
LSR 16.90 0 (4.340703 8.612350 3.948003)
RSL 12.61 0 (2.904266 6.406477 3.296966)
RSR 13.17 0 (2.326408 7.278805 3.564077)
RLR inf 1 (inf inf inf)
LRL inf 1 (inf inf inf)

# 2.356194 2.748894 8.000000
# best = 2 = RSL
LSL 15.00 0 (3.900957 8.327246 2.774929)
LSR 17.27 0 (4.322831 9.015786 3.930131)
RSL 12.95 0 (2.873530 6.812570 3.266230)
RSR 13.57 0 (2.327960 7.678636 3.562526)
RLR inf 1 (inf inf inf)
LRL inf 1 (inf inf inf)

# 2.748894 2.748894 0.400000
# best = 0 = LSL
LSL 6.68 0 (3.534291 0.400000 2.748894)
LSR 12.28 0 (5.699197 0.878802 5.699197)
RSL inf 1 (inf inf inf)
RSR 6.68 0 (2.748894 0.400000 3.534291)
RLR 12.17 0 (5.790319 6.082850 0.292531)
LRL 12.17 0 (0.292531 6.082850 5.790319)

# 2.748894 2.748894 0.800000
# best = 0 = LSL
LSL 7.08 0 (3.534291 0.800000 2.748894)
LSR 12.11 0 (5.373981 1.365498 5.373981)
RSL inf 1 (inf inf inf)
RSR 7.08 0 (2.748894 0.800000 3.534291)
RLR 11.76 0 (5.689129 5.880469 0.191341)
LRL 11.76 0 (0.191341 5.880469 5.689129)

# 2.748894 2.748894 1.200000
# best = 0 = LSL
LSL 7.48 0 (3.534291 1.200000 2.748894)
LSR 12.06 0 (5.124023 1.810215 5.124023)
RSL inf 1 (inf inf inf)
RSR 7.48 0 (2.748894 1.200000 3.534291)
RLR 11.35 0 (5.585794 5.673800 0.088006)
LRL 11.35 0 (0.088006 5.673800 5.585794)

# 2.748894 2.748894 1.600000
# best = 0 = LSL
LSL 7.88 0 (3.534291 1.600000 2.748894)
LSR 12.09 0 (4.926719 2.238118 4.926719)
RSL 10.94 0 (5.301277 0.332909 5.301277)
RSR 7.88 0 (2.748894 1.600000 3.534291)
RLR 17.20 0 (5.478970 5.460152 6.264367)
LRL 17.20 0 (6.264367 5.460152 5.478970)

# 2.748894 2.748894 2.000000
# best = 0 = LSL
LSL 8.28 0 (3.534291 2.000000 2.748894)
LSR 12.19 0 (4.768524 2.657342 4.768524)
RSL 10.67 0 (4.850356 0.968781 4.850356)
RSR 8.28 0 (2.748894 2.000000 3.534291)
RLR 16.76 0 (5.366888 5.235988 6.152285)
LRL 16.76 0 (6.152285 5.235988 5.366888)

# 2.748894 2.748894 2.400000
# best = 0 = LSL
LSL 8.68 0 (3.534291 2.400000 2.748894)
LSR 12.35 0 (4.639861 3.071442 4.639861)
RSL 10.53 0 (4.540748 1.444383 4.540748)
RSR 8.68 0 (2.748894 2.400000 3.534291)
RLR 16.28 0 (5.246986 4.996183 6.032383)
LRL 16.28 0 (6.032383 4.996183 5.246986)

# 2.748894 2.748894 2.800000
# best = 0 = LSL
LSL 9.08 0 (3.534291 2.800000 2.748894)
LSR 12.55 0 (4.533773 3.482248 4.533773)
RSL 10.49 0 (4.301135 1.885192 4.301135)
RSR 9.08 0 (2.748894 2.800000 3.534291)
RLR 15.75 0 (5.115089 4.732390 5.900486)
LRL 15.75 0 (5.900486 4.732390 5.115089)

# 2.748894 2.748894 3.200000
# best = 0 = LSL
LSL 9.48 0 (3.534291 3.200000 2.748894)
LSR 12.78 0 (4.445161 3.890802 4.445161)
RSL 10.53 0 (4.111435 2.311203 4.111435)
RSR 9.48 0 (2.748894 3.200000 3.534291)
RLR 15.14 0 (4.963191 4.428595 5.748589)
LRL 15.14 0 (5.748589 4.428595 4.963191)

# 2.748894 2.748894 3.600000
# best = 0 = LSL
LSL 9.88 0 (3.534291 3.600000 2.748894)
LSR 13.04 0 (4.370255 4.297748 4.370255)
RSL 10.65 0 (3.958955 2.729352 3.958955)
RSR 9.88 0 (2.748894 3.600000 3.534291)
RLR 14.37 0 (4.770717 4.043646 5.556114)
LRL 14.37 0 (5.556114 4.043646 4.770717)

# 2.748894 2.748894 4.000000
# best = 0 = LSL
LSL 10.28 0 (3.534291 4.000000 2.748894)
LSR 13.32 0 (4.306244 4.703502 4.306244)
RSL 10.81 0 (3.834640 3.142781 3.834640)
RSR 10.28 0 (2.748894 4.000000 3.534291)
RLR 12.57 0 (4.319690 3.141593 5.105088)
LRL 12.57 0 (5.105088 3.141593 4.319690)

# 2.748894 2.748894 4.400000
# best = 0 = LSL
LSL 10.68 0 (3.534291 4.400000 2.748894)
LSR 13.61 0 (4.250999 5.108348 4.250999)
RSL 11.02 0 (3.731900 3.553136 3.731900)
RSR 10.68 0 (2.748894 4.400000 3.534291)
RLR inf 1 (inf inf inf)
LRL inf 1 (inf inf inf)

# 2.748894 2.748894 4.800000
# best = 0 = LSL
LSL 11.08 0 (3.534291 4.800000 2.748894)
LSR 13.92 0 (4.202894 5.512487 4.202894)
RSL 11.25 0 (3.645900 3.961374 3.645900)
RSR 11.08 0 (2.748894 4.800000 3.534291)
RLR inf 1 (inf inf inf)
LRL inf 1 (inf inf inf)

# 2.748894 2.748894 5.200000
# best = 0 = LSL
LSL 11.48 0 (3.534291 5.200000 2.748894)
LSR 14.24 0 (4.160668 5.916063 4.160668)
RSL 11.51 0 (3.573060 4.368088 3.573060)
RSR 11.48 0 (2.748894 5.200000 3.534291)
RLR inf 1 (inf inf inf)
LRL inf 1 (inf inf inf)

# 2.748894 2.748894 5.600000
# best = 2 = RSL
LSL 11.88 0 (3.534291 5.600000 2.748894)
LSR 14.57 0 (4.123332 6.319185 4.123332)
RSL 11.80 0 (3.510703 4.773667 3.510703)
RSR 11.88 0 (2.748894 5.600000 3.534291)
RLR inf 1 (inf inf inf)
LRL inf 1 (inf inf inf)

# 2.748894 2.748894 6.000000
# best = 2 = RSL
LSL 12.28 0 (3.534291 6.000000 2.748894)
LSR 14.90 0 (4.090102 6.721934 4.090102)
RSL 12.09 0 (3.456800 5.178379 3.456800)
RSR 12.28 0 (2.748894 6.000000 3.534291)
RLR inf 1 (inf inf inf)
LRL inf 1 (inf inf inf)

# 2.748894 2.748894 6.400000
# best = 2 = RSL
LSL 12.68 0 (3.534291 6.400000 2.748894)
LSR 15.25 0 (4.060349 7.124373 4.060349)
RSL 12.40 0 (3.409794 5.582411 3.409794)
RSR 12.68 0 (2.748894 6.400000 3.534291)
RLR inf 1 (inf inf inf)
LRL inf 1 (inf inf inf)

# 2.748894 2.748894 6.800000
# best = 2 = RSL
LSL 13.08 0 (3.534291 6.800000 2.748894)
LSR 15.59 0 (4.033565 7.526552 4.033565)
RSL 12.72 0 (3.368479 5.985902 3.368479)
RSR 13.08 0 (2.748894 6.800000 3.534291)
RLR inf 1 (inf inf inf)
LRL inf 1 (inf inf inf)

# 2.748894 2.748894 7.200000
# best = 2 = RSL
LSL 13.48 0 (3.534291 7.200000 2.748894)
LSR 15.95 0 (4.009333 7.928510 4.009333)
RSL 13.05 0 (3.331905 6.388954 3.331905)
RSR 13.48 0 (2.748894 7.200000 3.534291)
RLR inf 1 (inf inf inf)
LRL inf 1 (inf inf inf)

# 2.748894 2.748894 7.600000
# best = 2 = RSL
LSL 13.88 0 (3.534291 7.600000 2.748894)
LSR 16.30 0 (3.987311 8.330280 3.987311)
RSL 13.39 0 (3.299319 6.791645 3.299319)
RSR 13.88 0 (2.748894 7.600000 3.534291)
RLR inf 1 (inf inf inf)
LRL inf 1 (inf inf inf)

# 2.748894 2.748894 8.000000
# best = 2 = RSL
LSL 14.28 0 (3.534291 8.000000 2.748894)
LSR 16.67 0 (3.967214 8.731887 3.967214)
RSL 13.73 0 (3.270114 7.194035 3.270114)
RSR 14.28 0 (2.748894 8.000000 3.534291)
RLR inf 1 (inf inf inf)
LRL inf 1 (inf inf inf)

# 3.141593 2.748894 0.400000
# best = 0 = LSL
LSL 5.97 0 (4.488705 0.078065 1.401781)
LSR 12.20 0 (5.623674 0.560273 6.016373)
RSL inf 1 (inf inf inf)
RSR 7.46 0 (3.238544 0.786376 3.437341)
RLR 12.17 0 (6.182253 5.887419 0.097865)
LRL 12.10 0 (1.327595 6.244150 4.523856)

# 3.141593 2.748894 0.800000
# best = 0 = LSL
LSL 6.31 0 (3.322013 0.424202 2.568473)
LSR 11.94 0 (5.249009 1.048833 5.641708)
RSL inf 1 (inf inf inf)
RSR 7.86 0 (3.205867 1.185130 3.470018)
RLR 11.76 0 (6.046661 5.681589 0.027627)
LRL 11.75 0 (0.074170 6.070685 5.603816)

# 3.141593 2.748894 1.200000
# best = 0 = LSL
LSL 6.71 0 (3.234459 0.820854 2.656027)
LSR 11.79 0 (4.955995 1.485327 5.348694)
RSL 11.39 0 (5.586468 0.607718 5.193769)
RSR 8.26 0 (3.189652 1.584513 3.486233)
RLR 17.61 0 (5.923948 5.468593 6.220529)
LRL 17.63 0 (6.169370 5.869822 5.590938)

# 3.141593 2.748894 1.600000
# best = 0 = LSL
LSL 7.11 0 (3.204042 1.219694 2.686444)
LSR 11.74 0 (4.721432 1.905871 5.114131)
RSL 11.14 0 (5.220915 1.087738 4.828216)
RSR 8.66 0 (3.179967 1.984144 3.495918)
RLR 17.17 0 (5.802532 5.245130 6.118483)
LRL 17.22 0 (6.035777 5.663469 5.518179)

# 3.141593 2.748894 2.000000
# best = 0 = LSL
LSL 7.51 0 (3.188623 1.619107 2.701863)
LSR 11.78 0 (4.532494 2.319157 4.925193)
RSL 11.00 0 (4.933582 1.522179 4.540883)
RSR 9.06 0 (3.173529 2.383899 3.502355)
RLR 16.69 0 (5.676643 5.006227 6.005469)
LRL 16.79 0 (5.913481 5.449716 5.426721)

# 3.141593 2.748894 2.400000
# best = 0 = LSL
LSL 7.91 0 (3.179308 2.018752 2.711178)
LSR 11.88 0 (4.379044 2.728486 4.771743)
RSL 10.96 0 (4.703430 1.941876 4.310731)
RSR 9.46 0 (3.168941 2.783724 3.506943)
RLR 16.16 0 (5.540818 4.743754 5.878820)
LRL 16.34 0 (5.791880 5.225144 5.323751)

# 3.141593 2.748894 2.800000
# best = 0 = LSL
LSL 8.31 0 (3.173071 2.418515 2.717415)
LSR 12.03 0 (4.253107 3.135408 4.645806)
RSL 11.00 0 (4.517933 2.354726 4.125234)
RSR 9.86 0 (3.165505 3.183594 3.510379)
RLR 15.56 0 (5.386608 4.442205 5.731481)
LRL 15.86 0 (5.665365 4.984586 5.209708)

# 3.141593 2.748894 3.200000
# best = 0 = LSL
LSL 8.71 0 (3.168604 2.818345 2.721882)
LSR 12.23 0 (4.148570 3.540753 4.541269)
RSL 11.11 0 (4.367151 2.763800 3.974452)
RSR 10.26 0 (3.162837 3.583492 3.513048)
RLR 14.80 0 (5.194037 4.062401 5.544248)
LRL 15.33 0 (5.528357 4.719506 5.081635)

# 3.141593 2.748894 3.600000
# best = 0 = LSL
LSL 9.11 0 (3.165247 3.218217 2.725239)
LSR 12.46 0 (4.060805 3.945006 4.453504)
RSL 11.26 0 (4.243285 3.170559 3.850586)
RSR 10.66 0 (3.160703 3.983411 3.515181)
RLR 13.32 0 (4.822606 3.323805 5.177083)
LRL 14.72 0 (5.371916 4.413336 4.931907)

# 3.141593 2.748894 4.000000
# best = 0 = LSL
LSL 9.51 0 (3.162633 3.618117 2.727854)
LSR 12.71 0 (3.986321 4.348473 4.379020)
RSL 11.46 0 (4.140365 3.575793 3.747666)
RSR 11.06 0 (3.158960 4.383344 3.516925)
RLR inf 1 (inf inf inf)
LRL 13.94 0 (5.173950 4.022636 4.739172)

# 3.141593 2.748894 4.400000
# best = 0 = LSL
LSL 9.91 0 (3.160538 4.018038 2.729948)
LSR 12.99 0 (3.922466 4.751354 4.315165)
RSL 11.70 0 (4.053875 3.979969 3.661176)
RSR 11.46 0 (3.157507 4.783289 3.518377)
RLR inf 1 (inf inf inf)
LRL inf 1 (inf inf inf)

# 3.141593 2.748894 4.800000
# best = 0 = LSL
LSL 10.31 0 (3.158823 4.417972 2.731663)
LSR 13.28 0 (3.867214 5.153786 4.259913)
RSL 11.95 0 (3.980405 4.383378 3.587706)
RSR 11.86 0 (3.156279 5.183242 3.519605)
RLR inf 1 (inf inf inf)
LRL inf 1 (inf inf inf)

# 3.141593 2.748894 5.200000
# best = 0 = LSL
LSL 10.71 0 (3.157392 4.817918 2.733094)
LSR 13.59 0 (3.819000 5.555867 4.211699)
RSL 12.23 0 (3.917367 4.786216 3.524668)
RSR 12.26 0 (3.155227 5.583202 3.520657)
RLR inf 1 (inf inf inf)
LRL inf 1 (inf inf inf)

# 3.141593 2.748894 5.600000
# best = 0 = LSL
LSL 11.11 0 (3.156181 5.217872 2.734305)
LSR 13.90 0 (3.776604 5.957668 4.169303)
RSL 12.52 0 (3.862781 5.188614 3.470082)
RSR 12.66 0 (3.154316 5.983168 3.521569)
RLR inf 1 (inf inf inf)
LRL inf 1 (inf inf inf)

# 3.141593 2.748894 6.000000
# best = 0 = LSL
LSL 11.51 0 (3.155142 5.617832 2.735344)
LSR 14.23 0 (3.739062 6.359241 4.131761)
RSL 12.83 0 (3.815115 5.590668 3.422416)
RSR 13.06 0 (3.153519 6.383137 3.522366)
RLR inf 1 (inf inf inf)
LRL inf 1 (inf inf inf)

# 3.141593 2.748894 6.400000
# best = 0 = LSL
LSL 11.91 0 (3.154242 6.017798 2.736244)
LSR 14.56 0 (3.705606 6.760628 4.098305)
RSL 13.15 0 (3.773174 5.992447 3.380475)
RSR 13.46 0 (3.152815 6.783111 3.523069)
RLR inf 1 (inf inf inf)
LRL inf 1 (inf inf inf)

# 3.141593 2.748894 6.800000
# best = 0 = LSL
LSL 12.31 0 (3.153453 6.417768 2.737033)
LSR 14.91 0 (3.675619 7.161860 4.068318)
RSL 13.47 0 (3.736014 6.394003 3.343315)
RSR 13.86 0 (3.152190 7.183087 3.523694)
RLR inf 1 (inf inf inf)
LRL inf 1 (inf inf inf)

# 3.141593 2.748894 7.200000
# best = 0 = LSL
LSL 12.71 0 (3.152758 6.817742 2.737729)
LSR 15.25 0 (3.648598 7.562962 4.041297)
RSL 13.81 0 (3.702881 6.795376 3.310182)
RSR 14.26 0 (3.151631 7.583065 3.524253)
RLR inf 1 (inf inf inf)
LRL inf 1 (inf inf inf)

# 3.141593 2.748894 7.600000
# best = 0 = LSL
LSL 13.11 0 (3.152139 7.217718 2.738347)
LSR 15.60 0 (3.624132 7.963952 4.016831)
RSL 14.15 0 (3.673169 7.196595 3.280470)
RSR 14.66 0 (3.151128 7.983046 3.524756)
RLR inf 1 (inf inf inf)
LRL inf 1 (inf inf inf)

# 3.141593 2.748894 8.000000
# best = 0 = LSL
LSL 13.51 0 (3.151585 7.617697 2.738901)
LSR 15.96 0 (3.601882 8.364848 3.994581)
RSL 14.50 0 (3.646384 7.597686 3.253685)
RSR 15.06 0 (3.150673 8.383029 3.525211)
RLR inf 1 (inf inf inf)
LRL inf 1 (inf inf inf)

# -3.141593 3.141593 0.400000
# best = 3 = RSR
LSL 6.68 0 (3.141593 0.400001 3.141593)
LSR 12.18 0 (5.888395 0.400000 5.888394)
RSL 12.18 0 (5.888394 0.400000 5.888395)
RSR 6.68 0 (3.141592 0.399999 3.141592)
RLR 18.45 0 (6.183018 6.082851 6.183018)
LRL 18.45 0 (6.183018 6.082850 6.183018)

# -3.141593 3.141593 0.800000
# best = 3 = RSR
LSL 7.08 0 (3.141593 0.800001 3.141593)
LSR 11.84 0 (5.522173 0.800000 5.522172)
RSL 11.84 0 (5.522172 0.800000 5.522173)
RSR 7.08 0 (3.141592 0.799999 3.141592)
RLR 18.04 0 (6.081827 5.880470 6.081827)
LRL 18.04 0 (6.081828 5.880469 6.081828)

# -3.141593 3.141593 1.200000
# best = 3 = RSR
LSL 7.48 0 (3.141593 1.200001 3.141593)
LSR 11.60 0 (5.202347 1.200000 5.202346)
RSL 11.60 0 (5.202346 1.200000 5.202347)
RSR 7.48 0 (3.141592 1.199999 3.141592)
RLR 17.63 0 (5.978492 5.673800 5.978492)
LRL 17.63 0 (5.978493 5.673800 5.978493)

# -3.141593 3.141593 1.600000
# best = 3 = RSR
LSL 7.88 0 (3.141593 1.600001 3.141593)
LSR 11.47 0 (4.933704 1.600000 4.933703)
RSL 11.47 0 (4.933703 1.600000 4.933704)
RSR 7.88 0 (3.141592 1.599999 3.141592)
RLR 17.20 0 (5.871668 5.460152 5.871668)
LRL 17.20 0 (5.871669 5.460151 5.871669)

# -3.141593 3.141593 2.000000
# best = 3 = RSR
LSL 8.28 0 (3.141593 2.000001 3.141593)
LSR 11.42 0 (4.712389 2.000000 4.712389)
RSL 11.42 0 (4.712389 2.000000 4.712389)
RSR 8.28 0 (3.141592 1.999999 3.141592)
RLR 16.76 0 (5.759586 5.235988 5.759586)
LRL 16.76 0 (5.759587 5.235987 5.759587)

# -3.141593 3.141593 2.400000
# best = 3 = RSR
LSL 8.68 0 (3.141593 2.400001 3.141593)
LSR 11.46 0 (4.531070 2.400000 4.531069)
RSL 11.46 0 (4.531069 2.400000 4.531070)
RSR 8.68 0 (3.141592 2.399999 3.141592)
RLR 16.28 0 (5.639684 4.996184 5.639684)
LRL 16.28 0 (5.639684 4.996183 5.639684)

# -3.141593 3.141593 2.800000
# best = 3 = RSR
LSL 9.08 0 (3.141593 2.800001 3.141593)
LSR 11.56 0 (4.382092 2.800000 4.382091)
RSL 11.56 0 (4.382091 2.800000 4.382092)
RSR 9.08 0 (3.141592 2.799999 3.141592)
RLR 15.75 0 (5.507788 4.732391 5.507788)
LRL 15.75 0 (5.507788 4.732390 5.507788)

# -3.141593 3.141593 3.200000
# best = 3 = RSR
LSL 9.48 0 (3.141593 3.200001 3.141593)
LSR 11.72 0 (4.258792 3.200000 4.258791)
RSL 11.72 0 (4.258791 3.200000 4.258792)
RSR 9.48 0 (3.141592 3.199999 3.141592)
RLR 15.14 0 (5.355890 4.428595 5.355890)
LRL 15.14 0 (5.355890 4.428594 5.355890)

# -3.141593 3.141593 3.600000
# best = 3 = RSR
LSL 9.88 0 (3.141593 3.600001 3.141593)
LSR 11.91 0 (4.155790 3.600000 4.155789)
RSL 11.91 0 (4.155789 3.600000 4.155790)
RSR 9.88 0 (3.141592 3.599999 3.141592)
RLR 14.37 0 (5.163416 4.043647 5.163416)
LRL 14.37 0 (5.163416 4.043645 5.163416)

# -3.141593 3.141593 4.000000
# best = 3 = RSR
LSL 10.28 0 (3.141593 4.000001 3.141593)
LSR 12.14 0 (4.068888 4.000000 4.068888)
RSL 12.14 0 (4.068888 4.000000 4.068888)
RSR 10.28 0 (3.141592 3.999999 3.141592)
RLR 12.57 0 (4.712977 3.142770 4.712977)
LRL inf 1 (inf inf inf)

# -3.141593 3.141593 4.400000
# best = 3 = RSR
LSL 10.68 0 (3.141593 4.400001 3.141593)
LSR 12.39 0 (3.994848 4.400000 3.994847)
RSL 12.39 0 (3.994847 4.400000 3.994848)
RSR 10.68 0 (3.141592 4.399999 3.141592)
RLR inf 1 (inf inf inf)
LRL inf 1 (inf inf inf)

# -3.141593 3.141593 4.800000
# best = 3 = RSR
LSL 11.08 0 (3.141593 4.800001 3.141593)
LSR 12.66 0 (3.931175 4.800000 3.931175)
RSL 12.66 0 (3.931175 4.800000 3.931175)
RSR 11.08 0 (3.141592 4.799999 3.141592)
RLR inf 1 (inf inf inf)
LRL inf 1 (inf inf inf)

# -3.141593 3.141593 5.200000
# best = 3 = RSR
LSL 11.48 0 (3.141593 5.200001 3.141593)
LSR 12.95 0 (3.875941 5.200000 3.875940)
RSL 12.95 0 (3.875940 5.200000 3.875941)
RSR 11.48 0 (3.141592 5.199999 3.141592)
RLR inf 1 (inf inf inf)
LRL inf 1 (inf inf inf)

# -3.141593 3.141593 5.600000
# best = 3 = RSR
LSL 11.88 0 (3.141593 5.600001 3.141593)
LSR 13.26 0 (3.827641 5.600000 3.827640)
RSL 13.26 0 (3.827640 5.600000 3.827641)
RSR 11.88 0 (3.141592 5.599999 3.141592)
RLR inf 1 (inf inf inf)
LRL inf 1 (inf inf inf)

# -3.141593 3.141593 6.000000
# best = 3 = RSR
LSL 12.28 0 (3.141593 6.000001 3.141593)
LSR 13.57 0 (3.785094 6.000000 3.785093)
RSL 13.57 0 (3.785093 6.000000 3.785094)
RSR 12.28 0 (3.141592 5.999999 3.141592)
RLR inf 1 (inf inf inf)
LRL inf 1 (inf inf inf)

# -3.141593 3.141593 6.400000
# best = 3 = RSR
LSL 12.68 0 (3.141593 6.400001 3.141593)
LSR 13.89 0 (3.747363 6.400000 3.747362)
RSL 13.89 0 (3.747362 6.400000 3.747363)
RSR 12.68 0 (3.141592 6.399999 3.141592)
RLR inf 1 (inf inf inf)
LRL inf 1 (inf inf inf)

# -3.141593 3.141593 6.800000
# best = 3 = RSR
LSL 13.08 0 (3.141593 6.800001 3.141593)
LSR 14.23 0 (3.713696 6.800000 3.713695)
RSL 14.23 0 (3.713695 6.800000 3.713696)
RSR 13.08 0 (3.141592 6.799999 3.141592)
RLR inf 1 (inf inf inf)
LRL inf 1 (inf inf inf)

# -3.141593 3.141593 7.200000
# best = 3 = RSR
LSL 13.48 0 (3.141593 7.200001 3.141593)
LSR 14.57 0 (3.683487 7.200000 3.683486)
RSL 14.57 0 (3.683486 7.200000 3.683487)
RSR 13.48 0 (3.141592 7.199999 3.141592)
RLR inf 1 (inf inf inf)
LRL inf 1 (inf inf inf)

# -3.141593 3.141593 7.600000
# best = 3 = RSR
LSL 13.88 0 (3.141593 7.600001 3.141593)
LSR 14.91 0 (3.656240 7.600000 3.656240)
RSL 14.91 0 (3.656240 7.600000 3.656240)
RSR 13.88 0 (3.141592 7.599999 3.141592)
RLR inf 1 (inf inf inf)
LRL inf 1 (inf inf inf)

# -3.141593 3.141593 8.000000
# best = 3 = RSR
LSL 14.28 0 (3.141593 8.000001 3.141593)
LSR 15.26 0 (3.631550 8.000000 3.631550)
RSL 15.26 0 (3.631550 8.000000 3.631550)
RSR 14.28 0 (3.141592 7.999999 3.141592)
RLR inf 1 (inf inf inf)
LRL inf 1 (inf inf inf)

# -2.748894 3.141593 0.400000
# best = 0 = LSL
LSL 5.97 0 (1.401790 0.078065 4.488697)
LSR inf 1 (inf inf inf)
RSL 12.20 0 (6.016372 0.560273 5.623674)
RSR 7.46 0 (3.437341 0.786376 3.238543)
RLR 12.17 0 (0.097865 5.887420 6.182253)
LRL 12.10 0 (4.523865 6.244150 1.327587)

# -2.748894 3.141593 0.800000
# best = 0 = LSL
LSL 6.31 0 (2.568474 0.424203 3.322013)
LSR inf 1 (inf inf inf)
RSL 11.94 0 (5.641708 1.048834 5.249009)
RSR 7.86 0 (3.470018 1.185130 3.205866)
RLR 11.76 0 (0.027627 5.681589 6.046661)
LRL 11.75 0 (5.603816 6.070684 0.074170)

# -2.748894 3.141593 1.200000
# best = 0 = LSL
LSL 6.71 0 (2.656028 0.820854 3.234459)
LSR 11.39 0 (5.193770 0.607717 5.586468)
RSL 11.79 0 (5.348693 1.485328 4.955995)
RSR 8.26 0 (3.486233 1.584512 3.189651)
RLR 17.61 0 (6.220529 5.468593 5.923948)
LRL 17.63 0 (5.590938 5.869821 6.169370)

# -2.748894 3.141593 1.600000
# best = 0 = LSL
LSL 7.11 0 (2.686444 1.219695 3.204043)
LSR 11.14 0 (4.828217 1.087737 5.220915)
RSL 11.74 0 (5.114131 1.905872 4.721432)
RSR 8.66 0 (3.495918 1.984143 3.179966)
RLR 17.17 0 (6.118483 5.245131 5.802531)
LRL 17.22 0 (5.518178 5.663469 6.035777)

# -2.748894 3.141593 2.000000
# best = 0 = LSL
LSL 7.51 0 (2.701863 1.619108 3.188624)
LSR 11.00 0 (4.540883 1.522178 4.933582)
RSL 11.78 0 (4.925193 2.319158 4.532494)
RSR 9.06 0 (3.502355 2.383898 3.173529)
RLR 16.69 0 (6.005469 5.006228 5.676643)
LRL 16.79 0 (5.426721 5.449716 5.913482)

# -2.748894 3.141593 2.400000
# best = 0 = LSL
LSL 7.91 0 (2.711178 2.018753 3.179309)
LSR 10.96 0 (4.310731 1.941875 4.703430)
RSL 11.88 0 (4.771742 2.728487 4.379044)
RSR 9.46 0 (3.506943 2.783724 3.168940)
RLR 16.16 0 (5.878820 4.743754 5.540818)
LRL 16.34 0 (5.323750 5.225144 5.791880)

# -2.748894 3.141593 2.800000
# best = 0 = LSL
LSL 8.31 0 (2.717415 2.418516 3.173072)
LSR 11.00 0 (4.125234 2.354726 4.517932)
RSL 12.03 0 (4.645806 3.135409 4.253107)
RSR 9.86 0 (3.510379 3.183593 3.165505)
RLR 15.56 0 (5.731482 4.442206 5.386608)
LRL 15.86 0 (5.209708 4.984586 5.665365)

# -2.748894 3.141593 3.200000
# best = 0 = LSL
LSL 8.71 0 (2.721882 2.818345 3.168605)
LSR 11.11 0 (3.974452 2.763799 4.367151)
RSL 12.23 0 (4.541268 3.540753 4.148570)
RSR 10.26 0 (3.513048 3.583491 3.162836)
RLR 14.80 0 (5.544249 4.062402 5.194037)
LRL 15.33 0 (5.081634 4.719505 5.528358)

# -2.748894 3.141593 3.600000
# best = 0 = LSL
LSL 9.11 0 (2.725239 3.218218 3.165248)
LSR 11.26 0 (3.850586 3.170558 4.243285)
RSL 12.46 0 (4.453504 3.945007 4.060806)
RSR 10.66 0 (3.515181 3.983410 3.160703)
RLR 13.32 0 (5.177085 3.323809 4.822607)
LRL 14.72 0 (4.931907 4.413336 5.371916)

# -2.748894 3.141593 4.000000
# best = 0 = LSL
LSL 9.51 0 (2.727854 3.618118 3.162633)
LSR 11.46 0 (3.747666 3.575793 4.140364)
RSL 12.71 0 (4.379020 4.348474 3.986321)
RSR 11.06 0 (3.516925 4.383344 3.158959)
RLR inf 1 (inf inf inf)
LRL 13.94 0 (4.739171 4.022635 5.173951)

# -2.748894 3.141593 4.400000
# best = 0 = LSL
LSL 9.91 0 (2.729948 4.018038 3.160539)
LSR 11.70 0 (3.661176 3.979968 4.053874)
RSL 12.99 0 (4.315164 4.751355 3.922466)
RSR 11.46 0 (3.518377 4.783288 3.157507)
RLR inf 1 (inf inf inf)
LRL inf 1 (inf inf inf)

# -2.748894 3.141593 4.800000
# best = 0 = LSL
LSL 10.31 0 (2.731663 4.417973 3.158824)
LSR 11.95 0 (3.587706 4.383378 3.980404)
RSL 13.28 0 (4.259912 5.153787 3.867214)
RSR 11.86 0 (3.519605 5.183242 3.156279)
RLR inf 1 (inf inf inf)
LRL inf 1 (inf inf inf)

# -2.748894 3.141593 5.200000
# best = 0 = LSL
LSL 10.71 0 (2.733094 4.817919 3.157393)
LSR 12.23 0 (3.524668 4.786215 3.917367)
RSL 13.59 0 (4.211699 5.555868 3.819001)
RSR 12.26 0 (3.520657 5.583202 3.155227)
RLR inf 1 (inf inf inf)
LRL inf 1 (inf inf inf)

# -2.748894 3.141593 5.600000
# best = 0 = LSL
LSL 11.11 0 (2.734305 5.217873 3.156182)
LSR 12.52 0 (3.470082 5.188613 3.862780)
RSL 13.90 0 (4.169303 5.957668 3.776604)
RSR 12.66 0 (3.521569 5.983167 3.154315)
RLR inf 1 (inf inf inf)
LRL inf 1 (inf inf inf)

# -2.748894 3.141593 6.000000
# best = 0 = LSL
LSL 11.51 0 (2.735344 5.617833 3.155143)
LSR 12.83 0 (3.422416 5.590667 3.815114)
RSL 14.23 0 (4.131760 6.359242 3.739062)
RSR 13.06 0 (3.522366 6.383137 3.153518)
RLR inf 1 (inf inf inf)
LRL inf 1 (inf inf inf)

# -2.748894 3.141593 6.400000
# best = 0 = LSL
LSL 11.91 0 (2.736244 6.017799 3.154243)
LSR 13.15 0 (3.380475 5.992446 3.773173)
RSL 14.56 0 (4.098305 6.760629 3.705606)
RSR 13.46 0 (3.523069 6.783110 3.152815)
RLR inf 1 (inf inf inf)
LRL inf 1 (inf inf inf)

# -2.748894 3.141593 6.800000
# best = 0 = LSL
LSL 12.31 0 (2.737033 6.417769 3.153454)
LSR 13.47 0 (3.343315 6.394002 3.736013)
RSL 14.91 0 (4.068317 7.161861 3.675619)
RSR 13.86 0 (3.523694 7.183086 3.152190)
RLR inf 1 (inf inf inf)
LRL inf 1 (inf inf inf)

# -2.748894 3.141593 7.200000
# best = 0 = LSL
LSL 12.71 0 (2.737729 6.817742 3.152758)
LSR 13.81 0 (3.310182 6.795375 3.702880)
RSL 15.25 0 (4.041297 7.562962 3.648599)
RSR 14.26 0 (3.524253 7.583065 3.151631)
RLR inf 1 (inf inf inf)
LRL inf 1 (inf inf inf)

# -2.748894 3.141593 7.600000
# best = 0 = LSL
LSL 13.11 0 (2.738347 7.217719 3.152140)
LSR 14.15 0 (3.280470 7.196594 3.673168)
RSL 15.60 0 (4.016831 7.963953 3.624133)
RSR 14.66 0 (3.524756 7.983046 3.151128)
RLR inf 1 (inf inf inf)
LRL inf 1 (inf inf inf)

# -2.748894 3.141593 8.000000
# best = 0 = LSL
LSL 13.51 0 (2.738901 7.617698 3.151586)
LSR 14.50 0 (3.253686 7.597686 3.646384)
RSL 15.96 0 (3.994581 8.364849 3.601882)
RSR 15.06 0 (3.525211 8.383028 3.150673)
RLR inf 1 (inf inf inf)
LRL inf 1 (inf inf inf)

# -2.356194 3.141593 0.400000
# best = 2 = RSL
LSL 12.21 0 (6.259501 0.424383 5.521472)
LSR inf 1 (inf inf inf)
RSL 5.92 0 (0.025178 0.374031 5.522965)
RSR 8.21 0 (3.668359 1.145195 3.400225)
RLR 12.19 0 (0.236405 5.702462 6.251456)
LRL 11.36 0 (3.011612 6.070594 2.273583)

# -2.356194 3.141593 0.800000
# best = 0 = LSL
LSL 5.81 0 (1.092519 0.307272 4.405268)
LSR inf 1 (inf inf inf)
RSL 12.00 0 (5.846778 1.088846 5.061379)
RSR 8.60 0 (3.735042 1.535304 3.333541)
RLR 11.78 0 (0.199514 5.495313 6.081198)
LRL 11.47 0 (4.157219 6.129398 1.186781)

# -2.356194 3.141593 1.200000
# best = 0 = LSL
LSL 6.07 0 (1.820026 0.573350 3.677761)
LSR inf 1 (inf inf inf)
RSL 11.92 0 (5.553997 1.597270 4.768598)
RSR 9.00 0 (3.774602 1.929467 3.293982)
RLR 11.34 0 (0.129655 5.276476 5.932220)
LRL 11.21 0 (4.817785 5.995519 0.392336)

# -2.356194 3.141593 1.600000
# best = 0 = LSL
LSL 6.44 0 (2.039226 0.939705 3.458561)
LSR inf 1 (inf inf inf)
RSL 11.94 0 (5.335031 2.058387 4.549633)
RSR 9.39 0 (3.800714 2.325624 3.267870)
RLR 10.87 0 (0.038666 5.042274 5.789006)
LRL 10.83 0 (4.943676 5.808900 0.079825)

# -2.356194 3.141593 2.000000
# best = 0 = LSL
LSL 6.82 0 (2.133413 1.325654 3.364374)
LSR 10.52 0 (4.484103 0.765365 5.269502)
RSL 12.04 0 (5.164637 2.498528 4.379239)
RSR 9.79 0 (3.819216 2.722905 3.249367)
RLR 16.64 0 (6.212055 4.785678 5.642206)
LRL 16.71 0 (4.937204 5.607582 6.168165)

# -2.356194 3.141593 2.400000
# best = 0 = LSL
LSL 7.22 0 (2.184876 1.718044 3.312911)
LSR 10.38 0 (4.128265 1.334203 4.913664)
RSL 12.20 0 (5.028787 2.927171 4.243389)
RSR 10.19 0 (3.833003 3.120881 3.235580)
RLR 16.05 0 (6.079578 4.493149 5.482155)
LRL 16.29 0 (4.882518 5.395283 6.010552)

# -2.356194 3.141593 2.800000
# best = 0 = LSL
LSL 7.61 0 (2.217150 2.113289 3.280637)
LSR 10.35 0 (3.874255 1.815051 4.659653)
RSL 12.40 0 (4.918376 3.348733 4.132978)
RSR 10.59 0 (3.843670 3.519316 3.224913)
RLR 15.33 0 (5.909761 4.132181 5.291004)
LRL 15.84 0 (4.802120 5.169939 5.865606)

# -2.356194 3.141593 3.200000
# best = 0 = LSL
LSL 8.01 0 (2.239239 2.510040 3.258548)
LSR 10.41 0 (3.680055 2.264669 4.465454)
RSL 12.63 0 (4.827154 3.765594 4.041756)
RSR 10.99 0 (3.852167 3.918070 3.216417)
RLR 14.16 0 (5.625709 3.547084 4.989959)
LRL 15.35 0 (4.702480 4.926483 5.721790)

# -2.356194 3.141593 3.600000
# best = 0 = LSL
LSL 8.41 0 (2.255292 2.907683 3.242495)
LSR 10.54 0 (3.527082 2.698711 4.312481)
RSL 12.90 0 (4.750697 4.179161 3.965299)
RSR 11.39 0 (3.859093 4.317054 3.209490)
RLR inf 1 (inf inf inf)
LRL 14.81 0 (4.583058 4.655531 5.570261)

# -2.356194 3.141593 4.000000
# best = 0 = LSL
LSL 8.80 0 (2.267480 3.305894 3.230307)
LSR 10.72 0 (3.403976 3.123676 4.189374)
RSL 13.18 0 (4.685803 4.590324 3.900404)
RSR 11.78 0 (3.864848 4.716210 3.203736)
RLR inf 1 (inf inf inf)
LRL 14.17 0 (4.436259 4.337557 5.399085)

# -2.356194 3.141593 4.400000
# best = 0 = LSL
LSL 9.20 0 (2.277047 3.704490 3.220740)
LSR 10.93 0 (3.303126 3.542833 4.088524)
RSL 13.47 0 (4.630105 4.999676 3.844707)
RSR 12.18 0 (3.869704 5.115499 3.198880)
RLR inf 1 (inf inf inf)
LRL 13.33 0 (4.234639 3.915184 5.178332)

# -2.356194 3.141593 4.800000
# best = 0 = LSL
LSL 9.60 0 (2.284754 4.103360 3.213033)
LSR 11.18 0 (3.219227 3.958027 4.004625)
RSL 13.79 0 (4.581827 5.407628 3.796429)
RSR 12.58 0 (3.873857 5.514890 3.194727)
RLR inf 1 (inf inf inf)
LRL inf 1 (inf inf inf)

# -2.356194 3.141593 5.200000
# best = 0 = LSL
LSL 10.00 0 (2.291096 4.502430 3.206691)
LSR 11.45 0 (3.148480 4.370388 3.933879)
RSL 14.11 0 (4.539611 5.814476 3.754212)
RSR 12.98 0 (3.877449 5.914364 3.191135)
RLR inf 1 (inf inf inf)
LRL inf 1 (inf inf inf)

# -2.356194 3.141593 5.600000
# best = 0 = LSL
LSL 10.40 0 (2.296404 4.901652 3.201383)
LSR 11.74 0 (3.088111 4.780650 3.873510)
RSL 14.44 0 (4.502404 6.220435 3.717006)
RSR 13.38 0 (3.880586 6.313904 3.187998)
RLR inf 1 (inf inf inf)
LRL inf 1 (inf inf inf)

# -2.356194 3.141593 6.000000
# best = 0 = LSL
LSL 10.80 0 (2.300913 5.300991 3.196874)
LSR 12.05 0 (3.036052 5.189309 3.821451)
RSL 14.78 0 (4.469380 6.625670 3.683982)
RSR 13.78 0 (3.883350 6.713499 3.185234)
RLR inf 1 (inf inf inf)
LRL inf 1 (inf inf inf)

# -2.356194 3.141593 6.400000
# best = 0 = LSL
LSL 11.20 0 (2.304790 5.700423 3.192997)
LSR 12.36 0 (2.990738 5.596717 3.776136)
RSL 15.12 0 (4.439883 7.030305 3.654485)
RSR 14.18 0 (3.885803 7.113139 3.182780)
RLR inf 1 (inf inf inf)
LRL inf 1 (inf inf inf)

# -2.356194 3.141593 6.800000
# best = 0 = LSL
LSL 11.60 0 (2.308160 6.099929 3.189627)
LSR 12.69 0 (2.950964 6.003128 3.736362)
RSL 15.48 0 (4.413384 7.434438 3.627986)
RSR 14.58 0 (3.887996 7.512818 3.180588)
RLR inf 1 (inf inf inf)
LRL inf 1 (inf inf inf)

# -2.356194 3.141593 7.200000
# best = 0 = LSL
LSL 12.00 0 (2.311115 6.499496 3.186672)
LSR 13.03 0 (2.915791 6.408734 3.701190)
RSL 15.83 0 (4.389454 7.838148 3.604056)
RSR 14.98 0 (3.889966 7.912530 3.178617)
RLR inf 1 (inf inf inf)
LRL inf 1 (inf inf inf)

# -2.356194 3.141593 7.600000
# best = 0 = LSL
LSL 12.40 0 (2.313727 6.899113 3.184060)
LSR 13.37 0 (2.884479 6.813676 3.669877)
RSL 16.19 0 (4.367741 8.241495 3.582343)
RSR 15.38 0 (3.891748 8.312269 3.176836)
RLR inf 1 (inf inf inf)
LRL inf 1 (inf inf inf)

# -2.356194 3.141593 8.000000
# best = 0 = LSL
LSL 12.80 0 (2.316054 7.298772 3.181733)
LSR 13.72 0 (2.856433 7.218067 3.641832)
RSL 16.56 0 (4.347954 8.644532 3.562556)
RSR 15.78 0 (3.893366 8.712032 3.175218)
RLR inf 1 (inf inf inf)
LRL inf 1 (inf inf inf)

# -1.963495 3.141593 0.400000
# best = 4 = RLR
LSL 12.20 0 (5.972180 0.809648 5.416093)
LSR inf 1 (inf inf inf)
RSL inf 1 (inf inf inf)
RSR 8.92 0 (3.883369 1.460732 3.577913)
RLR 5.97 0 (0.367947 5.535527 0.062491)
LRL 10.57 0 (2.626768 5.875545 2.070680)

# -1.963495 3.141593 0.800000
# best = 0 = LSL
LSL 5.73 0 (0.194655 0.629624 4.910433)
LSR inf 1 (inf inf inf)
RSL 12.02 0 (6.127137 0.939987 4.949040)
RSR 9.29 0 (3.975820 1.831076 3.485463)
RLR 11.84 0 (0.358743 5.332217 6.151571)
LRL 10.76 0 (3.178185 5.967059 1.610777)

# -1.963495 3.141593 1.200000
# best = 0 = LSL
LSL 5.78 0 (0.813298 0.676256 4.291790)
LSR inf 1 (inf inf inf)
RSL 11.99 0 (5.806241 1.556496 4.628144)
RSR 9.67 0 (4.036828 2.211774 3.424454)
RLR 11.40 0 (0.309343 5.111400 5.980154)
LRL 10.71 0 (3.785011 5.943425 0.980317)

# -1.963495 3.141593 1.600000
# best = 0 = LSL
LSL 6.02 0 (1.223529 0.915543 3.881559)
LSR inf 1 (inf inf inf)
RSL 12.07 0 (5.589257 2.069247 4.411159)
RSR 10.06 0 (4.079809 2.598278 3.381473)
RLR 10.92 0 (0.231199 4.869149 5.816048)
LRL 10.46 0 (4.134188 5.821319 0.509034)

# -1.963495 3.141593 2.000000
# best = 0 = LSL
LSL 6.35 0 (1.442676 1.240611 3.662412)
LSR inf 1 (inf inf inf)
RSL 12.22 0 (5.428080 2.541827 4.249983)
RSR 10.45 0 (4.111617 2.988336 3.349666)
RLR 10.37 0 (0.126360 4.595857 5.647594)
LRL 10.13 0 (4.268915 5.652478 0.205466)

# -1.963495 3.141593 2.400000
# best = 0 = LSL
LSL 6.71 0 (1.567396 1.600004 3.537692)
LSR 9.75 0 (4.137523 0.301235 5.315621)
RSL 12.42 0 (5.302931 2.993324 4.124834)
RSR 10.84 0 (4.136061 3.380718 3.325222)
RLR 16.00 0 (6.270752 4.269383 5.459914)
LRL 16.03 0 (4.297471 5.460149 6.267767)

# -1.963495 3.141593 2.800000
# best = 0 = LSL
LSL 7.08 0 (1.645614 1.975072 3.459474)
LSR 9.64 0 (3.630279 1.196511 4.808376)
RSL 12.66 0 (5.202846 3.432069 4.024748)
RSR 11.24 0 (4.155412 3.774700 3.305871)
RLR 15.09 0 (6.063438 3.816052 5.213897)
LRL 15.61 0 (4.270789 5.250350 6.084649)

# -1.963495 3.141593 3.200000
# best = 0 = LSL
LSL 7.46 0 (1.698652 2.358348 3.406436)
LSR 9.65 0 (3.358939 1.758560 4.537036)
RSL 12.93 0 (5.120993 3.862408 3.942896)
RSR 11.63 0 (4.171100 4.169827 3.290182)
RLR inf 1 (inf inf inf)
LRL 15.15 0 (4.209697 5.022090 5.917482)

# -1.963495 3.141593 3.600000
# best = 0 = LSL
LSL 7.85 0 (1.736785 2.746398 3.368303)
LSR 9.76 0 (3.166500 2.252428 4.344597)
RSL 13.21 0 (5.052838 4.286876 3.874740)
RSR 12.03 0 (4.184071 4.565804 3.277212)
RLR inf 1 (inf inf inf)
LRL 14.64 0 (4.121576 4.769582 5.753095)

# -1.963495 3.141593 4.000000
# best = 0 = LSL
LSL 8.24 0 (1.765445 3.137451 3.339643)
LSR 9.94 0 (3.020725 2.715571 4.198822)
RSL 13.52 0 (4.995232 4.707059 3.817135)
RSR 12.42 0 (4.194969 4.962426 3.266314)
RLR inf 1 (inf inf inf)
LRL 14.06 0 (4.005370 4.479849 5.579567)

# -1.963495 3.141593 4.400000
# best = 0 = LSL
LSL 8.64 0 (1.787739 3.530509 3.317349)
LSR 10.15 0 (2.906125 3.161522 4.084222)
RSL 13.84 0 (4.945923 5.124013 3.767826)
RSR 12.82 0 (4.204253 5.359550 3.257029)
RLR inf 1 (inf inf inf)
LRL 13.35 0 (3.847910 4.120341 5.377519)

# -1.963495 3.141593 4.800000
# best = 0 = LSL
LSL 9.03 0 (1.805560 3.924970 3.299528)
LSR 10.40 0 (2.813632 3.596682 3.991730)
RSL 14.17 0 (4.903252 5.538467 3.725155)
RSR 13.22 0 (4.212256 5.757072 3.249026)
RLR inf 1 (inf inf inf)
LRL 12.16 0 (3.570348 3.529576 5.064316)

# -1.963495 3.141593 5.200000
# best = 0 = LSL
LSL 9.43 0 (1.820122 4.320450 3.284966)
LSR 10.68 0 (2.737438 4.024551 3.915536)
RSL 14.50 0 (4.865974 5.950943 3.687877)
RSR 13.62 0 (4.219225 6.154915 3.242058)
RLR inf 1 (inf inf inf)
LRL inf 1 (inf inf inf)

# -1.963495 3.141593 5.600000
# best = 0 = LSL
LSL 9.82 0 (1.832239 4.716692 3.272849)
LSR 10.97 0 (2.673612 4.447236 3.851710)
RSL 14.85 0 (4.833134 6.361825 3.655037)
RSR 14.01 0 (4.225347 6.553021 3.235936)
RLR inf 1 (inf inf inf)
LRL inf 1 (inf inf inf)

# -1.963495 3.141593 6.000000
# best = 0 = LSL
LSL 10.22 0 (1.842477 5.113519 3.262611)
LSR 11.28 0 (2.619393 4.866087 3.797490)
RSL 15.20 0 (4.803989 6.771405 3.625892)
RSR 14.41 0 (4.230768 6.951344 3.230515)
RLR inf 1 (inf inf inf)
LRL inf 1 (inf inf inf)

# -1.963495 3.141593 6.400000
# best = 0 = LSL
LSL 10.62 0 (1.851240 5.510806 3.253848)
LSR 11.61 0 (2.572780 5.282017 3.750877)
RSL 15.56 0 (4.777954 7.179905 3.599856)
RSR 14.81 0 (4.235601 7.349850 3.225682)
RLR inf 1 (inf inf inf)
LRL inf 1 (inf inf inf)

# -1.963495 3.141593 6.800000
# best = 0 = LSL
LSL 11.01 0 (1.858824 5.908458 3.246264)
LSR 11.94 0 (2.532290 5.695665 3.710388)
RSL 15.92 0 (4.754557 7.587499 3.576460)
RSR 15.21 0 (4.239937 7.748509 3.221346)
RLR inf 1 (inf inf inf)
LRL inf 1 (inf inf inf)

# -1.963495 3.141593 7.200000
# best = 0 = LSL
LSL 11.41 0 (1.865451 6.306407 3.239637)
LSR 12.28 0 (2.496801 6.107495 3.674898)
RSL 16.28 0 (4.733420 7.994325 3.555323)
RSR 15.61 0 (4.243848 8.147300 3.217435)
RLR inf 1 (inf inf inf)
LRL inf 1 (inf inf inf)

# -1.963495 3.141593 7.600000
# best = 0 = LSL
LSL 11.81 0 (1.871291 6.704600 3.233797)
LSR 12.63 0 (2.465445 6.517852 3.643543)
RSL 16.65 0 (4.714232 8.400497 3.536135)
RSR 16.01 0 (4.247394 8.546204 3.213888)
RLR inf 1 (inf inf inf)
LRL inf 1 (inf inf inf)

# -1.963495 3.141593 8.000000
# best = 0 = LSL
LSL 12.21 0 (1.876476 7.102997 3.228612)
LSR 12.98 0 (2.437546 6.926997 3.615643)
RSL 17.02 0 (4.696737 8.806103 3.518639)
RSR 16.41 0 (4.250624 8.945206 3.210658)
RLR inf 1 (inf inf inf)
LRL inf 1 (inf inf inf)

# -1.570796 3.141593 0.400000
# best = 4 = RLR
LSL 12.16 0 (5.742766 1.166190 5.252808)
LSR inf 1 (inf inf inf)
RSL inf 1 (inf inf inf)
RSR 9.57 0 (4.092140 1.720465 3.761842)
RLR 6.08 0 (0.505925 5.393942 0.175628)
LRL 9.81 0 (2.305329 5.691497 1.815371)

# -1.570796 3.141593 0.800000
# best = 2 = RSL
LSL 12.02 0 (6.085790 1.019804 4.909784)
LSR inf 1 (inf inf inf)
RSL 5.74 0 (0.266879 0.489899 4.979268)
RSR 9.91 0 (4.205291 2.059126 3.648691)
RLR 11.97 0 (0.522945 5.201680 6.249531)
LRL 9.96 0 (2.686400 5.767591 1.510395)

# -1.570796 3.141593 1.200000
# best = 0 = LSL
LSL 5.73 0 (0.197396 1.019804 4.514993)
LSR inf 1 (inf inf inf)
RSL 12.01 0 (6.113845 1.356466 4.543049)
RSR 10.27 0 (4.285762 2.416609 3.568220)
RLR 11.54 0 (0.495467 4.985782 6.061111)
LRL 9.96 0 (3.081191 5.767591 1.115604)

# -1.570796 3.141593 1.600000
# best = 0 = LSL
LSL 5.88 0 (0.540419 1.166191 4.171970)
LSR inf 1 (inf inf inf)
RSL 12.13 0 (5.880427 1.939072 4.309631)
RSR 10.64 0 (4.345215 2.785677 3.508766)
RLR 11.06 0 (0.433227 4.742394 5.879963)
LRL 9.81 0 (3.386167 5.691496 0.734533)

# -1.570796 3.141593 2.000000
# best = 0 = LSL
LSL 6.13 0 (0.785398 1.414214 3.926991)
LSR inf 1 (inf inf inf)
RSL 12.32 0 (5.718859 2.449490 4.148063)
RSR 11.02 0 (4.390639 3.162277 3.463343)
RLR 10.49 0 (0.337308 4.459709 5.693197)
LRL 9.55 0 (3.565623 5.560451 0.424031)

# -1.570796 3.141593 2.400000
# best = 0 = LSL
LSL 6.43 0 (0.950546 1.720466 3.761843)
LSR inf 1 (inf inf inf)
RSL 12.55 0 (5.598065 2.925748 4.027269)
RSR 11.40 0 (4.426338 3.544009 3.427644)
RLR 9.78 0 (0.196094 4.105883 5.480586)
LRL 9.22 0 (3.647517 5.393942 0.175628)

# -1.570796 3.141593 2.800000
# best = 0 = LSL
LSL 6.77 0 (1.063697 2.059126 3.648692)
LSR 8.88 0 (3.408473 0.489896 4.979269)
RSL 12.82 0 (5.503720 3.382307 3.932924)
RSR 11.78 0 (4.455065 3.929376 3.398916)
RLR 14.89 0 (6.214054 3.517977 5.157905)
LRL 15.12 0 (3.664537 5.201679 6.249531)

# -1.570796 3.141593 3.200000
# best = 0 = LSL
LSL 7.13 0 (1.144168 2.416610 3.568221)
LSR 8.87 0 (2.972253 1.356465 4.543049)
RSL 13.11 0 (5.427781 3.826226 3.856985)
RSR 12.17 0 (4.478646 4.317406 3.375336)
RLR inf 1 (inf inf inf)
LRL 14.68 0 (3.637059 4.985782 6.061111)

# -1.570796 3.141593 3.600000
# best = 0 = LSL
LSL 7.50 0 (1.203622 2.785678 3.508767)
LSR 8.99 0 (2.738834 1.939071 4.309631)
RSL 13.42 0 (5.365256 4.261455 3.794460)
RSR 12.56 0 (4.498329 4.707441 3.355653)
RLR inf 1 (inf inf inf)
LRL 14.20 0 (3.574819 4.742393 5.879963)

# -1.570796 3.141593 4.000000
# best = 0 = LSL
LSL 7.87 0 (1.249045 3.162278 3.463344)
LSR 9.17 0 (2.577266 2.449489 4.148062)
RSL 13.75 0 (5.312842 4.690416 3.742046)
RSR 12.95 0 (4.514994 5.099019 3.338988)
RLR inf 1 (inf inf inf)
LRL 13.63 0 (3.478900 4.459708 5.693198)

# -1.570796 3.141593 4.400000
# best = 0 = LSL
LSL 8.26 0 (1.284744 3.544009 3.427645)
LSR 9.41 0 (2.456472 2.925747 4.027268)
RSL 14.08 0 (5.268251 5.114685 3.697454)
RSR 13.35 0 (4.529278 5.491812 3.324703)
RLR inf 1 (inf inf inf)
LRL 12.92 0 (3.337686 4.105883 5.480586)

# -1.570796 3.141593 4.800000
# best = 0 = LSL
LSL 8.64 0 (1.313472 3.929377 3.398917)
LSR 9.68 0 (2.362127 3.382306 3.932923)
RSL 14.42 0 (5.229843 5.535341 3.659047)
RSR 13.74 0 (4.541654 5.885575 3.312328)
RLR inf 1 (inf inf inf)
LRL 11.75 0 (3.072460 3.517975 5.157904)

# -1.570796 3.141593 5.200000
# best = 0 = LSL
LSL 9.03 0 (1.337053 4.317407 3.375336)
LSR 9.97 0 (2.286188 3.826225 3.856984)
RSL 14.78 0 (5.196412 5.953151 3.625616)
RSR 14.13 0 (4.552476 6.280127 3.301505)
RLR inf 1 (inf inf inf)
LRL inf 1 (inf inf inf)

# -1.570796 3.141593 5.600000
# best = 0 = LSL
LSL 9.42 0 (1.356735 4.707441 3.355654)
LSR 10.28 0 (2.223663 4.261455 3.794459)
RSL 15.13 0 (5.167045 6.368674 3.596249)
RSR 14.53 0 (4.562018 6.675327 3.291964)
RLR inf 1 (inf inf inf)
LRL inf 1 (inf inf inf)

# -1.570796 3.141593 6.000000
# best = 0 = LSL
LSL 9.81 0 (1.373400 5.099020 3.338989)
LSR 10.60 0 (2.171249 4.690415 3.742045)
RSL 15.49 0 (5.141043 6.782330 3.570247)
RSR 14.93 0 (4.570492 7.071068 3.283489)
RLR inf 1 (inf inf inf)
LRL inf 1 (inf inf inf)

# -1.570796 3.141593 6.400000
# best = 0 = LSL
LSL 10.20 0 (1.387685 5.491812 3.324704)
LSR 10.94 0 (2.126657 5.114684 3.697454)
RSL 15.86 0 (5.117857 7.194443 3.547060)
RSR 15.32 0 (4.578068 7.467262 3.275914)
RLR inf 1 (inf inf inf)
LRL inf 1 (inf inf inf)

# -1.570796 3.141593 6.800000
# best = 0 = LSL
LSL 10.60 0 (1.400061 5.885576 3.312328)
LSR 11.28 0 (2.088250 5.535341 3.659046)
RSL 16.23 0 (5.097052 7.605262 3.526256)
RSR 15.72 0 (4.584880 7.863841 3.269102)
RLR inf 1 (inf inf inf)
LRL inf 1 (inf inf inf)

# -1.570796 3.141593 7.200000
# best = 0 = LSL
LSL 10.99 0 (1.410883 6.280128 3.301506)
LSR 11.63 0 (2.054819 5.953150 3.625615)
RSL 16.60 0 (5.078280 8.014986 3.507484)
RSR 16.11 0 (4.591037 8.260750 3.262944)
RLR inf 1 (inf inf inf)
LRL inf 1 (inf inf inf)

# -1.570796 3.141593 7.600000
# best = 0 = LSL
LSL 11.39 0 (1.420425 6.675328 3.291964)
LSR 11.99 0 (2.025452 6.368673 3.596248)
RSL 16.98 0 (5.061256 8.423776 3.490459)
RSR 16.51 0 (4.596630 8.657944 3.257352)
RLR inf 1 (inf inf inf)
LRL inf 1 (inf inf inf)

# -1.570796 3.141593 8.000000
# best = 0 = LSL
LSL 11.78 0 (1.428899 7.071068 3.283490)
LSR 12.35 0 (1.999450 6.782330 3.570246)
RSL 17.35 0 (5.045746 8.831761 3.474949)
RSR 16.91 0 (4.601732 9.055385 3.252250)
RLR inf 1 (inf inf inf)
LRL inf 1 (inf inf inf)

# -1.178097 3.141593 0.400000
# best = 4 = RLR
LSL 12.08 0 (5.528313 1.478602 5.074562)
LSR inf 1 (inf inf inf)
RSL inf 1 (inf inf inf)
RSR 10.16 0 (4.297967 1.914281 3.948714)
RLR 6.25 0 (0.657349 5.285134 0.308096)
LRL 9.09 0 (2.008088 5.525920 1.554337)

# -1.178097 3.141593 0.800000
# best = 4 = RLR
LSL 11.99 0 (5.801131 1.388222 4.801744)
LSR inf 1 (inf inf inf)
RSL inf 1 (inf inf inf)
RSR 10.46 0 (4.429082 2.209881 3.817598)
RLR 5.91 0 (0.702165 5.112536 0.090681)
LRL 9.19 0 (2.305109 5.574326 1.305722)

# -1.178097 3.141593 1.200000
# best = 2 = RSL
LSL 12.01 0 (6.087592 1.409985 4.515283)
LSR inf 1 (inf inf inf)
RSL 5.73 0 (0.234388 0.944428 4.554078)
RSR 10.78 0 (4.527998 2.534300 3.718683)
RLR 11.79 0 (0.700240 4.910855 6.174110)
LRL 9.16 0 (2.585763 5.562711 1.013453)

# -1.178097 3.141593 1.600000
# best = 0 = LSL
LSL 5.86 0 (0.062103 1.539141 4.257587)
LSR inf 1 (inf inf inf)
RSL 12.14 0 (6.223404 1.658629 4.259908)
RSR 11.12 0 (4.603904 2.877808 3.642776)
RLR 11.32 0 (0.659299 4.677159 5.981356)
LRL 9.02 0 (2.808721 5.493235 0.721019)

# -1.178097 3.141593 2.000000
# best = 0 = LSL
LSL 6.07 0 (0.268659 1.752099 4.051031)
LSR inf 1 (inf inf inf)
RSL 12.35 0 (6.046386 2.220395 4.082891)
RSR 11.48 0 (4.663360 3.234329 3.583321)
RLR 10.76 0 (0.580029 4.399708 5.783175)
LRL 8.79 0 (2.956852 5.376385 0.456038)

# -1.178097 3.141593 2.400000
# best = 0 = LSL
LSL 6.34 0 (0.425371 2.022560 3.894319)
LSR inf 1 (inf inf inf)
RSL 12.61 0 (5.921748 2.725666 3.958252)
RSR 11.85 0 (4.710878 3.599998 3.535802)
RLR 10.05 0 (0.449517 4.043648 5.557627)
LRL 8.48 0 (3.036840 5.222938 0.222603)

# -1.178097 3.141593 2.800000
# best = 0 = LSL
LSL 6.65 0 (0.542974 2.330589 3.776716)
LSR inf 1 (inf inf inf)
RSL 12.89 0 (5.827783 3.201306 3.864287)
RSR 12.22 0 (4.749564 3.972290 3.497117)
RLR 8.72 0 (0.154950 3.377142 5.185688)
LRL 8.11 0 (3.062585 5.039221 0.013141)

# -1.178097 3.141593 3.200000
# best = 0 = LSL
LSL 6.98 0 (0.632200 2.663182 3.687490)
LSR 8.12 0 (2.455238 1.249721 4.418733)
RSL 13.20 0 (5.753918 3.658888 3.790423)
RSR 12.60 0 (4.781580 4.349505 3.465100)
RLR inf 1 (inf inf inf)
LRL 13.97 0 (3.045233 4.826066 6.100523)

# -1.178097 3.141593 3.600000
# best = 0 = LSL
LSL 7.33 0 (0.701199 3.012215 3.618491)
LSR 8.29 0 (2.220538 1.882206 4.184033)
RSL 13.53 0 (5.694124 4.104457 3.730629)
RSR 12.98 0 (4.808464 4.730465 3.438216)
RLR inf 1 (inf inf inf)
LRL 13.48 0 (2.990101 4.577803 5.907393)

# -1.178097 3.141593 4.000000
# best = 0 = LSL
LSL 7.69 0 (0.755668 3.372586 3.564022)
LSR 8.52 0 (2.067344 2.417353 4.030839)
RSL 13.87 0 (5.644633 4.541549 3.681138)
RSR 13.36 0 (4.831327 5.114333 3.415354)
RLR inf 1 (inf inf inf)
LRL 12.87 0 (2.894152 4.276968 5.702506)

# -1.178097 3.141593 4.400000
# best = 0 = LSL
LSL 8.06 0 (0.799518 3.741020 3.520172)
LSR 8.79 0 (1.956093 2.909380 3.919589)
RSL 14.21 0 (5.602944 4.972401 3.639449)
RSR 13.75 0 (4.850989 5.500500 3.395692)
RLR inf 1 (inf inf inf)
LRL 12.05 0 (2.732132 3.865228 5.452786)

# -1.178097 3.141593 4.800000
# best = 0 = LSL
LSL 8.44 0 (0.835450 4.115353 3.484240)
LSR 9.08 0 (1.870703 3.377186 3.834198)
RSL 14.57 0 (5.567318 5.398507 3.603823)
RSR 14.14 0 (4.868065 5.888515 3.378616)
RLR inf 1 (inf inf inf)
LRL inf 1 (inf inf inf)

# -1.178097 3.141593 5.200000
# best = 0 = LSL
LSL 8.81 0 (0.865358 4.494110 3.454332)
LSR 9.40 0 (1.802751 3.829658 3.766246)
RSL 14.93 0 (5.536506 5.820909 3.573010)
RSR 14.52 0 (4.883026 6.278034 3.363654)
RLR inf 1 (inf inf inf)
LRL inf 1 (inf inf inf)

# -1.178097 3.141593 5.600000
# best = 0 = LSL
LSL 9.20 0 (0.890599 4.876261 3.429091)
LSR 9.73 0 (1.747239 4.271672 3.710734)
RSL 15.30 0 (5.509583 6.240360 3.546088)
RSR 14.92 0 (4.896237 6.668794 3.350444)
RLR inf 1 (inf inf inf)
LRL inf 1 (inf inf inf)

# -1.178097 3.141593 6.000000
# best = 0 = LSL
LSL 9.58 0 (0.912159 5.261066 3.407531)
LSR 10.07 0 (1.700963 4.706174 3.664458)
RSL 15.67 0 (5.485850 6.657416 3.522355)
RSR 15.31 0 (4.907983 7.060589 3.338697)
RLR inf 1 (inf inf inf)
LRL inf 1 (inf inf inf)

# -1.178097 3.141593 6.400000
# best = 0 = LSL
LSL 9.97 0 (0.930773 5.647983 3.388917)
LSR 10.42 0 (1.661755 5.135073 3.625250)
RSL 16.04 0 (5.464767 7.072503 3.501272)
RSR 15.70 0 (4.918493 7.453256 3.328187)
RLR inf 1 (inf inf inf)
LRL inf 1 (inf inf inf)

# -1.178097 3.141593 6.800000
# best = 0 = LSL
LSL 10.36 0 (0.946996 6.036606 3.372694)
LSR 10.78 0 (1.628088 5.559664 3.591583)
RSL 16.41 0 (5.445912 7.485947 3.482416)
RSR 16.09 0 (4.927950 7.846663 3.318730)
RLR inf 1 (inf inf inf)
LRL inf 1 (inf inf inf)

# -1.178097 3.141593 7.200000
# best = 0 = LSL
LSL 10.75 0 (0.961252 6.426625 3.358438)
LSR 11.14 0 (1.598851 5.980867 3.562346)
RSL 16.79 0 (5.428945 7.898006 3.465450)
RSR 16.49 0 (4.936504 8.240705 3.310177)
RLR inf 1 (inf inf inf)
LRL inf 1 (inf inf inf)

# -1.178097 3.141593 7.600000
# best = 0 = LSL
LSL 11.14 0 (0.973875 6.817801 3.345815)
LSR 11.51 0 (1.573215 6.399348 3.536710)
RSL 17.17 0 (5.413597 8.308887 3.450101)
RSR 16.88 0 (4.944276 8.635296 3.302405)
RLR inf 1 (inf inf inf)
LRL inf 1 (inf inf inf)

# -1.178097 3.141593 8.000000
# best = 0 = LSL
LSL 11.53 0 (0.985127 7.209945 3.334563)
LSR 11.88 0 (1.550547 6.815611 3.514043)
RSL 17.55 0 (5.399644 8.718756 3.436148)
RSR 17.28 0 (4.951369 9.030362 3.295312)
RLR inf 1 (inf inf inf)
LRL inf 1 (inf inf inf)

# -0.785398 3.141593 0.400000
# best = 4 = RLR
LSL 11.94 0 (5.319792 1.734511 4.890384)
LSR inf 1 (inf inf inf)
RSL inf 1 (inf inf inf)
RSR 10.67 0 (4.502331 2.034674 4.137049)
RLR 6.50 0 (0.827100 5.215910 0.461819)
LRL 8.42 0 (1.729685 5.386156 1.300277)

# -0.785398 3.141593 0.800000
# best = 4 = RLR
LSL 11.92 0 (5.552149 1.709632 4.658027)
LSR inf 1 (inf inf inf)
RSL inf 1 (inf inf inf)
RSR 10.92 0 (4.650245 2.277188 3.989134)
RLR 6.22 0 (0.903002 5.071885 0.241891)
LRL 8.44 0 (1.968933 5.399938 1.074811)

# -0.785398 3.141593 1.200000
# best = 4 = RLR
LSL 11.99 0 (5.778873 1.776839 4.431303)
LSR inf 1 (inf inf inf)
RSL inf 1 (inf inf inf)
RSR 11.20 0 (4.767670 2.559545 3.871710)
RLR 5.86 0 (0.931727 4.894485 0.035767)
LRL 8.37 0 (2.176988 5.362601 0.829419)

# -0.785398 3.141593 1.600000
# best = 2 = RSL
LSL 12.14 0 (5.979700 1.926518 4.230476)
LSR inf 1 (inf inf inf)
RSL 5.87 0 (0.376117 1.186815 4.303108)
RSR 11.51 0 (4.860759 2.870009 3.778620)
RLR 11.72 0 (0.918957 4.682765 6.120003)
LRL 8.20 0 (2.335594 5.278159 0.586370)

# -0.785398 3.141593 2.000000
# best = 2 = RSL
LSL 12.35 0 (6.145982 2.141445 4.064195)
LSR inf 1 (inf inf inf)
RSL 6.07 0 (0.147320 1.847759 4.074311)
RSR 11.84 0 (4.935170 3.200412 3.704210)
RLR 11.21 0 (0.866110 4.428251 5.918336)
LRL 7.95 0 (2.439453 5.153314 0.357667)

# -0.785398 3.141593 2.400000
# best = 2 = RSL
LSL 12.61 0 (6.279005 2.404184 3.931171)
LSR inf 1 (inf inf inf)
RSL 6.33 0 (0.004188 2.395809 3.931179)
RSR 12.18 0 (4.995389 3.545183 3.643990)
RLR 10.57 0 (0.764512 4.104616 5.696298)
LRL 7.63 0 (2.492603 4.993567 0.144769)

# -0.785398 3.141593 2.800000
# best = 0 = LSL
LSL 6.63 0 (0.101176 2.700818 3.825815)
LSR 7.37 0 (2.166320 0.682633 4.522514)
RSL 12.91 0 (6.185537 2.895788 3.829343)
RSR 12.54 0 (5.044790 3.900514 3.594589)
RLR 9.53 0 (0.555898 3.588585 5.388882)
LRL 13.53 0 (2.501527 4.800701 6.226166)

# -0.785398 3.141593 3.200000
# best = 0 = LSL
LSL 6.95 0 (0.184954 3.021379 3.742037)
LSR 7.52 0 (1.824334 1.516675 4.180528)
RSL 13.23 0 (6.108326 3.369165 3.752132)
RSR 12.90 0 (5.085861 4.263765 3.553519)
RLR inf 1 (inf inf inf)
LRL 13.07 0 (2.470366 4.570825 6.027450)

# -0.785398 3.141593 3.600000
# best = 0 = LSL
LSL 7.29 0 (0.252287 3.359025 3.674704)
LSR 7.76 0 (1.644799 2.110596 4.000994)
RSL 13.56 0 (6.047377 3.825828 3.691182)
RSR 13.27 0 (5.120434 4.633074 3.518945)
RLR inf 1 (inf inf inf)
LRL 12.51 0 (2.397046 4.289517 5.819463)

# -0.785398 3.141593 4.000000
# best = 0 = LSL
LSL 7.64 0 (0.307122 3.709092 3.619869)
LSR 8.04 0 (1.523853 2.632286 3.880047)
RSL 13.91 0 (5.997865 4.271141 3.641670)
RSR 13.65 0 (5.149874 5.007101 3.489506)
RLR inf 1 (inf inf inf)
LRL 11.75 0 (2.261653 3.909062 5.574400)

# -0.785398 3.141593 4.400000
# best = 0 = LSL
LSL 8.00 0 (0.352389 4.068375 3.574602)
LSR 8.34 0 (1.434846 3.118212 3.791040)
RSL 14.27 0 (5.956759 4.708325 3.600564)
RSR 14.02 0 (5.175202 5.384863 3.464178)
RLR inf 1 (inf inf inf)
LRL inf 1 (inf inf inf)

# -0.785398 3.141593 4.800000
# best = 0 = LSL
LSL 8.36 0 (0.390246 4.434636 3.536745)
LSR 8.67 0 (1.365954 3.582954 3.722148)
RSL 14.63 0 (5.922037 5.139457 3.565842)
RSR 14.41 0 (5.197198 5.765625 3.442182)
RLR inf 1 (inf inf inf)
LRL inf 1 (inf inf inf)

# -0.785398 3.141593 5.200000
# best = 0 = LSL
LSL 8.73 0 (0.422288 4.806278 3.504703)
LSR 9.01 0 (1.310782 4.033841 3.666977)
RSL 14.99 0 (5.892291 5.565941 3.536096)
RSR 14.79 0 (5.216460 6.148831 3.422920)
RLR inf 1 (inf inf inf)
LRL inf 1 (inf inf inf)

# -0.785398 3.141593 5.600000
# best = 0 = LSL
LSL 9.11 0 (0.449708 5.182145 3.477283)
LSR 9.36 0 (1.265478 4.475063 3.621672)
RSL 15.37 0 (5.866505 5.988772 3.510311)
RSR 15.17 0 (5.233457 6.534050 3.405923)
RLR inf 1 (inf inf inf)
LRL inf 1 (inf inf inf)

# -0.785398 3.141593 6.000000
# best = 0 = LSL
LSL 9.49 0 (0.473403 5.561379 3.453588)
LSR 9.72 0 (1.227545 4.909226 3.583739)
RSL 15.74 0 (5.843928 6.408672 3.487734)
RSR 15.56 0 (5.248557 6.920946 3.390823)
RLR inf 1 (inf inf inf)
LRL inf 1 (inf inf inf)

# -0.785398 3.141593 6.400000
# best = 0 = LSL
LSL 9.87 0 (0.494064 5.943337 3.432927)
LSR 10.08 0 (1.195281 5.338054 3.551476)
RSL 16.12 0 (5.823988 6.826182 3.467794)
RSR 15.95 0 (5.262056 7.309253 3.377324)
RLR inf 1 (inf inf inf)
LRL inf 1 (inf inf inf)

# -0.785398 3.141593 6.800000
# best = 0 = LSL
LSL 10.25 0 (0.512222 6.327525 3.414769)
LSR 10.45 0 (1.167483 5.762736 3.523677)
RSL 16.50 0 (5.806244 7.241715 3.450049)
RSR 16.34 0 (5.274191 7.698757 3.365189)
RLR inf 1 (inf inf inf)
LRL inf 1 (inf inf inf)

# -0.785398 3.141593 7.200000
# best = 0 = LSL
LSL 10.64 0 (0.528297 6.713560 3.398694)
LSR 10.83 0 (1.143269 6.184129 3.499463)
RSL 16.88 0 (5.790348 7.655595 3.434153)
RSR 16.73 0 (5.285156 8.089286 3.354224)
RLR inf 1 (inf inf inf)
LRL inf 1 (inf inf inf)

# -0.785398 3.141593 7.600000
# best = 0 = LSL
LSL 11.03 0 (0.542621 7.101141 3.384370)
LSR 11.20 0 (1.121979 6.602860 3.478173)
RSL 17.26 0 (5.776023 8.068074 3.419829)
RSR 17.12 0 (5.295109 8.480697 3.344270)
RLR inf 1 (inf inf inf)
LRL inf 1 (inf inf inf)

# -0.785398 3.141593 8.000000
# best = 0 = LSL
LSL 11.42 0 (0.555460 7.490028 3.371531)
LSR 11.58 0 (1.103107 7.019407 3.459301)
RSL 17.65 0 (5.763046 8.479357 3.406852)
RSR 17.51 0 (5.304184 8.872875 3.335196)
RLR inf 1 (inf inf inf)
LRL inf 1 (inf inf inf)

# -0.392699 3.141593 0.400000
# best = 4 = RLR
LSL 11.74 0 (5.114089 1.923957 4.703388)
LSR inf 1 (inf inf inf)
RSL inf 1 (inf inf inf)
RSR 11.11 0 (4.706066 2.076994 4.326012)
RLR 6.85 0 (1.018502 5.191242 0.638448)
LRL 7.81 0 (1.470713 5.279620 1.060013)

# -0.392699 3.141593 0.800000
# best = 4 = RLR
LSL 11.79 0 (5.318693 1.968620 4.498784)
LSR inf 1 (inf inf inf)
RSL inf 1 (inf inf inf)
RSR 11.29 0 (4.870876 2.258329 4.161202)
RLR 6.63 0 (1.129356 5.083331 0.419683)
LRL 7.76 0 (1.662537 5.254058 0.842628)

# -0.392699 3.141593 1.200000
# best = 4 = RLR
LSL 11.91 0 (5.506813 2.090292 4.310665)
LSR inf 1 (inf inf inf)
RSL inf 1 (inf inf inf)
RSR 11.52 0 (5.008091 2.491224 4.023987)
RLR 6.34 0 (1.194174 4.938537 0.210071)
LRL 7.62 0 (1.815354 5.183453 0.619206)

# -0.392699 3.141593 1.600000
# best = 4 = RLR
LSL 12.09 0 (5.669234 2.276658 4.148243)
LSR inf 1 (inf inf inf)
RSL inf 1 (inf inf inf)
RSR 11.79 0 (5.120139 2.762670 3.911939)
RLR 5.98 0 (1.216135 4.758362 0.007935)
LRL 7.40 0 (1.922152 5.072206 0.401161)

# -0.392699 3.141593 2.000000
# best = 2 = RSL
LSL 12.33 0 (5.804131 2.513370 4.013346)
LSR inf 1 (inf inf inf)
RSL 6.10 0 (0.634610 1.297296 4.168902)
RSR 12.09 0 (5.211224 3.062432 3.820855)
RLR 11.83 0 (1.197645 4.539213 6.090462)
LRL 7.10 0 (1.983118 4.924344 0.192333)

# -0.392699 3.141593 2.400000
# best = 2 = RSL
LSL 12.61 0 (5.914190 2.787630 3.903288)
LSR 6.75 0 (1.864805 0.274517 4.613698)
RSL 6.34 0 (0.436238 1.936265 3.970530)
RSR 12.42 0 (5.285572 3.382992 3.746507)
RLR 11.28 0 (1.136014 4.267254 5.880134)
LRL 13.02 0 (2.001521 4.741033 6.273804)

# -0.392699 3.141593 2.800000
# best = 2 = RSL
LSL 12.91 0 (6.003664 3.089455 3.813813)
LSR 6.90 0 (1.397847 1.359857 4.146740)
RSL 6.63 0 (0.310478 2.476948 3.844770)
RSR 12.75 0 (5.346777 3.718976 3.685302)
RLR 10.54 0 (1.011467 3.895751 5.633178)
LRL 12.57 0 (1.979517 4.518077 6.072851)

# -0.392699 3.141593 3.200000
# best = 2 = RSL
LSL 13.23 0 (6.076743 3.411537 3.740734)
LSR 7.15 0 (1.208693 1.985715 3.957587)
RSL 6.95 0 (0.220657 2.973452 3.754949)
RSR 13.10 0 (5.397683 4.066562 3.634395)
RLR inf 1 (inf inf inf)
LRL 12.01 0 (1.913666 4.240215 5.860842)

# -0.392699 3.141593 3.600000
# best = 2 = RSL
LSL 13.57 0 (6.136954 3.748659 3.680523)
LSR 7.44 0 (1.086962 2.521293 3.835855)
RSL 7.28 0 (0.152416 3.444933 3.686708)
RSR 13.46 0 (5.440481 4.423017 3.591597)
RLR inf 1 (inf inf inf)
LRL 11.24 0 (1.780949 3.854360 5.607703)

# -0.392699 3.141593 4.000000
# best = 2 = RSL
LSL 13.91 0 (6.187080 4.097108 3.630397)
LSR 7.76 0 (0.999428 3.015091 3.748322)
RSL 7.63 0 (0.098470 3.900476 3.632762)
RSR 13.82 0 (5.476840 4.786358 3.555238)
RLR inf 1 (inf inf inf)
LRL inf 1 (inf inf inf)

# -0.392699 3.141593 4.400000
# best = 2 = RSL
LSL 14.27 0 (6.229261 4.454228 3.588216)
LSR 8.10 0 (0.932654 3.484914 3.681547)
RSL 7.99 0 (0.054593 4.345096 3.588885)
RSR 14.19 0 (5.508034 5.155130 3.524045)
RLR inf 1 (inf inf inf)
LRL inf 1 (inf inf inf)

# -0.392699 3.141593 4.800000
# best = 2 = RSL
LSL 14.64 0 (6.265128 4.818091 3.552350)
LSR 8.45 0 (0.879717 3.939350 3.628610)
RSL 8.35 0 (0.018126 4.781841 3.552418)
RSR 14.56 0 (5.535040 5.528247 3.497039)
RLR inf 1 (inf inf inf)
LRL inf 1 (inf inf inf)

# -0.392699 3.141593 5.200000
# best = 0 = LSL
LSL 8.72 0 (0.012738 5.187278 3.521554)
LSR 8.81 0 (0.836571 4.383187 3.585464)
RSL 15.00 0 (6.270478 5.212691 3.521585)
RSR 14.94 0 (5.558616 5.904885 3.473462)
RLR inf 1 (inf inf inf)
LRL inf 1 (inf inf inf)

# -0.392699 3.141593 5.600000
# best = 0 = LSL
LSL 9.10 0 (0.039420 5.560729 3.494872)
LSR 9.17 0 (0.800652 4.819355 3.549546)
RSL 15.38 0 (6.244041 5.638998 3.495147)
RSR 15.32 0 (5.579356 6.284410 3.452723)
RLR inf 1 (inf inf inf)
LRL inf 1 (inf inf inf)

# -0.392699 3.141593 6.000000
# best = 0 = LSL
LSL 9.47 0 (0.062729 5.937639 3.471563)
LSR 9.54 0 (0.770243 5.249765 3.519136)
RSL 15.76 0 (6.221105 6.061720 3.472211)
RSR 15.70 0 (5.597726 6.666330 3.434353)
RLR inf 1 (inf inf inf)
LRL inf 1 (inf inf inf)

# -0.392699 3.141593 6.400000
# best = 0 = LSL
LSL 9.85 0 (0.083247 6.317390 3.451045)
LSR 9.91 0 (0.744140 5.675728 3.493033)
RSL 16.13 0 (6.201007 6.481558 3.452114)
RSR 16.08 0 (5.614100 7.050255 3.417979)
RLR inf 1 (inf inf inf)
LRL inf 1 (inf inf inf)

# -0.392699 3.141593 6.800000
# best = 0 = LSL
LSL 10.23 0 (0.101430 6.699498 3.432862)
LSR 10.29 0 (0.721473 6.098175 3.470367)
RSL 16.52 0 (6.183245 6.899039 3.434351)
RSR 16.47 0 (5.628780 7.435876 3.403299)
RLR inf 1 (inf inf inf)
LRL inf 1 (inf inf inf)

# -0.392699 3.141593 7.200000
# best = 0 = LSL
LSL 10.62 0 (0.117647 7.083581 3.416645)
LSR 10.67 0 (0.701596 6.517791 3.450489)
RSL 16.90 0 (6.167428 7.314567 3.418535)
RSR 16.86 0 (5.642009 7.822940 3.390069)
RLR inf 1 (inf inf inf)
LRL inf 1 (inf inf inf)

# -0.392699 3.141593 7.600000
# best = 0 = LSL
LSL 11.00 0 (0.132192 7.469336 3.402100)
LSR 11.05 0 (0.684016 6.935088 3.432909)
RSL 17.29 0 (6.153250 7.728456 3.404357)
RSR 17.24 0 (5.653990 8.211245 3.378089)
RLR inf 1 (inf inf inf)
LRL inf 1 (inf inf inf)

# -0.392699 3.141593 8.000000
# best = 0 = LSL
LSL 11.39 0 (0.145306 7.856515 3.388986)
LSR 11.44 0 (0.668352 7.350463 3.417245)
RSL 17.67 0 (6.140467 8.140957 3.391574)
RSR 17.63 0 (5.664887 8.600621 3.367192)
RLR inf 1 (inf inf inf)
LRL inf 1 (inf inf inf)

# 0.000000 3.141593 0.400000
# best = 4 = RLR
LSL 11.46 0 (4.909785 2.039608 4.514994)
LSR inf 1 (inf inf inf)
RSL inf 1 (inf inf inf)
RSR 11.46 0 (4.909784 2.039608 4.514993)
RLR 7.28 0 (1.233121 5.213044 0.838330)
LRL 7.28 0 (1.233121 5.213044 0.838330)

# 0.000000 3.141593 0.800000
# best = 4 = RLR
LSL 11.58 0 (5.092896 2.154066 4.331883)
LSR inf 1 (inf inf inf)
RSL inf 1 (inf inf inf)
RSR 11.58 0 (5.092895 2.154066 4.331882)
RLR 7.15 0 (1.382627 5.145834 0.621614)
LRL 7.15 0 (1.382627 5.145834 0.621615)

# 0.000000 3.141593 1.200000
# best = 4 = RLR
LSL 11.76 0 (5.252809 2.332381 4.171970)
LSR inf 1 (inf inf inf)
RSL inf 1 (inf inf inf)
RSR 11.76 0 (5.252808 2.332381 4.171969)
RLR 6.93 0 (1.488682 5.038119 0.407843)
LRL 6.93 0 (1.488682 5.038118 0.407844)

# 0.000000 3.141593 1.600000
# best = 4 = RLR
LSL 11.99 0 (5.387130 2.561250 4.037648)
LSR inf 1 (inf inf inf)
RSL inf 1 (inf inf inf)
RSR 11.99 0 (5.387130 2.561249 4.037648)
RLR 6.65 0 (1.550632 4.893376 0.201150)
LRL 6.65 0 (1.550632 4.893375 0.201151)

# 0.000000 3.141593 2.000000
# best = 5 = LRL
LSL 12.25 0 (5.497787 2.828427 3.926991)
LSR inf 1 (inf inf inf)
RSL 6.28 0 (1.570208 0.001177 4.711801)
RSR 12.25 0 (5.497787 2.828427 3.926991)
RLR 12.57 0 (1.570796 4.712389 6.283185)
LRL 6.28 0 (1.570796 4.712389 0.000000)

# 0.000000 3.141593 2.400000
# best = 1 = LSR
LSL 12.55 0 (5.588447 3.124100 3.836331)
LSR 6.44 0 (0.985111 1.326649 4.126703)
RSL 6.44 0 (0.985111 1.326651 4.126704)
RSR 12.55 0 (5.588447 3.124100 3.836331)
RLR 12.12 0 (1.550549 4.490575 6.081618)
LRL 12.12 0 (1.550549 4.490574 6.081618)

# 0.000000 3.141593 2.800000
# best = 1 = LSR
LSL 12.87 0 (5.662936 3.440930 3.761842)
LSR 6.69 0 (0.795603 1.959591 3.937195)
RSL 6.69 0 (0.795603 1.959592 3.937196)
RSR 12.87 0 (5.662936 3.440930 3.761842)
RLR 11.57 0 (1.485618 4.211735 5.867709)
LRL 11.57 0 (1.485618 4.211734 5.867709)

# 0.000000 3.141593 3.200000
# best = 1 = LSR
LSL 13.20 0 (5.724586 3.773593 3.700192)
LSR 6.99 0 (0.675132 2.497999 3.816724)
RSL 6.99 0 (0.675131 2.498000 3.816724)
RSR 13.20 0 (5.724586 3.773592 3.700192)
RLR 10.78 0 (1.350262 3.817724 5.609053)
LRL 10.78 0 (1.350262 3.817723 5.609054)

# 0.000000 3.141593 3.600000
# best = 1 = LSR
LSL 13.54 0 (5.776087 4.118252 3.648691)
LSR 7.31 0 (0.589031 2.993325 3.730623)
RSL 7.31 0 (0.589031 2.993326 3.730624)
RSR 13.54 0 (5.776087 4.118252 3.648691)
RLR inf 1 (inf inf inf)
LRL inf 1 (inf inf inf)

# 0.000000 3.141593 4.000000
# best = 1 = LSR
LSL 13.90 0 (5.819538 4.472136 3.605241)
LSR 7.65 0 (0.523599 3.464101 3.665191)
RSL 7.65 0 (0.523599 3.464102 3.665192)
RSR 13.90 0 (5.819538 4.472136 3.605240)
RLR inf 1 (inf inf inf)
LRL inf 1 (inf inf inf)

# 0.000000 3.141593 4.400000
# best = 1 = LSR
LSL 14.26 0 (5.856558 4.833219 3.568220)
LSR 8.00 0 (0.471862 3.919183 3.613454)
RSL 8.00 0 (0.471862 3.919184 3.613455)
RSR 14.26 0 (5.856558 4.833218 3.568220)
RLR inf 1 (inf inf inf)
LRL inf 1 (inf inf inf)

# 0.000000 3.141593 4.800000
# best = 1 = LSR
LSL 14.62 0 (5.888394 5.200000 3.536384)
LSR 8.36 0 (0.429775 4.363484 3.571368)
RSL 8.36 0 (0.429775 4.363485 3.571368)
RSR 14.62 0 (5.888394 5.200000 3.536383)
RLR inf 1 (inf inf inf)
LRL inf 1 (inf inf inf)

# 0.000000 3.141593 5.200000
# best = 1 = LSR
LSL 15.00 0 (5.916011 5.571356 3.508767)
LSR 8.73 0 (0.394791 4.800000 3.536383)
RSL 8.73 0 (0.394791 4.800000 3.536384)
RSR 15.00 0 (5.916011 5.571355 3.508766)
RLR inf 1 (inf inf inf)
LRL inf 1 (inf inf inf)

# 0.000000 3.141593 5.600000
# best = 1 = LSR
LSL 15.37 0 (5.940161 5.946428 3.484617)
LSR 9.10 0 (0.365207 5.230678 3.506800)
RSL 9.10 0 (0.365207 5.230679 3.506800)
RSR 15.37 0 (5.940161 5.946427 3.484616)
RLR inf 1 (inf inf inf)
LRL inf 1 (inf inf inf)

# 0.000000 3.141593 6.000000
# best = 1 = LSR
LSL 15.75 0 (5.961435 6.324556 3.463344)
LSR 9.48 0 (0.339837 5.656854 3.481429)
RSL 9.48 0 (0.339837 5.656855 3.481430)
RSR 15.75 0 (5.961435 6.324555 3.463343)
RLR inf 1 (inf inf inf)
LRL inf 1 (inf inf inf)

# 0.000000 3.141593 6.400000
# best = 1 = LSR
LSL 16.13 0 (5.980300 6.705222 3.444478)
LSR 9.86 0 (0.317824 6.079473 3.459416)
RSL 9.86 0 (0.317824 6.079474 3.459417)
RSR 16.13 0 (5.980300 6.705222 3.444477)
RLR inf 1 (inf inf inf)
LRL inf 1 (inf inf inf)

# 0.000000 3.141593 6.800000
# best = 1 = LSR
LSL 16.51 0 (5.997134 7.088018 3.427644)
LSR 10.24 0 (0.298532 6.499230 3.440125)
RSL 10.24 0 (0.298532 6.499231 3.440125)
RSR 16.51 0 (5.997134 7.088018 3.427644)
RLR inf 1 (inf inf inf)
LRL inf 1 (inf inf inf)

# 0.000000 3.141593 7.200000
# best = 1 = LSR
LSL 16.90 0 (6.012238 7.472617 3.412540)
LSR 10.62 0 (0.281480 6.916646 3.423072)
RSL 10.62 0 (0.281480 6.916647 3.423073)
RSR 16.90 0 (6.012238 7.472616 3.412539)
RLR inf 1 (inf inf inf)
LRL inf 1 (inf inf inf)

# 0.000000 3.141593 7.600000
# best = 1 = LSR
LSL 17.28 0 (6.025862 7.858753 3.398917)
LSR 11.01 0 (0.266294 7.332121 3.407886)
RSL 11.01 0 (0.266294 7.332121 3.407887)
RSR 17.28 0 (6.025862 7.858753 3.398916)
RLR inf 1 (inf inf inf)
LRL inf 1 (inf inf inf)

# 0.000000 3.141593 8.000000
# best = 1 = LSR
LSL 17.67 0 (6.038207 8.246212 3.386572)
LSR 11.39 0 (0.252680 7.745966 3.394273)
RSL 11.39 0 (0.252680 7.745967 3.394273)
RSR 17.67 0 (6.038207 8.246211 3.386571)
RLR inf 1 (inf inf inf)
LRL inf 1 (inf inf inf)

# 0.392699 3.141593 0.400000
# best = 5 = LRL
LSL 11.11 0 (4.706067 2.076995 4.326013)
LSR inf 1 (inf inf inf)
RSL inf 1 (inf inf inf)
RSR 11.74 0 (5.114088 1.923957 4.703388)
RLR 7.81 0 (1.470713 5.279620 1.060013)
LRL 6.85 0 (1.018503 5.191242 0.638448)

# 0.392699 3.141593 0.800000
# best = 5 = LRL
LSL 11.29 0 (4.870877 2.258330 4.161203)
LSR inf 1 (inf inf inf)
RSL inf 1 (inf inf inf)
RSR 11.79 0 (5.318693 1.968620 4.498784)
RLR 7.76 0 (1.662536 5.254058 0.842628)
LRL 6.63 0 (1.129357 5.083331 0.419683)

# 0.392699 3.141593 1.200000
# best = 5 = LRL
LSL 11.52 0 (5.008091 2.491225 4.023988)
LSR inf 1 (inf inf inf)
RSL inf 1 (inf inf inf)
RSR 11.91 0 (5.506812 2.090291 4.310664)
RLR 7.62 0 (1.815354 5.183454 0.619206)
LRL 6.34 0 (1.194174 4.938537 0.210071)

# 0.392699 3.141593 1.600000
# best = 5 = LRL
LSL 11.79 0 (5.120140 2.762670 3.911940)
LSR inf 1 (inf inf inf)
RSL inf 1 (inf inf inf)
RSR 12.09 0 (5.669234 2.276658 4.148243)
RLR 7.40 0 (1.922152 5.072207 0.401161)
LRL 5.98 0 (1.216135 4.758362 0.007935)

# 0.392699 3.141593 2.000000
# best = 1 = LSR
LSL 12.09 0 (5.211224 3.062433 3.820855)
LSR 6.10 0 (0.634610 1.297294 4.168902)
RSL inf 1 (inf inf inf)
RSR 12.33 0 (5.804131 2.513369 4.013346)
RLR 7.10 0 (1.983118 4.924344 0.192333)
LRL 11.83 0 (1.197645 4.539213 6.090462)

# 0.392699 3.141593 2.400000
# best = 1 = LSR
LSL 12.42 0 (5.285572 3.382993 3.746507)
LSR 6.34 0 (0.436238 1.936264 3.970529)
RSL 6.75 0 (1.864802 0.274522 4.613696)
RSR 12.61 0 (5.914189 2.787629 3.903287)
RLR 13.02 0 (2.001521 4.741033 6.273804)
LRL 11.28 0 (1.136013 4.267254 5.880134)

# 0.392699 3.141593 2.800000
# best = 1 = LSR
LSL 12.75 0 (5.346777 3.718977 3.685303)
LSR 6.63 0 (0.310478 2.476947 3.844769)
RSL 6.90 0 (1.397846 1.359859 4.146740)
RSR 12.91 0 (6.003664 3.089455 3.813812)
RLR 12.57 0 (1.979517 4.518077 6.072851)
LRL 10.54 0 (1.011467 3.895750 5.633178)

# 0.392699 3.141593 3.200000
# best = 1 = LSR
LSL 13.10 0 (5.397683 4.066563 3.634396)
LSR 6.95 0 (0.220657 2.973451 3.754948)
RSL 7.15 0 (1.208693 1.985716 3.957587)
RSR 13.23 0 (6.076743 3.411537 3.740733)
RLR 12.01 0 (1.913666 4.240216 5.860841)
LRL inf 1 (inf inf inf)

# 0.392699 3.141593 3.600000
# best = 1 = LSR
LSL 13.46 0 (5.440481 4.423017 3.591598)
LSR 7.28 0 (0.152416 3.444932 3.686708)
RSL 7.44 0 (1.086962 2.521294 3.835856)
RSR 13.57 0 (6.136954 3.748658 3.680523)
RLR 11.24 0 (1.780949 3.854361 5.607703)
LRL inf 1 (inf inf inf)

# 0.392699 3.141593 4.000000
# best = 1 = LSR
LSL 13.82 0 (5.476840 4.786359 3.555239)
LSR 7.63 0 (0.098470 3.900475 3.632761)
RSL 7.76 0 (0.999428 3.015091 3.748322)
RSR 13.91 0 (6.187080 4.097107 3.630396)
RLR inf 1 (inf inf inf)
LRL inf 1 (inf inf inf)

# 0.392699 3.141593 4.400000
# best = 1 = LSR
LSL 14.19 0 (5.508034 5.155131 3.524046)
LSR 7.99 0 (0.054593 4.345095 3.588884)
RSL 8.10 0 (0.932654 3.484915 3.681548)
RSR 14.27 0 (6.229261 4.454228 3.588215)
RLR inf 1 (inf inf inf)
LRL inf 1 (inf inf inf)

# 0.392699 3.141593 4.800000
# best = 1 = LSR
LSL 14.56 0 (5.535040 5.528248 3.497039)
LSR 8.35 0 (0.018126 4.781840 3.552417)
RSL 8.45 0 (0.879717 3.939351 3.628611)
RSR 14.64 0 (6.265127 4.818090 3.552349)
RLR inf 1 (inf inf inf)
LRL inf 1 (inf inf inf)

# 0.392699 3.141593 5.200000
# best = 3 = RSR
LSL 14.94 0 (5.558616 5.904885 3.473463)
LSR 15.00 0 (6.270478 5.212691 3.521584)
RSL 8.81 0 (0.836571 4.383188 3.585465)
RSR 8.72 0 (0.012738 5.187278 3.521553)
RLR inf 1 (inf inf inf)
LRL inf 1 (inf inf inf)

# 0.392699 3.141593 5.600000
# best = 3 = RSR
LSL 15.32 0 (5.579356 6.284411 3.452724)
LSR 15.38 0 (6.244041 5.638997 3.495147)
RSL 9.17 0 (0.800652 4.819356 3.549546)
RSR 9.10 0 (0.039420 5.560729 3.494871)
RLR inf 1 (inf inf inf)
LRL inf 1 (inf inf inf)

# 0.392699 3.141593 6.000000
# best = 3 = RSR
LSL 15.70 0 (5.597726 6.666331 3.434354)
LSR 15.76 0 (6.221105 6.061719 3.472211)
RSL 9.54 0 (0.770243 5.249766 3.519137)
RSR 9.47 0 (0.062729 5.937639 3.471562)
RLR inf 1 (inf inf inf)
LRL inf 1 (inf inf inf)

# 0.392699 3.141593 6.400000
# best = 3 = RSR
LSL 16.08 0 (5.614100 7.050256 3.417979)
LSR 16.13 0 (6.201007 6.481557 3.452113)
RSL 9.91 0 (0.744140 5.675729 3.493034)
RSR 9.85 0 (0.083247 6.317389 3.451045)
RLR inf 1 (inf inf inf)
LRL inf 1 (inf inf inf)

# 0.392699 3.141593 6.800000
# best = 3 = RSR
LSL 16.47 0 (5.628780 7.435876 3.403300)
LSR 16.52 0 (6.183245 6.899038 3.434351)
RSL 10.29 0 (0.721473 6.098176 3.470367)
RSR 10.23 0 (0.101430 6.699497 3.432861)
RLR inf 1 (inf inf inf)
LRL inf 1 (inf inf inf)

# 0.392699 3.141593 7.200000
# best = 3 = RSR
LSL 16.86 0 (5.642009 7.822941 3.390070)
LSR 16.90 0 (6.167428 7.314566 3.418534)
RSL 10.67 0 (0.701596 6.517791 3.450490)
RSR 10.62 0 (0.117647 7.083581 3.416644)
RLR inf 1 (inf inf inf)
LRL inf 1 (inf inf inf)

# 0.392699 3.141593 7.600000
# best = 3 = RSR
LSL 17.24 0 (5.653990 8.211245 3.378090)
LSR 17.29 0 (6.153250 7.728455 3.404356)
RSL 11.05 0 (0.684016 6.935089 3.432910)
RSR 11.00 0 (0.132192 7.469335 3.402099)
RLR inf 1 (inf inf inf)
LRL inf 1 (inf inf inf)

# 0.392699 3.141593 8.000000
# best = 3 = RSR
LSL 17.63 0 (5.664887 8.600622 3.367193)
LSR 17.67 0 (6.140467 8.140956 3.391573)
RSL 11.44 0 (0.668352 7.350463 3.417246)
RSR 11.39 0 (0.145306 7.856515 3.388985)
RLR inf 1 (inf inf inf)
LRL inf 1 (inf inf inf)

# 0.785398 3.141593 0.400000
# best = 5 = LRL
LSL 10.67 0 (4.502331 2.034674 4.137049)
LSR inf 1 (inf inf inf)
RSL inf 1 (inf inf inf)
RSR 11.94 0 (5.319792 1.734511 4.890384)
RLR 8.42 0 (1.729684 5.386156 1.300276)
LRL 6.50 0 (0.827101 5.215910 0.461819)

# 0.785398 3.141593 0.800000
# best = 5 = LRL
LSL 10.92 0 (4.650246 2.277188 3.989135)
LSR inf 1 (inf inf inf)
RSL inf 1 (inf inf inf)
RSR 11.92 0 (5.552149 1.709632 4.658027)
RLR 8.44 0 (1.968932 5.399938 1.074810)
LRL 6.22 0 (0.903003 5.071884 0.241891)

# 0.785398 3.141593 1.200000
# best = 5 = LRL
LSL 11.20 0 (4.767670 2.559545 3.871710)
LSR inf 1 (inf inf inf)
RSL inf 1 (inf inf inf)
RSR 11.99 0 (5.778873 1.776839 4.431303)
RLR 8.37 0 (2.176988 5.362601 0.829418)
LRL 5.86 0 (0.931727 4.894485 0.035768)

# 0.785398 3.141593 1.600000
# best = 1 = LSR
LSL 11.51 0 (4.860760 2.870010 3.778621)
LSR 5.87 0 (0.376118 1.186813 4.303108)
RSL inf 1 (inf inf inf)
RSR 12.14 0 (5.979700 1.926518 4.230476)
RLR 8.20 0 (2.335594 5.278159 0.586370)
LRL 11.72 0 (0.918957 4.682765 6.120003)

# 0.785398 3.141593 2.000000
# best = 1 = LSR
LSL 11.84 0 (4.935170 3.200413 3.704211)
LSR 6.07 0 (0.147321 1.847758 4.074311)
RSL inf 1 (inf inf inf)
RSR 12.35 0 (6.145981 2.141445 4.064194)
RLR 7.95 0 (2.439453 5.153315 0.357666)
LRL 11.21 0 (0.866110 4.428251 5.918336)

# 0.785398 3.141593 2.400000
# best = 1 = LSR
LSL 12.18 0 (4.995389 3.545184 3.643991)
LSR 6.33 0 (0.004188 2.395808 3.931178)
RSL inf 1 (inf inf inf)
RSR 12.61 0 (6.279005 2.404184 3.931171)
RLR 7.63 0 (2.492603 4.993567 0.144769)
LRL 10.57 0 (0.764512 4.104616 5.696299)

# 0.785398 3.141593 2.800000
# best = 3 = RSR
LSL 12.54 0 (5.044791 3.900515 3.594590)
LSR 12.91 0 (6.185537 2.895787 3.829342)
RSL 7.37 0 (2.166319 0.682635 4.522514)
RSR 6.63 0 (0.101176 2.700817 3.825814)
RLR 13.53 0 (2.501527 4.800702 6.226165)
LRL 9.53 0 (0.555897 3.588584 5.388882)

# 0.785398 3.141593 3.200000
# best = 3 = RSR
LSL 12.90 0 (5.085861 4.263766 3.553519)
LSR 13.23 0 (6.108326 3.369164 3.752131)
RSL 7.52 0 (1.824333 1.516676 4.180528)
RSR 6.95 0 (0.184954 3.021379 3.742037)
RLR 13.07 0 (2.470366 4.570825 6.027449)
LRL inf 1 (inf inf inf)

# 0.785398 3.141593 3.600000
# best = 3 = RSR
LSL 13.27 0 (5.120434 4.633075 3.518946)
LSR 13.56 0 (6.047377 3.825827 3.691182)
RSL 7.76 0 (1.644799 2.110597 4.000994)
RSR 7.29 0 (0.252287 3.359024 3.674703)
RLR 12.51 0 (2.397046 4.289518 5.819462)
LRL inf 1 (inf inf inf)

# 0.785398 3.141593 4.000000
# best = 3 = RSR
LSL 13.65 0 (5.149874 5.007102 3.489507)
LSR 13.91 0 (5.997865 4.271140 3.641670)
RSL 8.04 0 (1.523852 2.632287 3.880047)
RSR 7.64 0 (0.307122 3.709091 3.619868)
RLR 11.75 0 (2.261653 3.909062 5.574400)
LRL inf 1 (inf inf inf)

# 0.785398 3.141593 4.400000
# best = 3 = RSR
LSL 14.02 0 (5.175202 5.384864 3.464178)
LSR 14.27 0 (5.956759 4.708325 3.600564)
RSL 8.34 0 (1.434846 3.118213 3.791041)
RSR 8.00 0 (0.352389 4.068375 3.574601)
RLR inf 1 (inf inf inf)
LRL inf 1 (inf inf inf)

# 0.785398 3.141593 4.800000
# best = 3 = RSR
LSL 14.41 0 (5.197198 5.765626 3.442183)
LSR 14.63 0 (5.922037 5.139456 3.565842)
RSL 8.67 0 (1.365953 3.582955 3.722148)
RSR 8.36 0 (0.390246 4.434635 3.536745)
RLR inf 1 (inf inf inf)
LRL inf 1 (inf inf inf)

# 0.785398 3.141593 5.200000
# best = 3 = RSR
LSL 14.79 0 (5.216460 6.148831 3.422920)
LSR 14.99 0 (5.892291 5.565940 3.536096)
RSL 9.01 0 (1.310782 4.033842 3.666977)
RSR 8.73 0 (0.422288 4.806277 3.504702)
RLR inf 1 (inf inf inf)
LRL inf 1 (inf inf inf)

# 0.785398 3.141593 5.600000
# best = 3 = RSR
LSL 15.17 0 (5.233457 6.534050 3.405924)
LSR 15.37 0 (5.866506 5.988771 3.510311)
RSL 9.36 0 (1.265478 4.475064 3.621673)
RSR 9.11 0 (0.449708 5.182144 3.477283)
RLR inf 1 (inf inf inf)
LRL inf 1 (inf inf inf)

# 0.785398 3.141593 6.000000
# best = 3 = RSR
LSL 15.56 0 (5.248557 6.920946 3.390823)
LSR 15.74 0 (5.843928 6.408671 3.487733)
RSL 9.72 0 (1.227545 4.909227 3.583740)
RSR 9.49 0 (0.473403 5.561378 3.453587)
RLR inf 1 (inf inf inf)
LRL inf 1 (inf inf inf)

# 0.785398 3.141593 6.400000
# best = 3 = RSR
LSL 15.95 0 (5.262056 7.309253 3.377324)
LSR 16.12 0 (5.823988 6.826181 3.467793)
RSL 10.08 0 (1.195281 5.338054 3.551476)
RSR 9.87 0 (0.494064 5.943336 3.432926)
RLR inf 1 (inf inf inf)
LRL inf 1 (inf inf inf)

# 0.785398 3.141593 6.800000
# best = 3 = RSR
LSL 16.34 0 (5.274191 7.698758 3.365189)
LSR 16.50 0 (5.806244 7.241715 3.450049)
RSL 10.45 0 (1.167483 5.762737 3.523678)
RSR 10.25 0 (0.512222 6.327524 3.414768)
RLR inf 1 (inf inf inf)
LRL inf 1 (inf inf inf)

# 0.785398 3.141593 7.200000
# best = 3 = RSR
LSL 16.73 0 (5.285156 8.089286 3.354225)
LSR 16.88 0 (5.790348 7.655594 3.434153)
RSL 10.83 0 (1.143269 6.184129 3.499464)
RSR 10.64 0 (0.528297 6.713559 3.398693)
RLR inf 1 (inf inf inf)
LRL inf 1 (inf inf inf)

# 0.785398 3.141593 7.600000
# best = 3 = RSR
LSL 17.12 0 (5.295109 8.480698 3.344271)
LSR 17.26 0 (5.776023 8.068073 3.419828)
RSL 11.20 0 (1.121979 6.602861 3.478174)
RSR 11.03 0 (0.542621 7.101140 3.384369)
RLR inf 1 (inf inf inf)
LRL inf 1 (inf inf inf)

# 0.785398 3.141593 8.000000
# best = 3 = RSR
LSL 17.51 0 (5.304184 8.872876 3.335196)
LSR 17.65 0 (5.763046 8.479357 3.406851)
RSL 11.58 0 (1.103107 7.019408 3.459302)
RSR 11.42 0 (0.555460 7.490027 3.371530)
RLR inf 1 (inf inf inf)
LRL inf 1 (inf inf inf)

# 1.178097 3.141593 0.400000
# best = 5 = LRL
LSL 10.16 0 (4.297967 1.914281 3.948714)
LSR inf 1 (inf inf inf)
RSL inf 1 (inf inf inf)
RSR 12.08 0 (5.528313 1.478602 5.074562)
RLR 9.09 0 (2.008087 5.525920 1.554337)
LRL 6.25 0 (0.657349 5.285134 0.308096)

# 1.178097 3.141593 0.800000
# best = 5 = LRL
LSL 10.46 0 (4.429082 2.209881 3.817599)
LSR inf 1 (inf inf inf)
RSL inf 1 (inf inf inf)
RSR 11.99 0 (5.801131 1.388222 4.801744)
RLR 9.19 0 (2.305109 5.574326 1.305722)
LRL 5.91 0 (0.702165 5.112535 0.090681)

# 1.178097 3.141593 1.200000
# best = 1 = LSR
LSL 10.78 0 (4.527998 2.534301 3.718683)
LSR 5.73 0 (0.234389 0.944427 4.554078)
RSL inf 1 (inf inf inf)
RSR 12.01 0 (6.087592 1.409985 4.515283)
RLR 9.16 0 (2.585762 5.562711 1.013453)
LRL 11.79 0 (0.700240 4.910854 6.174111)

# 1.178097 3.141593 1.600000
# best = 3 = RSR
LSL 11.12 0 (4.603905 2.877809 3.642777)
LSR 12.14 0 (6.223404 1.658627 4.259908)
RSL inf 1 (inf inf inf)
RSR 5.86 0 (0.062103 1.539140 4.257587)
RLR 9.02 0 (2.808720 5.493235 0.721019)
LRL 11.32 0 (0.659299 4.677159 5.981356)

# 1.178097 3.141593 2.000000
# best = 3 = RSR
LSL 11.48 0 (4.663360 3.234329 3.583321)
LSR 12.35 0 (6.046386 2.220394 4.082890)
RSL inf 1 (inf inf inf)
RSR 6.07 0 (0.268659 1.752098 4.051030)
RLR 8.79 0 (2.956852 5.376385 0.456038)
LRL 10.76 0 (0.580029 4.399708 5.783175)

# 1.178097 3.141593 2.400000
# best = 3 = RSR
LSL 11.85 0 (4.710878 3.599999 3.535803)
LSR 12.61 0 (5.921748 2.725665 3.958252)
RSL inf 1 (inf inf inf)
RSR 6.34 0 (0.425371 2.022559 3.894318)
RLR 8.48 0 (3.036840 5.222939 0.222602)
LRL 10.05 0 (0.449517 4.043648 5.557627)

# 1.178097 3.141593 2.800000
# best = 3 = RSR
LSL 12.22 0 (4.749564 3.972291 3.497118)
LSR 12.89 0 (5.827783 3.201305 3.864287)
RSL inf 1 (inf inf inf)
RSR 6.65 0 (0.542974 2.330588 3.776716)
RLR 8.11 0 (3.062585 5.039222 0.013141)
LRL 8.72 0 (0.154948 3.377140 5.185687)

# 1.178097 3.141593 3.200000
# best = 3 = RSR
LSL 12.60 0 (4.781580 4.349506 3.465101)
LSR 13.20 0 (5.753918 3.658888 3.790422)
RSL 8.12 0 (2.455237 1.249722 4.418733)
RSR 6.98 0 (0.632200 2.663182 3.687489)
RLR 13.97 0 (3.045233 4.826066 6.100522)
LRL inf 1 (inf inf inf)

# 1.178097 3.141593 3.600000
# best = 3 = RSR
LSL 12.98 0 (4.808464 4.730465 3.438217)
LSR 13.53 0 (5.694124 4.104456 3.730628)
RSL 8.29 0 (2.220538 1.882207 4.184034)
RSR 7.33 0 (0.701199 3.012214 3.618491)
RLR 13.48 0 (2.990101 4.577804 5.907392)
LRL inf 1 (inf inf inf)

# 1.178097 3.141593 4.000000
# best = 3 = RSR
LSL 13.36 0 (4.831327 5.114333 3.415354)
LSR 13.87 0 (5.644633 4.541549 3.681137)
RSL 8.52 0 (2.067344 2.417354 4.030840)
RSR 7.69 0 (0.755668 3.372585 3.564022)
RLR 12.87 0 (2.894152 4.276969 5.702506)
LRL inf 1 (inf inf inf)

# 1.178097 3.141593 4.400000
# best = 3 = RSR
LSL 13.75 0 (4.850989 5.500501 3.395693)
LSR 14.21 0 (5.602944 4.972401 3.639448)
RSL 8.79 0 (1.956093 2.909381 3.919589)
RSR 8.06 0 (0.799518 3.741019 3.520172)
RLR 12.05 0 (2.732132 3.865229 5.452786)
LRL inf 1 (inf inf inf)

# 1.178097 3.141593 4.800000
# best = 3 = RSR
LSL 14.14 0 (4.868065 5.888515 3.378616)
LSR 14.57 0 (5.567318 5.398506 3.603822)
RSL 9.08 0 (1.870703 3.377187 3.834199)
RSR 8.44 0 (0.835449 4.115352 3.484240)
RLR inf 1 (inf inf inf)
LRL inf 1 (inf inf inf)

# 1.178097 3.141593 5.200000
# best = 3 = RSR
LSL 14.52 0 (4.883026 6.278035 3.363655)
LSR 14.93 0 (5.536506 5.820908 3.573010)
RSL 9.40 0 (1.802751 3.829659 3.766247)
RSR 8.81 0 (0.865358 4.494109 3.454331)
RLR inf 1 (inf inf inf)
LRL inf 1 (inf inf inf)

# 1.178097 3.141593 5.600000
# best = 3 = RSR
LSL 14.92 0 (4.896237 6.668795 3.350444)
LSR 15.30 0 (5.509583 6.240359 3.546087)
RSL 9.73 0 (1.747239 4.271673 3.710735)
RSR 9.20 0 (0.890599 4.876260 3.429091)
RLR inf 1 (inf inf inf)
LRL inf 1 (inf inf inf)

# 1.178097 3.141593 6.000000
# best = 3 = RSR
LSL 15.31 0 (4.907983 7.060590 3.338698)
LSR 15.67 0 (5.485850 6.657416 3.522354)
RSL 10.07 0 (1.700963 4.706175 3.664459)
RSR 9.58 0 (0.912159 5.261066 3.407530)
RLR inf 1 (inf inf inf)
LRL inf 1 (inf inf inf)

# 1.178097 3.141593 6.400000
# best = 3 = RSR
LSL 15.70 0 (4.918493 7.453256 3.328188)
LSR 16.04 0 (5.464767 7.072502 3.501271)
RSL 10.42 0 (1.661755 5.135073 3.625251)
RSR 9.97 0 (0.930773 5.647983 3.388916)
RLR inf 1 (inf inf inf)
LRL inf 1 (inf inf inf)

# 1.178097 3.141593 6.800000
# best = 3 = RSR
LSL 16.09 0 (4.927950 7.846664 3.318731)
LSR 16.41 0 (5.445912 7.485946 3.482416)
RSL 10.78 0 (1.628088 5.559665 3.591584)
RSR 10.36 0 (0.946996 6.036605 3.372694)
RLR inf 1 (inf inf inf)
LRL inf 1 (inf inf inf)

# 1.178097 3.141593 7.200000
# best = 3 = RSR
LSL 16.49 0 (4.936504 8.240706 3.310177)
LSR 16.79 0 (5.428945 7.898006 3.465449)
RSL 11.14 0 (1.598851 5.980867 3.562347)
RSR 10.75 0 (0.961252 6.426624 3.358437)
RLR inf 1 (inf inf inf)
LRL inf 1 (inf inf inf)

# 1.178097 3.141593 7.600000
# best = 3 = RSR
LSL 16.88 0 (4.944276 8.635296 3.302405)
LSR 17.17 0 (5.413597 8.308886 3.450101)
RSL 11.51 0 (1.573215 6.399349 3.536711)
RSR 11.14 0 (0.973875 6.817800 3.345814)
RLR inf 1 (inf inf inf)
LRL inf 1 (inf inf inf)

# 1.178097 3.141593 8.000000
# best = 3 = RSR
LSL 17.28 0 (4.951369 9.030362 3.295313)
LSR 17.55 0 (5.399644 8.718756 3.436148)
RSL 11.88 0 (1.550547 6.815612 3.514043)
RSR 11.53 0 (0.985127 7.209944 3.334562)
RLR inf 1 (inf inf inf)
LRL inf 1 (inf inf inf)

# 1.570796 3.141593 0.400000
# best = 5 = LRL
LSL 9.57 0 (4.092140 1.720466 3.761843)
LSR inf 1 (inf inf inf)
RSL inf 1 (inf inf inf)
RSR 12.16 0 (5.742765 1.166191 5.252808)
RLR 9.81 0 (2.305328 5.691496 1.815371)
LRL 6.08 0 (0.505925 5.393942 0.175628)

# 1.570796 3.141593 0.800000
# best = 1 = LSR
LSL 9.91 0 (4.205291 2.059126 3.648692)
LSR 5.74 0 (0.266881 0.489896 4.979269)
RSL inf 1 (inf inf inf)
RSR 12.02 0 (6.085789 1.019804 4.909784)
RLR 9.96 0 (2.686399 5.767591 1.510395)
LRL 11.97 0 (0.522945 5.201679 6.249531)

# 1.570796 3.141593 1.200000
# best = 3 = RSR
LSL 10.27 0 (4.285762 2.416610 3.568221)
LSR 12.01 0 (6.113846 1.356465 4.543049)
RSL inf 1 (inf inf inf)
RSR 5.73 0 (0.197395 1.019804 4.514993)
RLR 9.96 0 (3.081190 5.767591 1.115604)
LRL 11.54 0 (0.495467 4.985782 6.061111)

# 1.570796 3.141593 1.600000
# best = 3 = RSR
LSL 10.64 0 (4.345215 2.785678 3.508767)
LSR 12.13 0 (5.880428 1.939071 4.309631)
RSL inf 1 (inf inf inf)
RSR 5.88 0 (0.540419 1.166190 4.171970)
RLR 9.81 0 (3.386167 5.691497 0.734533)
LRL 11.06 0 (0.433227 4.742393 5.879963)

# 1.570796 3.141593 2.000000
# best = 3 = RSR
LSL 11.02 0 (4.390639 3.162278 3.463344)
LSR 12.32 0 (5.718859 2.449489 4.148062)
RSL inf 1 (inf inf inf)
RSR 6.13 0 (0.785398 1.414214 3.926991)
RLR 9.55 0 (3.565623 5.560451 0.424031)
LRL 10.49 0 (0.337308 4.459708 5.693198)

# 1.570796 3.141593 2.400000
# best = 3 = RSR
LSL 11.40 0 (4.426338 3.544009 3.427645)
LSR 12.55 0 (5.598065 2.925747 4.027268)
RSL inf 1 (inf inf inf)
RSR 6.43 0 (0.950546 1.720465 3.761842)
RLR 9.22 0 (3.647517 5.393942 0.175628)
LRL 9.78 0 (0.196094 4.105883 5.480586)

# 1.570796 3.141593 2.800000
# best = 3 = RSR
LSL 11.78 0 (4.455066 3.929377 3.398917)
LSR 12.82 0 (5.503720 3.382306 3.932923)
RSL 8.88 0 (3.408471 0.489899 4.979268)
RSR 6.77 0 (1.063697 2.059126 3.648691)
RLR 15.12 0 (3.664537 5.201680 6.249531)
LRL 14.89 0 (6.214053 3.517975 5.157904)

# 1.570796 3.141593 3.200000
# best = 3 = RSR
LSL 12.17 0 (4.478646 4.317407 3.375336)
LSR 13.11 0 (5.427781 3.826225 3.856984)
RSL 8.87 0 (2.972252 1.356466 4.543049)
RSR 7.13 0 (1.144168 2.416609 3.568220)
RLR 14.68 0 (3.637059 4.985782 6.061111)
LRL inf 1 (inf inf inf)

# 1.570796 3.141593 3.600000
# best = 3 = RSR
LSL 12.56 0 (4.498329 4.707441 3.355654)
LSR 13.42 0 (5.365256 4.261455 3.794459)
RSL 8.99 0 (2.738834 1.939072 4.309631)
RSR 7.50 0 (1.203622 2.785677 3.508766)
RLR 14.20 0 (3.574819 4.742394 5.879963)
LRL inf 1 (inf inf inf)

# 1.570796 3.141593 4.000000
# best = 3 = RSR
LSL 12.95 0 (4.514994 5.099020 3.338989)
LSR 13.75 0 (5.312842 4.690415 3.742045)
RSL 9.17 0 (2.577266 2.449490 4.148063)
RSR 7.87 0 (1.249045 3.162277 3.463343)
RLR 13.63 0 (3.478900 4.459709 5.693197)
LRL inf 1 (inf inf inf)

# 1.570796 3.141593 4.400000
# best = 3 = RSR
LSL 13.35 0 (4.529278 5.491812 3.324704)
LSR 14.08 0 (5.268251 5.114684 3.697454)
RSL 9.41 0 (2.456472 2.925748 4.027269)
RSR 8.26 0 (1.284744 3.544009 3.427644)
RLR 12.92 0 (3.337686 4.105883 5.480586)
LRL inf 1 (inf inf inf)

# 1.570796 3.141593 4.800000
# best = 3 = RSR
LSL 13.74 0 (4.541654 5.885576 3.312328)
LSR 14.42 0 (5.229843 5.535341 3.659046)
RSL 9.68 0 (2.362127 3.382307 3.932924)
RSR 8.64 0 (1.313472 3.929376 3.398916)
RLR 11.75 0 (3.072461 3.517977 5.157905)
LRL inf 1 (inf inf inf)

# 1.570796 3.141593 5.200000
# best = 3 = RSR
LSL 14.13 0 (4.552476 6.280128 3.301506)
LSR 14.78 0 (5.196412 5.953150 3.625615)
RSL 9.97 0 (2.286188 3.826226 3.856985)
RSR 9.03 0 (1.337053 4.317406 3.375336)
RLR inf 1 (inf inf inf)
LRL inf 1 (inf inf inf)

# 1.570796 3.141593 5.600000
# best = 3 = RSR
LSL 14.53 0 (4.562018 6.675328 3.291964)
LSR 15.13 0 (5.167045 6.368673 3.596248)
RSL 10.28 0 (2.223663 4.261455 3.794460)
RSR 9.42 0 (1.356735 4.707441 3.355653)
RLR inf 1 (inf inf inf)
LRL inf 1 (inf inf inf)

# 1.570796 3.141593 6.000000
# best = 3 = RSR
LSL 14.93 0 (4.570492 7.071068 3.283490)
LSR 15.49 0 (5.141043 6.782330 3.570246)
RSL 10.60 0 (2.171249 4.690416 3.742046)
RSR 9.81 0 (1.373400 5.099019 3.338988)
RLR inf 1 (inf inf inf)
LRL inf 1 (inf inf inf)

# 1.570796 3.141593 6.400000
# best = 3 = RSR
LSL 15.32 0 (4.578068 7.467262 3.275914)
LSR 15.86 0 (5.117857 7.194442 3.547060)
RSL 10.94 0 (2.126657 5.114685 3.697454)
RSR 10.20 0 (1.387685 5.491812 3.324703)
RLR inf 1 (inf inf inf)
LRL inf 1 (inf inf inf)

# 1.570796 3.141593 6.800000
# best = 3 = RSR
LSL 15.72 0 (4.584880 7.863842 3.269103)
LSR 16.23 0 (5.097052 7.605261 3.526255)
RSL 11.28 0 (2.088250 5.535341 3.659047)
RSR 10.60 0 (1.400061 5.885575 3.312328)
RLR inf 1 (inf inf inf)
LRL inf 1 (inf inf inf)

# 1.570796 3.141593 7.200000
# best = 3 = RSR
LSL 16.11 0 (4.591037 8.260751 3.262945)
LSR 16.60 0 (5.078280 8.014986 3.507483)
RSL 11.63 0 (2.054819 5.953151 3.625616)
RSR 10.99 0 (1.410883 6.280127 3.301505)
RLR inf 1 (inf inf inf)
LRL inf 1 (inf inf inf)

# 1.570796 3.141593 7.600000
# best = 3 = RSR
LSL 16.51 0 (4.596630 8.657945 3.257352)
LSR 16.98 0 (5.061256 8.423775 3.490459)
RSL 11.99 0 (2.025452 6.368674 3.596249)
RSR 11.39 0 (1.420425 6.675327 3.291964)
RLR inf 1 (inf inf inf)
LRL inf 1 (inf inf inf)

# 1.570796 3.141593 8.000000
# best = 3 = RSR
LSL 16.91 0 (4.601732 9.055386 3.252250)
LSR 17.35 0 (5.045746 8.831760 3.474949)
RSL 12.35 0 (1.999450 6.782330 3.570247)
RSR 11.78 0 (1.428899 7.071068 3.283489)
RLR inf 1 (inf inf inf)
LRL inf 1 (inf inf inf)

# 1.963495 3.141593 0.400000
# best = 5 = LRL
LSL 8.92 0 (3.883369 1.460732 3.577914)
LSR inf 1 (inf inf inf)
RSL inf 1 (inf inf inf)
RSR 12.20 0 (5.972180 0.809648 5.416093)
RLR 10.57 0 (2.626767 5.875545 2.070680)
LRL 5.97 0 (0.367947 5.535526 0.062492)

# 1.963495 3.141593 0.800000
# best = 3 = RSR
LSL 9.29 0 (3.975820 1.831077 3.485463)
LSR 12.02 0 (6.127138 0.939985 4.949040)
RSL inf 1 (inf inf inf)
RSR 5.73 0 (0.194654 0.629624 4.910433)
RLR 10.76 0 (3.178184 5.967059 1.610777)
LRL 11.84 0 (0.358743 5.332216 6.151571)

# 1.963495 3.141593 1.200000
# best = 3 = RSR
LSL 9.67 0 (4.036829 2.211775 3.424455)
LSR 11.99 0 (5.806241 1.556495 4.628143)
RSL inf 1 (inf inf inf)
RSR 5.78 0 (0.813297 0.676256 4.291790)
RLR 10.71 0 (3.785010 5.943425 0.980318)
LRL 11.40 0 (0.309343 5.111399 5.980154)

# 1.963495 3.141593 1.600000
# best = 3 = RSR
LSL 10.06 0 (4.079809 2.598278 3.381474)
LSR 12.07 0 (5.589257 2.069246 4.411159)
RSL inf 1 (inf inf inf)
RSR 6.02 0 (1.223528 0.915543 3.881559)
RLR 10.46 0 (4.134188 5.821320 0.509034)
LRL 10.92 0 (0.231199 4.869149 5.816048)

# 1.963495 3.141593 2.000000
# best = 3 = RSR
LSL 10.45 0 (4.111617 2.988336 3.349667)
LSR 12.22 0 (5.428081 2.541827 4.249983)
RSL inf 1 (inf inf inf)
RSR 6.35 0 (1.442675 1.240610 3.662412)
RLR 10.13 0 (4.268914 5.652478 0.205466)
LRL 10.37 0 (0.126359 4.595856 5.647595)

# 1.963495 3.141593 2.400000
# best = 3 = RSR
LSL 10.84 0 (4.136061 3.380719 3.325223)
LSR 12.42 0 (5.302932 2.993324 4.124834)
RSL 9.75 0 (4.137521 0.301238 5.315619)
RSR 6.71 0 (1.567396 1.600003 3.537691)
RLR 16.03 0 (4.297471 5.460150 6.267766)
LRL 16.00 0 (6.270752 4.269383 5.459914)

# 1.963495 3.141593 2.800000
# best = 3 = RSR
LSL 11.24 0 (4.155412 3.774700 3.305872)
LSR 12.66 0 (5.202846 3.432068 4.024748)
RSL 9.64 0 (3.630278 1.196512 4.808376)
RSR 7.08 0 (1.645614 1.975071 3.459473)
RLR 15.61 0 (4.270790 5.250351 6.084649)
LRL 15.09 0 (6.063437 3.816051 5.213897)

# 1.963495 3.141593 3.200000
# best = 3 = RSR
LSL 11.63 0 (4.171100 4.169828 3.290183)
LSR 12.93 0 (5.120993 3.862408 3.942895)
RSL 9.65 0 (3.358939 1.758561 4.537037)
RSR 7.46 0 (1.698651 2.358347 3.406436)
RLR 15.15 0 (4.209697 5.022091 5.917481)
LRL inf 1 (inf inf inf)

# 1.963495 3.141593 3.600000
# best = 3 = RSR
LSL 12.03 0 (4.184071 4.565805 3.277213)
LSR 13.21 0 (5.052838 4.286875 3.874740)
RSL 9.76 0 (3.166500 2.252429 4.344598)
RSR 7.85 0 (1.736785 2.746397 3.368303)
RLR 14.64 0 (4.121576 4.769583 5.753094)
LRL inf 1 (inf inf inf)

# 1.963495 3.141593 4.000000
# best = 3 = RSR
LSL 12.42 0 (4.194969 4.962426 3.266314)
LSR 13.52 0 (4.995232 4.707059 3.817134)
RSL 9.94 0 (3.020725 2.715572 4.198823)
RSR 8.24 0 (1.765445 3.137450 3.339642)
RLR 14.06 0 (4.005370 4.479850 5.579567)
LRL inf 1 (inf inf inf)

# 1.963495 3.141593 4.400000
# best = 3 = RSR
LSL 12.82 0 (4.204253 5.359550 3.257030)
LSR 13.84 0 (4.945923 5.124012 3.767825)
RSL 10.15 0 (2.906125 3.161523 4.084223)
RSR 8.64 0 (1.787739 3.530508 3.317348)
RLR 13.35 0 (3.847910 4.120341 5.377519)
LRL inf 1 (inf inf inf)

# 1.963495 3.141593 4.800000
# best = 3 = RSR
LSL 13.22 0 (4.212256 5.757072 3.249027)
LSR 14.17 0 (4.903252 5.538466 3.725154)
RSL 10.40 0 (2.813632 3.596682 3.991730)
RSR 9.03 0 (1.805560 3.924970 3.299527)
RLR 12.16 0 (3.570349 3.529578 5.064316)
LRL inf 1 (inf inf inf)

# 1.963495 3.141593 5.200000
# best = 3 = RSR
LSL 13.62 0 (4.219225 6.154916 3.242058)
LSR 14.50 0 (4.865974 5.950942 3.687876)
RSL 10.68 0 (2.737438 4.024552 3.915536)
RSR 9.43 0 (1.820122 4.320449 3.284966)
RLR inf 1 (inf inf inf)
LRL inf 1 (inf inf inf)

# 1.963495 3.141593 5.600000
# best = 3 = RSR
LSL 14.01 0 (4.225347 6.553022 3.235936)
LSR 14.85 0 (4.833134 6.361825 3.655036)
RSL 10.97 0 (2.673612 4.447237 3.851710)
RSR 9.82 0 (1.832239 4.716691 3.272848)
RLR inf 1 (inf inf inf)
LRL inf 1 (inf inf inf)

# 1.963495 3.141593 6.000000
# best = 3 = RSR
LSL 14.41 0 (4.230768 6.951345 3.230516)
LSR 15.20 0 (4.803989 6.771404 3.625891)
RSL 11.28 0 (2.619392 4.866088 3.797490)
RSR 10.22 0 (1.842477 5.113519 3.262610)
RLR inf 1 (inf inf inf)
LRL inf 1 (inf inf inf)

# 1.963495 3.141593 6.400000
# best = 3 = RSR
LSL 14.81 0 (4.235601 7.349850 3.225682)
LSR 15.56 0 (4.777954 7.179904 3.599856)
RSL 11.61 0 (2.572780 5.282018 3.750878)
RSR 10.62 0 (1.851240 5.510805 3.253847)
RLR inf 1 (inf inf inf)
LRL inf 1 (inf inf inf)

# 1.963495 3.141593 6.800000
# best = 3 = RSR
LSL 15.21 0 (4.239937 7.748510 3.221347)
LSR 15.92 0 (4.754557 7.587498 3.576459)
RSL 11.94 0 (2.532290 5.695666 3.710388)
RSR 11.01 0 (1.858824 5.908457 3.246264)
RLR inf 1 (inf inf inf)
LRL inf 1 (inf inf inf)

# 1.963495 3.141593 7.200000
# best = 3 = RSR
LSL 15.61 0 (4.243848 8.147301 3.217435)
LSR 16.28 0 (4.733420 7.994325 3.555322)
RSL 12.28 0 (2.496801 6.107496 3.674899)
RSR 11.41 0 (1.865451 6.306406 3.239637)
RLR inf 1 (inf inf inf)
LRL inf 1 (inf inf inf)

# 1.963495 3.141593 7.600000
# best = 3 = RSR
LSL 16.01 0 (4.247394 8.546204 3.213889)
LSR 16.65 0 (4.714232 8.400496 3.536134)
RSL 12.63 0 (2.465445 6.517852 3.643543)
RSR 11.81 0 (1.871291 6.704600 3.233797)
RLR inf 1 (inf inf inf)
LRL inf 1 (inf inf inf)

# 1.963495 3.141593 8.000000
# best = 3 = RSR
LSL 16.41 0 (4.250624 8.945206 3.210659)
LSR 17.02 0 (4.696737 8.806102 3.518639)
RSL 12.98 0 (2.437546 6.926998 3.615644)
RSR 12.21 0 (1.876476 7.102996 3.228611)
RLR inf 1 (inf inf inf)
LRL inf 1 (inf inf inf)

# 2.356194 3.141593 0.400000
# best = 1 = LSR
LSL 8.21 0 (3.668359 1.145196 3.400225)
LSR 5.92 0 (0.025180 0.374029 5.522966)
RSL inf 1 (inf inf inf)
RSR 12.21 0 (6.259499 0.424384 5.521472)
RLR 11.36 0 (3.011611 6.070593 2.273584)
LRL 12.19 0 (0.236405 5.702462 6.251456)

# 2.356194 3.141593 0.800000
# best = 3 = RSR
LSL 8.60 0 (3.735042 1.535304 3.333542)
LSR 12.00 0 (5.846778 1.088845 5.061379)
RSL inf 1 (inf inf inf)
RSR 5.81 0 (1.092517 0.307271 4.405269)
RLR 11.47 0 (4.157216 6.129398 1.186783)
LRL 11.78 0 (0.199514 5.495313 6.081198)

# 2.356194 3.141593 1.200000
# best = 3 = RSR
LSL 9.00 0 (3.774602 1.929468 3.293982)
LSR 11.92 0 (5.553997 1.597269 4.768598)
RSL inf 1 (inf inf inf)
RSR 6.07 0 (1.820025 0.573350 3.677761)
RLR 11.21 0 (4.817785 5.995520 0.392336)
LRL 11.34 0 (0.129655 5.276476 5.932220)

# 2.356194 3.141593 1.600000
# best = 3 = RSR
LSL 9.39 0 (3.800714 2.325625 3.267870)
LSR 11.94 0 (5.335031 2.058386 4.549632)
RSL inf 1 (inf inf inf)
RSR 6.44 0 (2.039226 0.939704 3.458560)
RLR 10.83 0 (4.943676 5.808900 0.079825)
LRL 10.87 0 (0.038665 5.042273 5.789007)

# 2.356194 3.141593 2.000000
# best = 3 = RSR
LSL 9.79 0 (3.819216 2.722906 3.249368)
LSR 12.04 0 (5.164637 2.498527 4.379238)
RSL 10.52 0 (4.484103 0.765366 5.269502)
RSR 6.82 0 (2.133413 1.325654 3.364373)
RLR 16.71 0 (4.937204 5.607583 6.168165)
LRL 16.64 0 (6.212055 4.785677 5.642207)

# 2.356194 3.141593 2.400000
# best = 3 = RSR
LSL 10.19 0 (3.833003 3.120882 3.235581)
LSR 12.20 0 (5.028787 2.927170 4.243388)
RSL 10.38 0 (4.128265 1.334204 4.913664)
RSR 7.22 0 (2.184876 1.718043 3.312910)
RLR 16.29 0 (4.882518 5.395283 6.010552)
LRL 16.05 0 (6.079578 4.493149 5.482155)

# 2.356194 3.141593 2.800000
# best = 3 = RSR
LSL 10.59 0 (3.843670 3.519317 3.224914)
LSR 12.40 0 (4.918376 3.348733 4.132977)
RSL 10.35 0 (3.874255 1.815052 4.659654)
RSR 7.61 0 (2.217150 2.113288 3.280636)
RLR 15.84 0 (4.802120 5.169939 5.865606)
LRL 15.33 0 (5.909760 4.132180 5.291004)

# 2.356194 3.141593 3.200000
# best = 3 = RSR
LSL 10.99 0 (3.852167 3.918070 3.216417)
LSR 12.63 0 (4.827154 3.765594 4.041755)
RSL 10.41 0 (3.680055 2.264670 4.465454)
RSR 8.01 0 (2.239239 2.510040 3.258548)
RLR 15.35 0 (4.702480 4.926483 5.721789)
LRL 14.16 0 (5.625708 3.547082 4.989958)

# 2.356194 3.141593 3.600000
# best = 3 = RSR
LSL 11.39 0 (3.859093 4.317055 3.209491)
LSR 12.90 0 (4.750697 4.179160 3.965298)
RSL 10.54 0 (3.527082 2.698711 4.312481)
RSR 8.41 0 (2.255292 2.907682 3.242494)
RLR 14.81 0 (4.583058 4.655532 5.570260)
LRL inf 1 (inf inf inf)

# 2.356194 3.141593 4.000000
# best = 3 = RSR
LSL 11.78 0 (3.864848 4.716211 3.203737)
LSR 13.18 0 (4.685803 4.590323 3.900404)
RSL 10.72 0 (3.403975 3.123677 4.189374)
RSR 8.80 0 (2.267480 3.305893 3.230306)
RLR 14.17 0 (4.436259 4.337557 5.399085)
LRL inf 1 (inf inf inf)

# 2.356194 3.141593 4.400000
# best = 3 = RSR
LSL 12.18 0 (3.869704 5.115499 3.198880)
LSR 13.47 0 (4.630105 4.999675 3.844706)
RSL 10.93 0 (3.303126 3.542834 4.088525)
RSR 9.20 0 (2.277047 3.704489 3.220739)
RLR 13.33 0 (4.234639 3.915185 5.178332)
LRL inf 1 (inf inf inf)

# 2.356194 3.141593 4.800000
# best = 3 = RSR
LSL 12.58 0 (3.873857 5.514891 3.194728)
LSR 13.79 0 (4.581827 5.407628 3.796428)
RSL 11.18 0 (3.219226 3.958028 4.004625)
RSR 9.60 0 (2.284754 4.103359 3.213032)
RLR inf 1 (inf inf inf)
LRL inf 1 (inf inf inf)

# 2.356194 3.141593 5.200000
# best = 3 = RSR
LSL 12.98 0 (3.877449 5.914364 3.191136)
LSR 14.11 0 (4.539611 5.814475 3.754212)
RSL 11.45 0 (3.148480 4.370389 3.933879)
RSR 10.00 0 (2.291096 4.502429 3.206691)
RLR inf 1 (inf inf inf)
LRL inf 1 (inf inf inf)

# 2.356194 3.141593 5.600000
# best = 3 = RSR
LSL 13.38 0 (3.880586 6.313905 3.187998)
LSR 14.44 0 (4.502404 6.220435 3.717005)
RSL 11.74 0 (3.088111 4.780650 3.873510)
RSR 10.40 0 (2.296404 4.901651 3.201382)
RLR inf 1 (inf inf inf)
LRL inf 1 (inf inf inf)

# 2.356194 3.141593 6.000000
# best = 3 = RSR
LSL 13.78 0 (3.883350 6.713500 3.185234)
LSR 14.78 0 (4.469380 6.625669 3.683981)
RSL 12.05 0 (3.036052 5.189309 3.821451)
RSR 10.80 0 (2.300913 5.300990 3.196873)
RLR inf 1 (inf inf inf)
LRL inf 1 (inf inf inf)

# 2.356194 3.141593 6.400000
# best = 3 = RSR
LSL 14.18 0 (3.885803 7.113140 3.182781)
LSR 15.12 0 (4.439883 7.030304 3.654484)
RSL 12.36 0 (2.990738 5.596717 3.776137)
RSR 11.20 0 (2.304790 5.700422 3.192996)
RLR inf 1 (inf inf inf)
LRL inf 1 (inf inf inf)

# 2.356194 3.141593 6.800000
# best = 3 = RSR
LSL 14.58 0 (3.887996 7.512819 3.180589)
LSR 15.48 0 (4.413384 7.434438 3.627985)
RSL 12.69 0 (2.950964 6.003129 3.736363)
RSR 11.60 0 (2.308160 6.099928 3.189627)
RLR inf 1 (inf inf inf)
LRL inf 1 (inf inf inf)

# 2.356194 3.141593 7.200000
# best = 3 = RSR
LSL 14.98 0 (3.889966 7.912530 3.178618)
LSR 15.83 0 (4.389454 7.838147 3.604055)
RSL 13.03 0 (2.915791 6.408734 3.701190)
RSR 12.00 0 (2.311115 6.499495 3.186672)
RLR inf 1 (inf inf inf)
LRL inf 1 (inf inf inf)

# 2.356194 3.141593 7.600000
# best = 3 = RSR
LSL 15.38 0 (3.891748 8.312269 3.176837)
LSR 16.19 0 (4.367741 8.241495 3.582342)
RSL 13.37 0 (2.884479 6.813677 3.669878)
RSR 12.40 0 (2.313727 6.899113 3.184059)
RLR inf 1 (inf inf inf)
LRL inf 1 (inf inf inf)

# 2.356194 3.141593 8.000000
# best = 3 = RSR
LSL 15.78 0 (3.893366 8.712032 3.175219)
LSR 16.56 0 (4.347954 8.644531 3.562555)
RSL 13.72 0 (2.856433 7.218068 3.641832)
RSR 12.80 0 (2.316054 7.298772 3.181732)
RLR inf 1 (inf inf inf)
LRL inf 1 (inf inf inf)

# 2.748894 3.141593 0.400000
# best = 3 = RSR
LSL 7.46 0 (3.437341 0.786376 3.238544)
LSR 12.20 0 (6.016373 0.560273 5.623674)
RSL inf 1 (inf inf inf)
RSR 5.97 0 (1.401781 0.078065 4.488705)
RLR 12.10 0 (4.523856 6.244150 1.327595)
LRL 12.17 0 (0.097865 5.887419 6.182253)

# 2.748894 3.141593 0.800000
# best = 3 = RSR
LSL 7.86 0 (3.470018 1.185130 3.205867)
LSR 11.94 0 (5.641708 1.048833 5.249009)
RSL inf 1 (inf inf inf)
RSR 6.31 0 (2.568473 0.424202 3.322013)
RLR 11.75 0 (5.603816 6.070685 0.074170)
LRL 11.76 0 (0.027627 5.681589 6.046661)

# 2.748894 3.141593 1.200000
# best = 3 = RSR
LSL 8.26 0 (3.486233 1.584513 3.189652)
LSR 11.79 0 (5.348694 1.485327 4.955995)
RSL 11.39 0 (5.193769 0.607718 5.586468)
RSR 6.71 0 (2.656027 0.820854 3.234459)
RLR 17.63 0 (5.590938 5.869822 6.169370)
LRL 17.61 0 (6.220529 5.468593 5.923948)

# 2.748894 3.141593 1.600000
# best = 3 = RSR
LSL 8.66 0 (3.495918 1.984144 3.179967)
LSR 11.74 0 (5.114131 1.905871 4.721432)
RSL 11.14 0 (4.828216 1.087738 5.220915)
RSR 7.11 0 (2.686444 1.219694 3.204042)
RLR 17.22 0 (5.518179 5.663469 6.035777)
LRL 17.17 0 (6.118483 5.245130 5.802532)

# 2.748894 3.141593 2.000000
# best = 3 = RSR
LSL 9.06 0 (3.502355 2.383899 3.173529)
LSR 11.78 0 (4.925193 2.319157 4.532494)
RSL 11.00 0 (4.540883 1.522179 4.933582)
RSR 7.51 0 (2.701863 1.619107 3.188623)
RLR 16.79 0 (5.426721 5.449716 5.913481)
LRL 16.69 0 (6.005469 5.006227 5.676643)

# 2.748894 3.141593 2.400000
# best = 3 = RSR
LSL 9.46 0 (3.506943 2.783724 3.168941)
LSR 11.88 0 (4.771743 2.728486 4.379044)
RSL 10.96 0 (4.310731 1.941876 4.703430)
RSR 7.91 0 (2.711178 2.018752 3.179308)
RLR 16.34 0 (5.323751 5.225144 5.791880)
LRL 16.16 0 (5.878820 4.743754 5.540818)

# 2.748894 3.141593 2.800000
# best = 3 = RSR
LSL 9.86 0 (3.510379 3.183594 3.165505)
LSR 12.03 0 (4.645806 3.135408 4.253107)
RSL 11.00 0 (4.125234 2.354726 4.517933)
RSR 8.31 0 (2.717415 2.418515 3.173071)
RLR 15.86 0 (5.209708 4.984586 5.665365)
LRL 15.56 0 (5.731481 4.442205 5.386608)

# 2.748894 3.141593 3.200000
# best = 3 = RSR
LSL 10.26 0 (3.513048 3.583492 3.162837)
LSR 12.23 0 (4.541269 3.540753 4.148570)
RSL 11.11 0 (3.974452 2.763800 4.367151)
RSR 8.71 0 (2.721882 2.818345 3.168604)
RLR 15.33 0 (5.081635 4.719506 5.528357)
LRL 14.80 0 (5.544248 4.062401 5.194037)

# 2.748894 3.141593 3.600000
# best = 3 = RSR
LSL 10.66 0 (3.515181 3.983411 3.160703)
LSR 12.46 0 (4.453504 3.945006 4.060805)
RSL 11.26 0 (3.850586 3.170559 4.243285)
RSR 9.11 0 (2.725239 3.218217 3.165247)
RLR 14.72 0 (4.931907 4.413336 5.371916)
LRL 13.32 0 (5.177083 3.323805 4.822606)

# 2.748894 3.141593 4.000000
# best = 3 = RSR
LSL 11.06 0 (3.516925 4.383344 3.158960)
LSR 12.71 0 (4.379020 4.348473 3.986321)
RSL 11.46 0 (3.747666 3.575793 4.140365)
RSR 9.51 0 (2.727854 3.618117 3.162633)
RLR 13.94 0 (4.739172 4.022636 5.173950)
LRL inf 1 (inf inf inf)

# 2.748894 3.141593 4.400000
# best = 3 = RSR
LSL 11.46 0 (3.518377 4.783289 3.157507)
LSR 12.99 0 (4.315165 4.751354 3.922466)
RSL 11.70 0 (3.661176 3.979969 4.053875)
RSR 9.91 0 (2.729948 4.018038 3.160538)
RLR inf 1 (inf inf inf)
LRL inf 1 (inf inf inf)

# 2.748894 3.141593 4.800000
# best = 3 = RSR
LSL 11.86 0 (3.519605 5.183242 3.156279)
LSR 13.28 0 (4.259913 5.153786 3.867214)
RSL 11.95 0 (3.587706 4.383378 3.980405)
RSR 10.31 0 (2.731663 4.417972 3.158823)
RLR inf 1 (inf inf inf)
LRL inf 1 (inf inf inf)

# 2.748894 3.141593 5.200000
# best = 3 = RSR
LSL 12.26 0 (3.520657 5.583202 3.155227)
LSR 13.59 0 (4.211699 5.555867 3.819000)
RSL 12.23 0 (3.524668 4.786216 3.917367)
RSR 10.71 0 (2.733094 4.817918 3.157392)
RLR inf 1 (inf inf inf)
LRL inf 1 (inf inf inf)

# 2.748894 3.141593 5.600000
# best = 3 = RSR
LSL 12.66 0 (3.521569 5.983168 3.154316)
LSR 13.90 0 (4.169303 5.957668 3.776604)
RSL 12.52 0 (3.470082 5.188614 3.862781)
RSR 11.11 0 (2.734305 5.217872 3.156181)
RLR inf 1 (inf inf inf)
LRL inf 1 (inf inf inf)

# 2.748894 3.141593 6.000000
# best = 3 = RSR
LSL 13.06 0 (3.522366 6.383137 3.153519)
LSR 14.23 0 (4.131761 6.359241 3.739062)
RSL 12.83 0 (3.422416 5.590668 3.815115)
RSR 11.51 0 (2.735344 5.617832 3.155142)
RLR inf 1 (inf inf inf)
LRL inf 1 (inf inf inf)

# 2.748894 3.141593 6.400000
# best = 3 = RSR
LSL 13.46 0 (3.523069 6.783111 3.152815)
LSR 14.56 0 (4.098305 6.760628 3.705606)
RSL 13.15 0 (3.380475 5.992447 3.773174)
RSR 11.91 0 (2.736244 6.017798 3.154242)
RLR inf 1 (inf inf inf)
LRL inf 1 (inf inf inf)

# 2.748894 3.141593 6.800000
# best = 3 = RSR
LSL 13.86 0 (3.523694 7.183087 3.152190)
LSR 14.91 0 (4.068318 7.161860 3.675619)
RSL 13.47 0 (3.343315 6.394003 3.736014)
RSR 12.31 0 (2.737033 6.417768 3.153453)
RLR inf 1 (inf inf inf)
LRL inf 1 (inf inf inf)

# 2.748894 3.141593 7.200000
# best = 3 = RSR
LSL 14.26 0 (3.524253 7.583065 3.151631)
LSR 15.25 0 (4.041297 7.562962 3.648598)
RSL 13.81 0 (3.310182 6.795376 3.702881)
RSR 12.71 0 (2.737729 6.817742 3.152758)
RLR inf 1 (inf inf inf)
LRL inf 1 (inf inf inf)

# 2.748894 3.141593 7.600000
# best = 3 = RSR
LSL 14.66 0 (3.524756 7.983046 3.151128)
LSR 15.60 0 (4.016831 7.963952 3.624132)
RSL 14.15 0 (3.280470 7.196595 3.673169)
RSR 13.11 0 (2.738347 7.217718 3.152139)
RLR inf 1 (inf inf inf)
LRL inf 1 (inf inf inf)

# 2.748894 3.141593 8.000000
# best = 3 = RSR
LSL 15.06 0 (3.525211 8.383029 3.150673)
LSR 15.96 0 (3.994581 8.364848 3.601882)
RSL 14.50 0 (3.253685 7.597686 3.646384)
RSR 13.51 0 (2.738901 7.617697 3.151585)
RLR inf 1 (inf inf inf)
LRL inf 1 (inf inf inf)

# 3.141593 3.141593 0.400000
# best = 0 = LSL
LSL 6.68 0 (3.141592 0.400000 3.141593)
LSR 12.18 0 (5.888395 0.399999 5.888395)
RSL 12.18 0 (5.888394 0.400001 5.888394)
RSR 6.68 0 (3.141593 0.400000 3.141592)
RLR 18.45 0 (6.183018 6.082850 6.183018)
LRL 18.45 0 (6.183018 6.082850 6.183018)

# 3.141593 3.141593 0.800000
# best = 0 = LSL
LSL 7.08 0 (3.141592 0.800000 3.141593)
LSR 11.84 0 (5.522173 0.799999 5.522173)
RSL 11.84 0 (5.522172 0.800001 5.522172)
RSR 7.08 0 (3.141593 0.800000 3.141592)
RLR 18.04 0 (6.081828 5.880469 6.081827)
LRL 18.04 0 (6.081827 5.880469 6.081828)

# 3.141593 3.141593 1.200000
# best = 0 = LSL
LSL 7.48 0 (3.141592 1.200000 3.141593)
LSR 11.60 0 (5.202346 1.199999 5.202346)
RSL 11.60 0 (5.202346 1.200001 5.202346)
RSR 7.48 0 (3.141593 1.200000 3.141592)
RLR 17.63 0 (5.978493 5.673800 5.978492)
LRL 17.63 0 (5.978492 5.673800 5.978493)

# 3.141593 3.141593 1.600000
# best = 0 = LSL
LSL 7.88 0 (3.141592 1.600000 3.141593)
LSR 11.47 0 (4.933703 1.599999 4.933703)
RSL 11.47 0 (4.933703 1.600001 4.933703)
RSR 7.88 0 (3.141593 1.600000 3.141592)
RLR 17.20 0 (5.871669 5.460152 5.871668)
LRL 17.20 0 (5.871668 5.460152 5.871669)

# 3.141593 3.141593 2.000000
# best = 0 = LSL
LSL 8.28 0 (3.141592 2.000000 3.141593)
LSR 11.42 0 (4.712389 1.999999 4.712389)
RSL 11.42 0 (4.712389 2.000001 4.712389)
RSR 8.28 0 (3.141593 2.000000 3.141592)
RLR 16.76 0 (5.759587 5.235988 5.759586)
LRL 16.76 0 (5.759586 5.235988 5.759587)

# 3.141593 3.141593 2.400000
# best = 0 = LSL
LSL 8.68 0 (3.141592 2.400000 3.141593)
LSR 11.46 0 (4.531069 2.399999 4.531069)
RSL 11.46 0 (4.531069 2.400001 4.531069)
RSR 8.68 0 (3.141593 2.400000 3.141592)
RLR 16.28 0 (5.639685 4.996183 5.639684)
LRL 16.28 0 (5.639684 4.996183 5.639685)

# 3.141593 3.141593 2.800000
# best = 3 = RSR
LSL 9.08 0 (3.141592 2.800000 3.141593)
LSR 11.56 0 (4.382092 2.799999 4.382092)
RSL 11.56 0 (4.382092 2.800001 4.382092)
RSR 9.08 0 (3.141593 2.800000 3.141592)
RLR 15.75 0 (5.507788 4.732390 5.507787)
LRL 15.75 0 (5.507787 4.732390 5.507788)

# 3.141593 3.141593 3.200000
# best = 3 = RSR
LSL 9.48 0 (3.141592 3.200000 3.141593)
LSR 11.72 0 (4.258791 3.199999 4.258791)
RSL 11.72 0 (4.258791 3.200001 4.258791)
RSR 9.48 0 (3.141593 3.200000 3.141592)
RLR 15.14 0 (5.355890 4.428595 5.355890)
LRL 15.14 0 (5.355890 4.428595 5.355890)

# 3.141593 3.141593 3.600000
# best = 0 = LSL
LSL 9.88 0 (3.141592 3.600000 3.141593)
LSR 11.91 0 (4.155789 3.599999 4.155789)
RSL 11.91 0 (4.155790 3.600001 4.155790)
RSR 9.88 0 (3.141593 3.600000 3.141592)
RLR 14.37 0 (5.163416 4.043646 5.163415)
LRL 14.37 0 (5.163415 4.043646 5.163416)

# 3.141593 3.141593 4.000000
# best = 0 = LSL
LSL 10.28 0 (3.141592 4.000000 3.141593)
LSR 12.14 0 (4.068888 3.999999 4.068888)
RSL 12.14 0 (4.068888 4.000001 4.068888)
RSR 10.28 0 (3.141593 4.000000 3.141592)
RLR 12.57 0 (4.712389 3.141593 4.712389)
LRL 12.57 0 (4.712389 3.141593 4.712389)

# 3.141593 3.141593 4.400000
# best = 0 = LSL
LSL 10.68 0 (3.141592 4.400000 3.141593)
LSR 12.39 0 (3.994847 4.399999 3.994847)
RSL 12.39 0 (3.994848 4.400001 3.994848)
RSR 10.68 0 (3.141593 4.400000 3.141592)
RLR inf 1 (inf inf inf)
LRL inf 1 (inf inf inf)

# 3.141593 3.141593 4.800000
# best = 3 = RSR
LSL 11.08 0 (3.141592 4.800000 3.141593)
LSR 12.66 0 (3.931175 4.799999 3.931175)
RSL 12.66 0 (3.931175 4.800001 3.931175)
RSR 11.08 0 (3.141593 4.800000 3.141592)
RLR inf 1 (inf inf inf)
LRL inf 1 (inf inf inf)

# 3.141593 3.141593 5.200000
# best = 3 = RSR
LSL 11.48 0 (3.141592 5.200000 3.141593)
LSR 12.95 0 (3.875940 5.199999 3.875940)
RSL 12.95 0 (3.875941 5.200001 3.875941)
RSR 11.48 0 (3.141593 5.200000 3.141592)
RLR inf 1 (inf inf inf)
LRL inf 1 (inf inf inf)

# 3.141593 3.141593 5.600000
# best = 0 = LSL
LSL 11.88 0 (3.141592 5.600000 3.141593)
LSR 13.26 0 (3.827640 5.599999 3.827640)
RSL 13.26 0 (3.827641 5.600001 3.827641)
RSR 11.88 0 (3.141593 5.600000 3.141592)
RLR inf 1 (inf inf inf)
LRL inf 1 (inf inf inf)

# 3.141593 3.141593 6.000000
# best = 0 = LSL
LSL 12.28 0 (3.141592 6.000000 3.141593)
LSR 13.57 0 (3.785093 5.999999 3.785093)
RSL 13.57 0 (3.785094 6.000001 3.785094)
RSR 12.28 0 (3.141593 6.000000 3.141592)
RLR inf 1 (inf inf inf)
LRL inf 1 (inf inf inf)

# 3.141593 3.141593 6.400000
# best = 0 = LSL
LSL 12.68 0 (3.141592 6.400000 3.141593)
LSR 13.89 0 (3.747362 6.399999 3.747362)
RSL 13.89 0 (3.747363 6.400001 3.747363)
RSR 12.68 0 (3.141593 6.400000 3.141592)
RLR inf 1 (inf inf inf)
LRL inf 1 (inf inf inf)

# 3.141593 3.141593 6.800000
# best = 3 = RSR
LSL 13.08 0 (3.141592 6.800000 3.141593)
LSR 14.23 0 (3.713695 6.799999 3.713695)
RSL 14.23 0 (3.713696 6.800001 3.713696)
RSR 13.08 0 (3.141593 6.800000 3.141592)
RLR inf 1 (inf inf inf)
LRL inf 1 (inf inf inf)

# 3.141593 3.141593 7.200000
# best = 3 = RSR
LSL 13.48 0 (3.141592 7.200000 3.141593)
LSR 14.57 0 (3.683486 7.199999 3.683486)
RSL 14.57 0 (3.683487 7.200001 3.683487)
RSR 13.48 0 (3.141593 7.200000 3.141592)
RLR inf 1 (inf inf inf)
LRL inf 1 (inf inf inf)

# 3.141593 3.141593 7.600000
# best = 0 = LSL
LSL 13.88 0 (3.141592 7.600000 3.141593)
LSR 14.91 0 (3.656240 7.599999 3.656240)
RSL 14.91 0 (3.656240 7.600001 3.656240)
RSR 13.88 0 (3.141593 7.600000 3.141592)
RLR inf 1 (inf inf inf)
LRL inf 1 (inf inf inf)

# 3.141593 3.141593 8.000000
# best = 0 = LSL
LSL 14.28 0 (3.141592 8.000000 3.141593)
LSR 15.26 0 (3.631550 7.999999 3.631550)
RSL 15.26 0 (3.631550 8.000001 3.631550)
RSR 14.28 0 (3.141593 8.000000 3.141592)
RLR inf 1 (inf inf inf)
LRL inf 1 (inf inf inf)

